[23:53:59 INFO] Device: cuda
[23:54:01 INFO] Using fog cache: data/fog_cache/nn_depth_b002
[23:54:03 INFO] Train: 2975 samples  |  Val: 500 samples
[23:54:16 INFO] Epoch 1/50  iter 50/743  loss=1.5753  lr=5.99e-05
[23:54:28 INFO] Epoch 1/50  iter 100/743  loss=1.2422  lr=5.98e-05
[23:54:41 INFO] Epoch 1/50  iter 150/743  loss=1.4810  lr=5.98e-05
[23:54:53 INFO] Epoch 1/50  iter 200/743  loss=0.8567  lr=5.97e-05
[23:55:06 INFO] Epoch 1/50  iter 250/743  loss=1.4077  lr=5.96e-05
[23:55:18 INFO] Epoch 1/50  iter 300/743  loss=0.8980  lr=5.95e-05
[23:55:30 INFO] Epoch 1/50  iter 350/743  loss=1.4645  lr=5.94e-05
[23:55:43 INFO] Epoch 1/50  iter 400/743  loss=0.5769  lr=5.94e-05
[23:55:55 INFO] Epoch 1/50  iter 450/743  loss=0.6959  lr=5.93e-05
[23:56:08 INFO] Epoch 1/50  iter 500/743  loss=0.5845  lr=5.92e-05
[23:56:20 INFO] Epoch 1/50  iter 550/743  loss=0.4498  lr=5.91e-05
[23:56:32 INFO] Epoch 1/50  iter 600/743  loss=0.5784  lr=5.90e-05
[23:56:45 INFO] Epoch 1/50  iter 650/743  loss=1.1052  lr=5.89e-05
[23:56:57 INFO] Epoch 1/50  iter 700/743  loss=0.8350  lr=5.89e-05
[23:57:08 INFO] Epoch 1 complete — avg_loss=0.9544  time=185s
[23:57:21 INFO] Epoch 2/50  iter 50/743  loss=1.0068  lr=5.87e-05
[23:57:34 INFO] Epoch 2/50  iter 100/743  loss=0.3239  lr=5.86e-05
[23:57:46 INFO] Epoch 2/50  iter 150/743  loss=0.3285  lr=5.86e-05
[23:57:59 INFO] Epoch 2/50  iter 200/743  loss=0.4391  lr=5.85e-05
[23:58:11 INFO] Epoch 2/50  iter 250/743  loss=0.6469  lr=5.84e-05
[23:58:24 INFO] Epoch 2/50  iter 300/743  loss=0.6385  lr=5.83e-05
[23:58:36 INFO] Epoch 2/50  iter 350/743  loss=0.4207  lr=5.82e-05
[23:58:48 INFO] Epoch 2/50  iter 400/743  loss=0.5008  lr=5.82e-05
[23:59:01 INFO] Epoch 2/50  iter 450/743  loss=0.3870  lr=5.81e-05
[23:59:13 INFO] Epoch 2/50  iter 500/743  loss=1.0401  lr=5.80e-05
[23:59:26 INFO] Epoch 2/50  iter 550/743  loss=0.4241  lr=5.79e-05
[23:59:38 INFO] Epoch 2/50  iter 600/743  loss=0.4274  lr=5.78e-05
[23:59:51 INFO] Epoch 2/50  iter 650/743  loss=0.8477  lr=5.77e-05
[00:00:03 INFO] Epoch 2/50  iter 700/743  loss=0.3988  lr=5.77e-05
[00:00:14 INFO] Epoch 2 complete — avg_loss=0.5582  time=185s
[00:00:28 INFO] Epoch 3/50  iter 50/743  loss=0.4020  lr=5.75e-05
[00:00:40 INFO] Epoch 3/50  iter 100/743  loss=0.4752  lr=5.74e-05
[00:00:52 INFO] Epoch 3/50  iter 150/743  loss=0.3735  lr=5.74e-05
[00:01:05 INFO] Epoch 3/50  iter 200/743  loss=0.3635  lr=5.73e-05
[00:01:17 INFO] Epoch 3/50  iter 250/743  loss=0.4363  lr=5.72e-05
[00:01:30 INFO] Epoch 3/50  iter 300/743  loss=0.5240  lr=5.71e-05
[00:01:42 INFO] Epoch 3/50  iter 350/743  loss=0.4624  lr=5.70e-05
[00:01:55 INFO] Epoch 3/50  iter 400/743  loss=0.2803  lr=5.70e-05
[00:02:07 INFO] Epoch 3/50  iter 450/743  loss=0.3588  lr=5.69e-05
[00:02:19 INFO] Epoch 3/50  iter 500/743  loss=0.3279  lr=5.68e-05
[00:02:32 INFO] Epoch 3/50  iter 550/743  loss=0.4863  lr=5.67e-05
[00:02:44 INFO] Epoch 3/50  iter 600/743  loss=0.5857  lr=5.66e-05
[00:02:57 INFO] Epoch 3/50  iter 650/743  loss=0.4033  lr=5.65e-05
[00:03:09 INFO] Epoch 3/50  iter 700/743  loss=0.6222  lr=5.65e-05
[00:03:20 INFO] Epoch 3 complete — avg_loss=0.4681  time=185s
[00:03:34 INFO] Epoch 4/50  iter 50/743  loss=0.4222  lr=5.63e-05
[00:03:46 INFO] Epoch 4/50  iter 100/743  loss=0.2418  lr=5.62e-05
[00:03:59 INFO] Epoch 4/50  iter 150/743  loss=0.3011  lr=5.62e-05
[00:04:11 INFO] Epoch 4/50  iter 200/743  loss=0.3305  lr=5.61e-05
[00:04:24 INFO] Epoch 4/50  iter 250/743  loss=0.4396  lr=5.60e-05
[00:04:36 INFO] Epoch 4/50  iter 300/743  loss=0.3403  lr=5.59e-05
[00:04:48 INFO] Epoch 4/50  iter 350/743  loss=0.3544  lr=5.58e-05
[00:05:01 INFO] Epoch 4/50  iter 400/743  loss=0.5066  lr=5.58e-05
[00:05:13 INFO] Epoch 4/50  iter 450/743  loss=0.2410  lr=5.57e-05
[00:05:26 INFO] Epoch 4/50  iter 500/743  loss=0.2655  lr=5.56e-05
[00:05:38 INFO] Epoch 4/50  iter 550/743  loss=0.5640  lr=5.55e-05
[00:05:51 INFO] Epoch 4/50  iter 600/743  loss=0.2794  lr=5.54e-05
[00:06:03 INFO] Epoch 4/50  iter 650/743  loss=0.4132  lr=5.53e-05
[00:06:15 INFO] Epoch 4/50  iter 700/743  loss=0.4876  lr=5.53e-05
[00:06:26 INFO] Epoch 4 complete — avg_loss=0.4243  time=185s
[00:06:40 INFO] Epoch 5/50  iter 50/743  loss=0.2862  lr=5.51e-05
[00:06:52 INFO] Epoch 5/50  iter 100/743  loss=0.3361  lr=5.50e-05
[00:07:05 INFO] Epoch 5/50  iter 150/743  loss=0.2058  lr=5.50e-05
[00:07:17 INFO] Epoch 5/50  iter 200/743  loss=0.2748  lr=5.49e-05
[00:07:30 INFO] Epoch 5/50  iter 250/743  loss=0.3222  lr=5.48e-05
[00:07:42 INFO] Epoch 5/50  iter 300/743  loss=0.5569  lr=5.47e-05
[00:07:54 INFO] Epoch 5/50  iter 350/743  loss=0.2385  lr=5.46e-05
[00:08:07 INFO] Epoch 5/50  iter 400/743  loss=0.5774  lr=5.46e-05
[00:08:19 INFO] Epoch 5/50  iter 450/743  loss=0.7566  lr=5.45e-05
[00:08:32 INFO] Epoch 5/50  iter 500/743  loss=0.4162  lr=5.44e-05
[00:08:44 INFO] Epoch 5/50  iter 550/743  loss=1.5753  lr=5.43e-05
[00:08:57 INFO] Epoch 5/50  iter 600/743  loss=0.3746  lr=5.42e-05
[00:09:09 INFO] Epoch 5/50  iter 650/743  loss=0.3480  lr=5.41e-05
[00:09:21 INFO] Epoch 5/50  iter 700/743  loss=0.3133  lr=5.41e-05
[00:09:32 INFO] Epoch 5 complete — avg_loss=0.3953  time=185s
[00:10:25 INFO]   val mIoU = 0.2417
[00:10:26 INFO]   ★ New best val mIoU: 0.2417
[00:10:39 INFO] Epoch 6/50  iter 50/743  loss=0.3035  lr=5.39e-05
[00:10:52 INFO] Epoch 6/50  iter 100/743  loss=0.6068  lr=5.38e-05
[00:11:04 INFO] Epoch 6/50  iter 150/743  loss=0.4276  lr=5.38e-05
[00:11:16 INFO] Epoch 6/50  iter 200/743  loss=0.3713  lr=5.37e-05
[00:11:29 INFO] Epoch 6/50  iter 250/743  loss=0.2583  lr=5.36e-05
[00:11:41 INFO] Epoch 6/50  iter 300/743  loss=0.2892  lr=5.35e-05
[00:11:54 INFO] Epoch 6/50  iter 350/743  loss=0.2413  lr=5.34e-05
[00:12:06 INFO] Epoch 6/50  iter 400/743  loss=0.4403  lr=5.34e-05
[00:12:18 INFO] Epoch 6/50  iter 450/743  loss=0.2198  lr=5.33e-05
[00:12:31 INFO] Epoch 6/50  iter 500/743  loss=0.4415  lr=5.32e-05
[00:12:43 INFO] Epoch 6/50  iter 550/743  loss=0.5237  lr=5.31e-05
[00:12:56 INFO] Epoch 6/50  iter 600/743  loss=0.2824  lr=5.30e-05
[00:13:08 INFO] Epoch 6/50  iter 650/743  loss=0.3324  lr=5.29e-05
[00:13:20 INFO] Epoch 6/50  iter 700/743  loss=0.2239  lr=5.29e-05
[00:13:31 INFO] Epoch 6 complete — avg_loss=0.3761  time=185s
[00:13:44 INFO] Epoch 7/50  iter 50/743  loss=0.3963  lr=5.27e-05
[00:13:57 INFO] Epoch 7/50  iter 100/743  loss=0.3981  lr=5.26e-05
[00:14:09 INFO] Epoch 7/50  iter 150/743  loss=0.3605  lr=5.26e-05
[00:14:22 INFO] Epoch 7/50  iter 200/743  loss=0.3659  lr=5.25e-05
[00:14:34 INFO] Epoch 7/50  iter 250/743  loss=0.3583  lr=5.24e-05
[00:14:46 INFO] Epoch 7/50  iter 300/743  loss=0.4281  lr=5.23e-05
[00:14:59 INFO] Epoch 7/50  iter 350/743  loss=0.3174  lr=5.22e-05
[00:15:11 INFO] Epoch 7/50  iter 400/743  loss=0.3800  lr=5.22e-05
[00:15:24 INFO] Epoch 7/50  iter 450/743  loss=0.3111  lr=5.21e-05
[00:15:36 INFO] Epoch 7/50  iter 500/743  loss=0.2110  lr=5.20e-05
[00:15:48 INFO] Epoch 7/50  iter 550/743  loss=0.1816  lr=5.19e-05
[00:16:01 INFO] Epoch 7/50  iter 600/743  loss=0.1126  lr=5.18e-05
[00:16:13 INFO] Epoch 7/50  iter 650/743  loss=0.2119  lr=5.17e-05
[00:16:26 INFO] Epoch 7/50  iter 700/743  loss=0.3612  lr=5.17e-05
[00:16:36 INFO] Epoch 7 complete — avg_loss=0.3570  time=185s
[00:16:50 INFO] Epoch 8/50  iter 50/743  loss=0.4920  lr=5.15e-05
[00:17:02 INFO] Epoch 8/50  iter 100/743  loss=0.2197  lr=5.14e-05
[00:17:15 INFO] Epoch 8/50  iter 150/743  loss=0.6113  lr=5.14e-05
[00:17:27 INFO] Epoch 8/50  iter 200/743  loss=0.1503  lr=5.13e-05
[00:17:40 INFO] Epoch 8/50  iter 250/743  loss=0.6603  lr=5.12e-05
[00:17:52 INFO] Epoch 8/50  iter 300/743  loss=0.3423  lr=5.11e-05
[00:18:04 INFO] Epoch 8/50  iter 350/743  loss=0.1433  lr=5.10e-05
[00:18:17 INFO] Epoch 8/50  iter 400/743  loss=0.3839  lr=5.10e-05
[00:18:29 INFO] Epoch 8/50  iter 450/743  loss=0.2368  lr=5.09e-05
[00:18:42 INFO] Epoch 8/50  iter 500/743  loss=0.3076  lr=5.08e-05
[00:18:54 INFO] Epoch 8/50  iter 550/743  loss=0.2239  lr=5.07e-05
[00:19:07 INFO] Epoch 8/50  iter 600/743  loss=0.6885  lr=5.06e-05
[00:19:19 INFO] Epoch 8/50  iter 650/743  loss=0.2193  lr=5.05e-05
[00:19:31 INFO] Epoch 8/50  iter 700/743  loss=0.2646  lr=5.05e-05
[00:19:42 INFO] Epoch 8 complete — avg_loss=0.3427  time=185s
[00:19:56 INFO] Epoch 9/50  iter 50/743  loss=0.2829  lr=5.03e-05
[00:20:08 INFO] Epoch 9/50  iter 100/743  loss=0.3477  lr=5.02e-05
[00:20:21 INFO] Epoch 9/50  iter 150/743  loss=0.2189  lr=5.02e-05
[00:20:33 INFO] Epoch 9/50  iter 200/743  loss=0.2683  lr=5.01e-05
[00:20:46 INFO] Epoch 9/50  iter 250/743  loss=0.3320  lr=5.00e-05
[00:20:58 INFO] Epoch 9/50  iter 300/743  loss=0.1705  lr=4.99e-05
[00:21:10 INFO] Epoch 9/50  iter 350/743  loss=0.4239  lr=4.98e-05
[00:21:23 INFO] Epoch 9/50  iter 400/743  loss=0.3278  lr=4.98e-05
[00:21:35 INFO] Epoch 9/50  iter 450/743  loss=0.6382  lr=4.97e-05
[00:21:48 INFO] Epoch 9/50  iter 500/743  loss=0.6175  lr=4.96e-05
[00:22:00 INFO] Epoch 9/50  iter 550/743  loss=0.7698  lr=4.95e-05
[00:22:12 INFO] Epoch 9/50  iter 600/743  loss=0.3193  lr=4.94e-05
[00:22:25 INFO] Epoch 9/50  iter 650/743  loss=0.3264  lr=4.93e-05
[00:22:37 INFO] Epoch 9/50  iter 700/743  loss=0.3560  lr=4.93e-05
[00:22:48 INFO] Epoch 9 complete — avg_loss=0.3431  time=185s
[00:23:02 INFO] Epoch 10/50  iter 50/743  loss=0.1720  lr=4.91e-05
[00:23:14 INFO] Epoch 10/50  iter 100/743  loss=0.2290  lr=4.90e-05
[00:23:27 INFO] Epoch 10/50  iter 150/743  loss=0.3404  lr=4.90e-05
[00:23:39 INFO] Epoch 10/50  iter 200/743  loss=0.0827  lr=4.89e-05
[00:23:51 INFO] Epoch 10/50  iter 250/743  loss=0.4509  lr=4.88e-05
[00:24:04 INFO] Epoch 10/50  iter 300/743  loss=0.1190  lr=4.87e-05
[00:24:16 INFO] Epoch 10/50  iter 350/743  loss=0.7699  lr=4.86e-05
[00:24:29 INFO] Epoch 10/50  iter 400/743  loss=0.3026  lr=4.86e-05
[00:24:41 INFO] Epoch 10/50  iter 450/743  loss=0.2331  lr=4.85e-05
[00:24:54 INFO] Epoch 10/50  iter 500/743  loss=0.1260  lr=4.84e-05
[00:25:06 INFO] Epoch 10/50  iter 550/743  loss=0.2437  lr=4.83e-05
[00:25:18 INFO] Epoch 10/50  iter 600/743  loss=0.6475  lr=4.82e-05
[00:25:31 INFO] Epoch 10/50  iter 650/743  loss=0.3839  lr=4.81e-05
[00:25:43 INFO] Epoch 10/50  iter 700/743  loss=0.1859  lr=4.81e-05
[00:25:54 INFO] Epoch 10 complete — avg_loss=0.3237  time=185s
[00:26:47 INFO]   val mIoU = 0.3239
[00:26:47 INFO]   ★ New best val mIoU: 0.3239
[00:27:01 INFO] Epoch 11/50  iter 50/743  loss=0.6247  lr=4.79e-05
[00:27:13 INFO] Epoch 11/50  iter 100/743  loss=0.2785  lr=4.78e-05
[00:27:26 INFO] Epoch 11/50  iter 150/743  loss=0.4345  lr=4.78e-05
[00:27:38 INFO] Epoch 11/50  iter 200/743  loss=0.4813  lr=4.77e-05
[00:27:51 INFO] Epoch 11/50  iter 250/743  loss=0.2558  lr=4.76e-05
[00:28:03 INFO] Epoch 11/50  iter 300/743  loss=0.6527  lr=4.75e-05
[00:28:15 INFO] Epoch 11/50  iter 350/743  loss=0.1717  lr=4.74e-05
[00:28:28 INFO] Epoch 11/50  iter 400/743  loss=0.2492  lr=4.74e-05
[00:28:40 INFO] Epoch 11/50  iter 450/743  loss=0.2723  lr=4.73e-05
[00:28:52 INFO] Epoch 11/50  iter 500/743  loss=0.3403  lr=4.72e-05
[00:29:05 INFO] Epoch 11/50  iter 550/743  loss=0.6897  lr=4.71e-05
[00:29:17 INFO] Epoch 11/50  iter 600/743  loss=0.3434  lr=4.70e-05
[00:29:30 INFO] Epoch 11/50  iter 650/743  loss=0.4700  lr=4.69e-05
[00:29:42 INFO] Epoch 11/50  iter 700/743  loss=0.1962  lr=4.69e-05
[00:29:53 INFO] Epoch 11 complete — avg_loss=0.3082  time=185s
[00:30:07 INFO] Epoch 12/50  iter 50/743  loss=0.6049  lr=4.67e-05
[00:30:19 INFO] Epoch 12/50  iter 100/743  loss=0.2152  lr=4.66e-05
[00:30:31 INFO] Epoch 12/50  iter 150/743  loss=0.3494  lr=4.66e-05
[00:30:44 INFO] Epoch 12/50  iter 200/743  loss=0.3831  lr=4.65e-05
[00:30:56 INFO] Epoch 12/50  iter 250/743  loss=0.4599  lr=4.64e-05
[00:31:09 INFO] Epoch 12/50  iter 300/743  loss=0.2940  lr=4.63e-05
[00:31:21 INFO] Epoch 12/50  iter 350/743  loss=0.3779  lr=4.62e-05
[00:31:34 INFO] Epoch 12/50  iter 400/743  loss=0.4603  lr=4.62e-05
[00:31:46 INFO] Epoch 12/50  iter 450/743  loss=0.1009  lr=4.61e-05
[00:31:58 INFO] Epoch 12/50  iter 500/743  loss=0.2159  lr=4.60e-05
[00:32:11 INFO] Epoch 12/50  iter 550/743  loss=0.2544  lr=4.59e-05
[00:32:23 INFO] Epoch 12/50  iter 600/743  loss=0.2622  lr=4.58e-05
[00:32:36 INFO] Epoch 12/50  iter 650/743  loss=0.2538  lr=4.57e-05
[00:32:48 INFO] Epoch 12/50  iter 700/743  loss=0.1772  lr=4.57e-05
[00:32:59 INFO] Epoch 12 complete — avg_loss=0.3040  time=185s
[00:33:13 INFO] Epoch 13/50  iter 50/743  loss=0.2434  lr=4.55e-05
[00:33:25 INFO] Epoch 13/50  iter 100/743  loss=0.1054  lr=4.54e-05
[00:33:37 INFO] Epoch 13/50  iter 150/743  loss=0.2944  lr=4.54e-05
[00:33:50 INFO] Epoch 13/50  iter 200/743  loss=0.1523  lr=4.53e-05
[00:34:02 INFO] Epoch 13/50  iter 250/743  loss=0.2517  lr=4.52e-05
[00:34:15 INFO] Epoch 13/50  iter 300/743  loss=0.2530  lr=4.51e-05
[00:34:27 INFO] Epoch 13/50  iter 350/743  loss=0.2080  lr=4.50e-05
[00:34:40 INFO] Epoch 13/50  iter 400/743  loss=0.2729  lr=4.50e-05
[00:34:52 INFO] Epoch 13/50  iter 450/743  loss=0.4193  lr=4.49e-05
[00:35:04 INFO] Epoch 13/50  iter 500/743  loss=0.1851  lr=4.48e-05
[00:35:17 INFO] Epoch 13/50  iter 550/743  loss=0.1761  lr=4.47e-05
[00:35:29 INFO] Epoch 13/50  iter 600/743  loss=0.2342  lr=4.46e-05
[00:35:42 INFO] Epoch 13/50  iter 650/743  loss=0.2535  lr=4.45e-05
[00:35:54 INFO] Epoch 13/50  iter 700/743  loss=0.2509  lr=4.45e-05
[00:36:05 INFO] Epoch 13 complete — avg_loss=0.3060  time=185s
[00:36:19 INFO] Epoch 14/50  iter 50/743  loss=0.1991  lr=4.43e-05
[00:36:31 INFO] Epoch 14/50  iter 100/743  loss=0.2043  lr=4.42e-05
[00:36:44 INFO] Epoch 14/50  iter 150/743  loss=0.2869  lr=4.42e-05
[00:36:56 INFO] Epoch 14/50  iter 200/743  loss=0.2500  lr=4.41e-05
[00:37:08 INFO] Epoch 14/50  iter 250/743  loss=0.3321  lr=4.40e-05
[00:37:21 INFO] Epoch 14/50  iter 300/743  loss=0.3105  lr=4.39e-05
[00:37:33 INFO] Epoch 14/50  iter 350/743  loss=0.1819  lr=4.38e-05
[00:37:46 INFO] Epoch 14/50  iter 400/743  loss=0.6103  lr=4.38e-05
[00:37:58 INFO] Epoch 14/50  iter 450/743  loss=0.3381  lr=4.37e-05
[00:38:11 INFO] Epoch 14/50  iter 500/743  loss=0.1871  lr=4.36e-05
[00:38:23 INFO] Epoch 14/50  iter 550/743  loss=0.4189  lr=4.35e-05
[00:38:35 INFO] Epoch 14/50  iter 600/743  loss=0.3114  lr=4.34e-05
[00:38:48 INFO] Epoch 14/50  iter 650/743  loss=0.1520  lr=4.33e-05
[00:39:00 INFO] Epoch 14/50  iter 700/743  loss=0.3091  lr=4.33e-05
[00:39:11 INFO] Epoch 14 complete — avg_loss=0.2915  time=185s
[00:39:25 INFO] Epoch 15/50  iter 50/743  loss=0.2050  lr=4.31e-05
[00:39:37 INFO] Epoch 15/50  iter 100/743  loss=0.2155  lr=4.30e-05
[00:39:50 INFO] Epoch 15/50  iter 150/743  loss=0.3933  lr=4.30e-05
[00:40:02 INFO] Epoch 15/50  iter 200/743  loss=0.2252  lr=4.29e-05
[00:40:14 INFO] Epoch 15/50  iter 250/743  loss=0.2992  lr=4.28e-05
[00:40:27 INFO] Epoch 15/50  iter 300/743  loss=0.4399  lr=4.27e-05
[00:40:39 INFO] Epoch 15/50  iter 350/743  loss=0.2104  lr=4.26e-05
[00:40:52 INFO] Epoch 15/50  iter 400/743  loss=0.2130  lr=4.26e-05
[00:41:04 INFO] Epoch 15/50  iter 450/743  loss=0.1702  lr=4.25e-05
[00:41:17 INFO] Epoch 15/50  iter 500/743  loss=0.4114  lr=4.24e-05
[00:41:29 INFO] Epoch 15/50  iter 550/743  loss=0.2947  lr=4.23e-05
[00:41:41 INFO] Epoch 15/50  iter 600/743  loss=0.2291  lr=4.22e-05
[00:41:54 INFO] Epoch 15/50  iter 650/743  loss=0.1990  lr=4.21e-05
[00:42:06 INFO] Epoch 15/50  iter 700/743  loss=0.1392  lr=4.21e-05
[00:42:17 INFO] Epoch 15 complete — avg_loss=0.3005  time=185s
[00:43:11 INFO]   val mIoU = 0.3289
[00:43:12 INFO]   ★ New best val mIoU: 0.3289
[00:43:26 INFO] Epoch 16/50  iter 50/743  loss=0.1916  lr=4.19e-05
[00:43:38 INFO] Epoch 16/50  iter 100/743  loss=0.2582  lr=4.18e-05
[00:43:50 INFO] Epoch 16/50  iter 150/743  loss=0.2473  lr=4.18e-05
[00:44:03 INFO] Epoch 16/50  iter 200/743  loss=0.1626  lr=4.17e-05
[00:44:15 INFO] Epoch 16/50  iter 250/743  loss=0.2156  lr=4.16e-05
[00:44:28 INFO] Epoch 16/50  iter 300/743  loss=0.1735  lr=4.15e-05
[00:44:40 INFO] Epoch 16/50  iter 350/743  loss=0.4513  lr=4.14e-05
[00:44:52 INFO] Epoch 16/50  iter 400/743  loss=0.0807  lr=4.14e-05
[00:45:05 INFO] Epoch 16/50  iter 450/743  loss=0.1904  lr=4.13e-05
[00:45:17 INFO] Epoch 16/50  iter 500/743  loss=0.2792  lr=4.12e-05
[00:45:30 INFO] Epoch 16/50  iter 550/743  loss=0.2122  lr=4.11e-05
[00:45:42 INFO] Epoch 16/50  iter 600/743  loss=0.2641  lr=4.10e-05
[00:45:54 INFO] Epoch 16/50  iter 650/743  loss=0.2005  lr=4.09e-05
[00:46:07 INFO] Epoch 16/50  iter 700/743  loss=0.2191  lr=4.09e-05
[00:46:17 INFO] Epoch 16 complete — avg_loss=0.2779  time=185s
[00:46:31 INFO] Epoch 17/50  iter 50/743  loss=0.1368  lr=4.07e-05
[00:46:44 INFO] Epoch 17/50  iter 100/743  loss=0.1726  lr=4.06e-05
[00:46:56 INFO] Epoch 17/50  iter 150/743  loss=0.2414  lr=4.06e-05
[00:47:08 INFO] Epoch 17/50  iter 200/743  loss=0.0892  lr=4.05e-05
[00:47:21 INFO] Epoch 17/50  iter 250/743  loss=0.1455  lr=4.04e-05
[00:47:33 INFO] Epoch 17/50  iter 300/743  loss=0.2680  lr=4.03e-05
[00:47:46 INFO] Epoch 17/50  iter 350/743  loss=0.2135  lr=4.02e-05
[00:47:58 INFO] Epoch 17/50  iter 400/743  loss=0.2587  lr=4.02e-05
[00:48:11 INFO] Epoch 17/50  iter 450/743  loss=0.2781  lr=4.01e-05
[00:48:23 INFO] Epoch 17/50  iter 500/743  loss=0.2672  lr=4.00e-05
[00:48:36 INFO] Epoch 17/50  iter 550/743  loss=0.3580  lr=3.99e-05
[00:48:48 INFO] Epoch 17/50  iter 600/743  loss=0.1450  lr=3.98e-05
[00:49:00 INFO] Epoch 17/50  iter 650/743  loss=0.1558  lr=3.97e-05
[00:49:13 INFO] Epoch 17/50  iter 700/743  loss=0.1085  lr=3.97e-05
[00:49:24 INFO] Epoch 17 complete — avg_loss=0.2768  time=185s
[00:49:37 INFO] Epoch 18/50  iter 50/743  loss=0.3223  lr=3.95e-05
[00:49:50 INFO] Epoch 18/50  iter 100/743  loss=0.4821  lr=3.94e-05
[00:50:02 INFO] Epoch 18/50  iter 150/743  loss=0.2623  lr=3.94e-05
[00:50:15 INFO] Epoch 18/50  iter 200/743  loss=0.2860  lr=3.93e-05
[00:50:27 INFO] Epoch 18/50  iter 250/743  loss=0.2012  lr=3.92e-05
[00:50:39 INFO] Epoch 18/50  iter 300/743  loss=0.2465  lr=3.91e-05
[00:50:52 INFO] Epoch 18/50  iter 350/743  loss=0.3543  lr=3.90e-05
[00:51:04 INFO] Epoch 18/50  iter 400/743  loss=0.3232  lr=3.90e-05
[00:51:17 INFO] Epoch 18/50  iter 450/743  loss=0.1272  lr=3.89e-05
[00:51:29 INFO] Epoch 18/50  iter 500/743  loss=0.1270  lr=3.88e-05
[00:51:42 INFO] Epoch 18/50  iter 550/743  loss=0.1522  lr=3.87e-05
[00:51:54 INFO] Epoch 18/50  iter 600/743  loss=0.3423  lr=3.86e-05
[00:52:06 INFO] Epoch 18/50  iter 650/743  loss=0.2535  lr=3.85e-05
[00:52:19 INFO] Epoch 18/50  iter 700/743  loss=0.3760  lr=3.85e-05
[00:52:30 INFO] Epoch 18 complete — avg_loss=0.2625  time=185s
[00:52:43 INFO] Epoch 19/50  iter 50/743  loss=0.2971  lr=3.83e-05
[00:52:56 INFO] Epoch 19/50  iter 100/743  loss=0.2603  lr=3.82e-05
[00:53:08 INFO] Epoch 19/50  iter 150/743  loss=0.2849  lr=3.82e-05
[00:53:21 INFO] Epoch 19/50  iter 200/743  loss=0.1857  lr=3.81e-05
[00:53:33 INFO] Epoch 19/50  iter 250/743  loss=0.1926  lr=3.80e-05
[00:53:45 INFO] Epoch 19/50  iter 300/743  loss=0.1627  lr=3.79e-05
[00:53:58 INFO] Epoch 19/50  iter 350/743  loss=0.2162  lr=3.78e-05
[00:54:10 INFO] Epoch 19/50  iter 400/743  loss=0.1893  lr=3.78e-05
[00:54:23 INFO] Epoch 19/50  iter 450/743  loss=0.3842  lr=3.77e-05
[00:54:35 INFO] Epoch 19/50  iter 500/743  loss=0.1022  lr=3.76e-05
[00:54:48 INFO] Epoch 19/50  iter 550/743  loss=0.3997  lr=3.75e-05
[00:55:00 INFO] Epoch 19/50  iter 600/743  loss=0.4065  lr=3.74e-05
[00:55:12 INFO] Epoch 19/50  iter 650/743  loss=0.1949  lr=3.73e-05
[00:55:25 INFO] Epoch 19/50  iter 700/743  loss=0.2103  lr=3.73e-05
[00:55:36 INFO] Epoch 19 complete — avg_loss=0.2718  time=185s
[00:55:49 INFO] Epoch 20/50  iter 50/743  loss=0.2955  lr=3.71e-05
[00:56:02 INFO] Epoch 20/50  iter 100/743  loss=0.1478  lr=3.70e-05
[00:56:14 INFO] Epoch 20/50  iter 150/743  loss=0.2030  lr=3.70e-05
[00:56:27 INFO] Epoch 20/50  iter 200/743  loss=0.2857  lr=3.69e-05
[00:56:39 INFO] Epoch 20/50  iter 250/743  loss=0.2424  lr=3.68e-05
[00:56:52 INFO] Epoch 20/50  iter 300/743  loss=0.1531  lr=3.67e-05
[00:57:04 INFO] Epoch 20/50  iter 350/743  loss=0.1361  lr=3.66e-05
[00:57:16 INFO] Epoch 20/50  iter 400/743  loss=0.1839  lr=3.66e-05
[00:57:29 INFO] Epoch 20/50  iter 450/743  loss=0.4034  lr=3.65e-05
[00:57:41 INFO] Epoch 20/50  iter 500/743  loss=0.3432  lr=3.64e-05
[00:57:54 INFO] Epoch 20/50  iter 550/743  loss=0.2456  lr=3.63e-05
[00:58:06 INFO] Epoch 20/50  iter 600/743  loss=0.1480  lr=3.62e-05
[00:58:19 INFO] Epoch 20/50  iter 650/743  loss=0.3007  lr=3.61e-05
[00:58:31 INFO] Epoch 20/50  iter 700/743  loss=0.2241  lr=3.61e-05
[00:58:42 INFO] Epoch 20 complete — avg_loss=0.2637  time=185s
[00:59:36 INFO]   val mIoU = 0.4389
[00:59:37 INFO]   ★ New best val mIoU: 0.4389
[00:59:51 INFO] Epoch 21/50  iter 50/743  loss=0.2049  lr=3.59e-05
[01:00:03 INFO] Epoch 21/50  iter 100/743  loss=0.1751  lr=3.58e-05
[01:00:15 INFO] Epoch 21/50  iter 150/743  loss=0.1402  lr=3.58e-05
[01:00:28 INFO] Epoch 21/50  iter 200/743  loss=1.3762  lr=3.57e-05
[01:00:40 INFO] Epoch 21/50  iter 250/743  loss=0.2466  lr=3.56e-05
[01:00:53 INFO] Epoch 21/50  iter 300/743  loss=0.2086  lr=3.55e-05
[01:01:05 INFO] Epoch 21/50  iter 350/743  loss=0.1883  lr=3.54e-05
[01:01:17 INFO] Epoch 21/50  iter 400/743  loss=0.3411  lr=3.54e-05
[01:01:30 INFO] Epoch 21/50  iter 450/743  loss=0.1984  lr=3.53e-05
[01:01:42 INFO] Epoch 21/50  iter 500/743  loss=0.1393  lr=3.52e-05
[01:01:55 INFO] Epoch 21/50  iter 550/743  loss=0.1560  lr=3.51e-05
[01:02:07 INFO] Epoch 21/50  iter 600/743  loss=0.1779  lr=3.50e-05
[01:02:19 INFO] Epoch 21/50  iter 650/743  loss=0.2653  lr=3.49e-05
[01:02:32 INFO] Epoch 21/50  iter 700/743  loss=0.1773  lr=3.49e-05
[01:02:42 INFO] Epoch 21 complete — avg_loss=0.2532  time=185s
[01:02:56 INFO] Epoch 22/50  iter 50/743  loss=0.1994  lr=3.47e-05
[01:03:09 INFO] Epoch 22/50  iter 100/743  loss=0.1524  lr=3.46e-05
[01:03:21 INFO] Epoch 22/50  iter 150/743  loss=0.1506  lr=3.46e-05
[01:03:34 INFO] Epoch 22/50  iter 200/743  loss=0.1789  lr=3.45e-05
[01:03:46 INFO] Epoch 22/50  iter 250/743  loss=0.2275  lr=3.44e-05
[01:03:58 INFO] Epoch 22/50  iter 300/743  loss=0.1607  lr=3.43e-05
[01:04:11 INFO] Epoch 22/50  iter 350/743  loss=0.2749  lr=3.42e-05
[01:04:23 INFO] Epoch 22/50  iter 400/743  loss=0.2080  lr=3.42e-05
[01:04:36 INFO] Epoch 22/50  iter 450/743  loss=0.1512  lr=3.41e-05
[01:04:48 INFO] Epoch 22/50  iter 500/743  loss=0.2714  lr=3.40e-05
[01:05:01 INFO] Epoch 22/50  iter 550/743  loss=0.2633  lr=3.39e-05
[01:05:13 INFO] Epoch 22/50  iter 600/743  loss=0.1714  lr=3.38e-05
[01:05:25 INFO] Epoch 22/50  iter 650/743  loss=0.3644  lr=3.37e-05
[01:05:38 INFO] Epoch 22/50  iter 700/743  loss=0.2843  lr=3.37e-05
[01:05:49 INFO] Epoch 22 complete — avg_loss=0.2479  time=185s
[01:06:02 INFO] Epoch 23/50  iter 50/743  loss=0.1762  lr=3.35e-05
[01:06:15 INFO] Epoch 23/50  iter 100/743  loss=0.1261  lr=3.34e-05
[01:06:27 INFO] Epoch 23/50  iter 150/743  loss=0.9587  lr=3.34e-05
[01:06:40 INFO] Epoch 23/50  iter 200/743  loss=0.2349  lr=3.33e-05
[01:06:52 INFO] Epoch 23/50  iter 250/743  loss=0.3130  lr=3.32e-05
[01:07:05 INFO] Epoch 23/50  iter 300/743  loss=0.1711  lr=3.31e-05
[01:07:17 INFO] Epoch 23/50  iter 350/743  loss=0.1054  lr=3.30e-05
[01:07:29 INFO] Epoch 23/50  iter 400/743  loss=0.2252  lr=3.30e-05
[01:07:42 INFO] Epoch 23/50  iter 450/743  loss=0.2293  lr=3.29e-05
[01:07:54 INFO] Epoch 23/50  iter 500/743  loss=0.2425  lr=3.28e-05
[01:08:07 INFO] Epoch 23/50  iter 550/743  loss=0.2596  lr=3.27e-05
[01:08:19 INFO] Epoch 23/50  iter 600/743  loss=0.1379  lr=3.26e-05
[01:08:32 INFO] Epoch 23/50  iter 650/743  loss=0.2842  lr=3.25e-05
[01:08:44 INFO] Epoch 23/50  iter 700/743  loss=0.0969  lr=3.25e-05
[01:08:55 INFO] Epoch 23 complete — avg_loss=0.2439  time=185s
[01:09:09 INFO] Epoch 24/50  iter 50/743  loss=0.1506  lr=3.23e-05
[01:09:21 INFO] Epoch 24/50  iter 100/743  loss=0.3042  lr=3.22e-05
[01:09:34 INFO] Epoch 24/50  iter 150/743  loss=0.1914  lr=3.22e-05
[01:09:46 INFO] Epoch 24/50  iter 200/743  loss=0.1350  lr=3.21e-05
[01:09:58 INFO] Epoch 24/50  iter 250/743  loss=0.1043  lr=3.20e-05
[01:10:11 INFO] Epoch 24/50  iter 300/743  loss=0.2327  lr=3.19e-05
[01:10:23 INFO] Epoch 24/50  iter 350/743  loss=0.1160  lr=3.18e-05
[01:10:36 INFO] Epoch 24/50  iter 400/743  loss=0.3889  lr=3.18e-05
[01:10:48 INFO] Epoch 24/50  iter 450/743  loss=0.1500  lr=3.17e-05
[01:11:01 INFO] Epoch 24/50  iter 500/743  loss=0.1590  lr=3.16e-05
[01:11:13 INFO] Epoch 24/50  iter 550/743  loss=0.1661  lr=3.15e-05
[01:11:25 INFO] Epoch 24/50  iter 600/743  loss=0.1361  lr=3.14e-05
[01:11:38 INFO] Epoch 24/50  iter 650/743  loss=0.3646  lr=3.13e-05
[01:11:50 INFO] Epoch 24/50  iter 700/743  loss=0.1590  lr=3.13e-05
[01:12:01 INFO] Epoch 24 complete — avg_loss=0.2431  time=185s
[01:12:15 INFO] Epoch 25/50  iter 50/743  loss=0.1236  lr=3.11e-05
[01:12:27 INFO] Epoch 25/50  iter 100/743  loss=0.2925  lr=3.10e-05
[01:12:40 INFO] Epoch 25/50  iter 150/743  loss=0.1916  lr=3.10e-05
[01:12:52 INFO] Epoch 25/50  iter 200/743  loss=0.1586  lr=3.09e-05
[01:13:04 INFO] Epoch 25/50  iter 250/743  loss=0.2343  lr=3.08e-05
[01:13:17 INFO] Epoch 25/50  iter 300/743  loss=0.1837  lr=3.07e-05
[01:13:29 INFO] Epoch 25/50  iter 350/743  loss=0.3200  lr=3.06e-05
[01:13:42 INFO] Epoch 25/50  iter 400/743  loss=0.1251  lr=3.06e-05
[01:13:54 INFO] Epoch 25/50  iter 450/743  loss=0.5380  lr=3.05e-05
[01:14:07 INFO] Epoch 25/50  iter 500/743  loss=0.1844  lr=3.04e-05
[01:14:19 INFO] Epoch 25/50  iter 550/743  loss=0.3328  lr=3.03e-05
[01:14:32 INFO] Epoch 25/50  iter 600/743  loss=0.2584  lr=3.02e-05
[01:14:44 INFO] Epoch 25/50  iter 650/743  loss=0.2105  lr=3.01e-05
[01:14:56 INFO] Epoch 25/50  iter 700/743  loss=0.2102  lr=3.01e-05
[01:15:07 INFO] Epoch 25 complete — avg_loss=0.2408  time=185s
[01:16:01 INFO]   val mIoU = 0.3795
[01:16:15 INFO] Epoch 26/50  iter 50/743  loss=0.2540  lr=2.99e-05
[01:16:27 INFO] Epoch 26/50  iter 100/743  loss=0.1736  lr=2.98e-05
[01:16:40 INFO] Epoch 26/50  iter 150/743  loss=0.1795  lr=2.98e-05
[01:16:52 INFO] Epoch 26/50  iter 200/743  loss=0.0821  lr=2.97e-05
[01:17:04 INFO] Epoch 26/50  iter 250/743  loss=0.1912  lr=2.96e-05
[01:17:17 INFO] Epoch 26/50  iter 300/743  loss=0.3317  lr=2.95e-05
[01:17:29 INFO] Epoch 26/50  iter 350/743  loss=0.1256  lr=2.94e-05
[01:17:41 INFO] Epoch 26/50  iter 400/743  loss=0.1178  lr=2.94e-05
[01:17:54 INFO] Epoch 26/50  iter 450/743  loss=0.1587  lr=2.93e-05
[01:18:06 INFO] Epoch 26/50  iter 500/743  loss=0.2660  lr=2.92e-05
[01:18:19 INFO] Epoch 26/50  iter 550/743  loss=0.2884  lr=2.91e-05
[01:18:31 INFO] Epoch 26/50  iter 600/743  loss=0.0965  lr=2.90e-05
[01:18:43 INFO] Epoch 26/50  iter 650/743  loss=0.1430  lr=2.89e-05
[01:18:56 INFO] Epoch 26/50  iter 700/743  loss=0.2510  lr=2.89e-05
[01:19:07 INFO] Epoch 26 complete — avg_loss=0.2402  time=185s
[01:19:20 INFO] Epoch 27/50  iter 50/743  loss=0.1262  lr=2.87e-05
[01:19:33 INFO] Epoch 27/50  iter 100/743  loss=0.1353  lr=2.86e-05
[01:19:45 INFO] Epoch 27/50  iter 150/743  loss=0.1411  lr=2.86e-05
[01:19:57 INFO] Epoch 27/50  iter 200/743  loss=0.1197  lr=2.85e-05
[01:20:10 INFO] Epoch 27/50  iter 250/743  loss=0.3094  lr=2.84e-05
[01:20:22 INFO] Epoch 27/50  iter 300/743  loss=0.1387  lr=2.83e-05
[01:20:35 INFO] Epoch 27/50  iter 350/743  loss=0.1765  lr=2.82e-05
[01:20:47 INFO] Epoch 27/50  iter 400/743  loss=0.1543  lr=2.82e-05
[01:21:00 INFO] Epoch 27/50  iter 450/743  loss=0.2058  lr=2.81e-05
[01:21:12 INFO] Epoch 27/50  iter 500/743  loss=0.1845  lr=2.80e-05
[01:21:24 INFO] Epoch 27/50  iter 550/743  loss=0.1988  lr=2.79e-05
[01:21:37 INFO] Epoch 27/50  iter 600/743  loss=0.4828  lr=2.78e-05
[01:21:49 INFO] Epoch 27/50  iter 650/743  loss=0.1220  lr=2.77e-05
[01:22:02 INFO] Epoch 27/50  iter 700/743  loss=0.3002  lr=2.77e-05
[01:22:12 INFO] Epoch 27 complete — avg_loss=0.2349  time=185s
[01:22:27 INFO] Epoch 28/50  iter 50/743  loss=0.2305  lr=2.75e-05
[01:22:39 INFO] Epoch 28/50  iter 100/743  loss=0.3031  lr=2.74e-05
[01:22:51 INFO] Epoch 28/50  iter 150/743  loss=0.1577  lr=2.74e-05
[01:23:04 INFO] Epoch 28/50  iter 200/743  loss=0.1344  lr=2.73e-05
[01:23:16 INFO] Epoch 28/50  iter 250/743  loss=0.1356  lr=2.72e-05
[01:23:29 INFO] Epoch 28/50  iter 300/743  loss=0.2381  lr=2.71e-05
[01:23:41 INFO] Epoch 28/50  iter 350/743  loss=0.2313  lr=2.70e-05
[01:23:54 INFO] Epoch 28/50  iter 400/743  loss=0.1554  lr=2.70e-05
[01:24:06 INFO] Epoch 28/50  iter 450/743  loss=0.1113  lr=2.69e-05
[01:24:18 INFO] Epoch 28/50  iter 500/743  loss=0.2448  lr=2.68e-05
[01:24:31 INFO] Epoch 28/50  iter 550/743  loss=0.0866  lr=2.67e-05
[01:24:43 INFO] Epoch 28/50  iter 600/743  loss=0.1419  lr=2.66e-05
[01:24:56 INFO] Epoch 28/50  iter 650/743  loss=0.2454  lr=2.65e-05
[01:25:08 INFO] Epoch 28/50  iter 700/743  loss=0.2853  lr=2.65e-05
[01:25:19 INFO] Epoch 28 complete — avg_loss=0.2411  time=185s
[01:25:32 INFO] Epoch 29/50  iter 50/743  loss=0.2309  lr=2.63e-05
[01:25:45 INFO] Epoch 29/50  iter 100/743  loss=0.4153  lr=2.62e-05
[01:25:57 INFO] Epoch 29/50  iter 150/743  loss=0.2745  lr=2.62e-05
[01:26:10 INFO] Epoch 29/50  iter 200/743  loss=0.2173  lr=2.61e-05
[01:26:22 INFO] Epoch 29/50  iter 250/743  loss=0.1494  lr=2.60e-05
[01:26:35 INFO] Epoch 29/50  iter 300/743  loss=0.1473  lr=2.59e-05
[01:26:47 INFO] Epoch 29/50  iter 350/743  loss=0.3086  lr=2.58e-05
[01:27:00 INFO] Epoch 29/50  iter 400/743  loss=0.2437  lr=2.58e-05
[01:27:12 INFO] Epoch 29/50  iter 450/743  loss=1.0260  lr=2.57e-05
[01:27:24 INFO] Epoch 29/50  iter 500/743  loss=0.2196  lr=2.56e-05
[01:27:37 INFO] Epoch 29/50  iter 550/743  loss=0.1832  lr=2.55e-05
[01:27:49 INFO] Epoch 29/50  iter 600/743  loss=0.2236  lr=2.54e-05
[01:28:02 INFO] Epoch 29/50  iter 650/743  loss=1.0625  lr=2.53e-05
[01:28:14 INFO] Epoch 29/50  iter 700/743  loss=0.2532  lr=2.53e-05
[01:28:25 INFO] Epoch 29 complete — avg_loss=0.2321  time=185s
[01:28:38 INFO] Epoch 30/50  iter 50/743  loss=0.1009  lr=2.51e-05
[01:28:51 INFO] Epoch 30/50  iter 100/743  loss=0.2953  lr=2.50e-05
[01:29:03 INFO] Epoch 30/50  iter 150/743  loss=0.1398  lr=2.50e-05
[01:29:16 INFO] Epoch 30/50  iter 200/743  loss=0.3558  lr=2.49e-05
[01:29:28 INFO] Epoch 30/50  iter 250/743  loss=0.1960  lr=2.48e-05
[01:29:41 INFO] Epoch 30/50  iter 300/743  loss=0.2882  lr=2.47e-05
[01:29:53 INFO] Epoch 30/50  iter 350/743  loss=0.2210  lr=2.46e-05
[01:30:06 INFO] Epoch 30/50  iter 400/743  loss=0.2277  lr=2.46e-05
[01:30:18 INFO] Epoch 30/50  iter 450/743  loss=0.2967  lr=2.45e-05
[01:30:30 INFO] Epoch 30/50  iter 500/743  loss=0.1900  lr=2.44e-05
[01:30:43 INFO] Epoch 30/50  iter 550/743  loss=0.1952  lr=2.43e-05
[01:30:55 INFO] Epoch 30/50  iter 600/743  loss=0.2931  lr=2.42e-05
[01:31:08 INFO] Epoch 30/50  iter 650/743  loss=0.2970  lr=2.41e-05
[01:31:20 INFO] Epoch 30/50  iter 700/743  loss=0.2035  lr=2.41e-05
[01:31:31 INFO] Epoch 30 complete — avg_loss=0.2257  time=185s
[01:32:27 INFO]   val mIoU = 0.3332
[01:32:40 INFO] Epoch 31/50  iter 50/743  loss=0.1699  lr=2.39e-05
[01:32:53 INFO] Epoch 31/50  iter 100/743  loss=0.2506  lr=2.38e-05
[01:33:05 INFO] Epoch 31/50  iter 150/743  loss=0.2499  lr=2.38e-05
[01:33:17 INFO] Epoch 31/50  iter 200/743  loss=0.2697  lr=2.37e-05
[01:33:30 INFO] Epoch 31/50  iter 250/743  loss=0.1602  lr=2.36e-05
[01:33:42 INFO] Epoch 31/50  iter 300/743  loss=0.6497  lr=2.35e-05
[01:33:54 INFO] Epoch 31/50  iter 350/743  loss=0.1247  lr=2.34e-05
[01:34:07 INFO] Epoch 31/50  iter 400/743  loss=0.1419  lr=2.34e-05
[01:34:19 INFO] Epoch 31/50  iter 450/743  loss=0.1992  lr=2.33e-05
[01:34:32 INFO] Epoch 31/50  iter 500/743  loss=0.2792  lr=2.32e-05
[01:34:44 INFO] Epoch 31/50  iter 550/743  loss=0.2711  lr=2.31e-05
[01:34:56 INFO] Epoch 31/50  iter 600/743  loss=0.0916  lr=2.30e-05
[01:35:09 INFO] Epoch 31/50  iter 650/743  loss=0.2254  lr=2.29e-05
[01:35:21 INFO] Epoch 31/50  iter 700/743  loss=0.1107  lr=2.29e-05
[01:35:32 INFO] Epoch 31 complete — avg_loss=0.2170  time=184s
[01:35:45 INFO] Epoch 32/50  iter 50/743  loss=0.1141  lr=2.27e-05
[01:35:58 INFO] Epoch 32/50  iter 100/743  loss=0.3187  lr=2.26e-05
[01:36:10 INFO] Epoch 32/50  iter 150/743  loss=0.2539  lr=2.26e-05
[01:36:23 INFO] Epoch 32/50  iter 200/743  loss=0.2974  lr=2.25e-05
[01:36:35 INFO] Epoch 32/50  iter 250/743  loss=0.2753  lr=2.24e-05
[01:36:47 INFO] Epoch 32/50  iter 300/743  loss=0.1621  lr=2.23e-05
[01:37:00 INFO] Epoch 32/50  iter 350/743  loss=0.1185  lr=2.22e-05
[01:37:12 INFO] Epoch 32/50  iter 400/743  loss=0.3874  lr=2.22e-05
[01:37:25 INFO] Epoch 32/50  iter 450/743  loss=0.1297  lr=2.21e-05
[01:37:37 INFO] Epoch 32/50  iter 500/743  loss=0.1174  lr=2.20e-05
[01:37:50 INFO] Epoch 32/50  iter 550/743  loss=0.2154  lr=2.19e-05
[01:38:02 INFO] Epoch 32/50  iter 600/743  loss=0.4093  lr=2.18e-05
[01:38:14 INFO] Epoch 32/50  iter 650/743  loss=0.1766  lr=2.17e-05
[01:38:27 INFO] Epoch 32/50  iter 700/743  loss=0.1081  lr=2.17e-05
[01:38:38 INFO] Epoch 32 complete — avg_loss=0.2204  time=185s
[01:38:51 INFO] Epoch 33/50  iter 50/743  loss=0.2148  lr=2.15e-05
[01:39:04 INFO] Epoch 33/50  iter 100/743  loss=0.2637  lr=2.14e-05
[01:39:16 INFO] Epoch 33/50  iter 150/743  loss=0.1437  lr=2.14e-05
[01:39:29 INFO] Epoch 33/50  iter 200/743  loss=0.1673  lr=2.13e-05
[01:39:41 INFO] Epoch 33/50  iter 250/743  loss=0.1189  lr=2.12e-05
[01:39:53 INFO] Epoch 33/50  iter 300/743  loss=0.2129  lr=2.11e-05
[01:40:06 INFO] Epoch 33/50  iter 350/743  loss=0.1957  lr=2.10e-05
[01:40:18 INFO] Epoch 33/50  iter 400/743  loss=0.2512  lr=2.10e-05
[01:40:31 INFO] Epoch 33/50  iter 450/743  loss=0.3774  lr=2.09e-05
[01:40:43 INFO] Epoch 33/50  iter 500/743  loss=0.1835  lr=2.08e-05
[01:40:56 INFO] Epoch 33/50  iter 550/743  loss=0.2019  lr=2.07e-05
[01:41:08 INFO] Epoch 33/50  iter 600/743  loss=0.2771  lr=2.06e-05
[01:41:20 INFO] Epoch 33/50  iter 650/743  loss=0.5904  lr=2.05e-05
[01:41:33 INFO] Epoch 33/50  iter 700/743  loss=0.2470  lr=2.05e-05
[01:41:44 INFO] Epoch 33 complete — avg_loss=0.2143  time=185s
[01:41:57 INFO] Epoch 34/50  iter 50/743  loss=0.2424  lr=2.03e-05
[01:42:10 INFO] Epoch 34/50  iter 100/743  loss=0.1835  lr=2.02e-05
[01:42:22 INFO] Epoch 34/50  iter 150/743  loss=0.3872  lr=2.02e-05
[01:42:35 INFO] Epoch 34/50  iter 200/743  loss=0.1605  lr=2.01e-05
[01:42:47 INFO] Epoch 34/50  iter 250/743  loss=0.1307  lr=2.00e-05
[01:43:00 INFO] Epoch 34/50  iter 300/743  loss=0.1541  lr=1.99e-05
[01:43:12 INFO] Epoch 34/50  iter 350/743  loss=0.1538  lr=1.98e-05
[01:43:24 INFO] Epoch 34/50  iter 400/743  loss=0.1129  lr=1.98e-05
[01:43:37 INFO] Epoch 34/50  iter 450/743  loss=0.1745  lr=1.97e-05
[01:43:49 INFO] Epoch 34/50  iter 500/743  loss=0.2307  lr=1.96e-05
[01:44:02 INFO] Epoch 34/50  iter 550/743  loss=0.2916  lr=1.95e-05
[01:44:14 INFO] Epoch 34/50  iter 600/743  loss=0.3356  lr=1.94e-05
[01:44:27 INFO] Epoch 34/50  iter 650/743  loss=0.3159  lr=1.93e-05
[01:44:39 INFO] Epoch 34/50  iter 700/743  loss=0.1388  lr=1.93e-05
[01:44:50 INFO] Epoch 34 complete — avg_loss=0.2203  time=185s
[01:45:03 INFO] Epoch 35/50  iter 50/743  loss=0.2247  lr=1.91e-05
[01:45:16 INFO] Epoch 35/50  iter 100/743  loss=0.1663  lr=1.90e-05
[01:45:28 INFO] Epoch 35/50  iter 150/743  loss=0.1304  lr=1.90e-05
[01:45:41 INFO] Epoch 35/50  iter 200/743  loss=0.2364  lr=1.89e-05
[01:45:53 INFO] Epoch 35/50  iter 250/743  loss=0.0864  lr=1.88e-05
[01:46:06 INFO] Epoch 35/50  iter 300/743  loss=0.1808  lr=1.87e-05
[01:46:18 INFO] Epoch 35/50  iter 350/743  loss=0.3030  lr=1.86e-05
[01:46:30 INFO] Epoch 35/50  iter 400/743  loss=0.3852  lr=1.86e-05
[01:46:43 INFO] Epoch 35/50  iter 450/743  loss=0.1663  lr=1.85e-05
[01:46:55 INFO] Epoch 35/50  iter 500/743  loss=0.2591  lr=1.84e-05
[01:47:08 INFO] Epoch 35/50  iter 550/743  loss=0.1169  lr=1.83e-05
[01:47:20 INFO] Epoch 35/50  iter 600/743  loss=0.2095  lr=1.82e-05
[01:47:33 INFO] Epoch 35/50  iter 650/743  loss=0.0802  lr=1.81e-05
[01:47:45 INFO] Epoch 35/50  iter 700/743  loss=0.2307  lr=1.81e-05
[01:47:56 INFO] Epoch 35 complete — avg_loss=0.2119  time=185s
[01:48:50 INFO]   val mIoU = 0.4180
[01:49:04 INFO] Epoch 36/50  iter 50/743  loss=0.1124  lr=1.79e-05
[01:49:16 INFO] Epoch 36/50  iter 100/743  loss=0.0679  lr=1.78e-05
[01:49:29 INFO] Epoch 36/50  iter 150/743  loss=0.3085  lr=1.78e-05
[01:49:41 INFO] Epoch 36/50  iter 200/743  loss=0.1721  lr=1.77e-05
[01:49:54 INFO] Epoch 36/50  iter 250/743  loss=0.2446  lr=1.76e-05
[01:50:06 INFO] Epoch 36/50  iter 300/743  loss=0.1277  lr=1.75e-05
[01:50:18 INFO] Epoch 36/50  iter 350/743  loss=0.1974  lr=1.74e-05
[01:50:31 INFO] Epoch 36/50  iter 400/743  loss=0.2827  lr=1.74e-05
[01:50:43 INFO] Epoch 36/50  iter 450/743  loss=0.1903  lr=1.73e-05
[01:50:56 INFO] Epoch 36/50  iter 500/743  loss=0.1632  lr=1.72e-05
[01:51:08 INFO] Epoch 36/50  iter 550/743  loss=0.2065  lr=1.71e-05
[01:51:20 INFO] Epoch 36/50  iter 600/743  loss=0.1305  lr=1.70e-05
[01:51:33 INFO] Epoch 36/50  iter 650/743  loss=0.1654  lr=1.69e-05
[01:51:45 INFO] Epoch 36/50  iter 700/743  loss=0.1923  lr=1.69e-05
[01:51:56 INFO] Epoch 36 complete — avg_loss=0.2102  time=185s
[01:52:09 INFO] Epoch 37/50  iter 50/743  loss=0.2201  lr=1.67e-05
[01:52:22 INFO] Epoch 37/50  iter 100/743  loss=0.3022  lr=1.66e-05
[01:52:34 INFO] Epoch 37/50  iter 150/743  loss=0.1868  lr=1.66e-05
[01:52:47 INFO] Epoch 37/50  iter 200/743  loss=0.1026  lr=1.65e-05
[01:52:59 INFO] Epoch 37/50  iter 250/743  loss=0.1912  lr=1.64e-05
[01:53:12 INFO] Epoch 37/50  iter 300/743  loss=0.1592  lr=1.63e-05
[01:53:24 INFO] Epoch 37/50  iter 350/743  loss=0.1794  lr=1.62e-05
[01:53:37 INFO] Epoch 37/50  iter 400/743  loss=0.2130  lr=1.62e-05
[01:53:49 INFO] Epoch 37/50  iter 450/743  loss=0.1301  lr=1.61e-05
[01:54:01 INFO] Epoch 37/50  iter 500/743  loss=0.4392  lr=1.60e-05
[01:54:14 INFO] Epoch 37/50  iter 550/743  loss=0.0676  lr=1.59e-05
[01:54:26 INFO] Epoch 37/50  iter 600/743  loss=0.1299  lr=1.58e-05
[01:54:39 INFO] Epoch 37/50  iter 650/743  loss=0.1998  lr=1.57e-05
[01:54:51 INFO] Epoch 37/50  iter 700/743  loss=0.2419  lr=1.57e-05
[01:55:02 INFO] Epoch 37 complete — avg_loss=0.2064  time=185s
[01:55:15 INFO] Epoch 38/50  iter 50/743  loss=0.3738  lr=1.55e-05
[01:55:28 INFO] Epoch 38/50  iter 100/743  loss=0.2930  lr=1.54e-05
[01:55:40 INFO] Epoch 38/50  iter 150/743  loss=0.1716  lr=1.54e-05
[01:55:53 INFO] Epoch 38/50  iter 200/743  loss=0.0907  lr=1.53e-05
[01:56:05 INFO] Epoch 38/50  iter 250/743  loss=0.1924  lr=1.52e-05
[01:56:18 INFO] Epoch 38/50  iter 300/743  loss=0.1989  lr=1.51e-05
[01:56:30 INFO] Epoch 38/50  iter 350/743  loss=0.1802  lr=1.50e-05
[01:56:43 INFO] Epoch 38/50  iter 400/743  loss=0.2154  lr=1.50e-05
[01:56:55 INFO] Epoch 38/50  iter 450/743  loss=0.1964  lr=1.49e-05
[01:57:07 INFO] Epoch 38/50  iter 500/743  loss=0.1192  lr=1.48e-05
[01:57:20 INFO] Epoch 38/50  iter 550/743  loss=0.0996  lr=1.47e-05
[01:57:32 INFO] Epoch 38/50  iter 600/743  loss=0.2080  lr=1.46e-05
[01:57:45 INFO] Epoch 38/50  iter 650/743  loss=0.2318  lr=1.45e-05
[01:57:57 INFO] Epoch 38/50  iter 700/743  loss=0.1044  lr=1.45e-05
[01:58:08 INFO] Epoch 38 complete — avg_loss=0.2019  time=185s
[01:58:22 INFO] Epoch 39/50  iter 50/743  loss=0.4980  lr=1.43e-05
[01:58:34 INFO] Epoch 39/50  iter 100/743  loss=0.2180  lr=1.42e-05
[01:58:47 INFO] Epoch 39/50  iter 150/743  loss=0.1359  lr=1.42e-05
[01:58:59 INFO] Epoch 39/50  iter 200/743  loss=0.2428  lr=1.41e-05
[01:59:12 INFO] Epoch 39/50  iter 250/743  loss=0.1525  lr=1.40e-05
[01:59:24 INFO] Epoch 39/50  iter 300/743  loss=0.1195  lr=1.39e-05
[01:59:36 INFO] Epoch 39/50  iter 350/743  loss=0.3735  lr=1.38e-05
[01:59:49 INFO] Epoch 39/50  iter 400/743  loss=0.2542  lr=1.38e-05
[02:00:01 INFO] Epoch 39/50  iter 450/743  loss=0.2134  lr=1.37e-05
[02:00:14 INFO] Epoch 39/50  iter 500/743  loss=0.1289  lr=1.36e-05
[02:00:26 INFO] Epoch 39/50  iter 550/743  loss=0.1573  lr=1.35e-05
[02:00:39 INFO] Epoch 39/50  iter 600/743  loss=0.1842  lr=1.34e-05
[02:00:51 INFO] Epoch 39/50  iter 650/743  loss=0.2008  lr=1.33e-05
[02:01:03 INFO] Epoch 39/50  iter 700/743  loss=0.1642  lr=1.33e-05
[02:01:14 INFO] Epoch 39 complete — avg_loss=0.2031  time=185s
[02:01:28 INFO] Epoch 40/50  iter 50/743  loss=0.1187  lr=1.31e-05
[02:01:40 INFO] Epoch 40/50  iter 100/743  loss=0.3908  lr=1.30e-05
[02:01:53 INFO] Epoch 40/50  iter 150/743  loss=0.2539  lr=1.30e-05
[02:02:05 INFO] Epoch 40/50  iter 200/743  loss=0.0855  lr=1.29e-05
[02:02:17 INFO] Epoch 40/50  iter 250/743  loss=0.2326  lr=1.28e-05
[02:02:30 INFO] Epoch 40/50  iter 300/743  loss=0.1544  lr=1.27e-05
[02:02:42 INFO] Epoch 40/50  iter 350/743  loss=0.2866  lr=1.26e-05
[02:02:55 INFO] Epoch 40/50  iter 400/743  loss=0.1524  lr=1.26e-05
[02:03:07 INFO] Epoch 40/50  iter 450/743  loss=0.2126  lr=1.25e-05
[02:03:19 INFO] Epoch 40/50  iter 500/743  loss=0.2523  lr=1.24e-05
[02:03:32 INFO] Epoch 40/50  iter 550/743  loss=0.2084  lr=1.23e-05
[02:03:44 INFO] Epoch 40/50  iter 600/743  loss=0.0698  lr=1.22e-05
[02:03:56 INFO] Epoch 40/50  iter 650/743  loss=0.3891  lr=1.21e-05
[02:04:09 INFO] Epoch 40/50  iter 700/743  loss=0.0840  lr=1.21e-05
[02:04:20 INFO] Epoch 40 complete — avg_loss=0.2018  time=185s
[02:05:14 INFO]   val mIoU = 0.3615
[02:05:28 INFO] Epoch 41/50  iter 50/743  loss=0.2472  lr=1.19e-05
[02:05:40 INFO] Epoch 41/50  iter 100/743  loss=0.2998  lr=1.18e-05
[02:05:52 INFO] Epoch 41/50  iter 150/743  loss=0.1780  lr=1.18e-05
[02:06:05 INFO] Epoch 41/50  iter 200/743  loss=0.0801  lr=1.17e-05
[02:06:17 INFO] Epoch 41/50  iter 250/743  loss=0.1485  lr=1.16e-05
[02:06:29 INFO] Epoch 41/50  iter 300/743  loss=0.0786  lr=1.15e-05
[02:06:42 INFO] Epoch 41/50  iter 350/743  loss=0.1740  lr=1.14e-05
[02:06:54 INFO] Epoch 41/50  iter 400/743  loss=0.2842  lr=1.14e-05
[02:07:07 INFO] Epoch 41/50  iter 450/743  loss=0.1400  lr=1.13e-05
[02:07:19 INFO] Epoch 41/50  iter 500/743  loss=0.1132  lr=1.12e-05
[02:07:31 INFO] Epoch 41/50  iter 550/743  loss=0.1460  lr=1.11e-05
[02:07:44 INFO] Epoch 41/50  iter 600/743  loss=0.0713  lr=1.10e-05
[02:07:56 INFO] Epoch 41/50  iter 650/743  loss=0.1527  lr=1.09e-05
[02:08:09 INFO] Epoch 41/50  iter 700/743  loss=0.2268  lr=1.09e-05
[02:08:19 INFO] Epoch 41 complete — avg_loss=0.1983  time=185s
[02:08:33 INFO] Epoch 42/50  iter 50/743  loss=0.1641  lr=1.07e-05
[02:08:45 INFO] Epoch 42/50  iter 100/743  loss=0.2499  lr=1.06e-05
[02:08:58 INFO] Epoch 42/50  iter 150/743  loss=0.2270  lr=1.06e-05
[02:09:10 INFO] Epoch 42/50  iter 200/743  loss=0.5505  lr=1.05e-05
[02:09:23 INFO] Epoch 42/50  iter 250/743  loss=0.2402  lr=1.04e-05
[02:09:35 INFO] Epoch 42/50  iter 300/743  loss=0.1896  lr=1.03e-05
[02:09:47 INFO] Epoch 42/50  iter 350/743  loss=0.2419  lr=1.02e-05
[02:10:00 INFO] Epoch 42/50  iter 400/743  loss=0.3150  lr=1.02e-05
[02:10:12 INFO] Epoch 42/50  iter 450/743  loss=0.1906  lr=1.01e-05
[02:10:25 INFO] Epoch 42/50  iter 500/743  loss=0.1653  lr=9.99e-06
[02:10:37 INFO] Epoch 42/50  iter 550/743  loss=0.0801  lr=9.91e-06
[02:10:49 INFO] Epoch 42/50  iter 600/743  loss=0.2359  lr=9.83e-06
[02:11:02 INFO] Epoch 42/50  iter 650/743  loss=0.1180  lr=9.75e-06
[02:11:14 INFO] Epoch 42/50  iter 700/743  loss=0.1231  lr=9.67e-06
[02:11:25 INFO] Epoch 42 complete — avg_loss=0.1968  time=185s
[02:11:39 INFO] Epoch 43/50  iter 50/743  loss=0.1360  lr=9.52e-06
[02:11:51 INFO] Epoch 43/50  iter 100/743  loss=0.2332  lr=9.44e-06
[02:12:03 INFO] Epoch 43/50  iter 150/743  loss=0.0967  lr=9.36e-06
[02:12:16 INFO] Epoch 43/50  iter 200/743  loss=0.1533  lr=9.28e-06
[02:12:28 INFO] Epoch 43/50  iter 250/743  loss=0.1465  lr=9.19e-06
[02:12:41 INFO] Epoch 43/50  iter 300/743  loss=0.1415  lr=9.11e-06
[02:12:53 INFO] Epoch 43/50  iter 350/743  loss=0.1082  lr=9.03e-06
[02:13:06 INFO] Epoch 43/50  iter 400/743  loss=0.2246  lr=8.95e-06
[02:13:18 INFO] Epoch 43/50  iter 450/743  loss=0.2506  lr=8.87e-06
[02:13:31 INFO] Epoch 43/50  iter 500/743  loss=0.1503  lr=8.79e-06
[02:13:43 INFO] Epoch 43/50  iter 550/743  loss=0.0846  lr=8.71e-06
[02:13:55 INFO] Epoch 43/50  iter 600/743  loss=0.0838  lr=8.63e-06
[02:14:08 INFO] Epoch 43/50  iter 650/743  loss=0.1091  lr=8.55e-06
[02:14:20 INFO] Epoch 43/50  iter 700/743  loss=0.2204  lr=8.47e-06
[02:14:31 INFO] Epoch 43 complete — avg_loss=0.1927  time=185s
[02:14:45 INFO] Epoch 44/50  iter 50/743  loss=0.2826  lr=8.32e-06
[02:14:57 INFO] Epoch 44/50  iter 100/743  loss=0.1088  lr=8.24e-06
[02:15:10 INFO] Epoch 44/50  iter 150/743  loss=0.0972  lr=8.16e-06
[02:15:22 INFO] Epoch 44/50  iter 200/743  loss=0.1888  lr=8.08e-06
[02:15:34 INFO] Epoch 44/50  iter 250/743  loss=0.1552  lr=7.99e-06
[02:15:47 INFO] Epoch 44/50  iter 300/743  loss=0.2423  lr=7.91e-06
[02:15:59 INFO] Epoch 44/50  iter 350/743  loss=0.1737  lr=7.83e-06
[02:16:12 INFO] Epoch 44/50  iter 400/743  loss=0.1881  lr=7.75e-06
[02:16:24 INFO] Epoch 44/50  iter 450/743  loss=0.1102  lr=7.67e-06
[02:16:37 INFO] Epoch 44/50  iter 500/743  loss=0.2176  lr=7.59e-06
[02:16:49 INFO] Epoch 44/50  iter 550/743  loss=0.1315  lr=7.51e-06
[02:17:01 INFO] Epoch 44/50  iter 600/743  loss=0.1469  lr=7.43e-06
[02:17:14 INFO] Epoch 44/50  iter 650/743  loss=0.3992  lr=7.35e-06
[02:17:26 INFO] Epoch 44/50  iter 700/743  loss=0.1737  lr=7.27e-06
[02:17:37 INFO] Epoch 44 complete — avg_loss=0.1914  time=185s
[02:17:51 INFO] Epoch 45/50  iter 50/743  loss=0.1445  lr=7.12e-06
[02:18:03 INFO] Epoch 45/50  iter 100/743  loss=0.1301  lr=7.04e-06
[02:18:16 INFO] Epoch 45/50  iter 150/743  loss=0.1257  lr=6.96e-06
[02:18:28 INFO] Epoch 45/50  iter 200/743  loss=0.0732  lr=6.88e-06
[02:18:41 INFO] Epoch 45/50  iter 250/743  loss=0.2508  lr=6.79e-06
[02:18:53 INFO] Epoch 45/50  iter 300/743  loss=0.2352  lr=6.71e-06
[02:19:05 INFO] Epoch 45/50  iter 350/743  loss=0.1388  lr=6.63e-06
[02:19:18 INFO] Epoch 45/50  iter 400/743  loss=0.1264  lr=6.55e-06
[02:19:30 INFO] Epoch 45/50  iter 450/743  loss=0.0384  lr=6.47e-06
[02:19:43 INFO] Epoch 45/50  iter 500/743  loss=0.2155  lr=6.39e-06
[02:19:55 INFO] Epoch 45/50  iter 550/743  loss=0.1273  lr=6.31e-06
[02:20:08 INFO] Epoch 45/50  iter 600/743  loss=0.1682  lr=6.23e-06
[02:20:20 INFO] Epoch 45/50  iter 650/743  loss=0.1445  lr=6.15e-06
[02:20:32 INFO] Epoch 45/50  iter 700/743  loss=0.1480  lr=6.07e-06
[02:20:43 INFO] Epoch 45 complete — avg_loss=0.1889  time=185s
[02:21:36 INFO]   val mIoU = 0.4426
[02:21:37 INFO]   ★ New best val mIoU: 0.4426
[02:21:50 INFO] Epoch 46/50  iter 50/743  loss=0.1470  lr=5.92e-06
[02:22:03 INFO] Epoch 46/50  iter 100/743  loss=0.1552  lr=5.84e-06
[02:22:15 INFO] Epoch 46/50  iter 150/743  loss=0.1252  lr=5.76e-06
[02:22:27 INFO] Epoch 46/50  iter 200/743  loss=0.0868  lr=5.68e-06
[02:22:40 INFO] Epoch 46/50  iter 250/743  loss=0.1530  lr=5.59e-06
[02:22:52 INFO] Epoch 46/50  iter 300/743  loss=0.1424  lr=5.51e-06
[02:23:05 INFO] Epoch 46/50  iter 350/743  loss=0.4060  lr=5.43e-06
[02:23:17 INFO] Epoch 46/50  iter 400/743  loss=0.1604  lr=5.35e-06
[02:23:29 INFO] Epoch 46/50  iter 450/743  loss=0.1982  lr=5.27e-06
[02:23:42 INFO] Epoch 46/50  iter 500/743  loss=0.2046  lr=5.19e-06
[02:23:54 INFO] Epoch 46/50  iter 550/743  loss=0.1199  lr=5.11e-06
[02:24:06 INFO] Epoch 46/50  iter 600/743  loss=0.2161  lr=5.03e-06
[02:24:19 INFO] Epoch 46/50  iter 650/743  loss=0.2144  lr=4.95e-06
[02:24:31 INFO] Epoch 46/50  iter 700/743  loss=0.2298  lr=4.87e-06
[02:24:42 INFO] Epoch 46 complete — avg_loss=0.1813  time=184s
[02:24:56 INFO] Epoch 47/50  iter 50/743  loss=0.2908  lr=4.72e-06
[02:25:08 INFO] Epoch 47/50  iter 100/743  loss=0.1358  lr=4.64e-06
[02:25:21 INFO] Epoch 47/50  iter 150/743  loss=0.1416  lr=4.56e-06
[02:25:33 INFO] Epoch 47/50  iter 200/743  loss=0.1848  lr=4.48e-06
[02:25:46 INFO] Epoch 47/50  iter 250/743  loss=0.2342  lr=4.39e-06
[02:25:58 INFO] Epoch 47/50  iter 300/743  loss=0.1763  lr=4.31e-06
[02:26:10 INFO] Epoch 47/50  iter 350/743  loss=0.1578  lr=4.23e-06
[02:26:23 INFO] Epoch 47/50  iter 400/743  loss=0.1414  lr=4.15e-06
[02:26:35 INFO] Epoch 47/50  iter 450/743  loss=0.0801  lr=4.07e-06
[02:26:48 INFO] Epoch 47/50  iter 500/743  loss=0.3899  lr=3.99e-06
[02:27:00 INFO] Epoch 47/50  iter 550/743  loss=0.1529  lr=3.91e-06
[02:27:13 INFO] Epoch 47/50  iter 600/743  loss=0.2375  lr=3.83e-06
[02:27:25 INFO] Epoch 47/50  iter 650/743  loss=0.1553  lr=3.75e-06
[02:27:37 INFO] Epoch 47/50  iter 700/743  loss=0.2059  lr=3.67e-06
[02:27:48 INFO] Epoch 47 complete — avg_loss=0.1965  time=186s
[02:28:02 INFO] Epoch 48/50  iter 50/743  loss=0.1306  lr=3.52e-06
[02:28:14 INFO] Epoch 48/50  iter 100/743  loss=0.1550  lr=3.44e-06
[02:28:27 INFO] Epoch 48/50  iter 150/743  loss=0.0967  lr=3.36e-06
[02:28:39 INFO] Epoch 48/50  iter 200/743  loss=0.1314  lr=3.28e-06
[02:28:52 INFO] Epoch 48/50  iter 250/743  loss=0.1056  lr=3.19e-06
[02:29:04 INFO] Epoch 48/50  iter 300/743  loss=0.2510  lr=3.11e-06
[02:29:16 INFO] Epoch 48/50  iter 350/743  loss=0.0991  lr=3.03e-06
[02:29:29 INFO] Epoch 48/50  iter 400/743  loss=0.1697  lr=2.95e-06
[02:29:41 INFO] Epoch 48/50  iter 450/743  loss=0.0711  lr=2.87e-06
[02:29:54 INFO] Epoch 48/50  iter 500/743  loss=0.1005  lr=2.79e-06
[02:30:06 INFO] Epoch 48/50  iter 550/743  loss=0.1551  lr=2.71e-06
[02:30:19 INFO] Epoch 48/50  iter 600/743  loss=0.2406  lr=2.63e-06
[02:30:31 INFO] Epoch 48/50  iter 650/743  loss=0.1647  lr=2.55e-06
[02:30:43 INFO] Epoch 48/50  iter 700/743  loss=0.1572  lr=2.47e-06
[02:30:54 INFO] Epoch 48 complete — avg_loss=0.1898  time=185s
[02:31:08 INFO] Epoch 49/50  iter 50/743  loss=0.0834  lr=2.32e-06
[02:31:20 INFO] Epoch 49/50  iter 100/743  loss=0.1494  lr=2.24e-06
[02:31:33 INFO] Epoch 49/50  iter 150/743  loss=0.2079  lr=2.16e-06
[02:31:45 INFO] Epoch 49/50  iter 200/743  loss=0.1126  lr=2.08e-06
[02:31:58 INFO] Epoch 49/50  iter 250/743  loss=0.1570  lr=1.99e-06
[02:32:10 INFO] Epoch 49/50  iter 300/743  loss=0.1249  lr=1.91e-06
[02:32:22 INFO] Epoch 49/50  iter 350/743  loss=0.2337  lr=1.83e-06
[02:32:35 INFO] Epoch 49/50  iter 400/743  loss=0.2713  lr=1.75e-06
[02:32:47 INFO] Epoch 49/50  iter 450/743  loss=0.1007  lr=1.67e-06
[02:33:00 INFO] Epoch 49/50  iter 500/743  loss=0.2590  lr=1.59e-06
[02:33:12 INFO] Epoch 49/50  iter 550/743  loss=0.0969  lr=1.51e-06
[02:33:25 INFO] Epoch 49/50  iter 600/743  loss=0.2083  lr=1.43e-06
[02:33:37 INFO] Epoch 49/50  iter 650/743  loss=0.1214  lr=1.35e-06
[02:33:49 INFO] Epoch 49/50  iter 700/743  loss=0.2066  lr=1.27e-06
[02:34:00 INFO] Epoch 49 complete — avg_loss=0.1830  time=185s
[02:34:14 INFO] Epoch 50/50  iter 50/743  loss=0.1985  lr=1.12e-06
[02:34:27 INFO] Epoch 50/50  iter 100/743  loss=0.1139  lr=1.04e-06
[02:34:39 INFO] Epoch 50/50  iter 150/743  loss=0.1987  lr=9.56e-07
[02:34:51 INFO] Epoch 50/50  iter 200/743  loss=0.2599  lr=8.75e-07
[02:35:04 INFO] Epoch 50/50  iter 250/743  loss=0.1705  lr=7.95e-07
[02:35:16 INFO] Epoch 50/50  iter 300/743  loss=0.2310  lr=7.14e-07
[02:35:29 INFO] Epoch 50/50  iter 350/743  loss=0.1794  lr=6.33e-07
[02:35:41 INFO] Epoch 50/50  iter 400/743  loss=0.2130  lr=5.52e-07
[02:35:54 INFO] Epoch 50/50  iter 450/743  loss=0.1032  lr=4.72e-07
[02:36:06 INFO] Epoch 50/50  iter 500/743  loss=0.1711  lr=3.91e-07
[02:36:18 INFO] Epoch 50/50  iter 550/743  loss=0.1346  lr=3.10e-07
[02:36:31 INFO] Epoch 50/50  iter 600/743  loss=0.2323  lr=2.29e-07
[02:36:43 INFO] Epoch 50/50  iter 650/743  loss=0.1128  lr=1.49e-07
[02:36:56 INFO] Epoch 50/50  iter 700/743  loss=0.1928  lr=6.78e-08
[02:37:07 INFO] Epoch 50 complete — avg_loss=0.1869  time=185s
[02:38:01 INFO]   val mIoU = 0.4081
[02:38:02 INFO] Training complete. Best val mIoU = 0.4426
