[18:26:07 INFO] Device: cuda
[18:26:09 INFO] Using fog cache: data/fog_cache/nn_depth_b0005
[18:26:11 INFO] Train: 2975 samples  |  Val: 500 samples
[18:26:25 INFO] Epoch 1/50  iter 50/743  loss=1.6632  lr=5.99e-05
[18:26:37 INFO] Epoch 1/50  iter 100/743  loss=1.1004  lr=5.98e-05
[18:26:49 INFO] Epoch 1/50  iter 150/743  loss=1.1163  lr=5.98e-05
[18:27:02 INFO] Epoch 1/50  iter 200/743  loss=0.6772  lr=5.97e-05
[18:27:14 INFO] Epoch 1/50  iter 250/743  loss=1.1140  lr=5.96e-05
[18:27:26 INFO] Epoch 1/50  iter 300/743  loss=0.6100  lr=5.95e-05
[18:27:39 INFO] Epoch 1/50  iter 350/743  loss=1.2705  lr=5.94e-05
[18:27:51 INFO] Epoch 1/50  iter 400/743  loss=0.4626  lr=5.94e-05
[18:28:03 INFO] Epoch 1/50  iter 450/743  loss=0.5603  lr=5.93e-05
[18:28:16 INFO] Epoch 1/50  iter 500/743  loss=0.5105  lr=5.92e-05
[18:28:28 INFO] Epoch 1/50  iter 550/743  loss=0.3089  lr=5.91e-05
[18:28:41 INFO] Epoch 1/50  iter 600/743  loss=0.4361  lr=5.90e-05
[18:28:53 INFO] Epoch 1/50  iter 650/743  loss=0.7626  lr=5.89e-05
[18:29:05 INFO] Epoch 1/50  iter 700/743  loss=0.6120  lr=5.89e-05
[18:29:16 INFO] Epoch 1 complete — avg_loss=0.8302  time=185s
[18:29:30 INFO] Epoch 2/50  iter 50/743  loss=0.8805  lr=5.87e-05
[18:29:42 INFO] Epoch 2/50  iter 100/743  loss=0.2785  lr=5.86e-05
[18:29:55 INFO] Epoch 2/50  iter 150/743  loss=0.2862  lr=5.86e-05
[18:30:07 INFO] Epoch 2/50  iter 200/743  loss=0.3334  lr=5.85e-05
[18:30:20 INFO] Epoch 2/50  iter 250/743  loss=0.5394  lr=5.84e-05
[18:30:32 INFO] Epoch 2/50  iter 300/743  loss=0.4435  lr=5.83e-05
[18:30:44 INFO] Epoch 2/50  iter 350/743  loss=0.2999  lr=5.82e-05
[18:30:57 INFO] Epoch 2/50  iter 400/743  loss=0.3885  lr=5.82e-05
[18:31:09 INFO] Epoch 2/50  iter 450/743  loss=0.2986  lr=5.81e-05
[18:31:22 INFO] Epoch 2/50  iter 500/743  loss=0.8957  lr=5.80e-05
[18:31:34 INFO] Epoch 2/50  iter 550/743  loss=0.3349  lr=5.79e-05
[18:31:46 INFO] Epoch 2/50  iter 600/743  loss=0.3026  lr=5.78e-05
[18:31:59 INFO] Epoch 2/50  iter 650/743  loss=0.6183  lr=5.77e-05
[18:32:11 INFO] Epoch 2/50  iter 700/743  loss=0.1953  lr=5.77e-05
[18:32:22 INFO] Epoch 2 complete — avg_loss=0.4337  time=185s
[18:32:35 INFO] Epoch 3/50  iter 50/743  loss=0.3639  lr=5.75e-05
[18:32:48 INFO] Epoch 3/50  iter 100/743  loss=0.3401  lr=5.74e-05
[18:33:00 INFO] Epoch 3/50  iter 150/743  loss=0.2860  lr=5.74e-05
[18:33:12 INFO] Epoch 3/50  iter 200/743  loss=0.4844  lr=5.73e-05
[18:33:25 INFO] Epoch 3/50  iter 250/743  loss=0.3898  lr=5.72e-05
[18:33:37 INFO] Epoch 3/50  iter 300/743  loss=0.3320  lr=5.71e-05
[18:33:49 INFO] Epoch 3/50  iter 350/743  loss=0.2519  lr=5.70e-05
[18:34:02 INFO] Epoch 3/50  iter 400/743  loss=0.3080  lr=5.70e-05
[18:34:14 INFO] Epoch 3/50  iter 450/743  loss=0.2932  lr=5.69e-05
[18:34:27 INFO] Epoch 3/50  iter 500/743  loss=0.2269  lr=5.68e-05
[18:34:39 INFO] Epoch 3/50  iter 550/743  loss=0.4256  lr=5.67e-05
[18:34:51 INFO] Epoch 3/50  iter 600/743  loss=0.5345  lr=5.66e-05
[18:35:04 INFO] Epoch 3/50  iter 650/743  loss=0.3146  lr=5.65e-05
[18:35:16 INFO] Epoch 3/50  iter 700/743  loss=0.4926  lr=5.65e-05
[18:35:27 INFO] Epoch 3 complete — avg_loss=0.3620  time=185s
[18:35:40 INFO] Epoch 4/50  iter 50/743  loss=0.2988  lr=5.63e-05
[18:35:53 INFO] Epoch 4/50  iter 100/743  loss=0.1857  lr=5.62e-05
[18:36:05 INFO] Epoch 4/50  iter 150/743  loss=0.2328  lr=5.62e-05
[18:36:18 INFO] Epoch 4/50  iter 200/743  loss=0.2174  lr=5.61e-05
[18:36:30 INFO] Epoch 4/50  iter 250/743  loss=0.3665  lr=5.60e-05
[18:36:42 INFO] Epoch 4/50  iter 300/743  loss=0.2696  lr=5.59e-05
[18:36:55 INFO] Epoch 4/50  iter 350/743  loss=0.2870  lr=5.58e-05
[18:37:07 INFO] Epoch 4/50  iter 400/743  loss=0.3247  lr=5.58e-05
[18:37:20 INFO] Epoch 4/50  iter 450/743  loss=0.1886  lr=5.57e-05
[18:37:32 INFO] Epoch 4/50  iter 500/743  loss=0.1827  lr=5.56e-05
[18:37:44 INFO] Epoch 4/50  iter 550/743  loss=0.3537  lr=5.55e-05
[18:37:57 INFO] Epoch 4/50  iter 600/743  loss=0.2513  lr=5.54e-05
[18:38:09 INFO] Epoch 4/50  iter 650/743  loss=0.3205  lr=5.53e-05
[18:38:22 INFO] Epoch 4/50  iter 700/743  loss=0.2828  lr=5.53e-05
[18:38:32 INFO] Epoch 4 complete — avg_loss=0.3236  time=185s
[18:38:46 INFO] Epoch 5/50  iter 50/743  loss=0.2124  lr=5.51e-05
[18:38:58 INFO] Epoch 5/50  iter 100/743  loss=0.1930  lr=5.50e-05
[18:39:11 INFO] Epoch 5/50  iter 150/743  loss=0.1341  lr=5.50e-05
[18:39:23 INFO] Epoch 5/50  iter 200/743  loss=0.1636  lr=5.49e-05
[18:39:35 INFO] Epoch 5/50  iter 250/743  loss=0.2550  lr=5.48e-05
[18:39:48 INFO] Epoch 5/50  iter 300/743  loss=0.2981  lr=5.47e-05
[18:40:00 INFO] Epoch 5/50  iter 350/743  loss=0.1535  lr=5.46e-05
[18:40:12 INFO] Epoch 5/50  iter 400/743  loss=0.4020  lr=5.46e-05
[18:40:25 INFO] Epoch 5/50  iter 450/743  loss=0.7007  lr=5.45e-05
[18:40:37 INFO] Epoch 5/50  iter 500/743  loss=0.3165  lr=5.44e-05
[18:40:50 INFO] Epoch 5/50  iter 550/743  loss=1.7207  lr=5.43e-05
[18:41:02 INFO] Epoch 5/50  iter 600/743  loss=0.2874  lr=5.42e-05
[18:41:14 INFO] Epoch 5/50  iter 650/743  loss=0.2531  lr=5.41e-05
[18:41:27 INFO] Epoch 5/50  iter 700/743  loss=0.2192  lr=5.41e-05
[18:41:38 INFO] Epoch 5 complete — avg_loss=0.2967  time=185s
[18:42:31 INFO]   val mIoU = 0.4318
[18:42:31 INFO]   ★ New best val mIoU: 0.4318
[18:42:45 INFO] Epoch 6/50  iter 50/743  loss=0.2691  lr=5.39e-05
[18:42:57 INFO] Epoch 6/50  iter 100/743  loss=0.4387  lr=5.38e-05
[18:43:10 INFO] Epoch 6/50  iter 150/743  loss=0.3016  lr=5.38e-05
[18:43:22 INFO] Epoch 6/50  iter 200/743  loss=0.2507  lr=5.37e-05
[18:43:34 INFO] Epoch 6/50  iter 250/743  loss=0.2461  lr=5.36e-05
[18:43:47 INFO] Epoch 6/50  iter 300/743  loss=0.1863  lr=5.35e-05
[18:43:59 INFO] Epoch 6/50  iter 350/743  loss=0.1601  lr=5.34e-05
[18:44:12 INFO] Epoch 6/50  iter 400/743  loss=0.3122  lr=5.34e-05
[18:44:24 INFO] Epoch 6/50  iter 450/743  loss=0.2156  lr=5.33e-05
[18:44:36 INFO] Epoch 6/50  iter 500/743  loss=0.3656  lr=5.32e-05
[18:44:49 INFO] Epoch 6/50  iter 550/743  loss=0.3654  lr=5.31e-05
[18:45:01 INFO] Epoch 6/50  iter 600/743  loss=0.2027  lr=5.30e-05
[18:45:13 INFO] Epoch 6/50  iter 650/743  loss=0.2745  lr=5.29e-05
[18:45:26 INFO] Epoch 6/50  iter 700/743  loss=0.1951  lr=5.29e-05
[18:45:36 INFO] Epoch 6 complete — avg_loss=0.2805  time=184s
[18:45:50 INFO] Epoch 7/50  iter 50/743  loss=0.2595  lr=5.27e-05
[18:46:02 INFO] Epoch 7/50  iter 100/743  loss=0.2957  lr=5.26e-05
[18:46:15 INFO] Epoch 7/50  iter 150/743  loss=0.2754  lr=5.26e-05
[18:46:27 INFO] Epoch 7/50  iter 200/743  loss=0.3162  lr=5.25e-05
[18:46:40 INFO] Epoch 7/50  iter 250/743  loss=0.3072  lr=5.24e-05
[18:46:52 INFO] Epoch 7/50  iter 300/743  loss=0.2920  lr=5.23e-05
[18:47:04 INFO] Epoch 7/50  iter 350/743  loss=0.2132  lr=5.22e-05
[18:47:17 INFO] Epoch 7/50  iter 400/743  loss=0.3961  lr=5.22e-05
[18:47:29 INFO] Epoch 7/50  iter 450/743  loss=0.2200  lr=5.21e-05
[18:47:41 INFO] Epoch 7/50  iter 500/743  loss=0.2104  lr=5.20e-05
[18:47:54 INFO] Epoch 7/50  iter 550/743  loss=0.1138  lr=5.19e-05
[18:48:06 INFO] Epoch 7/50  iter 600/743  loss=0.0879  lr=5.18e-05
[18:48:19 INFO] Epoch 7/50  iter 650/743  loss=0.1300  lr=5.17e-05
[18:48:31 INFO] Epoch 7/50  iter 700/743  loss=0.2565  lr=5.17e-05
[18:48:42 INFO] Epoch 7 complete — avg_loss=0.2628  time=185s
[18:48:55 INFO] Epoch 8/50  iter 50/743  loss=0.3691  lr=5.15e-05
[18:49:08 INFO] Epoch 8/50  iter 100/743  loss=0.1503  lr=5.14e-05
[18:49:20 INFO] Epoch 8/50  iter 150/743  loss=0.4479  lr=5.14e-05
[18:49:32 INFO] Epoch 8/50  iter 200/743  loss=0.1313  lr=5.13e-05
[18:49:45 INFO] Epoch 8/50  iter 250/743  loss=0.5704  lr=5.12e-05
[18:49:57 INFO] Epoch 8/50  iter 300/743  loss=0.2308  lr=5.11e-05
[18:50:10 INFO] Epoch 8/50  iter 350/743  loss=0.1039  lr=5.10e-05
[18:50:22 INFO] Epoch 8/50  iter 400/743  loss=0.1821  lr=5.10e-05
[18:50:34 INFO] Epoch 8/50  iter 450/743  loss=0.1586  lr=5.09e-05
[18:50:47 INFO] Epoch 8/50  iter 500/743  loss=0.1747  lr=5.08e-05
[18:50:59 INFO] Epoch 8/50  iter 550/743  loss=0.1233  lr=5.07e-05
[18:51:12 INFO] Epoch 8/50  iter 600/743  loss=0.8231  lr=5.06e-05
[18:51:24 INFO] Epoch 8/50  iter 650/743  loss=0.1379  lr=5.05e-05
[18:51:36 INFO] Epoch 8/50  iter 700/743  loss=0.1883  lr=5.05e-05
[18:51:47 INFO] Epoch 8 complete — avg_loss=0.2519  time=185s
[18:52:01 INFO] Epoch 9/50  iter 50/743  loss=0.1711  lr=5.03e-05
[18:52:13 INFO] Epoch 9/50  iter 100/743  loss=0.2353  lr=5.02e-05
[18:52:26 INFO] Epoch 9/50  iter 150/743  loss=0.1610  lr=5.02e-05
[18:52:38 INFO] Epoch 9/50  iter 200/743  loss=0.2039  lr=5.01e-05
[18:52:50 INFO] Epoch 9/50  iter 250/743  loss=0.2339  lr=5.00e-05
[18:53:03 INFO] Epoch 9/50  iter 300/743  loss=0.1162  lr=4.99e-05
[18:53:15 INFO] Epoch 9/50  iter 350/743  loss=0.2792  lr=4.98e-05
[18:53:28 INFO] Epoch 9/50  iter 400/743  loss=0.2505  lr=4.98e-05
[18:53:40 INFO] Epoch 9/50  iter 450/743  loss=0.4309  lr=4.97e-05
[18:53:52 INFO] Epoch 9/50  iter 500/743  loss=0.3125  lr=4.96e-05
[18:54:05 INFO] Epoch 9/50  iter 550/743  loss=0.3577  lr=4.95e-05
[18:54:17 INFO] Epoch 9/50  iter 600/743  loss=0.1887  lr=4.94e-05
[18:54:29 INFO] Epoch 9/50  iter 650/743  loss=0.2252  lr=4.93e-05
[18:54:42 INFO] Epoch 9/50  iter 700/743  loss=0.2623  lr=4.93e-05
[18:54:53 INFO] Epoch 9 complete — avg_loss=0.2539  time=185s
[18:55:06 INFO] Epoch 10/50  iter 50/743  loss=0.1162  lr=4.91e-05
[18:55:19 INFO] Epoch 10/50  iter 100/743  loss=0.1654  lr=4.90e-05
[18:55:31 INFO] Epoch 10/50  iter 150/743  loss=0.2294  lr=4.90e-05
[18:55:43 INFO] Epoch 10/50  iter 200/743  loss=0.0438  lr=4.89e-05
[18:55:56 INFO] Epoch 10/50  iter 250/743  loss=0.3160  lr=4.88e-05
[18:56:08 INFO] Epoch 10/50  iter 300/743  loss=0.0794  lr=4.87e-05
[18:56:20 INFO] Epoch 10/50  iter 350/743  loss=0.3198  lr=4.86e-05
[18:56:33 INFO] Epoch 10/50  iter 400/743  loss=0.2276  lr=4.86e-05
[18:56:45 INFO] Epoch 10/50  iter 450/743  loss=0.1541  lr=4.85e-05
[18:56:58 INFO] Epoch 10/50  iter 500/743  loss=0.1001  lr=4.84e-05
[18:57:10 INFO] Epoch 10/50  iter 550/743  loss=0.2032  lr=4.83e-05
[18:57:22 INFO] Epoch 10/50  iter 600/743  loss=0.3921  lr=4.82e-05
[18:57:35 INFO] Epoch 10/50  iter 650/743  loss=0.3045  lr=4.81e-05
[18:57:47 INFO] Epoch 10/50  iter 700/743  loss=0.1389  lr=4.81e-05
[18:57:58 INFO] Epoch 10 complete — avg_loss=0.2359  time=184s
[18:58:52 INFO]   val mIoU = 0.5399
[18:58:53 INFO]   ★ New best val mIoU: 0.5399
[18:59:07 INFO] Epoch 11/50  iter 50/743  loss=0.4293  lr=4.79e-05
[18:59:19 INFO] Epoch 11/50  iter 100/743  loss=0.2151  lr=4.78e-05
[18:59:31 INFO] Epoch 11/50  iter 150/743  loss=0.3757  lr=4.78e-05
[18:59:44 INFO] Epoch 11/50  iter 200/743  loss=0.6043  lr=4.77e-05
[18:59:56 INFO] Epoch 11/50  iter 250/743  loss=0.2507  lr=4.76e-05
[19:00:09 INFO] Epoch 11/50  iter 300/743  loss=0.4342  lr=4.75e-05
[19:00:21 INFO] Epoch 11/50  iter 350/743  loss=0.1261  lr=4.74e-05
[19:00:33 INFO] Epoch 11/50  iter 400/743  loss=0.1590  lr=4.74e-05
[19:00:46 INFO] Epoch 11/50  iter 450/743  loss=0.3666  lr=4.73e-05
[19:00:58 INFO] Epoch 11/50  iter 500/743  loss=0.1588  lr=4.72e-05
[19:01:11 INFO] Epoch 11/50  iter 550/743  loss=0.6198  lr=4.71e-05
[19:01:23 INFO] Epoch 11/50  iter 600/743  loss=0.2761  lr=4.70e-05
[19:01:35 INFO] Epoch 11/50  iter 650/743  loss=0.3154  lr=4.69e-05
[19:01:48 INFO] Epoch 11/50  iter 700/743  loss=0.1613  lr=4.69e-05
[19:01:58 INFO] Epoch 11 complete — avg_loss=0.2211  time=185s
[19:02:12 INFO] Epoch 12/50  iter 50/743  loss=0.2057  lr=4.67e-05
[19:02:24 INFO] Epoch 12/50  iter 100/743  loss=0.1241  lr=4.66e-05
[19:02:37 INFO] Epoch 12/50  iter 150/743  loss=0.2952  lr=4.66e-05
[19:02:49 INFO] Epoch 12/50  iter 200/743  loss=0.3236  lr=4.65e-05
[19:03:01 INFO] Epoch 12/50  iter 250/743  loss=0.3980  lr=4.64e-05
[19:03:14 INFO] Epoch 12/50  iter 300/743  loss=0.2197  lr=4.63e-05
[19:03:26 INFO] Epoch 12/50  iter 350/743  loss=0.2606  lr=4.62e-05
[19:03:38 INFO] Epoch 12/50  iter 400/743  loss=0.3560  lr=4.62e-05
[19:03:51 INFO] Epoch 12/50  iter 450/743  loss=0.0674  lr=4.61e-05
[19:04:03 INFO] Epoch 12/50  iter 500/743  loss=0.1648  lr=4.60e-05
[19:04:16 INFO] Epoch 12/50  iter 550/743  loss=0.1791  lr=4.59e-05
[19:04:28 INFO] Epoch 12/50  iter 600/743  loss=0.1915  lr=4.58e-05
[19:04:40 INFO] Epoch 12/50  iter 650/743  loss=0.1353  lr=4.57e-05
[19:04:53 INFO] Epoch 12/50  iter 700/743  loss=0.1237  lr=4.57e-05
[19:05:03 INFO] Epoch 12 complete — avg_loss=0.2201  time=184s
[19:05:17 INFO] Epoch 13/50  iter 50/743  loss=0.1687  lr=4.55e-05
[19:05:30 INFO] Epoch 13/50  iter 100/743  loss=0.0630  lr=4.54e-05
[19:05:42 INFO] Epoch 13/50  iter 150/743  loss=0.2268  lr=4.54e-05
[19:05:54 INFO] Epoch 13/50  iter 200/743  loss=0.1045  lr=4.53e-05
[19:06:07 INFO] Epoch 13/50  iter 250/743  loss=0.1784  lr=4.52e-05
[19:06:19 INFO] Epoch 13/50  iter 300/743  loss=0.1710  lr=4.51e-05
[19:06:31 INFO] Epoch 13/50  iter 350/743  loss=0.1419  lr=4.50e-05
[19:06:44 INFO] Epoch 13/50  iter 400/743  loss=0.1345  lr=4.50e-05
[19:06:56 INFO] Epoch 13/50  iter 450/743  loss=0.3491  lr=4.49e-05
[19:07:10 INFO] Epoch 13/50  iter 500/743  loss=0.1267  lr=4.48e-05
[19:07:28 INFO] Epoch 13/50  iter 550/743  loss=0.1313  lr=4.47e-05
[19:07:40 INFO] Epoch 13/50  iter 600/743  loss=0.1518  lr=4.46e-05
[19:07:52 INFO] Epoch 13/50  iter 650/743  loss=0.1127  lr=4.45e-05
[19:08:05 INFO] Epoch 13/50  iter 700/743  loss=0.1926  lr=4.45e-05
[19:08:16 INFO] Epoch 13 complete — avg_loss=0.2245  time=191s
[19:08:29 INFO] Epoch 14/50  iter 50/743  loss=0.1104  lr=4.43e-05
[19:08:41 INFO] Epoch 14/50  iter 100/743  loss=0.2300  lr=4.42e-05
[19:08:54 INFO] Epoch 14/50  iter 150/743  loss=0.1307  lr=4.42e-05
[19:09:06 INFO] Epoch 14/50  iter 200/743  loss=0.1798  lr=4.41e-05
[19:09:19 INFO] Epoch 14/50  iter 250/743  loss=0.2074  lr=4.40e-05
[19:09:31 INFO] Epoch 14/50  iter 300/743  loss=0.2401  lr=4.39e-05
[19:09:47 INFO] Epoch 14/50  iter 350/743  loss=0.2016  lr=4.38e-05
[19:10:02 INFO] Epoch 14/50  iter 400/743  loss=0.5964  lr=4.38e-05
[19:10:15 INFO] Epoch 14/50  iter 450/743  loss=0.1978  lr=4.37e-05
[19:10:27 INFO] Epoch 14/50  iter 500/743  loss=0.1327  lr=4.36e-05
[19:10:40 INFO] Epoch 14/50  iter 550/743  loss=0.2847  lr=4.35e-05
[19:10:52 INFO] Epoch 14/50  iter 600/743  loss=0.1989  lr=4.34e-05
[19:11:04 INFO] Epoch 14/50  iter 650/743  loss=0.1544  lr=4.33e-05
[19:11:17 INFO] Epoch 14/50  iter 700/743  loss=0.2487  lr=4.33e-05
[19:11:27 INFO] Epoch 14 complete — avg_loss=0.2112  time=191s
[19:11:41 INFO] Epoch 15/50  iter 50/743  loss=0.1473  lr=4.31e-05
[19:11:54 INFO] Epoch 15/50  iter 100/743  loss=0.1594  lr=4.30e-05
[19:12:06 INFO] Epoch 15/50  iter 150/743  loss=0.2689  lr=4.30e-05
[19:12:18 INFO] Epoch 15/50  iter 200/743  loss=0.1501  lr=4.29e-05
[19:12:31 INFO] Epoch 15/50  iter 250/743  loss=0.2208  lr=4.28e-05
[19:12:43 INFO] Epoch 15/50  iter 300/743  loss=0.3117  lr=4.27e-05
[19:12:55 INFO] Epoch 15/50  iter 350/743  loss=0.1563  lr=4.26e-05
[19:13:08 INFO] Epoch 15/50  iter 400/743  loss=0.3577  lr=4.26e-05
[19:13:20 INFO] Epoch 15/50  iter 450/743  loss=0.1331  lr=4.25e-05
[19:13:33 INFO] Epoch 15/50  iter 500/743  loss=0.2551  lr=4.24e-05
[19:13:45 INFO] Epoch 15/50  iter 550/743  loss=0.2079  lr=4.23e-05
[19:13:57 INFO] Epoch 15/50  iter 600/743  loss=0.1707  lr=4.22e-05
[19:14:10 INFO] Epoch 15/50  iter 650/743  loss=0.1560  lr=4.21e-05
[19:14:22 INFO] Epoch 15/50  iter 700/743  loss=0.1034  lr=4.21e-05
[19:14:33 INFO] Epoch 15 complete — avg_loss=0.2135  time=185s
[19:15:27 INFO]   val mIoU = 0.5923
[19:15:28 INFO]   ★ New best val mIoU: 0.5923
[19:15:42 INFO] Epoch 16/50  iter 50/743  loss=0.1295  lr=4.19e-05
[19:15:54 INFO] Epoch 16/50  iter 100/743  loss=0.2151  lr=4.18e-05
[19:16:06 INFO] Epoch 16/50  iter 150/743  loss=0.1530  lr=4.18e-05
[19:16:19 INFO] Epoch 16/50  iter 200/743  loss=0.0944  lr=4.17e-05
[19:16:31 INFO] Epoch 16/50  iter 250/743  loss=0.1617  lr=4.16e-05
[19:16:44 INFO] Epoch 16/50  iter 300/743  loss=0.1491  lr=4.15e-05
[19:16:56 INFO] Epoch 16/50  iter 350/743  loss=0.3778  lr=4.14e-05
[19:17:08 INFO] Epoch 16/50  iter 400/743  loss=0.0742  lr=4.14e-05
[19:17:21 INFO] Epoch 16/50  iter 450/743  loss=0.1518  lr=4.13e-05
[19:17:33 INFO] Epoch 16/50  iter 500/743  loss=0.2023  lr=4.12e-05
[19:17:46 INFO] Epoch 16/50  iter 550/743  loss=0.1538  lr=4.11e-05
[19:17:58 INFO] Epoch 16/50  iter 600/743  loss=0.2199  lr=4.10e-05
[19:18:10 INFO] Epoch 16/50  iter 650/743  loss=0.1343  lr=4.09e-05
[19:18:23 INFO] Epoch 16/50  iter 700/743  loss=0.1731  lr=4.09e-05
[19:18:33 INFO] Epoch 16 complete — avg_loss=0.1990  time=185s
[19:18:47 INFO] Epoch 17/50  iter 50/743  loss=0.1030  lr=4.07e-05
[19:18:59 INFO] Epoch 17/50  iter 100/743  loss=0.1329  lr=4.06e-05
[19:19:12 INFO] Epoch 17/50  iter 150/743  loss=0.1593  lr=4.06e-05
[19:19:24 INFO] Epoch 17/50  iter 200/743  loss=0.0668  lr=4.05e-05
[19:19:37 INFO] Epoch 17/50  iter 250/743  loss=0.1074  lr=4.04e-05
[19:19:49 INFO] Epoch 17/50  iter 300/743  loss=0.1613  lr=4.03e-05
[19:20:01 INFO] Epoch 17/50  iter 350/743  loss=0.1275  lr=4.02e-05
[19:20:14 INFO] Epoch 17/50  iter 400/743  loss=0.1728  lr=4.02e-05
[19:20:26 INFO] Epoch 17/50  iter 450/743  loss=0.1894  lr=4.01e-05
[19:20:39 INFO] Epoch 17/50  iter 500/743  loss=0.1284  lr=4.00e-05
[19:20:51 INFO] Epoch 17/50  iter 550/743  loss=0.2534  lr=3.99e-05
[19:21:03 INFO] Epoch 17/50  iter 600/743  loss=0.1057  lr=3.98e-05
[19:21:16 INFO] Epoch 17/50  iter 650/743  loss=0.0995  lr=3.97e-05
[19:21:28 INFO] Epoch 17/50  iter 700/743  loss=0.0817  lr=3.97e-05
[19:21:39 INFO] Epoch 17 complete — avg_loss=0.1983  time=185s
[19:21:52 INFO] Epoch 18/50  iter 50/743  loss=0.1467  lr=3.95e-05
[19:22:05 INFO] Epoch 18/50  iter 100/743  loss=0.5268  lr=3.94e-05
[19:22:17 INFO] Epoch 18/50  iter 150/743  loss=0.1803  lr=3.94e-05
[19:22:30 INFO] Epoch 18/50  iter 200/743  loss=0.1726  lr=3.93e-05
[19:22:42 INFO] Epoch 18/50  iter 250/743  loss=0.2514  lr=3.92e-05
[19:22:54 INFO] Epoch 18/50  iter 300/743  loss=0.2118  lr=3.91e-05
[19:23:07 INFO] Epoch 18/50  iter 350/743  loss=0.2231  lr=3.90e-05
[19:23:19 INFO] Epoch 18/50  iter 400/743  loss=0.2141  lr=3.90e-05
[19:23:31 INFO] Epoch 18/50  iter 450/743  loss=0.0811  lr=3.89e-05
[19:23:44 INFO] Epoch 18/50  iter 500/743  loss=0.0810  lr=3.88e-05
[19:23:56 INFO] Epoch 18/50  iter 550/743  loss=0.1041  lr=3.87e-05
[19:24:09 INFO] Epoch 18/50  iter 600/743  loss=0.2481  lr=3.86e-05
[19:24:21 INFO] Epoch 18/50  iter 650/743  loss=0.1115  lr=3.85e-05
[19:24:33 INFO] Epoch 18/50  iter 700/743  loss=0.2926  lr=3.85e-05
[19:24:44 INFO] Epoch 18 complete — avg_loss=0.1877  time=185s
[19:24:58 INFO] Epoch 19/50  iter 50/743  loss=0.2114  lr=3.83e-05
[19:25:10 INFO] Epoch 19/50  iter 100/743  loss=0.1414  lr=3.82e-05
[19:25:22 INFO] Epoch 19/50  iter 150/743  loss=0.1455  lr=3.82e-05
[19:25:35 INFO] Epoch 19/50  iter 200/743  loss=0.1441  lr=3.81e-05
[19:25:47 INFO] Epoch 19/50  iter 250/743  loss=0.1343  lr=3.80e-05
[19:26:00 INFO] Epoch 19/50  iter 300/743  loss=0.1052  lr=3.79e-05
[19:26:12 INFO] Epoch 19/50  iter 350/743  loss=0.1502  lr=3.78e-05
[19:26:24 INFO] Epoch 19/50  iter 400/743  loss=0.1160  lr=3.78e-05
[19:26:37 INFO] Epoch 19/50  iter 450/743  loss=0.1826  lr=3.77e-05
[19:26:49 INFO] Epoch 19/50  iter 500/743  loss=0.0844  lr=3.76e-05
[19:27:01 INFO] Epoch 19/50  iter 550/743  loss=0.1963  lr=3.75e-05
[19:27:14 INFO] Epoch 19/50  iter 600/743  loss=0.3896  lr=3.74e-05
[19:27:26 INFO] Epoch 19/50  iter 650/743  loss=0.1424  lr=3.73e-05
[19:27:39 INFO] Epoch 19/50  iter 700/743  loss=0.1464  lr=3.73e-05
[19:27:49 INFO] Epoch 19 complete — avg_loss=0.1958  time=185s
[19:28:03 INFO] Epoch 20/50  iter 50/743  loss=0.2170  lr=3.71e-05
[19:28:15 INFO] Epoch 20/50  iter 100/743  loss=0.1214  lr=3.70e-05
[19:28:28 INFO] Epoch 20/50  iter 150/743  loss=0.1134  lr=3.70e-05
[19:28:40 INFO] Epoch 20/50  iter 200/743  loss=0.1885  lr=3.69e-05
[19:28:52 INFO] Epoch 20/50  iter 250/743  loss=0.1600  lr=3.68e-05
[19:29:05 INFO] Epoch 20/50  iter 300/743  loss=0.0965  lr=3.67e-05
[19:29:17 INFO] Epoch 20/50  iter 350/743  loss=0.0975  lr=3.66e-05
[19:29:30 INFO] Epoch 20/50  iter 400/743  loss=0.1009  lr=3.66e-05
[19:29:42 INFO] Epoch 20/50  iter 450/743  loss=0.2365  lr=3.65e-05
[19:29:54 INFO] Epoch 20/50  iter 500/743  loss=0.2364  lr=3.64e-05
[19:30:07 INFO] Epoch 20/50  iter 550/743  loss=0.1644  lr=3.63e-05
[19:30:19 INFO] Epoch 20/50  iter 600/743  loss=0.0821  lr=3.62e-05
[19:30:31 INFO] Epoch 20/50  iter 650/743  loss=0.1755  lr=3.61e-05
[19:30:44 INFO] Epoch 20/50  iter 700/743  loss=0.1597  lr=3.61e-05
[19:30:54 INFO] Epoch 20 complete — avg_loss=0.1906  time=185s
[19:31:47 INFO]   val mIoU = 0.5805
[19:32:00 INFO] Epoch 21/50  iter 50/743  loss=0.1523  lr=3.59e-05
[19:32:13 INFO] Epoch 21/50  iter 100/743  loss=0.1341  lr=3.58e-05
[19:32:25 INFO] Epoch 21/50  iter 150/743  loss=0.0913  lr=3.58e-05
[19:32:38 INFO] Epoch 21/50  iter 200/743  loss=1.6360  lr=3.57e-05
[19:32:50 INFO] Epoch 21/50  iter 250/743  loss=0.1628  lr=3.56e-05
[19:33:02 INFO] Epoch 21/50  iter 300/743  loss=0.1412  lr=3.55e-05
[19:33:15 INFO] Epoch 21/50  iter 350/743  loss=0.0889  lr=3.54e-05
[19:33:27 INFO] Epoch 21/50  iter 400/743  loss=0.1742  lr=3.54e-05
[19:33:39 INFO] Epoch 21/50  iter 450/743  loss=0.1635  lr=3.53e-05
[19:33:52 INFO] Epoch 21/50  iter 500/743  loss=0.1194  lr=3.52e-05
[19:34:04 INFO] Epoch 21/50  iter 550/743  loss=0.1112  lr=3.51e-05
[19:34:17 INFO] Epoch 21/50  iter 600/743  loss=0.1373  lr=3.50e-05
[19:34:29 INFO] Epoch 21/50  iter 650/743  loss=0.2773  lr=3.49e-05
[19:34:41 INFO] Epoch 21/50  iter 700/743  loss=0.1321  lr=3.49e-05
[19:34:52 INFO] Epoch 21 complete — avg_loss=0.1789  time=184s
[19:35:06 INFO] Epoch 22/50  iter 50/743  loss=0.1404  lr=3.47e-05
[19:35:18 INFO] Epoch 22/50  iter 100/743  loss=0.1047  lr=3.46e-05
[19:35:30 INFO] Epoch 22/50  iter 150/743  loss=0.0969  lr=3.46e-05
[19:35:43 INFO] Epoch 22/50  iter 200/743  loss=0.3307  lr=3.45e-05
[19:35:55 INFO] Epoch 22/50  iter 250/743  loss=0.1880  lr=3.44e-05
[19:36:08 INFO] Epoch 22/50  iter 300/743  loss=0.1576  lr=3.43e-05
[19:36:20 INFO] Epoch 22/50  iter 350/743  loss=0.1701  lr=3.42e-05
[19:36:32 INFO] Epoch 22/50  iter 400/743  loss=0.1432  lr=3.42e-05
[19:36:45 INFO] Epoch 22/50  iter 450/743  loss=0.2821  lr=3.41e-05
[19:36:57 INFO] Epoch 22/50  iter 500/743  loss=0.1634  lr=3.40e-05
[19:37:10 INFO] Epoch 22/50  iter 550/743  loss=0.1532  lr=3.39e-05
[19:37:22 INFO] Epoch 22/50  iter 600/743  loss=0.1195  lr=3.38e-05
[19:37:34 INFO] Epoch 22/50  iter 650/743  loss=0.2107  lr=3.37e-05
[19:37:47 INFO] Epoch 22/50  iter 700/743  loss=0.1975  lr=3.37e-05
[19:37:57 INFO] Epoch 22 complete — avg_loss=0.1763  time=185s
[19:38:11 INFO] Epoch 23/50  iter 50/743  loss=0.1331  lr=3.35e-05
[19:38:23 INFO] Epoch 23/50  iter 100/743  loss=0.0981  lr=3.34e-05
[19:38:36 INFO] Epoch 23/50  iter 150/743  loss=0.8388  lr=3.34e-05
[19:38:48 INFO] Epoch 23/50  iter 200/743  loss=0.1719  lr=3.33e-05
[19:39:01 INFO] Epoch 23/50  iter 250/743  loss=0.2537  lr=3.32e-05
[19:39:13 INFO] Epoch 23/50  iter 300/743  loss=0.1179  lr=3.31e-05
[19:39:25 INFO] Epoch 23/50  iter 350/743  loss=0.0257  lr=3.30e-05
[19:39:38 INFO] Epoch 23/50  iter 400/743  loss=0.2344  lr=3.30e-05
[19:39:50 INFO] Epoch 23/50  iter 450/743  loss=0.1591  lr=3.29e-05
[19:40:02 INFO] Epoch 23/50  iter 500/743  loss=0.1439  lr=3.28e-05
[19:40:15 INFO] Epoch 23/50  iter 550/743  loss=0.1523  lr=3.27e-05
[19:40:27 INFO] Epoch 23/50  iter 600/743  loss=0.1015  lr=3.26e-05
[19:40:40 INFO] Epoch 23/50  iter 650/743  loss=0.1909  lr=3.25e-05
[19:40:52 INFO] Epoch 23/50  iter 700/743  loss=0.0735  lr=3.25e-05
[19:41:03 INFO] Epoch 23 complete — avg_loss=0.1698  time=185s
[19:41:16 INFO] Epoch 24/50  iter 50/743  loss=0.0889  lr=3.23e-05
[19:41:29 INFO] Epoch 24/50  iter 100/743  loss=0.1781  lr=3.22e-05
[19:41:41 INFO] Epoch 24/50  iter 150/743  loss=0.1378  lr=3.22e-05
[19:41:54 INFO] Epoch 24/50  iter 200/743  loss=0.1199  lr=3.21e-05
[19:42:06 INFO] Epoch 24/50  iter 250/743  loss=0.0673  lr=3.20e-05
[19:42:18 INFO] Epoch 24/50  iter 300/743  loss=0.1227  lr=3.19e-05
[19:42:31 INFO] Epoch 24/50  iter 350/743  loss=0.0977  lr=3.18e-05
[19:42:43 INFO] Epoch 24/50  iter 400/743  loss=0.2153  lr=3.18e-05
[19:42:55 INFO] Epoch 24/50  iter 450/743  loss=0.0982  lr=3.17e-05
[19:43:08 INFO] Epoch 24/50  iter 500/743  loss=0.1220  lr=3.16e-05
[19:43:20 INFO] Epoch 24/50  iter 550/743  loss=0.1387  lr=3.15e-05
[19:43:33 INFO] Epoch 24/50  iter 600/743  loss=0.1187  lr=3.14e-05
[19:43:45 INFO] Epoch 24/50  iter 650/743  loss=0.1731  lr=3.13e-05
[19:43:57 INFO] Epoch 24/50  iter 700/743  loss=0.1010  lr=3.13e-05
[19:44:08 INFO] Epoch 24 complete — avg_loss=0.1721  time=185s
[19:44:22 INFO] Epoch 25/50  iter 50/743  loss=0.0847  lr=3.11e-05
[19:44:34 INFO] Epoch 25/50  iter 100/743  loss=0.2189  lr=3.10e-05
[19:44:46 INFO] Epoch 25/50  iter 150/743  loss=0.1189  lr=3.10e-05
[19:44:59 INFO] Epoch 25/50  iter 200/743  loss=0.1104  lr=3.09e-05
[19:45:11 INFO] Epoch 25/50  iter 250/743  loss=0.1608  lr=3.08e-05
[19:45:24 INFO] Epoch 25/50  iter 300/743  loss=0.1265  lr=3.07e-05
[19:45:36 INFO] Epoch 25/50  iter 350/743  loss=0.1991  lr=3.06e-05
[19:45:48 INFO] Epoch 25/50  iter 400/743  loss=0.0723  lr=3.06e-05
[19:46:01 INFO] Epoch 25/50  iter 450/743  loss=0.2901  lr=3.05e-05
[19:46:13 INFO] Epoch 25/50  iter 500/743  loss=0.1488  lr=3.04e-05
[19:46:26 INFO] Epoch 25/50  iter 550/743  loss=0.2484  lr=3.03e-05
[19:46:38 INFO] Epoch 25/50  iter 600/743  loss=0.1520  lr=3.02e-05
[19:46:50 INFO] Epoch 25/50  iter 650/743  loss=0.1129  lr=3.01e-05
[19:47:03 INFO] Epoch 25/50  iter 700/743  loss=0.1410  lr=3.01e-05
[19:47:13 INFO] Epoch 25 complete — avg_loss=0.1692  time=185s
[19:48:06 INFO]   val mIoU = 0.6097
[19:48:07 INFO]   ★ New best val mIoU: 0.6097
[19:48:20 INFO] Epoch 26/50  iter 50/743  loss=0.1614  lr=2.99e-05
[19:48:33 INFO] Epoch 26/50  iter 100/743  loss=0.1083  lr=2.98e-05
[19:48:45 INFO] Epoch 26/50  iter 150/743  loss=0.1987  lr=2.98e-05
[19:48:57 INFO] Epoch 26/50  iter 200/743  loss=0.0774  lr=2.97e-05
[19:49:10 INFO] Epoch 26/50  iter 250/743  loss=0.1332  lr=2.96e-05
[19:49:22 INFO] Epoch 26/50  iter 300/743  loss=0.2408  lr=2.95e-05
[19:49:35 INFO] Epoch 26/50  iter 350/743  loss=0.0943  lr=2.94e-05
[19:49:47 INFO] Epoch 26/50  iter 400/743  loss=0.1040  lr=2.94e-05
[19:49:59 INFO] Epoch 26/50  iter 450/743  loss=0.0901  lr=2.93e-05
[19:50:12 INFO] Epoch 26/50  iter 500/743  loss=0.1824  lr=2.92e-05
[19:50:24 INFO] Epoch 26/50  iter 550/743  loss=0.1960  lr=2.91e-05
[19:50:37 INFO] Epoch 26/50  iter 600/743  loss=0.0819  lr=2.90e-05
[19:50:49 INFO] Epoch 26/50  iter 650/743  loss=0.0876  lr=2.89e-05
[19:51:01 INFO] Epoch 26/50  iter 700/743  loss=0.1722  lr=2.89e-05
[19:51:12 INFO] Epoch 26 complete — avg_loss=0.1676  time=185s
[19:51:26 INFO] Epoch 27/50  iter 50/743  loss=0.0942  lr=2.87e-05
[19:51:38 INFO] Epoch 27/50  iter 100/743  loss=0.1022  lr=2.86e-05
[19:51:50 INFO] Epoch 27/50  iter 150/743  loss=0.0848  lr=2.86e-05
[19:52:03 INFO] Epoch 27/50  iter 200/743  loss=0.0807  lr=2.85e-05
[19:52:15 INFO] Epoch 27/50  iter 250/743  loss=0.1883  lr=2.84e-05
[19:52:28 INFO] Epoch 27/50  iter 300/743  loss=0.1263  lr=2.83e-05
[19:52:40 INFO] Epoch 27/50  iter 350/743  loss=0.1032  lr=2.82e-05
[19:52:52 INFO] Epoch 27/50  iter 400/743  loss=0.1262  lr=2.82e-05
[19:53:05 INFO] Epoch 27/50  iter 450/743  loss=0.1439  lr=2.81e-05
[19:53:17 INFO] Epoch 27/50  iter 500/743  loss=0.1102  lr=2.80e-05
[19:53:30 INFO] Epoch 27/50  iter 550/743  loss=0.1169  lr=2.79e-05
[19:53:42 INFO] Epoch 27/50  iter 600/743  loss=0.2484  lr=2.78e-05
[19:53:54 INFO] Epoch 27/50  iter 650/743  loss=0.0729  lr=2.77e-05
[19:54:07 INFO] Epoch 27/50  iter 700/743  loss=0.2018  lr=2.77e-05
[19:54:17 INFO] Epoch 27 complete — avg_loss=0.1653  time=185s
[19:54:31 INFO] Epoch 28/50  iter 50/743  loss=0.1832  lr=2.75e-05
[19:54:43 INFO] Epoch 28/50  iter 100/743  loss=0.2448  lr=2.74e-05
[19:54:56 INFO] Epoch 28/50  iter 150/743  loss=0.1230  lr=2.74e-05
[19:55:08 INFO] Epoch 28/50  iter 200/743  loss=0.0738  lr=2.73e-05
[19:55:21 INFO] Epoch 28/50  iter 250/743  loss=0.0665  lr=2.72e-05
[19:55:33 INFO] Epoch 28/50  iter 300/743  loss=0.1636  lr=2.71e-05
[19:55:45 INFO] Epoch 28/50  iter 350/743  loss=0.1806  lr=2.70e-05
[19:55:58 INFO] Epoch 28/50  iter 400/743  loss=0.1120  lr=2.70e-05
[19:56:10 INFO] Epoch 28/50  iter 450/743  loss=0.0712  lr=2.69e-05
[19:56:23 INFO] Epoch 28/50  iter 500/743  loss=0.1709  lr=2.68e-05
[19:56:35 INFO] Epoch 28/50  iter 550/743  loss=0.0567  lr=2.67e-05
[19:56:47 INFO] Epoch 28/50  iter 600/743  loss=0.1296  lr=2.66e-05
[19:57:00 INFO] Epoch 28/50  iter 650/743  loss=0.1956  lr=2.65e-05
[19:57:12 INFO] Epoch 28/50  iter 700/743  loss=0.4217  lr=2.65e-05
[19:57:23 INFO] Epoch 28 complete — avg_loss=0.1703  time=185s
[19:57:36 INFO] Epoch 29/50  iter 50/743  loss=0.1557  lr=2.63e-05
[19:57:49 INFO] Epoch 29/50  iter 100/743  loss=0.3583  lr=2.62e-05
[19:58:01 INFO] Epoch 29/50  iter 150/743  loss=0.1737  lr=2.62e-05
[19:58:14 INFO] Epoch 29/50  iter 200/743  loss=0.1831  lr=2.61e-05
[19:58:26 INFO] Epoch 29/50  iter 250/743  loss=0.1053  lr=2.60e-05
[19:58:38 INFO] Epoch 29/50  iter 300/743  loss=0.1266  lr=2.59e-05
[19:58:51 INFO] Epoch 29/50  iter 350/743  loss=0.1777  lr=2.58e-05
[19:59:03 INFO] Epoch 29/50  iter 400/743  loss=0.1533  lr=2.58e-05
[19:59:16 INFO] Epoch 29/50  iter 450/743  loss=0.5544  lr=2.57e-05
[19:59:28 INFO] Epoch 29/50  iter 500/743  loss=0.1574  lr=2.56e-05
[19:59:40 INFO] Epoch 29/50  iter 550/743  loss=0.1162  lr=2.55e-05
[19:59:53 INFO] Epoch 29/50  iter 600/743  loss=0.1551  lr=2.54e-05
[20:00:05 INFO] Epoch 29/50  iter 650/743  loss=0.6517  lr=2.53e-05
[20:00:18 INFO] Epoch 29/50  iter 700/743  loss=0.1483  lr=2.53e-05
[20:00:28 INFO] Epoch 29 complete — avg_loss=0.1629  time=185s
[20:00:42 INFO] Epoch 30/50  iter 50/743  loss=0.0708  lr=2.51e-05
[20:00:55 INFO] Epoch 30/50  iter 100/743  loss=0.1944  lr=2.50e-05
[20:01:07 INFO] Epoch 30/50  iter 150/743  loss=0.1043  lr=2.50e-05
[20:01:19 INFO] Epoch 30/50  iter 200/743  loss=0.2549  lr=2.49e-05
[20:01:32 INFO] Epoch 30/50  iter 250/743  loss=0.1269  lr=2.48e-05
[20:01:44 INFO] Epoch 30/50  iter 300/743  loss=0.2243  lr=2.47e-05
[20:01:56 INFO] Epoch 30/50  iter 350/743  loss=0.2037  lr=2.46e-05
[20:02:09 INFO] Epoch 30/50  iter 400/743  loss=0.1630  lr=2.46e-05
[20:02:21 INFO] Epoch 30/50  iter 450/743  loss=0.1891  lr=2.45e-05
[20:02:34 INFO] Epoch 30/50  iter 500/743  loss=0.1419  lr=2.44e-05
[20:02:46 INFO] Epoch 30/50  iter 550/743  loss=0.1637  lr=2.43e-05
[20:02:58 INFO] Epoch 30/50  iter 600/743  loss=0.1493  lr=2.42e-05
[20:03:11 INFO] Epoch 30/50  iter 650/743  loss=0.1989  lr=2.41e-05
[20:03:23 INFO] Epoch 30/50  iter 700/743  loss=0.1232  lr=2.41e-05
[20:03:34 INFO] Epoch 30 complete — avg_loss=0.1544  time=185s
[20:04:27 INFO]   val mIoU = 0.5759
[20:04:40 INFO] Epoch 31/50  iter 50/743  loss=0.1005  lr=2.39e-05
[20:04:52 INFO] Epoch 31/50  iter 100/743  loss=0.1803  lr=2.38e-05
[20:05:05 INFO] Epoch 31/50  iter 150/743  loss=0.1614  lr=2.38e-05
[20:05:17 INFO] Epoch 31/50  iter 200/743  loss=0.2039  lr=2.37e-05
[20:05:30 INFO] Epoch 31/50  iter 250/743  loss=0.1166  lr=2.36e-05
[20:05:42 INFO] Epoch 31/50  iter 300/743  loss=0.5547  lr=2.35e-05
[20:05:54 INFO] Epoch 31/50  iter 350/743  loss=0.0623  lr=2.34e-05
[20:06:07 INFO] Epoch 31/50  iter 400/743  loss=0.0950  lr=2.34e-05
[20:06:19 INFO] Epoch 31/50  iter 450/743  loss=0.1630  lr=2.33e-05
[20:06:31 INFO] Epoch 31/50  iter 500/743  loss=0.1857  lr=2.32e-05
[20:06:44 INFO] Epoch 31/50  iter 550/743  loss=0.1967  lr=2.31e-05
[20:06:56 INFO] Epoch 31/50  iter 600/743  loss=0.0632  lr=2.30e-05
[20:07:09 INFO] Epoch 31/50  iter 650/743  loss=0.1522  lr=2.29e-05
[20:07:21 INFO] Epoch 31/50  iter 700/743  loss=0.0800  lr=2.29e-05
[20:07:32 INFO] Epoch 31 complete — avg_loss=0.1501  time=184s
[20:07:45 INFO] Epoch 32/50  iter 50/743  loss=0.0786  lr=2.27e-05
[20:07:58 INFO] Epoch 32/50  iter 100/743  loss=0.1938  lr=2.26e-05
[20:08:10 INFO] Epoch 32/50  iter 150/743  loss=0.1736  lr=2.26e-05
[20:08:22 INFO] Epoch 32/50  iter 200/743  loss=0.1829  lr=2.25e-05
[20:08:35 INFO] Epoch 32/50  iter 250/743  loss=0.1608  lr=2.24e-05
[20:08:47 INFO] Epoch 32/50  iter 300/743  loss=0.1140  lr=2.23e-05
[20:09:00 INFO] Epoch 32/50  iter 350/743  loss=0.0894  lr=2.22e-05
[20:09:12 INFO] Epoch 32/50  iter 400/743  loss=0.3315  lr=2.22e-05
[20:09:24 INFO] Epoch 32/50  iter 450/743  loss=0.0563  lr=2.21e-05
[20:09:37 INFO] Epoch 32/50  iter 500/743  loss=0.0764  lr=2.20e-05
[20:09:49 INFO] Epoch 32/50  iter 550/743  loss=0.1532  lr=2.19e-05
[20:10:02 INFO] Epoch 32/50  iter 600/743  loss=0.2780  lr=2.18e-05
[20:10:14 INFO] Epoch 32/50  iter 650/743  loss=0.1227  lr=2.17e-05
[20:10:26 INFO] Epoch 32/50  iter 700/743  loss=0.0837  lr=2.17e-05
[20:10:37 INFO] Epoch 32 complete — avg_loss=0.1504  time=185s
[20:10:50 INFO] Epoch 33/50  iter 50/743  loss=0.1812  lr=2.15e-05
[20:11:03 INFO] Epoch 33/50  iter 100/743  loss=0.2233  lr=2.14e-05
[20:11:15 INFO] Epoch 33/50  iter 150/743  loss=0.1201  lr=2.14e-05
[20:11:28 INFO] Epoch 33/50  iter 200/743  loss=0.1094  lr=2.13e-05
[20:11:40 INFO] Epoch 33/50  iter 250/743  loss=0.0850  lr=2.12e-05
[20:11:52 INFO] Epoch 33/50  iter 300/743  loss=0.1424  lr=2.11e-05
[20:12:05 INFO] Epoch 33/50  iter 350/743  loss=0.1002  lr=2.10e-05
[20:12:17 INFO] Epoch 33/50  iter 400/743  loss=0.1486  lr=2.10e-05
[20:12:30 INFO] Epoch 33/50  iter 450/743  loss=0.2342  lr=2.09e-05
[20:12:42 INFO] Epoch 33/50  iter 500/743  loss=0.1358  lr=2.08e-05
[20:12:54 INFO] Epoch 33/50  iter 550/743  loss=0.1400  lr=2.07e-05
[20:13:07 INFO] Epoch 33/50  iter 600/743  loss=0.1849  lr=2.06e-05
[20:13:19 INFO] Epoch 33/50  iter 650/743  loss=0.3729  lr=2.05e-05
[20:13:31 INFO] Epoch 33/50  iter 700/743  loss=0.1768  lr=2.05e-05
[20:13:42 INFO] Epoch 33 complete — avg_loss=0.1509  time=185s
[20:13:56 INFO] Epoch 34/50  iter 50/743  loss=0.1542  lr=2.03e-05
[20:14:08 INFO] Epoch 34/50  iter 100/743  loss=0.1192  lr=2.02e-05
[20:14:20 INFO] Epoch 34/50  iter 150/743  loss=0.5748  lr=2.02e-05
[20:14:33 INFO] Epoch 34/50  iter 200/743  loss=0.1072  lr=2.01e-05
[20:14:45 INFO] Epoch 34/50  iter 250/743  loss=0.0841  lr=2.00e-05
[20:14:58 INFO] Epoch 34/50  iter 300/743  loss=0.0873  lr=1.99e-05
[20:15:10 INFO] Epoch 34/50  iter 350/743  loss=0.1104  lr=1.98e-05
[20:15:22 INFO] Epoch 34/50  iter 400/743  loss=0.0895  lr=1.98e-05
[20:15:35 INFO] Epoch 34/50  iter 450/743  loss=0.1245  lr=1.97e-05
[20:15:47 INFO] Epoch 34/50  iter 500/743  loss=0.1631  lr=1.96e-05
[20:15:59 INFO] Epoch 34/50  iter 550/743  loss=0.1586  lr=1.95e-05
[20:16:12 INFO] Epoch 34/50  iter 600/743  loss=0.1731  lr=1.94e-05
[20:16:24 INFO] Epoch 34/50  iter 650/743  loss=0.2122  lr=1.93e-05
[20:16:37 INFO] Epoch 34/50  iter 700/743  loss=0.0950  lr=1.93e-05
[20:16:47 INFO] Epoch 34 complete — avg_loss=0.1564  time=184s
[20:17:01 INFO] Epoch 35/50  iter 50/743  loss=0.1428  lr=1.91e-05
[20:17:13 INFO] Epoch 35/50  iter 100/743  loss=0.1261  lr=1.90e-05
[20:17:26 INFO] Epoch 35/50  iter 150/743  loss=0.0893  lr=1.90e-05
[20:17:38 INFO] Epoch 35/50  iter 200/743  loss=0.1420  lr=1.89e-05
[20:17:51 INFO] Epoch 35/50  iter 250/743  loss=0.0607  lr=1.88e-05
[20:18:03 INFO] Epoch 35/50  iter 300/743  loss=0.1216  lr=1.87e-05
[20:18:15 INFO] Epoch 35/50  iter 350/743  loss=0.1809  lr=1.86e-05
[20:18:28 INFO] Epoch 35/50  iter 400/743  loss=0.1143  lr=1.86e-05
[20:18:40 INFO] Epoch 35/50  iter 450/743  loss=0.1201  lr=1.85e-05
[20:18:53 INFO] Epoch 35/50  iter 500/743  loss=0.1471  lr=1.84e-05
[20:19:05 INFO] Epoch 35/50  iter 550/743  loss=0.1262  lr=1.83e-05
[20:19:17 INFO] Epoch 35/50  iter 600/743  loss=0.1464  lr=1.82e-05
[20:19:30 INFO] Epoch 35/50  iter 650/743  loss=0.0506  lr=1.81e-05
[20:19:42 INFO] Epoch 35/50  iter 700/743  loss=0.1384  lr=1.81e-05
[20:19:53 INFO] Epoch 35 complete — avg_loss=0.1485  time=185s
[20:20:48 INFO]   val mIoU = 0.6088
[20:21:01 INFO] Epoch 36/50  iter 50/743  loss=0.0727  lr=1.79e-05
[20:21:14 INFO] Epoch 36/50  iter 100/743  loss=0.0569  lr=1.78e-05
[20:21:26 INFO] Epoch 36/50  iter 150/743  loss=0.2838  lr=1.78e-05
[20:21:38 INFO] Epoch 36/50  iter 200/743  loss=0.1116  lr=1.77e-05
[20:21:51 INFO] Epoch 36/50  iter 250/743  loss=0.1858  lr=1.76e-05
[20:22:03 INFO] Epoch 36/50  iter 300/743  loss=0.0940  lr=1.75e-05
[20:22:16 INFO] Epoch 36/50  iter 350/743  loss=0.1263  lr=1.74e-05
[20:22:28 INFO] Epoch 36/50  iter 400/743  loss=0.1874  lr=1.74e-05
[20:22:40 INFO] Epoch 36/50  iter 450/743  loss=0.1756  lr=1.73e-05
[20:22:53 INFO] Epoch 36/50  iter 500/743  loss=0.1266  lr=1.72e-05
[20:23:05 INFO] Epoch 36/50  iter 550/743  loss=0.1543  lr=1.71e-05
[20:23:18 INFO] Epoch 36/50  iter 600/743  loss=0.0953  lr=1.70e-05
[20:23:30 INFO] Epoch 36/50  iter 650/743  loss=0.0975  lr=1.69e-05
[20:23:42 INFO] Epoch 36/50  iter 700/743  loss=0.1338  lr=1.69e-05
[20:23:53 INFO] Epoch 36 complete — avg_loss=0.1456  time=185s
[20:24:07 INFO] Epoch 37/50  iter 50/743  loss=0.1507  lr=1.67e-05
[20:24:19 INFO] Epoch 37/50  iter 100/743  loss=0.2080  lr=1.66e-05
[20:24:31 INFO] Epoch 37/50  iter 150/743  loss=0.1263  lr=1.66e-05
[20:24:44 INFO] Epoch 37/50  iter 200/743  loss=0.0851  lr=1.65e-05
[20:24:56 INFO] Epoch 37/50  iter 250/743  loss=0.1340  lr=1.64e-05
[20:25:09 INFO] Epoch 37/50  iter 300/743  loss=0.1121  lr=1.63e-05
[20:25:21 INFO] Epoch 37/50  iter 350/743  loss=0.1565  lr=1.62e-05
[20:25:33 INFO] Epoch 37/50  iter 400/743  loss=0.1143  lr=1.62e-05
[20:25:46 INFO] Epoch 37/50  iter 450/743  loss=0.0861  lr=1.61e-05
[20:25:58 INFO] Epoch 37/50  iter 500/743  loss=0.3050  lr=1.60e-05
[20:26:11 INFO] Epoch 37/50  iter 550/743  loss=0.1150  lr=1.59e-05
[20:26:23 INFO] Epoch 37/50  iter 600/743  loss=0.0797  lr=1.58e-05
[20:26:35 INFO] Epoch 37/50  iter 650/743  loss=0.1775  lr=1.57e-05
[20:26:48 INFO] Epoch 37/50  iter 700/743  loss=0.1386  lr=1.57e-05
[20:26:58 INFO] Epoch 37 complete — avg_loss=0.1439  time=185s
[20:27:12 INFO] Epoch 38/50  iter 50/743  loss=0.2254  lr=1.55e-05
[20:27:24 INFO] Epoch 38/50  iter 100/743  loss=0.3050  lr=1.54e-05
[20:27:37 INFO] Epoch 38/50  iter 150/743  loss=0.1398  lr=1.54e-05
[20:27:49 INFO] Epoch 38/50  iter 200/743  loss=0.0639  lr=1.53e-05
[20:28:02 INFO] Epoch 38/50  iter 250/743  loss=0.1642  lr=1.52e-05
[20:28:14 INFO] Epoch 38/50  iter 300/743  loss=0.1245  lr=1.51e-05
[20:28:26 INFO] Epoch 38/50  iter 350/743  loss=0.1561  lr=1.50e-05
[20:28:39 INFO] Epoch 38/50  iter 400/743  loss=0.1557  lr=1.50e-05
[20:28:51 INFO] Epoch 38/50  iter 450/743  loss=0.1666  lr=1.49e-05
[20:29:04 INFO] Epoch 38/50  iter 500/743  loss=0.0695  lr=1.48e-05
[20:29:16 INFO] Epoch 38/50  iter 550/743  loss=0.0595  lr=1.47e-05
[20:29:28 INFO] Epoch 38/50  iter 600/743  loss=0.1748  lr=1.46e-05
[20:29:41 INFO] Epoch 38/50  iter 650/743  loss=0.1590  lr=1.45e-05
[20:29:53 INFO] Epoch 38/50  iter 700/743  loss=0.0886  lr=1.45e-05
[20:30:04 INFO] Epoch 38 complete — avg_loss=0.1383  time=185s
[20:30:17 INFO] Epoch 39/50  iter 50/743  loss=0.3068  lr=1.43e-05
[20:30:30 INFO] Epoch 39/50  iter 100/743  loss=0.1637  lr=1.42e-05
[20:30:42 INFO] Epoch 39/50  iter 150/743  loss=0.0984  lr=1.42e-05
[20:30:55 INFO] Epoch 39/50  iter 200/743  loss=0.1662  lr=1.41e-05
[20:31:07 INFO] Epoch 39/50  iter 250/743  loss=0.1238  lr=1.40e-05
[20:31:19 INFO] Epoch 39/50  iter 300/743  loss=0.0912  lr=1.39e-05
[20:31:32 INFO] Epoch 39/50  iter 350/743  loss=0.1795  lr=1.38e-05
[20:31:44 INFO] Epoch 39/50  iter 400/743  loss=0.2372  lr=1.38e-05
[20:31:57 INFO] Epoch 39/50  iter 450/743  loss=0.1063  lr=1.37e-05
[20:32:09 INFO] Epoch 39/50  iter 500/743  loss=0.0767  lr=1.36e-05
[20:32:21 INFO] Epoch 39/50  iter 550/743  loss=0.1341  lr=1.35e-05
[20:32:34 INFO] Epoch 39/50  iter 600/743  loss=0.1044  lr=1.34e-05
[20:32:46 INFO] Epoch 39/50  iter 650/743  loss=0.0978  lr=1.33e-05
[20:32:59 INFO] Epoch 39/50  iter 700/743  loss=0.0982  lr=1.33e-05
[20:33:09 INFO] Epoch 39 complete — avg_loss=0.1389  time=185s
[20:33:23 INFO] Epoch 40/50  iter 50/743  loss=0.0613  lr=1.31e-05
[20:33:35 INFO] Epoch 40/50  iter 100/743  loss=0.2254  lr=1.30e-05
[20:33:48 INFO] Epoch 40/50  iter 150/743  loss=0.1533  lr=1.30e-05
[20:34:00 INFO] Epoch 40/50  iter 200/743  loss=0.0637  lr=1.29e-05
[20:34:12 INFO] Epoch 40/50  iter 250/743  loss=0.1531  lr=1.28e-05
[20:34:25 INFO] Epoch 40/50  iter 300/743  loss=0.0868  lr=1.27e-05
[20:34:37 INFO] Epoch 40/50  iter 350/743  loss=0.1458  lr=1.26e-05
[20:34:50 INFO] Epoch 40/50  iter 400/743  loss=0.0923  lr=1.26e-05
[20:35:02 INFO] Epoch 40/50  iter 450/743  loss=0.1514  lr=1.25e-05
[20:35:14 INFO] Epoch 40/50  iter 500/743  loss=0.1997  lr=1.24e-05
[20:35:27 INFO] Epoch 40/50  iter 550/743  loss=0.1595  lr=1.23e-05
[20:35:39 INFO] Epoch 40/50  iter 600/743  loss=0.0679  lr=1.22e-05
[20:35:52 INFO] Epoch 40/50  iter 650/743  loss=0.2383  lr=1.21e-05
[20:36:04 INFO] Epoch 40/50  iter 700/743  loss=0.0669  lr=1.21e-05
[20:36:15 INFO] Epoch 40 complete — avg_loss=0.1423  time=185s
[20:37:09 INFO]   val mIoU = 0.6517
[20:37:09 INFO]   ★ New best val mIoU: 0.6517
[20:37:23 INFO] Epoch 41/50  iter 50/743  loss=0.1481  lr=1.19e-05
[20:37:35 INFO] Epoch 41/50  iter 100/743  loss=0.2140  lr=1.18e-05
[20:37:48 INFO] Epoch 41/50  iter 150/743  loss=0.1066  lr=1.18e-05
[20:38:00 INFO] Epoch 41/50  iter 200/743  loss=0.0660  lr=1.17e-05
[20:38:13 INFO] Epoch 41/50  iter 250/743  loss=0.1168  lr=1.16e-05
[20:38:25 INFO] Epoch 41/50  iter 300/743  loss=0.0575  lr=1.15e-05
[20:38:37 INFO] Epoch 41/50  iter 350/743  loss=0.1240  lr=1.14e-05
[20:38:50 INFO] Epoch 41/50  iter 400/743  loss=0.1567  lr=1.14e-05
[20:39:02 INFO] Epoch 41/50  iter 450/743  loss=0.1123  lr=1.13e-05
[20:39:15 INFO] Epoch 41/50  iter 500/743  loss=0.0828  lr=1.12e-05
[20:39:27 INFO] Epoch 41/50  iter 550/743  loss=0.1058  lr=1.11e-05
[20:39:39 INFO] Epoch 41/50  iter 600/743  loss=0.0509  lr=1.10e-05
[20:39:52 INFO] Epoch 41/50  iter 650/743  loss=0.1076  lr=1.09e-05
[20:40:04 INFO] Epoch 41/50  iter 700/743  loss=0.1470  lr=1.09e-05
[20:40:15 INFO] Epoch 41 complete — avg_loss=0.1362  time=185s
[20:40:28 INFO] Epoch 42/50  iter 50/743  loss=0.1239  lr=1.07e-05
[20:40:41 INFO] Epoch 42/50  iter 100/743  loss=0.2291  lr=1.06e-05
[20:40:53 INFO] Epoch 42/50  iter 150/743  loss=0.1305  lr=1.06e-05
[20:41:06 INFO] Epoch 42/50  iter 200/743  loss=0.5937  lr=1.05e-05
[20:41:18 INFO] Epoch 42/50  iter 250/743  loss=0.1588  lr=1.04e-05
[20:41:30 INFO] Epoch 42/50  iter 300/743  loss=0.1292  lr=1.03e-05
[20:41:43 INFO] Epoch 42/50  iter 350/743  loss=0.1594  lr=1.02e-05
[20:41:55 INFO] Epoch 42/50  iter 400/743  loss=0.1453  lr=1.02e-05
[20:42:08 INFO] Epoch 42/50  iter 450/743  loss=0.1108  lr=1.01e-05
[20:42:20 INFO] Epoch 42/50  iter 500/743  loss=0.1291  lr=9.99e-06
[20:42:32 INFO] Epoch 42/50  iter 550/743  loss=0.0697  lr=9.91e-06
[20:42:45 INFO] Epoch 42/50  iter 600/743  loss=0.1531  lr=9.83e-06
[20:42:57 INFO] Epoch 42/50  iter 650/743  loss=0.0928  lr=9.75e-06
[20:43:10 INFO] Epoch 42/50  iter 700/743  loss=0.0985  lr=9.67e-06
[20:43:20 INFO] Epoch 42 complete — avg_loss=0.1379  time=185s
[20:43:34 INFO] Epoch 43/50  iter 50/743  loss=0.1379  lr=9.52e-06
[20:43:46 INFO] Epoch 43/50  iter 100/743  loss=0.1399  lr=9.44e-06
[20:43:59 INFO] Epoch 43/50  iter 150/743  loss=0.0688  lr=9.36e-06
[20:44:11 INFO] Epoch 43/50  iter 200/743  loss=0.1230  lr=9.28e-06
[20:44:23 INFO] Epoch 43/50  iter 250/743  loss=0.0782  lr=9.19e-06
[20:44:36 INFO] Epoch 43/50  iter 300/743  loss=0.0835  lr=9.11e-06
[20:44:48 INFO] Epoch 43/50  iter 350/743  loss=0.0783  lr=9.03e-06
[20:45:01 INFO] Epoch 43/50  iter 400/743  loss=0.1588  lr=8.95e-06
[20:45:13 INFO] Epoch 43/50  iter 450/743  loss=0.1667  lr=8.87e-06
[20:45:25 INFO] Epoch 43/50  iter 500/743  loss=0.0987  lr=8.79e-06
[20:45:38 INFO] Epoch 43/50  iter 550/743  loss=0.0538  lr=8.71e-06
[20:45:50 INFO] Epoch 43/50  iter 600/743  loss=0.0648  lr=8.63e-06
[20:46:03 INFO] Epoch 43/50  iter 650/743  loss=0.0824  lr=8.55e-06
[20:46:15 INFO] Epoch 43/50  iter 700/743  loss=0.1658  lr=8.47e-06
[20:46:26 INFO] Epoch 43 complete — avg_loss=0.1340  time=185s
[20:46:39 INFO] Epoch 44/50  iter 50/743  loss=0.1869  lr=8.32e-06
[20:46:52 INFO] Epoch 44/50  iter 100/743  loss=0.0812  lr=8.24e-06
[20:47:04 INFO] Epoch 44/50  iter 150/743  loss=0.0676  lr=8.16e-06
[20:47:16 INFO] Epoch 44/50  iter 200/743  loss=0.1327  lr=8.08e-06
[20:47:29 INFO] Epoch 44/50  iter 250/743  loss=0.1151  lr=7.99e-06
[20:47:41 INFO] Epoch 44/50  iter 300/743  loss=0.1725  lr=7.91e-06
[20:47:54 INFO] Epoch 44/50  iter 350/743  loss=0.1255  lr=7.83e-06
[20:48:06 INFO] Epoch 44/50  iter 400/743  loss=0.1604  lr=7.75e-06
[20:48:18 INFO] Epoch 44/50  iter 450/743  loss=0.0799  lr=7.67e-06
[20:48:31 INFO] Epoch 44/50  iter 500/743  loss=0.0574  lr=7.59e-06
[20:48:43 INFO] Epoch 44/50  iter 550/743  loss=0.0906  lr=7.51e-06
[20:48:55 INFO] Epoch 44/50  iter 600/743  loss=0.1435  lr=7.43e-06
[20:49:08 INFO] Epoch 44/50  iter 650/743  loss=0.2737  lr=7.35e-06
[20:49:20 INFO] Epoch 44/50  iter 700/743  loss=0.1046  lr=7.27e-06
[20:49:31 INFO] Epoch 44 complete — avg_loss=0.1323  time=185s
[20:49:44 INFO] Epoch 45/50  iter 50/743  loss=0.0822  lr=7.12e-06
[20:49:57 INFO] Epoch 45/50  iter 100/743  loss=0.0841  lr=7.04e-06
[20:50:09 INFO] Epoch 45/50  iter 150/743  loss=0.0943  lr=6.96e-06
[20:50:22 INFO] Epoch 45/50  iter 200/743  loss=0.0529  lr=6.88e-06
[20:50:34 INFO] Epoch 45/50  iter 250/743  loss=0.1674  lr=6.79e-06
[20:50:46 INFO] Epoch 45/50  iter 300/743  loss=0.1719  lr=6.71e-06
[20:50:59 INFO] Epoch 45/50  iter 350/743  loss=0.0855  lr=6.63e-06
[20:51:11 INFO] Epoch 45/50  iter 400/743  loss=0.0863  lr=6.55e-06
[20:51:24 INFO] Epoch 45/50  iter 450/743  loss=0.0217  lr=6.47e-06
[20:51:36 INFO] Epoch 45/50  iter 500/743  loss=0.1262  lr=6.39e-06
[20:51:48 INFO] Epoch 45/50  iter 550/743  loss=0.0672  lr=6.31e-06
[20:52:01 INFO] Epoch 45/50  iter 600/743  loss=0.0955  lr=6.23e-06
[20:52:13 INFO] Epoch 45/50  iter 650/743  loss=0.1051  lr=6.15e-06
[20:52:25 INFO] Epoch 45/50  iter 700/743  loss=0.1100  lr=6.07e-06
[20:52:36 INFO] Epoch 45 complete — avg_loss=0.1289  time=185s
[20:53:29 INFO]   val mIoU = 0.6570
[20:53:30 INFO]   ★ New best val mIoU: 0.6570
[20:53:43 INFO] Epoch 46/50  iter 50/743  loss=0.0980  lr=5.92e-06
[20:53:56 INFO] Epoch 46/50  iter 100/743  loss=0.1157  lr=5.84e-06
[20:54:08 INFO] Epoch 46/50  iter 150/743  loss=0.0733  lr=5.76e-06
[20:54:21 INFO] Epoch 46/50  iter 200/743  loss=0.0625  lr=5.68e-06
[20:54:33 INFO] Epoch 46/50  iter 250/743  loss=0.1077  lr=5.59e-06
[20:54:45 INFO] Epoch 46/50  iter 300/743  loss=0.1028  lr=5.51e-06
[20:54:58 INFO] Epoch 46/50  iter 350/743  loss=0.3184  lr=5.43e-06
[20:55:10 INFO] Epoch 46/50  iter 400/743  loss=0.1292  lr=5.35e-06
[20:55:22 INFO] Epoch 46/50  iter 450/743  loss=0.1039  lr=5.27e-06
[20:55:35 INFO] Epoch 46/50  iter 500/743  loss=0.1322  lr=5.19e-06
[20:55:47 INFO] Epoch 46/50  iter 550/743  loss=0.1068  lr=5.11e-06
[20:56:00 INFO] Epoch 46/50  iter 600/743  loss=0.1328  lr=5.03e-06
[20:56:12 INFO] Epoch 46/50  iter 650/743  loss=0.1306  lr=4.95e-06
[20:56:24 INFO] Epoch 46/50  iter 700/743  loss=0.2340  lr=4.87e-06
[20:56:35 INFO] Epoch 46 complete — avg_loss=0.1243  time=184s
[20:56:49 INFO] Epoch 47/50  iter 50/743  loss=0.1427  lr=4.72e-06
[20:57:01 INFO] Epoch 47/50  iter 100/743  loss=0.1059  lr=4.64e-06
[20:57:13 INFO] Epoch 47/50  iter 150/743  loss=0.0977  lr=4.56e-06
[20:57:26 INFO] Epoch 47/50  iter 200/743  loss=0.1177  lr=4.48e-06
[20:57:38 INFO] Epoch 47/50  iter 250/743  loss=0.1233  lr=4.39e-06
[20:57:50 INFO] Epoch 47/50  iter 300/743  loss=0.1381  lr=4.31e-06
[20:58:03 INFO] Epoch 47/50  iter 350/743  loss=0.1239  lr=4.23e-06
[20:58:15 INFO] Epoch 47/50  iter 400/743  loss=0.1106  lr=4.15e-06
[20:58:27 INFO] Epoch 47/50  iter 450/743  loss=0.0560  lr=4.07e-06
[20:58:40 INFO] Epoch 47/50  iter 500/743  loss=0.2418  lr=3.99e-06
[20:58:52 INFO] Epoch 47/50  iter 550/743  loss=0.1279  lr=3.91e-06
[20:59:05 INFO] Epoch 47/50  iter 600/743  loss=0.1624  lr=3.83e-06
[20:59:17 INFO] Epoch 47/50  iter 650/743  loss=0.1225  lr=3.75e-06
[20:59:29 INFO] Epoch 47/50  iter 700/743  loss=0.1422  lr=3.67e-06
[20:59:40 INFO] Epoch 47 complete — avg_loss=0.1382  time=184s
[20:59:53 INFO] Epoch 48/50  iter 50/743  loss=0.1018  lr=3.52e-06
[21:00:06 INFO] Epoch 48/50  iter 100/743  loss=0.1243  lr=3.44e-06
[21:00:18 INFO] Epoch 48/50  iter 150/743  loss=0.0698  lr=3.36e-06
[21:00:31 INFO] Epoch 48/50  iter 200/743  loss=0.0940  lr=3.28e-06
[21:00:43 INFO] Epoch 48/50  iter 250/743  loss=0.0738  lr=3.19e-06
[21:00:55 INFO] Epoch 48/50  iter 300/743  loss=0.1303  lr=3.11e-06
[21:01:08 INFO] Epoch 48/50  iter 350/743  loss=0.0657  lr=3.03e-06
[21:01:20 INFO] Epoch 48/50  iter 400/743  loss=0.1039  lr=2.95e-06
[21:01:32 INFO] Epoch 48/50  iter 450/743  loss=0.0485  lr=2.87e-06
[21:01:45 INFO] Epoch 48/50  iter 500/743  loss=0.0695  lr=2.79e-06
[21:01:57 INFO] Epoch 48/50  iter 550/743  loss=0.0943  lr=2.71e-06
[21:02:10 INFO] Epoch 48/50  iter 600/743  loss=0.1658  lr=2.63e-06
[21:02:22 INFO] Epoch 48/50  iter 650/743  loss=0.1223  lr=2.55e-06
[21:02:34 INFO] Epoch 48/50  iter 700/743  loss=0.1056  lr=2.47e-06
[21:02:45 INFO] Epoch 48 complete — avg_loss=0.1317  time=185s
[21:02:59 INFO] Epoch 49/50  iter 50/743  loss=0.0511  lr=2.32e-06
[21:03:11 INFO] Epoch 49/50  iter 100/743  loss=0.1036  lr=2.24e-06
[21:03:23 INFO] Epoch 49/50  iter 150/743  loss=0.1416  lr=2.16e-06
[21:03:36 INFO] Epoch 49/50  iter 200/743  loss=0.0733  lr=2.08e-06
[21:03:48 INFO] Epoch 49/50  iter 250/743  loss=0.1978  lr=1.99e-06
[21:04:01 INFO] Epoch 49/50  iter 300/743  loss=0.0870  lr=1.91e-06
[21:04:13 INFO] Epoch 49/50  iter 350/743  loss=0.1700  lr=1.83e-06
[21:04:25 INFO] Epoch 49/50  iter 400/743  loss=0.2021  lr=1.75e-06
[21:04:38 INFO] Epoch 49/50  iter 450/743  loss=0.0487  lr=1.67e-06
[21:04:50 INFO] Epoch 49/50  iter 500/743  loss=0.1547  lr=1.59e-06
[21:05:03 INFO] Epoch 49/50  iter 550/743  loss=0.0620  lr=1.51e-06
[21:05:15 INFO] Epoch 49/50  iter 600/743  loss=0.1351  lr=1.43e-06
[21:05:27 INFO] Epoch 49/50  iter 650/743  loss=0.0746  lr=1.35e-06
[21:05:40 INFO] Epoch 49/50  iter 700/743  loss=0.1322  lr=1.27e-06
[21:05:50 INFO] Epoch 49 complete — avg_loss=0.1260  time=185s
[21:06:04 INFO] Epoch 50/50  iter 50/743  loss=0.1127  lr=1.12e-06
[21:06:16 INFO] Epoch 50/50  iter 100/743  loss=0.0676  lr=1.04e-06
[21:06:29 INFO] Epoch 50/50  iter 150/743  loss=0.0914  lr=9.56e-07
[21:06:41 INFO] Epoch 50/50  iter 200/743  loss=0.1840  lr=8.75e-07
[21:06:53 INFO] Epoch 50/50  iter 250/743  loss=0.1139  lr=7.95e-07
[21:07:06 INFO] Epoch 50/50  iter 300/743  loss=0.1340  lr=7.14e-07
[21:07:18 INFO] Epoch 50/50  iter 350/743  loss=0.1399  lr=6.33e-07
[21:07:31 INFO] Epoch 50/50  iter 400/743  loss=0.1280  lr=5.52e-07
[21:07:43 INFO] Epoch 50/50  iter 450/743  loss=0.0805  lr=4.72e-07
[21:07:55 INFO] Epoch 50/50  iter 500/743  loss=0.1136  lr=3.91e-07
[21:08:08 INFO] Epoch 50/50  iter 550/743  loss=0.1038  lr=3.10e-07
[21:08:20 INFO] Epoch 50/50  iter 600/743  loss=0.1630  lr=2.29e-07
[21:08:32 INFO] Epoch 50/50  iter 650/743  loss=0.1077  lr=1.49e-07
[21:08:45 INFO] Epoch 50/50  iter 700/743  loss=0.1261  lr=6.78e-08
[21:08:56 INFO] Epoch 50 complete — avg_loss=0.1293  time=185s
[21:09:50 INFO]   val mIoU = 0.6414
[21:09:51 INFO] Training complete. Best val mIoU = 0.6570
