[13:16:05 INFO] Device: cuda
[13:16:07 INFO] Using fog cache: data/fog_cache/nn_depth_base_b0005
[13:16:07 INFO] fog_prob: 0.5
[13:16:09 INFO] Train: 2975 samples  |  Val: 500 samples
[13:16:23 INFO] Epoch 1/50  iter 50/743  loss=1.8236  lr=5.99e-05
[13:16:37 INFO] Epoch 1/50  iter 100/743  loss=0.8385  lr=5.98e-05
[13:16:50 INFO] Epoch 1/50  iter 150/743  loss=0.6184  lr=5.98e-05
[13:17:03 INFO] Epoch 1/50  iter 200/743  loss=0.7339  lr=5.97e-05
[13:17:17 INFO] Epoch 1/50  iter 250/743  loss=0.5315  lr=5.96e-05
[13:17:30 INFO] Epoch 1/50  iter 300/743  loss=0.2961  lr=5.95e-05
[13:17:43 INFO] Epoch 1/50  iter 350/743  loss=0.6729  lr=5.94e-05
[13:17:57 INFO] Epoch 1/50  iter 400/743  loss=0.4943  lr=5.94e-05
[13:18:10 INFO] Epoch 1/50  iter 450/743  loss=0.3520  lr=5.93e-05
[13:18:23 INFO] Epoch 1/50  iter 500/743  loss=0.2424  lr=5.92e-05
[13:18:37 INFO] Epoch 1/50  iter 550/743  loss=1.1220  lr=5.91e-05
[13:18:50 INFO] Epoch 1/50  iter 600/743  loss=0.2416  lr=5.90e-05
[13:19:04 INFO] Epoch 1/50  iter 650/743  loss=0.3455  lr=5.89e-05
[13:19:17 INFO] Epoch 1/50  iter 700/743  loss=0.4214  lr=5.89e-05
[13:19:28 INFO] Epoch 1 complete — avg_loss=0.6425  time=199s
[13:19:43 INFO] Epoch 2/50  iter 50/743  loss=0.2494  lr=5.87e-05
[13:19:56 INFO] Epoch 2/50  iter 100/743  loss=0.2890  lr=5.86e-05
[13:20:10 INFO] Epoch 2/50  iter 150/743  loss=0.2270  lr=5.86e-05
[13:20:23 INFO] Epoch 2/50  iter 200/743  loss=0.4567  lr=5.85e-05
[13:20:37 INFO] Epoch 2/50  iter 250/743  loss=0.3291  lr=5.84e-05
[13:20:50 INFO] Epoch 2/50  iter 300/743  loss=0.2143  lr=5.83e-05
[13:21:03 INFO] Epoch 2/50  iter 350/743  loss=0.1762  lr=5.82e-05
[13:21:17 INFO] Epoch 2/50  iter 400/743  loss=0.1993  lr=5.82e-05
[13:21:30 INFO] Epoch 2/50  iter 450/743  loss=0.6080  lr=5.81e-05
[13:21:44 INFO] Epoch 2/50  iter 500/743  loss=0.2683  lr=5.80e-05
[13:21:57 INFO] Epoch 2/50  iter 550/743  loss=0.2740  lr=5.79e-05
[13:22:10 INFO] Epoch 2/50  iter 600/743  loss=0.5610  lr=5.78e-05
[13:22:24 INFO] Epoch 2/50  iter 650/743  loss=0.2132  lr=5.77e-05
[13:22:37 INFO] Epoch 2/50  iter 700/743  loss=0.5628  lr=5.77e-05
[13:22:49 INFO] Epoch 2 complete — avg_loss=0.3325  time=200s
[13:23:03 INFO] Epoch 3/50  iter 50/743  loss=0.4112  lr=5.75e-05
[13:23:17 INFO] Epoch 3/50  iter 100/743  loss=0.2649  lr=5.74e-05
[13:23:30 INFO] Epoch 3/50  iter 150/743  loss=0.4710  lr=5.74e-05
[13:23:44 INFO] Epoch 3/50  iter 200/743  loss=0.2145  lr=5.73e-05
[13:23:57 INFO] Epoch 3/50  iter 250/743  loss=0.3657  lr=5.72e-05
[13:24:11 INFO] Epoch 3/50  iter 300/743  loss=1.0663  lr=5.71e-05
[13:24:24 INFO] Epoch 3/50  iter 350/743  loss=0.1051  lr=5.70e-05
[13:24:37 INFO] Epoch 3/50  iter 400/743  loss=0.4740  lr=5.70e-05
[13:24:51 INFO] Epoch 3/50  iter 450/743  loss=0.4038  lr=5.69e-05
[13:25:04 INFO] Epoch 3/50  iter 500/743  loss=0.1860  lr=5.68e-05
[13:25:18 INFO] Epoch 3/50  iter 550/743  loss=0.2471  lr=5.67e-05
[13:25:31 INFO] Epoch 3/50  iter 600/743  loss=0.2065  lr=5.66e-05
[13:25:45 INFO] Epoch 3/50  iter 650/743  loss=0.1768  lr=5.65e-05
[13:25:58 INFO] Epoch 3/50  iter 700/743  loss=0.1274  lr=5.65e-05
[13:26:10 INFO] Epoch 3 complete — avg_loss=0.2760  time=200s
[13:26:24 INFO] Epoch 4/50  iter 50/743  loss=0.1590  lr=5.63e-05
[13:26:38 INFO] Epoch 4/50  iter 100/743  loss=0.1830  lr=5.62e-05
[13:26:51 INFO] Epoch 4/50  iter 150/743  loss=0.4448  lr=5.62e-05
[13:27:05 INFO] Epoch 4/50  iter 200/743  loss=0.2239  lr=5.61e-05
[13:27:18 INFO] Epoch 4/50  iter 250/743  loss=0.2610  lr=5.60e-05
[13:27:31 INFO] Epoch 4/50  iter 300/743  loss=0.1934  lr=5.59e-05
[13:27:45 INFO] Epoch 4/50  iter 350/743  loss=0.0367  lr=5.58e-05
[13:27:58 INFO] Epoch 4/50  iter 400/743  loss=0.1099  lr=5.58e-05
[13:28:12 INFO] Epoch 4/50  iter 450/743  loss=0.0699  lr=5.57e-05
[13:28:25 INFO] Epoch 4/50  iter 500/743  loss=0.1693  lr=5.56e-05
[13:28:39 INFO] Epoch 4/50  iter 550/743  loss=0.2428  lr=5.55e-05
[13:28:52 INFO] Epoch 4/50  iter 600/743  loss=0.3067  lr=5.54e-05
[13:29:05 INFO] Epoch 4/50  iter 650/743  loss=0.2173  lr=5.53e-05
[13:29:19 INFO] Epoch 4/50  iter 700/743  loss=0.1313  lr=5.53e-05
[13:29:30 INFO] Epoch 4 complete — avg_loss=0.2625  time=200s
[13:29:45 INFO] Epoch 5/50  iter 50/743  loss=0.1202  lr=5.51e-05
[13:29:58 INFO] Epoch 5/50  iter 100/743  loss=0.1662  lr=5.50e-05
[13:30:12 INFO] Epoch 5/50  iter 150/743  loss=0.2340  lr=5.50e-05
[13:30:25 INFO] Epoch 5/50  iter 200/743  loss=0.1595  lr=5.49e-05
[13:30:38 INFO] Epoch 5/50  iter 250/743  loss=0.1859  lr=5.48e-05
[13:30:52 INFO] Epoch 5/50  iter 300/743  loss=1.0745  lr=5.47e-05
[13:31:05 INFO] Epoch 5/50  iter 350/743  loss=0.0875  lr=5.46e-05
[13:31:19 INFO] Epoch 5/50  iter 400/743  loss=0.2368  lr=5.46e-05
[13:31:32 INFO] Epoch 5/50  iter 450/743  loss=0.1594  lr=5.45e-05
[13:31:46 INFO] Epoch 5/50  iter 500/743  loss=0.2760  lr=5.44e-05
[13:31:59 INFO] Epoch 5/50  iter 550/743  loss=0.0807  lr=5.43e-05
[13:32:13 INFO] Epoch 5/50  iter 600/743  loss=0.0329  lr=5.42e-05
[13:32:27 INFO] Epoch 5/50  iter 650/743  loss=0.3128  lr=5.41e-05
[13:32:41 INFO] Epoch 5/50  iter 700/743  loss=0.1233  lr=5.41e-05
[13:32:53 INFO] Epoch 5 complete — avg_loss=0.2425  time=202s
[13:35:03 INFO]   val mIoU = 0.6427
[13:35:03 INFO]   ★ New best val mIoU: 0.6427
[13:35:19 INFO] Epoch 6/50  iter 50/743  loss=0.3146  lr=5.39e-05
[13:35:33 INFO] Epoch 6/50  iter 100/743  loss=0.0498  lr=5.38e-05
[13:35:47 INFO] Epoch 6/50  iter 150/743  loss=0.3050  lr=5.38e-05
[13:36:01 INFO] Epoch 6/50  iter 200/743  loss=0.1209  lr=5.37e-05
[13:36:15 INFO] Epoch 6/50  iter 250/743  loss=0.2485  lr=5.36e-05
[13:36:30 INFO] Epoch 6/50  iter 300/743  loss=0.2300  lr=5.35e-05
[13:36:43 INFO] Epoch 6/50  iter 350/743  loss=0.1077  lr=5.34e-05
[13:36:58 INFO] Epoch 6/50  iter 400/743  loss=0.1303  lr=5.34e-05
[13:37:12 INFO] Epoch 6/50  iter 450/743  loss=0.2090  lr=5.33e-05
[13:37:26 INFO] Epoch 6/50  iter 500/743  loss=0.1619  lr=5.32e-05
[13:37:40 INFO] Epoch 6/50  iter 550/743  loss=0.2434  lr=5.31e-05
[13:37:54 INFO] Epoch 6/50  iter 600/743  loss=0.2021  lr=5.30e-05
[13:38:08 INFO] Epoch 6/50  iter 650/743  loss=0.4402  lr=5.29e-05
[13:38:22 INFO] Epoch 6/50  iter 700/743  loss=0.2695  lr=5.29e-05
[13:38:35 INFO] Epoch 6 complete — avg_loss=0.2245  time=210s
[13:38:50 INFO] Epoch 7/50  iter 50/743  loss=0.2225  lr=5.27e-05
[13:39:04 INFO] Epoch 7/50  iter 100/743  loss=0.1188  lr=5.26e-05
[13:39:18 INFO] Epoch 7/50  iter 150/743  loss=0.2170  lr=5.26e-05
[13:39:32 INFO] Epoch 7/50  iter 200/743  loss=0.2995  lr=5.25e-05
[13:39:46 INFO] Epoch 7/50  iter 250/743  loss=0.2367  lr=5.24e-05
[13:40:00 INFO] Epoch 7/50  iter 300/743  loss=0.1367  lr=5.23e-05
[13:40:14 INFO] Epoch 7/50  iter 350/743  loss=0.1899  lr=5.22e-05
[13:40:28 INFO] Epoch 7/50  iter 400/743  loss=0.1065  lr=5.22e-05
[13:40:42 INFO] Epoch 7/50  iter 450/743  loss=0.5468  lr=5.21e-05
[13:40:56 INFO] Epoch 7/50  iter 500/743  loss=0.2940  lr=5.20e-05
[13:41:10 INFO] Epoch 7/50  iter 550/743  loss=0.2070  lr=5.19e-05
[13:41:24 INFO] Epoch 7/50  iter 600/743  loss=0.4803  lr=5.18e-05
[13:41:38 INFO] Epoch 7/50  iter 650/743  loss=0.0244  lr=5.17e-05
[13:41:52 INFO] Epoch 7/50  iter 700/743  loss=0.2322  lr=5.17e-05
[13:42:05 INFO] Epoch 7 complete — avg_loss=0.2151  time=209s
[13:42:20 INFO] Epoch 8/50  iter 50/743  loss=0.1793  lr=5.15e-05
[13:42:34 INFO] Epoch 8/50  iter 100/743  loss=0.2297  lr=5.14e-05
[13:42:48 INFO] Epoch 8/50  iter 150/743  loss=0.0946  lr=5.14e-05
[13:43:02 INFO] Epoch 8/50  iter 200/743  loss=0.1527  lr=5.13e-05
[13:43:16 INFO] Epoch 8/50  iter 250/743  loss=0.1909  lr=5.12e-05
[13:43:30 INFO] Epoch 8/50  iter 300/743  loss=0.2375  lr=5.11e-05
[13:43:44 INFO] Epoch 8/50  iter 350/743  loss=0.1895  lr=5.10e-05
[13:43:58 INFO] Epoch 8/50  iter 400/743  loss=0.2594  lr=5.10e-05
[13:44:12 INFO] Epoch 8/50  iter 450/743  loss=0.0984  lr=5.09e-05
[13:44:26 INFO] Epoch 8/50  iter 500/743  loss=0.1426  lr=5.08e-05
[13:44:41 INFO] Epoch 8/50  iter 550/743  loss=0.1993  lr=5.07e-05
[13:44:55 INFO] Epoch 8/50  iter 600/743  loss=0.0569  lr=5.06e-05
[13:45:09 INFO] Epoch 8/50  iter 650/743  loss=0.1716  lr=5.05e-05
[13:45:23 INFO] Epoch 8/50  iter 700/743  loss=0.0593  lr=5.05e-05
[13:45:35 INFO] Epoch 8 complete — avg_loss=0.2103  time=210s
[13:45:52 INFO] Epoch 9/50  iter 50/743  loss=0.2116  lr=5.03e-05
[13:46:06 INFO] Epoch 9/50  iter 100/743  loss=0.1177  lr=5.02e-05
[13:46:20 INFO] Epoch 9/50  iter 150/743  loss=0.1503  lr=5.02e-05
[13:46:34 INFO] Epoch 9/50  iter 200/743  loss=0.2970  lr=5.01e-05
[13:46:48 INFO] Epoch 9/50  iter 250/743  loss=0.2439  lr=5.00e-05
[13:47:02 INFO] Epoch 9/50  iter 300/743  loss=0.0855  lr=4.99e-05
[13:47:16 INFO] Epoch 9/50  iter 350/743  loss=0.1802  lr=4.98e-05
[13:47:30 INFO] Epoch 9/50  iter 400/743  loss=0.0953  lr=4.98e-05
[13:47:44 INFO] Epoch 9/50  iter 450/743  loss=0.1452  lr=4.97e-05
[13:47:58 INFO] Epoch 9/50  iter 500/743  loss=0.1663  lr=4.96e-05
[13:48:12 INFO] Epoch 9/50  iter 550/743  loss=0.1668  lr=4.95e-05
[13:48:25 INFO] Epoch 9/50  iter 600/743  loss=0.3066  lr=4.94e-05
[13:48:40 INFO] Epoch 9/50  iter 650/743  loss=0.1456  lr=4.93e-05
[13:48:53 INFO] Epoch 9/50  iter 700/743  loss=0.2317  lr=4.93e-05
[13:49:05 INFO] Epoch 9 complete — avg_loss=0.2067  time=209s
[13:49:22 INFO] Epoch 10/50  iter 50/743  loss=0.2203  lr=4.91e-05
[13:49:36 INFO] Epoch 10/50  iter 100/743  loss=0.1865  lr=4.90e-05
[13:49:50 INFO] Epoch 10/50  iter 150/743  loss=0.1394  lr=4.90e-05
[13:50:04 INFO] Epoch 10/50  iter 200/743  loss=0.0832  lr=4.89e-05
[13:50:18 INFO] Epoch 10/50  iter 250/743  loss=0.1119  lr=4.88e-05
[13:50:32 INFO] Epoch 10/50  iter 300/743  loss=0.0728  lr=4.87e-05
[13:50:46 INFO] Epoch 10/50  iter 350/743  loss=0.2021  lr=4.86e-05
[13:51:00 INFO] Epoch 10/50  iter 400/743  loss=0.2516  lr=4.86e-05
[13:51:14 INFO] Epoch 10/50  iter 450/743  loss=0.2089  lr=4.85e-05
[13:51:28 INFO] Epoch 10/50  iter 500/743  loss=0.1631  lr=4.84e-05
[13:51:42 INFO] Epoch 10/50  iter 550/743  loss=0.1953  lr=4.83e-05
[13:51:56 INFO] Epoch 10/50  iter 600/743  loss=0.2394  lr=4.82e-05
[13:52:10 INFO] Epoch 10/50  iter 650/743  loss=0.2515  lr=4.81e-05
[13:52:24 INFO] Epoch 10/50  iter 700/743  loss=0.1331  lr=4.81e-05
[13:52:36 INFO] Epoch 10 complete — avg_loss=0.1972  time=209s
[13:54:45 INFO]   val mIoU = 0.6962
[13:54:45 INFO]   ★ New best val mIoU: 0.6962
[13:55:01 INFO] Epoch 11/50  iter 50/743  loss=0.1481  lr=4.79e-05
[13:55:15 INFO] Epoch 11/50  iter 100/743  loss=0.3081  lr=4.78e-05
[13:55:29 INFO] Epoch 11/50  iter 150/743  loss=0.2072  lr=4.78e-05
[13:55:43 INFO] Epoch 11/50  iter 200/743  loss=0.1791  lr=4.77e-05
[13:55:57 INFO] Epoch 11/50  iter 250/743  loss=0.1562  lr=4.76e-05
[13:56:11 INFO] Epoch 11/50  iter 300/743  loss=0.2304  lr=4.75e-05
[13:56:25 INFO] Epoch 11/50  iter 350/743  loss=0.1482  lr=4.74e-05
[13:56:39 INFO] Epoch 11/50  iter 400/743  loss=0.1610  lr=4.74e-05
[13:56:53 INFO] Epoch 11/50  iter 450/743  loss=0.2022  lr=4.73e-05
[13:57:07 INFO] Epoch 11/50  iter 500/743  loss=0.0878  lr=4.72e-05
[13:57:22 INFO] Epoch 11/50  iter 550/743  loss=0.1207  lr=4.71e-05
[13:57:35 INFO] Epoch 11/50  iter 600/743  loss=0.0838  lr=4.70e-05
[13:57:49 INFO] Epoch 11/50  iter 650/743  loss=0.1605  lr=4.69e-05
[13:58:03 INFO] Epoch 11/50  iter 700/743  loss=0.2603  lr=4.69e-05
[13:58:15 INFO] Epoch 11 complete — avg_loss=0.1864  time=209s
[13:58:30 INFO] Epoch 12/50  iter 50/743  loss=0.0949  lr=4.67e-05
[13:58:44 INFO] Epoch 12/50  iter 100/743  loss=0.2012  lr=4.66e-05
[13:58:58 INFO] Epoch 12/50  iter 150/743  loss=0.1280  lr=4.66e-05
[13:59:12 INFO] Epoch 12/50  iter 200/743  loss=0.1244  lr=4.65e-05
[13:59:27 INFO] Epoch 12/50  iter 250/743  loss=0.1824  lr=4.64e-05
[13:59:41 INFO] Epoch 12/50  iter 300/743  loss=0.0914  lr=4.63e-05
[13:59:55 INFO] Epoch 12/50  iter 350/743  loss=0.2594  lr=4.62e-05
[14:00:09 INFO] Epoch 12/50  iter 400/743  loss=0.0910  lr=4.62e-05
[14:00:23 INFO] Epoch 12/50  iter 450/743  loss=0.1457  lr=4.61e-05
[14:00:37 INFO] Epoch 12/50  iter 500/743  loss=0.0773  lr=4.60e-05
[14:00:51 INFO] Epoch 12/50  iter 550/743  loss=0.1283  lr=4.59e-05
[14:01:05 INFO] Epoch 12/50  iter 600/743  loss=0.1253  lr=4.58e-05
[14:01:19 INFO] Epoch 12/50  iter 650/743  loss=0.2497  lr=4.57e-05
[14:01:33 INFO] Epoch 12/50  iter 700/743  loss=0.1195  lr=4.57e-05
[14:01:45 INFO] Epoch 12 complete — avg_loss=0.1809  time=210s
[14:02:01 INFO] Epoch 13/50  iter 50/743  loss=0.0693  lr=4.55e-05
[14:02:15 INFO] Epoch 13/50  iter 100/743  loss=0.1441  lr=4.54e-05
[14:02:29 INFO] Epoch 13/50  iter 150/743  loss=0.0889  lr=4.54e-05
[14:02:43 INFO] Epoch 13/50  iter 200/743  loss=0.0370  lr=4.53e-05
[14:02:57 INFO] Epoch 13/50  iter 250/743  loss=0.2267  lr=4.52e-05
[14:03:11 INFO] Epoch 13/50  iter 300/743  loss=0.1961  lr=4.51e-05
[14:03:25 INFO] Epoch 13/50  iter 350/743  loss=0.1137  lr=4.50e-05
[14:03:39 INFO] Epoch 13/50  iter 400/743  loss=0.2572  lr=4.50e-05
[14:03:52 INFO] Epoch 13/50  iter 450/743  loss=0.0515  lr=4.49e-05
[14:04:07 INFO] Epoch 13/50  iter 500/743  loss=0.2627  lr=4.48e-05
[14:04:21 INFO] Epoch 13/50  iter 550/743  loss=0.1207  lr=4.47e-05
[14:04:35 INFO] Epoch 13/50  iter 600/743  loss=0.1458  lr=4.46e-05
[14:04:49 INFO] Epoch 13/50  iter 650/743  loss=0.1176  lr=4.45e-05
[14:05:03 INFO] Epoch 13/50  iter 700/743  loss=0.1672  lr=4.45e-05
[14:05:15 INFO] Epoch 13 complete — avg_loss=0.1717  time=209s
[14:05:31 INFO] Epoch 14/50  iter 50/743  loss=0.1615  lr=4.43e-05
[14:05:45 INFO] Epoch 14/50  iter 100/743  loss=0.1960  lr=4.42e-05
[14:05:59 INFO] Epoch 14/50  iter 150/743  loss=0.1647  lr=4.42e-05
[14:06:12 INFO] Epoch 14/50  iter 200/743  loss=0.0948  lr=4.41e-05
[14:06:27 INFO] Epoch 14/50  iter 250/743  loss=0.1528  lr=4.40e-05
[14:06:41 INFO] Epoch 14/50  iter 300/743  loss=0.1974  lr=4.39e-05
[14:06:55 INFO] Epoch 14/50  iter 350/743  loss=0.1245  lr=4.38e-05
[14:07:09 INFO] Epoch 14/50  iter 400/743  loss=0.0854  lr=4.38e-05
[14:07:23 INFO] Epoch 14/50  iter 450/743  loss=0.1426  lr=4.37e-05
[14:07:37 INFO] Epoch 14/50  iter 500/743  loss=0.1077  lr=4.36e-05
[14:07:51 INFO] Epoch 14/50  iter 550/743  loss=0.0381  lr=4.35e-05
[14:08:05 INFO] Epoch 14/50  iter 600/743  loss=0.1203  lr=4.34e-05
[14:08:19 INFO] Epoch 14/50  iter 650/743  loss=0.1525  lr=4.33e-05
[14:08:34 INFO] Epoch 14/50  iter 700/743  loss=0.1754  lr=4.33e-05
[14:08:46 INFO] Epoch 14 complete — avg_loss=0.1770  time=210s
[14:09:01 INFO] Epoch 15/50  iter 50/743  loss=0.1538  lr=4.31e-05
[14:09:15 INFO] Epoch 15/50  iter 100/743  loss=0.1263  lr=4.30e-05
[14:09:30 INFO] Epoch 15/50  iter 150/743  loss=0.1956  lr=4.30e-05
[14:09:43 INFO] Epoch 15/50  iter 200/743  loss=0.1432  lr=4.29e-05
[14:09:58 INFO] Epoch 15/50  iter 250/743  loss=0.0957  lr=4.28e-05
[14:10:12 INFO] Epoch 15/50  iter 300/743  loss=0.1982  lr=4.27e-05
[14:10:25 INFO] Epoch 15/50  iter 350/743  loss=0.1900  lr=4.26e-05
[14:10:39 INFO] Epoch 15/50  iter 400/743  loss=0.2004  lr=4.26e-05
[14:10:53 INFO] Epoch 15/50  iter 450/743  loss=0.1292  lr=4.25e-05
[14:11:07 INFO] Epoch 15/50  iter 500/743  loss=0.1473  lr=4.24e-05
[14:11:21 INFO] Epoch 15/50  iter 550/743  loss=0.0825  lr=4.23e-05
[14:11:35 INFO] Epoch 15/50  iter 600/743  loss=0.1933  lr=4.22e-05
[14:11:49 INFO] Epoch 15/50  iter 650/743  loss=0.1746  lr=4.21e-05
[14:12:03 INFO] Epoch 15/50  iter 700/743  loss=0.1372  lr=4.21e-05
[14:12:15 INFO] Epoch 15 complete — avg_loss=0.1744  time=209s
[14:14:27 INFO]   val mIoU = 0.7345
[14:14:28 INFO]   ★ New best val mIoU: 0.7345
[14:14:44 INFO] Epoch 16/50  iter 50/743  loss=0.2081  lr=4.19e-05
[14:14:58 INFO] Epoch 16/50  iter 100/743  loss=0.1293  lr=4.18e-05
[14:15:12 INFO] Epoch 16/50  iter 150/743  loss=0.1242  lr=4.18e-05
[14:15:26 INFO] Epoch 16/50  iter 200/743  loss=0.0941  lr=4.17e-05
[14:15:40 INFO] Epoch 16/50  iter 250/743  loss=0.2489  lr=4.16e-05
[14:15:54 INFO] Epoch 16/50  iter 300/743  loss=0.1565  lr=4.15e-05
[14:16:08 INFO] Epoch 16/50  iter 350/743  loss=0.1271  lr=4.14e-05
[14:16:22 INFO] Epoch 16/50  iter 400/743  loss=0.1002  lr=4.14e-05
[14:16:36 INFO] Epoch 16/50  iter 450/743  loss=0.2900  lr=4.13e-05
[14:16:50 INFO] Epoch 16/50  iter 500/743  loss=0.1472  lr=4.12e-05
[14:17:04 INFO] Epoch 16/50  iter 550/743  loss=0.1339  lr=4.11e-05
[14:17:18 INFO] Epoch 16/50  iter 600/743  loss=0.1721  lr=4.10e-05
[14:17:32 INFO] Epoch 16/50  iter 650/743  loss=0.1552  lr=4.09e-05
[14:17:46 INFO] Epoch 16/50  iter 700/743  loss=0.0559  lr=4.09e-05
[14:17:58 INFO] Epoch 16 complete — avg_loss=0.1663  time=210s
[14:18:14 INFO] Epoch 17/50  iter 50/743  loss=0.0591  lr=4.07e-05
[14:18:28 INFO] Epoch 17/50  iter 100/743  loss=0.1610  lr=4.06e-05
[14:18:42 INFO] Epoch 17/50  iter 150/743  loss=0.2060  lr=4.06e-05
[14:18:56 INFO] Epoch 17/50  iter 200/743  loss=0.0924  lr=4.05e-05
[14:19:10 INFO] Epoch 17/50  iter 250/743  loss=0.2075  lr=4.04e-05
[14:19:25 INFO] Epoch 17/50  iter 300/743  loss=0.1532  lr=4.03e-05
[14:19:39 INFO] Epoch 17/50  iter 350/743  loss=0.1064  lr=4.02e-05
[14:19:52 INFO] Epoch 17/50  iter 400/743  loss=0.0834  lr=4.02e-05
[14:20:07 INFO] Epoch 17/50  iter 450/743  loss=0.1901  lr=4.01e-05
[14:20:20 INFO] Epoch 17/50  iter 500/743  loss=0.1381  lr=4.00e-05
[14:20:34 INFO] Epoch 17/50  iter 550/743  loss=0.2002  lr=3.99e-05
[14:20:49 INFO] Epoch 17/50  iter 600/743  loss=0.0678  lr=3.98e-05
[14:21:03 INFO] Epoch 17/50  iter 650/743  loss=0.1389  lr=3.97e-05
[14:21:17 INFO] Epoch 17/50  iter 700/743  loss=0.1158  lr=3.97e-05
[14:21:29 INFO] Epoch 17 complete — avg_loss=0.1641  time=209s
[14:21:45 INFO] Epoch 18/50  iter 50/743  loss=0.1645  lr=3.95e-05
[14:21:59 INFO] Epoch 18/50  iter 100/743  loss=0.1794  lr=3.94e-05
[14:22:13 INFO] Epoch 18/50  iter 150/743  loss=0.1430  lr=3.94e-05
[14:22:27 INFO] Epoch 18/50  iter 200/743  loss=0.1011  lr=3.93e-05
[14:22:41 INFO] Epoch 18/50  iter 250/743  loss=0.1179  lr=3.92e-05
[14:22:55 INFO] Epoch 18/50  iter 300/743  loss=0.2273  lr=3.91e-05
[14:23:09 INFO] Epoch 18/50  iter 350/743  loss=0.7278  lr=3.90e-05
[14:23:23 INFO] Epoch 18/50  iter 400/743  loss=0.1419  lr=3.90e-05
[14:23:37 INFO] Epoch 18/50  iter 450/743  loss=0.3134  lr=3.89e-05
[14:23:51 INFO] Epoch 18/50  iter 500/743  loss=0.0985  lr=3.88e-05
[14:24:05 INFO] Epoch 18/50  iter 550/743  loss=0.1266  lr=3.87e-05
[14:24:19 INFO] Epoch 18/50  iter 600/743  loss=0.7456  lr=3.86e-05
[14:24:33 INFO] Epoch 18/50  iter 650/743  loss=0.1625  lr=3.85e-05
[14:24:47 INFO] Epoch 18/50  iter 700/743  loss=0.1149  lr=3.85e-05
[14:24:59 INFO] Epoch 18 complete — avg_loss=0.1627  time=209s
[14:25:14 INFO] Epoch 19/50  iter 50/743  loss=0.1123  lr=3.83e-05
[14:25:28 INFO] Epoch 19/50  iter 100/743  loss=0.1763  lr=3.82e-05
[14:25:43 INFO] Epoch 19/50  iter 150/743  loss=0.2559  lr=3.82e-05
[14:25:56 INFO] Epoch 19/50  iter 200/743  loss=0.1692  lr=3.81e-05
[14:26:11 INFO] Epoch 19/50  iter 250/743  loss=0.0931  lr=3.80e-05
[14:26:25 INFO] Epoch 19/50  iter 300/743  loss=0.1162  lr=3.79e-05
[14:26:39 INFO] Epoch 19/50  iter 350/743  loss=0.1724  lr=3.78e-05
[14:26:53 INFO] Epoch 19/50  iter 400/743  loss=0.2826  lr=3.78e-05
[14:27:07 INFO] Epoch 19/50  iter 450/743  loss=0.1366  lr=3.77e-05
[14:27:21 INFO] Epoch 19/50  iter 500/743  loss=0.0892  lr=3.76e-05
[14:27:35 INFO] Epoch 19/50  iter 550/743  loss=0.1054  lr=3.75e-05
[14:27:49 INFO] Epoch 19/50  iter 600/743  loss=0.1078  lr=3.74e-05
[14:28:02 INFO] Epoch 19/50  iter 650/743  loss=0.1791  lr=3.73e-05
[14:28:16 INFO] Epoch 19/50  iter 700/743  loss=0.1540  lr=3.73e-05
[14:28:29 INFO] Epoch 19 complete — avg_loss=0.1627  time=209s
[14:28:44 INFO] Epoch 20/50  iter 50/743  loss=0.1406  lr=3.71e-05
[14:28:58 INFO] Epoch 20/50  iter 100/743  loss=0.0754  lr=3.70e-05
[14:29:12 INFO] Epoch 20/50  iter 150/743  loss=0.0659  lr=3.70e-05
[14:29:26 INFO] Epoch 20/50  iter 200/743  loss=0.1307  lr=3.69e-05
[14:29:41 INFO] Epoch 20/50  iter 250/743  loss=0.1332  lr=3.68e-05
[14:29:54 INFO] Epoch 20/50  iter 300/743  loss=0.0716  lr=3.67e-05
[14:30:08 INFO] Epoch 20/50  iter 350/743  loss=0.1580  lr=3.66e-05
[14:30:23 INFO] Epoch 20/50  iter 400/743  loss=0.0999  lr=3.66e-05
[14:30:36 INFO] Epoch 20/50  iter 450/743  loss=0.2121  lr=3.65e-05
[14:30:50 INFO] Epoch 20/50  iter 500/743  loss=0.1545  lr=3.64e-05
[14:31:04 INFO] Epoch 20/50  iter 550/743  loss=0.1260  lr=3.63e-05
[14:31:18 INFO] Epoch 20/50  iter 600/743  loss=0.0796  lr=3.62e-05
[14:31:32 INFO] Epoch 20/50  iter 650/743  loss=0.1059  lr=3.61e-05
[14:31:47 INFO] Epoch 20/50  iter 700/743  loss=0.1848  lr=3.61e-05
[14:31:58 INFO] Epoch 20 complete — avg_loss=0.1549  time=209s
[14:34:08 INFO]   val mIoU = 0.7367
[14:34:09 INFO]   ★ New best val mIoU: 0.7367
[14:34:23 INFO] Epoch 21/50  iter 50/743  loss=0.0987  lr=3.59e-05
[14:34:38 INFO] Epoch 21/50  iter 100/743  loss=0.1007  lr=3.58e-05
[14:34:52 INFO] Epoch 21/50  iter 150/743  loss=0.4810  lr=3.58e-05
[14:35:05 INFO] Epoch 21/50  iter 200/743  loss=0.1404  lr=3.57e-05
[14:35:19 INFO] Epoch 21/50  iter 250/743  loss=0.1463  lr=3.56e-05
[14:35:33 INFO] Epoch 21/50  iter 300/743  loss=0.1146  lr=3.55e-05
[14:35:47 INFO] Epoch 21/50  iter 350/743  loss=0.0756  lr=3.54e-05
[14:36:01 INFO] Epoch 21/50  iter 400/743  loss=0.1280  lr=3.54e-05
[14:36:15 INFO] Epoch 21/50  iter 450/743  loss=0.3871  lr=3.53e-05
[14:36:29 INFO] Epoch 21/50  iter 500/743  loss=0.2095  lr=3.52e-05
[14:36:43 INFO] Epoch 21/50  iter 550/743  loss=0.1255  lr=3.51e-05
[14:36:57 INFO] Epoch 21/50  iter 600/743  loss=0.1172  lr=3.50e-05
[14:37:11 INFO] Epoch 21/50  iter 650/743  loss=0.3425  lr=3.49e-05
[14:37:25 INFO] Epoch 21/50  iter 700/743  loss=0.0863  lr=3.49e-05
[14:37:37 INFO] Epoch 21 complete — avg_loss=0.1552  time=208s
[14:37:53 INFO] Epoch 22/50  iter 50/743  loss=0.1526  lr=3.47e-05
[14:38:07 INFO] Epoch 22/50  iter 100/743  loss=0.0475  lr=3.46e-05
[14:38:20 INFO] Epoch 22/50  iter 150/743  loss=0.1049  lr=3.46e-05
[14:38:35 INFO] Epoch 22/50  iter 200/743  loss=0.0783  lr=3.45e-05
[14:38:49 INFO] Epoch 22/50  iter 250/743  loss=0.1283  lr=3.44e-05
[14:39:03 INFO] Epoch 22/50  iter 300/743  loss=0.1080  lr=3.43e-05
[14:39:16 INFO] Epoch 22/50  iter 350/743  loss=0.0589  lr=3.42e-05
[14:39:31 INFO] Epoch 22/50  iter 400/743  loss=0.2172  lr=3.42e-05
[14:39:45 INFO] Epoch 22/50  iter 450/743  loss=0.2609  lr=3.41e-05
[14:39:59 INFO] Epoch 22/50  iter 500/743  loss=0.1854  lr=3.40e-05
[14:40:12 INFO] Epoch 22/50  iter 550/743  loss=0.1787  lr=3.39e-05
[14:40:26 INFO] Epoch 22/50  iter 600/743  loss=0.1096  lr=3.38e-05
[14:40:40 INFO] Epoch 22/50  iter 650/743  loss=0.1864  lr=3.37e-05
[14:40:54 INFO] Epoch 22/50  iter 700/743  loss=0.1734  lr=3.37e-05
[14:41:06 INFO] Epoch 22 complete — avg_loss=0.1476  time=208s
[14:41:22 INFO] Epoch 23/50  iter 50/743  loss=0.0918  lr=3.35e-05
[14:41:36 INFO] Epoch 23/50  iter 100/743  loss=1.4760  lr=3.34e-05
[14:41:50 INFO] Epoch 23/50  iter 150/743  loss=0.2909  lr=3.34e-05
[14:42:04 INFO] Epoch 23/50  iter 200/743  loss=0.1032  lr=3.33e-05
[14:42:18 INFO] Epoch 23/50  iter 250/743  loss=0.1374  lr=3.32e-05
[14:42:32 INFO] Epoch 23/50  iter 300/743  loss=0.5600  lr=3.31e-05
[14:42:46 INFO] Epoch 23/50  iter 350/743  loss=0.1581  lr=3.30e-05
[14:43:00 INFO] Epoch 23/50  iter 400/743  loss=0.1434  lr=3.30e-05
[14:43:14 INFO] Epoch 23/50  iter 450/743  loss=0.1414  lr=3.29e-05
[14:43:28 INFO] Epoch 23/50  iter 500/743  loss=0.1008  lr=3.28e-05
[14:43:42 INFO] Epoch 23/50  iter 550/743  loss=0.0990  lr=3.27e-05
[14:43:56 INFO] Epoch 23/50  iter 600/743  loss=0.1797  lr=3.26e-05
[14:44:10 INFO] Epoch 23/50  iter 650/743  loss=0.1266  lr=3.25e-05
[14:44:24 INFO] Epoch 23/50  iter 700/743  loss=0.1294  lr=3.25e-05
[14:44:37 INFO] Epoch 23 complete — avg_loss=0.1521  time=210s
[14:44:52 INFO] Epoch 24/50  iter 50/743  loss=0.1110  lr=3.23e-05
[14:45:06 INFO] Epoch 24/50  iter 100/743  loss=0.1057  lr=3.22e-05
[14:45:19 INFO] Epoch 24/50  iter 150/743  loss=0.1835  lr=3.22e-05
[14:45:33 INFO] Epoch 24/50  iter 200/743  loss=0.1058  lr=3.21e-05
[14:45:48 INFO] Epoch 24/50  iter 250/743  loss=0.1036  lr=3.20e-05
[14:46:01 INFO] Epoch 24/50  iter 300/743  loss=0.1193  lr=3.19e-05
[14:46:15 INFO] Epoch 24/50  iter 350/743  loss=0.0870  lr=3.18e-05
[14:46:30 INFO] Epoch 24/50  iter 400/743  loss=0.1083  lr=3.18e-05
[14:46:44 INFO] Epoch 24/50  iter 450/743  loss=0.0594  lr=3.17e-05
[14:46:58 INFO] Epoch 24/50  iter 500/743  loss=0.2671  lr=3.16e-05
[14:47:12 INFO] Epoch 24/50  iter 550/743  loss=0.2399  lr=3.15e-05
[14:47:26 INFO] Epoch 24/50  iter 600/743  loss=0.2963  lr=3.14e-05
[14:47:40 INFO] Epoch 24/50  iter 650/743  loss=0.0724  lr=3.13e-05
[14:47:54 INFO] Epoch 24/50  iter 700/743  loss=0.1736  lr=3.13e-05
[14:48:06 INFO] Epoch 24 complete — avg_loss=0.1455  time=209s
[14:48:22 INFO] Epoch 25/50  iter 50/743  loss=0.1637  lr=3.11e-05
[14:48:36 INFO] Epoch 25/50  iter 100/743  loss=0.0439  lr=3.10e-05
[14:48:50 INFO] Epoch 25/50  iter 150/743  loss=0.1669  lr=3.10e-05
[14:49:04 INFO] Epoch 25/50  iter 200/743  loss=0.1588  lr=3.09e-05
[14:49:18 INFO] Epoch 25/50  iter 250/743  loss=0.1083  lr=3.08e-05
[14:49:32 INFO] Epoch 25/50  iter 300/743  loss=0.1267  lr=3.07e-05
[14:49:46 INFO] Epoch 25/50  iter 350/743  loss=0.2051  lr=3.06e-05
[14:50:00 INFO] Epoch 25/50  iter 400/743  loss=0.1147  lr=3.06e-05
[14:50:14 INFO] Epoch 25/50  iter 450/743  loss=0.1490  lr=3.05e-05
[14:50:28 INFO] Epoch 25/50  iter 500/743  loss=0.0323  lr=3.04e-05
[14:50:43 INFO] Epoch 25/50  iter 550/743  loss=0.1249  lr=3.03e-05
[14:50:57 INFO] Epoch 25/50  iter 600/743  loss=0.1579  lr=3.02e-05
[14:51:10 INFO] Epoch 25/50  iter 650/743  loss=0.3693  lr=3.01e-05
[14:51:25 INFO] Epoch 25/50  iter 700/743  loss=0.0900  lr=3.01e-05
[14:51:37 INFO] Epoch 25 complete — avg_loss=0.1477  time=210s
[14:53:48 INFO]   val mIoU = 0.7460
[14:53:48 INFO]   ★ New best val mIoU: 0.7460
[14:54:04 INFO] Epoch 26/50  iter 50/743  loss=0.1647  lr=2.99e-05
[14:54:19 INFO] Epoch 26/50  iter 100/743  loss=0.0857  lr=2.98e-05
[14:54:33 INFO] Epoch 26/50  iter 150/743  loss=0.1995  lr=2.98e-05
[14:54:47 INFO] Epoch 26/50  iter 200/743  loss=0.1734  lr=2.97e-05
[14:55:01 INFO] Epoch 26/50  iter 250/743  loss=0.2168  lr=2.96e-05
[14:55:15 INFO] Epoch 26/50  iter 300/743  loss=0.1510  lr=2.95e-05
[14:55:29 INFO] Epoch 26/50  iter 350/743  loss=0.2855  lr=2.94e-05
[14:55:43 INFO] Epoch 26/50  iter 400/743  loss=0.1355  lr=2.94e-05
[14:55:57 INFO] Epoch 26/50  iter 450/743  loss=0.1852  lr=2.93e-05
[14:56:11 INFO] Epoch 26/50  iter 500/743  loss=0.2481  lr=2.92e-05
[14:56:26 INFO] Epoch 26/50  iter 550/743  loss=0.1519  lr=2.91e-05
[14:56:40 INFO] Epoch 26/50  iter 600/743  loss=0.1496  lr=2.90e-05
[14:56:54 INFO] Epoch 26/50  iter 650/743  loss=0.1422  lr=2.89e-05
[14:57:08 INFO] Epoch 26/50  iter 700/743  loss=0.1663  lr=2.89e-05
[14:57:20 INFO] Epoch 26 complete — avg_loss=0.1521  time=211s
[14:57:35 INFO] Epoch 27/50  iter 50/743  loss=0.1219  lr=2.87e-05
[14:57:50 INFO] Epoch 27/50  iter 100/743  loss=0.1365  lr=2.86e-05
[14:58:03 INFO] Epoch 27/50  iter 150/743  loss=0.1194  lr=2.86e-05
[14:58:18 INFO] Epoch 27/50  iter 200/743  loss=0.0818  lr=2.85e-05
[14:58:32 INFO] Epoch 27/50  iter 250/743  loss=0.1285  lr=2.84e-05
[14:58:45 INFO] Epoch 27/50  iter 300/743  loss=0.2267  lr=2.83e-05
[14:59:00 INFO] Epoch 27/50  iter 350/743  loss=0.1626  lr=2.82e-05
[14:59:14 INFO] Epoch 27/50  iter 400/743  loss=0.1821  lr=2.82e-05
[14:59:28 INFO] Epoch 27/50  iter 450/743  loss=0.0676  lr=2.81e-05
[14:59:42 INFO] Epoch 27/50  iter 500/743  loss=0.2115  lr=2.80e-05
[14:59:56 INFO] Epoch 27/50  iter 550/743  loss=0.1403  lr=2.79e-05
[15:00:10 INFO] Epoch 27/50  iter 600/743  loss=0.1141  lr=2.78e-05
[15:00:24 INFO] Epoch 27/50  iter 650/743  loss=0.2211  lr=2.77e-05
[15:00:38 INFO] Epoch 27/50  iter 700/743  loss=0.1185  lr=2.77e-05
[15:00:50 INFO] Epoch 27 complete — avg_loss=0.1373  time=209s
[15:01:07 INFO] Epoch 28/50  iter 50/743  loss=0.1194  lr=2.75e-05
[15:01:21 INFO] Epoch 28/50  iter 100/743  loss=0.1385  lr=2.74e-05
[15:01:34 INFO] Epoch 28/50  iter 150/743  loss=0.1108  lr=2.74e-05
[15:01:49 INFO] Epoch 28/50  iter 200/743  loss=0.1374  lr=2.73e-05
[15:02:03 INFO] Epoch 28/50  iter 250/743  loss=0.1241  lr=2.72e-05
[15:02:17 INFO] Epoch 28/50  iter 300/743  loss=0.2147  lr=2.71e-05
[15:02:31 INFO] Epoch 28/50  iter 350/743  loss=0.1519  lr=2.70e-05
[15:02:45 INFO] Epoch 28/50  iter 400/743  loss=0.1042  lr=2.70e-05
[15:02:59 INFO] Epoch 28/50  iter 450/743  loss=0.1126  lr=2.69e-05
[15:03:14 INFO] Epoch 28/50  iter 500/743  loss=0.1413  lr=2.68e-05
[15:03:28 INFO] Epoch 28/50  iter 550/743  loss=0.1832  lr=2.67e-05
[15:03:41 INFO] Epoch 28/50  iter 600/743  loss=0.3647  lr=2.66e-05
[15:03:56 INFO] Epoch 28/50  iter 650/743  loss=0.0705  lr=2.65e-05
[15:04:10 INFO] Epoch 28/50  iter 700/743  loss=0.1204  lr=2.65e-05
[15:04:22 INFO] Epoch 28 complete — avg_loss=0.1393  time=211s
[15:04:38 INFO] Epoch 29/50  iter 50/743  loss=0.1270  lr=2.63e-05
[15:04:52 INFO] Epoch 29/50  iter 100/743  loss=0.1593  lr=2.62e-05
[15:05:05 INFO] Epoch 29/50  iter 150/743  loss=0.1210  lr=2.62e-05
[15:05:20 INFO] Epoch 29/50  iter 200/743  loss=0.1209  lr=2.61e-05
[15:05:34 INFO] Epoch 29/50  iter 250/743  loss=0.0788  lr=2.60e-05
[15:05:47 INFO] Epoch 29/50  iter 300/743  loss=0.1357  lr=2.59e-05
[15:06:01 INFO] Epoch 29/50  iter 350/743  loss=0.1596  lr=2.58e-05
[15:06:16 INFO] Epoch 29/50  iter 400/743  loss=0.1155  lr=2.58e-05
[15:06:29 INFO] Epoch 29/50  iter 450/743  loss=0.1450  lr=2.57e-05
[15:06:43 INFO] Epoch 29/50  iter 500/743  loss=0.0697  lr=2.56e-05
[15:06:58 INFO] Epoch 29/50  iter 550/743  loss=0.1543  lr=2.55e-05
[15:07:11 INFO] Epoch 29/50  iter 600/743  loss=0.0706  lr=2.54e-05
[15:07:25 INFO] Epoch 29/50  iter 650/743  loss=0.0849  lr=2.53e-05
[15:07:40 INFO] Epoch 29/50  iter 700/743  loss=0.0935  lr=2.53e-05
[15:07:51 INFO] Epoch 29 complete — avg_loss=0.1409  time=208s
[15:08:06 INFO] Epoch 30/50  iter 50/743  loss=0.2082  lr=2.51e-05
[15:08:21 INFO] Epoch 30/50  iter 100/743  loss=0.0765  lr=2.50e-05
[15:08:34 INFO] Epoch 30/50  iter 150/743  loss=0.0356  lr=2.50e-05
[15:08:48 INFO] Epoch 30/50  iter 200/743  loss=0.0548  lr=2.49e-05
[15:09:03 INFO] Epoch 30/50  iter 250/743  loss=0.0711  lr=2.48e-05
[15:09:17 INFO] Epoch 30/50  iter 300/743  loss=0.1308  lr=2.47e-05
[15:09:31 INFO] Epoch 30/50  iter 350/743  loss=0.0689  lr=2.46e-05
[15:09:45 INFO] Epoch 30/50  iter 400/743  loss=0.1604  lr=2.46e-05
[15:09:59 INFO] Epoch 30/50  iter 450/743  loss=0.0628  lr=2.45e-05
[15:10:13 INFO] Epoch 30/50  iter 500/743  loss=0.0912  lr=2.44e-05
[15:10:28 INFO] Epoch 30/50  iter 550/743  loss=0.2089  lr=2.43e-05
[15:10:41 INFO] Epoch 30/50  iter 600/743  loss=0.0898  lr=2.42e-05
[15:10:55 INFO] Epoch 30/50  iter 650/743  loss=0.1522  lr=2.41e-05
[15:11:10 INFO] Epoch 30/50  iter 700/743  loss=0.1241  lr=2.41e-05
[15:11:22 INFO] Epoch 30 complete — avg_loss=0.1382  time=210s
[15:13:33 INFO]   val mIoU = 0.7574
[15:13:34 INFO]   ★ New best val mIoU: 0.7574
[15:13:49 INFO] Epoch 31/50  iter 50/743  loss=0.1112  lr=2.39e-05
[15:14:03 INFO] Epoch 31/50  iter 100/743  loss=0.1530  lr=2.38e-05
[15:14:17 INFO] Epoch 31/50  iter 150/743  loss=0.1436  lr=2.38e-05
[15:14:31 INFO] Epoch 31/50  iter 200/743  loss=0.5717  lr=2.37e-05
[15:14:45 INFO] Epoch 31/50  iter 250/743  loss=0.0982  lr=2.36e-05
[15:14:59 INFO] Epoch 31/50  iter 300/743  loss=0.3833  lr=2.35e-05
[15:15:13 INFO] Epoch 31/50  iter 350/743  loss=0.3354  lr=2.34e-05
[15:15:26 INFO] Epoch 31/50  iter 400/743  loss=0.0621  lr=2.34e-05
[15:15:41 INFO] Epoch 31/50  iter 450/743  loss=0.1584  lr=2.33e-05
[15:15:54 INFO] Epoch 31/50  iter 500/743  loss=0.1082  lr=2.32e-05
[15:16:08 INFO] Epoch 31/50  iter 550/743  loss=0.5638  lr=2.31e-05
[15:16:22 INFO] Epoch 31/50  iter 600/743  loss=0.1027  lr=2.30e-05
[15:16:36 INFO] Epoch 31/50  iter 650/743  loss=0.1427  lr=2.29e-05
[15:16:51 INFO] Epoch 31/50  iter 700/743  loss=0.0837  lr=2.29e-05
[15:17:04 INFO] Epoch 31 complete — avg_loss=0.1360  time=209s
[15:17:20 INFO] Epoch 32/50  iter 50/743  loss=0.1724  lr=2.27e-05
[15:17:34 INFO] Epoch 32/50  iter 100/743  loss=0.2223  lr=2.26e-05
[15:17:48 INFO] Epoch 32/50  iter 150/743  loss=0.0801  lr=2.26e-05
[15:18:02 INFO] Epoch 32/50  iter 200/743  loss=0.0985  lr=2.25e-05
[15:18:16 INFO] Epoch 32/50  iter 250/743  loss=0.1442  lr=2.24e-05
[15:18:30 INFO] Epoch 32/50  iter 300/743  loss=0.0375  lr=2.23e-05
[15:18:44 INFO] Epoch 32/50  iter 350/743  loss=0.2010  lr=2.22e-05
[15:18:58 INFO] Epoch 32/50  iter 400/743  loss=0.1063  lr=2.22e-05
[15:19:12 INFO] Epoch 32/50  iter 450/743  loss=0.0660  lr=2.21e-05
[15:19:26 INFO] Epoch 32/50  iter 500/743  loss=0.1493  lr=2.20e-05
[15:19:41 INFO] Epoch 32/50  iter 550/743  loss=0.0688  lr=2.19e-05
[15:19:55 INFO] Epoch 32/50  iter 600/743  loss=0.1335  lr=2.18e-05
[15:20:09 INFO] Epoch 32/50  iter 650/743  loss=0.1337  lr=2.17e-05
[15:20:23 INFO] Epoch 32/50  iter 700/743  loss=0.1768  lr=2.17e-05
[15:20:35 INFO] Epoch 32 complete — avg_loss=0.1368  time=210s
[15:20:51 INFO] Epoch 33/50  iter 50/743  loss=0.1410  lr=2.15e-05
[15:21:06 INFO] Epoch 33/50  iter 100/743  loss=0.0877  lr=2.14e-05
[15:21:20 INFO] Epoch 33/50  iter 150/743  loss=0.0933  lr=2.14e-05
[15:21:34 INFO] Epoch 33/50  iter 200/743  loss=0.0570  lr=2.13e-05
[15:21:48 INFO] Epoch 33/50  iter 250/743  loss=0.0575  lr=2.12e-05
[15:22:02 INFO] Epoch 33/50  iter 300/743  loss=0.1124  lr=2.11e-05
[15:22:15 INFO] Epoch 33/50  iter 350/743  loss=0.1795  lr=2.10e-05
[15:22:30 INFO] Epoch 33/50  iter 400/743  loss=0.1523  lr=2.10e-05
[15:22:44 INFO] Epoch 33/50  iter 450/743  loss=0.1487  lr=2.09e-05
[15:22:57 INFO] Epoch 33/50  iter 500/743  loss=0.0841  lr=2.08e-05
[15:23:11 INFO] Epoch 33/50  iter 550/743  loss=0.1003  lr=2.07e-05
[15:23:25 INFO] Epoch 33/50  iter 600/743  loss=0.0534  lr=2.06e-05
[15:23:39 INFO] Epoch 33/50  iter 650/743  loss=0.0949  lr=2.05e-05
[15:23:54 INFO] Epoch 33/50  iter 700/743  loss=0.0452  lr=2.05e-05
[15:24:07 INFO] Epoch 33 complete — avg_loss=0.1348  time=211s
[15:24:22 INFO] Epoch 34/50  iter 50/743  loss=0.0434  lr=2.03e-05
[15:24:36 INFO] Epoch 34/50  iter 100/743  loss=0.1240  lr=2.02e-05
[15:24:50 INFO] Epoch 34/50  iter 150/743  loss=0.1571  lr=2.02e-05
[15:25:05 INFO] Epoch 34/50  iter 200/743  loss=0.1435  lr=2.01e-05
[15:25:20 INFO] Epoch 34/50  iter 250/743  loss=0.1606  lr=2.00e-05
[15:25:34 INFO] Epoch 34/50  iter 300/743  loss=0.1727  lr=1.99e-05
[15:25:48 INFO] Epoch 34/50  iter 350/743  loss=0.2039  lr=1.98e-05
[15:26:02 INFO] Epoch 34/50  iter 400/743  loss=0.1178  lr=1.98e-05
[15:26:16 INFO] Epoch 34/50  iter 450/743  loss=0.1040  lr=1.97e-05
[15:26:30 INFO] Epoch 34/50  iter 500/743  loss=0.1299  lr=1.96e-05
[15:26:44 INFO] Epoch 34/50  iter 550/743  loss=0.1306  lr=1.95e-05
[15:26:58 INFO] Epoch 34/50  iter 600/743  loss=0.6103  lr=1.94e-05
[15:27:12 INFO] Epoch 34/50  iter 650/743  loss=0.1123  lr=1.93e-05
[15:27:26 INFO] Epoch 34/50  iter 700/743  loss=0.0714  lr=1.93e-05
[15:27:38 INFO] Epoch 34 complete — avg_loss=0.1374  time=210s
[15:27:53 INFO] Epoch 35/50  iter 50/743  loss=0.0830  lr=1.91e-05
[15:28:08 INFO] Epoch 35/50  iter 100/743  loss=0.1745  lr=1.90e-05
[15:28:23 INFO] Epoch 35/50  iter 150/743  loss=0.1343  lr=1.90e-05
[15:28:38 INFO] Epoch 35/50  iter 200/743  loss=0.1406  lr=1.89e-05
[15:28:56 INFO] Epoch 35/50  iter 250/743  loss=0.0890  lr=1.88e-05
[15:29:11 INFO] Epoch 35/50  iter 300/743  loss=0.1649  lr=1.87e-05
[15:29:26 INFO] Epoch 35/50  iter 350/743  loss=0.0986  lr=1.86e-05
[15:29:41 INFO] Epoch 35/50  iter 400/743  loss=0.0866  lr=1.86e-05
[15:29:56 INFO] Epoch 35/50  iter 450/743  loss=0.0964  lr=1.85e-05
[15:30:11 INFO] Epoch 35/50  iter 500/743  loss=0.1929  lr=1.84e-05
[15:30:26 INFO] Epoch 35/50  iter 550/743  loss=0.7912  lr=1.83e-05
[15:30:40 INFO] Epoch 35/50  iter 600/743  loss=0.1245  lr=1.82e-05
[15:30:55 INFO] Epoch 35/50  iter 650/743  loss=0.1154  lr=1.81e-05
[15:31:09 INFO] Epoch 35/50  iter 700/743  loss=0.0935  lr=1.81e-05
[15:31:22 INFO] Epoch 35 complete — avg_loss=0.1326  time=224s
[15:33:41 INFO]   val mIoU = 0.7602
[15:33:42 INFO]   ★ New best val mIoU: 0.7602
[15:33:58 INFO] Epoch 36/50  iter 50/743  loss=0.1265  lr=1.79e-05
[15:34:12 INFO] Epoch 36/50  iter 100/743  loss=0.1846  lr=1.78e-05
[15:34:26 INFO] Epoch 36/50  iter 150/743  loss=0.1148  lr=1.78e-05
[15:34:40 INFO] Epoch 36/50  iter 200/743  loss=0.0895  lr=1.77e-05
[15:34:54 INFO] Epoch 36/50  iter 250/743  loss=0.0781  lr=1.76e-05
[15:35:08 INFO] Epoch 36/50  iter 300/743  loss=0.1123  lr=1.75e-05
[15:35:22 INFO] Epoch 36/50  iter 350/743  loss=0.0584  lr=1.74e-05
[15:35:36 INFO] Epoch 36/50  iter 400/743  loss=0.0691  lr=1.74e-05
[15:35:50 INFO] Epoch 36/50  iter 450/743  loss=0.0920  lr=1.73e-05
[15:36:04 INFO] Epoch 36/50  iter 500/743  loss=0.1057  lr=1.72e-05
[15:36:18 INFO] Epoch 36/50  iter 550/743  loss=0.1056  lr=1.71e-05
[15:36:33 INFO] Epoch 36/50  iter 600/743  loss=0.0865  lr=1.70e-05
[15:36:46 INFO] Epoch 36/50  iter 650/743  loss=0.0461  lr=1.69e-05
[15:37:00 INFO] Epoch 36/50  iter 700/743  loss=0.1960  lr=1.69e-05
[15:37:12 INFO] Epoch 36 complete — avg_loss=0.1269  time=210s
[15:37:28 INFO] Epoch 37/50  iter 50/743  loss=0.0941  lr=1.67e-05
[15:37:42 INFO] Epoch 37/50  iter 100/743  loss=0.1432  lr=1.66e-05
[15:37:56 INFO] Epoch 37/50  iter 150/743  loss=0.0668  lr=1.66e-05
[15:38:10 INFO] Epoch 37/50  iter 200/743  loss=0.1860  lr=1.65e-05
[15:38:24 INFO] Epoch 37/50  iter 250/743  loss=0.0503  lr=1.64e-05
[15:38:38 INFO] Epoch 37/50  iter 300/743  loss=0.1150  lr=1.63e-05
[15:38:52 INFO] Epoch 37/50  iter 350/743  loss=0.1196  lr=1.62e-05
[15:39:06 INFO] Epoch 37/50  iter 400/743  loss=0.2649  lr=1.62e-05
[15:39:21 INFO] Epoch 37/50  iter 450/743  loss=0.0902  lr=1.61e-05
[15:39:34 INFO] Epoch 37/50  iter 500/743  loss=0.1454  lr=1.60e-05
[15:39:49 INFO] Epoch 37/50  iter 550/743  loss=0.1560  lr=1.59e-05
[15:40:03 INFO] Epoch 37/50  iter 600/743  loss=0.1178  lr=1.58e-05
[15:40:17 INFO] Epoch 37/50  iter 650/743  loss=0.1394  lr=1.57e-05
[15:40:31 INFO] Epoch 37/50  iter 700/743  loss=0.1323  lr=1.57e-05
[15:40:44 INFO] Epoch 37 complete — avg_loss=0.1336  time=211s
[15:40:59 INFO] Epoch 38/50  iter 50/743  loss=0.2116  lr=1.55e-05
[15:41:13 INFO] Epoch 38/50  iter 100/743  loss=0.0598  lr=1.54e-05
[15:41:27 INFO] Epoch 38/50  iter 150/743  loss=0.1116  lr=1.54e-05
[15:41:41 INFO] Epoch 38/50  iter 200/743  loss=0.0693  lr=1.53e-05
[15:41:55 INFO] Epoch 38/50  iter 250/743  loss=0.1181  lr=1.52e-05
[15:42:09 INFO] Epoch 38/50  iter 300/743  loss=0.1094  lr=1.51e-05
[15:42:23 INFO] Epoch 38/50  iter 350/743  loss=0.1983  lr=1.50e-05
[15:42:37 INFO] Epoch 38/50  iter 400/743  loss=0.0482  lr=1.50e-05
[15:42:51 INFO] Epoch 38/50  iter 450/743  loss=0.1550  lr=1.49e-05
[15:43:04 INFO] Epoch 38/50  iter 500/743  loss=0.2026  lr=1.48e-05
[15:43:18 INFO] Epoch 38/50  iter 550/743  loss=0.1528  lr=1.47e-05
[15:43:32 INFO] Epoch 38/50  iter 600/743  loss=0.1573  lr=1.46e-05
[15:43:46 INFO] Epoch 38/50  iter 650/743  loss=0.0981  lr=1.45e-05
[15:44:00 INFO] Epoch 38/50  iter 700/743  loss=0.0826  lr=1.45e-05
[15:44:12 INFO] Epoch 38 complete — avg_loss=0.1293  time=208s
[15:44:28 INFO] Epoch 39/50  iter 50/743  loss=0.0648  lr=1.43e-05
[15:44:42 INFO] Epoch 39/50  iter 100/743  loss=0.0562  lr=1.42e-05
[15:44:56 INFO] Epoch 39/50  iter 150/743  loss=0.0750  lr=1.42e-05
[15:45:10 INFO] Epoch 39/50  iter 200/743  loss=0.5940  lr=1.41e-05
[15:45:24 INFO] Epoch 39/50  iter 250/743  loss=0.1331  lr=1.40e-05
[15:45:38 INFO] Epoch 39/50  iter 300/743  loss=0.1017  lr=1.39e-05
[15:45:52 INFO] Epoch 39/50  iter 350/743  loss=0.2025  lr=1.38e-05
[15:46:06 INFO] Epoch 39/50  iter 400/743  loss=0.1351  lr=1.38e-05
[15:46:20 INFO] Epoch 39/50  iter 450/743  loss=0.2030  lr=1.37e-05
[15:46:34 INFO] Epoch 39/50  iter 500/743  loss=0.1023  lr=1.36e-05
[15:46:48 INFO] Epoch 39/50  iter 550/743  loss=0.1092  lr=1.35e-05
[15:47:02 INFO] Epoch 39/50  iter 600/743  loss=0.2812  lr=1.34e-05
[15:47:16 INFO] Epoch 39/50  iter 650/743  loss=0.1247  lr=1.33e-05
[15:47:30 INFO] Epoch 39/50  iter 700/743  loss=0.0828  lr=1.33e-05
[15:47:42 INFO] Epoch 39 complete — avg_loss=0.1291  time=209s
[15:47:58 INFO] Epoch 40/50  iter 50/743  loss=0.1726  lr=1.31e-05
[15:48:12 INFO] Epoch 40/50  iter 100/743  loss=0.1180  lr=1.30e-05
[15:48:26 INFO] Epoch 40/50  iter 150/743  loss=0.0487  lr=1.30e-05
[15:48:40 INFO] Epoch 40/50  iter 200/743  loss=0.1148  lr=1.29e-05
[15:48:54 INFO] Epoch 40/50  iter 250/743  loss=0.1546  lr=1.28e-05
[15:49:08 INFO] Epoch 40/50  iter 300/743  loss=0.1282  lr=1.27e-05
[15:49:22 INFO] Epoch 40/50  iter 350/743  loss=0.3551  lr=1.26e-05
[15:49:36 INFO] Epoch 40/50  iter 400/743  loss=0.1144  lr=1.26e-05
[15:49:50 INFO] Epoch 40/50  iter 450/743  loss=0.1151  lr=1.25e-05
[15:50:04 INFO] Epoch 40/50  iter 500/743  loss=0.1921  lr=1.24e-05
[15:50:18 INFO] Epoch 40/50  iter 550/743  loss=0.1837  lr=1.23e-05
[15:50:32 INFO] Epoch 40/50  iter 600/743  loss=0.1877  lr=1.22e-05
[15:50:46 INFO] Epoch 40/50  iter 650/743  loss=0.1955  lr=1.21e-05
[15:51:00 INFO] Epoch 40/50  iter 700/743  loss=0.0731  lr=1.21e-05
[15:51:12 INFO] Epoch 40 complete — avg_loss=0.1243  time=209s
[15:53:26 INFO]   val mIoU = 0.7702
[15:53:27 INFO]   ★ New best val mIoU: 0.7702
[15:53:43 INFO] Epoch 41/50  iter 50/743  loss=0.1018  lr=1.19e-05
[15:53:59 INFO] Epoch 41/50  iter 100/743  loss=0.0959  lr=1.18e-05
[15:54:14 INFO] Epoch 41/50  iter 150/743  loss=0.0694  lr=1.18e-05
[15:54:29 INFO] Epoch 41/50  iter 200/743  loss=0.0713  lr=1.17e-05
[15:54:45 INFO] Epoch 41/50  iter 250/743  loss=0.1182  lr=1.16e-05
[15:55:00 INFO] Epoch 41/50  iter 300/743  loss=0.0759  lr=1.15e-05
[15:55:15 INFO] Epoch 41/50  iter 350/743  loss=0.0844  lr=1.14e-05
[15:55:30 INFO] Epoch 41/50  iter 400/743  loss=0.1221  lr=1.14e-05
[15:55:46 INFO] Epoch 41/50  iter 450/743  loss=0.1458  lr=1.13e-05
[15:56:01 INFO] Epoch 41/50  iter 500/743  loss=0.0726  lr=1.12e-05
[15:56:16 INFO] Epoch 41/50  iter 550/743  loss=0.0644  lr=1.11e-05
[15:56:31 INFO] Epoch 41/50  iter 600/743  loss=0.0863  lr=1.10e-05
[15:56:47 INFO] Epoch 41/50  iter 650/743  loss=0.1739  lr=1.09e-05
[15:57:02 INFO] Epoch 41/50  iter 700/743  loss=0.0805  lr=1.09e-05
[15:57:15 INFO] Epoch 41 complete — avg_loss=0.1217  time=228s
[15:57:32 INFO] Epoch 42/50  iter 50/743  loss=0.0877  lr=1.07e-05
[15:57:48 INFO] Epoch 42/50  iter 100/743  loss=0.1073  lr=1.06e-05
[15:58:03 INFO] Epoch 42/50  iter 150/743  loss=0.1709  lr=1.06e-05
[15:58:18 INFO] Epoch 42/50  iter 200/743  loss=0.1343  lr=1.05e-05
[15:58:33 INFO] Epoch 42/50  iter 250/743  loss=0.0548  lr=1.04e-05
[15:58:49 INFO] Epoch 42/50  iter 300/743  loss=0.1546  lr=1.03e-05
[15:59:05 INFO] Epoch 42/50  iter 350/743  loss=0.1127  lr=1.02e-05
[15:59:20 INFO] Epoch 42/50  iter 400/743  loss=0.0869  lr=1.02e-05
[15:59:35 INFO] Epoch 42/50  iter 450/743  loss=0.0800  lr=1.01e-05
[15:59:50 INFO] Epoch 42/50  iter 500/743  loss=0.0860  lr=9.99e-06
[16:00:06 INFO] Epoch 42/50  iter 550/743  loss=0.0925  lr=9.91e-06
[16:00:21 INFO] Epoch 42/50  iter 600/743  loss=0.1143  lr=9.83e-06
[16:00:36 INFO] Epoch 42/50  iter 650/743  loss=0.0791  lr=9.75e-06
[16:00:51 INFO] Epoch 42/50  iter 700/743  loss=0.1249  lr=9.67e-06
[16:01:05 INFO] Epoch 42 complete — avg_loss=0.1213  time=229s
[16:01:21 INFO] Epoch 43/50  iter 50/743  loss=0.0505  lr=9.52e-06
[16:01:37 INFO] Epoch 43/50  iter 100/743  loss=0.1787  lr=9.44e-06
[16:01:52 INFO] Epoch 43/50  iter 150/743  loss=0.1474  lr=9.36e-06
[16:02:07 INFO] Epoch 43/50  iter 200/743  loss=0.0692  lr=9.28e-06
[16:02:22 INFO] Epoch 43/50  iter 250/743  loss=0.0902  lr=9.19e-06
[16:02:37 INFO] Epoch 43/50  iter 300/743  loss=0.1026  lr=9.11e-06
[16:02:53 INFO] Epoch 43/50  iter 350/743  loss=0.1124  lr=9.03e-06
[16:03:08 INFO] Epoch 43/50  iter 400/743  loss=0.0849  lr=8.95e-06
[16:03:23 INFO] Epoch 43/50  iter 450/743  loss=0.0969  lr=8.87e-06
[16:03:39 INFO] Epoch 43/50  iter 500/743  loss=0.0801  lr=8.79e-06
[16:03:54 INFO] Epoch 43/50  iter 550/743  loss=0.1053  lr=8.71e-06
[16:04:09 INFO] Epoch 43/50  iter 600/743  loss=0.0582  lr=8.63e-06
[16:04:24 INFO] Epoch 43/50  iter 650/743  loss=0.1884  lr=8.55e-06
[16:04:40 INFO] Epoch 43/50  iter 700/743  loss=0.0728  lr=8.47e-06
[16:04:53 INFO] Epoch 43 complete — avg_loss=0.1252  time=228s
[16:05:11 INFO] Epoch 44/50  iter 50/743  loss=0.0810  lr=8.32e-06
[16:05:26 INFO] Epoch 44/50  iter 100/743  loss=0.1300  lr=8.24e-06
[16:05:42 INFO] Epoch 44/50  iter 150/743  loss=0.1159  lr=8.16e-06
[16:05:57 INFO] Epoch 44/50  iter 200/743  loss=0.1040  lr=8.08e-06
[16:06:13 INFO] Epoch 44/50  iter 250/743  loss=0.0893  lr=7.99e-06
[16:06:28 INFO] Epoch 44/50  iter 300/743  loss=0.1017  lr=7.91e-06
[16:06:44 INFO] Epoch 44/50  iter 350/743  loss=0.0881  lr=7.83e-06
[16:06:59 INFO] Epoch 44/50  iter 400/743  loss=0.1788  lr=7.75e-06
[16:07:14 INFO] Epoch 44/50  iter 450/743  loss=0.0767  lr=7.67e-06
[16:07:30 INFO] Epoch 44/50  iter 500/743  loss=0.1071  lr=7.59e-06
[16:07:45 INFO] Epoch 44/50  iter 550/743  loss=0.1677  lr=7.51e-06
[16:08:00 INFO] Epoch 44/50  iter 600/743  loss=0.1244  lr=7.43e-06
[16:08:16 INFO] Epoch 44/50  iter 650/743  loss=0.1132  lr=7.35e-06
[16:08:31 INFO] Epoch 44/50  iter 700/743  loss=0.0775  lr=7.27e-06
[16:08:44 INFO] Epoch 44 complete — avg_loss=0.1209  time=230s
[16:09:01 INFO] Epoch 45/50  iter 50/743  loss=0.0467  lr=7.12e-06
[16:09:17 INFO] Epoch 45/50  iter 100/743  loss=0.1212  lr=7.04e-06
[16:09:32 INFO] Epoch 45/50  iter 150/743  loss=0.1185  lr=6.96e-06
[16:09:48 INFO] Epoch 45/50  iter 200/743  loss=0.1311  lr=6.88e-06
[16:10:03 INFO] Epoch 45/50  iter 250/743  loss=0.1218  lr=6.79e-06
[16:10:18 INFO] Epoch 45/50  iter 300/743  loss=0.1359  lr=6.71e-06
[16:10:34 INFO] Epoch 45/50  iter 350/743  loss=0.0867  lr=6.63e-06
[16:10:49 INFO] Epoch 45/50  iter 400/743  loss=0.1628  lr=6.55e-06
[16:11:04 INFO] Epoch 45/50  iter 450/743  loss=0.0734  lr=6.47e-06
[16:11:19 INFO] Epoch 45/50  iter 500/743  loss=0.1477  lr=6.39e-06
[16:11:35 INFO] Epoch 45/50  iter 550/743  loss=0.3627  lr=6.31e-06
[16:11:50 INFO] Epoch 45/50  iter 600/743  loss=0.1313  lr=6.23e-06
[16:12:06 INFO] Epoch 45/50  iter 650/743  loss=0.0836  lr=6.15e-06
[16:12:21 INFO] Epoch 45/50  iter 700/743  loss=0.0865  lr=6.07e-06
[16:12:35 INFO] Epoch 45 complete — avg_loss=0.1196  time=230s
[16:14:52 INFO]   val mIoU = 0.7736
[16:14:53 INFO]   ★ New best val mIoU: 0.7736
[16:15:10 INFO] Epoch 46/50  iter 50/743  loss=0.1060  lr=5.92e-06
[16:15:25 INFO] Epoch 46/50  iter 100/743  loss=0.0840  lr=5.84e-06
[16:15:40 INFO] Epoch 46/50  iter 150/743  loss=0.1524  lr=5.76e-06
[16:15:55 INFO] Epoch 46/50  iter 200/743  loss=0.1063  lr=5.68e-06
[16:16:11 INFO] Epoch 46/50  iter 250/743  loss=0.1542  lr=5.59e-06
[16:16:26 INFO] Epoch 46/50  iter 300/743  loss=0.1275  lr=5.51e-06
[16:16:41 INFO] Epoch 46/50  iter 350/743  loss=0.1423  lr=5.43e-06
[16:16:57 INFO] Epoch 46/50  iter 400/743  loss=0.1419  lr=5.35e-06
[16:17:13 INFO] Epoch 46/50  iter 450/743  loss=0.0774  lr=5.27e-06
[16:17:28 INFO] Epoch 46/50  iter 500/743  loss=0.0595  lr=5.19e-06
[16:17:43 INFO] Epoch 46/50  iter 550/743  loss=0.2096  lr=5.11e-06
[16:17:59 INFO] Epoch 46/50  iter 600/743  loss=0.1404  lr=5.03e-06
[16:18:14 INFO] Epoch 46/50  iter 650/743  loss=0.2193  lr=4.95e-06
[16:18:29 INFO] Epoch 46/50  iter 700/743  loss=0.0635  lr=4.87e-06
[16:18:42 INFO] Epoch 46 complete — avg_loss=0.1225  time=229s
[16:18:59 INFO] Epoch 47/50  iter 50/743  loss=0.1500  lr=4.72e-06
[16:19:14 INFO] Epoch 47/50  iter 100/743  loss=0.0649  lr=4.64e-06
[16:19:30 INFO] Epoch 47/50  iter 150/743  loss=0.0870  lr=4.56e-06
[16:19:45 INFO] Epoch 47/50  iter 200/743  loss=0.1123  lr=4.48e-06
[16:20:00 INFO] Epoch 47/50  iter 250/743  loss=0.0888  lr=4.39e-06
[16:20:16 INFO] Epoch 47/50  iter 300/743  loss=0.1130  lr=4.31e-06
[16:20:31 INFO] Epoch 47/50  iter 350/743  loss=0.1182  lr=4.23e-06
[16:20:46 INFO] Epoch 47/50  iter 400/743  loss=0.1062  lr=4.15e-06
[16:21:02 INFO] Epoch 47/50  iter 450/743  loss=0.1502  lr=4.07e-06
[16:21:17 INFO] Epoch 47/50  iter 500/743  loss=0.1129  lr=3.99e-06
[16:21:32 INFO] Epoch 47/50  iter 550/743  loss=0.1298  lr=3.91e-06
[16:21:48 INFO] Epoch 47/50  iter 600/743  loss=0.2820  lr=3.83e-06
[16:22:03 INFO] Epoch 47/50  iter 650/743  loss=0.0736  lr=3.75e-06
[16:22:18 INFO] Epoch 47/50  iter 700/743  loss=0.1052  lr=3.67e-06
[16:22:32 INFO] Epoch 47 complete — avg_loss=0.1205  time=228s
[16:22:49 INFO] Epoch 48/50  iter 50/743  loss=0.0880  lr=3.52e-06
[16:23:04 INFO] Epoch 48/50  iter 100/743  loss=0.0551  lr=3.44e-06
[16:23:19 INFO] Epoch 48/50  iter 150/743  loss=0.1147  lr=3.36e-06
[16:23:35 INFO] Epoch 48/50  iter 200/743  loss=0.2235  lr=3.28e-06
[16:23:51 INFO] Epoch 48/50  iter 250/743  loss=0.0738  lr=3.19e-06
[16:24:06 INFO] Epoch 48/50  iter 300/743  loss=0.0724  lr=3.11e-06
[16:24:21 INFO] Epoch 48/50  iter 350/743  loss=0.1522  lr=3.03e-06
[16:24:36 INFO] Epoch 48/50  iter 400/743  loss=0.1982  lr=2.95e-06
[16:24:52 INFO] Epoch 48/50  iter 450/743  loss=0.0986  lr=2.87e-06
[16:25:07 INFO] Epoch 48/50  iter 500/743  loss=0.0530  lr=2.79e-06
[16:25:22 INFO] Epoch 48/50  iter 550/743  loss=0.1071  lr=2.71e-06
[16:25:37 INFO] Epoch 48/50  iter 600/743  loss=0.1442  lr=2.63e-06
[16:25:52 INFO] Epoch 48/50  iter 650/743  loss=0.0962  lr=2.55e-06
[16:26:07 INFO] Epoch 48/50  iter 700/743  loss=0.1663  lr=2.47e-06
[16:26:20 INFO] Epoch 48 complete — avg_loss=0.1191  time=228s
[16:26:38 INFO] Epoch 49/50  iter 50/743  loss=0.1075  lr=2.32e-06
[16:26:53 INFO] Epoch 49/50  iter 100/743  loss=0.1249  lr=2.24e-06
[16:27:08 INFO] Epoch 49/50  iter 150/743  loss=0.1319  lr=2.16e-06
[16:27:23 INFO] Epoch 49/50  iter 200/743  loss=0.1115  lr=2.08e-06
[16:27:38 INFO] Epoch 49/50  iter 250/743  loss=0.2102  lr=1.99e-06
[16:27:53 INFO] Epoch 49/50  iter 300/743  loss=0.1213  lr=1.91e-06
[16:28:08 INFO] Epoch 49/50  iter 350/743  loss=0.1486  lr=1.83e-06
[16:28:24 INFO] Epoch 49/50  iter 400/743  loss=0.0640  lr=1.75e-06
[16:28:39 INFO] Epoch 49/50  iter 450/743  loss=0.0729  lr=1.67e-06
[16:28:54 INFO] Epoch 49/50  iter 500/743  loss=0.0719  lr=1.59e-06
[16:29:10 INFO] Epoch 49/50  iter 550/743  loss=0.1667  lr=1.51e-06
[16:29:25 INFO] Epoch 49/50  iter 600/743  loss=0.0664  lr=1.43e-06
[16:29:40 INFO] Epoch 49/50  iter 650/743  loss=0.1079  lr=1.35e-06
[16:29:55 INFO] Epoch 49/50  iter 700/743  loss=0.0966  lr=1.27e-06
[16:30:08 INFO] Epoch 49 complete — avg_loss=0.1171  time=227s
[16:30:26 INFO] Epoch 50/50  iter 50/743  loss=0.1062  lr=1.12e-06
[16:30:41 INFO] Epoch 50/50  iter 100/743  loss=0.1622  lr=1.04e-06
[16:30:56 INFO] Epoch 50/50  iter 150/743  loss=0.0467  lr=9.56e-07
[16:31:11 INFO] Epoch 50/50  iter 200/743  loss=0.1310  lr=8.75e-07
[16:31:27 INFO] Epoch 50/50  iter 250/743  loss=0.0833  lr=7.95e-07
[16:31:42 INFO] Epoch 50/50  iter 300/743  loss=0.0807  lr=7.14e-07
[16:31:57 INFO] Epoch 50/50  iter 350/743  loss=0.1448  lr=6.33e-07
[16:32:12 INFO] Epoch 50/50  iter 400/743  loss=0.0993  lr=5.52e-07
[16:32:28 INFO] Epoch 50/50  iter 450/743  loss=0.0756  lr=4.72e-07
[16:32:43 INFO] Epoch 50/50  iter 500/743  loss=0.1142  lr=3.91e-07
[16:32:59 INFO] Epoch 50/50  iter 550/743  loss=0.1009  lr=3.10e-07
[16:33:14 INFO] Epoch 50/50  iter 600/743  loss=0.0744  lr=2.29e-07
[16:33:29 INFO] Epoch 50/50  iter 650/743  loss=0.1158  lr=1.49e-07
[16:33:44 INFO] Epoch 50/50  iter 700/743  loss=0.1521  lr=6.78e-08
[16:33:58 INFO] Epoch 50 complete — avg_loss=0.1253  time=228s
[16:36:16 INFO]   val mIoU = 0.7760
[16:36:17 INFO]   ★ New best val mIoU: 0.7760
[16:36:18 INFO] Training complete. Best val mIoU = 0.7760
