[20:22:58 INFO] Device: cuda
[20:23:01 INFO] fog_prob: 1.0
[20:23:03 INFO] Train: 2975 samples  |  Val: 500 samples
[20:23:31 INFO] Epoch 1/10  iter 50/743  loss=1.0506  lr=5.96e-05
[20:23:57 INFO] Epoch 1/10  iter 100/743  loss=0.5437  lr=5.92e-05
[20:24:24 INFO] Epoch 1/10  iter 150/743  loss=0.2425  lr=5.88e-05
[20:24:51 INFO] Epoch 1/10  iter 200/743  loss=0.2417  lr=5.84e-05
[20:25:18 INFO] Epoch 1/10  iter 250/743  loss=0.3504  lr=5.80e-05
[20:25:45 INFO] Epoch 1/10  iter 300/743  loss=0.5281  lr=5.76e-05
[20:26:11 INFO] Epoch 1/10  iter 350/743  loss=0.2968  lr=5.72e-05
[20:26:38 INFO] Epoch 1/10  iter 400/743  loss=0.3764  lr=5.68e-05
[20:27:05 INFO] Epoch 1/10  iter 450/743  loss=0.3149  lr=5.64e-05
[20:27:31 INFO] Epoch 1/10  iter 500/743  loss=0.1187  lr=5.60e-05
[20:27:58 INFO] Epoch 1/10  iter 550/743  loss=0.3525  lr=5.56e-05
[20:28:25 INFO] Epoch 1/10  iter 600/743  loss=0.2624  lr=5.51e-05
[20:28:52 INFO] Epoch 1/10  iter 650/743  loss=0.3561  lr=5.47e-05
[20:29:19 INFO] Epoch 1/10  iter 700/743  loss=0.2711  lr=5.43e-05
[20:29:42 INFO] Epoch 1 complete — avg_loss=0.5970  time=399s
[20:30:09 INFO] Epoch 2/10  iter 50/743  loss=0.3452  lr=5.36e-05
[20:30:36 INFO] Epoch 2/10  iter 100/743  loss=1.0961  lr=5.32e-05
[20:31:03 INFO] Epoch 2/10  iter 150/743  loss=0.2915  lr=5.28e-05
[20:31:29 INFO] Epoch 2/10  iter 200/743  loss=0.3550  lr=5.24e-05
[20:31:56 INFO] Epoch 2/10  iter 250/743  loss=0.2501  lr=5.20e-05
[20:32:23 INFO] Epoch 2/10  iter 300/743  loss=0.3266  lr=5.16e-05
[20:32:49 INFO] Epoch 2/10  iter 350/743  loss=0.3201  lr=5.12e-05
[20:33:16 INFO] Epoch 2/10  iter 400/743  loss=0.1691  lr=5.08e-05
[20:33:43 INFO] Epoch 2/10  iter 450/743  loss=0.1976  lr=5.04e-05
[20:34:10 INFO] Epoch 2/10  iter 500/743  loss=0.3039  lr=5.00e-05
[20:34:37 INFO] Epoch 2/10  iter 550/743  loss=0.3816  lr=4.96e-05
[20:35:04 INFO] Epoch 2/10  iter 600/743  loss=0.2398  lr=4.91e-05
[20:35:31 INFO] Epoch 2/10  iter 650/743  loss=0.2584  lr=4.87e-05
[20:35:58 INFO] Epoch 2/10  iter 700/743  loss=0.4633  lr=4.83e-05
[20:36:21 INFO] Epoch 2 complete — avg_loss=0.3235  time=398s
[20:40:11 INFO]   val mIoU = 0.5614
[20:40:11 INFO]   ★ New best val mIoU: 0.5614
[20:40:39 INFO] Epoch 3/10  iter 50/743  loss=0.2385  lr=4.76e-05
[20:41:06 INFO] Epoch 3/10  iter 100/743  loss=0.4786  lr=4.72e-05
[20:41:32 INFO] Epoch 3/10  iter 150/743  loss=0.2789  lr=4.68e-05
[20:41:59 INFO] Epoch 3/10  iter 200/743  loss=0.2930  lr=4.64e-05
[20:42:26 INFO] Epoch 3/10  iter 250/743  loss=0.2923  lr=4.60e-05
[20:42:52 INFO] Epoch 3/10  iter 300/743  loss=1.0205  lr=4.56e-05
[20:43:19 INFO] Epoch 3/10  iter 350/743  loss=0.3143  lr=4.52e-05
[20:43:46 INFO] Epoch 3/10  iter 400/743  loss=0.2406  lr=4.48e-05
[20:44:13 INFO] Epoch 3/10  iter 450/743  loss=0.2020  lr=4.44e-05
[20:44:39 INFO] Epoch 3/10  iter 500/743  loss=0.3070  lr=4.40e-05
[20:45:06 INFO] Epoch 3/10  iter 550/743  loss=0.1452  lr=4.36e-05
[20:45:33 INFO] Epoch 3/10  iter 600/743  loss=0.2088  lr=4.31e-05
[20:45:59 INFO] Epoch 3/10  iter 650/743  loss=0.3433  lr=4.27e-05
[20:46:26 INFO] Epoch 3/10  iter 700/743  loss=0.1285  lr=4.23e-05
[20:46:49 INFO] Epoch 3 complete — avg_loss=0.2686  time=398s
[20:47:17 INFO] Epoch 4/10  iter 50/743  loss=0.1016  lr=4.16e-05
[20:47:44 INFO] Epoch 4/10  iter 100/743  loss=0.1658  lr=4.12e-05
[20:48:10 INFO] Epoch 4/10  iter 150/743  loss=0.1957  lr=4.08e-05
[20:48:37 INFO] Epoch 4/10  iter 200/743  loss=0.1204  lr=4.04e-05
[20:49:04 INFO] Epoch 4/10  iter 250/743  loss=0.3091  lr=4.00e-05
[20:49:31 INFO] Epoch 4/10  iter 300/743  loss=0.2220  lr=3.96e-05
[20:49:58 INFO] Epoch 4/10  iter 350/743  loss=0.3448  lr=3.92e-05
[20:50:25 INFO] Epoch 4/10  iter 400/743  loss=0.1706  lr=3.88e-05
[20:50:51 INFO] Epoch 4/10  iter 450/743  loss=0.0950  lr=3.84e-05
[20:51:18 INFO] Epoch 4/10  iter 500/743  loss=0.1348  lr=3.80e-05
[20:51:45 INFO] Epoch 4/10  iter 550/743  loss=0.1829  lr=3.76e-05
[20:52:12 INFO] Epoch 4/10  iter 600/743  loss=0.1884  lr=3.71e-05
[20:52:39 INFO] Epoch 4/10  iter 650/743  loss=0.1786  lr=3.67e-05
[20:53:05 INFO] Epoch 4/10  iter 700/743  loss=0.2305  lr=3.63e-05
[20:53:29 INFO] Epoch 4 complete — avg_loss=0.2458  time=399s
[20:57:27 INFO]   val mIoU = 0.6215
[20:57:28 INFO]   ★ New best val mIoU: 0.6215
[20:57:56 INFO] Epoch 5/10  iter 50/743  loss=0.5739  lr=3.56e-05
[20:58:23 INFO] Epoch 5/10  iter 100/743  loss=0.3907  lr=3.52e-05
[20:58:50 INFO] Epoch 5/10  iter 150/743  loss=0.1568  lr=3.48e-05
[20:59:17 INFO] Epoch 5/10  iter 200/743  loss=0.2297  lr=3.44e-05
[20:59:43 INFO] Epoch 5/10  iter 250/743  loss=0.1122  lr=3.40e-05
[21:00:10 INFO] Epoch 5/10  iter 300/743  loss=0.2441  lr=3.36e-05
[21:00:37 INFO] Epoch 5/10  iter 350/743  loss=0.1113  lr=3.32e-05
[21:01:04 INFO] Epoch 5/10  iter 400/743  loss=0.1728  lr=3.28e-05
[21:01:31 INFO] Epoch 5/10  iter 450/743  loss=0.1751  lr=3.24e-05
[21:01:57 INFO] Epoch 5/10  iter 500/743  loss=0.1605  lr=3.20e-05
[21:02:24 INFO] Epoch 5/10  iter 550/743  loss=0.2517  lr=3.16e-05
[21:02:51 INFO] Epoch 5/10  iter 600/743  loss=0.1767  lr=3.11e-05
[21:03:18 INFO] Epoch 5/10  iter 650/743  loss=0.2307  lr=3.07e-05
[21:03:45 INFO] Epoch 5/10  iter 700/743  loss=0.2233  lr=3.03e-05
[21:04:08 INFO] Epoch 5 complete — avg_loss=0.2177  time=399s
[21:04:35 INFO] Epoch 6/10  iter 50/743  loss=0.1134  lr=2.96e-05
[21:05:02 INFO] Epoch 6/10  iter 100/743  loss=0.4042  lr=2.92e-05
[21:05:28 INFO] Epoch 6/10  iter 150/743  loss=0.0660  lr=2.88e-05
[21:05:55 INFO] Epoch 6/10  iter 200/743  loss=0.1802  lr=2.84e-05
[21:06:22 INFO] Epoch 6/10  iter 250/743  loss=0.2012  lr=2.80e-05
[21:06:49 INFO] Epoch 6/10  iter 300/743  loss=0.2825  lr=2.76e-05
[21:07:15 INFO] Epoch 6/10  iter 350/743  loss=0.1384  lr=2.72e-05
[21:07:42 INFO] Epoch 6/10  iter 400/743  loss=0.2674  lr=2.68e-05
[21:08:09 INFO] Epoch 6/10  iter 450/743  loss=0.2531  lr=2.64e-05
[21:08:36 INFO] Epoch 6/10  iter 500/743  loss=0.2152  lr=2.60e-05
[21:09:02 INFO] Epoch 6/10  iter 550/743  loss=0.1745  lr=2.56e-05
[21:09:29 INFO] Epoch 6/10  iter 600/743  loss=0.0946  lr=2.51e-05
[21:09:56 INFO] Epoch 6/10  iter 650/743  loss=0.1402  lr=2.47e-05
[21:10:23 INFO] Epoch 6/10  iter 700/743  loss=0.0679  lr=2.43e-05
[21:10:46 INFO] Epoch 6 complete — avg_loss=0.2105  time=398s
[21:14:27 INFO]   val mIoU = 0.6649
[21:14:27 INFO]   ★ New best val mIoU: 0.6649
[21:14:55 INFO] Epoch 7/10  iter 50/743  loss=0.2027  lr=2.36e-05
[21:15:22 INFO] Epoch 7/10  iter 100/743  loss=0.1959  lr=2.32e-05
[21:15:49 INFO] Epoch 7/10  iter 150/743  loss=0.1049  lr=2.28e-05
[21:16:16 INFO] Epoch 7/10  iter 200/743  loss=0.1063  lr=2.24e-05
[21:16:43 INFO] Epoch 7/10  iter 250/743  loss=0.1064  lr=2.20e-05
[21:17:10 INFO] Epoch 7/10  iter 300/743  loss=0.1305  lr=2.16e-05
[21:17:37 INFO] Epoch 7/10  iter 350/743  loss=0.2513  lr=2.12e-05
[21:18:04 INFO] Epoch 7/10  iter 400/743  loss=0.1024  lr=2.08e-05
[21:18:31 INFO] Epoch 7/10  iter 450/743  loss=0.2080  lr=2.04e-05
[21:18:58 INFO] Epoch 7/10  iter 500/743  loss=0.1520  lr=2.00e-05
[21:19:25 INFO] Epoch 7/10  iter 550/743  loss=0.2053  lr=1.96e-05
[21:19:51 INFO] Epoch 7/10  iter 600/743  loss=0.0255  lr=1.91e-05
[21:20:18 INFO] Epoch 7/10  iter 650/743  loss=0.1862  lr=1.87e-05
[21:20:45 INFO] Epoch 7/10  iter 700/743  loss=0.1204  lr=1.83e-05
[21:21:08 INFO] Epoch 7 complete — avg_loss=0.2000  time=400s
[21:21:36 INFO] Epoch 8/10  iter 50/743  loss=0.1675  lr=1.76e-05
[21:22:02 INFO] Epoch 8/10  iter 100/743  loss=0.1179  lr=1.72e-05
[21:22:29 INFO] Epoch 8/10  iter 150/743  loss=0.1750  lr=1.68e-05
[21:22:56 INFO] Epoch 8/10  iter 200/743  loss=0.2220  lr=1.64e-05
[21:23:22 INFO] Epoch 8/10  iter 250/743  loss=0.1280  lr=1.60e-05
[21:23:49 INFO] Epoch 8/10  iter 300/743  loss=0.1164  lr=1.56e-05
[21:24:16 INFO] Epoch 8/10  iter 350/743  loss=0.1738  lr=1.52e-05
[21:24:42 INFO] Epoch 8/10  iter 400/743  loss=0.1794  lr=1.48e-05
[21:25:09 INFO] Epoch 8/10  iter 450/743  loss=0.1389  lr=1.44e-05
[21:25:36 INFO] Epoch 8/10  iter 500/743  loss=0.1267  lr=1.40e-05
[21:26:03 INFO] Epoch 8/10  iter 550/743  loss=0.0970  lr=1.36e-05
[21:26:29 INFO] Epoch 8/10  iter 600/743  loss=0.2071  lr=1.31e-05
[21:26:56 INFO] Epoch 8/10  iter 650/743  loss=0.1293  lr=1.27e-05
[21:27:23 INFO] Epoch 8/10  iter 700/743  loss=0.1362  lr=1.23e-05
[21:27:46 INFO] Epoch 8 complete — avg_loss=0.1941  time=397s
[21:31:28 INFO]   val mIoU = 0.6963
[21:31:28 INFO]   ★ New best val mIoU: 0.6963
[21:31:56 INFO] Epoch 9/10  iter 50/743  loss=0.0969  lr=1.16e-05
[21:32:22 INFO] Epoch 9/10  iter 100/743  loss=0.1873  lr=1.12e-05
[21:32:49 INFO] Epoch 9/10  iter 150/743  loss=0.3344  lr=1.08e-05
[21:33:16 INFO] Epoch 9/10  iter 200/743  loss=0.1197  lr=1.04e-05
[21:33:43 INFO] Epoch 9/10  iter 250/743  loss=0.1621  lr=9.97e-06
[21:34:09 INFO] Epoch 9/10  iter 300/743  loss=0.1070  lr=9.57e-06
[21:34:36 INFO] Epoch 9/10  iter 350/743  loss=0.0801  lr=9.17e-06
[21:35:03 INFO] Epoch 9/10  iter 400/743  loss=0.3116  lr=8.76e-06
[21:35:29 INFO] Epoch 9/10  iter 450/743  loss=0.2050  lr=8.36e-06
[21:35:56 INFO] Epoch 9/10  iter 500/743  loss=0.2138  lr=7.95e-06
[21:36:23 INFO] Epoch 9/10  iter 550/743  loss=0.1291  lr=7.55e-06
[21:36:49 INFO] Epoch 9/10  iter 600/743  loss=0.1042  lr=7.15e-06
[21:37:16 INFO] Epoch 9/10  iter 650/743  loss=0.1524  lr=6.74e-06
[21:37:43 INFO] Epoch 9/10  iter 700/743  loss=0.1306  lr=6.34e-06
[21:38:06 INFO] Epoch 9 complete — avg_loss=0.1753  time=397s
[21:38:34 INFO] Epoch 10/10  iter 50/743  loss=0.1211  lr=5.59e-06
[21:39:00 INFO] Epoch 10/10  iter 100/743  loss=0.1496  lr=5.18e-06
[21:39:27 INFO] Epoch 10/10  iter 150/743  loss=0.1706  lr=4.78e-06
[21:39:54 INFO] Epoch 10/10  iter 200/743  loss=0.2115  lr=4.38e-06
[21:40:20 INFO] Epoch 10/10  iter 250/743  loss=0.0990  lr=3.97e-06
[21:40:47 INFO] Epoch 10/10  iter 300/743  loss=0.1211  lr=3.57e-06
[21:41:14 INFO] Epoch 10/10  iter 350/743  loss=0.1519  lr=3.17e-06
[21:41:41 INFO] Epoch 10/10  iter 400/743  loss=0.0630  lr=2.76e-06
[21:42:07 INFO] Epoch 10/10  iter 450/743  loss=0.0978  lr=2.36e-06
[21:42:34 INFO] Epoch 10/10  iter 500/743  loss=0.1086  lr=1.95e-06
[21:43:01 INFO] Epoch 10/10  iter 550/743  loss=0.7571  lr=1.55e-06
[21:43:27 INFO] Epoch 10/10  iter 600/743  loss=0.1709  lr=1.15e-06
[21:43:54 INFO] Epoch 10/10  iter 650/743  loss=0.2034  lr=7.43e-07
[21:44:21 INFO] Epoch 10/10  iter 700/743  loss=0.2333  lr=3.39e-07
[21:44:44 INFO] Epoch 10 complete — avg_loss=0.1675  time=398s
[21:48:24 INFO]   val mIoU = 0.7102
[21:48:25 INFO]   ★ New best val mIoU: 0.7102
[21:48:25 INFO] Training complete. Best val mIoU = 0.7102
