[14:01:01 INFO] Device: cuda
[14:01:08 INFO] Train: 2975 samples  |  Val: 500 samples
[14:01:33 INFO] Epoch 1/50  iter 50/743  loss=1.5371  lr=5.99e-05
[14:01:57 INFO] Epoch 1/50  iter 100/743  loss=1.3784  lr=5.98e-05
[14:02:20 INFO] Epoch 1/50  iter 150/743  loss=1.2763  lr=5.98e-05
[14:02:42 INFO] Epoch 1/50  iter 200/743  loss=0.8447  lr=5.97e-05
[14:03:06 INFO] Epoch 1/50  iter 250/743  loss=1.0637  lr=5.96e-05
[14:03:31 INFO] Epoch 1/50  iter 300/743  loss=0.9119  lr=5.95e-05
[14:03:58 INFO] Epoch 1/50  iter 350/743  loss=1.1980  lr=5.94e-05
[14:04:28 INFO] Epoch 1/50  iter 400/743  loss=0.8508  lr=5.94e-05
[14:04:54 INFO] Epoch 1/50  iter 450/743  loss=0.6083  lr=5.93e-05
[14:05:19 INFO] Epoch 1/50  iter 500/743  loss=1.0746  lr=5.92e-05
[14:05:41 INFO] Epoch 1/50  iter 550/743  loss=0.5679  lr=5.91e-05
[14:06:03 INFO] Epoch 1/50  iter 600/743  loss=0.7892  lr=5.90e-05
[14:06:26 INFO] Epoch 1/50  iter 650/743  loss=0.6890  lr=5.89e-05
[14:06:52 INFO] Epoch 1/50  iter 700/743  loss=0.9855  lr=5.89e-05
[14:07:14 INFO] Epoch 1 complete — avg_loss=0.9971  time=366s
[14:07:42 INFO] Epoch 2/50  iter 50/743  loss=0.5810  lr=5.87e-05
[14:08:07 INFO] Epoch 2/50  iter 100/743  loss=0.4883  lr=5.86e-05
[14:08:30 INFO] Epoch 2/50  iter 150/743  loss=0.5412  lr=5.86e-05
[14:08:52 INFO] Epoch 2/50  iter 200/743  loss=0.8588  lr=5.85e-05
[14:09:13 INFO] Epoch 2/50  iter 250/743  loss=0.4400  lr=5.84e-05
[14:09:36 INFO] Epoch 2/50  iter 300/743  loss=1.0117  lr=5.83e-05
[14:09:58 INFO] Epoch 2/50  iter 350/743  loss=0.5195  lr=5.82e-05
[14:10:21 INFO] Epoch 2/50  iter 400/743  loss=1.0302  lr=5.82e-05
[14:10:43 INFO] Epoch 2/50  iter 450/743  loss=0.4415  lr=5.81e-05
[14:11:06 INFO] Epoch 2/50  iter 500/743  loss=0.6077  lr=5.80e-05
[14:11:28 INFO] Epoch 2/50  iter 550/743  loss=1.1376  lr=5.79e-05
[14:11:51 INFO] Epoch 2/50  iter 600/743  loss=0.6950  lr=5.78e-05
[14:12:14 INFO] Epoch 2/50  iter 650/743  loss=0.6850  lr=5.77e-05
[14:12:37 INFO] Epoch 2/50  iter 700/743  loss=0.2997  lr=5.77e-05
[14:12:56 INFO] Epoch 2 complete — avg_loss=0.6326  time=341s
[14:13:21 INFO] Epoch 3/50  iter 50/743  loss=0.8463  lr=5.75e-05
[14:13:47 INFO] Epoch 3/50  iter 100/743  loss=0.6558  lr=5.74e-05
[14:14:11 INFO] Epoch 3/50  iter 150/743  loss=0.3030  lr=5.74e-05
[14:14:34 INFO] Epoch 3/50  iter 200/743  loss=0.3413  lr=5.73e-05
[14:14:55 INFO] Epoch 3/50  iter 250/743  loss=0.5354  lr=5.72e-05
[14:15:17 INFO] Epoch 3/50  iter 300/743  loss=0.2999  lr=5.71e-05
[14:15:40 INFO] Epoch 3/50  iter 350/743  loss=0.3410  lr=5.70e-05
[14:16:05 INFO] Epoch 3/50  iter 400/743  loss=0.3068  lr=5.70e-05
[14:16:26 INFO] Epoch 3/50  iter 450/743  loss=0.5437  lr=5.69e-05
[14:16:48 INFO] Epoch 3/50  iter 500/743  loss=0.3237  lr=5.68e-05
[14:17:10 INFO] Epoch 3/50  iter 550/743  loss=0.4637  lr=5.67e-05
[14:17:33 INFO] Epoch 3/50  iter 600/743  loss=0.4006  lr=5.66e-05
[14:17:57 INFO] Epoch 3/50  iter 650/743  loss=0.3552  lr=5.65e-05
[14:18:19 INFO] Epoch 3/50  iter 700/743  loss=0.4711  lr=5.65e-05
[14:18:38 INFO] Epoch 3 complete — avg_loss=0.5431  time=341s
[14:19:03 INFO] Epoch 4/50  iter 50/743  loss=0.2725  lr=5.63e-05
[14:19:25 INFO] Epoch 4/50  iter 100/743  loss=0.2548  lr=5.62e-05
[14:19:48 INFO] Epoch 4/50  iter 150/743  loss=0.4628  lr=5.62e-05
[14:20:10 INFO] Epoch 4/50  iter 200/743  loss=0.2469  lr=5.61e-05
[14:20:34 INFO] Epoch 4/50  iter 250/743  loss=0.3879  lr=5.60e-05
[14:20:58 INFO] Epoch 4/50  iter 300/743  loss=0.8235  lr=5.59e-05
[14:21:24 INFO] Epoch 4/50  iter 350/743  loss=0.2518  lr=5.58e-05
[14:21:48 INFO] Epoch 4/50  iter 400/743  loss=0.3802  lr=5.58e-05
[14:22:13 INFO] Epoch 4/50  iter 450/743  loss=0.2462  lr=5.57e-05
[14:22:36 INFO] Epoch 4/50  iter 500/743  loss=0.2231  lr=5.56e-05
[14:22:58 INFO] Epoch 4/50  iter 550/743  loss=0.9368  lr=5.55e-05
[14:23:21 INFO] Epoch 4/50  iter 600/743  loss=0.4303  lr=5.54e-05
[14:23:45 INFO] Epoch 4/50  iter 650/743  loss=0.3296  lr=5.53e-05
[14:24:10 INFO] Epoch 4/50  iter 700/743  loss=0.7587  lr=5.53e-05
[14:24:30 INFO] Epoch 4 complete — avg_loss=0.4968  time=351s
[14:24:56 INFO] Epoch 5/50  iter 50/743  loss=0.2687  lr=5.51e-05
[14:25:20 INFO] Epoch 5/50  iter 100/743  loss=0.3116  lr=5.50e-05
[14:25:46 INFO] Epoch 5/50  iter 150/743  loss=0.3995  lr=5.50e-05
[14:26:10 INFO] Epoch 5/50  iter 200/743  loss=0.3122  lr=5.49e-05
[14:26:34 INFO] Epoch 5/50  iter 250/743  loss=0.2308  lr=5.48e-05
[14:26:57 INFO] Epoch 5/50  iter 300/743  loss=0.2900  lr=5.47e-05
[14:27:21 INFO] Epoch 5/50  iter 350/743  loss=0.4454  lr=5.46e-05
[14:27:44 INFO] Epoch 5/50  iter 400/743  loss=0.3684  lr=5.46e-05
[14:28:07 INFO] Epoch 5/50  iter 450/743  loss=0.3342  lr=5.45e-05
[14:28:28 INFO] Epoch 5/50  iter 500/743  loss=0.3434  lr=5.44e-05
[14:28:51 INFO] Epoch 5/50  iter 550/743  loss=0.7091  lr=5.43e-05
[14:29:13 INFO] Epoch 5/50  iter 600/743  loss=0.4411  lr=5.42e-05
[14:29:35 INFO] Epoch 5/50  iter 650/743  loss=0.3950  lr=5.41e-05
[14:29:58 INFO] Epoch 5/50  iter 700/743  loss=0.6135  lr=5.41e-05
[14:30:17 INFO] Epoch 5 complete — avg_loss=0.4684  time=346s
[14:31:10 INFO]   val mIoU = 0.2987
[14:31:11 INFO]   ★ New best val mIoU: 0.2987
[14:31:40 INFO] Epoch 6/50  iter 50/743  loss=0.3508  lr=5.39e-05
[14:32:04 INFO] Epoch 6/50  iter 100/743  loss=0.5783  lr=5.38e-05
[14:32:30 INFO] Epoch 6/50  iter 150/743  loss=0.5975  lr=5.38e-05
[14:32:53 INFO] Epoch 6/50  iter 200/743  loss=0.5668  lr=5.37e-05
[14:33:17 INFO] Epoch 6/50  iter 250/743  loss=0.3382  lr=5.36e-05
[14:33:40 INFO] Epoch 6/50  iter 300/743  loss=0.4269  lr=5.35e-05
[14:34:02 INFO] Epoch 6/50  iter 350/743  loss=0.3595  lr=5.34e-05
[14:34:25 INFO] Epoch 6/50  iter 400/743  loss=0.7436  lr=5.34e-05
[14:34:47 INFO] Epoch 6/50  iter 450/743  loss=0.4119  lr=5.33e-05
[14:35:09 INFO] Epoch 6/50  iter 500/743  loss=0.4392  lr=5.32e-05
[14:35:32 INFO] Epoch 6/50  iter 550/743  loss=0.4524  lr=5.31e-05
[14:35:54 INFO] Epoch 6/50  iter 600/743  loss=0.4463  lr=5.30e-05
[14:36:16 INFO] Epoch 6/50  iter 650/743  loss=1.9664  lr=5.29e-05
[14:36:38 INFO] Epoch 6/50  iter 700/743  loss=0.3467  lr=5.29e-05
[14:36:57 INFO] Epoch 6 complete — avg_loss=0.4282  time=345s
[14:37:23 INFO] Epoch 7/50  iter 50/743  loss=0.5313  lr=5.27e-05
[14:37:45 INFO] Epoch 7/50  iter 100/743  loss=0.2490  lr=5.26e-05
[14:38:08 INFO] Epoch 7/50  iter 150/743  loss=0.5554  lr=5.26e-05
[14:38:30 INFO] Epoch 7/50  iter 200/743  loss=0.4070  lr=5.25e-05
[14:38:55 INFO] Epoch 7/50  iter 250/743  loss=0.4182  lr=5.24e-05
[14:39:21 INFO] Epoch 7/50  iter 300/743  loss=0.8169  lr=5.23e-05
[14:39:44 INFO] Epoch 7/50  iter 350/743  loss=0.4392  lr=5.22e-05
[14:40:06 INFO] Epoch 7/50  iter 400/743  loss=0.7056  lr=5.22e-05
[14:40:31 INFO] Epoch 7/50  iter 450/743  loss=0.7243  lr=5.21e-05
[14:40:55 INFO] Epoch 7/50  iter 500/743  loss=0.4827  lr=5.20e-05
[14:41:17 INFO] Epoch 7/50  iter 550/743  loss=0.3372  lr=5.19e-05
[14:41:40 INFO] Epoch 7/50  iter 600/743  loss=0.3117  lr=5.18e-05
[14:42:03 INFO] Epoch 7/50  iter 650/743  loss=0.9073  lr=5.17e-05
[14:42:27 INFO] Epoch 7/50  iter 700/743  loss=0.3724  lr=5.17e-05
[14:42:46 INFO] Epoch 7 complete — avg_loss=0.4278  time=347s
[14:43:14 INFO] Epoch 8/50  iter 50/743  loss=0.1996  lr=5.15e-05
[14:43:40 INFO] Epoch 8/50  iter 100/743  loss=0.3657  lr=5.14e-05
[14:44:04 INFO] Epoch 8/50  iter 150/743  loss=0.4515  lr=5.14e-05
[14:44:29 INFO] Epoch 8/50  iter 200/743  loss=0.3535  lr=5.13e-05
[14:44:54 INFO] Epoch 8/50  iter 250/743  loss=0.3349  lr=5.12e-05
[14:45:20 INFO] Epoch 8/50  iter 300/743  loss=0.8864  lr=5.11e-05
[14:45:45 INFO] Epoch 8/50  iter 350/743  loss=0.7822  lr=5.10e-05
[14:46:10 INFO] Epoch 8/50  iter 400/743  loss=0.7836  lr=5.10e-05
[14:46:34 INFO] Epoch 8/50  iter 450/743  loss=0.3381  lr=5.09e-05
[14:47:00 INFO] Epoch 8/50  iter 500/743  loss=0.2233  lr=5.08e-05
[14:47:24 INFO] Epoch 8/50  iter 550/743  loss=0.3956  lr=5.07e-05
[14:47:50 INFO] Epoch 8/50  iter 600/743  loss=0.6442  lr=5.06e-05
[14:48:15 INFO] Epoch 8/50  iter 650/743  loss=0.2134  lr=5.05e-05
[14:48:41 INFO] Epoch 8/50  iter 700/743  loss=0.4044  lr=5.05e-05
[14:49:02 INFO] Epoch 8 complete — avg_loss=0.4022  time=376s
[14:49:27 INFO] Epoch 9/50  iter 50/743  loss=0.7353  lr=5.03e-05
[14:49:50 INFO] Epoch 9/50  iter 100/743  loss=0.6244  lr=5.02e-05
[14:50:12 INFO] Epoch 9/50  iter 150/743  loss=0.1938  lr=5.02e-05
[14:50:36 INFO] Epoch 9/50  iter 200/743  loss=0.3654  lr=5.01e-05
[14:50:59 INFO] Epoch 9/50  iter 250/743  loss=0.2611  lr=5.00e-05
[14:51:22 INFO] Epoch 9/50  iter 300/743  loss=0.1646  lr=4.99e-05
[14:51:45 INFO] Epoch 9/50  iter 350/743  loss=0.4582  lr=4.98e-05
[14:52:07 INFO] Epoch 9/50  iter 400/743  loss=0.4187  lr=4.98e-05
[14:52:30 INFO] Epoch 9/50  iter 450/743  loss=0.6973  lr=4.97e-05
[14:52:53 INFO] Epoch 9/50  iter 500/743  loss=0.3375  lr=4.96e-05
[14:53:15 INFO] Epoch 9/50  iter 550/743  loss=0.2580  lr=4.95e-05
[14:53:38 INFO] Epoch 9/50  iter 600/743  loss=0.2432  lr=4.94e-05
[14:54:01 INFO] Epoch 9/50  iter 650/743  loss=0.3317  lr=4.93e-05
[14:54:23 INFO] Epoch 9/50  iter 700/743  loss=0.4572  lr=4.93e-05
[14:54:43 INFO] Epoch 9 complete — avg_loss=0.3896  time=340s
[14:55:09 INFO] Epoch 10/50  iter 50/743  loss=0.3029  lr=4.91e-05
[14:55:34 INFO] Epoch 10/50  iter 100/743  loss=0.3174  lr=4.90e-05
[14:56:00 INFO] Epoch 10/50  iter 150/743  loss=0.1768  lr=4.90e-05
[14:56:25 INFO] Epoch 10/50  iter 200/743  loss=0.3065  lr=4.89e-05
[14:56:47 INFO] Epoch 10/50  iter 250/743  loss=0.2992  lr=4.88e-05
[14:57:11 INFO] Epoch 10/50  iter 300/743  loss=0.3176  lr=4.87e-05
[14:57:34 INFO] Epoch 10/50  iter 350/743  loss=0.4128  lr=4.86e-05
[14:57:56 INFO] Epoch 10/50  iter 400/743  loss=0.2881  lr=4.86e-05
[14:58:19 INFO] Epoch 10/50  iter 450/743  loss=0.2628  lr=4.85e-05
[14:58:41 INFO] Epoch 10/50  iter 500/743  loss=0.2490  lr=4.84e-05
[14:59:04 INFO] Epoch 10/50  iter 550/743  loss=0.1780  lr=4.83e-05
[14:59:26 INFO] Epoch 10/50  iter 600/743  loss=0.2724  lr=4.82e-05
[14:59:49 INFO] Epoch 10/50  iter 650/743  loss=0.2471  lr=4.81e-05
[15:00:11 INFO] Epoch 10/50  iter 700/743  loss=0.1563  lr=4.81e-05
[15:00:31 INFO] Epoch 10 complete — avg_loss=0.3836  time=347s
[15:01:32 INFO]   val mIoU = 0.3093
[15:01:32 INFO]   ★ New best val mIoU: 0.3093
[15:01:57 INFO] Epoch 11/50  iter 50/743  loss=0.3863  lr=4.79e-05
[15:02:20 INFO] Epoch 11/50  iter 100/743  loss=0.2217  lr=4.78e-05
[15:02:43 INFO] Epoch 11/50  iter 150/743  loss=0.1417  lr=4.78e-05
[15:03:05 INFO] Epoch 11/50  iter 200/743  loss=0.6137  lr=4.77e-05
[15:03:28 INFO] Epoch 11/50  iter 250/743  loss=0.1390  lr=4.76e-05
[15:03:55 INFO] Epoch 11/50  iter 300/743  loss=0.5139  lr=4.75e-05
[15:04:18 INFO] Epoch 11/50  iter 350/743  loss=0.2702  lr=4.74e-05
[15:04:42 INFO] Epoch 11/50  iter 400/743  loss=0.5596  lr=4.74e-05
[15:05:06 INFO] Epoch 11/50  iter 450/743  loss=1.0681  lr=4.73e-05
[15:05:29 INFO] Epoch 11/50  iter 500/743  loss=0.1502  lr=4.72e-05
[15:05:52 INFO] Epoch 11/50  iter 550/743  loss=0.3434  lr=4.71e-05
[15:06:14 INFO] Epoch 11/50  iter 600/743  loss=0.2499  lr=4.70e-05
[15:06:37 INFO] Epoch 11/50  iter 650/743  loss=0.2072  lr=4.69e-05
[15:06:59 INFO] Epoch 11/50  iter 700/743  loss=0.3815  lr=4.69e-05
[15:07:19 INFO] Epoch 11 complete — avg_loss=0.3738  time=346s
[15:07:49 INFO] Epoch 12/50  iter 50/743  loss=0.2730  lr=4.67e-05
[15:08:13 INFO] Epoch 12/50  iter 100/743  loss=0.2355  lr=4.66e-05
[15:08:37 INFO] Epoch 12/50  iter 150/743  loss=0.3831  lr=4.66e-05
[15:09:03 INFO] Epoch 12/50  iter 200/743  loss=0.5314  lr=4.65e-05
[15:09:25 INFO] Epoch 12/50  iter 250/743  loss=0.4386  lr=4.64e-05
[15:09:49 INFO] Epoch 12/50  iter 300/743  loss=0.3913  lr=4.63e-05
[15:10:13 INFO] Epoch 12/50  iter 350/743  loss=0.4822  lr=4.62e-05
[15:10:39 INFO] Epoch 12/50  iter 400/743  loss=2.7287  lr=4.62e-05
[15:11:03 INFO] Epoch 12/50  iter 450/743  loss=0.1235  lr=4.61e-05
[15:11:27 INFO] Epoch 12/50  iter 500/743  loss=0.2554  lr=4.60e-05
[15:11:52 INFO] Epoch 12/50  iter 550/743  loss=0.2275  lr=4.59e-05
[15:12:16 INFO] Epoch 12/50  iter 600/743  loss=0.2080  lr=4.58e-05
[15:12:41 INFO] Epoch 12/50  iter 650/743  loss=0.3018  lr=4.57e-05
[15:13:06 INFO] Epoch 12/50  iter 700/743  loss=0.2295  lr=4.57e-05
[15:13:27 INFO] Epoch 12 complete — avg_loss=0.3645  time=367s
[15:13:54 INFO] Epoch 13/50  iter 50/743  loss=0.6155  lr=4.55e-05
[15:14:20 INFO] Epoch 13/50  iter 100/743  loss=0.1156  lr=4.54e-05
[15:14:47 INFO] Epoch 13/50  iter 150/743  loss=0.4383  lr=4.54e-05
[15:15:11 INFO] Epoch 13/50  iter 200/743  loss=0.3189  lr=4.53e-05
[15:15:38 INFO] Epoch 13/50  iter 250/743  loss=0.1751  lr=4.52e-05
[15:16:03 INFO] Epoch 13/50  iter 300/743  loss=0.1666  lr=4.51e-05
[15:16:30 INFO] Epoch 13/50  iter 350/743  loss=0.2291  lr=4.50e-05
[15:16:53 INFO] Epoch 13/50  iter 400/743  loss=0.0762  lr=4.50e-05
[15:17:16 INFO] Epoch 13/50  iter 450/743  loss=0.4409  lr=4.49e-05
[15:17:40 INFO] Epoch 13/50  iter 500/743  loss=0.1965  lr=4.48e-05
[15:18:02 INFO] Epoch 13/50  iter 550/743  loss=0.2620  lr=4.47e-05
[15:18:25 INFO] Epoch 13/50  iter 600/743  loss=0.1578  lr=4.46e-05
[15:18:48 INFO] Epoch 13/50  iter 650/743  loss=0.3058  lr=4.45e-05
[15:19:11 INFO] Epoch 13/50  iter 700/743  loss=0.4578  lr=4.45e-05
[15:19:29 INFO] Epoch 13 complete — avg_loss=0.3531  time=361s
[15:19:57 INFO] Epoch 14/50  iter 50/743  loss=0.3550  lr=4.43e-05
[15:20:22 INFO] Epoch 14/50  iter 100/743  loss=0.1689  lr=4.42e-05
[15:20:46 INFO] Epoch 14/50  iter 150/743  loss=0.3993  lr=4.42e-05
[15:21:11 INFO] Epoch 14/50  iter 200/743  loss=0.3683  lr=4.41e-05
[15:21:35 INFO] Epoch 14/50  iter 250/743  loss=0.3675  lr=4.40e-05
[15:22:00 INFO] Epoch 14/50  iter 300/743  loss=0.4002  lr=4.39e-05
[15:22:24 INFO] Epoch 14/50  iter 350/743  loss=0.3860  lr=4.38e-05
[15:22:47 INFO] Epoch 14/50  iter 400/743  loss=0.7314  lr=4.38e-05
[15:23:12 INFO] Epoch 14/50  iter 450/743  loss=0.2462  lr=4.37e-05
[15:23:36 INFO] Epoch 14/50  iter 500/743  loss=0.1419  lr=4.36e-05
[15:23:59 INFO] Epoch 14/50  iter 550/743  loss=0.4494  lr=4.35e-05
[15:24:21 INFO] Epoch 14/50  iter 600/743  loss=0.5384  lr=4.34e-05
[15:24:43 INFO] Epoch 14/50  iter 650/743  loss=0.1392  lr=4.33e-05
[15:25:05 INFO] Epoch 14/50  iter 700/743  loss=0.2653  lr=4.33e-05
[15:25:24 INFO] Epoch 14 complete — avg_loss=0.3427  time=353s
[15:25:50 INFO] Epoch 15/50  iter 50/743  loss=0.2108  lr=4.31e-05
[15:26:13 INFO] Epoch 15/50  iter 100/743  loss=0.1636  lr=4.30e-05
[15:26:37 INFO] Epoch 15/50  iter 150/743  loss=0.2147  lr=4.30e-05
[15:26:59 INFO] Epoch 15/50  iter 200/743  loss=0.4243  lr=4.29e-05
[15:27:21 INFO] Epoch 15/50  iter 250/743  loss=0.4538  lr=4.28e-05
[15:27:43 INFO] Epoch 15/50  iter 300/743  loss=0.3985  lr=4.27e-05
[15:28:07 INFO] Epoch 15/50  iter 350/743  loss=0.2906  lr=4.26e-05
[15:28:28 INFO] Epoch 15/50  iter 400/743  loss=0.2972  lr=4.26e-05
[15:28:51 INFO] Epoch 15/50  iter 450/743  loss=0.4280  lr=4.25e-05
[15:29:12 INFO] Epoch 15/50  iter 500/743  loss=0.2022  lr=4.24e-05
[15:29:34 INFO] Epoch 15/50  iter 550/743  loss=0.6406  lr=4.23e-05
[15:29:57 INFO] Epoch 15/50  iter 600/743  loss=0.2458  lr=4.22e-05
[15:30:19 INFO] Epoch 15/50  iter 650/743  loss=0.3019  lr=4.21e-05
[15:30:44 INFO] Epoch 15/50  iter 700/743  loss=0.1400  lr=4.21e-05
[15:31:06 INFO] Epoch 15 complete — avg_loss=0.3383  time=341s
[15:31:59 INFO]   val mIoU = 0.1664
[15:32:28 INFO] Epoch 16/50  iter 50/743  loss=0.1441  lr=4.19e-05
[15:32:53 INFO] Epoch 16/50  iter 100/743  loss=1.4004  lr=4.18e-05
[15:33:19 INFO] Epoch 16/50  iter 150/743  loss=0.2842  lr=4.18e-05
[15:33:42 INFO] Epoch 16/50  iter 200/743  loss=0.2731  lr=4.17e-05
[15:34:06 INFO] Epoch 16/50  iter 250/743  loss=0.1651  lr=4.16e-05
[15:34:28 INFO] Epoch 16/50  iter 300/743  loss=0.4132  lr=4.15e-05
[15:34:51 INFO] Epoch 16/50  iter 350/743  loss=0.2233  lr=4.14e-05
[15:35:15 INFO] Epoch 16/50  iter 400/743  loss=0.1174  lr=4.14e-05
[15:35:38 INFO] Epoch 16/50  iter 450/743  loss=0.1638  lr=4.13e-05
[15:36:01 INFO] Epoch 16/50  iter 500/743  loss=0.2357  lr=4.12e-05
[15:36:25 INFO] Epoch 16/50  iter 550/743  loss=0.1954  lr=4.11e-05
[15:36:48 INFO] Epoch 16/50  iter 600/743  loss=0.6041  lr=4.10e-05
[15:37:12 INFO] Epoch 16/50  iter 650/743  loss=0.1906  lr=4.09e-05
[15:37:36 INFO] Epoch 16/50  iter 700/743  loss=0.3315  lr=4.09e-05
[15:37:55 INFO] Epoch 16 complete — avg_loss=0.3284  time=355s
[15:38:19 INFO] Epoch 17/50  iter 50/743  loss=0.1759  lr=4.07e-05
[15:38:43 INFO] Epoch 17/50  iter 100/743  loss=0.2974  lr=4.06e-05
[15:39:05 INFO] Epoch 17/50  iter 150/743  loss=0.1829  lr=4.06e-05
[15:39:28 INFO] Epoch 17/50  iter 200/743  loss=0.2634  lr=4.05e-05
[15:39:50 INFO] Epoch 17/50  iter 250/743  loss=0.2844  lr=4.04e-05
[15:40:17 INFO] Epoch 17/50  iter 300/743  loss=0.1859  lr=4.03e-05
[15:40:43 INFO] Epoch 17/50  iter 350/743  loss=0.2029  lr=4.02e-05
[15:41:09 INFO] Epoch 17/50  iter 400/743  loss=0.1016  lr=4.02e-05
[15:41:34 INFO] Epoch 17/50  iter 450/743  loss=0.1799  lr=4.01e-05
[15:42:00 INFO] Epoch 17/50  iter 500/743  loss=0.1336  lr=4.00e-05
[15:42:22 INFO] Epoch 17/50  iter 550/743  loss=0.3015  lr=3.99e-05
[15:42:45 INFO] Epoch 17/50  iter 600/743  loss=0.3359  lr=3.98e-05
[15:43:08 INFO] Epoch 17/50  iter 650/743  loss=0.2675  lr=3.97e-05
[15:43:33 INFO] Epoch 17/50  iter 700/743  loss=0.1915  lr=3.97e-05
[15:43:52 INFO] Epoch 17 complete — avg_loss=0.3379  time=356s
[15:44:21 INFO] Epoch 18/50  iter 50/743  loss=0.2918  lr=3.95e-05
[15:44:46 INFO] Epoch 18/50  iter 100/743  loss=0.2020  lr=3.94e-05
[15:45:10 INFO] Epoch 18/50  iter 150/743  loss=0.4246  lr=3.94e-05
[15:45:36 INFO] Epoch 18/50  iter 200/743  loss=0.4030  lr=3.93e-05
[15:46:00 INFO] Epoch 18/50  iter 250/743  loss=0.2999  lr=3.92e-05
[15:46:26 INFO] Epoch 18/50  iter 300/743  loss=0.1747  lr=3.91e-05
[15:46:51 INFO] Epoch 18/50  iter 350/743  loss=0.4344  lr=3.90e-05
[15:47:16 INFO] Epoch 18/50  iter 400/743  loss=1.0449  lr=3.90e-05
[15:47:40 INFO] Epoch 18/50  iter 450/743  loss=0.2940  lr=3.89e-05
[15:48:05 INFO] Epoch 18/50  iter 500/743  loss=0.2254  lr=3.88e-05
[15:48:30 INFO] Epoch 18/50  iter 550/743  loss=0.3335  lr=3.87e-05
[15:48:56 INFO] Epoch 18/50  iter 600/743  loss=0.2634  lr=3.86e-05
[15:49:19 INFO] Epoch 18/50  iter 650/743  loss=0.1251  lr=3.85e-05
[15:49:43 INFO] Epoch 18/50  iter 700/743  loss=0.3757  lr=3.85e-05
[15:50:03 INFO] Epoch 18 complete — avg_loss=0.3237  time=370s
[15:50:30 INFO] Epoch 19/50  iter 50/743  loss=0.2046  lr=3.83e-05
[15:50:53 INFO] Epoch 19/50  iter 100/743  loss=0.2650  lr=3.82e-05
[15:51:18 INFO] Epoch 19/50  iter 150/743  loss=0.2143  lr=3.82e-05
[15:51:41 INFO] Epoch 19/50  iter 200/743  loss=0.1819  lr=3.81e-05
[15:52:06 INFO] Epoch 19/50  iter 250/743  loss=0.5275  lr=3.80e-05
[15:52:32 INFO] Epoch 19/50  iter 300/743  loss=0.1451  lr=3.79e-05
[15:52:58 INFO] Epoch 19/50  iter 350/743  loss=0.3974  lr=3.78e-05
[15:53:22 INFO] Epoch 19/50  iter 400/743  loss=0.6377  lr=3.78e-05
[15:53:48 INFO] Epoch 19/50  iter 450/743  loss=0.2236  lr=3.77e-05
[15:54:16 INFO] Epoch 19/50  iter 500/743  loss=0.1340  lr=3.76e-05
[15:54:41 INFO] Epoch 19/50  iter 550/743  loss=0.6335  lr=3.75e-05
[15:55:05 INFO] Epoch 19/50  iter 600/743  loss=0.1732  lr=3.74e-05
[15:55:30 INFO] Epoch 19/50  iter 650/743  loss=0.3016  lr=3.73e-05
[15:55:56 INFO] Epoch 19/50  iter 700/743  loss=0.3163  lr=3.73e-05
[15:56:17 INFO] Epoch 19 complete — avg_loss=0.3146  time=373s
[15:56:44 INFO] Epoch 20/50  iter 50/743  loss=0.3542  lr=3.71e-05
[15:57:10 INFO] Epoch 20/50  iter 100/743  loss=0.2385  lr=3.70e-05
[15:57:36 INFO] Epoch 20/50  iter 150/743  loss=0.2005  lr=3.70e-05
[15:57:58 INFO] Epoch 20/50  iter 200/743  loss=0.2453  lr=3.69e-05
[15:58:21 INFO] Epoch 20/50  iter 250/743  loss=0.3843  lr=3.68e-05
[15:58:43 INFO] Epoch 20/50  iter 300/743  loss=0.1792  lr=3.67e-05
[15:59:05 INFO] Epoch 20/50  iter 350/743  loss=0.3126  lr=3.66e-05
[15:59:29 INFO] Epoch 20/50  iter 400/743  loss=0.1354  lr=3.66e-05
[15:59:50 INFO] Epoch 20/50  iter 450/743  loss=0.3867  lr=3.65e-05
[16:00:12 INFO] Epoch 20/50  iter 500/743  loss=0.1419  lr=3.64e-05
[16:00:35 INFO] Epoch 20/50  iter 550/743  loss=0.0964  lr=3.63e-05
[16:00:57 INFO] Epoch 20/50  iter 600/743  loss=0.1363  lr=3.62e-05
[16:01:19 INFO] Epoch 20/50  iter 650/743  loss=0.7474  lr=3.61e-05
[16:01:42 INFO] Epoch 20/50  iter 700/743  loss=0.4718  lr=3.61e-05
[16:02:02 INFO] Epoch 20 complete — avg_loss=0.3258  time=344s
[16:02:57 INFO]   val mIoU = 0.1363
[16:03:23 INFO] Epoch 21/50  iter 50/743  loss=0.0656  lr=3.59e-05
[16:03:49 INFO] Epoch 21/50  iter 100/743  loss=0.1987  lr=3.58e-05
[16:04:15 INFO] Epoch 21/50  iter 150/743  loss=0.8099  lr=3.58e-05
[16:04:40 INFO] Epoch 21/50  iter 200/743  loss=1.1843  lr=3.57e-05
[16:05:06 INFO] Epoch 21/50  iter 250/743  loss=0.3521  lr=3.56e-05
[16:05:31 INFO] Epoch 21/50  iter 300/743  loss=0.3483  lr=3.55e-05
[16:05:54 INFO] Epoch 21/50  iter 350/743  loss=0.2466  lr=3.54e-05
[16:06:18 INFO] Epoch 21/50  iter 400/743  loss=0.4200  lr=3.54e-05
[16:06:41 INFO] Epoch 21/50  iter 450/743  loss=0.4989  lr=3.53e-05
[16:07:05 INFO] Epoch 21/50  iter 500/743  loss=0.1370  lr=3.52e-05
[16:07:27 INFO] Epoch 21/50  iter 550/743  loss=0.2477  lr=3.51e-05
[16:07:49 INFO] Epoch 21/50  iter 600/743  loss=0.3177  lr=3.50e-05
[16:08:12 INFO] Epoch 21/50  iter 650/743  loss=0.2789  lr=3.49e-05
[16:08:36 INFO] Epoch 21/50  iter 700/743  loss=0.2425  lr=3.49e-05
[16:08:56 INFO] Epoch 21 complete — avg_loss=0.3009  time=359s
[16:09:25 INFO] Epoch 22/50  iter 50/743  loss=0.1896  lr=3.47e-05
[16:09:50 INFO] Epoch 22/50  iter 100/743  loss=0.3142  lr=3.46e-05
[16:10:14 INFO] Epoch 22/50  iter 150/743  loss=0.3179  lr=3.46e-05
[16:10:38 INFO] Epoch 22/50  iter 200/743  loss=0.7127  lr=3.45e-05
[16:11:02 INFO] Epoch 22/50  iter 250/743  loss=0.8051  lr=3.44e-05
[16:11:28 INFO] Epoch 22/50  iter 300/743  loss=0.9311  lr=3.43e-05
[16:11:51 INFO] Epoch 22/50  iter 350/743  loss=0.2575  lr=3.42e-05
[16:12:16 INFO] Epoch 22/50  iter 400/743  loss=0.1965  lr=3.42e-05
[16:12:40 INFO] Epoch 22/50  iter 450/743  loss=0.2814  lr=3.41e-05
[16:13:04 INFO] Epoch 22/50  iter 500/743  loss=0.1581  lr=3.40e-05
[16:13:28 INFO] Epoch 22/50  iter 550/743  loss=0.2119  lr=3.39e-05
[16:13:54 INFO] Epoch 22/50  iter 600/743  loss=0.2494  lr=3.38e-05
[16:14:16 INFO] Epoch 22/50  iter 650/743  loss=0.2500  lr=3.37e-05
[16:14:41 INFO] Epoch 22/50  iter 700/743  loss=0.2052  lr=3.37e-05
[16:15:00 INFO] Epoch 22 complete — avg_loss=0.3248  time=362s
[16:15:26 INFO] Epoch 23/50  iter 50/743  loss=0.0984  lr=3.35e-05
[16:15:48 INFO] Epoch 23/50  iter 100/743  loss=0.5472  lr=3.34e-05
[16:16:09 INFO] Epoch 23/50  iter 150/743  loss=0.4682  lr=3.34e-05
[16:16:32 INFO] Epoch 23/50  iter 200/743  loss=0.4194  lr=3.33e-05
[16:16:56 INFO] Epoch 23/50  iter 250/743  loss=0.1915  lr=3.32e-05
[16:17:22 INFO] Epoch 23/50  iter 300/743  loss=0.1278  lr=3.31e-05
[16:17:46 INFO] Epoch 23/50  iter 350/743  loss=0.3800  lr=3.30e-05
[16:18:12 INFO] Epoch 23/50  iter 400/743  loss=0.1569  lr=3.30e-05
[16:18:37 INFO] Epoch 23/50  iter 450/743  loss=0.1443  lr=3.29e-05
[16:19:00 INFO] Epoch 23/50  iter 500/743  loss=0.7063  lr=3.28e-05
[16:19:21 INFO] Epoch 23/50  iter 550/743  loss=0.2071  lr=3.27e-05
[16:19:45 INFO] Epoch 23/50  iter 600/743  loss=0.2187  lr=3.26e-05
[16:20:07 INFO] Epoch 23/50  iter 650/743  loss=0.3016  lr=3.25e-05
[16:20:29 INFO] Epoch 23/50  iter 700/743  loss=0.4130  lr=3.25e-05
[16:20:48 INFO] Epoch 23 complete — avg_loss=0.3003  time=347s
[16:21:16 INFO] Epoch 24/50  iter 50/743  loss=0.1676  lr=3.23e-05
[16:21:40 INFO] Epoch 24/50  iter 100/743  loss=0.3036  lr=3.22e-05
[16:22:04 INFO] Epoch 24/50  iter 150/743  loss=0.2704  lr=3.22e-05
[16:22:28 INFO] Epoch 24/50  iter 200/743  loss=0.1619  lr=3.21e-05
[16:22:51 INFO] Epoch 24/50  iter 250/743  loss=0.1171  lr=3.20e-05
[16:23:13 INFO] Epoch 24/50  iter 300/743  loss=0.1279  lr=3.19e-05
[16:23:37 INFO] Epoch 24/50  iter 350/743  loss=0.1982  lr=3.18e-05
[16:24:00 INFO] Epoch 24/50  iter 400/743  loss=0.5985  lr=3.18e-05
[16:24:24 INFO] Epoch 24/50  iter 450/743  loss=0.2788  lr=3.17e-05
[16:24:51 INFO] Epoch 24/50  iter 500/743  loss=0.4526  lr=3.16e-05
[16:25:13 INFO] Epoch 24/50  iter 550/743  loss=0.2466  lr=3.15e-05
[16:25:39 INFO] Epoch 24/50  iter 600/743  loss=0.3884  lr=3.14e-05
[16:26:06 INFO] Epoch 24/50  iter 650/743  loss=0.3397  lr=3.13e-05
[16:26:33 INFO] Epoch 24/50  iter 700/743  loss=0.0913  lr=3.13e-05
[16:26:54 INFO] Epoch 24 complete — avg_loss=0.2934  time=366s
[16:27:19 INFO] Epoch 25/50  iter 50/743  loss=0.1936  lr=3.11e-05
[16:27:44 INFO] Epoch 25/50  iter 100/743  loss=0.3063  lr=3.10e-05
[16:28:10 INFO] Epoch 25/50  iter 150/743  loss=0.3096  lr=3.10e-05
[16:28:35 INFO] Epoch 25/50  iter 200/743  loss=0.1807  lr=3.09e-05
[16:28:59 INFO] Epoch 25/50  iter 250/743  loss=0.2901  lr=3.08e-05
[16:29:22 INFO] Epoch 25/50  iter 300/743  loss=0.1157  lr=3.07e-05
[16:29:45 INFO] Epoch 25/50  iter 350/743  loss=1.3594  lr=3.06e-05
[16:30:08 INFO] Epoch 25/50  iter 400/743  loss=0.1287  lr=3.06e-05
[16:30:31 INFO] Epoch 25/50  iter 450/743  loss=0.4925  lr=3.05e-05
[16:30:53 INFO] Epoch 25/50  iter 500/743  loss=0.1764  lr=3.04e-05
[16:31:16 INFO] Epoch 25/50  iter 550/743  loss=0.1925  lr=3.03e-05
[16:31:39 INFO] Epoch 25/50  iter 600/743  loss=0.1845  lr=3.02e-05
[16:32:03 INFO] Epoch 25/50  iter 650/743  loss=0.1898  lr=3.01e-05
[16:32:26 INFO] Epoch 25/50  iter 700/743  loss=0.2383  lr=3.01e-05
[16:32:46 INFO] Epoch 25 complete — avg_loss=0.2865  time=350s
[16:33:41 INFO]   val mIoU = 0.2754
[16:34:07 INFO] Epoch 26/50  iter 50/743  loss=0.2832  lr=2.99e-05
[16:34:31 INFO] Epoch 26/50  iter 100/743  loss=0.1930  lr=2.98e-05
[16:34:55 INFO] Epoch 26/50  iter 150/743  loss=0.1942  lr=2.98e-05
[16:35:20 INFO] Epoch 26/50  iter 200/743  loss=0.2202  lr=2.97e-05
[16:35:43 INFO] Epoch 26/50  iter 250/743  loss=0.0981  lr=2.96e-05
[16:36:08 INFO] Epoch 26/50  iter 300/743  loss=0.2859  lr=2.95e-05
[16:36:30 INFO] Epoch 26/50  iter 350/743  loss=0.2137  lr=2.94e-05
[16:36:55 INFO] Epoch 26/50  iter 400/743  loss=0.2694  lr=2.94e-05
[16:37:18 INFO] Epoch 26/50  iter 450/743  loss=0.1287  lr=2.93e-05
[16:37:42 INFO] Epoch 26/50  iter 500/743  loss=0.2640  lr=2.92e-05
[16:38:07 INFO] Epoch 26/50  iter 550/743  loss=0.4076  lr=2.91e-05
[16:38:30 INFO] Epoch 26/50  iter 600/743  loss=0.1524  lr=2.90e-05
[16:38:55 INFO] Epoch 26/50  iter 650/743  loss=0.4349  lr=2.89e-05
[16:39:18 INFO] Epoch 26/50  iter 700/743  loss=0.3003  lr=2.89e-05
[16:39:39 INFO] Epoch 26 complete — avg_loss=0.2825  time=357s
[16:40:06 INFO] Epoch 27/50  iter 50/743  loss=0.2983  lr=2.87e-05
[16:40:33 INFO] Epoch 27/50  iter 100/743  loss=0.2094  lr=2.86e-05
[16:40:57 INFO] Epoch 27/50  iter 150/743  loss=0.2441  lr=2.86e-05
[16:41:22 INFO] Epoch 27/50  iter 200/743  loss=0.4688  lr=2.85e-05
[16:41:48 INFO] Epoch 27/50  iter 250/743  loss=0.1623  lr=2.84e-05
[16:42:13 INFO] Epoch 27/50  iter 300/743  loss=0.1103  lr=2.83e-05
[16:42:38 INFO] Epoch 27/50  iter 350/743  loss=0.1529  lr=2.82e-05
[16:43:01 INFO] Epoch 27/50  iter 400/743  loss=0.1810  lr=2.82e-05
[16:43:24 INFO] Epoch 27/50  iter 450/743  loss=0.1810  lr=2.81e-05
[16:43:47 INFO] Epoch 27/50  iter 500/743  loss=0.3763  lr=2.80e-05
[16:44:11 INFO] Epoch 27/50  iter 550/743  loss=0.1954  lr=2.79e-05
[16:44:34 INFO] Epoch 27/50  iter 600/743  loss=0.3316  lr=2.78e-05
[16:44:56 INFO] Epoch 27/50  iter 650/743  loss=0.4974  lr=2.77e-05
[16:45:19 INFO] Epoch 27/50  iter 700/743  loss=0.1895  lr=2.77e-05
[16:45:38 INFO] Epoch 27 complete — avg_loss=0.2839  time=359s
[16:46:05 INFO] Epoch 28/50  iter 50/743  loss=0.3149  lr=2.75e-05
[16:46:27 INFO] Epoch 28/50  iter 100/743  loss=0.5679  lr=2.74e-05
[16:46:51 INFO] Epoch 28/50  iter 150/743  loss=0.0957  lr=2.74e-05
[16:47:14 INFO] Epoch 28/50  iter 200/743  loss=0.1867  lr=2.73e-05
[16:47:40 INFO] Epoch 28/50  iter 250/743  loss=0.5901  lr=2.72e-05
[16:48:05 INFO] Epoch 28/50  iter 300/743  loss=0.0893  lr=2.71e-05
[16:48:29 INFO] Epoch 28/50  iter 350/743  loss=0.3677  lr=2.70e-05
[16:48:51 INFO] Epoch 28/50  iter 400/743  loss=0.3870  lr=2.70e-05
[16:49:13 INFO] Epoch 28/50  iter 450/743  loss=0.2635  lr=2.69e-05
[16:49:37 INFO] Epoch 28/50  iter 500/743  loss=0.6375  lr=2.68e-05
[16:50:00 INFO] Epoch 28/50  iter 550/743  loss=0.1364  lr=2.67e-05
[16:50:24 INFO] Epoch 28/50  iter 600/743  loss=0.2191  lr=2.66e-05
[16:50:47 INFO] Epoch 28/50  iter 650/743  loss=0.8293  lr=2.65e-05
[16:51:11 INFO] Epoch 28/50  iter 700/743  loss=0.3499  lr=2.65e-05
[16:51:29 INFO] Epoch 28 complete — avg_loss=0.2817  time=350s
[16:51:55 INFO] Epoch 29/50  iter 50/743  loss=0.1710  lr=2.63e-05
[16:52:18 INFO] Epoch 29/50  iter 100/743  loss=0.4125  lr=2.62e-05
[16:52:40 INFO] Epoch 29/50  iter 150/743  loss=0.1521  lr=2.62e-05
[16:53:04 INFO] Epoch 29/50  iter 200/743  loss=0.1714  lr=2.61e-05
[16:53:26 INFO] Epoch 29/50  iter 250/743  loss=0.2731  lr=2.60e-05
[16:53:50 INFO] Epoch 29/50  iter 300/743  loss=0.3656  lr=2.59e-05
[16:54:12 INFO] Epoch 29/50  iter 350/743  loss=0.5854  lr=2.58e-05
[16:54:36 INFO] Epoch 29/50  iter 400/743  loss=0.2631  lr=2.58e-05
[16:54:59 INFO] Epoch 29/50  iter 450/743  loss=0.4016  lr=2.57e-05
[16:55:22 INFO] Epoch 29/50  iter 500/743  loss=0.1067  lr=2.56e-05
[16:55:47 INFO] Epoch 29/50  iter 550/743  loss=0.1360  lr=2.55e-05
[16:56:12 INFO] Epoch 29/50  iter 600/743  loss=0.3611  lr=2.54e-05
[16:56:35 INFO] Epoch 29/50  iter 650/743  loss=0.1834  lr=2.53e-05
[16:57:01 INFO] Epoch 29/50  iter 700/743  loss=0.3775  lr=2.53e-05
[16:57:21 INFO] Epoch 29 complete — avg_loss=0.2705  time=351s
[16:57:47 INFO] Epoch 30/50  iter 50/743  loss=0.1770  lr=2.51e-05
[16:58:09 INFO] Epoch 30/50  iter 100/743  loss=0.2022  lr=2.50e-05
[16:58:32 INFO] Epoch 30/50  iter 150/743  loss=0.2178  lr=2.50e-05
[16:58:56 INFO] Epoch 30/50  iter 200/743  loss=0.1477  lr=2.49e-05
[16:59:19 INFO] Epoch 30/50  iter 250/743  loss=0.1232  lr=2.48e-05
[16:59:43 INFO] Epoch 30/50  iter 300/743  loss=0.2169  lr=2.47e-05
[17:00:04 INFO] Epoch 30/50  iter 350/743  loss=0.4645  lr=2.46e-05
[17:00:27 INFO] Epoch 30/50  iter 400/743  loss=0.1632  lr=2.46e-05
[17:00:49 INFO] Epoch 30/50  iter 450/743  loss=0.2335  lr=2.45e-05
[17:01:10 INFO] Epoch 30/50  iter 500/743  loss=0.3164  lr=2.44e-05
[17:01:34 INFO] Epoch 30/50  iter 550/743  loss=0.2581  lr=2.43e-05
[17:01:57 INFO] Epoch 30/50  iter 600/743  loss=0.1938  lr=2.42e-05
[17:02:20 INFO] Epoch 30/50  iter 650/743  loss=0.2824  lr=2.41e-05
[17:02:46 INFO] Epoch 30/50  iter 700/743  loss=0.2512  lr=2.41e-05
[17:03:07 INFO] Epoch 30 complete — avg_loss=0.2778  time=345s
[17:04:02 INFO]   val mIoU = 0.1365
[17:04:30 INFO] Epoch 31/50  iter 50/743  loss=0.2790  lr=2.39e-05
[17:04:53 INFO] Epoch 31/50  iter 100/743  loss=0.4015  lr=2.38e-05
[17:05:15 INFO] Epoch 31/50  iter 150/743  loss=0.2517  lr=2.38e-05
[17:05:38 INFO] Epoch 31/50  iter 200/743  loss=0.3353  lr=2.37e-05
[17:06:00 INFO] Epoch 31/50  iter 250/743  loss=0.3785  lr=2.36e-05
[17:06:24 INFO] Epoch 31/50  iter 300/743  loss=0.3511  lr=2.35e-05
[17:06:46 INFO] Epoch 31/50  iter 350/743  loss=0.0528  lr=2.34e-05
[17:07:08 INFO] Epoch 31/50  iter 400/743  loss=0.2303  lr=2.34e-05
[17:07:31 INFO] Epoch 31/50  iter 450/743  loss=0.2844  lr=2.33e-05
[17:07:55 INFO] Epoch 31/50  iter 500/743  loss=0.3968  lr=2.32e-05
[17:08:17 INFO] Epoch 31/50  iter 550/743  loss=0.2119  lr=2.31e-05
[17:08:40 INFO] Epoch 31/50  iter 600/743  loss=0.2459  lr=2.30e-05
[17:09:02 INFO] Epoch 31/50  iter 650/743  loss=0.1014  lr=2.29e-05
[17:09:26 INFO] Epoch 31/50  iter 700/743  loss=0.2248  lr=2.29e-05
[17:09:46 INFO] Epoch 31 complete — avg_loss=0.2684  time=343s
[17:10:13 INFO] Epoch 32/50  iter 50/743  loss=0.1976  lr=2.27e-05
[17:10:37 INFO] Epoch 32/50  iter 100/743  loss=0.2284  lr=2.26e-05
[17:11:02 INFO] Epoch 32/50  iter 150/743  loss=0.1557  lr=2.26e-05
[17:11:27 INFO] Epoch 32/50  iter 200/743  loss=0.2500  lr=2.25e-05
[17:11:49 INFO] Epoch 32/50  iter 250/743  loss=0.3148  lr=2.24e-05
[17:12:12 INFO] Epoch 32/50  iter 300/743  loss=0.1163  lr=2.23e-05
[17:12:35 INFO] Epoch 32/50  iter 350/743  loss=0.4121  lr=2.22e-05
[17:13:02 INFO] Epoch 32/50  iter 400/743  loss=0.2077  lr=2.22e-05
[17:13:27 INFO] Epoch 32/50  iter 450/743  loss=0.4327  lr=2.21e-05
[17:13:52 INFO] Epoch 32/50  iter 500/743  loss=0.2321  lr=2.20e-05
[17:14:14 INFO] Epoch 32/50  iter 550/743  loss=0.3093  lr=2.19e-05
[17:14:37 INFO] Epoch 32/50  iter 600/743  loss=0.6415  lr=2.18e-05
[17:15:02 INFO] Epoch 32/50  iter 650/743  loss=0.3131  lr=2.17e-05
[17:15:27 INFO] Epoch 32/50  iter 700/743  loss=0.3638  lr=2.17e-05
[17:15:47 INFO] Epoch 32 complete — avg_loss=0.2767  time=360s
[17:16:15 INFO] Epoch 33/50  iter 50/743  loss=0.2122  lr=2.15e-05
[17:16:42 INFO] Epoch 33/50  iter 100/743  loss=0.3155  lr=2.14e-05
[17:17:05 INFO] Epoch 33/50  iter 150/743  loss=0.1951  lr=2.14e-05
[17:17:30 INFO] Epoch 33/50  iter 200/743  loss=0.1684  lr=2.13e-05
[17:17:54 INFO] Epoch 33/50  iter 250/743  loss=0.1877  lr=2.12e-05
[17:18:15 INFO] Epoch 33/50  iter 300/743  loss=0.3261  lr=2.11e-05
[17:18:37 INFO] Epoch 33/50  iter 350/743  loss=0.3915  lr=2.10e-05
[17:19:00 INFO] Epoch 33/50  iter 400/743  loss=0.3362  lr=2.10e-05
[17:19:22 INFO] Epoch 33/50  iter 450/743  loss=0.0677  lr=2.09e-05
[17:19:45 INFO] Epoch 33/50  iter 500/743  loss=0.1956  lr=2.08e-05
[17:20:06 INFO] Epoch 33/50  iter 550/743  loss=0.2938  lr=2.07e-05
[17:20:28 INFO] Epoch 33/50  iter 600/743  loss=0.1310  lr=2.06e-05
[17:20:51 INFO] Epoch 33/50  iter 650/743  loss=0.3321  lr=2.05e-05
[17:21:15 INFO] Epoch 33/50  iter 700/743  loss=0.3298  lr=2.05e-05
[17:21:35 INFO] Epoch 33 complete — avg_loss=0.2575  time=346s
[17:22:02 INFO] Epoch 34/50  iter 50/743  loss=0.3390  lr=2.03e-05
[17:22:27 INFO] Epoch 34/50  iter 100/743  loss=0.2706  lr=2.02e-05
[17:22:51 INFO] Epoch 34/50  iter 150/743  loss=0.1573  lr=2.02e-05
[17:23:17 INFO] Epoch 34/50  iter 200/743  loss=0.2023  lr=2.01e-05
[17:23:42 INFO] Epoch 34/50  iter 250/743  loss=0.2148  lr=2.00e-05
[17:24:07 INFO] Epoch 34/50  iter 300/743  loss=0.1564  lr=1.99e-05
[17:24:32 INFO] Epoch 34/50  iter 350/743  loss=0.1493  lr=1.98e-05
[17:24:57 INFO] Epoch 34/50  iter 400/743  loss=0.1685  lr=1.98e-05
[17:25:19 INFO] Epoch 34/50  iter 450/743  loss=0.1427  lr=1.97e-05
[17:25:41 INFO] Epoch 34/50  iter 500/743  loss=0.2178  lr=1.96e-05
[17:26:03 INFO] Epoch 34/50  iter 550/743  loss=0.3540  lr=1.95e-05
[17:26:27 INFO] Epoch 34/50  iter 600/743  loss=0.3206  lr=1.94e-05
[17:26:49 INFO] Epoch 34/50  iter 650/743  loss=0.1549  lr=1.93e-05
[17:27:12 INFO] Epoch 34/50  iter 700/743  loss=0.3074  lr=1.93e-05
[17:27:31 INFO] Epoch 34 complete — avg_loss=0.2595  time=355s
[17:27:57 INFO] Epoch 35/50  iter 50/743  loss=0.1062  lr=1.91e-05
[17:28:20 INFO] Epoch 35/50  iter 100/743  loss=0.1856  lr=1.90e-05
[17:28:42 INFO] Epoch 35/50  iter 150/743  loss=0.1325  lr=1.90e-05
[17:29:05 INFO] Epoch 35/50  iter 200/743  loss=0.2917  lr=1.89e-05
[17:29:29 INFO] Epoch 35/50  iter 250/743  loss=0.1531  lr=1.88e-05
[17:29:52 INFO] Epoch 35/50  iter 300/743  loss=0.1661  lr=1.87e-05
[17:30:15 INFO] Epoch 35/50  iter 350/743  loss=0.1763  lr=1.86e-05
[17:30:38 INFO] Epoch 35/50  iter 400/743  loss=0.3390  lr=1.86e-05
[17:31:03 INFO] Epoch 35/50  iter 450/743  loss=0.2293  lr=1.85e-05
[17:31:27 INFO] Epoch 35/50  iter 500/743  loss=0.2077  lr=1.84e-05
[17:31:50 INFO] Epoch 35/50  iter 550/743  loss=0.3166  lr=1.83e-05
[17:32:13 INFO] Epoch 35/50  iter 600/743  loss=0.2251  lr=1.82e-05
[17:32:37 INFO] Epoch 35/50  iter 650/743  loss=0.2665  lr=1.81e-05
[17:33:03 INFO] Epoch 35/50  iter 700/743  loss=0.2415  lr=1.81e-05
[17:33:22 INFO] Epoch 35 complete — avg_loss=0.2598  time=350s
[17:34:16 INFO]   val mIoU = 0.3432
[17:34:16 INFO]   ★ New best val mIoU: 0.3432
[17:34:44 INFO] Epoch 36/50  iter 50/743  loss=0.2572  lr=1.79e-05
[17:35:09 INFO] Epoch 36/50  iter 100/743  loss=0.0573  lr=1.78e-05
[17:35:31 INFO] Epoch 36/50  iter 150/743  loss=0.3555  lr=1.78e-05
[17:35:55 INFO] Epoch 36/50  iter 200/743  loss=0.0622  lr=1.77e-05
[17:36:18 INFO] Epoch 36/50  iter 250/743  loss=0.2366  lr=1.76e-05
[17:36:42 INFO] Epoch 36/50  iter 300/743  loss=0.4262  lr=1.75e-05
[17:37:04 INFO] Epoch 36/50  iter 350/743  loss=0.1447  lr=1.74e-05
[17:37:26 INFO] Epoch 36/50  iter 400/743  loss=0.1203  lr=1.74e-05
[17:37:49 INFO] Epoch 36/50  iter 450/743  loss=0.3710  lr=1.73e-05
[17:38:11 INFO] Epoch 36/50  iter 500/743  loss=0.1676  lr=1.72e-05
[17:38:34 INFO] Epoch 36/50  iter 550/743  loss=0.1725  lr=1.71e-05
[17:38:57 INFO] Epoch 36/50  iter 600/743  loss=0.3329  lr=1.70e-05
[17:39:20 INFO] Epoch 36/50  iter 650/743  loss=0.2549  lr=1.69e-05
[17:39:43 INFO] Epoch 36/50  iter 700/743  loss=0.2187  lr=1.69e-05
[17:40:03 INFO] Epoch 36 complete — avg_loss=0.2513  time=345s
[17:40:27 INFO] Epoch 37/50  iter 50/743  loss=0.4374  lr=1.67e-05
[17:40:49 INFO] Epoch 37/50  iter 100/743  loss=0.2841  lr=1.66e-05
[17:41:10 INFO] Epoch 37/50  iter 150/743  loss=0.4318  lr=1.66e-05
[17:41:34 INFO] Epoch 37/50  iter 200/743  loss=0.2263  lr=1.65e-05
[17:41:56 INFO] Epoch 37/50  iter 250/743  loss=0.1896  lr=1.64e-05
[17:42:20 INFO] Epoch 37/50  iter 300/743  loss=0.1806  lr=1.63e-05
[17:42:45 INFO] Epoch 37/50  iter 350/743  loss=0.3032  lr=1.62e-05
[17:43:10 INFO] Epoch 37/50  iter 400/743  loss=0.1326  lr=1.62e-05
[17:43:35 INFO] Epoch 37/50  iter 450/743  loss=0.2185  lr=1.61e-05
[17:43:57 INFO] Epoch 37/50  iter 500/743  loss=0.2981  lr=1.60e-05
[17:44:20 INFO] Epoch 37/50  iter 550/743  loss=0.2585  lr=1.59e-05
[17:44:42 INFO] Epoch 37/50  iter 600/743  loss=0.1024  lr=1.58e-05
[17:45:06 INFO] Epoch 37/50  iter 650/743  loss=1.1109  lr=1.57e-05
[17:45:29 INFO] Epoch 37/50  iter 700/743  loss=0.2823  lr=1.57e-05
[17:45:49 INFO] Epoch 37 complete — avg_loss=0.2519  time=346s
[17:46:16 INFO] Epoch 38/50  iter 50/743  loss=0.2921  lr=1.55e-05
[17:46:40 INFO] Epoch 38/50  iter 100/743  loss=0.2084  lr=1.54e-05
[17:47:04 INFO] Epoch 38/50  iter 150/743  loss=0.1207  lr=1.54e-05
[17:47:29 INFO] Epoch 38/50  iter 200/743  loss=0.1589  lr=1.53e-05
[17:47:54 INFO] Epoch 38/50  iter 250/743  loss=0.1873  lr=1.52e-05
[17:48:18 INFO] Epoch 38/50  iter 300/743  loss=0.2018  lr=1.51e-05
[17:48:43 INFO] Epoch 38/50  iter 350/743  loss=0.2529  lr=1.50e-05
[17:49:07 INFO] Epoch 38/50  iter 400/743  loss=0.2635  lr=1.50e-05
[17:49:30 INFO] Epoch 38/50  iter 450/743  loss=0.1729  lr=1.49e-05
[17:49:56 INFO] Epoch 38/50  iter 500/743  loss=0.0828  lr=1.48e-05
[17:50:20 INFO] Epoch 38/50  iter 550/743  loss=0.3080  lr=1.47e-05
[17:50:46 INFO] Epoch 38/50  iter 600/743  loss=0.2486  lr=1.46e-05
[17:51:09 INFO] Epoch 38/50  iter 650/743  loss=0.2429  lr=1.45e-05
[17:51:33 INFO] Epoch 38/50  iter 700/743  loss=0.2353  lr=1.45e-05
[17:51:53 INFO] Epoch 38 complete — avg_loss=0.2485  time=363s
[17:52:18 INFO] Epoch 39/50  iter 50/743  loss=0.1563  lr=1.43e-05
[17:52:42 INFO] Epoch 39/50  iter 100/743  loss=0.1717  lr=1.42e-05
[17:53:03 INFO] Epoch 39/50  iter 150/743  loss=0.0932  lr=1.42e-05
[17:53:26 INFO] Epoch 39/50  iter 200/743  loss=0.2062  lr=1.41e-05
[17:53:48 INFO] Epoch 39/50  iter 250/743  loss=0.4276  lr=1.40e-05
[17:54:12 INFO] Epoch 39/50  iter 300/743  loss=0.1931  lr=1.39e-05
[17:54:35 INFO] Epoch 39/50  iter 350/743  loss=0.1503  lr=1.38e-05
[17:54:58 INFO] Epoch 39/50  iter 400/743  loss=0.2716  lr=1.38e-05
[17:55:19 INFO] Epoch 39/50  iter 450/743  loss=0.1550  lr=1.37e-05
[17:55:42 INFO] Epoch 39/50  iter 500/743  loss=0.1229  lr=1.36e-05
[17:56:03 INFO] Epoch 39/50  iter 550/743  loss=0.1864  lr=1.35e-05
[17:56:26 INFO] Epoch 39/50  iter 600/743  loss=0.6069  lr=1.34e-05
[17:56:51 INFO] Epoch 39/50  iter 650/743  loss=0.1205  lr=1.33e-05
[17:57:14 INFO] Epoch 39/50  iter 700/743  loss=0.2825  lr=1.33e-05
[17:57:34 INFO] Epoch 39 complete — avg_loss=0.2492  time=339s
[17:58:02 INFO] Epoch 40/50  iter 50/743  loss=0.1234  lr=1.31e-05
[17:58:28 INFO] Epoch 40/50  iter 100/743  loss=0.0741  lr=1.30e-05
[17:58:52 INFO] Epoch 40/50  iter 150/743  loss=0.2256  lr=1.30e-05
[17:59:15 INFO] Epoch 40/50  iter 200/743  loss=0.1154  lr=1.29e-05
[17:59:39 INFO] Epoch 40/50  iter 250/743  loss=0.2194  lr=1.28e-05
[18:00:04 INFO] Epoch 40/50  iter 300/743  loss=0.1030  lr=1.27e-05
[18:00:28 INFO] Epoch 40/50  iter 350/743  loss=0.1925  lr=1.26e-05
[18:00:52 INFO] Epoch 40/50  iter 400/743  loss=0.1880  lr=1.26e-05
[18:01:14 INFO] Epoch 40/50  iter 450/743  loss=0.1532  lr=1.25e-05
[18:01:36 INFO] Epoch 40/50  iter 500/743  loss=0.1896  lr=1.24e-05
[18:01:58 INFO] Epoch 40/50  iter 550/743  loss=0.1248  lr=1.23e-05
[18:02:21 INFO] Epoch 40/50  iter 600/743  loss=0.1740  lr=1.22e-05
[18:02:44 INFO] Epoch 40/50  iter 650/743  loss=0.2046  lr=1.21e-05
[18:03:08 INFO] Epoch 40/50  iter 700/743  loss=0.2439  lr=1.21e-05
[18:03:29 INFO] Epoch 40 complete — avg_loss=0.2516  time=355s
[18:04:23 INFO]   val mIoU = 0.2983
[18:04:50 INFO] Epoch 41/50  iter 50/743  loss=0.1654  lr=1.19e-05
[18:05:12 INFO] Epoch 41/50  iter 100/743  loss=0.3486  lr=1.18e-05
[18:05:35 INFO] Epoch 41/50  iter 150/743  loss=0.2066  lr=1.18e-05
[18:05:58 INFO] Epoch 41/50  iter 200/743  loss=0.1587  lr=1.17e-05
[18:06:19 INFO] Epoch 41/50  iter 250/743  loss=0.2918  lr=1.16e-05
[18:06:45 INFO] Epoch 41/50  iter 300/743  loss=0.2261  lr=1.15e-05
[18:07:11 INFO] Epoch 41/50  iter 350/743  loss=0.1021  lr=1.14e-05
[18:07:38 INFO] Epoch 41/50  iter 400/743  loss=0.2649  lr=1.14e-05
[18:08:01 INFO] Epoch 41/50  iter 450/743  loss=0.1198  lr=1.13e-05
[18:08:23 INFO] Epoch 41/50  iter 500/743  loss=0.4146  lr=1.12e-05
[18:08:47 INFO] Epoch 41/50  iter 550/743  loss=0.2402  lr=1.11e-05
[18:09:10 INFO] Epoch 41/50  iter 600/743  loss=0.1714  lr=1.10e-05
[18:09:36 INFO] Epoch 41/50  iter 650/743  loss=0.2616  lr=1.09e-05
[18:10:01 INFO] Epoch 41/50  iter 700/743  loss=0.1881  lr=1.09e-05
[18:10:22 INFO] Epoch 41 complete — avg_loss=0.2405  time=359s
[18:10:49 INFO] Epoch 42/50  iter 50/743  loss=0.1169  lr=1.07e-05
[18:11:13 INFO] Epoch 42/50  iter 100/743  loss=0.3470  lr=1.06e-05
[18:11:37 INFO] Epoch 42/50  iter 150/743  loss=0.0726  lr=1.06e-05
[18:12:00 INFO] Epoch 42/50  iter 200/743  loss=0.1810  lr=1.05e-05
[18:12:23 INFO] Epoch 42/50  iter 250/743  loss=0.3104  lr=1.04e-05
[18:12:49 INFO] Epoch 42/50  iter 300/743  loss=0.0712  lr=1.03e-05
[18:13:14 INFO] Epoch 42/50  iter 350/743  loss=0.3579  lr=1.02e-05
[18:13:40 INFO] Epoch 42/50  iter 400/743  loss=0.3698  lr=1.02e-05
[18:14:06 INFO] Epoch 42/50  iter 450/743  loss=0.1666  lr=1.01e-05
[18:14:34 INFO] Epoch 42/50  iter 500/743  loss=0.1622  lr=9.99e-06
[18:15:00 INFO] Epoch 42/50  iter 550/743  loss=0.1946  lr=9.91e-06
[18:15:24 INFO] Epoch 42/50  iter 600/743  loss=0.0891  lr=9.83e-06
[18:15:46 INFO] Epoch 42/50  iter 650/743  loss=0.2627  lr=9.75e-06
[18:16:09 INFO] Epoch 42/50  iter 700/743  loss=0.3448  lr=9.67e-06
[18:16:28 INFO] Epoch 42 complete — avg_loss=0.2383  time=364s
[18:16:53 INFO] Epoch 43/50  iter 50/743  loss=0.3198  lr=9.52e-06
[18:17:17 INFO] Epoch 43/50  iter 100/743  loss=0.2388  lr=9.44e-06
[18:17:39 INFO] Epoch 43/50  iter 150/743  loss=0.3061  lr=9.36e-06
[18:18:03 INFO] Epoch 43/50  iter 200/743  loss=0.1358  lr=9.28e-06
[18:18:26 INFO] Epoch 43/50  iter 250/743  loss=0.2759  lr=9.19e-06
[18:18:49 INFO] Epoch 43/50  iter 300/743  loss=0.1445  lr=9.11e-06
[18:19:12 INFO] Epoch 43/50  iter 350/743  loss=0.1227  lr=9.03e-06
[18:19:36 INFO] Epoch 43/50  iter 400/743  loss=0.1563  lr=8.95e-06
[18:19:59 INFO] Epoch 43/50  iter 450/743  loss=0.5867  lr=8.87e-06
[18:20:22 INFO] Epoch 43/50  iter 500/743  loss=0.3876  lr=8.79e-06
[18:20:45 INFO] Epoch 43/50  iter 550/743  loss=0.2129  lr=8.71e-06
[18:21:07 INFO] Epoch 43/50  iter 600/743  loss=0.1766  lr=8.63e-06
[18:21:30 INFO] Epoch 43/50  iter 650/743  loss=0.1876  lr=8.55e-06
[18:21:52 INFO] Epoch 43/50  iter 700/743  loss=0.1548  lr=8.47e-06
[18:22:12 INFO] Epoch 43 complete — avg_loss=0.2399  time=343s
[18:22:36 INFO] Epoch 44/50  iter 50/743  loss=0.1661  lr=8.32e-06
[18:22:58 INFO] Epoch 44/50  iter 100/743  loss=0.1990  lr=8.24e-06
[18:23:21 INFO] Epoch 44/50  iter 150/743  loss=0.3110  lr=8.16e-06
[18:23:44 INFO] Epoch 44/50  iter 200/743  loss=0.0807  lr=8.08e-06
[18:24:09 INFO] Epoch 44/50  iter 250/743  loss=0.2989  lr=7.99e-06
[18:24:33 INFO] Epoch 44/50  iter 300/743  loss=0.1047  lr=7.91e-06
[18:24:58 INFO] Epoch 44/50  iter 350/743  loss=0.1182  lr=7.83e-06
[18:25:23 INFO] Epoch 44/50  iter 400/743  loss=0.8109  lr=7.75e-06
[18:25:49 INFO] Epoch 44/50  iter 450/743  loss=0.1655  lr=7.67e-06
[18:26:11 INFO] Epoch 44/50  iter 500/743  loss=0.2985  lr=7.59e-06
[18:26:34 INFO] Epoch 44/50  iter 550/743  loss=0.2462  lr=7.51e-06
[18:26:57 INFO] Epoch 44/50  iter 600/743  loss=0.1054  lr=7.43e-06
[18:27:23 INFO] Epoch 44/50  iter 650/743  loss=0.2520  lr=7.35e-06
[18:27:45 INFO] Epoch 44/50  iter 700/743  loss=0.2641  lr=7.27e-06
[18:28:05 INFO] Epoch 44 complete — avg_loss=0.2320  time=353s
[18:28:31 INFO] Epoch 45/50  iter 50/743  loss=0.2353  lr=7.12e-06
[18:28:55 INFO] Epoch 45/50  iter 100/743  loss=0.2194  lr=7.04e-06
[18:29:22 INFO] Epoch 45/50  iter 150/743  loss=0.1239  lr=6.96e-06
[18:29:48 INFO] Epoch 45/50  iter 200/743  loss=0.3377  lr=6.88e-06
[18:30:13 INFO] Epoch 45/50  iter 250/743  loss=0.2474  lr=6.79e-06
[18:30:39 INFO] Epoch 45/50  iter 300/743  loss=0.1332  lr=6.71e-06
[18:31:02 INFO] Epoch 45/50  iter 350/743  loss=0.1126  lr=6.63e-06
[18:31:26 INFO] Epoch 45/50  iter 400/743  loss=0.1499  lr=6.55e-06
[18:31:48 INFO] Epoch 45/50  iter 450/743  loss=0.2057  lr=6.47e-06
[18:32:10 INFO] Epoch 45/50  iter 500/743  loss=0.2181  lr=6.39e-06
[18:32:33 INFO] Epoch 45/50  iter 550/743  loss=0.2150  lr=6.31e-06
[18:32:58 INFO] Epoch 45/50  iter 600/743  loss=0.2331  lr=6.23e-06
[18:33:24 INFO] Epoch 45/50  iter 650/743  loss=0.2415  lr=6.15e-06
[18:33:50 INFO] Epoch 45/50  iter 700/743  loss=0.2123  lr=6.07e-06
[18:34:12 INFO] Epoch 45 complete — avg_loss=0.2351  time=366s
[18:35:06 INFO]   val mIoU = 0.2163
[18:35:32 INFO] Epoch 46/50  iter 50/743  loss=0.1547  lr=5.92e-06
[18:35:55 INFO] Epoch 46/50  iter 100/743  loss=0.2110  lr=5.84e-06
[18:36:19 INFO] Epoch 46/50  iter 150/743  loss=0.1166  lr=5.76e-06
[18:36:42 INFO] Epoch 46/50  iter 200/743  loss=0.1693  lr=5.68e-06
[18:37:08 INFO] Epoch 46/50  iter 250/743  loss=0.1741  lr=5.59e-06
[18:37:31 INFO] Epoch 46/50  iter 300/743  loss=0.1269  lr=5.51e-06
[18:37:53 INFO] Epoch 46/50  iter 350/743  loss=0.2541  lr=5.43e-06
[18:38:15 INFO] Epoch 46/50  iter 400/743  loss=0.2249  lr=5.35e-06
[18:38:39 INFO] Epoch 46/50  iter 450/743  loss=0.1351  lr=5.27e-06
[18:39:01 INFO] Epoch 46/50  iter 500/743  loss=0.2303  lr=5.19e-06
[18:39:23 INFO] Epoch 46/50  iter 550/743  loss=0.1496  lr=5.11e-06
[18:39:47 INFO] Epoch 46/50  iter 600/743  loss=0.2031  lr=5.03e-06
[18:40:08 INFO] Epoch 46/50  iter 650/743  loss=0.1573  lr=4.95e-06
[18:40:30 INFO] Epoch 46/50  iter 700/743  loss=0.2491  lr=4.87e-06
[18:40:49 INFO] Epoch 46 complete — avg_loss=0.2299  time=343s
[18:41:15 INFO] Epoch 47/50  iter 50/743  loss=0.2260  lr=4.72e-06
[18:41:38 INFO] Epoch 47/50  iter 100/743  loss=0.1973  lr=4.64e-06
[18:42:02 INFO] Epoch 47/50  iter 150/743  loss=0.1993  lr=4.56e-06
[18:42:24 INFO] Epoch 47/50  iter 200/743  loss=0.2582  lr=4.48e-06
[18:42:48 INFO] Epoch 47/50  iter 250/743  loss=0.1428  lr=4.39e-06
[18:43:11 INFO] Epoch 47/50  iter 300/743  loss=0.3705  lr=4.31e-06
[18:43:34 INFO] Epoch 47/50  iter 350/743  loss=0.1607  lr=4.23e-06
[18:43:56 INFO] Epoch 47/50  iter 400/743  loss=0.2145  lr=4.15e-06
[18:44:19 INFO] Epoch 47/50  iter 450/743  loss=0.8123  lr=4.07e-06
[18:44:42 INFO] Epoch 47/50  iter 500/743  loss=0.1950  lr=3.99e-06
[18:45:08 INFO] Epoch 47/50  iter 550/743  loss=0.1110  lr=3.91e-06
[18:45:31 INFO] Epoch 47/50  iter 600/743  loss=0.2770  lr=3.83e-06
[18:45:54 INFO] Epoch 47/50  iter 650/743  loss=0.2750  lr=3.75e-06
[18:46:18 INFO] Epoch 47/50  iter 700/743  loss=0.0784  lr=3.67e-06
[18:46:38 INFO] Epoch 47 complete — avg_loss=0.2276  time=348s
[18:47:03 INFO] Epoch 48/50  iter 50/743  loss=0.3389  lr=3.52e-06
[18:47:25 INFO] Epoch 48/50  iter 100/743  loss=0.1319  lr=3.44e-06
[18:47:47 INFO] Epoch 48/50  iter 150/743  loss=0.3343  lr=3.36e-06
[18:48:12 INFO] Epoch 48/50  iter 200/743  loss=0.2669  lr=3.28e-06
[18:48:34 INFO] Epoch 48/50  iter 250/743  loss=0.2453  lr=3.19e-06
[18:48:57 INFO] Epoch 48/50  iter 300/743  loss=0.2281  lr=3.11e-06
[18:49:19 INFO] Epoch 48/50  iter 350/743  loss=0.1557  lr=3.03e-06
[18:49:42 INFO] Epoch 48/50  iter 400/743  loss=0.3772  lr=2.95e-06
[18:50:05 INFO] Epoch 48/50  iter 450/743  loss=0.2501  lr=2.87e-06
[18:50:32 INFO] Epoch 48/50  iter 500/743  loss=0.2555  lr=2.79e-06
[18:50:55 INFO] Epoch 48/50  iter 550/743  loss=0.1156  lr=2.71e-06
[18:51:20 INFO] Epoch 48/50  iter 600/743  loss=0.0914  lr=2.63e-06
[18:51:42 INFO] Epoch 48/50  iter 650/743  loss=0.1487  lr=2.55e-06
[18:52:05 INFO] Epoch 48/50  iter 700/743  loss=0.0820  lr=2.47e-06
[18:52:27 INFO] Epoch 48 complete — avg_loss=0.2309  time=348s
[18:52:55 INFO] Epoch 49/50  iter 50/743  loss=0.2100  lr=2.32e-06
[18:53:21 INFO] Epoch 49/50  iter 100/743  loss=0.0849  lr=2.24e-06
[18:53:47 INFO] Epoch 49/50  iter 150/743  loss=0.1856  lr=2.16e-06
[18:54:10 INFO] Epoch 49/50  iter 200/743  loss=0.1795  lr=2.08e-06
[18:54:35 INFO] Epoch 49/50  iter 250/743  loss=0.1718  lr=1.99e-06
[18:54:59 INFO] Epoch 49/50  iter 300/743  loss=0.1240  lr=1.91e-06
[18:55:23 INFO] Epoch 49/50  iter 350/743  loss=0.2892  lr=1.83e-06
[18:55:47 INFO] Epoch 49/50  iter 400/743  loss=0.2092  lr=1.75e-06
[18:56:12 INFO] Epoch 49/50  iter 450/743  loss=0.1984  lr=1.67e-06
[18:56:36 INFO] Epoch 49/50  iter 500/743  loss=0.2676  lr=1.59e-06
[18:56:58 INFO] Epoch 49/50  iter 550/743  loss=0.1110  lr=1.51e-06
[18:57:22 INFO] Epoch 49/50  iter 600/743  loss=0.2263  lr=1.43e-06
[18:57:45 INFO] Epoch 49/50  iter 650/743  loss=0.1605  lr=1.35e-06
[18:58:08 INFO] Epoch 49/50  iter 700/743  loss=0.1972  lr=1.27e-06
[18:58:28 INFO] Epoch 49 complete — avg_loss=0.2215  time=360s
[18:58:56 INFO] Epoch 50/50  iter 50/743  loss=0.1620  lr=1.12e-06
[18:59:19 INFO] Epoch 50/50  iter 100/743  loss=0.3215  lr=1.04e-06
[18:59:44 INFO] Epoch 50/50  iter 150/743  loss=0.1702  lr=9.56e-07
[19:00:09 INFO] Epoch 50/50  iter 200/743  loss=0.2332  lr=8.75e-07
[19:00:34 INFO] Epoch 50/50  iter 250/743  loss=0.3128  lr=7.95e-07
[19:00:58 INFO] Epoch 50/50  iter 300/743  loss=0.2093  lr=7.14e-07
[19:01:23 INFO] Epoch 50/50  iter 350/743  loss=0.1602  lr=6.33e-07
[19:01:48 INFO] Epoch 50/50  iter 400/743  loss=0.3069  lr=5.52e-07
[19:02:11 INFO] Epoch 50/50  iter 450/743  loss=0.1892  lr=4.72e-07
[19:02:34 INFO] Epoch 50/50  iter 500/743  loss=0.2177  lr=3.91e-07
[19:02:57 INFO] Epoch 50/50  iter 550/743  loss=0.3239  lr=3.10e-07
[19:03:20 INFO] Epoch 50/50  iter 600/743  loss=0.2372  lr=2.29e-07
[19:03:44 INFO] Epoch 50/50  iter 650/743  loss=0.1881  lr=1.49e-07
[19:04:08 INFO] Epoch 50/50  iter 700/743  loss=0.1737  lr=6.78e-08
[19:04:28 INFO] Epoch 50 complete — avg_loss=0.2217  time=359s
[19:05:22 INFO]   val mIoU = 0.3255
[19:05:23 INFO] Training complete. Best val mIoU = 0.3432
