[04:46:16 INFO] Device: cuda
[04:46:19 INFO] Using fog cache: data/fog_cache/depthaware_b0005
[04:46:20 INFO] Train: 2975 samples  |  Val: 500 samples
[04:46:34 INFO] Epoch 1/50  iter 50/743  loss=1.5704  lr=5.99e-05
[04:46:46 INFO] Epoch 1/50  iter 100/743  loss=1.1133  lr=5.98e-05
[04:46:58 INFO] Epoch 1/50  iter 150/743  loss=1.0902  lr=5.98e-05
[04:47:11 INFO] Epoch 1/50  iter 200/743  loss=0.6623  lr=5.97e-05
[04:47:23 INFO] Epoch 1/50  iter 250/743  loss=1.1822  lr=5.96e-05
[04:47:36 INFO] Epoch 1/50  iter 300/743  loss=0.5957  lr=5.95e-05
[04:47:48 INFO] Epoch 1/50  iter 350/743  loss=1.4195  lr=5.94e-05
[04:48:00 INFO] Epoch 1/50  iter 400/743  loss=0.4216  lr=5.94e-05
[04:48:13 INFO] Epoch 1/50  iter 450/743  loss=0.5975  lr=5.93e-05
[04:48:25 INFO] Epoch 1/50  iter 500/743  loss=0.5147  lr=5.92e-05
[04:48:38 INFO] Epoch 1/50  iter 550/743  loss=0.3110  lr=5.91e-05
[04:48:50 INFO] Epoch 1/50  iter 600/743  loss=0.4640  lr=5.90e-05
[04:49:03 INFO] Epoch 1/50  iter 650/743  loss=0.8267  lr=5.89e-05
[04:49:15 INFO] Epoch 1/50  iter 700/743  loss=0.5777  lr=5.89e-05
[04:49:26 INFO] Epoch 1 complete — avg_loss=0.8277  time=186s
[04:49:39 INFO] Epoch 2/50  iter 50/743  loss=0.8718  lr=5.87e-05
[04:49:52 INFO] Epoch 2/50  iter 100/743  loss=0.2814  lr=5.86e-05
[04:50:04 INFO] Epoch 2/50  iter 150/743  loss=0.2463  lr=5.86e-05
[04:50:17 INFO] Epoch 2/50  iter 200/743  loss=0.3845  lr=5.85e-05
[04:50:29 INFO] Epoch 2/50  iter 250/743  loss=0.5257  lr=5.84e-05
[04:50:41 INFO] Epoch 2/50  iter 300/743  loss=0.4194  lr=5.83e-05
[04:50:54 INFO] Epoch 2/50  iter 350/743  loss=0.3103  lr=5.82e-05
[04:51:06 INFO] Epoch 2/50  iter 400/743  loss=0.4224  lr=5.82e-05
[04:51:18 INFO] Epoch 2/50  iter 450/743  loss=0.3017  lr=5.81e-05
[04:51:31 INFO] Epoch 2/50  iter 500/743  loss=1.0418  lr=5.80e-05
[04:51:43 INFO] Epoch 2/50  iter 550/743  loss=0.3555  lr=5.79e-05
[04:51:56 INFO] Epoch 2/50  iter 600/743  loss=0.2763  lr=5.78e-05
[04:52:08 INFO] Epoch 2/50  iter 650/743  loss=0.6135  lr=5.77e-05
[04:52:20 INFO] Epoch 2/50  iter 700/743  loss=0.2114  lr=5.77e-05
[04:52:31 INFO] Epoch 2 complete — avg_loss=0.4370  time=185s
[04:52:45 INFO] Epoch 3/50  iter 50/743  loss=0.3042  lr=5.75e-05
[04:52:57 INFO] Epoch 3/50  iter 100/743  loss=0.3325  lr=5.74e-05
[04:53:10 INFO] Epoch 3/50  iter 150/743  loss=0.2972  lr=5.74e-05
[04:53:22 INFO] Epoch 3/50  iter 200/743  loss=0.2905  lr=5.73e-05
[04:53:34 INFO] Epoch 3/50  iter 250/743  loss=0.2994  lr=5.72e-05
[04:53:47 INFO] Epoch 3/50  iter 300/743  loss=0.3428  lr=5.71e-05
[04:53:59 INFO] Epoch 3/50  iter 350/743  loss=0.2610  lr=5.70e-05
[04:54:11 INFO] Epoch 3/50  iter 400/743  loss=0.2650  lr=5.70e-05
[04:54:24 INFO] Epoch 3/50  iter 450/743  loss=0.2893  lr=5.69e-05
[04:54:36 INFO] Epoch 3/50  iter 500/743  loss=0.2574  lr=5.68e-05
[04:54:49 INFO] Epoch 3/50  iter 550/743  loss=0.3881  lr=5.67e-05
[04:55:01 INFO] Epoch 3/50  iter 600/743  loss=0.4477  lr=5.66e-05
[04:55:13 INFO] Epoch 3/50  iter 650/743  loss=0.3133  lr=5.65e-05
[04:55:26 INFO] Epoch 3/50  iter 700/743  loss=0.4799  lr=5.65e-05
[04:55:36 INFO] Epoch 3 complete — avg_loss=0.3634  time=185s
[04:55:50 INFO] Epoch 4/50  iter 50/743  loss=0.2307  lr=5.63e-05
[04:56:02 INFO] Epoch 4/50  iter 100/743  loss=0.2317  lr=5.62e-05
[04:56:15 INFO] Epoch 4/50  iter 150/743  loss=0.2278  lr=5.62e-05
[04:56:27 INFO] Epoch 4/50  iter 200/743  loss=0.2566  lr=5.61e-05
[04:56:39 INFO] Epoch 4/50  iter 250/743  loss=0.3658  lr=5.60e-05
[04:56:52 INFO] Epoch 4/50  iter 300/743  loss=0.2698  lr=5.59e-05
[04:57:04 INFO] Epoch 4/50  iter 350/743  loss=0.2753  lr=5.58e-05
[04:57:17 INFO] Epoch 4/50  iter 400/743  loss=0.3485  lr=5.58e-05
[04:57:29 INFO] Epoch 4/50  iter 450/743  loss=0.1905  lr=5.57e-05
[04:57:41 INFO] Epoch 4/50  iter 500/743  loss=0.2144  lr=5.56e-05
[04:57:54 INFO] Epoch 4/50  iter 550/743  loss=0.6356  lr=5.55e-05
[04:58:06 INFO] Epoch 4/50  iter 600/743  loss=0.2164  lr=5.54e-05
[04:58:19 INFO] Epoch 4/50  iter 650/743  loss=0.2487  lr=5.53e-05
[04:58:31 INFO] Epoch 4/50  iter 700/743  loss=0.3455  lr=5.53e-05
[04:58:42 INFO] Epoch 4 complete — avg_loss=0.3245  time=185s
[04:58:55 INFO] Epoch 5/50  iter 50/743  loss=0.2076  lr=5.51e-05
[04:59:07 INFO] Epoch 5/50  iter 100/743  loss=0.2365  lr=5.50e-05
[04:59:20 INFO] Epoch 5/50  iter 150/743  loss=0.1379  lr=5.50e-05
[04:59:32 INFO] Epoch 5/50  iter 200/743  loss=0.1671  lr=5.49e-05
[04:59:45 INFO] Epoch 5/50  iter 250/743  loss=0.3388  lr=5.48e-05
[04:59:57 INFO] Epoch 5/50  iter 300/743  loss=0.3308  lr=5.47e-05
[05:00:09 INFO] Epoch 5/50  iter 350/743  loss=0.1472  lr=5.46e-05
[05:00:22 INFO] Epoch 5/50  iter 400/743  loss=0.3777  lr=5.46e-05
[05:00:34 INFO] Epoch 5/50  iter 450/743  loss=0.6359  lr=5.45e-05
[05:00:47 INFO] Epoch 5/50  iter 500/743  loss=0.3130  lr=5.44e-05
[05:00:59 INFO] Epoch 5/50  iter 550/743  loss=1.4457  lr=5.43e-05
[05:01:11 INFO] Epoch 5/50  iter 600/743  loss=0.3105  lr=5.42e-05
[05:01:24 INFO] Epoch 5/50  iter 650/743  loss=0.2422  lr=5.41e-05
[05:01:36 INFO] Epoch 5/50  iter 700/743  loss=0.2109  lr=5.41e-05
[05:01:47 INFO] Epoch 5 complete — avg_loss=0.2916  time=184s
[05:02:40 INFO]   val mIoU = 0.5215
[05:02:40 INFO]   ★ New best val mIoU: 0.5215
[05:02:54 INFO] Epoch 6/50  iter 50/743  loss=0.2383  lr=5.39e-05
[05:03:06 INFO] Epoch 6/50  iter 100/743  loss=0.4236  lr=5.38e-05
[05:03:18 INFO] Epoch 6/50  iter 150/743  loss=0.3069  lr=5.38e-05
[05:03:31 INFO] Epoch 6/50  iter 200/743  loss=0.3301  lr=5.37e-05
[05:03:43 INFO] Epoch 6/50  iter 250/743  loss=0.1934  lr=5.36e-05
[05:03:56 INFO] Epoch 6/50  iter 300/743  loss=0.2144  lr=5.35e-05
[05:04:08 INFO] Epoch 6/50  iter 350/743  loss=0.1446  lr=5.34e-05
[05:04:20 INFO] Epoch 6/50  iter 400/743  loss=0.3309  lr=5.34e-05
[05:04:33 INFO] Epoch 6/50  iter 450/743  loss=0.1640  lr=5.33e-05
[05:04:45 INFO] Epoch 6/50  iter 500/743  loss=0.4478  lr=5.32e-05
[05:04:58 INFO] Epoch 6/50  iter 550/743  loss=0.3645  lr=5.31e-05
[05:05:10 INFO] Epoch 6/50  iter 600/743  loss=0.1806  lr=5.30e-05
[05:05:22 INFO] Epoch 6/50  iter 650/743  loss=0.2866  lr=5.29e-05
[05:05:35 INFO] Epoch 6/50  iter 700/743  loss=0.2085  lr=5.29e-05
[05:05:45 INFO] Epoch 6 complete — avg_loss=0.2792  time=184s
[05:05:59 INFO] Epoch 7/50  iter 50/743  loss=0.2920  lr=5.27e-05
[05:06:11 INFO] Epoch 7/50  iter 100/743  loss=0.2885  lr=5.26e-05
[05:06:24 INFO] Epoch 7/50  iter 150/743  loss=0.2566  lr=5.26e-05
[05:06:36 INFO] Epoch 7/50  iter 200/743  loss=0.3582  lr=5.25e-05
[05:06:48 INFO] Epoch 7/50  iter 250/743  loss=0.2616  lr=5.24e-05
[05:07:01 INFO] Epoch 7/50  iter 300/743  loss=0.2842  lr=5.23e-05
[05:07:13 INFO] Epoch 7/50  iter 350/743  loss=0.2330  lr=5.22e-05
[05:07:25 INFO] Epoch 7/50  iter 400/743  loss=0.4090  lr=5.22e-05
[05:07:38 INFO] Epoch 7/50  iter 450/743  loss=0.2063  lr=5.21e-05
[05:07:50 INFO] Epoch 7/50  iter 500/743  loss=0.1890  lr=5.20e-05
[05:08:03 INFO] Epoch 7/50  iter 550/743  loss=0.1201  lr=5.19e-05
[05:08:15 INFO] Epoch 7/50  iter 600/743  loss=0.0949  lr=5.18e-05
[05:08:27 INFO] Epoch 7/50  iter 650/743  loss=0.1100  lr=5.17e-05
[05:08:40 INFO] Epoch 7/50  iter 700/743  loss=0.2161  lr=5.17e-05
[05:08:50 INFO] Epoch 7 complete — avg_loss=0.2578  time=185s
[05:09:04 INFO] Epoch 8/50  iter 50/743  loss=0.3814  lr=5.15e-05
[05:09:16 INFO] Epoch 8/50  iter 100/743  loss=0.1764  lr=5.14e-05
[05:09:29 INFO] Epoch 8/50  iter 150/743  loss=0.4953  lr=5.14e-05
[05:09:41 INFO] Epoch 8/50  iter 200/743  loss=0.1085  lr=5.13e-05
[05:09:53 INFO] Epoch 8/50  iter 250/743  loss=0.4454  lr=5.12e-05
[05:10:06 INFO] Epoch 8/50  iter 300/743  loss=0.2357  lr=5.11e-05
[05:10:18 INFO] Epoch 8/50  iter 350/743  loss=0.1171  lr=5.10e-05
[05:10:31 INFO] Epoch 8/50  iter 400/743  loss=0.1593  lr=5.10e-05
[05:10:43 INFO] Epoch 8/50  iter 450/743  loss=0.1527  lr=5.09e-05
[05:10:55 INFO] Epoch 8/50  iter 500/743  loss=0.1835  lr=5.08e-05
[05:11:08 INFO] Epoch 8/50  iter 550/743  loss=0.1184  lr=5.07e-05
[05:11:20 INFO] Epoch 8/50  iter 600/743  loss=0.7303  lr=5.06e-05
[05:11:33 INFO] Epoch 8/50  iter 650/743  loss=0.1384  lr=5.05e-05
[05:11:45 INFO] Epoch 8/50  iter 700/743  loss=0.1934  lr=5.05e-05
[05:11:56 INFO] Epoch 8 complete — avg_loss=0.2504  time=185s
[05:12:09 INFO] Epoch 9/50  iter 50/743  loss=0.1825  lr=5.03e-05
[05:12:22 INFO] Epoch 9/50  iter 100/743  loss=0.2164  lr=5.02e-05
[05:12:34 INFO] Epoch 9/50  iter 150/743  loss=0.1641  lr=5.02e-05
[05:12:46 INFO] Epoch 9/50  iter 200/743  loss=0.1847  lr=5.01e-05
[05:12:59 INFO] Epoch 9/50  iter 250/743  loss=0.2149  lr=5.00e-05
[05:13:11 INFO] Epoch 9/50  iter 300/743  loss=0.1452  lr=4.99e-05
[05:13:23 INFO] Epoch 9/50  iter 350/743  loss=0.2514  lr=4.98e-05
[05:13:36 INFO] Epoch 9/50  iter 400/743  loss=0.2954  lr=4.98e-05
[05:13:48 INFO] Epoch 9/50  iter 450/743  loss=0.4569  lr=4.97e-05
[05:14:01 INFO] Epoch 9/50  iter 500/743  loss=0.2603  lr=4.96e-05
[05:14:13 INFO] Epoch 9/50  iter 550/743  loss=0.4503  lr=4.95e-05
[05:14:25 INFO] Epoch 9/50  iter 600/743  loss=0.1953  lr=4.94e-05
[05:14:38 INFO] Epoch 9/50  iter 650/743  loss=0.2082  lr=4.93e-05
[05:14:50 INFO] Epoch 9/50  iter 700/743  loss=0.2470  lr=4.93e-05
[05:15:01 INFO] Epoch 9 complete — avg_loss=0.2511  time=185s
[05:15:14 INFO] Epoch 10/50  iter 50/743  loss=0.1231  lr=4.91e-05
[05:15:27 INFO] Epoch 10/50  iter 100/743  loss=0.1826  lr=4.90e-05
[05:15:39 INFO] Epoch 10/50  iter 150/743  loss=0.2021  lr=4.90e-05
[05:15:51 INFO] Epoch 10/50  iter 200/743  loss=0.0477  lr=4.89e-05
[05:16:04 INFO] Epoch 10/50  iter 250/743  loss=0.3242  lr=4.88e-05
[05:16:16 INFO] Epoch 10/50  iter 300/743  loss=0.0907  lr=4.87e-05
[05:16:29 INFO] Epoch 10/50  iter 350/743  loss=0.4676  lr=4.86e-05
[05:16:41 INFO] Epoch 10/50  iter 400/743  loss=0.2107  lr=4.86e-05
[05:16:53 INFO] Epoch 10/50  iter 450/743  loss=0.1693  lr=4.85e-05
[05:17:06 INFO] Epoch 10/50  iter 500/743  loss=0.0999  lr=4.84e-05
[05:17:18 INFO] Epoch 10/50  iter 550/743  loss=0.1855  lr=4.83e-05
[05:17:30 INFO] Epoch 10/50  iter 600/743  loss=0.4410  lr=4.82e-05
[05:17:43 INFO] Epoch 10/50  iter 650/743  loss=0.3950  lr=4.81e-05
[05:17:55 INFO] Epoch 10/50  iter 700/743  loss=0.1981  lr=4.81e-05
[05:18:06 INFO] Epoch 10 complete — avg_loss=0.2346  time=184s
[05:19:01 INFO]   val mIoU = 0.6057
[05:19:02 INFO]   ★ New best val mIoU: 0.6057
[05:19:15 INFO] Epoch 11/50  iter 50/743  loss=0.4275  lr=4.79e-05
[05:19:27 INFO] Epoch 11/50  iter 100/743  loss=0.2085  lr=4.78e-05
[05:19:40 INFO] Epoch 11/50  iter 150/743  loss=0.4092  lr=4.78e-05
[05:19:52 INFO] Epoch 11/50  iter 200/743  loss=0.4328  lr=4.77e-05
[05:20:05 INFO] Epoch 11/50  iter 250/743  loss=0.3376  lr=4.76e-05
[05:20:17 INFO] Epoch 11/50  iter 300/743  loss=0.4407  lr=4.75e-05
[05:20:29 INFO] Epoch 11/50  iter 350/743  loss=0.1115  lr=4.74e-05
[05:20:42 INFO] Epoch 11/50  iter 400/743  loss=0.1549  lr=4.74e-05
[05:20:54 INFO] Epoch 11/50  iter 450/743  loss=0.2269  lr=4.73e-05
[05:21:06 INFO] Epoch 11/50  iter 500/743  loss=0.1473  lr=4.72e-05
[05:21:19 INFO] Epoch 11/50  iter 550/743  loss=0.5072  lr=4.71e-05
[05:21:31 INFO] Epoch 11/50  iter 600/743  loss=0.2704  lr=4.70e-05
[05:21:44 INFO] Epoch 11/50  iter 650/743  loss=0.2926  lr=4.69e-05
[05:21:56 INFO] Epoch 11/50  iter 700/743  loss=0.1260  lr=4.69e-05
[05:22:07 INFO] Epoch 11 complete — avg_loss=0.2242  time=184s
[05:22:20 INFO] Epoch 12/50  iter 50/743  loss=0.2635  lr=4.67e-05
[05:22:33 INFO] Epoch 12/50  iter 100/743  loss=0.1309  lr=4.66e-05
[05:22:45 INFO] Epoch 12/50  iter 150/743  loss=0.2606  lr=4.66e-05
[05:22:58 INFO] Epoch 12/50  iter 200/743  loss=0.2631  lr=4.65e-05
[05:23:10 INFO] Epoch 12/50  iter 250/743  loss=0.3612  lr=4.64e-05
[05:23:22 INFO] Epoch 12/50  iter 300/743  loss=0.1909  lr=4.63e-05
[05:23:35 INFO] Epoch 12/50  iter 350/743  loss=0.3125  lr=4.62e-05
[05:23:47 INFO] Epoch 12/50  iter 400/743  loss=0.4045  lr=4.62e-05
[05:23:59 INFO] Epoch 12/50  iter 450/743  loss=0.0731  lr=4.61e-05
[05:24:12 INFO] Epoch 12/50  iter 500/743  loss=0.1515  lr=4.60e-05
[05:24:24 INFO] Epoch 12/50  iter 550/743  loss=0.1778  lr=4.59e-05
[05:24:37 INFO] Epoch 12/50  iter 600/743  loss=0.1849  lr=4.58e-05
[05:24:49 INFO] Epoch 12/50  iter 650/743  loss=0.1331  lr=4.57e-05
[05:25:01 INFO] Epoch 12/50  iter 700/743  loss=0.1458  lr=4.57e-05
[05:25:12 INFO] Epoch 12 complete — avg_loss=0.2215  time=185s
[05:25:25 INFO] Epoch 13/50  iter 50/743  loss=0.1770  lr=4.55e-05
[05:25:38 INFO] Epoch 13/50  iter 100/743  loss=0.0624  lr=4.54e-05
[05:25:50 INFO] Epoch 13/50  iter 150/743  loss=0.2487  lr=4.54e-05
[05:26:03 INFO] Epoch 13/50  iter 200/743  loss=0.1203  lr=4.53e-05
[05:26:15 INFO] Epoch 13/50  iter 250/743  loss=0.1692  lr=4.52e-05
[05:26:27 INFO] Epoch 13/50  iter 300/743  loss=0.1826  lr=4.51e-05
[05:26:40 INFO] Epoch 13/50  iter 350/743  loss=0.1193  lr=4.50e-05
[05:26:52 INFO] Epoch 13/50  iter 400/743  loss=0.1403  lr=4.50e-05
[05:27:04 INFO] Epoch 13/50  iter 450/743  loss=0.4038  lr=4.49e-05
[05:27:17 INFO] Epoch 13/50  iter 500/743  loss=0.1293  lr=4.48e-05
[05:27:29 INFO] Epoch 13/50  iter 550/743  loss=0.1628  lr=4.47e-05
[05:27:42 INFO] Epoch 13/50  iter 600/743  loss=0.1484  lr=4.46e-05
[05:27:54 INFO] Epoch 13/50  iter 650/743  loss=0.1173  lr=4.45e-05
[05:28:06 INFO] Epoch 13/50  iter 700/743  loss=0.1492  lr=4.45e-05
[05:28:17 INFO] Epoch 13 complete — avg_loss=0.2228  time=184s
[05:28:31 INFO] Epoch 14/50  iter 50/743  loss=0.1128  lr=4.43e-05
[05:28:43 INFO] Epoch 14/50  iter 100/743  loss=0.2121  lr=4.42e-05
[05:28:56 INFO] Epoch 14/50  iter 150/743  loss=0.1382  lr=4.42e-05
[05:29:08 INFO] Epoch 14/50  iter 200/743  loss=0.1646  lr=4.41e-05
[05:29:20 INFO] Epoch 14/50  iter 250/743  loss=0.1848  lr=4.40e-05
[05:29:33 INFO] Epoch 14/50  iter 300/743  loss=0.2317  lr=4.39e-05
[05:29:45 INFO] Epoch 14/50  iter 350/743  loss=0.1460  lr=4.38e-05
[05:29:57 INFO] Epoch 14/50  iter 400/743  loss=0.6586  lr=4.38e-05
[05:30:10 INFO] Epoch 14/50  iter 450/743  loss=0.2288  lr=4.37e-05
[05:30:22 INFO] Epoch 14/50  iter 500/743  loss=0.1314  lr=4.36e-05
[05:30:35 INFO] Epoch 14/50  iter 550/743  loss=0.2636  lr=4.35e-05
[05:30:47 INFO] Epoch 14/50  iter 600/743  loss=0.2788  lr=4.34e-05
[05:30:59 INFO] Epoch 14/50  iter 650/743  loss=0.1587  lr=4.33e-05
[05:31:12 INFO] Epoch 14/50  iter 700/743  loss=0.2138  lr=4.33e-05
[05:31:22 INFO] Epoch 14 complete — avg_loss=0.2121  time=184s
[05:31:36 INFO] Epoch 15/50  iter 50/743  loss=0.2580  lr=4.31e-05
[05:31:48 INFO] Epoch 15/50  iter 100/743  loss=0.1690  lr=4.30e-05
[05:32:01 INFO] Epoch 15/50  iter 150/743  loss=0.2821  lr=4.30e-05
[05:32:13 INFO] Epoch 15/50  iter 200/743  loss=0.1568  lr=4.29e-05
[05:32:26 INFO] Epoch 15/50  iter 250/743  loss=0.2138  lr=4.28e-05
[05:32:38 INFO] Epoch 15/50  iter 300/743  loss=0.3101  lr=4.27e-05
[05:32:50 INFO] Epoch 15/50  iter 350/743  loss=0.1476  lr=4.26e-05
[05:33:03 INFO] Epoch 15/50  iter 400/743  loss=0.2807  lr=4.26e-05
[05:33:15 INFO] Epoch 15/50  iter 450/743  loss=0.1332  lr=4.25e-05
[05:33:27 INFO] Epoch 15/50  iter 500/743  loss=0.2307  lr=4.24e-05
[05:33:40 INFO] Epoch 15/50  iter 550/743  loss=0.2247  lr=4.23e-05
[05:33:52 INFO] Epoch 15/50  iter 600/743  loss=0.1687  lr=4.22e-05
[05:34:05 INFO] Epoch 15/50  iter 650/743  loss=0.1532  lr=4.21e-05
[05:34:17 INFO] Epoch 15/50  iter 700/743  loss=0.1026  lr=4.21e-05
[05:34:28 INFO] Epoch 15 complete — avg_loss=0.2153  time=185s
[05:35:22 INFO]   val mIoU = 0.6467
[05:35:23 INFO]   ★ New best val mIoU: 0.6467
[05:35:37 INFO] Epoch 16/50  iter 50/743  loss=0.1167  lr=4.19e-05
[05:35:49 INFO] Epoch 16/50  iter 100/743  loss=0.2173  lr=4.18e-05
[05:36:01 INFO] Epoch 16/50  iter 150/743  loss=0.1380  lr=4.18e-05
[05:36:14 INFO] Epoch 16/50  iter 200/743  loss=0.0981  lr=4.17e-05
[05:36:26 INFO] Epoch 16/50  iter 250/743  loss=0.1535  lr=4.16e-05
[05:36:39 INFO] Epoch 16/50  iter 300/743  loss=0.1274  lr=4.15e-05
[05:36:51 INFO] Epoch 16/50  iter 350/743  loss=0.3216  lr=4.14e-05
[05:37:03 INFO] Epoch 16/50  iter 400/743  loss=0.0777  lr=4.14e-05
[05:37:16 INFO] Epoch 16/50  iter 450/743  loss=0.1513  lr=4.13e-05
[05:37:28 INFO] Epoch 16/50  iter 500/743  loss=0.2216  lr=4.12e-05
[05:37:41 INFO] Epoch 16/50  iter 550/743  loss=0.1813  lr=4.11e-05
[05:37:53 INFO] Epoch 16/50  iter 600/743  loss=0.1964  lr=4.10e-05
[05:38:05 INFO] Epoch 16/50  iter 650/743  loss=0.1314  lr=4.09e-05
[05:38:18 INFO] Epoch 16/50  iter 700/743  loss=0.1687  lr=4.09e-05
[05:38:28 INFO] Epoch 16 complete — avg_loss=0.1990  time=185s
[05:38:42 INFO] Epoch 17/50  iter 50/743  loss=0.1067  lr=4.07e-05
[05:38:54 INFO] Epoch 17/50  iter 100/743  loss=0.1213  lr=4.06e-05
[05:39:07 INFO] Epoch 17/50  iter 150/743  loss=0.1495  lr=4.06e-05
[05:39:19 INFO] Epoch 17/50  iter 200/743  loss=0.0715  lr=4.05e-05
[05:39:32 INFO] Epoch 17/50  iter 250/743  loss=0.1194  lr=4.04e-05
[05:39:44 INFO] Epoch 17/50  iter 300/743  loss=0.1779  lr=4.03e-05
[05:39:56 INFO] Epoch 17/50  iter 350/743  loss=0.1195  lr=4.02e-05
[05:40:09 INFO] Epoch 17/50  iter 400/743  loss=0.1592  lr=4.02e-05
[05:40:21 INFO] Epoch 17/50  iter 450/743  loss=0.1879  lr=4.01e-05
[05:40:34 INFO] Epoch 17/50  iter 500/743  loss=0.1287  lr=4.00e-05
[05:40:46 INFO] Epoch 17/50  iter 550/743  loss=0.2731  lr=3.99e-05
[05:40:58 INFO] Epoch 17/50  iter 600/743  loss=0.1123  lr=3.98e-05
[05:41:11 INFO] Epoch 17/50  iter 650/743  loss=0.1045  lr=3.97e-05
[05:41:23 INFO] Epoch 17/50  iter 700/743  loss=0.0827  lr=3.97e-05
[05:41:34 INFO] Epoch 17 complete — avg_loss=0.1954  time=185s
[05:41:47 INFO] Epoch 18/50  iter 50/743  loss=0.1699  lr=3.95e-05
[05:42:00 INFO] Epoch 18/50  iter 100/743  loss=0.4817  lr=3.94e-05
[05:42:12 INFO] Epoch 18/50  iter 150/743  loss=0.2341  lr=3.94e-05
[05:42:24 INFO] Epoch 18/50  iter 200/743  loss=0.1966  lr=3.93e-05
[05:42:37 INFO] Epoch 18/50  iter 250/743  loss=0.1858  lr=3.92e-05
[05:42:49 INFO] Epoch 18/50  iter 300/743  loss=0.1958  lr=3.91e-05
[05:43:02 INFO] Epoch 18/50  iter 350/743  loss=0.2345  lr=3.90e-05
[05:43:14 INFO] Epoch 18/50  iter 400/743  loss=0.1926  lr=3.90e-05
[05:43:26 INFO] Epoch 18/50  iter 450/743  loss=0.0812  lr=3.89e-05
[05:43:39 INFO] Epoch 18/50  iter 500/743  loss=0.0820  lr=3.88e-05
[05:43:51 INFO] Epoch 18/50  iter 550/743  loss=0.0968  lr=3.87e-05
[05:44:03 INFO] Epoch 18/50  iter 600/743  loss=0.2535  lr=3.86e-05
[05:44:16 INFO] Epoch 18/50  iter 650/743  loss=0.1735  lr=3.85e-05
[05:44:28 INFO] Epoch 18/50  iter 700/743  loss=0.2569  lr=3.85e-05
[05:44:39 INFO] Epoch 18 complete — avg_loss=0.1893  time=185s
[05:44:53 INFO] Epoch 19/50  iter 50/743  loss=0.2436  lr=3.83e-05
[05:45:05 INFO] Epoch 19/50  iter 100/743  loss=0.1452  lr=3.82e-05
[05:45:17 INFO] Epoch 19/50  iter 150/743  loss=0.1422  lr=3.82e-05
[05:45:30 INFO] Epoch 19/50  iter 200/743  loss=0.1313  lr=3.81e-05
[05:45:42 INFO] Epoch 19/50  iter 250/743  loss=0.1541  lr=3.80e-05
[05:45:55 INFO] Epoch 19/50  iter 300/743  loss=0.0999  lr=3.79e-05
[05:46:07 INFO] Epoch 19/50  iter 350/743  loss=0.1457  lr=3.78e-05
[05:46:19 INFO] Epoch 19/50  iter 400/743  loss=0.1308  lr=3.78e-05
[05:46:32 INFO] Epoch 19/50  iter 450/743  loss=0.1905  lr=3.77e-05
[05:46:44 INFO] Epoch 19/50  iter 500/743  loss=0.0965  lr=3.76e-05
[05:46:56 INFO] Epoch 19/50  iter 550/743  loss=0.2237  lr=3.75e-05
[05:47:09 INFO] Epoch 19/50  iter 600/743  loss=0.3156  lr=3.74e-05
[05:47:21 INFO] Epoch 19/50  iter 650/743  loss=0.1303  lr=3.73e-05
[05:47:34 INFO] Epoch 19/50  iter 700/743  loss=0.1514  lr=3.73e-05
[05:47:44 INFO] Epoch 19 complete — avg_loss=0.1918  time=185s
[05:47:58 INFO] Epoch 20/50  iter 50/743  loss=0.2158  lr=3.71e-05
[05:48:10 INFO] Epoch 20/50  iter 100/743  loss=0.1219  lr=3.70e-05
[05:48:22 INFO] Epoch 20/50  iter 150/743  loss=0.1171  lr=3.70e-05
[05:48:35 INFO] Epoch 20/50  iter 200/743  loss=0.1866  lr=3.69e-05
[05:48:47 INFO] Epoch 20/50  iter 250/743  loss=0.1604  lr=3.68e-05
[05:49:00 INFO] Epoch 20/50  iter 300/743  loss=0.0890  lr=3.67e-05
[05:49:12 INFO] Epoch 20/50  iter 350/743  loss=0.0985  lr=3.66e-05
[05:49:24 INFO] Epoch 20/50  iter 400/743  loss=0.1062  lr=3.66e-05
[05:49:37 INFO] Epoch 20/50  iter 450/743  loss=0.2901  lr=3.65e-05
[05:49:49 INFO] Epoch 20/50  iter 500/743  loss=0.2072  lr=3.64e-05
[05:50:02 INFO] Epoch 20/50  iter 550/743  loss=0.2272  lr=3.63e-05
[05:50:14 INFO] Epoch 20/50  iter 600/743  loss=0.0826  lr=3.62e-05
[05:50:26 INFO] Epoch 20/50  iter 650/743  loss=0.1603  lr=3.61e-05
[05:50:39 INFO] Epoch 20/50  iter 700/743  loss=0.1654  lr=3.61e-05
[05:50:49 INFO] Epoch 20 complete — avg_loss=0.1874  time=185s
[05:51:42 INFO]   val mIoU = 0.6622
[05:51:43 INFO]   ★ New best val mIoU: 0.6622
[05:51:57 INFO] Epoch 21/50  iter 50/743  loss=0.1381  lr=3.59e-05
[05:52:09 INFO] Epoch 21/50  iter 100/743  loss=0.1332  lr=3.58e-05
[05:52:22 INFO] Epoch 21/50  iter 150/743  loss=0.2387  lr=3.58e-05
[05:52:34 INFO] Epoch 21/50  iter 200/743  loss=1.4225  lr=3.57e-05
[05:52:46 INFO] Epoch 21/50  iter 250/743  loss=0.1802  lr=3.56e-05
[05:52:59 INFO] Epoch 21/50  iter 300/743  loss=0.1323  lr=3.55e-05
[05:53:11 INFO] Epoch 21/50  iter 350/743  loss=0.0842  lr=3.54e-05
[05:53:23 INFO] Epoch 21/50  iter 400/743  loss=0.1882  lr=3.54e-05
[05:53:36 INFO] Epoch 21/50  iter 450/743  loss=0.1523  lr=3.53e-05
[05:53:48 INFO] Epoch 21/50  iter 500/743  loss=0.1099  lr=3.52e-05
[05:54:01 INFO] Epoch 21/50  iter 550/743  loss=0.1119  lr=3.51e-05
[05:54:13 INFO] Epoch 21/50  iter 600/743  loss=0.1503  lr=3.50e-05
[05:54:25 INFO] Epoch 21/50  iter 650/743  loss=0.2409  lr=3.49e-05
[05:54:38 INFO] Epoch 21/50  iter 700/743  loss=0.1245  lr=3.49e-05
[05:54:48 INFO] Epoch 21 complete — avg_loss=0.1778  time=184s
[05:55:02 INFO] Epoch 22/50  iter 50/743  loss=0.1401  lr=3.47e-05
[05:55:14 INFO] Epoch 22/50  iter 100/743  loss=0.0997  lr=3.46e-05
[05:55:27 INFO] Epoch 22/50  iter 150/743  loss=0.0898  lr=3.46e-05
[05:55:39 INFO] Epoch 22/50  iter 200/743  loss=0.2412  lr=3.45e-05
[05:55:52 INFO] Epoch 22/50  iter 250/743  loss=0.2030  lr=3.44e-05
[05:56:04 INFO] Epoch 22/50  iter 300/743  loss=0.1699  lr=3.43e-05
[05:56:16 INFO] Epoch 22/50  iter 350/743  loss=0.1715  lr=3.42e-05
[05:56:29 INFO] Epoch 22/50  iter 400/743  loss=0.1514  lr=3.42e-05
[05:56:41 INFO] Epoch 22/50  iter 450/743  loss=0.2103  lr=3.41e-05
[05:56:53 INFO] Epoch 22/50  iter 500/743  loss=0.1480  lr=3.40e-05
[05:57:06 INFO] Epoch 22/50  iter 550/743  loss=0.1288  lr=3.39e-05
[05:57:18 INFO] Epoch 22/50  iter 600/743  loss=0.1222  lr=3.38e-05
[05:57:31 INFO] Epoch 22/50  iter 650/743  loss=0.2215  lr=3.37e-05
[05:57:43 INFO] Epoch 22/50  iter 700/743  loss=0.2166  lr=3.37e-05
[05:57:54 INFO] Epoch 22 complete — avg_loss=0.1760  time=185s
[05:58:07 INFO] Epoch 23/50  iter 50/743  loss=0.1253  lr=3.35e-05
[05:58:20 INFO] Epoch 23/50  iter 100/743  loss=0.1057  lr=3.34e-05
[05:58:32 INFO] Epoch 23/50  iter 150/743  loss=0.3456  lr=3.34e-05
[05:58:44 INFO] Epoch 23/50  iter 200/743  loss=0.1321  lr=3.33e-05
[05:58:57 INFO] Epoch 23/50  iter 250/743  loss=0.2453  lr=3.32e-05
[05:59:09 INFO] Epoch 23/50  iter 300/743  loss=0.1141  lr=3.31e-05
[05:59:21 INFO] Epoch 23/50  iter 350/743  loss=0.0270  lr=3.30e-05
[05:59:34 INFO] Epoch 23/50  iter 400/743  loss=0.1568  lr=3.30e-05
[05:59:46 INFO] Epoch 23/50  iter 450/743  loss=0.1681  lr=3.29e-05
[05:59:59 INFO] Epoch 23/50  iter 500/743  loss=0.1616  lr=3.28e-05
[06:00:11 INFO] Epoch 23/50  iter 550/743  loss=0.1394  lr=3.27e-05
[06:00:23 INFO] Epoch 23/50  iter 600/743  loss=0.1140  lr=3.26e-05
[06:00:36 INFO] Epoch 23/50  iter 650/743  loss=0.1873  lr=3.25e-05
[06:00:48 INFO] Epoch 23/50  iter 700/743  loss=0.0754  lr=3.25e-05
[06:00:59 INFO] Epoch 23 complete — avg_loss=0.1690  time=185s
[06:01:12 INFO] Epoch 24/50  iter 50/743  loss=0.0898  lr=3.23e-05
[06:01:25 INFO] Epoch 24/50  iter 100/743  loss=0.1828  lr=3.22e-05
[06:01:37 INFO] Epoch 24/50  iter 150/743  loss=0.1423  lr=3.22e-05
[06:01:49 INFO] Epoch 24/50  iter 200/743  loss=0.0920  lr=3.21e-05
[06:02:02 INFO] Epoch 24/50  iter 250/743  loss=0.0663  lr=3.20e-05
[06:02:14 INFO] Epoch 24/50  iter 300/743  loss=0.1380  lr=3.19e-05
[06:02:27 INFO] Epoch 24/50  iter 350/743  loss=0.0916  lr=3.18e-05
[06:02:39 INFO] Epoch 24/50  iter 400/743  loss=0.2136  lr=3.18e-05
[06:02:51 INFO] Epoch 24/50  iter 450/743  loss=0.0931  lr=3.17e-05
[06:03:04 INFO] Epoch 24/50  iter 500/743  loss=0.1246  lr=3.16e-05
[06:03:16 INFO] Epoch 24/50  iter 550/743  loss=0.1518  lr=3.15e-05
[06:03:28 INFO] Epoch 24/50  iter 600/743  loss=0.1066  lr=3.14e-05
[06:03:41 INFO] Epoch 24/50  iter 650/743  loss=0.1959  lr=3.13e-05
[06:03:53 INFO] Epoch 24/50  iter 700/743  loss=0.0969  lr=3.13e-05
[06:04:04 INFO] Epoch 24 complete — avg_loss=0.1687  time=184s
[06:04:18 INFO] Epoch 25/50  iter 50/743  loss=0.0907  lr=3.11e-05
[06:04:30 INFO] Epoch 25/50  iter 100/743  loss=0.2036  lr=3.10e-05
[06:04:42 INFO] Epoch 25/50  iter 150/743  loss=0.1170  lr=3.10e-05
[06:04:55 INFO] Epoch 25/50  iter 200/743  loss=0.1105  lr=3.09e-05
[06:05:07 INFO] Epoch 25/50  iter 250/743  loss=0.1606  lr=3.08e-05
[06:05:19 INFO] Epoch 25/50  iter 300/743  loss=0.1342  lr=3.07e-05
[06:05:32 INFO] Epoch 25/50  iter 350/743  loss=0.1949  lr=3.06e-05
[06:05:44 INFO] Epoch 25/50  iter 400/743  loss=0.0636  lr=3.06e-05
[06:05:57 INFO] Epoch 25/50  iter 450/743  loss=0.4174  lr=3.05e-05
[06:06:09 INFO] Epoch 25/50  iter 500/743  loss=0.1496  lr=3.04e-05
[06:06:21 INFO] Epoch 25/50  iter 550/743  loss=0.2777  lr=3.03e-05
[06:06:34 INFO] Epoch 25/50  iter 600/743  loss=0.1588  lr=3.02e-05
[06:06:46 INFO] Epoch 25/50  iter 650/743  loss=0.1199  lr=3.01e-05
[06:06:58 INFO] Epoch 25/50  iter 700/743  loss=0.1367  lr=3.01e-05
[06:07:09 INFO] Epoch 25 complete — avg_loss=0.1685  time=185s
[06:08:03 INFO]   val mIoU = 0.6897
[06:08:04 INFO]   ★ New best val mIoU: 0.6897
[06:08:18 INFO] Epoch 26/50  iter 50/743  loss=0.1638  lr=2.99e-05
[06:08:30 INFO] Epoch 26/50  iter 100/743  loss=0.1065  lr=2.98e-05
[06:08:43 INFO] Epoch 26/50  iter 150/743  loss=0.1849  lr=2.98e-05
[06:08:55 INFO] Epoch 26/50  iter 200/743  loss=0.0906  lr=2.97e-05
[06:09:07 INFO] Epoch 26/50  iter 250/743  loss=0.1270  lr=2.96e-05
[06:09:20 INFO] Epoch 26/50  iter 300/743  loss=0.2177  lr=2.95e-05
[06:09:32 INFO] Epoch 26/50  iter 350/743  loss=0.0878  lr=2.94e-05
[06:09:44 INFO] Epoch 26/50  iter 400/743  loss=0.0866  lr=2.94e-05
[06:09:57 INFO] Epoch 26/50  iter 450/743  loss=0.0895  lr=2.93e-05
[06:10:09 INFO] Epoch 26/50  iter 500/743  loss=0.2004  lr=2.92e-05
[06:10:22 INFO] Epoch 26/50  iter 550/743  loss=0.2026  lr=2.91e-05
[06:10:34 INFO] Epoch 26/50  iter 600/743  loss=0.0811  lr=2.90e-05
[06:10:46 INFO] Epoch 26/50  iter 650/743  loss=0.0988  lr=2.89e-05
[06:10:59 INFO] Epoch 26/50  iter 700/743  loss=0.1649  lr=2.89e-05
[06:11:09 INFO] Epoch 26 complete — avg_loss=0.1655  time=184s
[06:11:23 INFO] Epoch 27/50  iter 50/743  loss=0.0955  lr=2.87e-05
[06:11:35 INFO] Epoch 27/50  iter 100/743  loss=0.1146  lr=2.86e-05
[06:11:48 INFO] Epoch 27/50  iter 150/743  loss=0.0954  lr=2.86e-05
[06:12:00 INFO] Epoch 27/50  iter 200/743  loss=0.0793  lr=2.85e-05
[06:12:13 INFO] Epoch 27/50  iter 250/743  loss=0.1949  lr=2.84e-05
[06:12:25 INFO] Epoch 27/50  iter 300/743  loss=0.1099  lr=2.83e-05
[06:12:37 INFO] Epoch 27/50  iter 350/743  loss=0.1075  lr=2.82e-05
[06:12:50 INFO] Epoch 27/50  iter 400/743  loss=0.1184  lr=2.82e-05
[06:13:02 INFO] Epoch 27/50  iter 450/743  loss=0.1514  lr=2.81e-05
[06:13:14 INFO] Epoch 27/50  iter 500/743  loss=0.0977  lr=2.80e-05
[06:13:27 INFO] Epoch 27/50  iter 550/743  loss=0.1296  lr=2.79e-05
[06:13:39 INFO] Epoch 27/50  iter 600/743  loss=0.1593  lr=2.78e-05
[06:13:52 INFO] Epoch 27/50  iter 650/743  loss=0.0739  lr=2.77e-05
[06:14:04 INFO] Epoch 27/50  iter 700/743  loss=0.1944  lr=2.77e-05
[06:14:15 INFO] Epoch 27 complete — avg_loss=0.1616  time=185s
[06:14:29 INFO] Epoch 28/50  iter 50/743  loss=0.1284  lr=2.75e-05
[06:14:41 INFO] Epoch 28/50  iter 100/743  loss=0.2103  lr=2.74e-05
[06:14:53 INFO] Epoch 28/50  iter 150/743  loss=0.0913  lr=2.74e-05
[06:15:06 INFO] Epoch 28/50  iter 200/743  loss=0.0782  lr=2.73e-05
[06:15:18 INFO] Epoch 28/50  iter 250/743  loss=0.0709  lr=2.72e-05
[06:15:30 INFO] Epoch 28/50  iter 300/743  loss=0.1476  lr=2.71e-05
[06:15:43 INFO] Epoch 28/50  iter 350/743  loss=0.1443  lr=2.70e-05
[06:15:55 INFO] Epoch 28/50  iter 400/743  loss=0.1069  lr=2.70e-05
[06:16:08 INFO] Epoch 28/50  iter 450/743  loss=0.0724  lr=2.69e-05
[06:16:20 INFO] Epoch 28/50  iter 500/743  loss=0.1820  lr=2.68e-05
[06:16:32 INFO] Epoch 28/50  iter 550/743  loss=0.0659  lr=2.67e-05
[06:16:45 INFO] Epoch 28/50  iter 600/743  loss=0.1176  lr=2.66e-05
[06:16:57 INFO] Epoch 28/50  iter 650/743  loss=0.2011  lr=2.65e-05
[06:17:10 INFO] Epoch 28/50  iter 700/743  loss=0.2475  lr=2.65e-05
[06:17:20 INFO] Epoch 28 complete — avg_loss=0.1722  time=185s
[06:17:34 INFO] Epoch 29/50  iter 50/743  loss=0.1332  lr=2.63e-05
[06:17:46 INFO] Epoch 29/50  iter 100/743  loss=0.3997  lr=2.62e-05
[06:17:59 INFO] Epoch 29/50  iter 150/743  loss=0.1652  lr=2.62e-05
[06:18:11 INFO] Epoch 29/50  iter 200/743  loss=0.2198  lr=2.61e-05
[06:18:23 INFO] Epoch 29/50  iter 250/743  loss=0.1016  lr=2.60e-05
[06:18:36 INFO] Epoch 29/50  iter 300/743  loss=0.1183  lr=2.59e-05
[06:18:48 INFO] Epoch 29/50  iter 350/743  loss=0.1590  lr=2.58e-05
[06:19:01 INFO] Epoch 29/50  iter 400/743  loss=0.1363  lr=2.58e-05
[06:19:13 INFO] Epoch 29/50  iter 450/743  loss=0.4604  lr=2.57e-05
[06:19:25 INFO] Epoch 29/50  iter 500/743  loss=0.1571  lr=2.56e-05
[06:19:38 INFO] Epoch 29/50  iter 550/743  loss=0.1134  lr=2.55e-05
[06:19:50 INFO] Epoch 29/50  iter 600/743  loss=0.2456  lr=2.54e-05
[06:20:03 INFO] Epoch 29/50  iter 650/743  loss=0.9526  lr=2.53e-05
[06:20:15 INFO] Epoch 29/50  iter 700/743  loss=0.1798  lr=2.53e-05
[06:20:26 INFO] Epoch 29 complete — avg_loss=0.1590  time=185s
[06:20:39 INFO] Epoch 30/50  iter 50/743  loss=0.0756  lr=2.51e-05
[06:20:52 INFO] Epoch 30/50  iter 100/743  loss=0.1832  lr=2.50e-05
[06:21:04 INFO] Epoch 30/50  iter 150/743  loss=0.1154  lr=2.50e-05
[06:21:16 INFO] Epoch 30/50  iter 200/743  loss=0.2656  lr=2.49e-05
[06:21:29 INFO] Epoch 30/50  iter 250/743  loss=0.1303  lr=2.48e-05
[06:21:41 INFO] Epoch 30/50  iter 300/743  loss=0.2178  lr=2.47e-05
[06:21:54 INFO] Epoch 30/50  iter 350/743  loss=0.1919  lr=2.46e-05
[06:22:06 INFO] Epoch 30/50  iter 400/743  loss=0.1566  lr=2.46e-05
[06:22:18 INFO] Epoch 30/50  iter 450/743  loss=0.2384  lr=2.45e-05
[06:22:31 INFO] Epoch 30/50  iter 500/743  loss=0.1457  lr=2.44e-05
[06:22:43 INFO] Epoch 30/50  iter 550/743  loss=0.1691  lr=2.43e-05
[06:22:56 INFO] Epoch 30/50  iter 600/743  loss=0.1235  lr=2.42e-05
[06:23:08 INFO] Epoch 30/50  iter 650/743  loss=0.2027  lr=2.41e-05
[06:23:20 INFO] Epoch 30/50  iter 700/743  loss=0.1409  lr=2.41e-05
[06:23:31 INFO] Epoch 30 complete — avg_loss=0.1556  time=185s
[06:24:25 INFO]   val mIoU = 0.6914
[06:24:26 INFO]   ★ New best val mIoU: 0.6914
[06:24:39 INFO] Epoch 31/50  iter 50/743  loss=0.0936  lr=2.39e-05
[06:24:52 INFO] Epoch 31/50  iter 100/743  loss=0.1614  lr=2.38e-05
[06:25:04 INFO] Epoch 31/50  iter 150/743  loss=0.1673  lr=2.38e-05
[06:25:16 INFO] Epoch 31/50  iter 200/743  loss=0.2248  lr=2.37e-05
[06:25:29 INFO] Epoch 31/50  iter 250/743  loss=0.1204  lr=2.36e-05
[06:25:41 INFO] Epoch 31/50  iter 300/743  loss=0.4981  lr=2.35e-05
[06:25:54 INFO] Epoch 31/50  iter 350/743  loss=0.0733  lr=2.34e-05
[06:26:06 INFO] Epoch 31/50  iter 400/743  loss=0.1939  lr=2.34e-05
[06:26:18 INFO] Epoch 31/50  iter 450/743  loss=0.1391  lr=2.33e-05
[06:26:31 INFO] Epoch 31/50  iter 500/743  loss=0.1891  lr=2.32e-05
[06:26:43 INFO] Epoch 31/50  iter 550/743  loss=0.1901  lr=2.31e-05
[06:26:56 INFO] Epoch 31/50  iter 600/743  loss=0.0621  lr=2.30e-05
[06:27:08 INFO] Epoch 31/50  iter 650/743  loss=0.1777  lr=2.29e-05
[06:27:20 INFO] Epoch 31/50  iter 700/743  loss=0.0825  lr=2.29e-05
[06:27:31 INFO] Epoch 31 complete — avg_loss=0.1521  time=184s
[06:27:45 INFO] Epoch 32/50  iter 50/743  loss=0.0775  lr=2.27e-05
[06:27:57 INFO] Epoch 32/50  iter 100/743  loss=0.1917  lr=2.26e-05
[06:28:09 INFO] Epoch 32/50  iter 150/743  loss=0.1734  lr=2.26e-05
[06:28:22 INFO] Epoch 32/50  iter 200/743  loss=0.1880  lr=2.25e-05
[06:28:34 INFO] Epoch 32/50  iter 250/743  loss=0.1507  lr=2.24e-05
[06:28:47 INFO] Epoch 32/50  iter 300/743  loss=0.1276  lr=2.23e-05
[06:28:59 INFO] Epoch 32/50  iter 350/743  loss=0.0847  lr=2.22e-05
[06:29:11 INFO] Epoch 32/50  iter 400/743  loss=0.2665  lr=2.22e-05
[06:29:24 INFO] Epoch 32/50  iter 450/743  loss=0.0650  lr=2.21e-05
[06:29:36 INFO] Epoch 32/50  iter 500/743  loss=0.0814  lr=2.20e-05
[06:29:49 INFO] Epoch 32/50  iter 550/743  loss=0.1558  lr=2.19e-05
[06:30:01 INFO] Epoch 32/50  iter 600/743  loss=0.2936  lr=2.18e-05
[06:30:13 INFO] Epoch 32/50  iter 650/743  loss=0.1300  lr=2.17e-05
[06:30:26 INFO] Epoch 32/50  iter 700/743  loss=0.0868  lr=2.17e-05
[06:30:36 INFO] Epoch 32 complete — avg_loss=0.1492  time=185s
[06:30:50 INFO] Epoch 33/50  iter 50/743  loss=0.2009  lr=2.15e-05
[06:31:02 INFO] Epoch 33/50  iter 100/743  loss=0.2258  lr=2.14e-05
[06:31:15 INFO] Epoch 33/50  iter 150/743  loss=0.1187  lr=2.14e-05
[06:31:27 INFO] Epoch 33/50  iter 200/743  loss=0.1036  lr=2.13e-05
[06:31:39 INFO] Epoch 33/50  iter 250/743  loss=0.0867  lr=2.12e-05
[06:31:52 INFO] Epoch 33/50  iter 300/743  loss=0.1442  lr=2.11e-05
[06:32:04 INFO] Epoch 33/50  iter 350/743  loss=0.0893  lr=2.10e-05
[06:32:17 INFO] Epoch 33/50  iter 400/743  loss=0.1424  lr=2.10e-05
[06:32:29 INFO] Epoch 33/50  iter 450/743  loss=0.2773  lr=2.09e-05
[06:32:41 INFO] Epoch 33/50  iter 500/743  loss=0.1721  lr=2.08e-05
[06:32:54 INFO] Epoch 33/50  iter 550/743  loss=0.1392  lr=2.07e-05
[06:33:06 INFO] Epoch 33/50  iter 600/743  loss=0.1711  lr=2.06e-05
[06:33:18 INFO] Epoch 33/50  iter 650/743  loss=0.3052  lr=2.05e-05
[06:33:31 INFO] Epoch 33/50  iter 700/743  loss=0.1890  lr=2.05e-05
[06:33:42 INFO] Epoch 33 complete — avg_loss=0.1483  time=185s
[06:33:55 INFO] Epoch 34/50  iter 50/743  loss=0.1626  lr=2.03e-05
[06:34:07 INFO] Epoch 34/50  iter 100/743  loss=0.1345  lr=2.02e-05
[06:34:20 INFO] Epoch 34/50  iter 150/743  loss=0.6158  lr=2.02e-05
[06:34:32 INFO] Epoch 34/50  iter 200/743  loss=0.1102  lr=2.01e-05
[06:34:45 INFO] Epoch 34/50  iter 250/743  loss=0.0895  lr=2.00e-05
[06:34:57 INFO] Epoch 34/50  iter 300/743  loss=0.0831  lr=1.99e-05
[06:35:09 INFO] Epoch 34/50  iter 350/743  loss=0.1092  lr=1.98e-05
[06:35:22 INFO] Epoch 34/50  iter 400/743  loss=0.0923  lr=1.98e-05
[06:35:34 INFO] Epoch 34/50  iter 450/743  loss=0.1240  lr=1.97e-05
[06:35:46 INFO] Epoch 34/50  iter 500/743  loss=0.1513  lr=1.96e-05
[06:35:59 INFO] Epoch 34/50  iter 550/743  loss=0.1756  lr=1.95e-05
[06:36:11 INFO] Epoch 34/50  iter 600/743  loss=0.2183  lr=1.94e-05
[06:36:24 INFO] Epoch 34/50  iter 650/743  loss=0.2547  lr=1.93e-05
[06:36:36 INFO] Epoch 34/50  iter 700/743  loss=0.1046  lr=1.93e-05
[06:36:47 INFO] Epoch 34 complete — avg_loss=0.1544  time=185s
[06:37:00 INFO] Epoch 35/50  iter 50/743  loss=0.1653  lr=1.91e-05
[06:37:13 INFO] Epoch 35/50  iter 100/743  loss=0.1272  lr=1.90e-05
[06:37:25 INFO] Epoch 35/50  iter 150/743  loss=0.0867  lr=1.90e-05
[06:37:37 INFO] Epoch 35/50  iter 200/743  loss=0.1509  lr=1.89e-05
[06:37:50 INFO] Epoch 35/50  iter 250/743  loss=0.0587  lr=1.88e-05
[06:38:02 INFO] Epoch 35/50  iter 300/743  loss=0.1214  lr=1.87e-05
[06:38:14 INFO] Epoch 35/50  iter 350/743  loss=0.1905  lr=1.86e-05
[06:38:27 INFO] Epoch 35/50  iter 400/743  loss=0.1608  lr=1.86e-05
[06:38:39 INFO] Epoch 35/50  iter 450/743  loss=0.1080  lr=1.85e-05
[06:38:52 INFO] Epoch 35/50  iter 500/743  loss=0.1431  lr=1.84e-05
[06:39:04 INFO] Epoch 35/50  iter 550/743  loss=0.0981  lr=1.83e-05
[06:39:16 INFO] Epoch 35/50  iter 600/743  loss=0.1395  lr=1.82e-05
[06:39:29 INFO] Epoch 35/50  iter 650/743  loss=0.0493  lr=1.81e-05
[06:39:41 INFO] Epoch 35/50  iter 700/743  loss=0.1458  lr=1.81e-05
[06:39:52 INFO] Epoch 35 complete — avg_loss=0.1475  time=185s
[06:40:46 INFO]   val mIoU = 0.6936
[06:40:47 INFO]   ★ New best val mIoU: 0.6936
[06:41:01 INFO] Epoch 36/50  iter 50/743  loss=0.0773  lr=1.79e-05
[06:41:13 INFO] Epoch 36/50  iter 100/743  loss=0.0568  lr=1.78e-05
[06:41:26 INFO] Epoch 36/50  iter 150/743  loss=0.3304  lr=1.78e-05
[06:41:38 INFO] Epoch 36/50  iter 200/743  loss=0.1099  lr=1.77e-05
[06:41:50 INFO] Epoch 36/50  iter 250/743  loss=0.1737  lr=1.76e-05
[06:42:03 INFO] Epoch 36/50  iter 300/743  loss=0.0989  lr=1.75e-05
[06:42:15 INFO] Epoch 36/50  iter 350/743  loss=0.1268  lr=1.74e-05
[06:42:28 INFO] Epoch 36/50  iter 400/743  loss=0.1790  lr=1.74e-05
[06:42:40 INFO] Epoch 36/50  iter 450/743  loss=0.1587  lr=1.73e-05
[06:42:52 INFO] Epoch 36/50  iter 500/743  loss=0.1324  lr=1.72e-05
[06:43:05 INFO] Epoch 36/50  iter 550/743  loss=0.1436  lr=1.71e-05
[06:43:17 INFO] Epoch 36/50  iter 600/743  loss=0.1005  lr=1.70e-05
[06:43:29 INFO] Epoch 36/50  iter 650/743  loss=0.1132  lr=1.69e-05
[06:43:42 INFO] Epoch 36/50  iter 700/743  loss=0.1392  lr=1.69e-05
[06:43:52 INFO] Epoch 36 complete — avg_loss=0.1463  time=184s
[06:44:06 INFO] Epoch 37/50  iter 50/743  loss=0.1809  lr=1.67e-05
[06:44:18 INFO] Epoch 37/50  iter 100/743  loss=0.2150  lr=1.66e-05
[06:44:31 INFO] Epoch 37/50  iter 150/743  loss=0.1206  lr=1.66e-05
[06:44:43 INFO] Epoch 37/50  iter 200/743  loss=0.0950  lr=1.65e-05
[06:44:55 INFO] Epoch 37/50  iter 250/743  loss=0.1263  lr=1.64e-05
[06:45:08 INFO] Epoch 37/50  iter 300/743  loss=0.1147  lr=1.63e-05
[06:45:20 INFO] Epoch 37/50  iter 350/743  loss=0.1657  lr=1.62e-05
[06:45:33 INFO] Epoch 37/50  iter 400/743  loss=0.0928  lr=1.62e-05
[06:45:45 INFO] Epoch 37/50  iter 450/743  loss=0.0887  lr=1.61e-05
[06:45:57 INFO] Epoch 37/50  iter 500/743  loss=0.2907  lr=1.60e-05
[06:46:10 INFO] Epoch 37/50  iter 550/743  loss=0.0771  lr=1.59e-05
[06:46:22 INFO] Epoch 37/50  iter 600/743  loss=0.0721  lr=1.58e-05
[06:46:34 INFO] Epoch 37/50  iter 650/743  loss=0.1895  lr=1.57e-05
[06:46:47 INFO] Epoch 37/50  iter 700/743  loss=0.1514  lr=1.57e-05
[06:46:58 INFO] Epoch 37 complete — avg_loss=0.1431  time=184s
[06:47:11 INFO] Epoch 38/50  iter 50/743  loss=0.1690  lr=1.55e-05
[06:47:23 INFO] Epoch 38/50  iter 100/743  loss=0.2300  lr=1.54e-05
[06:47:36 INFO] Epoch 38/50  iter 150/743  loss=0.1415  lr=1.54e-05
[06:47:48 INFO] Epoch 38/50  iter 200/743  loss=0.0587  lr=1.53e-05
[06:48:01 INFO] Epoch 38/50  iter 250/743  loss=0.1422  lr=1.52e-05
[06:48:13 INFO] Epoch 38/50  iter 300/743  loss=0.1223  lr=1.51e-05
[06:48:25 INFO] Epoch 38/50  iter 350/743  loss=0.1400  lr=1.50e-05
[06:48:38 INFO] Epoch 38/50  iter 400/743  loss=0.1542  lr=1.50e-05
[06:48:50 INFO] Epoch 38/50  iter 450/743  loss=0.1722  lr=1.49e-05
[06:49:02 INFO] Epoch 38/50  iter 500/743  loss=0.0724  lr=1.48e-05
[06:49:15 INFO] Epoch 38/50  iter 550/743  loss=0.0650  lr=1.47e-05
[06:49:27 INFO] Epoch 38/50  iter 600/743  loss=0.1349  lr=1.46e-05
[06:49:40 INFO] Epoch 38/50  iter 650/743  loss=0.1476  lr=1.45e-05
[06:49:52 INFO] Epoch 38/50  iter 700/743  loss=0.0836  lr=1.45e-05
[06:50:03 INFO] Epoch 38 complete — avg_loss=0.1377  time=184s
[06:50:16 INFO] Epoch 39/50  iter 50/743  loss=0.4135  lr=1.43e-05
[06:50:28 INFO] Epoch 39/50  iter 100/743  loss=0.1662  lr=1.42e-05
[06:50:41 INFO] Epoch 39/50  iter 150/743  loss=0.0969  lr=1.42e-05
[06:50:53 INFO] Epoch 39/50  iter 200/743  loss=0.1736  lr=1.41e-05
[06:51:06 INFO] Epoch 39/50  iter 250/743  loss=0.1159  lr=1.40e-05
[06:51:18 INFO] Epoch 39/50  iter 300/743  loss=0.0912  lr=1.39e-05
[06:51:30 INFO] Epoch 39/50  iter 350/743  loss=0.2322  lr=1.38e-05
[06:51:43 INFO] Epoch 39/50  iter 400/743  loss=0.2774  lr=1.38e-05
[06:51:55 INFO] Epoch 39/50  iter 450/743  loss=0.1137  lr=1.37e-05
[06:52:07 INFO] Epoch 39/50  iter 500/743  loss=0.0904  lr=1.36e-05
[06:52:20 INFO] Epoch 39/50  iter 550/743  loss=0.2036  lr=1.35e-05
[06:52:32 INFO] Epoch 39/50  iter 600/743  loss=0.1121  lr=1.34e-05
[06:52:45 INFO] Epoch 39/50  iter 650/743  loss=0.1047  lr=1.33e-05
[06:52:57 INFO] Epoch 39/50  iter 700/743  loss=0.1049  lr=1.33e-05
[06:53:08 INFO] Epoch 39 complete — avg_loss=0.1391  time=184s
[06:53:21 INFO] Epoch 40/50  iter 50/743  loss=0.0629  lr=1.31e-05
[06:53:34 INFO] Epoch 40/50  iter 100/743  loss=0.2387  lr=1.30e-05
[06:53:46 INFO] Epoch 40/50  iter 150/743  loss=0.1611  lr=1.30e-05
[06:53:58 INFO] Epoch 40/50  iter 200/743  loss=0.0566  lr=1.29e-05
[06:54:11 INFO] Epoch 40/50  iter 250/743  loss=0.1685  lr=1.28e-05
[06:54:23 INFO] Epoch 40/50  iter 300/743  loss=0.0869  lr=1.27e-05
[06:54:36 INFO] Epoch 40/50  iter 350/743  loss=0.1298  lr=1.26e-05
[06:54:48 INFO] Epoch 40/50  iter 400/743  loss=0.0850  lr=1.26e-05
[06:55:00 INFO] Epoch 40/50  iter 450/743  loss=0.1445  lr=1.25e-05
[06:55:13 INFO] Epoch 40/50  iter 500/743  loss=0.2045  lr=1.24e-05
[06:55:25 INFO] Epoch 40/50  iter 550/743  loss=0.1370  lr=1.23e-05
[06:55:37 INFO] Epoch 40/50  iter 600/743  loss=0.0561  lr=1.22e-05
[06:55:50 INFO] Epoch 40/50  iter 650/743  loss=0.2429  lr=1.21e-05
[06:56:02 INFO] Epoch 40/50  iter 700/743  loss=0.0892  lr=1.21e-05
[06:56:13 INFO] Epoch 40 complete — avg_loss=0.1408  time=185s
[06:57:05 INFO]   val mIoU = 0.7147
[06:57:06 INFO]   ★ New best val mIoU: 0.7147
[06:57:19 INFO] Epoch 41/50  iter 50/743  loss=0.1408  lr=1.19e-05
[06:57:32 INFO] Epoch 41/50  iter 100/743  loss=0.2391  lr=1.18e-05
[06:57:44 INFO] Epoch 41/50  iter 150/743  loss=0.0953  lr=1.18e-05
[06:57:57 INFO] Epoch 41/50  iter 200/743  loss=0.0761  lr=1.17e-05
[06:58:09 INFO] Epoch 41/50  iter 250/743  loss=0.1092  lr=1.16e-05
[06:58:21 INFO] Epoch 41/50  iter 300/743  loss=0.0641  lr=1.15e-05
[06:58:34 INFO] Epoch 41/50  iter 350/743  loss=0.1099  lr=1.14e-05
[06:58:46 INFO] Epoch 41/50  iter 400/743  loss=0.1481  lr=1.14e-05
[06:58:58 INFO] Epoch 41/50  iter 450/743  loss=0.0983  lr=1.13e-05
[06:59:11 INFO] Epoch 41/50  iter 500/743  loss=0.0902  lr=1.12e-05
[06:59:23 INFO] Epoch 41/50  iter 550/743  loss=0.1042  lr=1.11e-05
[06:59:36 INFO] Epoch 41/50  iter 600/743  loss=0.0475  lr=1.10e-05
[06:59:48 INFO] Epoch 41/50  iter 650/743  loss=0.1118  lr=1.09e-05
[07:00:00 INFO] Epoch 41/50  iter 700/743  loss=0.1595  lr=1.09e-05
[07:00:11 INFO] Epoch 41 complete — avg_loss=0.1342  time=184s
[07:00:25 INFO] Epoch 42/50  iter 50/743  loss=0.1172  lr=1.07e-05
[07:00:37 INFO] Epoch 42/50  iter 100/743  loss=0.2327  lr=1.06e-05
[07:00:49 INFO] Epoch 42/50  iter 150/743  loss=0.1322  lr=1.06e-05
[07:01:02 INFO] Epoch 42/50  iter 200/743  loss=0.5759  lr=1.05e-05
[07:01:14 INFO] Epoch 42/50  iter 250/743  loss=0.1568  lr=1.04e-05
[07:01:27 INFO] Epoch 42/50  iter 300/743  loss=0.1279  lr=1.03e-05
[07:01:39 INFO] Epoch 42/50  iter 350/743  loss=0.1360  lr=1.02e-05
[07:01:51 INFO] Epoch 42/50  iter 400/743  loss=0.1489  lr=1.02e-05
[07:02:04 INFO] Epoch 42/50  iter 450/743  loss=0.1052  lr=1.01e-05
[07:02:16 INFO] Epoch 42/50  iter 500/743  loss=0.1208  lr=9.99e-06
[07:02:29 INFO] Epoch 42/50  iter 550/743  loss=0.0702  lr=9.91e-06
[07:02:41 INFO] Epoch 42/50  iter 600/743  loss=0.1332  lr=9.83e-06
[07:02:53 INFO] Epoch 42/50  iter 650/743  loss=0.0930  lr=9.75e-06
[07:03:06 INFO] Epoch 42/50  iter 700/743  loss=0.1002  lr=9.67e-06
[07:03:16 INFO] Epoch 42 complete — avg_loss=0.1357  time=185s
[07:03:30 INFO] Epoch 43/50  iter 50/743  loss=0.2091  lr=9.52e-06
[07:03:42 INFO] Epoch 43/50  iter 100/743  loss=0.1338  lr=9.44e-06
[07:03:55 INFO] Epoch 43/50  iter 150/743  loss=0.0704  lr=9.36e-06
[07:04:07 INFO] Epoch 43/50  iter 200/743  loss=0.1174  lr=9.28e-06
[07:04:20 INFO] Epoch 43/50  iter 250/743  loss=0.0812  lr=9.19e-06
[07:04:32 INFO] Epoch 43/50  iter 300/743  loss=0.0881  lr=9.11e-06
[07:04:44 INFO] Epoch 43/50  iter 350/743  loss=0.0806  lr=9.03e-06
[07:04:57 INFO] Epoch 43/50  iter 400/743  loss=0.1612  lr=8.95e-06
[07:05:09 INFO] Epoch 43/50  iter 450/743  loss=0.1553  lr=8.87e-06
[07:05:21 INFO] Epoch 43/50  iter 500/743  loss=0.1046  lr=8.79e-06
[07:05:34 INFO] Epoch 43/50  iter 550/743  loss=0.0554  lr=8.71e-06
[07:05:46 INFO] Epoch 43/50  iter 600/743  loss=0.0655  lr=8.63e-06
[07:05:59 INFO] Epoch 43/50  iter 650/743  loss=0.0780  lr=8.55e-06
[07:06:11 INFO] Epoch 43/50  iter 700/743  loss=0.1655  lr=8.47e-06
[07:06:22 INFO] Epoch 43 complete — avg_loss=0.1335  time=184s
[07:06:35 INFO] Epoch 44/50  iter 50/743  loss=0.1926  lr=8.32e-06
[07:06:48 INFO] Epoch 44/50  iter 100/743  loss=0.0718  lr=8.24e-06
[07:07:00 INFO] Epoch 44/50  iter 150/743  loss=0.0604  lr=8.16e-06
[07:07:12 INFO] Epoch 44/50  iter 200/743  loss=0.1507  lr=8.08e-06
[07:07:25 INFO] Epoch 44/50  iter 250/743  loss=0.1259  lr=7.99e-06
[07:07:37 INFO] Epoch 44/50  iter 300/743  loss=0.2968  lr=7.91e-06
[07:07:50 INFO] Epoch 44/50  iter 350/743  loss=0.1216  lr=7.83e-06
[07:08:02 INFO] Epoch 44/50  iter 400/743  loss=0.1494  lr=7.75e-06
[07:08:14 INFO] Epoch 44/50  iter 450/743  loss=0.0852  lr=7.67e-06
[07:08:27 INFO] Epoch 44/50  iter 500/743  loss=0.0536  lr=7.59e-06
[07:08:39 INFO] Epoch 44/50  iter 550/743  loss=0.1030  lr=7.51e-06
[07:08:51 INFO] Epoch 44/50  iter 600/743  loss=0.1078  lr=7.43e-06
[07:09:04 INFO] Epoch 44/50  iter 650/743  loss=0.2896  lr=7.35e-06
[07:09:16 INFO] Epoch 44/50  iter 700/743  loss=0.1162  lr=7.27e-06
[07:09:27 INFO] Epoch 44 complete — avg_loss=0.1301  time=185s
[07:09:40 INFO] Epoch 45/50  iter 50/743  loss=0.0864  lr=7.12e-06
[07:09:53 INFO] Epoch 45/50  iter 100/743  loss=0.0693  lr=7.04e-06
[07:10:05 INFO] Epoch 45/50  iter 150/743  loss=0.0961  lr=6.96e-06
[07:10:17 INFO] Epoch 45/50  iter 200/743  loss=0.0602  lr=6.88e-06
[07:10:30 INFO] Epoch 45/50  iter 250/743  loss=0.1673  lr=6.79e-06
[07:10:42 INFO] Epoch 45/50  iter 300/743  loss=0.1568  lr=6.71e-06
[07:10:55 INFO] Epoch 45/50  iter 350/743  loss=0.0831  lr=6.63e-06
[07:11:07 INFO] Epoch 45/50  iter 400/743  loss=0.0935  lr=6.55e-06
[07:11:19 INFO] Epoch 45/50  iter 450/743  loss=0.0215  lr=6.47e-06
[07:11:32 INFO] Epoch 45/50  iter 500/743  loss=0.1407  lr=6.39e-06
[07:11:44 INFO] Epoch 45/50  iter 550/743  loss=0.0599  lr=6.31e-06
[07:11:57 INFO] Epoch 45/50  iter 600/743  loss=0.1048  lr=6.23e-06
[07:12:09 INFO] Epoch 45/50  iter 650/743  loss=0.0988  lr=6.15e-06
[07:12:21 INFO] Epoch 45/50  iter 700/743  loss=0.1096  lr=6.07e-06
[07:12:32 INFO] Epoch 45 complete — avg_loss=0.1281  time=185s
[07:13:25 INFO]   val mIoU = 0.7230
[07:13:25 INFO]   ★ New best val mIoU: 0.7230
[07:13:39 INFO] Epoch 46/50  iter 50/743  loss=0.0958  lr=5.92e-06
[07:13:51 INFO] Epoch 46/50  iter 100/743  loss=0.1123  lr=5.84e-06
[07:14:04 INFO] Epoch 46/50  iter 150/743  loss=0.0780  lr=5.76e-06
[07:14:16 INFO] Epoch 46/50  iter 200/743  loss=0.0638  lr=5.68e-06
[07:14:28 INFO] Epoch 46/50  iter 250/743  loss=0.1119  lr=5.59e-06
[07:14:41 INFO] Epoch 46/50  iter 300/743  loss=0.0857  lr=5.51e-06
[07:14:53 INFO] Epoch 46/50  iter 350/743  loss=0.3626  lr=5.43e-06
[07:15:06 INFO] Epoch 46/50  iter 400/743  loss=0.1131  lr=5.35e-06
[07:15:18 INFO] Epoch 46/50  iter 450/743  loss=0.1021  lr=5.27e-06
[07:15:30 INFO] Epoch 46/50  iter 500/743  loss=0.1410  lr=5.19e-06
[07:15:43 INFO] Epoch 46/50  iter 550/743  loss=0.0916  lr=5.11e-06
[07:15:55 INFO] Epoch 46/50  iter 600/743  loss=0.1507  lr=5.03e-06
[07:16:08 INFO] Epoch 46/50  iter 650/743  loss=0.1114  lr=4.95e-06
[07:16:20 INFO] Epoch 46/50  iter 700/743  loss=0.2350  lr=4.87e-06
[07:16:31 INFO] Epoch 46 complete — avg_loss=0.1229  time=184s
[07:16:44 INFO] Epoch 47/50  iter 50/743  loss=0.1434  lr=4.72e-06
[07:16:57 INFO] Epoch 47/50  iter 100/743  loss=0.1003  lr=4.64e-06
[07:17:09 INFO] Epoch 47/50  iter 150/743  loss=0.0860  lr=4.56e-06
[07:17:21 INFO] Epoch 47/50  iter 200/743  loss=0.1129  lr=4.48e-06
[07:17:34 INFO] Epoch 47/50  iter 250/743  loss=0.1191  lr=4.39e-06
[07:17:46 INFO] Epoch 47/50  iter 300/743  loss=0.1374  lr=4.31e-06
[07:17:59 INFO] Epoch 47/50  iter 350/743  loss=0.1234  lr=4.23e-06
[07:18:11 INFO] Epoch 47/50  iter 400/743  loss=0.1025  lr=4.15e-06
[07:18:23 INFO] Epoch 47/50  iter 450/743  loss=0.0586  lr=4.07e-06
[07:18:36 INFO] Epoch 47/50  iter 500/743  loss=0.2459  lr=3.99e-06
[07:18:48 INFO] Epoch 47/50  iter 550/743  loss=0.1214  lr=3.91e-06
[07:19:01 INFO] Epoch 47/50  iter 600/743  loss=0.1717  lr=3.83e-06
[07:19:13 INFO] Epoch 47/50  iter 650/743  loss=0.1202  lr=3.75e-06
[07:19:25 INFO] Epoch 47/50  iter 700/743  loss=0.1305  lr=3.67e-06
[07:19:36 INFO] Epoch 47 complete — avg_loss=0.1359  time=185s
[07:19:50 INFO] Epoch 48/50  iter 50/743  loss=0.1053  lr=3.52e-06
[07:20:02 INFO] Epoch 48/50  iter 100/743  loss=0.1437  lr=3.44e-06
[07:20:14 INFO] Epoch 48/50  iter 150/743  loss=0.0647  lr=3.36e-06
[07:20:27 INFO] Epoch 48/50  iter 200/743  loss=0.0954  lr=3.28e-06
[07:20:39 INFO] Epoch 48/50  iter 250/743  loss=0.0805  lr=3.19e-06
[07:20:52 INFO] Epoch 48/50  iter 300/743  loss=0.2063  lr=3.11e-06
[07:21:04 INFO] Epoch 48/50  iter 350/743  loss=0.0715  lr=3.03e-06
[07:21:16 INFO] Epoch 48/50  iter 400/743  loss=0.1231  lr=2.95e-06
[07:21:29 INFO] Epoch 48/50  iter 450/743  loss=0.0461  lr=2.87e-06
[07:21:41 INFO] Epoch 48/50  iter 500/743  loss=0.0684  lr=2.79e-06
[07:21:53 INFO] Epoch 48/50  iter 550/743  loss=0.0927  lr=2.71e-06
[07:22:06 INFO] Epoch 48/50  iter 600/743  loss=0.2068  lr=2.63e-06
[07:22:18 INFO] Epoch 48/50  iter 650/743  loss=0.1183  lr=2.55e-06
[07:22:31 INFO] Epoch 48/50  iter 700/743  loss=0.1093  lr=2.47e-06
[07:22:41 INFO] Epoch 48 complete — avg_loss=0.1302  time=185s
[07:22:55 INFO] Epoch 49/50  iter 50/743  loss=0.0593  lr=2.32e-06
[07:23:07 INFO] Epoch 49/50  iter 100/743  loss=0.1059  lr=2.24e-06
[07:23:20 INFO] Epoch 49/50  iter 150/743  loss=0.1370  lr=2.16e-06
[07:23:32 INFO] Epoch 49/50  iter 200/743  loss=0.0959  lr=2.08e-06
[07:23:44 INFO] Epoch 49/50  iter 250/743  loss=0.1559  lr=1.99e-06
[07:23:57 INFO] Epoch 49/50  iter 300/743  loss=0.0948  lr=1.91e-06
[07:24:09 INFO] Epoch 49/50  iter 350/743  loss=0.2081  lr=1.83e-06
[07:24:22 INFO] Epoch 49/50  iter 400/743  loss=0.2141  lr=1.75e-06
[07:24:34 INFO] Epoch 49/50  iter 450/743  loss=0.0469  lr=1.67e-06
[07:24:46 INFO] Epoch 49/50  iter 500/743  loss=0.1627  lr=1.59e-06
[07:24:59 INFO] Epoch 49/50  iter 550/743  loss=0.0635  lr=1.51e-06
[07:25:11 INFO] Epoch 49/50  iter 600/743  loss=0.1484  lr=1.43e-06
[07:25:24 INFO] Epoch 49/50  iter 650/743  loss=0.0831  lr=1.35e-06
[07:25:36 INFO] Epoch 49/50  iter 700/743  loss=0.1427  lr=1.27e-06
[07:25:47 INFO] Epoch 49 complete — avg_loss=0.1250  time=185s
[07:26:00 INFO] Epoch 50/50  iter 50/743  loss=0.1296  lr=1.12e-06
[07:26:13 INFO] Epoch 50/50  iter 100/743  loss=0.0782  lr=1.04e-06
[07:26:25 INFO] Epoch 50/50  iter 150/743  loss=0.1065  lr=9.56e-07
[07:26:37 INFO] Epoch 50/50  iter 200/743  loss=0.1587  lr=8.75e-07
[07:26:50 INFO] Epoch 50/50  iter 250/743  loss=0.1173  lr=7.95e-07
[07:27:02 INFO] Epoch 50/50  iter 300/743  loss=0.1429  lr=7.14e-07
[07:27:15 INFO] Epoch 50/50  iter 350/743  loss=0.1375  lr=6.33e-07
[07:27:27 INFO] Epoch 50/50  iter 400/743  loss=0.1349  lr=5.52e-07
[07:27:39 INFO] Epoch 50/50  iter 450/743  loss=0.0717  lr=4.72e-07
[07:27:52 INFO] Epoch 50/50  iter 500/743  loss=0.1085  lr=3.91e-07
[07:28:04 INFO] Epoch 50/50  iter 550/743  loss=0.1025  lr=3.10e-07
[07:28:16 INFO] Epoch 50/50  iter 600/743  loss=0.1534  lr=2.29e-07
[07:28:29 INFO] Epoch 50/50  iter 650/743  loss=0.0807  lr=1.49e-07
[07:28:41 INFO] Epoch 50/50  iter 700/743  loss=0.1269  lr=6.78e-08
[07:28:52 INFO] Epoch 50 complete — avg_loss=0.1270  time=185s
[07:29:45 INFO]   val mIoU = 0.7245
[07:29:46 INFO]   ★ New best val mIoU: 0.7245
[07:29:46 INFO] Training complete. Best val mIoU = 0.7245
