[03:48:11 INFO] Device: cuda
[03:48:13 INFO] Using mixed fog cache (random per sample): [PosixPath('data/fog_cache/depthaware_b0005'), PosixPath('data/fog_cache/depthaware_b001'), PosixPath('data/fog_cache/depthaware_b002')]
[03:48:13 INFO] fog_prob: 0.3
[03:48:15 INFO] Train: 2975 samples  |  Val: 500 samples
[03:48:29 INFO] Epoch 1/50  iter 50/743  loss=1.1591  lr=5.99e-05
[03:48:42 INFO] Epoch 1/50  iter 100/743  loss=0.7693  lr=5.98e-05
[03:48:56 INFO] Epoch 1/50  iter 150/743  loss=0.6058  lr=5.98e-05
[03:49:09 INFO] Epoch 1/50  iter 200/743  loss=0.4358  lr=5.97e-05
[03:49:22 INFO] Epoch 1/50  iter 250/743  loss=0.2671  lr=5.96e-05
[03:49:36 INFO] Epoch 1/50  iter 300/743  loss=0.1878  lr=5.95e-05
[03:49:49 INFO] Epoch 1/50  iter 350/743  loss=0.3242  lr=5.94e-05
[03:50:02 INFO] Epoch 1/50  iter 400/743  loss=0.3649  lr=5.94e-05
[03:50:16 INFO] Epoch 1/50  iter 450/743  loss=0.3651  lr=5.93e-05
[03:50:29 INFO] Epoch 1/50  iter 500/743  loss=0.3184  lr=5.92e-05
[03:50:43 INFO] Epoch 1/50  iter 550/743  loss=1.3521  lr=5.91e-05
[03:50:56 INFO] Epoch 1/50  iter 600/743  loss=0.3959  lr=5.90e-05
[03:51:09 INFO] Epoch 1/50  iter 650/743  loss=0.1329  lr=5.89e-05
[03:51:23 INFO] Epoch 1/50  iter 700/743  loss=0.5468  lr=5.89e-05
[03:51:34 INFO] Epoch 1 complete — avg_loss=0.6482  time=200s
[03:51:49 INFO] Epoch 2/50  iter 50/743  loss=0.4049  lr=5.87e-05
[03:52:02 INFO] Epoch 2/50  iter 100/743  loss=0.2144  lr=5.86e-05
[03:52:16 INFO] Epoch 2/50  iter 150/743  loss=0.1762  lr=5.86e-05
[03:52:29 INFO] Epoch 2/50  iter 200/743  loss=0.5241  lr=5.85e-05
[03:52:42 INFO] Epoch 2/50  iter 250/743  loss=0.3088  lr=5.84e-05
[03:52:56 INFO] Epoch 2/50  iter 300/743  loss=0.3402  lr=5.83e-05
[03:53:09 INFO] Epoch 2/50  iter 350/743  loss=0.1772  lr=5.82e-05
[03:53:22 INFO] Epoch 2/50  iter 400/743  loss=0.2176  lr=5.82e-05
[03:53:36 INFO] Epoch 2/50  iter 450/743  loss=0.2006  lr=5.81e-05
[03:53:49 INFO] Epoch 2/50  iter 500/743  loss=0.2719  lr=5.80e-05
[03:54:03 INFO] Epoch 2/50  iter 550/743  loss=0.2980  lr=5.79e-05
[03:54:16 INFO] Epoch 2/50  iter 600/743  loss=0.5571  lr=5.78e-05
[03:54:29 INFO] Epoch 2/50  iter 650/743  loss=0.4749  lr=5.77e-05
[03:54:43 INFO] Epoch 2/50  iter 700/743  loss=0.2219  lr=5.77e-05
[03:54:54 INFO] Epoch 2 complete — avg_loss=0.3422  time=199s
[03:55:09 INFO] Epoch 3/50  iter 50/743  loss=0.2942  lr=5.75e-05
[03:55:22 INFO] Epoch 3/50  iter 100/743  loss=0.6154  lr=5.74e-05
[03:55:35 INFO] Epoch 3/50  iter 150/743  loss=0.3619  lr=5.74e-05
[03:55:49 INFO] Epoch 3/50  iter 200/743  loss=0.1067  lr=5.73e-05
[03:56:02 INFO] Epoch 3/50  iter 250/743  loss=0.2870  lr=5.72e-05
[03:56:16 INFO] Epoch 3/50  iter 300/743  loss=0.2178  lr=5.71e-05
[03:56:29 INFO] Epoch 3/50  iter 350/743  loss=0.3384  lr=5.70e-05
[03:56:42 INFO] Epoch 3/50  iter 400/743  loss=0.0785  lr=5.70e-05
[03:56:56 INFO] Epoch 3/50  iter 450/743  loss=0.3417  lr=5.69e-05
[03:57:09 INFO] Epoch 3/50  iter 500/743  loss=0.7521  lr=5.68e-05
[03:57:22 INFO] Epoch 3/50  iter 550/743  loss=0.2813  lr=5.67e-05
[03:57:36 INFO] Epoch 3/50  iter 600/743  loss=0.1838  lr=5.66e-05
[03:57:49 INFO] Epoch 3/50  iter 650/743  loss=0.2918  lr=5.65e-05
[03:58:03 INFO] Epoch 3/50  iter 700/743  loss=0.2407  lr=5.65e-05
[03:58:14 INFO] Epoch 3 complete — avg_loss=0.3085  time=199s
[03:58:29 INFO] Epoch 4/50  iter 50/743  loss=0.2006  lr=5.63e-05
[03:58:42 INFO] Epoch 4/50  iter 100/743  loss=0.1546  lr=5.62e-05
[03:58:55 INFO] Epoch 4/50  iter 150/743  loss=0.5181  lr=5.62e-05
[03:59:09 INFO] Epoch 4/50  iter 200/743  loss=0.1676  lr=5.61e-05
[03:59:22 INFO] Epoch 4/50  iter 250/743  loss=0.2986  lr=5.60e-05
[03:59:36 INFO] Epoch 4/50  iter 300/743  loss=0.1230  lr=5.59e-05
[03:59:49 INFO] Epoch 4/50  iter 350/743  loss=0.0928  lr=5.58e-05
[04:00:02 INFO] Epoch 4/50  iter 400/743  loss=0.2661  lr=5.58e-05
[04:00:16 INFO] Epoch 4/50  iter 450/743  loss=0.1616  lr=5.57e-05
[04:00:29 INFO] Epoch 4/50  iter 500/743  loss=0.2080  lr=5.56e-05
[04:00:43 INFO] Epoch 4/50  iter 550/743  loss=0.4415  lr=5.55e-05
[04:00:56 INFO] Epoch 4/50  iter 600/743  loss=0.1913  lr=5.54e-05
[04:01:09 INFO] Epoch 4/50  iter 650/743  loss=0.1338  lr=5.53e-05
[04:01:23 INFO] Epoch 4/50  iter 700/743  loss=0.1828  lr=5.53e-05
[04:01:34 INFO] Epoch 4 complete — avg_loss=0.2694  time=199s
[04:01:49 INFO] Epoch 5/50  iter 50/743  loss=0.1426  lr=5.51e-05
[04:02:02 INFO] Epoch 5/50  iter 100/743  loss=0.2100  lr=5.50e-05
[04:02:15 INFO] Epoch 5/50  iter 150/743  loss=0.2732  lr=5.50e-05
[04:02:29 INFO] Epoch 5/50  iter 200/743  loss=0.2575  lr=5.49e-05
[04:02:42 INFO] Epoch 5/50  iter 250/743  loss=0.1013  lr=5.48e-05
[04:02:56 INFO] Epoch 5/50  iter 300/743  loss=0.2219  lr=5.47e-05
[04:03:09 INFO] Epoch 5/50  iter 350/743  loss=0.2086  lr=5.46e-05
[04:03:22 INFO] Epoch 5/50  iter 400/743  loss=0.2842  lr=5.46e-05
[04:03:36 INFO] Epoch 5/50  iter 450/743  loss=0.1668  lr=5.45e-05
[04:03:49 INFO] Epoch 5/50  iter 500/743  loss=0.0361  lr=5.44e-05
[04:04:03 INFO] Epoch 5/50  iter 550/743  loss=0.2489  lr=5.43e-05
[04:04:16 INFO] Epoch 5/50  iter 600/743  loss=0.2607  lr=5.42e-05
[04:04:29 INFO] Epoch 5/50  iter 650/743  loss=0.6879  lr=5.41e-05
[04:04:43 INFO] Epoch 5/50  iter 700/743  loss=0.1081  lr=5.41e-05
[04:04:54 INFO] Epoch 5 complete — avg_loss=0.2512  time=199s
[04:06:47 INFO]   val mIoU = 0.6238
[04:06:48 INFO]   ★ New best val mIoU: 0.6238
[04:07:03 INFO] Epoch 6/50  iter 50/743  loss=0.2555  lr=5.39e-05
[04:07:16 INFO] Epoch 6/50  iter 100/743  loss=0.1214  lr=5.38e-05
[04:07:29 INFO] Epoch 6/50  iter 150/743  loss=0.2173  lr=5.38e-05
[04:07:43 INFO] Epoch 6/50  iter 200/743  loss=0.0712  lr=5.37e-05
[04:07:56 INFO] Epoch 6/50  iter 250/743  loss=0.3597  lr=5.36e-05
[04:08:10 INFO] Epoch 6/50  iter 300/743  loss=0.3299  lr=5.35e-05
[04:08:23 INFO] Epoch 6/50  iter 350/743  loss=0.1214  lr=5.34e-05
[04:08:36 INFO] Epoch 6/50  iter 400/743  loss=0.1536  lr=5.34e-05
[04:08:50 INFO] Epoch 6/50  iter 450/743  loss=0.1688  lr=5.33e-05
[04:09:03 INFO] Epoch 6/50  iter 500/743  loss=0.2616  lr=5.32e-05
[04:09:16 INFO] Epoch 6/50  iter 550/743  loss=0.2692  lr=5.31e-05
[04:09:30 INFO] Epoch 6/50  iter 600/743  loss=0.1860  lr=5.30e-05
[04:09:43 INFO] Epoch 6/50  iter 650/743  loss=0.1499  lr=5.29e-05
[04:09:57 INFO] Epoch 6/50  iter 700/743  loss=0.0985  lr=5.29e-05
[04:10:08 INFO] Epoch 6 complete — avg_loss=0.2227  time=199s
[04:10:23 INFO] Epoch 7/50  iter 50/743  loss=0.2403  lr=5.27e-05
[04:10:36 INFO] Epoch 7/50  iter 100/743  loss=0.2781  lr=5.26e-05
[04:10:49 INFO] Epoch 7/50  iter 150/743  loss=0.2000  lr=5.26e-05
[04:11:03 INFO] Epoch 7/50  iter 200/743  loss=0.3167  lr=5.25e-05
[04:11:16 INFO] Epoch 7/50  iter 250/743  loss=0.5864  lr=5.24e-05
[04:11:30 INFO] Epoch 7/50  iter 300/743  loss=0.1142  lr=5.23e-05
[04:11:43 INFO] Epoch 7/50  iter 350/743  loss=0.1119  lr=5.22e-05
[04:11:56 INFO] Epoch 7/50  iter 400/743  loss=0.1772  lr=5.22e-05
[04:12:10 INFO] Epoch 7/50  iter 450/743  loss=0.5538  lr=5.21e-05
[04:12:23 INFO] Epoch 7/50  iter 500/743  loss=0.1879  lr=5.20e-05
[04:12:37 INFO] Epoch 7/50  iter 550/743  loss=0.1323  lr=5.19e-05
[04:12:50 INFO] Epoch 7/50  iter 600/743  loss=0.1860  lr=5.18e-05
[04:13:03 INFO] Epoch 7/50  iter 650/743  loss=0.0984  lr=5.17e-05
[04:13:17 INFO] Epoch 7/50  iter 700/743  loss=0.3132  lr=5.17e-05
[04:13:28 INFO] Epoch 7 complete — avg_loss=0.2261  time=200s
[04:13:43 INFO] Epoch 8/50  iter 50/743  loss=0.0712  lr=5.15e-05
[04:13:56 INFO] Epoch 8/50  iter 100/743  loss=0.2081  lr=5.14e-05
[04:14:10 INFO] Epoch 8/50  iter 150/743  loss=0.1800  lr=5.14e-05
[04:14:23 INFO] Epoch 8/50  iter 200/743  loss=0.1356  lr=5.13e-05
[04:14:37 INFO] Epoch 8/50  iter 250/743  loss=0.1752  lr=5.12e-05
[04:14:50 INFO] Epoch 8/50  iter 300/743  loss=0.1044  lr=5.11e-05
[04:15:03 INFO] Epoch 8/50  iter 350/743  loss=0.1676  lr=5.10e-05
[04:15:17 INFO] Epoch 8/50  iter 400/743  loss=0.1968  lr=5.10e-05
[04:15:30 INFO] Epoch 8/50  iter 450/743  loss=0.1144  lr=5.09e-05
[04:15:44 INFO] Epoch 8/50  iter 500/743  loss=0.2260  lr=5.08e-05
[04:15:57 INFO] Epoch 8/50  iter 550/743  loss=0.2763  lr=5.07e-05
[04:16:10 INFO] Epoch 8/50  iter 600/743  loss=0.1446  lr=5.06e-05
[04:16:24 INFO] Epoch 8/50  iter 650/743  loss=0.1708  lr=5.05e-05
[04:16:37 INFO] Epoch 8/50  iter 700/743  loss=0.1738  lr=5.05e-05
[04:16:49 INFO] Epoch 8 complete — avg_loss=0.2170  time=200s
[04:17:03 INFO] Epoch 9/50  iter 50/743  loss=0.1138  lr=5.03e-05
[04:17:17 INFO] Epoch 9/50  iter 100/743  loss=0.1969  lr=5.02e-05
[04:17:30 INFO] Epoch 9/50  iter 150/743  loss=0.1191  lr=5.02e-05
[04:17:43 INFO] Epoch 9/50  iter 200/743  loss=0.0994  lr=5.01e-05
[04:17:57 INFO] Epoch 9/50  iter 250/743  loss=0.2703  lr=5.00e-05
[04:18:10 INFO] Epoch 9/50  iter 300/743  loss=0.1116  lr=4.99e-05
[04:18:24 INFO] Epoch 9/50  iter 350/743  loss=0.1304  lr=4.98e-05
[04:18:37 INFO] Epoch 9/50  iter 400/743  loss=0.2195  lr=4.98e-05
[04:18:50 INFO] Epoch 9/50  iter 450/743  loss=0.1380  lr=4.97e-05
[04:19:04 INFO] Epoch 9/50  iter 500/743  loss=0.1951  lr=4.96e-05
[04:19:17 INFO] Epoch 9/50  iter 550/743  loss=0.6319  lr=4.95e-05
[04:19:31 INFO] Epoch 9/50  iter 600/743  loss=0.2077  lr=4.94e-05
[04:19:44 INFO] Epoch 9/50  iter 650/743  loss=0.1293  lr=4.93e-05
[04:19:57 INFO] Epoch 9/50  iter 700/743  loss=0.0454  lr=4.93e-05
[04:20:09 INFO] Epoch 9 complete — avg_loss=0.2057  time=200s
[04:20:24 INFO] Epoch 10/50  iter 50/743  loss=0.2984  lr=4.91e-05
[04:20:37 INFO] Epoch 10/50  iter 100/743  loss=0.1241  lr=4.90e-05
[04:20:50 INFO] Epoch 10/50  iter 150/743  loss=0.1234  lr=4.90e-05
[04:21:04 INFO] Epoch 10/50  iter 200/743  loss=0.2491  lr=4.89e-05
[04:21:17 INFO] Epoch 10/50  iter 250/743  loss=0.1191  lr=4.88e-05
[04:21:31 INFO] Epoch 10/50  iter 300/743  loss=0.1011  lr=4.87e-05
[04:21:44 INFO] Epoch 10/50  iter 350/743  loss=0.2712  lr=4.86e-05
[04:21:57 INFO] Epoch 10/50  iter 400/743  loss=0.2876  lr=4.86e-05
[04:22:11 INFO] Epoch 10/50  iter 450/743  loss=0.2431  lr=4.85e-05
[04:22:24 INFO] Epoch 10/50  iter 500/743  loss=0.2114  lr=4.84e-05
[04:22:38 INFO] Epoch 10/50  iter 550/743  loss=0.2072  lr=4.83e-05
[04:22:51 INFO] Epoch 10/50  iter 600/743  loss=0.2114  lr=4.82e-05
[04:23:04 INFO] Epoch 10/50  iter 650/743  loss=0.4226  lr=4.81e-05
[04:23:18 INFO] Epoch 10/50  iter 700/743  loss=0.1648  lr=4.81e-05
[04:23:29 INFO] Epoch 10 complete — avg_loss=0.2089  time=200s
[04:25:29 INFO]   val mIoU = 0.6979
[04:25:29 INFO]   ★ New best val mIoU: 0.6979
[04:25:44 INFO] Epoch 11/50  iter 50/743  loss=0.1849  lr=4.79e-05
[04:25:57 INFO] Epoch 11/50  iter 100/743  loss=0.2710  lr=4.78e-05
[04:26:11 INFO] Epoch 11/50  iter 150/743  loss=0.1469  lr=4.78e-05
[04:26:24 INFO] Epoch 11/50  iter 200/743  loss=0.1733  lr=4.77e-05
[04:26:37 INFO] Epoch 11/50  iter 250/743  loss=0.1595  lr=4.76e-05
[04:26:51 INFO] Epoch 11/50  iter 300/743  loss=0.3251  lr=4.75e-05
[04:27:04 INFO] Epoch 11/50  iter 350/743  loss=0.1758  lr=4.74e-05
[04:27:18 INFO] Epoch 11/50  iter 400/743  loss=0.1765  lr=4.74e-05
[04:27:31 INFO] Epoch 11/50  iter 450/743  loss=0.3211  lr=4.73e-05
[04:27:44 INFO] Epoch 11/50  iter 500/743  loss=0.1849  lr=4.72e-05
[04:27:58 INFO] Epoch 11/50  iter 550/743  loss=0.7803  lr=4.71e-05
[04:28:11 INFO] Epoch 11/50  iter 600/743  loss=0.1005  lr=4.70e-05
[04:28:25 INFO] Epoch 11/50  iter 650/743  loss=0.2226  lr=4.69e-05
[04:28:38 INFO] Epoch 11/50  iter 700/743  loss=0.3821  lr=4.69e-05
[04:28:49 INFO] Epoch 11 complete — avg_loss=0.1887  time=199s
[04:29:04 INFO] Epoch 12/50  iter 50/743  loss=0.1595  lr=4.67e-05
[04:29:18 INFO] Epoch 12/50  iter 100/743  loss=0.1744  lr=4.66e-05
[04:29:31 INFO] Epoch 12/50  iter 150/743  loss=0.3679  lr=4.66e-05
[04:29:45 INFO] Epoch 12/50  iter 200/743  loss=0.1518  lr=4.65e-05
[04:29:58 INFO] Epoch 12/50  iter 250/743  loss=0.0486  lr=4.64e-05
[04:30:12 INFO] Epoch 12/50  iter 300/743  loss=0.1375  lr=4.63e-05
[04:30:25 INFO] Epoch 12/50  iter 350/743  loss=0.2884  lr=4.62e-05
[04:30:39 INFO] Epoch 12/50  iter 400/743  loss=0.1243  lr=4.62e-05
[04:30:52 INFO] Epoch 12/50  iter 450/743  loss=0.1879  lr=4.61e-05
[04:31:06 INFO] Epoch 12/50  iter 500/743  loss=0.2997  lr=4.60e-05
[04:31:19 INFO] Epoch 12/50  iter 550/743  loss=0.1977  lr=4.59e-05
[04:31:33 INFO] Epoch 12/50  iter 600/743  loss=0.1472  lr=4.58e-05
[04:31:46 INFO] Epoch 12/50  iter 650/743  loss=0.1526  lr=4.57e-05
[04:32:00 INFO] Epoch 12/50  iter 700/743  loss=0.1665  lr=4.57e-05
[04:32:11 INFO] Epoch 12 complete — avg_loss=0.1963  time=201s
[04:32:26 INFO] Epoch 13/50  iter 50/743  loss=0.2755  lr=4.55e-05
[04:32:39 INFO] Epoch 13/50  iter 100/743  loss=0.2460  lr=4.54e-05
[04:32:53 INFO] Epoch 13/50  iter 150/743  loss=0.2466  lr=4.54e-05
[04:33:06 INFO] Epoch 13/50  iter 200/743  loss=0.1030  lr=4.53e-05
[04:33:20 INFO] Epoch 13/50  iter 250/743  loss=0.2582  lr=4.52e-05
[04:33:33 INFO] Epoch 13/50  iter 300/743  loss=0.1211  lr=4.51e-05
[04:33:47 INFO] Epoch 13/50  iter 350/743  loss=0.1800  lr=4.50e-05
[04:34:00 INFO] Epoch 13/50  iter 400/743  loss=0.2904  lr=4.50e-05
[04:34:14 INFO] Epoch 13/50  iter 450/743  loss=0.2080  lr=4.49e-05
[04:34:27 INFO] Epoch 13/50  iter 500/743  loss=0.2888  lr=4.48e-05
[04:34:41 INFO] Epoch 13/50  iter 550/743  loss=0.0829  lr=4.47e-05
[04:34:54 INFO] Epoch 13/50  iter 600/743  loss=0.1197  lr=4.46e-05
[04:35:08 INFO] Epoch 13/50  iter 650/743  loss=0.1921  lr=4.45e-05
[04:35:21 INFO] Epoch 13/50  iter 700/743  loss=0.1282  lr=4.45e-05
[04:35:33 INFO] Epoch 13 complete — avg_loss=0.1884  time=201s
[04:35:48 INFO] Epoch 14/50  iter 50/743  loss=0.1527  lr=4.43e-05
[04:36:01 INFO] Epoch 14/50  iter 100/743  loss=0.0907  lr=4.42e-05
[04:36:15 INFO] Epoch 14/50  iter 150/743  loss=0.0591  lr=4.42e-05
[04:36:28 INFO] Epoch 14/50  iter 200/743  loss=0.1080  lr=4.41e-05
[04:36:41 INFO] Epoch 14/50  iter 250/743  loss=0.1558  lr=4.40e-05
[04:36:55 INFO] Epoch 14/50  iter 300/743  loss=0.1420  lr=4.39e-05
[04:37:08 INFO] Epoch 14/50  iter 350/743  loss=0.1565  lr=4.38e-05
[04:37:22 INFO] Epoch 14/50  iter 400/743  loss=0.0838  lr=4.38e-05
[04:37:35 INFO] Epoch 14/50  iter 450/743  loss=0.2513  lr=4.37e-05
[04:37:49 INFO] Epoch 14/50  iter 500/743  loss=0.2183  lr=4.36e-05
[04:38:02 INFO] Epoch 14/50  iter 550/743  loss=0.0786  lr=4.35e-05
[04:38:16 INFO] Epoch 14/50  iter 600/743  loss=0.1050  lr=4.34e-05
[04:38:29 INFO] Epoch 14/50  iter 650/743  loss=0.1707  lr=4.33e-05
[04:38:43 INFO] Epoch 14/50  iter 700/743  loss=0.1104  lr=4.33e-05
[04:38:55 INFO] Epoch 14 complete — avg_loss=0.1798  time=201s
[04:39:09 INFO] Epoch 15/50  iter 50/743  loss=0.0777  lr=4.31e-05
[04:39:23 INFO] Epoch 15/50  iter 100/743  loss=0.1391  lr=4.30e-05
[04:39:36 INFO] Epoch 15/50  iter 150/743  loss=0.1394  lr=4.30e-05
[04:39:49 INFO] Epoch 15/50  iter 200/743  loss=0.1313  lr=4.29e-05
[04:40:03 INFO] Epoch 15/50  iter 250/743  loss=0.1344  lr=4.28e-05
[04:40:16 INFO] Epoch 15/50  iter 300/743  loss=0.2835  lr=4.27e-05
[04:40:29 INFO] Epoch 15/50  iter 350/743  loss=0.2029  lr=4.26e-05
[04:40:43 INFO] Epoch 15/50  iter 400/743  loss=0.2262  lr=4.26e-05
[04:40:56 INFO] Epoch 15/50  iter 450/743  loss=0.2257  lr=4.25e-05
[04:41:10 INFO] Epoch 15/50  iter 500/743  loss=0.1225  lr=4.24e-05
[04:41:23 INFO] Epoch 15/50  iter 550/743  loss=0.1539  lr=4.23e-05
[04:41:36 INFO] Epoch 15/50  iter 600/743  loss=0.2051  lr=4.22e-05
[04:41:50 INFO] Epoch 15/50  iter 650/743  loss=0.1182  lr=4.21e-05
[04:42:03 INFO] Epoch 15/50  iter 700/743  loss=0.1666  lr=4.21e-05
[04:42:15 INFO] Epoch 15 complete — avg_loss=0.1763  time=200s
[04:44:15 INFO]   val mIoU = 0.7102
[04:44:16 INFO]   ★ New best val mIoU: 0.7102
[04:44:30 INFO] Epoch 16/50  iter 50/743  loss=0.1258  lr=4.19e-05
[04:44:44 INFO] Epoch 16/50  iter 100/743  loss=0.2041  lr=4.18e-05
[04:44:57 INFO] Epoch 16/50  iter 150/743  loss=0.0580  lr=4.18e-05
[04:45:10 INFO] Epoch 16/50  iter 200/743  loss=0.1620  lr=4.17e-05
[04:45:24 INFO] Epoch 16/50  iter 250/743  loss=0.2718  lr=4.16e-05
[04:45:37 INFO] Epoch 16/50  iter 300/743  loss=0.1097  lr=4.15e-05
[04:45:50 INFO] Epoch 16/50  iter 350/743  loss=0.1711  lr=4.14e-05
[04:46:04 INFO] Epoch 16/50  iter 400/743  loss=0.2622  lr=4.14e-05
[04:46:17 INFO] Epoch 16/50  iter 450/743  loss=0.0996  lr=4.13e-05
[04:46:31 INFO] Epoch 16/50  iter 500/743  loss=0.0747  lr=4.12e-05
[04:46:44 INFO] Epoch 16/50  iter 550/743  loss=0.0949  lr=4.11e-05
[04:46:57 INFO] Epoch 16/50  iter 600/743  loss=0.0728  lr=4.10e-05
[04:47:11 INFO] Epoch 16/50  iter 650/743  loss=0.2185  lr=4.09e-05
[04:47:24 INFO] Epoch 16/50  iter 700/743  loss=0.1440  lr=4.09e-05
[04:47:36 INFO] Epoch 16 complete — avg_loss=0.1755  time=199s
[04:47:50 INFO] Epoch 17/50  iter 50/743  loss=0.0573  lr=4.07e-05
[04:48:04 INFO] Epoch 17/50  iter 100/743  loss=0.1437  lr=4.06e-05
[04:48:17 INFO] Epoch 17/50  iter 150/743  loss=0.1399  lr=4.06e-05
[04:48:31 INFO] Epoch 17/50  iter 200/743  loss=0.1408  lr=4.05e-05
[04:48:44 INFO] Epoch 17/50  iter 250/743  loss=0.2379  lr=4.04e-05
[04:48:58 INFO] Epoch 17/50  iter 300/743  loss=0.1170  lr=4.03e-05
[04:49:11 INFO] Epoch 17/50  iter 350/743  loss=0.0491  lr=4.02e-05
[04:49:25 INFO] Epoch 17/50  iter 400/743  loss=0.1383  lr=4.02e-05
[04:49:38 INFO] Epoch 17/50  iter 450/743  loss=0.2519  lr=4.01e-05
[04:49:52 INFO] Epoch 17/50  iter 500/743  loss=0.2188  lr=4.00e-05
[04:50:05 INFO] Epoch 17/50  iter 550/743  loss=0.1684  lr=3.99e-05
[04:50:19 INFO] Epoch 17/50  iter 600/743  loss=0.1741  lr=3.98e-05
[04:50:32 INFO] Epoch 17/50  iter 650/743  loss=0.2197  lr=3.97e-05
[04:50:46 INFO] Epoch 17/50  iter 700/743  loss=0.1097  lr=3.97e-05
[04:50:57 INFO] Epoch 17 complete — avg_loss=0.1653  time=201s
[04:51:12 INFO] Epoch 18/50  iter 50/743  loss=0.1853  lr=3.95e-05
[04:51:25 INFO] Epoch 18/50  iter 100/743  loss=0.1515  lr=3.94e-05
[04:51:39 INFO] Epoch 18/50  iter 150/743  loss=0.1466  lr=3.94e-05
[04:51:52 INFO] Epoch 18/50  iter 200/743  loss=0.1177  lr=3.93e-05
[04:52:06 INFO] Epoch 18/50  iter 250/743  loss=0.1601  lr=3.92e-05
[04:52:19 INFO] Epoch 18/50  iter 300/743  loss=0.3561  lr=3.91e-05
[04:52:33 INFO] Epoch 18/50  iter 350/743  loss=0.1461  lr=3.90e-05
[04:52:46 INFO] Epoch 18/50  iter 400/743  loss=0.1338  lr=3.90e-05
[04:53:00 INFO] Epoch 18/50  iter 450/743  loss=0.2418  lr=3.89e-05
[04:53:13 INFO] Epoch 18/50  iter 500/743  loss=0.1353  lr=3.88e-05
[04:53:27 INFO] Epoch 18/50  iter 550/743  loss=0.1487  lr=3.87e-05
[04:53:40 INFO] Epoch 18/50  iter 600/743  loss=0.1450  lr=3.86e-05
[04:53:54 INFO] Epoch 18/50  iter 650/743  loss=0.1657  lr=3.85e-05
[04:54:07 INFO] Epoch 18/50  iter 700/743  loss=0.2606  lr=3.85e-05
[04:54:19 INFO] Epoch 18 complete — avg_loss=0.1606  time=201s
[04:54:34 INFO] Epoch 19/50  iter 50/743  loss=0.1469  lr=3.83e-05
[04:54:47 INFO] Epoch 19/50  iter 100/743  loss=0.2649  lr=3.82e-05
[04:55:01 INFO] Epoch 19/50  iter 150/743  loss=0.1826  lr=3.82e-05
[04:55:14 INFO] Epoch 19/50  iter 200/743  loss=0.5561  lr=3.81e-05
[04:55:27 INFO] Epoch 19/50  iter 250/743  loss=0.1794  lr=3.80e-05
[04:55:41 INFO] Epoch 19/50  iter 300/743  loss=0.1350  lr=3.79e-05
[04:55:54 INFO] Epoch 19/50  iter 350/743  loss=0.1050  lr=3.78e-05
[04:56:08 INFO] Epoch 19/50  iter 400/743  loss=0.1710  lr=3.78e-05
[04:56:21 INFO] Epoch 19/50  iter 450/743  loss=0.1898  lr=3.77e-05
[04:56:35 INFO] Epoch 19/50  iter 500/743  loss=0.1359  lr=3.76e-05
[04:56:48 INFO] Epoch 19/50  iter 550/743  loss=0.1265  lr=3.75e-05
[04:57:02 INFO] Epoch 19/50  iter 600/743  loss=0.1505  lr=3.74e-05
[04:57:15 INFO] Epoch 19/50  iter 650/743  loss=0.2480  lr=3.73e-05
[04:57:29 INFO] Epoch 19/50  iter 700/743  loss=0.0898  lr=3.73e-05
[04:57:40 INFO] Epoch 19 complete — avg_loss=0.1644  time=201s
[04:57:55 INFO] Epoch 20/50  iter 50/743  loss=0.2542  lr=3.71e-05
[04:58:09 INFO] Epoch 20/50  iter 100/743  loss=0.1348  lr=3.70e-05
[04:58:22 INFO] Epoch 20/50  iter 150/743  loss=0.0708  lr=3.70e-05
[04:58:35 INFO] Epoch 20/50  iter 200/743  loss=0.1240  lr=3.69e-05
[04:58:49 INFO] Epoch 20/50  iter 250/743  loss=0.0854  lr=3.68e-05
[04:59:02 INFO] Epoch 20/50  iter 300/743  loss=0.1646  lr=3.67e-05
[04:59:16 INFO] Epoch 20/50  iter 350/743  loss=0.1178  lr=3.66e-05
[04:59:29 INFO] Epoch 20/50  iter 400/743  loss=0.1071  lr=3.66e-05
[04:59:43 INFO] Epoch 20/50  iter 450/743  loss=0.1435  lr=3.65e-05
[04:59:56 INFO] Epoch 20/50  iter 500/743  loss=0.1797  lr=3.64e-05
[05:00:10 INFO] Epoch 20/50  iter 550/743  loss=0.1640  lr=3.63e-05
[05:00:23 INFO] Epoch 20/50  iter 600/743  loss=0.1466  lr=3.62e-05
[05:00:37 INFO] Epoch 20/50  iter 650/743  loss=0.1764  lr=3.61e-05
[05:00:50 INFO] Epoch 20/50  iter 700/743  loss=0.1338  lr=3.61e-05
[05:01:02 INFO] Epoch 20 complete — avg_loss=0.1563  time=201s
[05:03:03 INFO]   val mIoU = 0.7406
[05:03:04 INFO]   ★ New best val mIoU: 0.7406
[05:03:19 INFO] Epoch 21/50  iter 50/743  loss=0.0702  lr=3.59e-05
[05:03:32 INFO] Epoch 21/50  iter 100/743  loss=0.2202  lr=3.58e-05
[05:03:45 INFO] Epoch 21/50  iter 150/743  loss=0.2280  lr=3.58e-05
[05:03:59 INFO] Epoch 21/50  iter 200/743  loss=0.1561  lr=3.57e-05
[05:04:12 INFO] Epoch 21/50  iter 250/743  loss=0.2221  lr=3.56e-05
[05:04:25 INFO] Epoch 21/50  iter 300/743  loss=0.1280  lr=3.55e-05
[05:04:39 INFO] Epoch 21/50  iter 350/743  loss=0.1950  lr=3.54e-05
[05:04:52 INFO] Epoch 21/50  iter 400/743  loss=0.1961  lr=3.54e-05
[05:05:05 INFO] Epoch 21/50  iter 450/743  loss=0.2273  lr=3.53e-05
[05:05:19 INFO] Epoch 21/50  iter 500/743  loss=0.0552  lr=3.52e-05
[05:05:32 INFO] Epoch 21/50  iter 550/743  loss=0.1613  lr=3.51e-05
[05:05:46 INFO] Epoch 21/50  iter 600/743  loss=0.0769  lr=3.50e-05
[05:05:59 INFO] Epoch 21/50  iter 650/743  loss=0.1606  lr=3.49e-05
[05:06:12 INFO] Epoch 21/50  iter 700/743  loss=0.0479  lr=3.49e-05
[05:06:24 INFO] Epoch 21 complete — avg_loss=0.1604  time=199s
[05:06:39 INFO] Epoch 22/50  iter 50/743  loss=0.0764  lr=3.47e-05
[05:06:52 INFO] Epoch 22/50  iter 100/743  loss=0.2263  lr=3.46e-05
[05:07:06 INFO] Epoch 22/50  iter 150/743  loss=0.1667  lr=3.46e-05
[05:07:19 INFO] Epoch 22/50  iter 200/743  loss=0.0892  lr=3.45e-05
[05:07:33 INFO] Epoch 22/50  iter 250/743  loss=0.0753  lr=3.44e-05
[05:07:46 INFO] Epoch 22/50  iter 300/743  loss=0.1015  lr=3.43e-05
[05:07:59 INFO] Epoch 22/50  iter 350/743  loss=0.1586  lr=3.42e-05
[05:08:13 INFO] Epoch 22/50  iter 400/743  loss=0.1132  lr=3.42e-05
[05:08:26 INFO] Epoch 22/50  iter 450/743  loss=0.1782  lr=3.41e-05
[05:08:40 INFO] Epoch 22/50  iter 500/743  loss=0.1545  lr=3.40e-05
[05:08:53 INFO] Epoch 22/50  iter 550/743  loss=0.1462  lr=3.39e-05
[05:09:07 INFO] Epoch 22/50  iter 600/743  loss=0.0971  lr=3.38e-05
[05:09:20 INFO] Epoch 22/50  iter 650/743  loss=0.1010  lr=3.37e-05
[05:09:34 INFO] Epoch 22/50  iter 700/743  loss=0.0952  lr=3.37e-05
[05:09:46 INFO] Epoch 22 complete — avg_loss=0.1617  time=201s
[05:10:00 INFO] Epoch 23/50  iter 50/743  loss=0.0733  lr=3.35e-05
[05:10:14 INFO] Epoch 23/50  iter 100/743  loss=0.1281  lr=3.34e-05
[05:10:27 INFO] Epoch 23/50  iter 150/743  loss=0.0939  lr=3.34e-05
[05:10:41 INFO] Epoch 23/50  iter 200/743  loss=0.1273  lr=3.33e-05
[05:10:54 INFO] Epoch 23/50  iter 250/743  loss=0.1461  lr=3.32e-05
[05:11:08 INFO] Epoch 23/50  iter 300/743  loss=0.1173  lr=3.31e-05
[05:11:21 INFO] Epoch 23/50  iter 350/743  loss=0.2436  lr=3.30e-05
[05:11:35 INFO] Epoch 23/50  iter 400/743  loss=0.1207  lr=3.30e-05
[05:11:48 INFO] Epoch 23/50  iter 450/743  loss=0.1594  lr=3.29e-05
[05:12:02 INFO] Epoch 23/50  iter 500/743  loss=0.1417  lr=3.28e-05
[05:12:15 INFO] Epoch 23/50  iter 550/743  loss=0.1327  lr=3.27e-05
[05:12:28 INFO] Epoch 23/50  iter 600/743  loss=0.1726  lr=3.26e-05
[05:12:42 INFO] Epoch 23/50  iter 650/743  loss=0.1681  lr=3.25e-05
[05:12:55 INFO] Epoch 23/50  iter 700/743  loss=0.1421  lr=3.25e-05
[05:13:07 INFO] Epoch 23 complete — avg_loss=0.1536  time=201s
[05:13:22 INFO] Epoch 24/50  iter 50/743  loss=0.0897  lr=3.23e-05
[05:13:35 INFO] Epoch 24/50  iter 100/743  loss=0.0627  lr=3.22e-05
[05:13:49 INFO] Epoch 24/50  iter 150/743  loss=0.0610  lr=3.22e-05
[05:14:02 INFO] Epoch 24/50  iter 200/743  loss=0.1301  lr=3.21e-05
[05:14:16 INFO] Epoch 24/50  iter 250/743  loss=0.1213  lr=3.20e-05
[05:14:29 INFO] Epoch 24/50  iter 300/743  loss=0.1305  lr=3.19e-05
[05:14:43 INFO] Epoch 24/50  iter 350/743  loss=0.3261  lr=3.18e-05
[05:14:56 INFO] Epoch 24/50  iter 400/743  loss=0.2039  lr=3.18e-05
[05:15:10 INFO] Epoch 24/50  iter 450/743  loss=0.1035  lr=3.17e-05
[05:15:23 INFO] Epoch 24/50  iter 500/743  loss=0.1715  lr=3.16e-05
[05:15:37 INFO] Epoch 24/50  iter 550/743  loss=0.1063  lr=3.15e-05
[05:15:50 INFO] Epoch 24/50  iter 600/743  loss=0.1192  lr=3.14e-05
[05:16:03 INFO] Epoch 24/50  iter 650/743  loss=0.1253  lr=3.13e-05
[05:16:17 INFO] Epoch 24/50  iter 700/743  loss=0.1460  lr=3.13e-05
[05:16:29 INFO] Epoch 24 complete — avg_loss=0.1523  time=201s
[05:16:43 INFO] Epoch 25/50  iter 50/743  loss=0.1774  lr=3.11e-05
[05:16:57 INFO] Epoch 25/50  iter 100/743  loss=0.0913  lr=3.10e-05
[05:17:10 INFO] Epoch 25/50  iter 150/743  loss=0.2080  lr=3.10e-05
[05:17:24 INFO] Epoch 25/50  iter 200/743  loss=0.1300  lr=3.09e-05
[05:17:37 INFO] Epoch 25/50  iter 250/743  loss=0.1361  lr=3.08e-05
[05:17:51 INFO] Epoch 25/50  iter 300/743  loss=0.2271  lr=3.07e-05
[05:18:04 INFO] Epoch 25/50  iter 350/743  loss=0.0822  lr=3.06e-05
[05:18:18 INFO] Epoch 25/50  iter 400/743  loss=0.0728  lr=3.06e-05
[05:18:31 INFO] Epoch 25/50  iter 450/743  loss=0.1817  lr=3.05e-05
[05:18:45 INFO] Epoch 25/50  iter 500/743  loss=0.0958  lr=3.04e-05
[05:18:58 INFO] Epoch 25/50  iter 550/743  loss=0.1779  lr=3.03e-05
[05:19:12 INFO] Epoch 25/50  iter 600/743  loss=0.1102  lr=3.02e-05
[05:19:25 INFO] Epoch 25/50  iter 650/743  loss=0.1175  lr=3.01e-05
[05:19:38 INFO] Epoch 25/50  iter 700/743  loss=0.2050  lr=3.01e-05
[05:19:50 INFO] Epoch 25 complete — avg_loss=0.1533  time=201s
[05:21:50 INFO]   val mIoU = 0.7490
[05:21:51 INFO]   ★ New best val mIoU: 0.7490
[05:22:06 INFO] Epoch 26/50  iter 50/743  loss=0.1905  lr=2.99e-05
[05:22:19 INFO] Epoch 26/50  iter 100/743  loss=0.0739  lr=2.98e-05
[05:22:32 INFO] Epoch 26/50  iter 150/743  loss=0.0611  lr=2.98e-05
[05:22:46 INFO] Epoch 26/50  iter 200/743  loss=0.3507  lr=2.97e-05
[05:22:59 INFO] Epoch 26/50  iter 250/743  loss=0.1506  lr=2.96e-05
[05:23:12 INFO] Epoch 26/50  iter 300/743  loss=0.1504  lr=2.95e-05
[05:23:26 INFO] Epoch 26/50  iter 350/743  loss=0.1157  lr=2.94e-05
[05:23:39 INFO] Epoch 26/50  iter 400/743  loss=0.1916  lr=2.94e-05
[05:23:52 INFO] Epoch 26/50  iter 450/743  loss=0.1442  lr=2.93e-05
[05:24:06 INFO] Epoch 26/50  iter 500/743  loss=0.0674  lr=2.92e-05
[05:24:19 INFO] Epoch 26/50  iter 550/743  loss=0.1286  lr=2.91e-05
[05:24:32 INFO] Epoch 26/50  iter 600/743  loss=0.1142  lr=2.90e-05
[05:24:46 INFO] Epoch 26/50  iter 650/743  loss=0.1098  lr=2.89e-05
[05:24:59 INFO] Epoch 26/50  iter 700/743  loss=0.1875  lr=2.89e-05
[05:25:11 INFO] Epoch 26 complete — avg_loss=0.1471  time=199s
[05:25:25 INFO] Epoch 27/50  iter 50/743  loss=0.1157  lr=2.87e-05
[05:25:39 INFO] Epoch 27/50  iter 100/743  loss=0.1163  lr=2.86e-05
[05:25:52 INFO] Epoch 27/50  iter 150/743  loss=0.2042  lr=2.86e-05
[05:26:06 INFO] Epoch 27/50  iter 200/743  loss=0.1106  lr=2.85e-05
[05:26:19 INFO] Epoch 27/50  iter 250/743  loss=0.3728  lr=2.84e-05
[05:26:33 INFO] Epoch 27/50  iter 300/743  loss=0.1067  lr=2.83e-05
[05:26:46 INFO] Epoch 27/50  iter 350/743  loss=0.1003  lr=2.82e-05
[05:27:00 INFO] Epoch 27/50  iter 400/743  loss=0.1749  lr=2.82e-05
[05:27:13 INFO] Epoch 27/50  iter 450/743  loss=0.0873  lr=2.81e-05
[05:27:27 INFO] Epoch 27/50  iter 500/743  loss=0.1853  lr=2.80e-05
[05:27:40 INFO] Epoch 27/50  iter 550/743  loss=0.1753  lr=2.79e-05
[05:27:54 INFO] Epoch 27/50  iter 600/743  loss=0.1087  lr=2.78e-05
[05:28:07 INFO] Epoch 27/50  iter 650/743  loss=0.1013  lr=2.77e-05
[05:28:21 INFO] Epoch 27/50  iter 700/743  loss=0.1123  lr=2.77e-05
[05:28:32 INFO] Epoch 27 complete — avg_loss=0.1472  time=201s
[05:28:47 INFO] Epoch 28/50  iter 50/743  loss=0.1216  lr=2.75e-05
[05:29:00 INFO] Epoch 28/50  iter 100/743  loss=0.1309  lr=2.74e-05
[05:29:13 INFO] Epoch 28/50  iter 150/743  loss=0.0638  lr=2.74e-05
[05:29:27 INFO] Epoch 28/50  iter 200/743  loss=0.0886  lr=2.73e-05
[05:29:40 INFO] Epoch 28/50  iter 250/743  loss=0.1684  lr=2.72e-05
[05:29:54 INFO] Epoch 28/50  iter 300/743  loss=0.0641  lr=2.71e-05
[05:30:07 INFO] Epoch 28/50  iter 350/743  loss=0.0651  lr=2.70e-05
[05:30:20 INFO] Epoch 28/50  iter 400/743  loss=0.1243  lr=2.70e-05
[05:30:34 INFO] Epoch 28/50  iter 450/743  loss=0.1540  lr=2.69e-05
[05:30:47 INFO] Epoch 28/50  iter 500/743  loss=0.2080  lr=2.68e-05
[05:31:01 INFO] Epoch 28/50  iter 550/743  loss=0.2071  lr=2.67e-05
[05:31:14 INFO] Epoch 28/50  iter 600/743  loss=0.1491  lr=2.66e-05
[05:31:27 INFO] Epoch 28/50  iter 650/743  loss=0.0860  lr=2.65e-05
[05:31:41 INFO] Epoch 28/50  iter 700/743  loss=0.0908  lr=2.65e-05
[05:31:52 INFO] Epoch 28 complete — avg_loss=0.1411  time=199s
[05:32:07 INFO] Epoch 29/50  iter 50/743  loss=0.1125  lr=2.63e-05
[05:32:20 INFO] Epoch 29/50  iter 100/743  loss=0.1283  lr=2.62e-05
[05:32:33 INFO] Epoch 29/50  iter 150/743  loss=0.0391  lr=2.62e-05
[05:32:47 INFO] Epoch 29/50  iter 200/743  loss=0.1415  lr=2.61e-05
[05:33:00 INFO] Epoch 29/50  iter 250/743  loss=0.1212  lr=2.60e-05
[05:33:14 INFO] Epoch 29/50  iter 300/743  loss=0.1216  lr=2.59e-05
[05:33:27 INFO] Epoch 29/50  iter 350/743  loss=0.1107  lr=2.58e-05
[05:33:40 INFO] Epoch 29/50  iter 400/743  loss=0.0768  lr=2.58e-05
[05:33:54 INFO] Epoch 29/50  iter 450/743  loss=0.2013  lr=2.57e-05
[05:34:07 INFO] Epoch 29/50  iter 500/743  loss=0.1519  lr=2.56e-05
[05:34:20 INFO] Epoch 29/50  iter 550/743  loss=0.0602  lr=2.55e-05
[05:34:34 INFO] Epoch 29/50  iter 600/743  loss=0.1052  lr=2.54e-05
[05:34:47 INFO] Epoch 29/50  iter 650/743  loss=0.0704  lr=2.53e-05
[05:35:01 INFO] Epoch 29/50  iter 700/743  loss=0.1458  lr=2.53e-05
[05:35:12 INFO] Epoch 29 complete — avg_loss=0.1410  time=199s
[05:35:27 INFO] Epoch 30/50  iter 50/743  loss=0.1219  lr=2.51e-05
[05:35:40 INFO] Epoch 30/50  iter 100/743  loss=0.0894  lr=2.50e-05
[05:35:54 INFO] Epoch 30/50  iter 150/743  loss=0.1742  lr=2.50e-05
[05:36:07 INFO] Epoch 30/50  iter 200/743  loss=0.0403  lr=2.49e-05
[05:36:21 INFO] Epoch 30/50  iter 250/743  loss=0.1042  lr=2.48e-05
[05:36:34 INFO] Epoch 30/50  iter 300/743  loss=0.0652  lr=2.47e-05
[05:36:48 INFO] Epoch 30/50  iter 350/743  loss=0.1030  lr=2.46e-05
[05:37:01 INFO] Epoch 30/50  iter 400/743  loss=0.2221  lr=2.46e-05
[05:37:15 INFO] Epoch 30/50  iter 450/743  loss=0.0771  lr=2.45e-05
[05:37:28 INFO] Epoch 30/50  iter 500/743  loss=0.1896  lr=2.44e-05
[05:37:42 INFO] Epoch 30/50  iter 550/743  loss=0.1245  lr=2.43e-05
[05:37:55 INFO] Epoch 30/50  iter 600/743  loss=0.2260  lr=2.42e-05
[05:38:08 INFO] Epoch 30/50  iter 650/743  loss=0.1773  lr=2.41e-05
[05:38:22 INFO] Epoch 30/50  iter 700/743  loss=0.5414  lr=2.41e-05
[05:38:34 INFO] Epoch 30 complete — avg_loss=0.1419  time=201s
[05:40:32 INFO]   val mIoU = 0.7537
[05:40:33 INFO]   ★ New best val mIoU: 0.7537
[05:40:48 INFO] Epoch 31/50  iter 50/743  loss=0.1692  lr=2.39e-05
[05:41:01 INFO] Epoch 31/50  iter 100/743  loss=0.0293  lr=2.38e-05
[05:41:14 INFO] Epoch 31/50  iter 150/743  loss=0.0650  lr=2.38e-05
[05:41:28 INFO] Epoch 31/50  iter 200/743  loss=0.1566  lr=2.37e-05
[05:41:41 INFO] Epoch 31/50  iter 250/743  loss=0.1035  lr=2.36e-05
[05:41:54 INFO] Epoch 31/50  iter 300/743  loss=0.2401  lr=2.35e-05
[05:42:08 INFO] Epoch 31/50  iter 350/743  loss=0.2606  lr=2.34e-05
[05:42:21 INFO] Epoch 31/50  iter 400/743  loss=0.1562  lr=2.34e-05
[05:42:34 INFO] Epoch 31/50  iter 450/743  loss=0.0807  lr=2.33e-05
[05:42:48 INFO] Epoch 31/50  iter 500/743  loss=0.1184  lr=2.32e-05
[05:43:01 INFO] Epoch 31/50  iter 550/743  loss=0.2253  lr=2.31e-05
[05:43:15 INFO] Epoch 31/50  iter 600/743  loss=0.0641  lr=2.30e-05
[05:43:28 INFO] Epoch 31/50  iter 650/743  loss=0.1634  lr=2.29e-05
[05:43:41 INFO] Epoch 31/50  iter 700/743  loss=0.2900  lr=2.29e-05
[05:43:53 INFO] Epoch 31 complete — avg_loss=0.1420  time=199s
[05:44:07 INFO] Epoch 32/50  iter 50/743  loss=0.1463  lr=2.27e-05
[05:44:21 INFO] Epoch 32/50  iter 100/743  loss=0.1494  lr=2.26e-05
[05:44:34 INFO] Epoch 32/50  iter 150/743  loss=0.1380  lr=2.26e-05
[05:44:48 INFO] Epoch 32/50  iter 200/743  loss=0.0506  lr=2.25e-05
[05:45:01 INFO] Epoch 32/50  iter 250/743  loss=0.0896  lr=2.24e-05
[05:45:15 INFO] Epoch 32/50  iter 300/743  loss=0.1184  lr=2.23e-05
[05:45:28 INFO] Epoch 32/50  iter 350/743  loss=0.2890  lr=2.22e-05
[05:45:42 INFO] Epoch 32/50  iter 400/743  loss=0.1675  lr=2.22e-05
[05:45:55 INFO] Epoch 32/50  iter 450/743  loss=0.0960  lr=2.21e-05
[05:46:09 INFO] Epoch 32/50  iter 500/743  loss=0.0914  lr=2.20e-05
[05:46:22 INFO] Epoch 32/50  iter 550/743  loss=0.0926  lr=2.19e-05
[05:46:36 INFO] Epoch 32/50  iter 600/743  loss=0.0674  lr=2.18e-05
[05:46:49 INFO] Epoch 32/50  iter 650/743  loss=0.1087  lr=2.17e-05
[05:47:03 INFO] Epoch 32/50  iter 700/743  loss=0.1644  lr=2.17e-05
[05:47:14 INFO] Epoch 32 complete — avg_loss=0.1392  time=201s
[05:47:29 INFO] Epoch 33/50  iter 50/743  loss=0.1124  lr=2.15e-05
[05:47:43 INFO] Epoch 33/50  iter 100/743  loss=0.1017  lr=2.14e-05
[05:47:56 INFO] Epoch 33/50  iter 150/743  loss=0.1601  lr=2.14e-05
[05:48:10 INFO] Epoch 33/50  iter 200/743  loss=0.0802  lr=2.13e-05
[05:48:23 INFO] Epoch 33/50  iter 250/743  loss=0.1469  lr=2.12e-05
[05:48:37 INFO] Epoch 33/50  iter 300/743  loss=0.1101  lr=2.11e-05
[05:48:50 INFO] Epoch 33/50  iter 350/743  loss=0.1238  lr=2.10e-05
[05:49:04 INFO] Epoch 33/50  iter 400/743  loss=0.1179  lr=2.10e-05
[05:49:17 INFO] Epoch 33/50  iter 450/743  loss=0.2158  lr=2.09e-05
[05:49:31 INFO] Epoch 33/50  iter 500/743  loss=0.0833  lr=2.08e-05
[05:49:44 INFO] Epoch 33/50  iter 550/743  loss=0.1457  lr=2.07e-05
[05:49:58 INFO] Epoch 33/50  iter 600/743  loss=0.1044  lr=2.06e-05
[05:50:11 INFO] Epoch 33/50  iter 650/743  loss=0.2355  lr=2.05e-05
[05:50:24 INFO] Epoch 33/50  iter 700/743  loss=0.1989  lr=2.05e-05
[05:50:36 INFO] Epoch 33 complete — avg_loss=0.1357  time=201s
[05:50:51 INFO] Epoch 34/50  iter 50/743  loss=0.1004  lr=2.03e-05
[05:51:04 INFO] Epoch 34/50  iter 100/743  loss=0.1250  lr=2.02e-05
[05:51:18 INFO] Epoch 34/50  iter 150/743  loss=0.1091  lr=2.02e-05
[05:51:31 INFO] Epoch 34/50  iter 200/743  loss=0.1406  lr=2.01e-05
[05:51:45 INFO] Epoch 34/50  iter 250/743  loss=0.1226  lr=2.00e-05
[05:51:58 INFO] Epoch 34/50  iter 300/743  loss=0.0538  lr=1.99e-05
[05:52:12 INFO] Epoch 34/50  iter 350/743  loss=0.1764  lr=1.98e-05
[05:52:25 INFO] Epoch 34/50  iter 400/743  loss=0.1746  lr=1.98e-05
[05:52:39 INFO] Epoch 34/50  iter 450/743  loss=0.1659  lr=1.97e-05
[05:52:52 INFO] Epoch 34/50  iter 500/743  loss=0.1232  lr=1.96e-05
[05:53:06 INFO] Epoch 34/50  iter 550/743  loss=0.1199  lr=1.95e-05
[05:53:19 INFO] Epoch 34/50  iter 600/743  loss=0.1394  lr=1.94e-05
[05:53:33 INFO] Epoch 34/50  iter 650/743  loss=0.1344  lr=1.93e-05
[05:53:46 INFO] Epoch 34/50  iter 700/743  loss=0.2134  lr=1.93e-05
[05:53:58 INFO] Epoch 34 complete — avg_loss=0.1367  time=201s
[05:54:12 INFO] Epoch 35/50  iter 50/743  loss=0.1369  lr=1.91e-05
[05:54:26 INFO] Epoch 35/50  iter 100/743  loss=0.0831  lr=1.90e-05
[05:54:39 INFO] Epoch 35/50  iter 150/743  loss=0.0824  lr=1.90e-05
[05:54:53 INFO] Epoch 35/50  iter 200/743  loss=0.1417  lr=1.89e-05
[05:55:06 INFO] Epoch 35/50  iter 250/743  loss=0.0763  lr=1.88e-05
[05:55:20 INFO] Epoch 35/50  iter 300/743  loss=0.1672  lr=1.87e-05
[05:55:33 INFO] Epoch 35/50  iter 350/743  loss=0.1291  lr=1.86e-05
[05:55:47 INFO] Epoch 35/50  iter 400/743  loss=0.0905  lr=1.86e-05
[05:56:00 INFO] Epoch 35/50  iter 450/743  loss=0.1147  lr=1.85e-05
[05:56:14 INFO] Epoch 35/50  iter 500/743  loss=0.1718  lr=1.84e-05
[05:56:27 INFO] Epoch 35/50  iter 550/743  loss=0.2045  lr=1.83e-05
[05:56:41 INFO] Epoch 35/50  iter 600/743  loss=0.1311  lr=1.82e-05
[05:56:54 INFO] Epoch 35/50  iter 650/743  loss=0.1611  lr=1.81e-05
[05:57:08 INFO] Epoch 35/50  iter 700/743  loss=0.1476  lr=1.81e-05
[05:57:19 INFO] Epoch 35 complete — avg_loss=0.1416  time=201s
[05:59:20 INFO]   val mIoU = 0.7616
[05:59:21 INFO]   ★ New best val mIoU: 0.7616
[05:59:35 INFO] Epoch 36/50  iter 50/743  loss=0.1293  lr=1.79e-05
[05:59:48 INFO] Epoch 36/50  iter 100/743  loss=0.1746  lr=1.78e-05
[06:00:02 INFO] Epoch 36/50  iter 150/743  loss=0.1476  lr=1.78e-05
[06:00:15 INFO] Epoch 36/50  iter 200/743  loss=0.1166  lr=1.77e-05
[06:00:29 INFO] Epoch 36/50  iter 250/743  loss=0.2000  lr=1.76e-05
[06:00:42 INFO] Epoch 36/50  iter 300/743  loss=0.1101  lr=1.75e-05
[06:00:55 INFO] Epoch 36/50  iter 350/743  loss=0.0622  lr=1.74e-05
[06:01:09 INFO] Epoch 36/50  iter 400/743  loss=0.0949  lr=1.74e-05
[06:01:22 INFO] Epoch 36/50  iter 450/743  loss=0.1381  lr=1.73e-05
[06:01:36 INFO] Epoch 36/50  iter 500/743  loss=0.0792  lr=1.72e-05
[06:01:49 INFO] Epoch 36/50  iter 550/743  loss=0.1085  lr=1.71e-05
[06:02:02 INFO] Epoch 36/50  iter 600/743  loss=0.0547  lr=1.70e-05
[06:02:16 INFO] Epoch 36/50  iter 650/743  loss=0.1107  lr=1.69e-05
[06:02:29 INFO] Epoch 36/50  iter 700/743  loss=0.1029  lr=1.69e-05
[06:02:41 INFO] Epoch 36 complete — avg_loss=0.1309  time=199s
[06:02:55 INFO] Epoch 37/50  iter 50/743  loss=0.0603  lr=1.67e-05
[06:03:09 INFO] Epoch 37/50  iter 100/743  loss=0.2042  lr=1.66e-05
[06:03:22 INFO] Epoch 37/50  iter 150/743  loss=0.1163  lr=1.66e-05
[06:03:36 INFO] Epoch 37/50  iter 200/743  loss=0.0906  lr=1.65e-05
[06:03:49 INFO] Epoch 37/50  iter 250/743  loss=0.0619  lr=1.64e-05
[06:04:03 INFO] Epoch 37/50  iter 300/743  loss=0.1199  lr=1.63e-05
[06:04:16 INFO] Epoch 37/50  iter 350/743  loss=0.1458  lr=1.62e-05
[06:04:30 INFO] Epoch 37/50  iter 400/743  loss=0.2159  lr=1.62e-05
[06:04:43 INFO] Epoch 37/50  iter 450/743  loss=0.1373  lr=1.61e-05
[06:04:57 INFO] Epoch 37/50  iter 500/743  loss=0.1228  lr=1.60e-05
[06:05:10 INFO] Epoch 37/50  iter 550/743  loss=0.1951  lr=1.59e-05
[06:05:24 INFO] Epoch 37/50  iter 600/743  loss=0.1466  lr=1.58e-05
[06:05:37 INFO] Epoch 37/50  iter 650/743  loss=0.0458  lr=1.57e-05
[06:05:51 INFO] Epoch 37/50  iter 700/743  loss=0.1105  lr=1.57e-05
[06:06:02 INFO] Epoch 37 complete — avg_loss=0.1296  time=201s
[06:06:17 INFO] Epoch 38/50  iter 50/743  loss=0.1163  lr=1.55e-05
[06:06:31 INFO] Epoch 38/50  iter 100/743  loss=0.1097  lr=1.54e-05
[06:06:44 INFO] Epoch 38/50  iter 150/743  loss=0.1608  lr=1.54e-05
[06:06:58 INFO] Epoch 38/50  iter 200/743  loss=0.1305  lr=1.53e-05
[06:07:11 INFO] Epoch 38/50  iter 250/743  loss=0.0978  lr=1.52e-05
[06:07:25 INFO] Epoch 38/50  iter 300/743  loss=0.1053  lr=1.51e-05
[06:07:38 INFO] Epoch 38/50  iter 350/743  loss=0.1340  lr=1.50e-05
[06:07:52 INFO] Epoch 38/50  iter 400/743  loss=0.1162  lr=1.50e-05
[06:08:05 INFO] Epoch 38/50  iter 450/743  loss=0.1499  lr=1.49e-05
[06:08:18 INFO] Epoch 38/50  iter 500/743  loss=0.2172  lr=1.48e-05
[06:08:32 INFO] Epoch 38/50  iter 550/743  loss=0.1165  lr=1.47e-05
[06:08:45 INFO] Epoch 38/50  iter 600/743  loss=0.1896  lr=1.46e-05
[06:08:59 INFO] Epoch 38/50  iter 650/743  loss=0.5120  lr=1.45e-05
[06:09:12 INFO] Epoch 38/50  iter 700/743  loss=0.1706  lr=1.45e-05
[06:09:24 INFO] Epoch 38 complete — avg_loss=0.1320  time=201s
[06:09:39 INFO] Epoch 39/50  iter 50/743  loss=0.0808  lr=1.43e-05
[06:09:52 INFO] Epoch 39/50  iter 100/743  loss=0.1417  lr=1.42e-05
[06:10:05 INFO] Epoch 39/50  iter 150/743  loss=0.1130  lr=1.42e-05
[06:10:19 INFO] Epoch 39/50  iter 200/743  loss=0.2214  lr=1.41e-05
[06:10:32 INFO] Epoch 39/50  iter 250/743  loss=0.2359  lr=1.40e-05
[06:10:45 INFO] Epoch 39/50  iter 300/743  loss=0.1688  lr=1.39e-05
[06:10:59 INFO] Epoch 39/50  iter 350/743  loss=0.1176  lr=1.38e-05
[06:11:12 INFO] Epoch 39/50  iter 400/743  loss=0.1356  lr=1.38e-05
[06:11:26 INFO] Epoch 39/50  iter 450/743  loss=0.1554  lr=1.37e-05
[06:11:39 INFO] Epoch 39/50  iter 500/743  loss=0.1367  lr=1.36e-05
[06:11:52 INFO] Epoch 39/50  iter 550/743  loss=0.1502  lr=1.35e-05
[06:12:06 INFO] Epoch 39/50  iter 600/743  loss=0.1041  lr=1.34e-05
[06:12:19 INFO] Epoch 39/50  iter 650/743  loss=0.2066  lr=1.33e-05
[06:12:33 INFO] Epoch 39/50  iter 700/743  loss=0.1694  lr=1.33e-05
[06:12:44 INFO] Epoch 39 complete — avg_loss=0.1320  time=199s
[06:12:59 INFO] Epoch 40/50  iter 50/743  loss=0.1267  lr=1.31e-05
[06:13:12 INFO] Epoch 40/50  iter 100/743  loss=0.1382  lr=1.30e-05
[06:13:26 INFO] Epoch 40/50  iter 150/743  loss=0.1449  lr=1.30e-05
[06:13:39 INFO] Epoch 40/50  iter 200/743  loss=0.1095  lr=1.29e-05
[06:13:53 INFO] Epoch 40/50  iter 250/743  loss=0.1247  lr=1.28e-05
[06:14:06 INFO] Epoch 40/50  iter 300/743  loss=0.0847  lr=1.27e-05
[06:14:20 INFO] Epoch 40/50  iter 350/743  loss=0.1583  lr=1.26e-05
[06:14:33 INFO] Epoch 40/50  iter 400/743  loss=0.1104  lr=1.26e-05
[06:14:47 INFO] Epoch 40/50  iter 450/743  loss=0.1580  lr=1.25e-05
[06:15:00 INFO] Epoch 40/50  iter 500/743  loss=0.1054  lr=1.24e-05
[06:15:14 INFO] Epoch 40/50  iter 550/743  loss=0.2245  lr=1.23e-05
[06:15:27 INFO] Epoch 40/50  iter 600/743  loss=0.2446  lr=1.22e-05
[06:15:41 INFO] Epoch 40/50  iter 650/743  loss=0.1564  lr=1.21e-05
[06:15:54 INFO] Epoch 40/50  iter 700/743  loss=0.0658  lr=1.21e-05
[06:16:06 INFO] Epoch 40 complete — avg_loss=0.1278  time=201s
[06:18:07 INFO]   val mIoU = 0.7676
[06:18:08 INFO]   ★ New best val mIoU: 0.7676
[06:18:22 INFO] Epoch 41/50  iter 50/743  loss=0.0304  lr=1.19e-05
[06:18:36 INFO] Epoch 41/50  iter 100/743  loss=0.1234  lr=1.18e-05
[06:18:49 INFO] Epoch 41/50  iter 150/743  loss=0.1652  lr=1.18e-05
[06:19:02 INFO] Epoch 41/50  iter 200/743  loss=0.1385  lr=1.17e-05
[06:19:16 INFO] Epoch 41/50  iter 250/743  loss=0.1368  lr=1.16e-05
[06:19:29 INFO] Epoch 41/50  iter 300/743  loss=0.2299  lr=1.15e-05
[06:19:43 INFO] Epoch 41/50  iter 350/743  loss=0.0788  lr=1.14e-05
[06:19:56 INFO] Epoch 41/50  iter 400/743  loss=0.2107  lr=1.14e-05
[06:20:09 INFO] Epoch 41/50  iter 450/743  loss=0.1012  lr=1.13e-05
[06:20:23 INFO] Epoch 41/50  iter 500/743  loss=0.1113  lr=1.12e-05
[06:20:36 INFO] Epoch 41/50  iter 550/743  loss=0.2597  lr=1.11e-05
[06:20:50 INFO] Epoch 41/50  iter 600/743  loss=0.0686  lr=1.10e-05
[06:21:03 INFO] Epoch 41/50  iter 650/743  loss=0.1552  lr=1.09e-05
[06:21:16 INFO] Epoch 41/50  iter 700/743  loss=0.1870  lr=1.09e-05
[06:21:28 INFO] Epoch 41 complete — avg_loss=0.1240  time=200s
[06:21:43 INFO] Epoch 42/50  iter 50/743  loss=0.2066  lr=1.07e-05
[06:21:56 INFO] Epoch 42/50  iter 100/743  loss=0.0216  lr=1.06e-05
[06:22:09 INFO] Epoch 42/50  iter 150/743  loss=0.0757  lr=1.06e-05
[06:22:23 INFO] Epoch 42/50  iter 200/743  loss=0.0787  lr=1.05e-05
[06:22:36 INFO] Epoch 42/50  iter 250/743  loss=0.0797  lr=1.04e-05
[06:22:50 INFO] Epoch 42/50  iter 300/743  loss=0.0689  lr=1.03e-05
[06:23:03 INFO] Epoch 42/50  iter 350/743  loss=0.0306  lr=1.02e-05
[06:23:17 INFO] Epoch 42/50  iter 400/743  loss=0.0900  lr=1.02e-05
[06:23:30 INFO] Epoch 42/50  iter 450/743  loss=0.1396  lr=1.01e-05
[06:23:44 INFO] Epoch 42/50  iter 500/743  loss=0.0726  lr=9.99e-06
[06:23:57 INFO] Epoch 42/50  iter 550/743  loss=0.2185  lr=9.91e-06
[06:24:11 INFO] Epoch 42/50  iter 600/743  loss=0.0939  lr=9.83e-06
[06:24:24 INFO] Epoch 42/50  iter 650/743  loss=0.1110  lr=9.75e-06
[06:24:38 INFO] Epoch 42/50  iter 700/743  loss=0.1598  lr=9.67e-06
[06:24:50 INFO] Epoch 42 complete — avg_loss=0.1250  time=201s
[06:25:04 INFO] Epoch 43/50  iter 50/743  loss=0.1382  lr=9.52e-06
[06:25:18 INFO] Epoch 43/50  iter 100/743  loss=0.1075  lr=9.44e-06
[06:25:31 INFO] Epoch 43/50  iter 150/743  loss=0.1642  lr=9.36e-06
[06:25:45 INFO] Epoch 43/50  iter 200/743  loss=0.0714  lr=9.28e-06
[06:25:58 INFO] Epoch 43/50  iter 250/743  loss=0.1420  lr=9.19e-06
[06:26:12 INFO] Epoch 43/50  iter 300/743  loss=0.0823  lr=9.11e-06
[06:26:25 INFO] Epoch 43/50  iter 350/743  loss=0.0918  lr=9.03e-06
[06:26:39 INFO] Epoch 43/50  iter 400/743  loss=0.1839  lr=8.95e-06
[06:26:52 INFO] Epoch 43/50  iter 450/743  loss=0.0791  lr=8.87e-06
[06:27:06 INFO] Epoch 43/50  iter 500/743  loss=0.1560  lr=8.79e-06
[06:27:19 INFO] Epoch 43/50  iter 550/743  loss=0.1552  lr=8.71e-06
[06:27:32 INFO] Epoch 43/50  iter 600/743  loss=0.1182  lr=8.63e-06
[06:27:46 INFO] Epoch 43/50  iter 650/743  loss=0.2236  lr=8.55e-06
[06:27:59 INFO] Epoch 43/50  iter 700/743  loss=0.1388  lr=8.47e-06
[06:28:11 INFO] Epoch 43 complete — avg_loss=0.1260  time=201s
[06:28:26 INFO] Epoch 44/50  iter 50/743  loss=0.1445  lr=8.32e-06
[06:28:39 INFO] Epoch 44/50  iter 100/743  loss=0.2356  lr=8.24e-06
[06:28:53 INFO] Epoch 44/50  iter 150/743  loss=0.1252  lr=8.16e-06
[06:29:06 INFO] Epoch 44/50  iter 200/743  loss=0.0552  lr=8.08e-06
[06:29:20 INFO] Epoch 44/50  iter 250/743  loss=0.1487  lr=7.99e-06
[06:29:33 INFO] Epoch 44/50  iter 300/743  loss=0.1399  lr=7.91e-06
[06:29:47 INFO] Epoch 44/50  iter 350/743  loss=0.0505  lr=7.83e-06
[06:30:00 INFO] Epoch 44/50  iter 400/743  loss=0.1420  lr=7.75e-06
[06:30:14 INFO] Epoch 44/50  iter 450/743  loss=0.1753  lr=7.67e-06
[06:30:27 INFO] Epoch 44/50  iter 500/743  loss=0.1228  lr=7.59e-06
[06:30:41 INFO] Epoch 44/50  iter 550/743  loss=0.1103  lr=7.51e-06
[06:30:54 INFO] Epoch 44/50  iter 600/743  loss=0.1038  lr=7.43e-06
[06:31:08 INFO] Epoch 44/50  iter 650/743  loss=0.1454  lr=7.35e-06
[06:31:21 INFO] Epoch 44/50  iter 700/743  loss=0.1305  lr=7.27e-06
[06:31:33 INFO] Epoch 44 complete — avg_loss=0.1197  time=201s
[06:31:47 INFO] Epoch 45/50  iter 50/743  loss=0.0638  lr=7.12e-06
[06:32:01 INFO] Epoch 45/50  iter 100/743  loss=0.0827  lr=7.04e-06
[06:32:14 INFO] Epoch 45/50  iter 150/743  loss=0.1318  lr=6.96e-06
[06:32:28 INFO] Epoch 45/50  iter 200/743  loss=0.0875  lr=6.88e-06
[06:32:41 INFO] Epoch 45/50  iter 250/743  loss=0.0829  lr=6.79e-06
[06:32:55 INFO] Epoch 45/50  iter 300/743  loss=0.1566  lr=6.71e-06
[06:33:08 INFO] Epoch 45/50  iter 350/743  loss=0.1456  lr=6.63e-06
[06:33:22 INFO] Epoch 45/50  iter 400/743  loss=0.0881  lr=6.55e-06
[06:33:35 INFO] Epoch 45/50  iter 450/743  loss=0.1195  lr=6.47e-06
[06:33:49 INFO] Epoch 45/50  iter 500/743  loss=0.0940  lr=6.39e-06
[06:34:02 INFO] Epoch 45/50  iter 550/743  loss=0.0879  lr=6.31e-06
[06:34:16 INFO] Epoch 45/50  iter 600/743  loss=0.1198  lr=6.23e-06
[06:34:29 INFO] Epoch 45/50  iter 650/743  loss=0.1391  lr=6.15e-06
[06:34:43 INFO] Epoch 45/50  iter 700/743  loss=0.0617  lr=6.07e-06
[06:34:54 INFO] Epoch 45 complete — avg_loss=0.1204  time=201s
[06:36:55 INFO]   val mIoU = 0.7626
[06:37:09 INFO] Epoch 46/50  iter 50/743  loss=0.0844  lr=5.92e-06
[06:37:23 INFO] Epoch 46/50  iter 100/743  loss=0.1008  lr=5.84e-06
[06:37:36 INFO] Epoch 46/50  iter 150/743  loss=0.1123  lr=5.76e-06
[06:37:49 INFO] Epoch 46/50  iter 200/743  loss=0.0945  lr=5.68e-06
[06:38:03 INFO] Epoch 46/50  iter 250/743  loss=0.1255  lr=5.59e-06
[06:38:16 INFO] Epoch 46/50  iter 300/743  loss=0.0920  lr=5.51e-06
[06:38:29 INFO] Epoch 46/50  iter 350/743  loss=0.1060  lr=5.43e-06
[06:38:43 INFO] Epoch 46/50  iter 400/743  loss=0.2409  lr=5.35e-06
[06:38:56 INFO] Epoch 46/50  iter 450/743  loss=0.1625  lr=5.27e-06
[06:39:10 INFO] Epoch 46/50  iter 500/743  loss=0.0666  lr=5.19e-06
[06:39:23 INFO] Epoch 46/50  iter 550/743  loss=0.1633  lr=5.11e-06
[06:39:36 INFO] Epoch 46/50  iter 600/743  loss=0.1438  lr=5.03e-06
[06:39:50 INFO] Epoch 46/50  iter 650/743  loss=0.1264  lr=4.95e-06
[06:40:03 INFO] Epoch 46/50  iter 700/743  loss=0.2609  lr=4.87e-06
[06:40:15 INFO] Epoch 46 complete — avg_loss=0.1215  time=199s
[06:40:29 INFO] Epoch 47/50  iter 50/743  loss=0.1026  lr=4.72e-06
[06:40:43 INFO] Epoch 47/50  iter 100/743  loss=0.1251  lr=4.64e-06
[06:40:56 INFO] Epoch 47/50  iter 150/743  loss=0.1801  lr=4.56e-06
[06:41:10 INFO] Epoch 47/50  iter 200/743  loss=0.0573  lr=4.48e-06
[06:41:23 INFO] Epoch 47/50  iter 250/743  loss=0.1088  lr=4.39e-06
[06:41:37 INFO] Epoch 47/50  iter 300/743  loss=0.0280  lr=4.31e-06
[06:41:50 INFO] Epoch 47/50  iter 350/743  loss=0.1109  lr=4.23e-06
[06:42:04 INFO] Epoch 47/50  iter 400/743  loss=0.1340  lr=4.15e-06
[06:42:17 INFO] Epoch 47/50  iter 450/743  loss=0.1330  lr=4.07e-06
[06:42:31 INFO] Epoch 47/50  iter 500/743  loss=0.1211  lr=3.99e-06
[06:42:44 INFO] Epoch 47/50  iter 550/743  loss=0.2095  lr=3.91e-06
[06:42:58 INFO] Epoch 47/50  iter 600/743  loss=0.1132  lr=3.83e-06
[06:43:11 INFO] Epoch 47/50  iter 650/743  loss=0.1139  lr=3.75e-06
[06:43:25 INFO] Epoch 47/50  iter 700/743  loss=0.1340  lr=3.67e-06
[06:43:36 INFO] Epoch 47 complete — avg_loss=0.1240  time=201s
[06:43:51 INFO] Epoch 48/50  iter 50/743  loss=0.0912  lr=3.52e-06
[06:44:05 INFO] Epoch 48/50  iter 100/743  loss=0.1666  lr=3.44e-06
[06:44:18 INFO] Epoch 48/50  iter 150/743  loss=0.0505  lr=3.36e-06
[06:44:32 INFO] Epoch 48/50  iter 200/743  loss=0.3963  lr=3.28e-06
[06:44:45 INFO] Epoch 48/50  iter 250/743  loss=0.2153  lr=3.19e-06
[06:44:59 INFO] Epoch 48/50  iter 300/743  loss=0.1024  lr=3.11e-06
[06:45:12 INFO] Epoch 48/50  iter 350/743  loss=0.0949  lr=3.03e-06
[06:45:26 INFO] Epoch 48/50  iter 400/743  loss=0.2236  lr=2.95e-06
[06:45:39 INFO] Epoch 48/50  iter 450/743  loss=0.1350  lr=2.87e-06
[06:45:53 INFO] Epoch 48/50  iter 500/743  loss=0.0855  lr=2.79e-06
[06:46:06 INFO] Epoch 48/50  iter 550/743  loss=0.1437  lr=2.71e-06
[06:46:20 INFO] Epoch 48/50  iter 600/743  loss=0.1566  lr=2.63e-06
[06:46:33 INFO] Epoch 48/50  iter 650/743  loss=0.1859  lr=2.55e-06
[06:46:47 INFO] Epoch 48/50  iter 700/743  loss=0.1372  lr=2.47e-06
[06:46:58 INFO] Epoch 48 complete — avg_loss=0.1228  time=201s
[06:47:13 INFO] Epoch 49/50  iter 50/743  loss=0.0957  lr=2.32e-06
[06:47:26 INFO] Epoch 49/50  iter 100/743  loss=0.1858  lr=2.24e-06
[06:47:40 INFO] Epoch 49/50  iter 150/743  loss=0.0329  lr=2.16e-06
[06:47:53 INFO] Epoch 49/50  iter 200/743  loss=0.0705  lr=2.08e-06
[06:48:07 INFO] Epoch 49/50  iter 250/743  loss=0.1252  lr=1.99e-06
[06:48:20 INFO] Epoch 49/50  iter 300/743  loss=0.0711  lr=1.91e-06
[06:48:34 INFO] Epoch 49/50  iter 350/743  loss=0.1569  lr=1.83e-06
[06:48:47 INFO] Epoch 49/50  iter 400/743  loss=0.0415  lr=1.75e-06
[06:49:01 INFO] Epoch 49/50  iter 450/743  loss=0.1018  lr=1.67e-06
[06:49:14 INFO] Epoch 49/50  iter 500/743  loss=0.1519  lr=1.59e-06
[06:49:28 INFO] Epoch 49/50  iter 550/743  loss=0.1112  lr=1.51e-06
[06:49:41 INFO] Epoch 49/50  iter 600/743  loss=0.1509  lr=1.43e-06
[06:49:55 INFO] Epoch 49/50  iter 650/743  loss=0.1290  lr=1.35e-06
[06:50:08 INFO] Epoch 49/50  iter 700/743  loss=0.1051  lr=1.27e-06
[06:50:20 INFO] Epoch 49 complete — avg_loss=0.1197  time=201s
[06:50:35 INFO] Epoch 50/50  iter 50/743  loss=0.0604  lr=1.12e-06
[06:50:48 INFO] Epoch 50/50  iter 100/743  loss=0.0806  lr=1.04e-06
[06:51:02 INFO] Epoch 50/50  iter 150/743  loss=0.1598  lr=9.56e-07
[06:51:15 INFO] Epoch 50/50  iter 200/743  loss=0.1596  lr=8.75e-07
[06:51:29 INFO] Epoch 50/50  iter 250/743  loss=0.1098  lr=7.95e-07
[06:51:42 INFO] Epoch 50/50  iter 300/743  loss=0.0615  lr=7.14e-07
[06:51:56 INFO] Epoch 50/50  iter 350/743  loss=0.1379  lr=6.33e-07
[06:52:09 INFO] Epoch 50/50  iter 400/743  loss=0.0616  lr=5.52e-07
[06:52:23 INFO] Epoch 50/50  iter 450/743  loss=0.0842  lr=4.72e-07
[06:52:36 INFO] Epoch 50/50  iter 500/743  loss=0.1248  lr=3.91e-07
[06:52:50 INFO] Epoch 50/50  iter 550/743  loss=0.1820  lr=3.10e-07
[06:53:03 INFO] Epoch 50/50  iter 600/743  loss=0.0670  lr=2.29e-07
[06:53:17 INFO] Epoch 50/50  iter 650/743  loss=0.1298  lr=1.49e-07
[06:53:30 INFO] Epoch 50/50  iter 700/743  loss=0.1373  lr=6.78e-08
[06:53:42 INFO] Epoch 50 complete — avg_loss=0.1191  time=201s
[06:55:40 INFO]   val mIoU = 0.7675
[06:55:41 INFO] Training complete. Best val mIoU = 0.7676
