[18:19:05 INFO] Device: cuda
[18:19:07 INFO] Using fog cache: data/fog_cache/depthaware_b0005
[18:19:07 INFO] fog_prob: 0.7
[18:19:09 INFO] Train: 2975 samples  |  Val: 500 samples
[18:19:23 INFO] Epoch 1/50  iter 50/743  loss=1.9268  lr=5.99e-05
[18:19:36 INFO] Epoch 1/50  iter 100/743  loss=0.8817  lr=5.98e-05
[18:19:50 INFO] Epoch 1/50  iter 150/743  loss=0.6257  lr=5.98e-05
[18:20:03 INFO] Epoch 1/50  iter 200/743  loss=0.6726  lr=5.97e-05
[18:20:16 INFO] Epoch 1/50  iter 250/743  loss=0.5922  lr=5.96e-05
[18:20:30 INFO] Epoch 1/50  iter 300/743  loss=0.2804  lr=5.95e-05
[18:20:43 INFO] Epoch 1/50  iter 350/743  loss=0.8621  lr=5.94e-05
[18:20:57 INFO] Epoch 1/50  iter 400/743  loss=0.4772  lr=5.94e-05
[18:21:10 INFO] Epoch 1/50  iter 450/743  loss=0.4291  lr=5.93e-05
[18:21:24 INFO] Epoch 1/50  iter 500/743  loss=0.2341  lr=5.92e-05
[18:21:37 INFO] Epoch 1/50  iter 550/743  loss=1.0176  lr=5.91e-05
[18:21:50 INFO] Epoch 1/50  iter 600/743  loss=0.2229  lr=5.90e-05
[18:22:04 INFO] Epoch 1/50  iter 650/743  loss=0.3129  lr=5.89e-05
[18:22:17 INFO] Epoch 1/50  iter 700/743  loss=0.5221  lr=5.89e-05
[18:22:29 INFO] Epoch 1 complete — avg_loss=0.6605  time=200s
[18:22:43 INFO] Epoch 2/50  iter 50/743  loss=0.3190  lr=5.87e-05
[18:22:57 INFO] Epoch 2/50  iter 100/743  loss=0.2697  lr=5.86e-05
[18:23:10 INFO] Epoch 2/50  iter 150/743  loss=0.1912  lr=5.86e-05
[18:23:23 INFO] Epoch 2/50  iter 200/743  loss=0.5523  lr=5.85e-05
[18:23:37 INFO] Epoch 2/50  iter 250/743  loss=0.2905  lr=5.84e-05
[18:23:50 INFO] Epoch 2/50  iter 300/743  loss=0.2058  lr=5.83e-05
[18:24:04 INFO] Epoch 2/50  iter 350/743  loss=0.1957  lr=5.82e-05
[18:24:17 INFO] Epoch 2/50  iter 400/743  loss=0.2587  lr=5.82e-05
[18:24:30 INFO] Epoch 2/50  iter 450/743  loss=0.6619  lr=5.81e-05
[18:24:44 INFO] Epoch 2/50  iter 500/743  loss=0.3132  lr=5.80e-05
[18:24:57 INFO] Epoch 2/50  iter 550/743  loss=0.2834  lr=5.79e-05
[18:25:10 INFO] Epoch 2/50  iter 600/743  loss=0.4422  lr=5.78e-05
[18:25:24 INFO] Epoch 2/50  iter 650/743  loss=0.2374  lr=5.77e-05
[18:25:37 INFO] Epoch 2/50  iter 700/743  loss=0.4487  lr=5.77e-05
[18:25:49 INFO] Epoch 2 complete — avg_loss=0.3435  time=199s
[18:26:03 INFO] Epoch 3/50  iter 50/743  loss=0.3159  lr=5.75e-05
[18:26:17 INFO] Epoch 3/50  iter 100/743  loss=0.2657  lr=5.74e-05
[18:26:30 INFO] Epoch 3/50  iter 150/743  loss=0.3280  lr=5.74e-05
[18:26:43 INFO] Epoch 3/50  iter 200/743  loss=0.2247  lr=5.73e-05
[18:26:57 INFO] Epoch 3/50  iter 250/743  loss=0.3502  lr=5.72e-05
[18:27:10 INFO] Epoch 3/50  iter 300/743  loss=1.0265  lr=5.71e-05
[18:27:23 INFO] Epoch 3/50  iter 350/743  loss=0.1097  lr=5.70e-05
[18:27:37 INFO] Epoch 3/50  iter 400/743  loss=0.4687  lr=5.70e-05
[18:27:50 INFO] Epoch 3/50  iter 450/743  loss=0.4346  lr=5.69e-05
[18:28:04 INFO] Epoch 3/50  iter 500/743  loss=0.1605  lr=5.68e-05
[18:28:17 INFO] Epoch 3/50  iter 550/743  loss=0.2601  lr=5.67e-05
[18:28:30 INFO] Epoch 3/50  iter 600/743  loss=0.2720  lr=5.66e-05
[18:28:44 INFO] Epoch 3/50  iter 650/743  loss=0.1901  lr=5.65e-05
[18:28:57 INFO] Epoch 3/50  iter 700/743  loss=0.1501  lr=5.65e-05
[18:29:09 INFO] Epoch 3 complete — avg_loss=0.2781  time=199s
[18:29:23 INFO] Epoch 4/50  iter 50/743  loss=0.1683  lr=5.63e-05
[18:29:36 INFO] Epoch 4/50  iter 100/743  loss=0.1766  lr=5.62e-05
[18:29:50 INFO] Epoch 4/50  iter 150/743  loss=0.7511  lr=5.62e-05
[18:30:03 INFO] Epoch 4/50  iter 200/743  loss=0.2411  lr=5.61e-05
[18:30:16 INFO] Epoch 4/50  iter 250/743  loss=0.2764  lr=5.60e-05
[18:30:30 INFO] Epoch 4/50  iter 300/743  loss=0.1912  lr=5.59e-05
[18:30:43 INFO] Epoch 4/50  iter 350/743  loss=0.0389  lr=5.58e-05
[18:30:57 INFO] Epoch 4/50  iter 400/743  loss=0.1071  lr=5.58e-05
[18:31:10 INFO] Epoch 4/50  iter 450/743  loss=0.0737  lr=5.57e-05
[18:31:23 INFO] Epoch 4/50  iter 500/743  loss=0.1994  lr=5.56e-05
[18:31:37 INFO] Epoch 4/50  iter 550/743  loss=0.2751  lr=5.55e-05
[18:31:50 INFO] Epoch 4/50  iter 600/743  loss=0.2826  lr=5.54e-05
[18:32:03 INFO] Epoch 4/50  iter 650/743  loss=0.2005  lr=5.53e-05
[18:32:17 INFO] Epoch 4/50  iter 700/743  loss=0.1303  lr=5.53e-05
[18:32:28 INFO] Epoch 4 complete — avg_loss=0.2644  time=199s
[18:32:43 INFO] Epoch 5/50  iter 50/743  loss=0.1345  lr=5.51e-05
[18:32:56 INFO] Epoch 5/50  iter 100/743  loss=0.1669  lr=5.50e-05
[18:33:09 INFO] Epoch 5/50  iter 150/743  loss=0.2189  lr=5.50e-05
[18:33:23 INFO] Epoch 5/50  iter 200/743  loss=0.1636  lr=5.49e-05
[18:33:36 INFO] Epoch 5/50  iter 250/743  loss=0.2017  lr=5.48e-05
[18:33:49 INFO] Epoch 5/50  iter 300/743  loss=0.9856  lr=5.47e-05
[18:34:03 INFO] Epoch 5/50  iter 350/743  loss=0.2614  lr=5.46e-05
[18:34:16 INFO] Epoch 5/50  iter 400/743  loss=0.2371  lr=5.46e-05
[18:34:29 INFO] Epoch 5/50  iter 450/743  loss=0.1761  lr=5.45e-05
[18:34:43 INFO] Epoch 5/50  iter 500/743  loss=0.2972  lr=5.44e-05
[18:34:56 INFO] Epoch 5/50  iter 550/743  loss=0.0764  lr=5.43e-05
[18:35:10 INFO] Epoch 5/50  iter 600/743  loss=0.0204  lr=5.42e-05
[18:35:23 INFO] Epoch 5/50  iter 650/743  loss=0.3560  lr=5.41e-05
[18:35:36 INFO] Epoch 5/50  iter 700/743  loss=0.1277  lr=5.41e-05
[18:35:48 INFO] Epoch 5 complete — avg_loss=0.2462  time=199s
[18:37:40 INFO]   val mIoU = 0.6353
[18:37:41 INFO]   ★ New best val mIoU: 0.6353
[18:37:55 INFO] Epoch 6/50  iter 50/743  loss=0.3227  lr=5.39e-05
[18:38:08 INFO] Epoch 6/50  iter 100/743  loss=0.0502  lr=5.38e-05
[18:38:22 INFO] Epoch 6/50  iter 150/743  loss=0.2834  lr=5.38e-05
[18:38:35 INFO] Epoch 6/50  iter 200/743  loss=0.1132  lr=5.37e-05
[18:38:48 INFO] Epoch 6/50  iter 250/743  loss=0.3180  lr=5.36e-05
[18:39:02 INFO] Epoch 6/50  iter 300/743  loss=0.2454  lr=5.35e-05
[18:39:15 INFO] Epoch 6/50  iter 350/743  loss=0.1073  lr=5.34e-05
[18:39:29 INFO] Epoch 6/50  iter 400/743  loss=0.1022  lr=5.34e-05
[18:39:42 INFO] Epoch 6/50  iter 450/743  loss=0.2109  lr=5.33e-05
[18:39:55 INFO] Epoch 6/50  iter 500/743  loss=0.1291  lr=5.32e-05
[18:40:09 INFO] Epoch 6/50  iter 550/743  loss=0.2262  lr=5.31e-05
[18:40:22 INFO] Epoch 6/50  iter 600/743  loss=0.1551  lr=5.30e-05
[18:40:35 INFO] Epoch 6/50  iter 650/743  loss=0.5531  lr=5.29e-05
[18:40:49 INFO] Epoch 6/50  iter 700/743  loss=0.2620  lr=5.29e-05
[18:41:00 INFO] Epoch 6 complete — avg_loss=0.2273  time=199s
[18:41:15 INFO] Epoch 7/50  iter 50/743  loss=0.2002  lr=5.27e-05
[18:41:28 INFO] Epoch 7/50  iter 100/743  loss=0.1208  lr=5.26e-05
[18:41:41 INFO] Epoch 7/50  iter 150/743  loss=0.2942  lr=5.26e-05
[18:41:55 INFO] Epoch 7/50  iter 200/743  loss=0.4733  lr=5.25e-05
[18:42:08 INFO] Epoch 7/50  iter 250/743  loss=0.2495  lr=5.24e-05
[18:42:21 INFO] Epoch 7/50  iter 300/743  loss=0.1566  lr=5.23e-05
[18:42:35 INFO] Epoch 7/50  iter 350/743  loss=0.1959  lr=5.22e-05
[18:42:48 INFO] Epoch 7/50  iter 400/743  loss=0.1103  lr=5.22e-05
[18:43:02 INFO] Epoch 7/50  iter 450/743  loss=0.6208  lr=5.21e-05
[18:43:15 INFO] Epoch 7/50  iter 500/743  loss=0.2810  lr=5.20e-05
[18:43:28 INFO] Epoch 7/50  iter 550/743  loss=0.2055  lr=5.19e-05
[18:43:42 INFO] Epoch 7/50  iter 600/743  loss=0.4873  lr=5.18e-05
[18:43:55 INFO] Epoch 7/50  iter 650/743  loss=0.0271  lr=5.17e-05
[18:44:08 INFO] Epoch 7/50  iter 700/743  loss=0.2433  lr=5.17e-05
[18:44:20 INFO] Epoch 7 complete — avg_loss=0.2167  time=199s
[18:44:35 INFO] Epoch 8/50  iter 50/743  loss=0.1736  lr=5.15e-05
[18:44:48 INFO] Epoch 8/50  iter 100/743  loss=0.2356  lr=5.14e-05
[18:45:01 INFO] Epoch 8/50  iter 150/743  loss=0.0874  lr=5.14e-05
[18:45:15 INFO] Epoch 8/50  iter 200/743  loss=0.1457  lr=5.13e-05
[18:45:28 INFO] Epoch 8/50  iter 250/743  loss=0.1874  lr=5.12e-05
[18:45:41 INFO] Epoch 8/50  iter 300/743  loss=0.2420  lr=5.11e-05
[18:45:55 INFO] Epoch 8/50  iter 350/743  loss=0.1830  lr=5.10e-05
[18:46:08 INFO] Epoch 8/50  iter 400/743  loss=0.3038  lr=5.10e-05
[18:46:22 INFO] Epoch 8/50  iter 450/743  loss=0.1082  lr=5.09e-05
[18:46:35 INFO] Epoch 8/50  iter 500/743  loss=0.1312  lr=5.08e-05
[18:46:48 INFO] Epoch 8/50  iter 550/743  loss=0.2040  lr=5.07e-05
[18:47:02 INFO] Epoch 8/50  iter 600/743  loss=0.0702  lr=5.06e-05
[18:47:15 INFO] Epoch 8/50  iter 650/743  loss=0.2162  lr=5.05e-05
[18:47:29 INFO] Epoch 8/50  iter 700/743  loss=0.0664  lr=5.05e-05
[18:47:40 INFO] Epoch 8 complete — avg_loss=0.2156  time=199s
[18:47:55 INFO] Epoch 9/50  iter 50/743  loss=0.1736  lr=5.03e-05
[18:48:08 INFO] Epoch 9/50  iter 100/743  loss=0.1110  lr=5.02e-05
[18:48:21 INFO] Epoch 9/50  iter 150/743  loss=0.1231  lr=5.02e-05
[18:48:35 INFO] Epoch 9/50  iter 200/743  loss=0.2946  lr=5.01e-05
[18:48:48 INFO] Epoch 9/50  iter 250/743  loss=0.2214  lr=5.00e-05
[18:49:02 INFO] Epoch 9/50  iter 300/743  loss=0.0879  lr=4.99e-05
[18:49:15 INFO] Epoch 9/50  iter 350/743  loss=0.1894  lr=4.98e-05
[18:49:28 INFO] Epoch 9/50  iter 400/743  loss=0.0940  lr=4.98e-05
[18:49:42 INFO] Epoch 9/50  iter 450/743  loss=0.1578  lr=4.97e-05
[18:49:55 INFO] Epoch 9/50  iter 500/743  loss=0.1819  lr=4.96e-05
[18:50:08 INFO] Epoch 9/50  iter 550/743  loss=0.1744  lr=4.95e-05
[18:50:22 INFO] Epoch 9/50  iter 600/743  loss=0.3337  lr=4.94e-05
[18:50:35 INFO] Epoch 9/50  iter 650/743  loss=0.1469  lr=4.93e-05
[18:50:48 INFO] Epoch 9/50  iter 700/743  loss=0.2320  lr=4.93e-05
[18:51:00 INFO] Epoch 9 complete — avg_loss=0.2022  time=199s
[18:51:15 INFO] Epoch 10/50  iter 50/743  loss=0.2026  lr=4.91e-05
[18:51:28 INFO] Epoch 10/50  iter 100/743  loss=0.1867  lr=4.90e-05
[18:51:41 INFO] Epoch 10/50  iter 150/743  loss=0.1288  lr=4.90e-05
[18:51:55 INFO] Epoch 10/50  iter 200/743  loss=0.0917  lr=4.89e-05
[18:52:08 INFO] Epoch 10/50  iter 250/743  loss=0.0997  lr=4.88e-05
[18:52:21 INFO] Epoch 10/50  iter 300/743  loss=0.0742  lr=4.87e-05
[18:52:35 INFO] Epoch 10/50  iter 350/743  loss=0.2127  lr=4.86e-05
[18:52:48 INFO] Epoch 10/50  iter 400/743  loss=0.2956  lr=4.86e-05
[18:53:01 INFO] Epoch 10/50  iter 450/743  loss=0.2078  lr=4.85e-05
[18:53:15 INFO] Epoch 10/50  iter 500/743  loss=0.1765  lr=4.84e-05
[18:53:28 INFO] Epoch 10/50  iter 550/743  loss=0.2012  lr=4.83e-05
[18:53:41 INFO] Epoch 10/50  iter 600/743  loss=0.2414  lr=4.82e-05
[18:53:55 INFO] Epoch 10/50  iter 650/743  loss=0.2290  lr=4.81e-05
[18:54:08 INFO] Epoch 10/50  iter 700/743  loss=0.1184  lr=4.81e-05
[18:54:20 INFO] Epoch 10 complete — avg_loss=0.2042  time=199s
[18:56:17 INFO]   val mIoU = 0.6408
[18:56:18 INFO]   ★ New best val mIoU: 0.6408
[18:56:32 INFO] Epoch 11/50  iter 50/743  loss=0.1465  lr=4.79e-05
[18:56:46 INFO] Epoch 11/50  iter 100/743  loss=0.3366  lr=4.78e-05
[18:56:59 INFO] Epoch 11/50  iter 150/743  loss=0.2390  lr=4.78e-05
[18:57:12 INFO] Epoch 11/50  iter 200/743  loss=0.2719  lr=4.77e-05
[18:57:26 INFO] Epoch 11/50  iter 250/743  loss=0.1665  lr=4.76e-05
[18:57:39 INFO] Epoch 11/50  iter 300/743  loss=0.1838  lr=4.75e-05
[18:57:52 INFO] Epoch 11/50  iter 350/743  loss=0.1502  lr=4.74e-05
[18:58:06 INFO] Epoch 11/50  iter 400/743  loss=0.1872  lr=4.74e-05
[18:58:19 INFO] Epoch 11/50  iter 450/743  loss=0.1349  lr=4.73e-05
[18:58:32 INFO] Epoch 11/50  iter 500/743  loss=0.0901  lr=4.72e-05
[18:58:46 INFO] Epoch 11/50  iter 550/743  loss=0.1123  lr=4.71e-05
[18:58:59 INFO] Epoch 11/50  iter 600/743  loss=0.0825  lr=4.70e-05
[18:59:12 INFO] Epoch 11/50  iter 650/743  loss=0.1700  lr=4.69e-05
[18:59:26 INFO] Epoch 11/50  iter 700/743  loss=0.2793  lr=4.69e-05
[18:59:37 INFO] Epoch 11 complete — avg_loss=0.1859  time=199s
[18:59:52 INFO] Epoch 12/50  iter 50/743  loss=0.0982  lr=4.67e-05
[19:00:05 INFO] Epoch 12/50  iter 100/743  loss=0.1932  lr=4.66e-05
[19:00:18 INFO] Epoch 12/50  iter 150/743  loss=0.1380  lr=4.66e-05
[19:00:32 INFO] Epoch 12/50  iter 200/743  loss=0.1138  lr=4.65e-05
[19:00:45 INFO] Epoch 12/50  iter 250/743  loss=0.2256  lr=4.64e-05
[19:00:58 INFO] Epoch 12/50  iter 300/743  loss=0.0963  lr=4.63e-05
[19:01:12 INFO] Epoch 12/50  iter 350/743  loss=0.2381  lr=4.62e-05
[19:01:25 INFO] Epoch 12/50  iter 400/743  loss=0.0946  lr=4.62e-05
[19:01:38 INFO] Epoch 12/50  iter 450/743  loss=0.1194  lr=4.61e-05
[19:01:52 INFO] Epoch 12/50  iter 500/743  loss=0.0760  lr=4.60e-05
[19:02:05 INFO] Epoch 12/50  iter 550/743  loss=0.1567  lr=4.59e-05
[19:02:19 INFO] Epoch 12/50  iter 600/743  loss=0.1175  lr=4.58e-05
[19:02:32 INFO] Epoch 12/50  iter 650/743  loss=0.2793  lr=4.57e-05
[19:02:45 INFO] Epoch 12/50  iter 700/743  loss=0.1324  lr=4.57e-05
[19:02:57 INFO] Epoch 12 complete — avg_loss=0.1819  time=199s
[19:03:11 INFO] Epoch 13/50  iter 50/743  loss=0.0724  lr=4.55e-05
[19:03:25 INFO] Epoch 13/50  iter 100/743  loss=0.1489  lr=4.54e-05
[19:03:38 INFO] Epoch 13/50  iter 150/743  loss=0.0789  lr=4.54e-05
[19:03:51 INFO] Epoch 13/50  iter 200/743  loss=0.0636  lr=4.53e-05
[19:04:05 INFO] Epoch 13/50  iter 250/743  loss=0.2448  lr=4.52e-05
[19:04:18 INFO] Epoch 13/50  iter 300/743  loss=0.1968  lr=4.51e-05
[19:04:31 INFO] Epoch 13/50  iter 350/743  loss=0.1116  lr=4.50e-05
[19:04:45 INFO] Epoch 13/50  iter 400/743  loss=0.1931  lr=4.50e-05
[19:04:58 INFO] Epoch 13/50  iter 450/743  loss=0.0485  lr=4.49e-05
[19:05:11 INFO] Epoch 13/50  iter 500/743  loss=0.2787  lr=4.48e-05
[19:05:25 INFO] Epoch 13/50  iter 550/743  loss=0.1134  lr=4.47e-05
[19:05:38 INFO] Epoch 13/50  iter 600/743  loss=0.1415  lr=4.46e-05
[19:05:51 INFO] Epoch 13/50  iter 650/743  loss=0.1200  lr=4.45e-05
[19:06:05 INFO] Epoch 13/50  iter 700/743  loss=0.1513  lr=4.45e-05
[19:06:16 INFO] Epoch 13 complete — avg_loss=0.1722  time=199s
[19:06:31 INFO] Epoch 14/50  iter 50/743  loss=0.1417  lr=4.43e-05
[19:06:44 INFO] Epoch 14/50  iter 100/743  loss=0.1681  lr=4.42e-05
[19:06:58 INFO] Epoch 14/50  iter 150/743  loss=0.1633  lr=4.42e-05
[19:07:11 INFO] Epoch 14/50  iter 200/743  loss=0.0931  lr=4.41e-05
[19:07:24 INFO] Epoch 14/50  iter 250/743  loss=0.1793  lr=4.40e-05
[19:07:38 INFO] Epoch 14/50  iter 300/743  loss=0.2012  lr=4.39e-05
[19:07:51 INFO] Epoch 14/50  iter 350/743  loss=0.1535  lr=4.38e-05
[19:08:04 INFO] Epoch 14/50  iter 400/743  loss=0.0745  lr=4.38e-05
[19:08:18 INFO] Epoch 14/50  iter 450/743  loss=0.1678  lr=4.37e-05
[19:08:31 INFO] Epoch 14/50  iter 500/743  loss=0.1091  lr=4.36e-05
[19:08:44 INFO] Epoch 14/50  iter 550/743  loss=0.0334  lr=4.35e-05
[19:08:58 INFO] Epoch 14/50  iter 600/743  loss=0.1172  lr=4.34e-05
[19:09:11 INFO] Epoch 14/50  iter 650/743  loss=0.1447  lr=4.33e-05
[19:09:25 INFO] Epoch 14/50  iter 700/743  loss=0.1912  lr=4.33e-05
[19:09:36 INFO] Epoch 14 complete — avg_loss=0.1793  time=199s
[19:09:51 INFO] Epoch 15/50  iter 50/743  loss=0.1530  lr=4.31e-05
[19:10:04 INFO] Epoch 15/50  iter 100/743  loss=0.1390  lr=4.30e-05
[19:10:17 INFO] Epoch 15/50  iter 150/743  loss=0.1975  lr=4.30e-05
[19:10:31 INFO] Epoch 15/50  iter 200/743  loss=0.1373  lr=4.29e-05
[19:10:44 INFO] Epoch 15/50  iter 250/743  loss=0.0971  lr=4.28e-05
[19:10:57 INFO] Epoch 15/50  iter 300/743  loss=0.1602  lr=4.27e-05
[19:11:11 INFO] Epoch 15/50  iter 350/743  loss=0.2181  lr=4.26e-05
[19:11:24 INFO] Epoch 15/50  iter 400/743  loss=0.1967  lr=4.26e-05
[19:11:37 INFO] Epoch 15/50  iter 450/743  loss=0.1223  lr=4.25e-05
[19:11:51 INFO] Epoch 15/50  iter 500/743  loss=0.1591  lr=4.24e-05
[19:12:04 INFO] Epoch 15/50  iter 550/743  loss=0.0874  lr=4.23e-05
[19:12:18 INFO] Epoch 15/50  iter 600/743  loss=0.2243  lr=4.22e-05
[19:12:31 INFO] Epoch 15/50  iter 650/743  loss=0.2145  lr=4.21e-05
[19:12:44 INFO] Epoch 15/50  iter 700/743  loss=0.1368  lr=4.21e-05
[19:12:56 INFO] Epoch 15 complete — avg_loss=0.1715  time=199s
[19:14:54 INFO]   val mIoU = 0.7212
[19:14:55 INFO]   ★ New best val mIoU: 0.7212
[19:15:09 INFO] Epoch 16/50  iter 50/743  loss=0.1976  lr=4.19e-05
[19:15:22 INFO] Epoch 16/50  iter 100/743  loss=0.1082  lr=4.18e-05
[19:15:36 INFO] Epoch 16/50  iter 150/743  loss=0.1309  lr=4.18e-05
[19:15:49 INFO] Epoch 16/50  iter 200/743  loss=0.0896  lr=4.17e-05
[19:16:02 INFO] Epoch 16/50  iter 250/743  loss=0.2318  lr=4.16e-05
[19:16:16 INFO] Epoch 16/50  iter 300/743  loss=0.1477  lr=4.15e-05
[19:16:29 INFO] Epoch 16/50  iter 350/743  loss=0.1338  lr=4.14e-05
[19:16:42 INFO] Epoch 16/50  iter 400/743  loss=0.1104  lr=4.14e-05
[19:16:56 INFO] Epoch 16/50  iter 450/743  loss=0.2220  lr=4.13e-05
[19:17:09 INFO] Epoch 16/50  iter 500/743  loss=0.1482  lr=4.12e-05
[19:17:22 INFO] Epoch 16/50  iter 550/743  loss=0.1219  lr=4.11e-05
[19:17:36 INFO] Epoch 16/50  iter 600/743  loss=0.1681  lr=4.10e-05
[19:17:49 INFO] Epoch 16/50  iter 650/743  loss=0.1430  lr=4.09e-05
[19:18:02 INFO] Epoch 16/50  iter 700/743  loss=0.0560  lr=4.09e-05
[19:18:14 INFO] Epoch 16 complete — avg_loss=0.1660  time=199s
[19:18:28 INFO] Epoch 17/50  iter 50/743  loss=0.0673  lr=4.07e-05
[19:18:42 INFO] Epoch 17/50  iter 100/743  loss=0.1499  lr=4.06e-05
[19:18:55 INFO] Epoch 17/50  iter 150/743  loss=0.2028  lr=4.06e-05
[19:19:08 INFO] Epoch 17/50  iter 200/743  loss=0.0837  lr=4.05e-05
[19:19:22 INFO] Epoch 17/50  iter 250/743  loss=0.1746  lr=4.04e-05
[19:19:35 INFO] Epoch 17/50  iter 300/743  loss=0.1459  lr=4.03e-05
[19:19:48 INFO] Epoch 17/50  iter 350/743  loss=0.1263  lr=4.02e-05
[19:20:02 INFO] Epoch 17/50  iter 400/743  loss=0.1032  lr=4.02e-05
[19:20:15 INFO] Epoch 17/50  iter 450/743  loss=0.1860  lr=4.01e-05
[19:20:28 INFO] Epoch 17/50  iter 500/743  loss=0.1390  lr=4.00e-05
[19:20:42 INFO] Epoch 17/50  iter 550/743  loss=0.2114  lr=3.99e-05
[19:20:55 INFO] Epoch 17/50  iter 600/743  loss=0.0687  lr=3.98e-05
[19:21:08 INFO] Epoch 17/50  iter 650/743  loss=0.1346  lr=3.97e-05
[19:21:22 INFO] Epoch 17/50  iter 700/743  loss=0.1131  lr=3.97e-05
[19:21:33 INFO] Epoch 17 complete — avg_loss=0.1651  time=199s
[19:21:48 INFO] Epoch 18/50  iter 50/743  loss=0.1466  lr=3.95e-05
[19:22:01 INFO] Epoch 18/50  iter 100/743  loss=0.1760  lr=3.94e-05
[19:22:14 INFO] Epoch 18/50  iter 150/743  loss=0.1504  lr=3.94e-05
[19:22:28 INFO] Epoch 18/50  iter 200/743  loss=0.1087  lr=3.93e-05
[19:22:41 INFO] Epoch 18/50  iter 250/743  loss=0.1145  lr=3.92e-05
[19:22:54 INFO] Epoch 18/50  iter 300/743  loss=0.2522  lr=3.91e-05
[19:23:08 INFO] Epoch 18/50  iter 350/743  loss=0.6631  lr=3.90e-05
[19:23:21 INFO] Epoch 18/50  iter 400/743  loss=0.1361  lr=3.90e-05
[19:23:34 INFO] Epoch 18/50  iter 450/743  loss=0.2006  lr=3.89e-05
[19:23:48 INFO] Epoch 18/50  iter 500/743  loss=0.0977  lr=3.88e-05
[19:24:01 INFO] Epoch 18/50  iter 550/743  loss=0.1226  lr=3.87e-05
[19:24:14 INFO] Epoch 18/50  iter 600/743  loss=0.8505  lr=3.86e-05
[19:24:28 INFO] Epoch 18/50  iter 650/743  loss=0.1858  lr=3.85e-05
[19:24:41 INFO] Epoch 18/50  iter 700/743  loss=0.0949  lr=3.85e-05
[19:24:52 INFO] Epoch 18 complete — avg_loss=0.1606  time=199s
[19:25:07 INFO] Epoch 19/50  iter 50/743  loss=0.1042  lr=3.83e-05
[19:25:20 INFO] Epoch 19/50  iter 100/743  loss=0.1788  lr=3.82e-05
[19:25:34 INFO] Epoch 19/50  iter 150/743  loss=0.2349  lr=3.82e-05
[19:25:47 INFO] Epoch 19/50  iter 200/743  loss=0.1774  lr=3.81e-05
[19:26:00 INFO] Epoch 19/50  iter 250/743  loss=0.0962  lr=3.80e-05
[19:26:14 INFO] Epoch 19/50  iter 300/743  loss=0.1204  lr=3.79e-05
[19:26:27 INFO] Epoch 19/50  iter 350/743  loss=0.1581  lr=3.78e-05
[19:26:40 INFO] Epoch 19/50  iter 400/743  loss=0.2745  lr=3.78e-05
[19:26:54 INFO] Epoch 19/50  iter 450/743  loss=0.1384  lr=3.77e-05
[19:27:07 INFO] Epoch 19/50  iter 500/743  loss=0.0841  lr=3.76e-05
[19:27:20 INFO] Epoch 19/50  iter 550/743  loss=0.1099  lr=3.75e-05
[19:27:34 INFO] Epoch 19/50  iter 600/743  loss=0.1238  lr=3.74e-05
[19:27:47 INFO] Epoch 19/50  iter 650/743  loss=0.2322  lr=3.73e-05
[19:28:00 INFO] Epoch 19/50  iter 700/743  loss=0.1516  lr=3.73e-05
[19:28:12 INFO] Epoch 19 complete — avg_loss=0.1607  time=199s
[19:28:26 INFO] Epoch 20/50  iter 50/743  loss=0.1538  lr=3.71e-05
[19:28:40 INFO] Epoch 20/50  iter 100/743  loss=0.0743  lr=3.70e-05
[19:28:53 INFO] Epoch 20/50  iter 150/743  loss=0.0724  lr=3.70e-05
[19:29:06 INFO] Epoch 20/50  iter 200/743  loss=0.1459  lr=3.69e-05
[19:29:20 INFO] Epoch 20/50  iter 250/743  loss=0.1355  lr=3.68e-05
[19:29:33 INFO] Epoch 20/50  iter 300/743  loss=0.0690  lr=3.67e-05
[19:29:46 INFO] Epoch 20/50  iter 350/743  loss=0.1974  lr=3.66e-05
[19:30:00 INFO] Epoch 20/50  iter 400/743  loss=0.1090  lr=3.66e-05
[19:30:13 INFO] Epoch 20/50  iter 450/743  loss=0.1665  lr=3.65e-05
[19:30:26 INFO] Epoch 20/50  iter 500/743  loss=0.1481  lr=3.64e-05
[19:30:40 INFO] Epoch 20/50  iter 550/743  loss=0.1298  lr=3.63e-05
[19:30:53 INFO] Epoch 20/50  iter 600/743  loss=0.0736  lr=3.62e-05
[19:31:06 INFO] Epoch 20/50  iter 650/743  loss=0.1192  lr=3.61e-05
[19:31:20 INFO] Epoch 20/50  iter 700/743  loss=0.1767  lr=3.61e-05
[19:31:31 INFO] Epoch 20 complete — avg_loss=0.1543  time=199s
[19:33:27 INFO]   val mIoU = 0.7310
[19:33:28 INFO]   ★ New best val mIoU: 0.7310
[19:33:42 INFO] Epoch 21/50  iter 50/743  loss=0.0958  lr=3.59e-05
[19:33:56 INFO] Epoch 21/50  iter 100/743  loss=0.0981  lr=3.58e-05
[19:34:09 INFO] Epoch 21/50  iter 150/743  loss=0.3398  lr=3.58e-05
[19:34:22 INFO] Epoch 21/50  iter 200/743  loss=0.1401  lr=3.57e-05
[19:34:36 INFO] Epoch 21/50  iter 250/743  loss=0.1408  lr=3.56e-05
[19:34:49 INFO] Epoch 21/50  iter 300/743  loss=0.1221  lr=3.55e-05
[19:35:02 INFO] Epoch 21/50  iter 350/743  loss=0.0771  lr=3.54e-05
[19:35:16 INFO] Epoch 21/50  iter 400/743  loss=0.1685  lr=3.54e-05
[19:35:29 INFO] Epoch 21/50  iter 450/743  loss=0.2488  lr=3.53e-05
[19:35:42 INFO] Epoch 21/50  iter 500/743  loss=0.2247  lr=3.52e-05
[19:35:56 INFO] Epoch 21/50  iter 550/743  loss=0.0898  lr=3.51e-05
[19:36:09 INFO] Epoch 21/50  iter 600/743  loss=0.1118  lr=3.50e-05
[19:36:22 INFO] Epoch 21/50  iter 650/743  loss=0.2539  lr=3.49e-05
[19:36:36 INFO] Epoch 21/50  iter 700/743  loss=0.0835  lr=3.49e-05
[19:36:47 INFO] Epoch 21 complete — avg_loss=0.1573  time=199s
[19:37:02 INFO] Epoch 22/50  iter 50/743  loss=0.1771  lr=3.47e-05
[19:37:15 INFO] Epoch 22/50  iter 100/743  loss=0.0576  lr=3.46e-05
[19:37:28 INFO] Epoch 22/50  iter 150/743  loss=0.1298  lr=3.46e-05
[19:37:42 INFO] Epoch 22/50  iter 200/743  loss=0.0719  lr=3.45e-05
[19:37:55 INFO] Epoch 22/50  iter 250/743  loss=0.1335  lr=3.44e-05
[19:38:08 INFO] Epoch 22/50  iter 300/743  loss=0.1240  lr=3.43e-05
[19:38:22 INFO] Epoch 22/50  iter 350/743  loss=0.0566  lr=3.42e-05
[19:38:35 INFO] Epoch 22/50  iter 400/743  loss=0.2202  lr=3.42e-05
[19:38:48 INFO] Epoch 22/50  iter 450/743  loss=0.2544  lr=3.41e-05
[19:39:02 INFO] Epoch 22/50  iter 500/743  loss=0.1927  lr=3.40e-05
[19:39:15 INFO] Epoch 22/50  iter 550/743  loss=0.1708  lr=3.39e-05
[19:39:28 INFO] Epoch 22/50  iter 600/743  loss=0.1120  lr=3.38e-05
[19:39:42 INFO] Epoch 22/50  iter 650/743  loss=0.1924  lr=3.37e-05
[19:39:55 INFO] Epoch 22/50  iter 700/743  loss=0.1677  lr=3.37e-05
[19:40:06 INFO] Epoch 22 complete — avg_loss=0.1466  time=199s
[19:40:21 INFO] Epoch 23/50  iter 50/743  loss=0.0913  lr=3.35e-05
[19:40:34 INFO] Epoch 23/50  iter 100/743  loss=1.3609  lr=3.34e-05
[19:40:48 INFO] Epoch 23/50  iter 150/743  loss=0.2413  lr=3.34e-05
[19:41:01 INFO] Epoch 23/50  iter 200/743  loss=0.1035  lr=3.33e-05
[19:41:14 INFO] Epoch 23/50  iter 250/743  loss=0.1405  lr=3.32e-05
[19:41:28 INFO] Epoch 23/50  iter 300/743  loss=0.4403  lr=3.31e-05
[19:41:41 INFO] Epoch 23/50  iter 350/743  loss=0.1582  lr=3.30e-05
[19:41:54 INFO] Epoch 23/50  iter 400/743  loss=0.1380  lr=3.30e-05
[19:42:08 INFO] Epoch 23/50  iter 450/743  loss=0.1630  lr=3.29e-05
[19:42:21 INFO] Epoch 23/50  iter 500/743  loss=0.1002  lr=3.28e-05
[19:42:34 INFO] Epoch 23/50  iter 550/743  loss=0.0858  lr=3.27e-05
[19:42:48 INFO] Epoch 23/50  iter 600/743  loss=0.1710  lr=3.26e-05
[19:43:01 INFO] Epoch 23/50  iter 650/743  loss=0.1246  lr=3.25e-05
[19:43:14 INFO] Epoch 23/50  iter 700/743  loss=0.1131  lr=3.25e-05
[19:43:26 INFO] Epoch 23 complete — avg_loss=0.1537  time=199s
[19:43:40 INFO] Epoch 24/50  iter 50/743  loss=0.1063  lr=3.23e-05
[19:43:54 INFO] Epoch 24/50  iter 100/743  loss=0.0959  lr=3.22e-05
[19:44:07 INFO] Epoch 24/50  iter 150/743  loss=0.1825  lr=3.22e-05
[19:44:20 INFO] Epoch 24/50  iter 200/743  loss=0.1076  lr=3.21e-05
[19:44:34 INFO] Epoch 24/50  iter 250/743  loss=0.0996  lr=3.20e-05
[19:44:47 INFO] Epoch 24/50  iter 300/743  loss=0.1210  lr=3.19e-05
[19:45:00 INFO] Epoch 24/50  iter 350/743  loss=0.0742  lr=3.18e-05
[19:45:14 INFO] Epoch 24/50  iter 400/743  loss=0.1203  lr=3.18e-05
[19:45:27 INFO] Epoch 24/50  iter 450/743  loss=0.0639  lr=3.17e-05
[19:45:41 INFO] Epoch 24/50  iter 500/743  loss=0.2894  lr=3.16e-05
[19:45:54 INFO] Epoch 24/50  iter 550/743  loss=0.5856  lr=3.15e-05
[19:46:07 INFO] Epoch 24/50  iter 600/743  loss=0.3323  lr=3.14e-05
[19:46:21 INFO] Epoch 24/50  iter 650/743  loss=0.0753  lr=3.13e-05
[19:46:34 INFO] Epoch 24/50  iter 700/743  loss=0.1602  lr=3.13e-05
[19:46:45 INFO] Epoch 24 complete — avg_loss=0.1498  time=199s
[19:47:00 INFO] Epoch 25/50  iter 50/743  loss=0.1580  lr=3.11e-05
[19:47:13 INFO] Epoch 25/50  iter 100/743  loss=0.0447  lr=3.10e-05
[19:47:27 INFO] Epoch 25/50  iter 150/743  loss=0.1577  lr=3.10e-05
[19:47:40 INFO] Epoch 25/50  iter 200/743  loss=0.1762  lr=3.09e-05
[19:47:53 INFO] Epoch 25/50  iter 250/743  loss=0.1035  lr=3.08e-05
[19:48:07 INFO] Epoch 25/50  iter 300/743  loss=0.1250  lr=3.07e-05
[19:48:20 INFO] Epoch 25/50  iter 350/743  loss=0.3029  lr=3.06e-05
[19:48:33 INFO] Epoch 25/50  iter 400/743  loss=0.1108  lr=3.06e-05
[19:48:47 INFO] Epoch 25/50  iter 450/743  loss=0.1202  lr=3.05e-05
[19:49:00 INFO] Epoch 25/50  iter 500/743  loss=0.0318  lr=3.04e-05
[19:49:13 INFO] Epoch 25/50  iter 550/743  loss=0.1490  lr=3.03e-05
[19:49:27 INFO] Epoch 25/50  iter 600/743  loss=0.1403  lr=3.02e-05
[19:49:40 INFO] Epoch 25/50  iter 650/743  loss=0.4074  lr=3.01e-05
[19:49:53 INFO] Epoch 25/50  iter 700/743  loss=0.1056  lr=3.01e-05
[19:50:05 INFO] Epoch 25 complete — avg_loss=0.1477  time=199s
[19:52:02 INFO]   val mIoU = 0.7434
[19:52:03 INFO]   ★ New best val mIoU: 0.7434
[19:52:17 INFO] Epoch 26/50  iter 50/743  loss=0.1348  lr=2.99e-05
[19:52:31 INFO] Epoch 26/50  iter 100/743  loss=0.0809  lr=2.98e-05
[19:52:44 INFO] Epoch 26/50  iter 150/743  loss=0.1563  lr=2.98e-05
[19:52:57 INFO] Epoch 26/50  iter 200/743  loss=0.1821  lr=2.97e-05
[19:53:11 INFO] Epoch 26/50  iter 250/743  loss=0.1817  lr=2.96e-05
[19:53:24 INFO] Epoch 26/50  iter 300/743  loss=0.1499  lr=2.95e-05
[19:53:37 INFO] Epoch 26/50  iter 350/743  loss=0.2420  lr=2.94e-05
[19:53:51 INFO] Epoch 26/50  iter 400/743  loss=0.1302  lr=2.94e-05
[19:54:04 INFO] Epoch 26/50  iter 450/743  loss=0.1870  lr=2.93e-05
[19:54:17 INFO] Epoch 26/50  iter 500/743  loss=0.2374  lr=2.92e-05
[19:54:30 INFO] Epoch 26/50  iter 550/743  loss=0.1416  lr=2.91e-05
[19:54:44 INFO] Epoch 26/50  iter 600/743  loss=0.1305  lr=2.90e-05
[19:54:57 INFO] Epoch 26/50  iter 650/743  loss=0.1356  lr=2.89e-05
[19:55:10 INFO] Epoch 26/50  iter 700/743  loss=0.1725  lr=2.89e-05
[19:55:22 INFO] Epoch 26 complete — avg_loss=0.1563  time=199s
[19:55:36 INFO] Epoch 27/50  iter 50/743  loss=0.1371  lr=2.87e-05
[19:55:50 INFO] Epoch 27/50  iter 100/743  loss=0.1418  lr=2.86e-05
[19:56:03 INFO] Epoch 27/50  iter 150/743  loss=0.1271  lr=2.86e-05
[19:56:16 INFO] Epoch 27/50  iter 200/743  loss=0.0811  lr=2.85e-05
[19:56:30 INFO] Epoch 27/50  iter 250/743  loss=0.1453  lr=2.84e-05
[19:56:43 INFO] Epoch 27/50  iter 300/743  loss=0.3916  lr=2.83e-05
[19:56:56 INFO] Epoch 27/50  iter 350/743  loss=0.1762  lr=2.82e-05
[19:57:10 INFO] Epoch 27/50  iter 400/743  loss=0.2462  lr=2.82e-05
[19:57:23 INFO] Epoch 27/50  iter 450/743  loss=0.0710  lr=2.81e-05
[19:57:36 INFO] Epoch 27/50  iter 500/743  loss=0.2115  lr=2.80e-05
[19:57:50 INFO] Epoch 27/50  iter 550/743  loss=0.1542  lr=2.79e-05
[19:58:03 INFO] Epoch 27/50  iter 600/743  loss=0.0885  lr=2.78e-05
[19:58:16 INFO] Epoch 27/50  iter 650/743  loss=1.0576  lr=2.77e-05
[19:58:30 INFO] Epoch 27/50  iter 700/743  loss=0.1193  lr=2.77e-05
[19:58:41 INFO] Epoch 27 complete — avg_loss=0.1433  time=199s
[19:58:56 INFO] Epoch 28/50  iter 50/743  loss=0.1277  lr=2.75e-05
[19:59:09 INFO] Epoch 28/50  iter 100/743  loss=0.1371  lr=2.74e-05
[19:59:22 INFO] Epoch 28/50  iter 150/743  loss=0.1140  lr=2.74e-05
[19:59:36 INFO] Epoch 28/50  iter 200/743  loss=0.1363  lr=2.73e-05
[19:59:49 INFO] Epoch 28/50  iter 250/743  loss=0.1268  lr=2.72e-05
[20:00:02 INFO] Epoch 28/50  iter 300/743  loss=0.1848  lr=2.71e-05
[20:00:16 INFO] Epoch 28/50  iter 350/743  loss=0.1159  lr=2.70e-05
[20:00:29 INFO] Epoch 28/50  iter 400/743  loss=0.1049  lr=2.70e-05
[20:00:42 INFO] Epoch 28/50  iter 450/743  loss=0.1051  lr=2.69e-05
[20:00:56 INFO] Epoch 28/50  iter 500/743  loss=0.1461  lr=2.68e-05
[20:01:09 INFO] Epoch 28/50  iter 550/743  loss=0.1803  lr=2.67e-05
[20:01:22 INFO] Epoch 28/50  iter 600/743  loss=0.2722  lr=2.66e-05
[20:01:36 INFO] Epoch 28/50  iter 650/743  loss=0.0831  lr=2.65e-05
[20:01:49 INFO] Epoch 28/50  iter 700/743  loss=0.1202  lr=2.65e-05
[20:02:01 INFO] Epoch 28 complete — avg_loss=0.1400  time=199s
[20:02:15 INFO] Epoch 29/50  iter 50/743  loss=0.1230  lr=2.63e-05
[20:02:28 INFO] Epoch 29/50  iter 100/743  loss=0.1570  lr=2.62e-05
[20:02:42 INFO] Epoch 29/50  iter 150/743  loss=0.1447  lr=2.62e-05
[20:02:55 INFO] Epoch 29/50  iter 200/743  loss=0.1204  lr=2.61e-05
[20:03:08 INFO] Epoch 29/50  iter 250/743  loss=0.0816  lr=2.60e-05
[20:03:22 INFO] Epoch 29/50  iter 300/743  loss=0.1438  lr=2.59e-05
[20:03:35 INFO] Epoch 29/50  iter 350/743  loss=0.1543  lr=2.58e-05
[20:03:48 INFO] Epoch 29/50  iter 400/743  loss=0.1171  lr=2.58e-05
[20:04:02 INFO] Epoch 29/50  iter 450/743  loss=0.1655  lr=2.57e-05
[20:04:15 INFO] Epoch 29/50  iter 500/743  loss=0.0691  lr=2.56e-05
[20:04:28 INFO] Epoch 29/50  iter 550/743  loss=0.1326  lr=2.55e-05
[20:04:42 INFO] Epoch 29/50  iter 600/743  loss=0.0626  lr=2.54e-05
[20:04:55 INFO] Epoch 29/50  iter 650/743  loss=0.0855  lr=2.53e-05
[20:05:08 INFO] Epoch 29/50  iter 700/743  loss=0.0900  lr=2.53e-05
[20:05:20 INFO] Epoch 29 complete — avg_loss=0.1412  time=199s
[20:05:34 INFO] Epoch 30/50  iter 50/743  loss=0.2106  lr=2.51e-05
[20:05:48 INFO] Epoch 30/50  iter 100/743  loss=0.0726  lr=2.50e-05
[20:06:01 INFO] Epoch 30/50  iter 150/743  loss=0.0357  lr=2.50e-05
[20:06:14 INFO] Epoch 30/50  iter 200/743  loss=0.0591  lr=2.49e-05
[20:06:28 INFO] Epoch 30/50  iter 250/743  loss=0.0790  lr=2.48e-05
[20:06:41 INFO] Epoch 30/50  iter 300/743  loss=0.1228  lr=2.47e-05
[20:06:54 INFO] Epoch 30/50  iter 350/743  loss=0.0714  lr=2.46e-05
[20:07:08 INFO] Epoch 30/50  iter 400/743  loss=0.1153  lr=2.46e-05
[20:07:21 INFO] Epoch 30/50  iter 450/743  loss=0.0634  lr=2.45e-05
[20:07:34 INFO] Epoch 30/50  iter 500/743  loss=0.0881  lr=2.44e-05
[20:07:48 INFO] Epoch 30/50  iter 550/743  loss=0.2103  lr=2.43e-05
[20:08:01 INFO] Epoch 30/50  iter 600/743  loss=0.0902  lr=2.42e-05
[20:08:14 INFO] Epoch 30/50  iter 650/743  loss=0.1468  lr=2.41e-05
[20:08:28 INFO] Epoch 30/50  iter 700/743  loss=0.1245  lr=2.41e-05
[20:08:39 INFO] Epoch 30 complete — avg_loss=0.1384  time=199s
[20:10:36 INFO]   val mIoU = 0.7569
[20:10:36 INFO]   ★ New best val mIoU: 0.7569
[20:10:51 INFO] Epoch 31/50  iter 50/743  loss=0.1107  lr=2.39e-05
[20:11:04 INFO] Epoch 31/50  iter 100/743  loss=0.1459  lr=2.38e-05
[20:11:17 INFO] Epoch 31/50  iter 150/743  loss=0.1679  lr=2.38e-05
[20:11:31 INFO] Epoch 31/50  iter 200/743  loss=0.4708  lr=2.37e-05
[20:11:44 INFO] Epoch 31/50  iter 250/743  loss=0.0936  lr=2.36e-05
[20:11:57 INFO] Epoch 31/50  iter 300/743  loss=0.2949  lr=2.35e-05
[20:12:11 INFO] Epoch 31/50  iter 350/743  loss=0.2923  lr=2.34e-05
[20:12:24 INFO] Epoch 31/50  iter 400/743  loss=0.0626  lr=2.34e-05
[20:12:38 INFO] Epoch 31/50  iter 450/743  loss=0.1743  lr=2.33e-05
[20:12:51 INFO] Epoch 31/50  iter 500/743  loss=0.1052  lr=2.32e-05
[20:13:04 INFO] Epoch 31/50  iter 550/743  loss=0.4165  lr=2.31e-05
[20:13:18 INFO] Epoch 31/50  iter 600/743  loss=0.0864  lr=2.30e-05
[20:13:31 INFO] Epoch 31/50  iter 650/743  loss=0.1431  lr=2.29e-05
[20:13:44 INFO] Epoch 31/50  iter 700/743  loss=0.0860  lr=2.29e-05
[20:13:56 INFO] Epoch 31 complete — avg_loss=0.1382  time=199s
[20:14:10 INFO] Epoch 32/50  iter 50/743  loss=0.1784  lr=2.27e-05
[20:14:24 INFO] Epoch 32/50  iter 100/743  loss=0.2013  lr=2.26e-05
[20:14:37 INFO] Epoch 32/50  iter 150/743  loss=0.0750  lr=2.26e-05
[20:14:50 INFO] Epoch 32/50  iter 200/743  loss=0.1094  lr=2.25e-05
[20:15:04 INFO] Epoch 32/50  iter 250/743  loss=0.1497  lr=2.24e-05
[20:15:17 INFO] Epoch 32/50  iter 300/743  loss=0.0402  lr=2.23e-05
[20:15:30 INFO] Epoch 32/50  iter 350/743  loss=0.1975  lr=2.22e-05
[20:15:44 INFO] Epoch 32/50  iter 400/743  loss=0.1145  lr=2.22e-05
[20:15:57 INFO] Epoch 32/50  iter 450/743  loss=0.0631  lr=2.21e-05
[20:16:10 INFO] Epoch 32/50  iter 500/743  loss=0.1530  lr=2.20e-05
[20:16:24 INFO] Epoch 32/50  iter 550/743  loss=0.0611  lr=2.19e-05
[20:16:37 INFO] Epoch 32/50  iter 600/743  loss=0.1104  lr=2.18e-05
[20:16:50 INFO] Epoch 32/50  iter 650/743  loss=0.1303  lr=2.17e-05
[20:17:04 INFO] Epoch 32/50  iter 700/743  loss=0.1841  lr=2.17e-05
[20:17:15 INFO] Epoch 32 complete — avg_loss=0.1358  time=199s
[20:17:30 INFO] Epoch 33/50  iter 50/743  loss=0.1319  lr=2.15e-05
[20:17:43 INFO] Epoch 33/50  iter 100/743  loss=0.0876  lr=2.14e-05
[20:17:57 INFO] Epoch 33/50  iter 150/743  loss=0.1010  lr=2.14e-05
[20:18:10 INFO] Epoch 33/50  iter 200/743  loss=0.0572  lr=2.13e-05
[20:18:23 INFO] Epoch 33/50  iter 250/743  loss=0.0572  lr=2.12e-05
[20:18:37 INFO] Epoch 33/50  iter 300/743  loss=0.1035  lr=2.11e-05
[20:18:50 INFO] Epoch 33/50  iter 350/743  loss=0.2124  lr=2.10e-05
[20:19:03 INFO] Epoch 33/50  iter 400/743  loss=0.1406  lr=2.10e-05
[20:19:17 INFO] Epoch 33/50  iter 450/743  loss=0.1620  lr=2.09e-05
[20:19:30 INFO] Epoch 33/50  iter 500/743  loss=0.0784  lr=2.08e-05
[20:19:43 INFO] Epoch 33/50  iter 550/743  loss=0.1033  lr=2.07e-05
[20:19:57 INFO] Epoch 33/50  iter 600/743  loss=0.0526  lr=2.06e-05
[20:20:10 INFO] Epoch 33/50  iter 650/743  loss=0.0944  lr=2.05e-05
[20:20:23 INFO] Epoch 33/50  iter 700/743  loss=0.0478  lr=2.05e-05
[20:20:35 INFO] Epoch 33 complete — avg_loss=0.1348  time=199s
[20:20:50 INFO] Epoch 34/50  iter 50/743  loss=0.0432  lr=2.03e-05
[20:21:03 INFO] Epoch 34/50  iter 100/743  loss=0.1262  lr=2.02e-05
[20:21:16 INFO] Epoch 34/50  iter 150/743  loss=0.1475  lr=2.02e-05
[20:21:30 INFO] Epoch 34/50  iter 200/743  loss=0.1434  lr=2.01e-05
[20:21:43 INFO] Epoch 34/50  iter 250/743  loss=0.1835  lr=2.00e-05
[20:21:56 INFO] Epoch 34/50  iter 300/743  loss=0.1666  lr=1.99e-05
[20:22:10 INFO] Epoch 34/50  iter 350/743  loss=0.1996  lr=1.98e-05
[20:22:23 INFO] Epoch 34/50  iter 400/743  loss=0.1150  lr=1.98e-05
[20:22:36 INFO] Epoch 34/50  iter 450/743  loss=0.1055  lr=1.97e-05
[20:22:50 INFO] Epoch 34/50  iter 500/743  loss=0.1272  lr=1.96e-05
[20:23:03 INFO] Epoch 34/50  iter 550/743  loss=0.1535  lr=1.95e-05
[20:23:16 INFO] Epoch 34/50  iter 600/743  loss=0.2915  lr=1.94e-05
[20:23:30 INFO] Epoch 34/50  iter 650/743  loss=0.1103  lr=1.93e-05
[20:23:43 INFO] Epoch 34/50  iter 700/743  loss=0.0991  lr=1.93e-05
[20:23:55 INFO] Epoch 34 complete — avg_loss=0.1370  time=199s
[20:24:09 INFO] Epoch 35/50  iter 50/743  loss=0.0835  lr=1.91e-05
[20:24:22 INFO] Epoch 35/50  iter 100/743  loss=0.1761  lr=1.90e-05
[20:24:36 INFO] Epoch 35/50  iter 150/743  loss=0.1404  lr=1.90e-05
[20:24:49 INFO] Epoch 35/50  iter 200/743  loss=0.1235  lr=1.89e-05
[20:25:02 INFO] Epoch 35/50  iter 250/743  loss=0.0957  lr=1.88e-05
[20:25:16 INFO] Epoch 35/50  iter 300/743  loss=0.1472  lr=1.87e-05
[20:25:29 INFO] Epoch 35/50  iter 350/743  loss=0.1017  lr=1.86e-05
[20:25:42 INFO] Epoch 35/50  iter 400/743  loss=0.0887  lr=1.86e-05
[20:25:56 INFO] Epoch 35/50  iter 450/743  loss=0.4507  lr=1.85e-05
[20:26:09 INFO] Epoch 35/50  iter 500/743  loss=0.1766  lr=1.84e-05
[20:26:22 INFO] Epoch 35/50  iter 550/743  loss=0.8095  lr=1.83e-05
[20:26:36 INFO] Epoch 35/50  iter 600/743  loss=0.1128  lr=1.82e-05
[20:26:49 INFO] Epoch 35/50  iter 650/743  loss=0.0931  lr=1.81e-05
[20:27:02 INFO] Epoch 35/50  iter 700/743  loss=0.0951  lr=1.81e-05
[20:27:14 INFO] Epoch 35 complete — avg_loss=0.1347  time=199s
[20:29:12 INFO]   val mIoU = 0.7523
[20:29:26 INFO] Epoch 36/50  iter 50/743  loss=0.1278  lr=1.79e-05
[20:29:40 INFO] Epoch 36/50  iter 100/743  loss=0.1836  lr=1.78e-05
[20:29:53 INFO] Epoch 36/50  iter 150/743  loss=0.1151  lr=1.78e-05
[20:30:06 INFO] Epoch 36/50  iter 200/743  loss=0.0949  lr=1.77e-05
[20:30:20 INFO] Epoch 36/50  iter 250/743  loss=0.0689  lr=1.76e-05
[20:30:33 INFO] Epoch 36/50  iter 300/743  loss=0.1755  lr=1.75e-05
[20:30:46 INFO] Epoch 36/50  iter 350/743  loss=0.0591  lr=1.74e-05
[20:31:00 INFO] Epoch 36/50  iter 400/743  loss=0.0832  lr=1.74e-05
[20:31:13 INFO] Epoch 36/50  iter 450/743  loss=0.0979  lr=1.73e-05
[20:31:26 INFO] Epoch 36/50  iter 500/743  loss=0.1058  lr=1.72e-05
[20:31:40 INFO] Epoch 36/50  iter 550/743  loss=0.1146  lr=1.71e-05
[20:31:53 INFO] Epoch 36/50  iter 600/743  loss=0.0717  lr=1.70e-05
[20:32:06 INFO] Epoch 36/50  iter 650/743  loss=0.0469  lr=1.69e-05
[20:32:20 INFO] Epoch 36/50  iter 700/743  loss=0.2015  lr=1.69e-05
[20:32:31 INFO] Epoch 36 complete — avg_loss=0.1281  time=199s
[20:32:46 INFO] Epoch 37/50  iter 50/743  loss=0.1053  lr=1.67e-05
[20:32:59 INFO] Epoch 37/50  iter 100/743  loss=0.1454  lr=1.66e-05
[20:33:12 INFO] Epoch 37/50  iter 150/743  loss=0.0870  lr=1.66e-05
[20:33:26 INFO] Epoch 37/50  iter 200/743  loss=0.1851  lr=1.65e-05
[20:33:39 INFO] Epoch 37/50  iter 250/743  loss=0.0880  lr=1.64e-05
[20:33:54 INFO] Epoch 37/50  iter 300/743  loss=0.1186  lr=1.63e-05
[20:34:08 INFO] Epoch 37/50  iter 350/743  loss=0.1317  lr=1.62e-05
[20:34:23 INFO] Epoch 37/50  iter 400/743  loss=0.2626  lr=1.62e-05
[20:34:38 INFO] Epoch 37/50  iter 450/743  loss=0.0987  lr=1.61e-05
[20:34:53 INFO] Epoch 37/50  iter 500/743  loss=0.1422  lr=1.60e-05
[20:35:08 INFO] Epoch 37/50  iter 550/743  loss=0.1501  lr=1.59e-05
[20:35:22 INFO] Epoch 37/50  iter 600/743  loss=0.1266  lr=1.58e-05
[20:35:37 INFO] Epoch 37/50  iter 650/743  loss=0.1405  lr=1.57e-05
[20:35:52 INFO] Epoch 37/50  iter 700/743  loss=0.1304  lr=1.57e-05
[20:36:05 INFO] Epoch 37 complete — avg_loss=0.1294  time=213s
[20:36:21 INFO] Epoch 38/50  iter 50/743  loss=0.1631  lr=1.55e-05
[20:36:36 INFO] Epoch 38/50  iter 100/743  loss=0.0541  lr=1.54e-05
[20:36:50 INFO] Epoch 38/50  iter 150/743  loss=0.1132  lr=1.54e-05
[20:37:05 INFO] Epoch 38/50  iter 200/743  loss=0.0690  lr=1.53e-05
[20:37:20 INFO] Epoch 38/50  iter 250/743  loss=0.1210  lr=1.52e-05
[20:37:35 INFO] Epoch 38/50  iter 300/743  loss=0.1107  lr=1.51e-05
[20:37:49 INFO] Epoch 38/50  iter 350/743  loss=0.1665  lr=1.50e-05
[20:38:04 INFO] Epoch 38/50  iter 400/743  loss=0.0507  lr=1.50e-05
[20:38:19 INFO] Epoch 38/50  iter 450/743  loss=0.1486  lr=1.49e-05
[20:38:34 INFO] Epoch 38/50  iter 500/743  loss=0.1799  lr=1.48e-05
[20:38:48 INFO] Epoch 38/50  iter 550/743  loss=0.1535  lr=1.47e-05
[20:39:03 INFO] Epoch 38/50  iter 600/743  loss=0.1577  lr=1.46e-05
[20:39:18 INFO] Epoch 38/50  iter 650/743  loss=0.0957  lr=1.45e-05
[20:39:33 INFO] Epoch 38/50  iter 700/743  loss=0.0887  lr=1.45e-05
[20:39:45 INFO] Epoch 38 complete — avg_loss=0.1282  time=220s
[20:40:01 INFO] Epoch 39/50  iter 50/743  loss=0.0633  lr=1.43e-05
[20:40:16 INFO] Epoch 39/50  iter 100/743  loss=0.0509  lr=1.42e-05
[20:40:31 INFO] Epoch 39/50  iter 150/743  loss=0.0760  lr=1.42e-05
[20:40:46 INFO] Epoch 39/50  iter 200/743  loss=0.8055  lr=1.41e-05
[20:41:01 INFO] Epoch 39/50  iter 250/743  loss=0.1264  lr=1.40e-05
[20:41:15 INFO] Epoch 39/50  iter 300/743  loss=0.0971  lr=1.39e-05
[20:41:30 INFO] Epoch 39/50  iter 350/743  loss=0.2411  lr=1.38e-05
[20:41:45 INFO] Epoch 39/50  iter 400/743  loss=0.1374  lr=1.38e-05
[20:42:00 INFO] Epoch 39/50  iter 450/743  loss=0.1789  lr=1.37e-05
[20:42:14 INFO] Epoch 39/50  iter 500/743  loss=0.0918  lr=1.36e-05
[20:42:29 INFO] Epoch 39/50  iter 550/743  loss=0.1200  lr=1.35e-05
[20:42:44 INFO] Epoch 39/50  iter 600/743  loss=0.3592  lr=1.34e-05
[20:42:59 INFO] Epoch 39/50  iter 650/743  loss=0.1346  lr=1.33e-05
[20:43:14 INFO] Epoch 39/50  iter 700/743  loss=0.0852  lr=1.33e-05
[20:43:26 INFO] Epoch 39 complete — avg_loss=0.1306  time=220s
[20:43:42 INFO] Epoch 40/50  iter 50/743  loss=0.1389  lr=1.31e-05
[20:43:57 INFO] Epoch 40/50  iter 100/743  loss=0.1281  lr=1.30e-05
[20:44:12 INFO] Epoch 40/50  iter 150/743  loss=0.0497  lr=1.30e-05
[20:44:27 INFO] Epoch 40/50  iter 200/743  loss=0.1037  lr=1.29e-05
[20:44:42 INFO] Epoch 40/50  iter 250/743  loss=0.1551  lr=1.28e-05
[20:44:57 INFO] Epoch 40/50  iter 300/743  loss=0.1386  lr=1.27e-05
[20:45:11 INFO] Epoch 40/50  iter 350/743  loss=0.3056  lr=1.26e-05
[20:45:25 INFO] Epoch 40/50  iter 400/743  loss=0.1291  lr=1.26e-05
[20:45:38 INFO] Epoch 40/50  iter 450/743  loss=0.1182  lr=1.25e-05
[20:45:52 INFO] Epoch 40/50  iter 500/743  loss=0.1826  lr=1.24e-05
[20:46:05 INFO] Epoch 40/50  iter 550/743  loss=0.1817  lr=1.23e-05
[20:46:18 INFO] Epoch 40/50  iter 600/743  loss=0.1926  lr=1.22e-05
[20:46:32 INFO] Epoch 40/50  iter 650/743  loss=0.1567  lr=1.21e-05
[20:46:45 INFO] Epoch 40/50  iter 700/743  loss=0.0713  lr=1.21e-05
[20:46:57 INFO] Epoch 40 complete — avg_loss=0.1257  time=210s
[20:49:02 INFO]   val mIoU = 0.7645
[20:49:03 INFO]   ★ New best val mIoU: 0.7645
[20:49:19 INFO] Epoch 41/50  iter 50/743  loss=0.1037  lr=1.19e-05
[20:49:33 INFO] Epoch 41/50  iter 100/743  loss=0.0910  lr=1.18e-05
[20:49:48 INFO] Epoch 41/50  iter 150/743  loss=0.0697  lr=1.18e-05
[20:50:03 INFO] Epoch 41/50  iter 200/743  loss=0.0619  lr=1.17e-05
[20:50:18 INFO] Epoch 41/50  iter 250/743  loss=0.1234  lr=1.16e-05
[20:50:32 INFO] Epoch 41/50  iter 300/743  loss=0.0763  lr=1.15e-05
[20:50:47 INFO] Epoch 41/50  iter 350/743  loss=0.0821  lr=1.14e-05
[20:51:02 INFO] Epoch 41/50  iter 400/743  loss=0.1237  lr=1.14e-05
[20:51:17 INFO] Epoch 41/50  iter 450/743  loss=0.1421  lr=1.13e-05
[20:51:32 INFO] Epoch 41/50  iter 500/743  loss=0.0841  lr=1.12e-05
[20:51:46 INFO] Epoch 41/50  iter 550/743  loss=0.0661  lr=1.11e-05
[20:52:01 INFO] Epoch 41/50  iter 600/743  loss=0.0915  lr=1.10e-05
[20:52:16 INFO] Epoch 41/50  iter 650/743  loss=0.1602  lr=1.09e-05
[20:52:31 INFO] Epoch 41/50  iter 700/743  loss=0.0807  lr=1.09e-05
[20:52:44 INFO] Epoch 41 complete — avg_loss=0.1229  time=220s
[20:53:00 INFO] Epoch 42/50  iter 50/743  loss=0.0848  lr=1.07e-05
[20:53:14 INFO] Epoch 42/50  iter 100/743  loss=0.0999  lr=1.06e-05
[20:53:29 INFO] Epoch 42/50  iter 150/743  loss=0.1604  lr=1.06e-05
[20:53:44 INFO] Epoch 42/50  iter 200/743  loss=0.1326  lr=1.05e-05
[20:53:59 INFO] Epoch 42/50  iter 250/743  loss=0.0644  lr=1.04e-05
[20:54:13 INFO] Epoch 42/50  iter 300/743  loss=0.1677  lr=1.03e-05
[20:54:28 INFO] Epoch 42/50  iter 350/743  loss=0.1138  lr=1.02e-05
[20:54:43 INFO] Epoch 42/50  iter 400/743  loss=0.0959  lr=1.02e-05
[20:54:58 INFO] Epoch 42/50  iter 450/743  loss=0.0791  lr=1.01e-05
[20:55:12 INFO] Epoch 42/50  iter 500/743  loss=0.0847  lr=9.99e-06
[20:55:27 INFO] Epoch 42/50  iter 550/743  loss=0.0895  lr=9.91e-06
[20:55:42 INFO] Epoch 42/50  iter 600/743  loss=0.1157  lr=9.83e-06
[20:55:57 INFO] Epoch 42/50  iter 650/743  loss=0.0759  lr=9.75e-06
[20:56:12 INFO] Epoch 42/50  iter 700/743  loss=0.1373  lr=9.67e-06
[20:56:24 INFO] Epoch 42 complete — avg_loss=0.1207  time=220s
[20:56:40 INFO] Epoch 43/50  iter 50/743  loss=0.0495  lr=9.52e-06
[20:56:55 INFO] Epoch 43/50  iter 100/743  loss=0.1930  lr=9.44e-06
[20:57:10 INFO] Epoch 43/50  iter 150/743  loss=0.1495  lr=9.36e-06
[20:57:25 INFO] Epoch 43/50  iter 200/743  loss=0.0672  lr=9.28e-06
[20:57:39 INFO] Epoch 43/50  iter 250/743  loss=0.0798  lr=9.19e-06
[20:57:54 INFO] Epoch 43/50  iter 300/743  loss=0.1017  lr=9.11e-06
[20:58:09 INFO] Epoch 43/50  iter 350/743  loss=0.1017  lr=9.03e-06
[20:58:24 INFO] Epoch 43/50  iter 400/743  loss=0.1017  lr=8.95e-06
[20:58:38 INFO] Epoch 43/50  iter 450/743  loss=0.0905  lr=8.87e-06
[20:58:53 INFO] Epoch 43/50  iter 500/743  loss=0.0749  lr=8.79e-06
[20:59:08 INFO] Epoch 43/50  iter 550/743  loss=0.1082  lr=8.71e-06
[20:59:23 INFO] Epoch 43/50  iter 600/743  loss=0.0605  lr=8.63e-06
[20:59:37 INFO] Epoch 43/50  iter 650/743  loss=0.1641  lr=8.55e-06
[20:59:52 INFO] Epoch 43/50  iter 700/743  loss=0.0666  lr=8.47e-06
[21:00:05 INFO] Epoch 43 complete — avg_loss=0.1276  time=220s
[21:00:21 INFO] Epoch 44/50  iter 50/743  loss=0.0828  lr=8.32e-06
[21:00:36 INFO] Epoch 44/50  iter 100/743  loss=0.1331  lr=8.24e-06
[21:00:50 INFO] Epoch 44/50  iter 150/743  loss=0.1268  lr=8.16e-06
[21:01:05 INFO] Epoch 44/50  iter 200/743  loss=0.1116  lr=8.08e-06
[21:01:20 INFO] Epoch 44/50  iter 250/743  loss=0.0881  lr=7.99e-06
[21:01:35 INFO] Epoch 44/50  iter 300/743  loss=0.1032  lr=7.91e-06
[21:01:49 INFO] Epoch 44/50  iter 350/743  loss=0.0928  lr=7.83e-06
[21:02:04 INFO] Epoch 44/50  iter 400/743  loss=0.1674  lr=7.75e-06
[21:02:19 INFO] Epoch 44/50  iter 450/743  loss=0.0865  lr=7.67e-06
[21:02:33 INFO] Epoch 44/50  iter 500/743  loss=0.1262  lr=7.59e-06
[21:02:48 INFO] Epoch 44/50  iter 550/743  loss=0.1647  lr=7.51e-06
[21:03:03 INFO] Epoch 44/50  iter 600/743  loss=0.1253  lr=7.43e-06
[21:03:17 INFO] Epoch 44/50  iter 650/743  loss=0.1183  lr=7.35e-06
[21:03:32 INFO] Epoch 44/50  iter 700/743  loss=0.0779  lr=7.27e-06
[21:03:45 INFO] Epoch 44 complete — avg_loss=0.1204  time=219s
[21:04:01 INFO] Epoch 45/50  iter 50/743  loss=0.0420  lr=7.12e-06
[21:04:16 INFO] Epoch 45/50  iter 100/743  loss=0.1216  lr=7.04e-06
[21:04:30 INFO] Epoch 45/50  iter 150/743  loss=0.1107  lr=6.96e-06
[21:04:44 INFO] Epoch 45/50  iter 200/743  loss=0.1415  lr=6.88e-06
[21:04:58 INFO] Epoch 45/50  iter 250/743  loss=0.1149  lr=6.79e-06
[21:05:11 INFO] Epoch 45/50  iter 300/743  loss=0.1404  lr=6.71e-06
[21:05:24 INFO] Epoch 45/50  iter 350/743  loss=0.0925  lr=6.63e-06
[21:05:38 INFO] Epoch 45/50  iter 400/743  loss=0.1660  lr=6.55e-06
[21:05:51 INFO] Epoch 45/50  iter 450/743  loss=0.1891  lr=6.47e-06
[21:06:04 INFO] Epoch 45/50  iter 500/743  loss=0.1263  lr=6.39e-06
[21:06:18 INFO] Epoch 45/50  iter 550/743  loss=0.3768  lr=6.31e-06
[21:06:31 INFO] Epoch 45/50  iter 600/743  loss=0.1316  lr=6.23e-06
[21:06:44 INFO] Epoch 45/50  iter 650/743  loss=0.0840  lr=6.15e-06
[21:06:58 INFO] Epoch 45/50  iter 700/743  loss=0.0924  lr=6.07e-06
[21:07:09 INFO] Epoch 45 complete — avg_loss=0.1225  time=203s
[21:09:07 INFO]   val mIoU = 0.7661
[21:09:07 INFO]   ★ New best val mIoU: 0.7661
[21:09:22 INFO] Epoch 46/50  iter 50/743  loss=0.1100  lr=5.92e-06
[21:09:35 INFO] Epoch 46/50  iter 100/743  loss=0.0874  lr=5.84e-06
[21:09:48 INFO] Epoch 46/50  iter 150/743  loss=0.1542  lr=5.76e-06
[21:10:02 INFO] Epoch 46/50  iter 200/743  loss=0.1105  lr=5.68e-06
[21:10:15 INFO] Epoch 46/50  iter 250/743  loss=0.1453  lr=5.59e-06
[21:10:28 INFO] Epoch 46/50  iter 300/743  loss=0.1245  lr=5.51e-06
[21:10:42 INFO] Epoch 46/50  iter 350/743  loss=0.1440  lr=5.43e-06
[21:10:55 INFO] Epoch 46/50  iter 400/743  loss=0.1359  lr=5.35e-06
[21:11:08 INFO] Epoch 46/50  iter 450/743  loss=0.0777  lr=5.27e-06
[21:11:22 INFO] Epoch 46/50  iter 500/743  loss=0.0552  lr=5.19e-06
[21:11:35 INFO] Epoch 46/50  iter 550/743  loss=0.5766  lr=5.11e-06
[21:11:48 INFO] Epoch 46/50  iter 600/743  loss=0.1274  lr=5.03e-06
[21:12:02 INFO] Epoch 46/50  iter 650/743  loss=0.2071  lr=4.95e-06
[21:12:15 INFO] Epoch 46/50  iter 700/743  loss=0.0663  lr=4.87e-06
[21:12:27 INFO] Epoch 46 complete — avg_loss=0.1227  time=198s
[21:12:41 INFO] Epoch 47/50  iter 50/743  loss=0.1440  lr=4.72e-06
[21:12:54 INFO] Epoch 47/50  iter 100/743  loss=0.0664  lr=4.64e-06
[21:13:08 INFO] Epoch 47/50  iter 150/743  loss=0.0916  lr=4.56e-06
[21:13:21 INFO] Epoch 47/50  iter 200/743  loss=0.1127  lr=4.48e-06
[21:13:34 INFO] Epoch 47/50  iter 250/743  loss=0.0897  lr=4.39e-06
[21:13:48 INFO] Epoch 47/50  iter 300/743  loss=0.1074  lr=4.31e-06
[21:14:01 INFO] Epoch 47/50  iter 350/743  loss=0.1112  lr=4.23e-06
[21:14:14 INFO] Epoch 47/50  iter 400/743  loss=0.1054  lr=4.15e-06
[21:14:28 INFO] Epoch 47/50  iter 450/743  loss=0.1407  lr=4.07e-06
[21:14:41 INFO] Epoch 47/50  iter 500/743  loss=0.1145  lr=3.99e-06
[21:14:54 INFO] Epoch 47/50  iter 550/743  loss=0.1320  lr=3.91e-06
[21:15:08 INFO] Epoch 47/50  iter 600/743  loss=0.4038  lr=3.83e-06
[21:15:21 INFO] Epoch 47/50  iter 650/743  loss=0.0772  lr=3.75e-06
[21:15:34 INFO] Epoch 47/50  iter 700/743  loss=0.0842  lr=3.67e-06
[21:15:46 INFO] Epoch 47 complete — avg_loss=0.1187  time=199s
[21:16:00 INFO] Epoch 48/50  iter 50/743  loss=0.0814  lr=3.52e-06
[21:16:14 INFO] Epoch 48/50  iter 100/743  loss=0.0553  lr=3.44e-06
[21:16:27 INFO] Epoch 48/50  iter 150/743  loss=0.1176  lr=3.36e-06
[21:16:40 INFO] Epoch 48/50  iter 200/743  loss=0.2315  lr=3.28e-06
[21:16:54 INFO] Epoch 48/50  iter 250/743  loss=0.0833  lr=3.19e-06
[21:17:07 INFO] Epoch 48/50  iter 300/743  loss=0.0712  lr=3.11e-06
[21:17:20 INFO] Epoch 48/50  iter 350/743  loss=0.1546  lr=3.03e-06
[21:17:34 INFO] Epoch 48/50  iter 400/743  loss=0.2169  lr=2.95e-06
[21:17:47 INFO] Epoch 48/50  iter 450/743  loss=0.1008  lr=2.87e-06
[21:18:00 INFO] Epoch 48/50  iter 500/743  loss=0.0551  lr=2.79e-06
[21:18:14 INFO] Epoch 48/50  iter 550/743  loss=0.1081  lr=2.71e-06
[21:18:27 INFO] Epoch 48/50  iter 600/743  loss=0.1375  lr=2.63e-06
[21:18:40 INFO] Epoch 48/50  iter 650/743  loss=0.1048  lr=2.55e-06
[21:18:54 INFO] Epoch 48/50  iter 700/743  loss=0.1657  lr=2.47e-06
[21:19:05 INFO] Epoch 48 complete — avg_loss=0.1196  time=199s
[21:19:19 INFO] Epoch 49/50  iter 50/743  loss=0.1005  lr=2.32e-06
[21:19:33 INFO] Epoch 49/50  iter 100/743  loss=0.1292  lr=2.24e-06
[21:19:46 INFO] Epoch 49/50  iter 150/743  loss=0.1290  lr=2.16e-06
[21:20:00 INFO] Epoch 49/50  iter 200/743  loss=0.1145  lr=2.08e-06
[21:20:13 INFO] Epoch 49/50  iter 250/743  loss=0.1796  lr=1.99e-06
[21:20:26 INFO] Epoch 49/50  iter 300/743  loss=0.1033  lr=1.91e-06
[21:20:40 INFO] Epoch 49/50  iter 350/743  loss=0.1545  lr=1.83e-06
[21:20:53 INFO] Epoch 49/50  iter 400/743  loss=0.0822  lr=1.75e-06
[21:21:06 INFO] Epoch 49/50  iter 450/743  loss=0.0725  lr=1.67e-06
[21:21:20 INFO] Epoch 49/50  iter 500/743  loss=0.0709  lr=1.59e-06
[21:21:33 INFO] Epoch 49/50  iter 550/743  loss=0.1644  lr=1.51e-06
[21:21:46 INFO] Epoch 49/50  iter 600/743  loss=0.0665  lr=1.43e-06
[21:22:00 INFO] Epoch 49/50  iter 650/743  loss=0.1102  lr=1.35e-06
[21:22:13 INFO] Epoch 49/50  iter 700/743  loss=0.0970  lr=1.27e-06
[21:22:24 INFO] Epoch 49 complete — avg_loss=0.1181  time=199s
[21:22:39 INFO] Epoch 50/50  iter 50/743  loss=0.0944  lr=1.12e-06
[21:22:52 INFO] Epoch 50/50  iter 100/743  loss=0.1545  lr=1.04e-06
[21:23:06 INFO] Epoch 50/50  iter 150/743  loss=0.0470  lr=9.56e-07
[21:23:19 INFO] Epoch 50/50  iter 200/743  loss=0.1385  lr=8.75e-07
[21:23:32 INFO] Epoch 50/50  iter 250/743  loss=0.0791  lr=7.95e-07
[21:23:46 INFO] Epoch 50/50  iter 300/743  loss=0.0851  lr=7.14e-07
[21:23:59 INFO] Epoch 50/50  iter 350/743  loss=0.1561  lr=6.33e-07
[21:24:12 INFO] Epoch 50/50  iter 400/743  loss=0.0969  lr=5.52e-07
[21:24:26 INFO] Epoch 50/50  iter 450/743  loss=0.0789  lr=4.72e-07
[21:24:39 INFO] Epoch 50/50  iter 500/743  loss=0.1205  lr=3.91e-07
[21:24:52 INFO] Epoch 50/50  iter 550/743  loss=0.1064  lr=3.10e-07
[21:25:06 INFO] Epoch 50/50  iter 600/743  loss=0.0765  lr=2.29e-07
[21:25:19 INFO] Epoch 50/50  iter 650/743  loss=0.1221  lr=1.49e-07
[21:25:32 INFO] Epoch 50/50  iter 700/743  loss=0.1643  lr=6.78e-08
[21:25:44 INFO] Epoch 50 complete — avg_loss=0.1247  time=199s
[21:27:42 INFO]   val mIoU = 0.7707
[21:27:42 INFO]   ★ New best val mIoU: 0.7707
[21:27:43 INFO] Training complete. Best val mIoU = 0.7707
