[03:44:42 INFO] Device: cuda
[03:44:50 INFO] Train: 2975 samples  |  Val: 500 samples
[03:45:03 INFO] Epoch 1/50  iter 50/743  loss=1.4362  lr=5.99e-05
[03:45:15 INFO] Epoch 1/50  iter 100/743  loss=1.0559  lr=5.98e-05
[03:45:27 INFO] Epoch 1/50  iter 150/743  loss=0.9647  lr=5.98e-05
[03:45:40 INFO] Epoch 1/50  iter 200/743  loss=0.5862  lr=5.97e-05
[03:45:52 INFO] Epoch 1/50  iter 250/743  loss=1.1876  lr=5.96e-05
[03:46:05 INFO] Epoch 1/50  iter 300/743  loss=0.5245  lr=5.95e-05
[03:46:17 INFO] Epoch 1/50  iter 350/743  loss=1.3885  lr=5.94e-05
[03:46:30 INFO] Epoch 1/50  iter 400/743  loss=0.4235  lr=5.94e-05
[03:46:42 INFO] Epoch 1/50  iter 450/743  loss=0.4821  lr=5.93e-05
[03:46:55 INFO] Epoch 1/50  iter 500/743  loss=0.5121  lr=5.92e-05
[03:47:07 INFO] Epoch 1/50  iter 550/743  loss=0.2850  lr=5.91e-05
[03:47:20 INFO] Epoch 1/50  iter 600/743  loss=0.4000  lr=5.90e-05
[03:47:32 INFO] Epoch 1/50  iter 650/743  loss=0.8585  lr=5.89e-05
[03:47:45 INFO] Epoch 1/50  iter 700/743  loss=0.5476  lr=5.89e-05
[03:47:56 INFO] Epoch 1 complete — avg_loss=0.7806  time=186s
[03:48:10 INFO] Epoch 2/50  iter 50/743  loss=0.7573  lr=5.87e-05
[03:48:22 INFO] Epoch 2/50  iter 100/743  loss=0.2465  lr=5.86e-05
[03:48:35 INFO] Epoch 2/50  iter 150/743  loss=0.2375  lr=5.86e-05
[03:48:47 INFO] Epoch 2/50  iter 200/743  loss=0.3183  lr=5.85e-05
[03:49:00 INFO] Epoch 2/50  iter 250/743  loss=0.4611  lr=5.84e-05
[03:49:12 INFO] Epoch 2/50  iter 300/743  loss=0.3815  lr=5.83e-05
[03:49:25 INFO] Epoch 2/50  iter 350/743  loss=0.2033  lr=5.82e-05
[03:49:37 INFO] Epoch 2/50  iter 400/743  loss=0.3865  lr=5.82e-05
[03:49:50 INFO] Epoch 2/50  iter 450/743  loss=0.2896  lr=5.81e-05
[03:50:02 INFO] Epoch 2/50  iter 500/743  loss=0.8193  lr=5.80e-05
[03:50:15 INFO] Epoch 2/50  iter 550/743  loss=0.4312  lr=5.79e-05
[03:50:28 INFO] Epoch 2/50  iter 600/743  loss=0.3063  lr=5.78e-05
[03:50:40 INFO] Epoch 2/50  iter 650/743  loss=0.5198  lr=5.77e-05
[03:50:53 INFO] Epoch 2/50  iter 700/743  loss=0.1622  lr=5.77e-05
[03:51:04 INFO] Epoch 2 complete — avg_loss=0.3997  time=187s
[03:51:17 INFO] Epoch 3/50  iter 50/743  loss=0.2605  lr=5.75e-05
[03:51:30 INFO] Epoch 3/50  iter 100/743  loss=0.2852  lr=5.74e-05
[03:51:42 INFO] Epoch 3/50  iter 150/743  loss=0.2968  lr=5.74e-05
[03:51:55 INFO] Epoch 3/50  iter 200/743  loss=0.2650  lr=5.73e-05
[03:52:07 INFO] Epoch 3/50  iter 250/743  loss=0.3143  lr=5.72e-05
[03:52:20 INFO] Epoch 3/50  iter 300/743  loss=0.3000  lr=5.71e-05
[03:52:32 INFO] Epoch 3/50  iter 350/743  loss=0.2266  lr=5.70e-05
[03:52:45 INFO] Epoch 3/50  iter 400/743  loss=0.2819  lr=5.70e-05
[03:52:58 INFO] Epoch 3/50  iter 450/743  loss=0.2449  lr=5.69e-05
[03:53:10 INFO] Epoch 3/50  iter 500/743  loss=0.2098  lr=5.68e-05
[03:53:23 INFO] Epoch 3/50  iter 550/743  loss=0.3241  lr=5.67e-05
[03:53:35 INFO] Epoch 3/50  iter 600/743  loss=0.4036  lr=5.66e-05
[03:53:48 INFO] Epoch 3/50  iter 650/743  loss=0.2097  lr=5.65e-05
[03:54:00 INFO] Epoch 3/50  iter 700/743  loss=0.3959  lr=5.65e-05
[03:54:11 INFO] Epoch 3 complete — avg_loss=0.3363  time=187s
[03:54:25 INFO] Epoch 4/50  iter 50/743  loss=0.2326  lr=5.63e-05
[03:54:38 INFO] Epoch 4/50  iter 100/743  loss=0.1807  lr=5.62e-05
[03:54:50 INFO] Epoch 4/50  iter 150/743  loss=0.2172  lr=5.62e-05
[03:55:03 INFO] Epoch 4/50  iter 200/743  loss=0.2125  lr=5.61e-05
[03:55:15 INFO] Epoch 4/50  iter 250/743  loss=0.3101  lr=5.60e-05
[03:55:28 INFO] Epoch 4/50  iter 300/743  loss=0.2800  lr=5.59e-05
[03:55:40 INFO] Epoch 4/50  iter 350/743  loss=0.2534  lr=5.58e-05
[03:55:53 INFO] Epoch 4/50  iter 400/743  loss=0.3039  lr=5.58e-05
[03:56:05 INFO] Epoch 4/50  iter 450/743  loss=0.2094  lr=5.57e-05
[03:56:18 INFO] Epoch 4/50  iter 500/743  loss=0.1753  lr=5.56e-05
[03:56:31 INFO] Epoch 4/50  iter 550/743  loss=0.3611  lr=5.55e-05
[03:56:43 INFO] Epoch 4/50  iter 600/743  loss=0.2652  lr=5.54e-05
[03:56:56 INFO] Epoch 4/50  iter 650/743  loss=0.2382  lr=5.53e-05
[03:57:08 INFO] Epoch 4/50  iter 700/743  loss=0.2944  lr=5.53e-05
[03:57:19 INFO] Epoch 4 complete — avg_loss=0.2981  time=187s
[03:57:33 INFO] Epoch 5/50  iter 50/743  loss=0.1798  lr=5.51e-05
[03:57:45 INFO] Epoch 5/50  iter 100/743  loss=0.1621  lr=5.50e-05
[03:57:58 INFO] Epoch 5/50  iter 150/743  loss=0.1212  lr=5.50e-05
[03:58:10 INFO] Epoch 5/50  iter 200/743  loss=0.1593  lr=5.49e-05
[03:58:23 INFO] Epoch 5/50  iter 250/743  loss=0.2428  lr=5.48e-05
[03:58:36 INFO] Epoch 5/50  iter 300/743  loss=0.3244  lr=5.47e-05
[03:58:48 INFO] Epoch 5/50  iter 350/743  loss=0.1873  lr=5.46e-05
[03:59:01 INFO] Epoch 5/50  iter 400/743  loss=0.3219  lr=5.46e-05
[03:59:13 INFO] Epoch 5/50  iter 450/743  loss=0.7300  lr=5.45e-05
[03:59:26 INFO] Epoch 5/50  iter 500/743  loss=0.2971  lr=5.44e-05
[03:59:38 INFO] Epoch 5/50  iter 550/743  loss=1.4147  lr=5.43e-05
[03:59:51 INFO] Epoch 5/50  iter 600/743  loss=0.2709  lr=5.42e-05
[04:00:04 INFO] Epoch 5/50  iter 650/743  loss=0.2484  lr=5.41e-05
[04:00:16 INFO] Epoch 5/50  iter 700/743  loss=0.2223  lr=5.41e-05
[04:00:27 INFO] Epoch 5 complete — avg_loss=0.2740  time=187s
[04:01:20 INFO]   val mIoU = 0.5817
[04:01:21 INFO]   ★ New best val mIoU: 0.5817
[04:01:35 INFO] Epoch 6/50  iter 50/743  loss=0.2371  lr=5.39e-05
[04:01:47 INFO] Epoch 6/50  iter 100/743  loss=0.3915  lr=5.38e-05
[04:02:00 INFO] Epoch 6/50  iter 150/743  loss=0.3055  lr=5.38e-05
[04:02:12 INFO] Epoch 6/50  iter 200/743  loss=0.2292  lr=5.37e-05
[04:02:25 INFO] Epoch 6/50  iter 250/743  loss=0.2168  lr=5.36e-05
[04:02:37 INFO] Epoch 6/50  iter 300/743  loss=0.1922  lr=5.35e-05
[04:02:50 INFO] Epoch 6/50  iter 350/743  loss=0.1648  lr=5.34e-05
[04:03:02 INFO] Epoch 6/50  iter 400/743  loss=0.2797  lr=5.34e-05
[04:03:15 INFO] Epoch 6/50  iter 450/743  loss=0.1328  lr=5.33e-05
[04:03:27 INFO] Epoch 6/50  iter 500/743  loss=0.3848  lr=5.32e-05
[04:03:40 INFO] Epoch 6/50  iter 550/743  loss=0.3649  lr=5.31e-05
[04:03:52 INFO] Epoch 6/50  iter 600/743  loss=0.1704  lr=5.30e-05
[04:04:05 INFO] Epoch 6/50  iter 650/743  loss=0.2767  lr=5.29e-05
[04:04:17 INFO] Epoch 6/50  iter 700/743  loss=0.1983  lr=5.29e-05
[04:04:28 INFO] Epoch 6 complete — avg_loss=0.2573  time=187s
[04:04:42 INFO] Epoch 7/50  iter 50/743  loss=0.2662  lr=5.27e-05
[04:04:55 INFO] Epoch 7/50  iter 100/743  loss=0.2850  lr=5.26e-05
[04:05:07 INFO] Epoch 7/50  iter 150/743  loss=0.2248  lr=5.26e-05
[04:05:20 INFO] Epoch 7/50  iter 200/743  loss=0.3231  lr=5.25e-05
[04:05:32 INFO] Epoch 7/50  iter 250/743  loss=0.3138  lr=5.24e-05
[04:05:45 INFO] Epoch 7/50  iter 300/743  loss=0.2991  lr=5.23e-05
[04:05:57 INFO] Epoch 7/50  iter 350/743  loss=0.1645  lr=5.22e-05
[04:06:10 INFO] Epoch 7/50  iter 400/743  loss=0.4028  lr=5.22e-05
[04:06:23 INFO] Epoch 7/50  iter 450/743  loss=0.2163  lr=5.21e-05
[04:06:35 INFO] Epoch 7/50  iter 500/743  loss=0.1570  lr=5.20e-05
[04:06:48 INFO] Epoch 7/50  iter 550/743  loss=0.1144  lr=5.19e-05
[04:07:00 INFO] Epoch 7/50  iter 600/743  loss=0.1362  lr=5.18e-05
[04:07:13 INFO] Epoch 7/50  iter 650/743  loss=0.1089  lr=5.17e-05
[04:07:26 INFO] Epoch 7/50  iter 700/743  loss=0.1994  lr=5.17e-05
[04:07:36 INFO] Epoch 7 complete — avg_loss=0.2398  time=187s
[04:07:50 INFO] Epoch 8/50  iter 50/743  loss=0.3732  lr=5.15e-05
[04:08:03 INFO] Epoch 8/50  iter 100/743  loss=0.1346  lr=5.14e-05
[04:08:15 INFO] Epoch 8/50  iter 150/743  loss=0.4822  lr=5.14e-05
[04:08:28 INFO] Epoch 8/50  iter 200/743  loss=0.1149  lr=5.13e-05
[04:08:41 INFO] Epoch 8/50  iter 250/743  loss=0.4408  lr=5.12e-05
[04:08:53 INFO] Epoch 8/50  iter 300/743  loss=0.2170  lr=5.11e-05
[04:09:06 INFO] Epoch 8/50  iter 350/743  loss=0.0938  lr=5.10e-05
[04:09:18 INFO] Epoch 8/50  iter 400/743  loss=0.1428  lr=5.10e-05
[04:09:31 INFO] Epoch 8/50  iter 450/743  loss=0.1576  lr=5.09e-05
[04:09:43 INFO] Epoch 8/50  iter 500/743  loss=0.1470  lr=5.08e-05
[04:09:56 INFO] Epoch 8/50  iter 550/743  loss=0.1029  lr=5.07e-05
[04:10:09 INFO] Epoch 8/50  iter 600/743  loss=0.6749  lr=5.06e-05
[04:10:21 INFO] Epoch 8/50  iter 650/743  loss=0.1396  lr=5.05e-05
[04:10:34 INFO] Epoch 8/50  iter 700/743  loss=0.1954  lr=5.05e-05
[04:10:45 INFO] Epoch 8 complete — avg_loss=0.2344  time=187s
[04:10:58 INFO] Epoch 9/50  iter 50/743  loss=0.1709  lr=5.03e-05
[04:11:11 INFO] Epoch 9/50  iter 100/743  loss=0.1844  lr=5.02e-05
[04:11:24 INFO] Epoch 9/50  iter 150/743  loss=0.1785  lr=5.02e-05
[04:11:36 INFO] Epoch 9/50  iter 200/743  loss=0.1586  lr=5.01e-05
[04:11:49 INFO] Epoch 9/50  iter 250/743  loss=0.2114  lr=5.00e-05
[04:12:01 INFO] Epoch 9/50  iter 300/743  loss=0.1356  lr=4.99e-05
[04:12:14 INFO] Epoch 9/50  iter 350/743  loss=0.3140  lr=4.98e-05
[04:12:26 INFO] Epoch 9/50  iter 400/743  loss=0.2805  lr=4.98e-05
[04:12:39 INFO] Epoch 9/50  iter 450/743  loss=0.4154  lr=4.97e-05
[04:12:52 INFO] Epoch 9/50  iter 500/743  loss=0.2152  lr=4.96e-05
[04:13:04 INFO] Epoch 9/50  iter 550/743  loss=0.3421  lr=4.95e-05
[04:13:17 INFO] Epoch 9/50  iter 600/743  loss=0.1846  lr=4.94e-05
[04:13:29 INFO] Epoch 9/50  iter 650/743  loss=0.1718  lr=4.93e-05
[04:13:42 INFO] Epoch 9/50  iter 700/743  loss=0.2276  lr=4.93e-05
[04:13:53 INFO] Epoch 9 complete — avg_loss=0.2293  time=187s
[04:14:06 INFO] Epoch 10/50  iter 50/743  loss=0.1181  lr=4.91e-05
[04:14:19 INFO] Epoch 10/50  iter 100/743  loss=0.1423  lr=4.90e-05
[04:14:32 INFO] Epoch 10/50  iter 150/743  loss=0.2081  lr=4.90e-05
[04:14:44 INFO] Epoch 10/50  iter 200/743  loss=0.0425  lr=4.89e-05
[04:14:57 INFO] Epoch 10/50  iter 250/743  loss=0.2594  lr=4.88e-05
[04:15:09 INFO] Epoch 10/50  iter 300/743  loss=0.0693  lr=4.87e-05
[04:15:22 INFO] Epoch 10/50  iter 350/743  loss=0.2519  lr=4.86e-05
[04:15:34 INFO] Epoch 10/50  iter 400/743  loss=0.2087  lr=4.86e-05
[04:15:47 INFO] Epoch 10/50  iter 450/743  loss=0.1722  lr=4.85e-05
[04:15:59 INFO] Epoch 10/50  iter 500/743  loss=0.0934  lr=4.84e-05
[04:16:12 INFO] Epoch 10/50  iter 550/743  loss=0.1965  lr=4.83e-05
[04:16:25 INFO] Epoch 10/50  iter 600/743  loss=0.3068  lr=4.82e-05
[04:16:37 INFO] Epoch 10/50  iter 650/743  loss=0.2658  lr=4.81e-05
[04:16:50 INFO] Epoch 10/50  iter 700/743  loss=0.1354  lr=4.81e-05
[04:17:01 INFO] Epoch 10 complete — avg_loss=0.2145  time=187s
[04:17:55 INFO]   val mIoU = 0.6318
[04:17:56 INFO]   ★ New best val mIoU: 0.6318
[04:18:10 INFO] Epoch 11/50  iter 50/743  loss=0.2878  lr=4.79e-05
[04:18:23 INFO] Epoch 11/50  iter 100/743  loss=0.2063  lr=4.78e-05
[04:18:35 INFO] Epoch 11/50  iter 150/743  loss=0.3503  lr=4.78e-05
[04:18:48 INFO] Epoch 11/50  iter 200/743  loss=0.5161  lr=4.77e-05
[04:19:00 INFO] Epoch 11/50  iter 250/743  loss=0.2598  lr=4.76e-05
[04:19:13 INFO] Epoch 11/50  iter 300/743  loss=0.4788  lr=4.75e-05
[04:19:26 INFO] Epoch 11/50  iter 350/743  loss=0.1360  lr=4.74e-05
[04:19:38 INFO] Epoch 11/50  iter 400/743  loss=0.1358  lr=4.74e-05
[04:19:51 INFO] Epoch 11/50  iter 450/743  loss=0.2127  lr=4.73e-05
[04:20:03 INFO] Epoch 11/50  iter 500/743  loss=0.1353  lr=4.72e-05
[04:20:16 INFO] Epoch 11/50  iter 550/743  loss=0.4737  lr=4.71e-05
[04:20:28 INFO] Epoch 11/50  iter 600/743  loss=0.2544  lr=4.70e-05
[04:20:41 INFO] Epoch 11/50  iter 650/743  loss=0.2576  lr=4.69e-05
[04:20:54 INFO] Epoch 11/50  iter 700/743  loss=0.1189  lr=4.69e-05
[04:21:04 INFO] Epoch 11 complete — avg_loss=0.2065  time=187s
[04:21:18 INFO] Epoch 12/50  iter 50/743  loss=0.2779  lr=4.67e-05
[04:21:31 INFO] Epoch 12/50  iter 100/743  loss=0.1244  lr=4.66e-05
[04:21:43 INFO] Epoch 12/50  iter 150/743  loss=0.2844  lr=4.66e-05
[04:21:56 INFO] Epoch 12/50  iter 200/743  loss=0.2915  lr=4.65e-05
[04:22:08 INFO] Epoch 12/50  iter 250/743  loss=0.3737  lr=4.64e-05
[04:22:21 INFO] Epoch 12/50  iter 300/743  loss=0.1876  lr=4.63e-05
[04:22:34 INFO] Epoch 12/50  iter 350/743  loss=0.2427  lr=4.62e-05
[04:22:46 INFO] Epoch 12/50  iter 400/743  loss=0.3638  lr=4.62e-05
[04:22:59 INFO] Epoch 12/50  iter 450/743  loss=0.0703  lr=4.61e-05
[04:23:11 INFO] Epoch 12/50  iter 500/743  loss=0.1377  lr=4.60e-05
[04:23:24 INFO] Epoch 12/50  iter 550/743  loss=0.1473  lr=4.59e-05
[04:23:36 INFO] Epoch 12/50  iter 600/743  loss=0.1670  lr=4.58e-05
[04:23:49 INFO] Epoch 12/50  iter 650/743  loss=0.1282  lr=4.57e-05
[04:24:02 INFO] Epoch 12/50  iter 700/743  loss=0.1191  lr=4.57e-05
[04:24:12 INFO] Epoch 12 complete — avg_loss=0.2058  time=187s
[04:24:26 INFO] Epoch 13/50  iter 50/743  loss=0.1520  lr=4.55e-05
[04:24:39 INFO] Epoch 13/50  iter 100/743  loss=0.0528  lr=4.54e-05
[04:24:51 INFO] Epoch 13/50  iter 150/743  loss=0.2172  lr=4.54e-05
[04:25:04 INFO] Epoch 13/50  iter 200/743  loss=0.1144  lr=4.53e-05
[04:25:17 INFO] Epoch 13/50  iter 250/743  loss=0.1642  lr=4.52e-05
[04:25:29 INFO] Epoch 13/50  iter 300/743  loss=0.1423  lr=4.51e-05
[04:25:42 INFO] Epoch 13/50  iter 350/743  loss=0.1617  lr=4.50e-05
[04:25:54 INFO] Epoch 13/50  iter 400/743  loss=0.1295  lr=4.50e-05
[04:26:07 INFO] Epoch 13/50  iter 450/743  loss=0.3442  lr=4.49e-05
[04:26:20 INFO] Epoch 13/50  iter 500/743  loss=0.1265  lr=4.48e-05
[04:26:32 INFO] Epoch 13/50  iter 550/743  loss=0.1228  lr=4.47e-05
[04:26:45 INFO] Epoch 13/50  iter 600/743  loss=0.1274  lr=4.46e-05
[04:26:57 INFO] Epoch 13/50  iter 650/743  loss=0.0885  lr=4.45e-05
[04:27:10 INFO] Epoch 13/50  iter 700/743  loss=0.1690  lr=4.45e-05
[04:27:21 INFO] Epoch 13 complete — avg_loss=0.2057  time=187s
[04:27:35 INFO] Epoch 14/50  iter 50/743  loss=0.0991  lr=4.43e-05
[04:27:47 INFO] Epoch 14/50  iter 100/743  loss=0.2295  lr=4.42e-05
[04:28:00 INFO] Epoch 14/50  iter 150/743  loss=0.1061  lr=4.42e-05
[04:28:12 INFO] Epoch 14/50  iter 200/743  loss=0.1644  lr=4.41e-05
[04:28:25 INFO] Epoch 14/50  iter 250/743  loss=0.1701  lr=4.40e-05
[04:28:37 INFO] Epoch 14/50  iter 300/743  loss=0.2065  lr=4.39e-05
[04:28:50 INFO] Epoch 14/50  iter 350/743  loss=0.1282  lr=4.38e-05
[04:29:03 INFO] Epoch 14/50  iter 400/743  loss=0.6752  lr=4.38e-05
[04:29:15 INFO] Epoch 14/50  iter 450/743  loss=0.2200  lr=4.37e-05
[04:29:28 INFO] Epoch 14/50  iter 500/743  loss=0.1198  lr=4.36e-05
[04:29:40 INFO] Epoch 14/50  iter 550/743  loss=0.2606  lr=4.35e-05
[04:29:53 INFO] Epoch 14/50  iter 600/743  loss=0.2929  lr=4.34e-05
[04:30:05 INFO] Epoch 14/50  iter 650/743  loss=0.1931  lr=4.33e-05
[04:30:18 INFO] Epoch 14/50  iter 700/743  loss=0.2910  lr=4.33e-05
[04:30:29 INFO] Epoch 14 complete — avg_loss=0.1949  time=187s
[04:30:43 INFO] Epoch 15/50  iter 50/743  loss=0.1887  lr=4.31e-05
[04:30:55 INFO] Epoch 15/50  iter 100/743  loss=0.1565  lr=4.30e-05
[04:31:08 INFO] Epoch 15/50  iter 150/743  loss=0.2167  lr=4.30e-05
[04:31:21 INFO] Epoch 15/50  iter 200/743  loss=0.1473  lr=4.29e-05
[04:31:33 INFO] Epoch 15/50  iter 250/743  loss=0.1905  lr=4.28e-05
[04:31:46 INFO] Epoch 15/50  iter 300/743  loss=0.2838  lr=4.27e-05
[04:31:58 INFO] Epoch 15/50  iter 350/743  loss=0.1418  lr=4.26e-05
[04:32:11 INFO] Epoch 15/50  iter 400/743  loss=0.2645  lr=4.26e-05
[04:32:24 INFO] Epoch 15/50  iter 450/743  loss=0.1325  lr=4.25e-05
[04:32:36 INFO] Epoch 15/50  iter 500/743  loss=0.2325  lr=4.24e-05
[04:32:49 INFO] Epoch 15/50  iter 550/743  loss=0.1978  lr=4.23e-05
[04:33:01 INFO] Epoch 15/50  iter 600/743  loss=0.1599  lr=4.22e-05
[04:33:14 INFO] Epoch 15/50  iter 650/743  loss=0.1336  lr=4.21e-05
[04:33:26 INFO] Epoch 15/50  iter 700/743  loss=0.0866  lr=4.21e-05
[04:33:37 INFO] Epoch 15 complete — avg_loss=0.1978  time=188s
[04:34:31 INFO]   val mIoU = 0.6939
[04:34:32 INFO]   ★ New best val mIoU: 0.6939
[04:34:46 INFO] Epoch 16/50  iter 50/743  loss=0.1178  lr=4.19e-05
[04:34:59 INFO] Epoch 16/50  iter 100/743  loss=0.1879  lr=4.18e-05
[04:35:11 INFO] Epoch 16/50  iter 150/743  loss=0.1315  lr=4.18e-05
[04:35:24 INFO] Epoch 16/50  iter 200/743  loss=0.0839  lr=4.17e-05
[04:35:36 INFO] Epoch 16/50  iter 250/743  loss=0.1418  lr=4.16e-05
[04:35:49 INFO] Epoch 16/50  iter 300/743  loss=0.1070  lr=4.15e-05
[04:36:01 INFO] Epoch 16/50  iter 350/743  loss=0.2412  lr=4.14e-05
[04:36:14 INFO] Epoch 16/50  iter 400/743  loss=0.0527  lr=4.14e-05
[04:36:27 INFO] Epoch 16/50  iter 450/743  loss=0.1438  lr=4.13e-05
[04:36:39 INFO] Epoch 16/50  iter 500/743  loss=0.1713  lr=4.12e-05
[04:36:52 INFO] Epoch 16/50  iter 550/743  loss=0.1760  lr=4.11e-05
[04:37:04 INFO] Epoch 16/50  iter 600/743  loss=0.2494  lr=4.10e-05
[04:37:17 INFO] Epoch 16/50  iter 650/743  loss=0.1338  lr=4.09e-05
[04:37:29 INFO] Epoch 16/50  iter 700/743  loss=0.1585  lr=4.09e-05
[04:37:40 INFO] Epoch 16 complete — avg_loss=0.1844  time=187s
[04:37:54 INFO] Epoch 17/50  iter 50/743  loss=0.0946  lr=4.07e-05
[04:38:07 INFO] Epoch 17/50  iter 100/743  loss=0.1162  lr=4.06e-05
[04:38:19 INFO] Epoch 17/50  iter 150/743  loss=0.1585  lr=4.06e-05
[04:38:32 INFO] Epoch 17/50  iter 200/743  loss=0.0742  lr=4.05e-05
[04:38:45 INFO] Epoch 17/50  iter 250/743  loss=0.0928  lr=4.04e-05
[04:38:57 INFO] Epoch 17/50  iter 300/743  loss=0.1618  lr=4.03e-05
[04:39:10 INFO] Epoch 17/50  iter 350/743  loss=0.1197  lr=4.02e-05
[04:39:22 INFO] Epoch 17/50  iter 400/743  loss=0.1369  lr=4.02e-05
[04:39:35 INFO] Epoch 17/50  iter 450/743  loss=0.1806  lr=4.01e-05
[04:39:47 INFO] Epoch 17/50  iter 500/743  loss=0.1304  lr=4.00e-05
[04:40:00 INFO] Epoch 17/50  iter 550/743  loss=0.2451  lr=3.99e-05
[04:40:13 INFO] Epoch 17/50  iter 600/743  loss=0.0992  lr=3.98e-05
[04:40:25 INFO] Epoch 17/50  iter 650/743  loss=0.0991  lr=3.97e-05
[04:40:38 INFO] Epoch 17/50  iter 700/743  loss=0.0882  lr=3.97e-05
[04:40:49 INFO] Epoch 17 complete — avg_loss=0.1801  time=187s
[04:41:02 INFO] Epoch 18/50  iter 50/743  loss=0.1814  lr=3.95e-05
[04:41:15 INFO] Epoch 18/50  iter 100/743  loss=0.5188  lr=3.94e-05
[04:41:27 INFO] Epoch 18/50  iter 150/743  loss=0.2177  lr=3.94e-05
[04:41:40 INFO] Epoch 18/50  iter 200/743  loss=0.1862  lr=3.93e-05
[04:41:52 INFO] Epoch 18/50  iter 250/743  loss=0.2629  lr=3.92e-05
[04:42:05 INFO] Epoch 18/50  iter 300/743  loss=0.2120  lr=3.91e-05
[04:42:18 INFO] Epoch 18/50  iter 350/743  loss=0.2134  lr=3.90e-05
[04:42:30 INFO] Epoch 18/50  iter 400/743  loss=0.1233  lr=3.90e-05
[04:42:43 INFO] Epoch 18/50  iter 450/743  loss=0.1024  lr=3.89e-05
[04:42:55 INFO] Epoch 18/50  iter 500/743  loss=0.0707  lr=3.88e-05
[04:43:08 INFO] Epoch 18/50  iter 550/743  loss=0.0884  lr=3.87e-05
[04:43:20 INFO] Epoch 18/50  iter 600/743  loss=0.2332  lr=3.86e-05
[04:43:33 INFO] Epoch 18/50  iter 650/743  loss=0.1363  lr=3.85e-05
[04:43:46 INFO] Epoch 18/50  iter 700/743  loss=0.2795  lr=3.85e-05
[04:43:56 INFO] Epoch 18 complete — avg_loss=0.1734  time=187s
[04:44:10 INFO] Epoch 19/50  iter 50/743  loss=0.2082  lr=3.83e-05
[04:44:23 INFO] Epoch 19/50  iter 100/743  loss=0.1231  lr=3.82e-05
[04:44:35 INFO] Epoch 19/50  iter 150/743  loss=0.1374  lr=3.82e-05
[04:44:48 INFO] Epoch 19/50  iter 200/743  loss=0.1197  lr=3.81e-05
[04:45:01 INFO] Epoch 19/50  iter 250/743  loss=0.1297  lr=3.80e-05
[04:45:13 INFO] Epoch 19/50  iter 300/743  loss=0.0835  lr=3.79e-05
[04:45:26 INFO] Epoch 19/50  iter 350/743  loss=0.1514  lr=3.78e-05
[04:45:38 INFO] Epoch 19/50  iter 400/743  loss=0.1127  lr=3.78e-05
[04:45:51 INFO] Epoch 19/50  iter 450/743  loss=0.1613  lr=3.77e-05
[04:46:03 INFO] Epoch 19/50  iter 500/743  loss=0.0817  lr=3.76e-05
[04:46:16 INFO] Epoch 19/50  iter 550/743  loss=0.2491  lr=3.75e-05
[04:46:29 INFO] Epoch 19/50  iter 600/743  loss=0.2588  lr=3.74e-05
[04:46:41 INFO] Epoch 19/50  iter 650/743  loss=0.1484  lr=3.73e-05
[04:46:54 INFO] Epoch 19/50  iter 700/743  loss=0.1479  lr=3.73e-05
[04:47:05 INFO] Epoch 19 complete — avg_loss=0.1773  time=187s
[04:47:19 INFO] Epoch 20/50  iter 50/743  loss=0.2157  lr=3.71e-05
[04:47:31 INFO] Epoch 20/50  iter 100/743  loss=0.1102  lr=3.70e-05
[04:47:44 INFO] Epoch 20/50  iter 150/743  loss=0.1246  lr=3.70e-05
[04:47:56 INFO] Epoch 20/50  iter 200/743  loss=0.1672  lr=3.69e-05
[04:48:09 INFO] Epoch 20/50  iter 250/743  loss=0.1435  lr=3.68e-05
[04:48:21 INFO] Epoch 20/50  iter 300/743  loss=0.0966  lr=3.67e-05
[04:48:34 INFO] Epoch 20/50  iter 350/743  loss=0.0992  lr=3.66e-05
[04:48:47 INFO] Epoch 20/50  iter 400/743  loss=0.0889  lr=3.66e-05
[04:48:59 INFO] Epoch 20/50  iter 450/743  loss=0.2100  lr=3.65e-05
[04:49:12 INFO] Epoch 20/50  iter 500/743  loss=0.2252  lr=3.64e-05
[04:49:24 INFO] Epoch 20/50  iter 550/743  loss=0.3125  lr=3.63e-05
[04:49:37 INFO] Epoch 20/50  iter 600/743  loss=0.0833  lr=3.62e-05
[04:49:49 INFO] Epoch 20/50  iter 650/743  loss=0.1522  lr=3.61e-05
[04:50:02 INFO] Epoch 20/50  iter 700/743  loss=0.1459  lr=3.61e-05
[04:50:13 INFO] Epoch 20 complete — avg_loss=0.1756  time=187s
[04:51:06 INFO]   val mIoU = 0.7101
[04:51:07 INFO]   ★ New best val mIoU: 0.7101
[04:51:21 INFO] Epoch 21/50  iter 50/743  loss=0.1334  lr=3.59e-05
[04:51:33 INFO] Epoch 21/50  iter 100/743  loss=0.1140  lr=3.58e-05
[04:51:46 INFO] Epoch 21/50  iter 150/743  loss=0.0571  lr=3.58e-05
[04:51:58 INFO] Epoch 21/50  iter 200/743  loss=1.2473  lr=3.57e-05
[04:52:11 INFO] Epoch 21/50  iter 250/743  loss=0.1765  lr=3.56e-05
[04:52:23 INFO] Epoch 21/50  iter 300/743  loss=0.1200  lr=3.55e-05
[04:52:36 INFO] Epoch 21/50  iter 350/743  loss=0.0844  lr=3.54e-05
[04:52:48 INFO] Epoch 21/50  iter 400/743  loss=0.1682  lr=3.54e-05
[04:53:01 INFO] Epoch 21/50  iter 450/743  loss=0.1120  lr=3.53e-05
[04:53:14 INFO] Epoch 21/50  iter 500/743  loss=0.0863  lr=3.52e-05
[04:53:26 INFO] Epoch 21/50  iter 550/743  loss=0.0942  lr=3.51e-05
[04:53:39 INFO] Epoch 21/50  iter 600/743  loss=0.1220  lr=3.50e-05
[04:53:51 INFO] Epoch 21/50  iter 650/743  loss=0.2177  lr=3.49e-05
[04:54:04 INFO] Epoch 21/50  iter 700/743  loss=0.1379  lr=3.49e-05
[04:54:15 INFO] Epoch 21 complete — avg_loss=0.1667  time=187s
[04:54:29 INFO] Epoch 22/50  iter 50/743  loss=0.1309  lr=3.47e-05
[04:54:41 INFO] Epoch 22/50  iter 100/743  loss=0.0912  lr=3.46e-05
[04:54:54 INFO] Epoch 22/50  iter 150/743  loss=0.0868  lr=3.46e-05
[04:55:06 INFO] Epoch 22/50  iter 200/743  loss=0.2251  lr=3.45e-05
[04:55:19 INFO] Epoch 22/50  iter 250/743  loss=0.1788  lr=3.44e-05
[04:55:31 INFO] Epoch 22/50  iter 300/743  loss=0.1469  lr=3.43e-05
[04:55:44 INFO] Epoch 22/50  iter 350/743  loss=0.1315  lr=3.42e-05
[04:55:56 INFO] Epoch 22/50  iter 400/743  loss=0.1257  lr=3.42e-05
[04:56:09 INFO] Epoch 22/50  iter 450/743  loss=0.1029  lr=3.41e-05
[04:56:22 INFO] Epoch 22/50  iter 500/743  loss=0.1340  lr=3.40e-05
[04:56:34 INFO] Epoch 22/50  iter 550/743  loss=0.1287  lr=3.39e-05
[04:56:47 INFO] Epoch 22/50  iter 600/743  loss=0.1033  lr=3.38e-05
[04:56:59 INFO] Epoch 22/50  iter 650/743  loss=0.1888  lr=3.37e-05
[04:57:12 INFO] Epoch 22/50  iter 700/743  loss=0.2632  lr=3.37e-05
[04:57:23 INFO] Epoch 22 complete — avg_loss=0.1617  time=187s
[04:57:37 INFO] Epoch 23/50  iter 50/743  loss=0.1208  lr=3.35e-05
[04:57:49 INFO] Epoch 23/50  iter 100/743  loss=0.0962  lr=3.34e-05
[04:58:02 INFO] Epoch 23/50  iter 150/743  loss=0.3975  lr=3.34e-05
[04:58:14 INFO] Epoch 23/50  iter 200/743  loss=0.1389  lr=3.33e-05
[04:58:27 INFO] Epoch 23/50  iter 250/743  loss=0.2529  lr=3.32e-05
[04:58:39 INFO] Epoch 23/50  iter 300/743  loss=0.1091  lr=3.31e-05
[04:58:52 INFO] Epoch 23/50  iter 350/743  loss=0.0303  lr=3.30e-05
[04:59:05 INFO] Epoch 23/50  iter 400/743  loss=0.1528  lr=3.30e-05
[04:59:17 INFO] Epoch 23/50  iter 450/743  loss=0.1454  lr=3.29e-05
[04:59:30 INFO] Epoch 23/50  iter 500/743  loss=0.1536  lr=3.28e-05
[04:59:42 INFO] Epoch 23/50  iter 550/743  loss=0.1340  lr=3.27e-05
[04:59:55 INFO] Epoch 23/50  iter 600/743  loss=0.0962  lr=3.26e-05
[05:00:07 INFO] Epoch 23/50  iter 650/743  loss=0.1797  lr=3.25e-05
[05:00:20 INFO] Epoch 23/50  iter 700/743  loss=0.0845  lr=3.25e-05
[05:00:31 INFO] Epoch 23 complete — avg_loss=0.1567  time=187s
[05:00:45 INFO] Epoch 24/50  iter 50/743  loss=0.0756  lr=3.23e-05
[05:00:57 INFO] Epoch 24/50  iter 100/743  loss=0.1575  lr=3.22e-05
[05:01:10 INFO] Epoch 24/50  iter 150/743  loss=0.1289  lr=3.22e-05
[05:01:22 INFO] Epoch 24/50  iter 200/743  loss=0.0878  lr=3.21e-05
[05:01:35 INFO] Epoch 24/50  iter 250/743  loss=0.0536  lr=3.20e-05
[05:01:47 INFO] Epoch 24/50  iter 300/743  loss=0.1255  lr=3.19e-05
[05:02:00 INFO] Epoch 24/50  iter 350/743  loss=0.0837  lr=3.18e-05
[05:02:12 INFO] Epoch 24/50  iter 400/743  loss=0.1901  lr=3.18e-05
[05:02:25 INFO] Epoch 24/50  iter 450/743  loss=0.0927  lr=3.17e-05
[05:02:38 INFO] Epoch 24/50  iter 500/743  loss=0.1128  lr=3.16e-05
[05:02:50 INFO] Epoch 24/50  iter 550/743  loss=0.1188  lr=3.15e-05
[05:03:03 INFO] Epoch 24/50  iter 600/743  loss=0.1034  lr=3.14e-05
[05:03:15 INFO] Epoch 24/50  iter 650/743  loss=0.1730  lr=3.13e-05
[05:03:28 INFO] Epoch 24/50  iter 700/743  loss=0.0921  lr=3.13e-05
[05:03:39 INFO] Epoch 24 complete — avg_loss=0.1565  time=187s
[05:03:52 INFO] Epoch 25/50  iter 50/743  loss=0.0756  lr=3.11e-05
[05:04:05 INFO] Epoch 25/50  iter 100/743  loss=0.2101  lr=3.10e-05
[05:04:18 INFO] Epoch 25/50  iter 150/743  loss=0.1088  lr=3.10e-05
[05:04:30 INFO] Epoch 25/50  iter 200/743  loss=0.0966  lr=3.09e-05
[05:04:43 INFO] Epoch 25/50  iter 250/743  loss=0.1502  lr=3.08e-05
[05:04:55 INFO] Epoch 25/50  iter 300/743  loss=0.1250  lr=3.07e-05
[05:05:08 INFO] Epoch 25/50  iter 350/743  loss=0.1775  lr=3.06e-05
[05:05:20 INFO] Epoch 25/50  iter 400/743  loss=0.0573  lr=3.06e-05
[05:05:33 INFO] Epoch 25/50  iter 450/743  loss=0.2663  lr=3.05e-05
[05:05:46 INFO] Epoch 25/50  iter 500/743  loss=0.1603  lr=3.04e-05
[05:05:58 INFO] Epoch 25/50  iter 550/743  loss=0.1939  lr=3.03e-05
[05:06:11 INFO] Epoch 25/50  iter 600/743  loss=0.1419  lr=3.02e-05
[05:06:23 INFO] Epoch 25/50  iter 650/743  loss=0.1166  lr=3.01e-05
[05:06:36 INFO] Epoch 25/50  iter 700/743  loss=0.1441  lr=3.01e-05
[05:06:47 INFO] Epoch 25 complete — avg_loss=0.1571  time=187s
[05:07:40 INFO]   val mIoU = 0.7242
[05:07:41 INFO]   ★ New best val mIoU: 0.7242
[05:07:55 INFO] Epoch 26/50  iter 50/743  loss=0.1497  lr=2.99e-05
[05:08:07 INFO] Epoch 26/50  iter 100/743  loss=0.1057  lr=2.98e-05
[05:08:20 INFO] Epoch 26/50  iter 150/743  loss=0.1397  lr=2.98e-05
[05:08:33 INFO] Epoch 26/50  iter 200/743  loss=0.0750  lr=2.97e-05
[05:08:45 INFO] Epoch 26/50  iter 250/743  loss=0.1203  lr=2.96e-05
[05:08:58 INFO] Epoch 26/50  iter 300/743  loss=0.2158  lr=2.95e-05
[05:09:10 INFO] Epoch 26/50  iter 350/743  loss=0.0826  lr=2.94e-05
[05:09:23 INFO] Epoch 26/50  iter 400/743  loss=0.0607  lr=2.94e-05
[05:09:35 INFO] Epoch 26/50  iter 450/743  loss=0.0803  lr=2.93e-05
[05:09:48 INFO] Epoch 26/50  iter 500/743  loss=0.1534  lr=2.92e-05
[05:10:01 INFO] Epoch 26/50  iter 550/743  loss=0.1958  lr=2.91e-05
[05:10:13 INFO] Epoch 26/50  iter 600/743  loss=0.0779  lr=2.90e-05
[05:10:26 INFO] Epoch 26/50  iter 650/743  loss=0.0795  lr=2.89e-05
[05:10:38 INFO] Epoch 26/50  iter 700/743  loss=0.1598  lr=2.89e-05
[05:10:49 INFO] Epoch 26 complete — avg_loss=0.1538  time=187s
[05:11:03 INFO] Epoch 27/50  iter 50/743  loss=0.0836  lr=2.87e-05
[05:11:16 INFO] Epoch 27/50  iter 100/743  loss=0.0993  lr=2.86e-05
[05:11:28 INFO] Epoch 27/50  iter 150/743  loss=0.0784  lr=2.86e-05
[05:11:41 INFO] Epoch 27/50  iter 200/743  loss=0.0732  lr=2.85e-05
[05:11:54 INFO] Epoch 27/50  iter 250/743  loss=0.1753  lr=2.84e-05
[05:12:06 INFO] Epoch 27/50  iter 300/743  loss=0.0839  lr=2.83e-05
[05:12:19 INFO] Epoch 27/50  iter 350/743  loss=0.0925  lr=2.82e-05
[05:12:31 INFO] Epoch 27/50  iter 400/743  loss=0.1135  lr=2.82e-05
[05:12:44 INFO] Epoch 27/50  iter 450/743  loss=0.1132  lr=2.81e-05
[05:12:56 INFO] Epoch 27/50  iter 500/743  loss=0.1069  lr=2.80e-05
[05:13:09 INFO] Epoch 27/50  iter 550/743  loss=0.1090  lr=2.79e-05
[05:13:22 INFO] Epoch 27/50  iter 600/743  loss=0.1414  lr=2.78e-05
[05:13:34 INFO] Epoch 27/50  iter 650/743  loss=0.0700  lr=2.77e-05
[05:13:47 INFO] Epoch 27/50  iter 700/743  loss=0.2038  lr=2.77e-05
[05:13:58 INFO] Epoch 27 complete — avg_loss=0.1516  time=187s
[05:14:11 INFO] Epoch 28/50  iter 50/743  loss=0.1798  lr=2.75e-05
[05:14:24 INFO] Epoch 28/50  iter 100/743  loss=0.2166  lr=2.74e-05
[05:14:36 INFO] Epoch 28/50  iter 150/743  loss=0.0917  lr=2.74e-05
[05:14:49 INFO] Epoch 28/50  iter 200/743  loss=0.0677  lr=2.73e-05
[05:15:02 INFO] Epoch 28/50  iter 250/743  loss=0.0824  lr=2.72e-05
[05:15:14 INFO] Epoch 28/50  iter 300/743  loss=0.1539  lr=2.71e-05
[05:15:27 INFO] Epoch 28/50  iter 350/743  loss=0.1351  lr=2.70e-05
[05:15:39 INFO] Epoch 28/50  iter 400/743  loss=0.1017  lr=2.70e-05
[05:15:52 INFO] Epoch 28/50  iter 450/743  loss=0.0643  lr=2.69e-05
[05:16:04 INFO] Epoch 28/50  iter 500/743  loss=0.1563  lr=2.68e-05
[05:16:17 INFO] Epoch 28/50  iter 550/743  loss=0.0684  lr=2.67e-05
[05:16:30 INFO] Epoch 28/50  iter 600/743  loss=0.1187  lr=2.66e-05
[05:16:42 INFO] Epoch 28/50  iter 650/743  loss=0.1787  lr=2.65e-05
[05:16:55 INFO] Epoch 28/50  iter 700/743  loss=0.1606  lr=2.65e-05
[05:17:06 INFO] Epoch 28 complete — avg_loss=0.1603  time=187s
[05:17:20 INFO] Epoch 29/50  iter 50/743  loss=0.1284  lr=2.63e-05
[05:17:32 INFO] Epoch 29/50  iter 100/743  loss=0.2789  lr=2.62e-05
[05:17:45 INFO] Epoch 29/50  iter 150/743  loss=0.1349  lr=2.62e-05
[05:17:57 INFO] Epoch 29/50  iter 200/743  loss=0.1429  lr=2.61e-05
[05:18:10 INFO] Epoch 29/50  iter 250/743  loss=0.0840  lr=2.60e-05
[05:18:22 INFO] Epoch 29/50  iter 300/743  loss=0.1157  lr=2.59e-05
[05:18:35 INFO] Epoch 29/50  iter 350/743  loss=0.1672  lr=2.58e-05
[05:18:48 INFO] Epoch 29/50  iter 400/743  loss=0.1310  lr=2.58e-05
[05:19:00 INFO] Epoch 29/50  iter 450/743  loss=0.5922  lr=2.57e-05
[05:19:13 INFO] Epoch 29/50  iter 500/743  loss=0.1138  lr=2.56e-05
[05:19:25 INFO] Epoch 29/50  iter 550/743  loss=0.1053  lr=2.55e-05
[05:19:38 INFO] Epoch 29/50  iter 600/743  loss=0.1714  lr=2.54e-05
[05:19:50 INFO] Epoch 29/50  iter 650/743  loss=1.0089  lr=2.53e-05
[05:20:03 INFO] Epoch 29/50  iter 700/743  loss=0.1415  lr=2.53e-05
[05:20:14 INFO] Epoch 29 complete — avg_loss=0.1486  time=187s
[05:20:28 INFO] Epoch 30/50  iter 50/743  loss=0.0672  lr=2.51e-05
[05:20:40 INFO] Epoch 30/50  iter 100/743  loss=0.1729  lr=2.50e-05
[05:20:53 INFO] Epoch 30/50  iter 150/743  loss=0.1006  lr=2.50e-05
[05:21:05 INFO] Epoch 30/50  iter 200/743  loss=0.2626  lr=2.49e-05
[05:21:18 INFO] Epoch 30/50  iter 250/743  loss=0.1253  lr=2.48e-05
[05:21:31 INFO] Epoch 30/50  iter 300/743  loss=0.2019  lr=2.47e-05
[05:21:43 INFO] Epoch 30/50  iter 350/743  loss=0.1707  lr=2.46e-05
[05:21:56 INFO] Epoch 30/50  iter 400/743  loss=0.1448  lr=2.46e-05
[05:22:08 INFO] Epoch 30/50  iter 450/743  loss=0.1723  lr=2.45e-05
[05:22:21 INFO] Epoch 30/50  iter 500/743  loss=0.1420  lr=2.44e-05
[05:22:33 INFO] Epoch 30/50  iter 550/743  loss=0.1768  lr=2.43e-05
[05:22:46 INFO] Epoch 30/50  iter 600/743  loss=0.1183  lr=2.42e-05
[05:22:59 INFO] Epoch 30/50  iter 650/743  loss=0.1807  lr=2.41e-05
[05:23:11 INFO] Epoch 30/50  iter 700/743  loss=0.1219  lr=2.41e-05
[05:23:22 INFO] Epoch 30 complete — avg_loss=0.1432  time=187s
[05:24:16 INFO]   val mIoU = 0.7378
[05:24:17 INFO]   ★ New best val mIoU: 0.7378
[05:24:31 INFO] Epoch 31/50  iter 50/743  loss=0.0938  lr=2.39e-05
[05:24:43 INFO] Epoch 31/50  iter 100/743  loss=0.1398  lr=2.38e-05
[05:24:56 INFO] Epoch 31/50  iter 150/743  loss=0.1367  lr=2.38e-05
[05:25:09 INFO] Epoch 31/50  iter 200/743  loss=0.1596  lr=2.37e-05
[05:25:21 INFO] Epoch 31/50  iter 250/743  loss=0.1059  lr=2.36e-05
[05:25:34 INFO] Epoch 31/50  iter 300/743  loss=0.4784  lr=2.35e-05
[05:25:46 INFO] Epoch 31/50  iter 350/743  loss=0.0548  lr=2.34e-05
[05:25:59 INFO] Epoch 31/50  iter 400/743  loss=0.2407  lr=2.34e-05
[05:26:11 INFO] Epoch 31/50  iter 450/743  loss=0.1336  lr=2.33e-05
[05:26:24 INFO] Epoch 31/50  iter 500/743  loss=0.2009  lr=2.32e-05
[05:26:37 INFO] Epoch 31/50  iter 550/743  loss=0.1730  lr=2.31e-05
[05:26:49 INFO] Epoch 31/50  iter 600/743  loss=0.0546  lr=2.30e-05
[05:27:02 INFO] Epoch 31/50  iter 650/743  loss=0.1472  lr=2.29e-05
[05:27:14 INFO] Epoch 31/50  iter 700/743  loss=0.0744  lr=2.29e-05
[05:27:25 INFO] Epoch 31 complete — avg_loss=0.1414  time=187s
[05:27:39 INFO] Epoch 32/50  iter 50/743  loss=0.0771  lr=2.27e-05
[05:27:52 INFO] Epoch 32/50  iter 100/743  loss=0.1735  lr=2.26e-05
[05:28:04 INFO] Epoch 32/50  iter 150/743  loss=0.1499  lr=2.26e-05
[05:28:17 INFO] Epoch 32/50  iter 200/743  loss=0.1796  lr=2.25e-05
[05:28:29 INFO] Epoch 32/50  iter 250/743  loss=0.1516  lr=2.24e-05
[05:28:42 INFO] Epoch 32/50  iter 300/743  loss=0.1135  lr=2.23e-05
[05:28:55 INFO] Epoch 32/50  iter 350/743  loss=0.0851  lr=2.22e-05
[05:29:07 INFO] Epoch 32/50  iter 400/743  loss=0.2876  lr=2.22e-05
[05:29:20 INFO] Epoch 32/50  iter 450/743  loss=0.0438  lr=2.21e-05
[05:29:32 INFO] Epoch 32/50  iter 500/743  loss=0.0765  lr=2.20e-05
[05:29:45 INFO] Epoch 32/50  iter 550/743  loss=0.1533  lr=2.19e-05
[05:29:58 INFO] Epoch 32/50  iter 600/743  loss=0.2568  lr=2.18e-05
[05:30:10 INFO] Epoch 32/50  iter 650/743  loss=0.1218  lr=2.17e-05
[05:30:23 INFO] Epoch 32/50  iter 700/743  loss=0.0814  lr=2.17e-05
[05:30:34 INFO] Epoch 32 complete — avg_loss=0.1381  time=188s
[05:30:48 INFO] Epoch 33/50  iter 50/743  loss=0.1957  lr=2.15e-05
[05:31:00 INFO] Epoch 33/50  iter 100/743  loss=0.2286  lr=2.14e-05
[05:31:13 INFO] Epoch 33/50  iter 150/743  loss=0.0999  lr=2.14e-05
[05:31:25 INFO] Epoch 33/50  iter 200/743  loss=0.0966  lr=2.13e-05
[05:31:38 INFO] Epoch 33/50  iter 250/743  loss=0.0835  lr=2.12e-05
[05:31:51 INFO] Epoch 33/50  iter 300/743  loss=0.1346  lr=2.11e-05
[05:32:03 INFO] Epoch 33/50  iter 350/743  loss=0.0806  lr=2.10e-05
[05:32:16 INFO] Epoch 33/50  iter 400/743  loss=0.1271  lr=2.10e-05
[05:32:28 INFO] Epoch 33/50  iter 450/743  loss=0.2513  lr=2.09e-05
[05:32:41 INFO] Epoch 33/50  iter 500/743  loss=0.1295  lr=2.08e-05
[05:32:53 INFO] Epoch 33/50  iter 550/743  loss=0.1393  lr=2.07e-05
[05:33:06 INFO] Epoch 33/50  iter 600/743  loss=0.1690  lr=2.06e-05
[05:33:19 INFO] Epoch 33/50  iter 650/743  loss=0.2752  lr=2.05e-05
[05:33:31 INFO] Epoch 33/50  iter 700/743  loss=0.1767  lr=2.05e-05
[05:33:42 INFO] Epoch 33 complete — avg_loss=0.1380  time=188s
[05:33:56 INFO] Epoch 34/50  iter 50/743  loss=0.1692  lr=2.03e-05
[05:34:09 INFO] Epoch 34/50  iter 100/743  loss=0.0958  lr=2.02e-05
[05:34:21 INFO] Epoch 34/50  iter 150/743  loss=0.6728  lr=2.02e-05
[05:34:34 INFO] Epoch 34/50  iter 200/743  loss=0.0964  lr=2.01e-05
[05:34:46 INFO] Epoch 34/50  iter 250/743  loss=0.0902  lr=2.00e-05
[05:34:59 INFO] Epoch 34/50  iter 300/743  loss=0.0716  lr=1.99e-05
[05:35:11 INFO] Epoch 34/50  iter 350/743  loss=0.1016  lr=1.98e-05
[05:35:24 INFO] Epoch 34/50  iter 400/743  loss=0.0733  lr=1.98e-05
[05:35:37 INFO] Epoch 34/50  iter 450/743  loss=0.1317  lr=1.97e-05
[05:35:49 INFO] Epoch 34/50  iter 500/743  loss=0.1454  lr=1.96e-05
[05:36:02 INFO] Epoch 34/50  iter 550/743  loss=0.1621  lr=1.95e-05
[05:36:14 INFO] Epoch 34/50  iter 600/743  loss=0.1807  lr=1.94e-05
[05:36:27 INFO] Epoch 34/50  iter 650/743  loss=0.1972  lr=1.93e-05
[05:36:40 INFO] Epoch 34/50  iter 700/743  loss=0.1062  lr=1.93e-05
[05:36:50 INFO] Epoch 34 complete — avg_loss=0.1434  time=188s
[05:37:04 INFO] Epoch 35/50  iter 50/743  loss=0.1423  lr=1.91e-05
[05:37:17 INFO] Epoch 35/50  iter 100/743  loss=0.1113  lr=1.90e-05
[05:37:29 INFO] Epoch 35/50  iter 150/743  loss=0.0822  lr=1.90e-05
[05:37:42 INFO] Epoch 35/50  iter 200/743  loss=0.1237  lr=1.89e-05
[05:37:55 INFO] Epoch 35/50  iter 250/743  loss=0.0561  lr=1.88e-05
[05:38:07 INFO] Epoch 35/50  iter 300/743  loss=0.1129  lr=1.87e-05
[05:38:20 INFO] Epoch 35/50  iter 350/743  loss=0.1867  lr=1.86e-05
[05:38:32 INFO] Epoch 35/50  iter 400/743  loss=0.0858  lr=1.86e-05
[05:38:45 INFO] Epoch 35/50  iter 450/743  loss=0.1149  lr=1.85e-05
[05:38:57 INFO] Epoch 35/50  iter 500/743  loss=0.1304  lr=1.84e-05
[05:39:10 INFO] Epoch 35/50  iter 550/743  loss=0.1010  lr=1.83e-05
[05:39:23 INFO] Epoch 35/50  iter 600/743  loss=0.1372  lr=1.82e-05
[05:39:35 INFO] Epoch 35/50  iter 650/743  loss=0.0494  lr=1.81e-05
[05:39:48 INFO] Epoch 35/50  iter 700/743  loss=0.1210  lr=1.81e-05
[05:39:59 INFO] Epoch 35 complete — avg_loss=0.1356  time=187s
[05:40:53 INFO]   val mIoU = 0.7540
[05:40:53 INFO]   ★ New best val mIoU: 0.7540
[05:41:07 INFO] Epoch 36/50  iter 50/743  loss=0.0705  lr=1.79e-05
[05:41:20 INFO] Epoch 36/50  iter 100/743  loss=0.0500  lr=1.78e-05
[05:41:32 INFO] Epoch 36/50  iter 150/743  loss=0.4810  lr=1.78e-05
[05:41:45 INFO] Epoch 36/50  iter 200/743  loss=0.1042  lr=1.77e-05
[05:41:57 INFO] Epoch 36/50  iter 250/743  loss=0.1753  lr=1.76e-05
[05:42:10 INFO] Epoch 36/50  iter 300/743  loss=0.0913  lr=1.75e-05
[05:42:22 INFO] Epoch 36/50  iter 350/743  loss=0.1220  lr=1.74e-05
[05:42:35 INFO] Epoch 36/50  iter 400/743  loss=0.1666  lr=1.74e-05
[05:42:48 INFO] Epoch 36/50  iter 450/743  loss=0.1541  lr=1.73e-05
[05:43:00 INFO] Epoch 36/50  iter 500/743  loss=0.1236  lr=1.72e-05
[05:43:13 INFO] Epoch 36/50  iter 550/743  loss=0.1311  lr=1.71e-05
[05:43:25 INFO] Epoch 36/50  iter 600/743  loss=0.0928  lr=1.70e-05
[05:43:38 INFO] Epoch 36/50  iter 650/743  loss=0.1130  lr=1.69e-05
[05:43:51 INFO] Epoch 36/50  iter 700/743  loss=0.1272  lr=1.69e-05
[05:44:01 INFO] Epoch 36 complete — avg_loss=0.1357  time=187s
[05:44:15 INFO] Epoch 37/50  iter 50/743  loss=0.1610  lr=1.67e-05
[05:44:28 INFO] Epoch 37/50  iter 100/743  loss=0.1859  lr=1.66e-05
[05:44:40 INFO] Epoch 37/50  iter 150/743  loss=0.1469  lr=1.66e-05
[05:44:53 INFO] Epoch 37/50  iter 200/743  loss=0.0897  lr=1.65e-05
[05:45:06 INFO] Epoch 37/50  iter 250/743  loss=0.1022  lr=1.64e-05
[05:45:18 INFO] Epoch 37/50  iter 300/743  loss=0.0992  lr=1.63e-05
[05:45:31 INFO] Epoch 37/50  iter 350/743  loss=0.1466  lr=1.62e-05
[05:45:43 INFO] Epoch 37/50  iter 400/743  loss=0.1027  lr=1.62e-05
[05:45:56 INFO] Epoch 37/50  iter 450/743  loss=0.0735  lr=1.61e-05
[05:46:09 INFO] Epoch 37/50  iter 500/743  loss=0.2640  lr=1.60e-05
[05:46:21 INFO] Epoch 37/50  iter 550/743  loss=0.0792  lr=1.59e-05
[05:46:34 INFO] Epoch 37/50  iter 600/743  loss=0.0543  lr=1.58e-05
[05:46:46 INFO] Epoch 37/50  iter 650/743  loss=0.1450  lr=1.57e-05
[05:46:59 INFO] Epoch 37/50  iter 700/743  loss=0.1338  lr=1.57e-05
[05:47:10 INFO] Epoch 37 complete — avg_loss=0.1329  time=187s
[05:47:24 INFO] Epoch 38/50  iter 50/743  loss=0.1938  lr=1.55e-05
[05:47:36 INFO] Epoch 38/50  iter 100/743  loss=0.1823  lr=1.54e-05
[05:47:49 INFO] Epoch 38/50  iter 150/743  loss=0.1253  lr=1.54e-05
[05:48:01 INFO] Epoch 38/50  iter 200/743  loss=0.0553  lr=1.53e-05
[05:48:14 INFO] Epoch 38/50  iter 250/743  loss=0.1469  lr=1.52e-05
[05:48:26 INFO] Epoch 38/50  iter 300/743  loss=0.1081  lr=1.51e-05
[05:48:39 INFO] Epoch 38/50  iter 350/743  loss=0.1461  lr=1.50e-05
[05:48:52 INFO] Epoch 38/50  iter 400/743  loss=0.1431  lr=1.50e-05
[05:49:04 INFO] Epoch 38/50  iter 450/743  loss=0.1551  lr=1.49e-05
[05:49:17 INFO] Epoch 38/50  iter 500/743  loss=0.0624  lr=1.48e-05
[05:49:29 INFO] Epoch 38/50  iter 550/743  loss=0.0506  lr=1.47e-05
[05:49:42 INFO] Epoch 38/50  iter 600/743  loss=0.1436  lr=1.46e-05
[05:49:54 INFO] Epoch 38/50  iter 650/743  loss=0.1341  lr=1.45e-05
[05:50:07 INFO] Epoch 38/50  iter 700/743  loss=0.0645  lr=1.45e-05
[05:50:18 INFO] Epoch 38 complete — avg_loss=0.1263  time=187s
[05:50:32 INFO] Epoch 39/50  iter 50/743  loss=0.3034  lr=1.43e-05
[05:50:44 INFO] Epoch 39/50  iter 100/743  loss=0.1556  lr=1.42e-05
[05:50:57 INFO] Epoch 39/50  iter 150/743  loss=0.0855  lr=1.42e-05
[05:51:09 INFO] Epoch 39/50  iter 200/743  loss=0.1711  lr=1.41e-05
[05:51:22 INFO] Epoch 39/50  iter 250/743  loss=0.1196  lr=1.40e-05
[05:51:34 INFO] Epoch 39/50  iter 300/743  loss=0.0797  lr=1.39e-05
[05:51:47 INFO] Epoch 39/50  iter 350/743  loss=0.1707  lr=1.38e-05
[05:52:00 INFO] Epoch 39/50  iter 400/743  loss=0.2293  lr=1.38e-05
[05:52:12 INFO] Epoch 39/50  iter 450/743  loss=0.0964  lr=1.37e-05
[05:52:25 INFO] Epoch 39/50  iter 500/743  loss=0.1096  lr=1.36e-05
[05:52:37 INFO] Epoch 39/50  iter 550/743  loss=0.1441  lr=1.35e-05
[05:52:50 INFO] Epoch 39/50  iter 600/743  loss=0.1116  lr=1.34e-05
[05:53:02 INFO] Epoch 39/50  iter 650/743  loss=0.0924  lr=1.33e-05
[05:53:15 INFO] Epoch 39/50  iter 700/743  loss=0.0958  lr=1.33e-05
[05:53:26 INFO] Epoch 39 complete — avg_loss=0.1296  time=187s
[05:53:40 INFO] Epoch 40/50  iter 50/743  loss=0.0575  lr=1.31e-05
[05:53:52 INFO] Epoch 40/50  iter 100/743  loss=0.2241  lr=1.30e-05
[05:54:05 INFO] Epoch 40/50  iter 150/743  loss=0.1435  lr=1.30e-05
[05:54:17 INFO] Epoch 40/50  iter 200/743  loss=0.0552  lr=1.29e-05
[05:54:30 INFO] Epoch 40/50  iter 250/743  loss=0.1371  lr=1.28e-05
[05:54:43 INFO] Epoch 40/50  iter 300/743  loss=0.0812  lr=1.27e-05
[05:54:55 INFO] Epoch 40/50  iter 350/743  loss=0.1437  lr=1.26e-05
[05:55:08 INFO] Epoch 40/50  iter 400/743  loss=0.0792  lr=1.26e-05
[05:55:20 INFO] Epoch 40/50  iter 450/743  loss=0.1388  lr=1.25e-05
[05:55:33 INFO] Epoch 40/50  iter 500/743  loss=0.1922  lr=1.24e-05
[05:55:45 INFO] Epoch 40/50  iter 550/743  loss=0.1337  lr=1.23e-05
[05:55:58 INFO] Epoch 40/50  iter 600/743  loss=0.0665  lr=1.22e-05
[05:56:11 INFO] Epoch 40/50  iter 650/743  loss=0.2381  lr=1.21e-05
[05:56:23 INFO] Epoch 40/50  iter 700/743  loss=0.0624  lr=1.21e-05
[05:56:34 INFO] Epoch 40 complete — avg_loss=0.1313  time=187s
[05:57:28 INFO]   val mIoU = 0.7598
[05:57:29 INFO]   ★ New best val mIoU: 0.7598
[05:57:43 INFO] Epoch 41/50  iter 50/743  loss=0.1335  lr=1.19e-05
[05:57:55 INFO] Epoch 41/50  iter 100/743  loss=0.1941  lr=1.18e-05
[05:58:08 INFO] Epoch 41/50  iter 150/743  loss=0.0891  lr=1.18e-05
[05:58:21 INFO] Epoch 41/50  iter 200/743  loss=0.0638  lr=1.17e-05
[05:58:33 INFO] Epoch 41/50  iter 250/743  loss=0.1159  lr=1.16e-05
[05:58:46 INFO] Epoch 41/50  iter 300/743  loss=0.0547  lr=1.15e-05
[05:58:58 INFO] Epoch 41/50  iter 350/743  loss=0.1101  lr=1.14e-05
[05:59:11 INFO] Epoch 41/50  iter 400/743  loss=0.1467  lr=1.14e-05
[05:59:23 INFO] Epoch 41/50  iter 450/743  loss=0.0900  lr=1.13e-05
[05:59:36 INFO] Epoch 41/50  iter 500/743  loss=0.1173  lr=1.12e-05
[05:59:49 INFO] Epoch 41/50  iter 550/743  loss=0.1031  lr=1.11e-05
[06:00:01 INFO] Epoch 41/50  iter 600/743  loss=0.0454  lr=1.10e-05
[06:00:14 INFO] Epoch 41/50  iter 650/743  loss=0.1157  lr=1.09e-05
[06:00:26 INFO] Epoch 41/50  iter 700/743  loss=0.1602  lr=1.09e-05
[06:00:37 INFO] Epoch 41 complete — avg_loss=0.1267  time=187s
[06:00:51 INFO] Epoch 42/50  iter 50/743  loss=0.1068  lr=1.07e-05
[06:01:04 INFO] Epoch 42/50  iter 100/743  loss=0.1843  lr=1.06e-05
[06:01:16 INFO] Epoch 42/50  iter 150/743  loss=0.1209  lr=1.06e-05
[06:01:29 INFO] Epoch 42/50  iter 200/743  loss=0.5748  lr=1.05e-05
[06:01:41 INFO] Epoch 42/50  iter 250/743  loss=0.1363  lr=1.04e-05
[06:01:54 INFO] Epoch 42/50  iter 300/743  loss=0.1180  lr=1.03e-05
[06:02:07 INFO] Epoch 42/50  iter 350/743  loss=0.1275  lr=1.02e-05
[06:02:19 INFO] Epoch 42/50  iter 400/743  loss=0.1310  lr=1.02e-05
[06:02:32 INFO] Epoch 42/50  iter 450/743  loss=0.0986  lr=1.01e-05
[06:02:44 INFO] Epoch 42/50  iter 500/743  loss=0.1198  lr=9.99e-06
[06:02:57 INFO] Epoch 42/50  iter 550/743  loss=0.0711  lr=9.91e-06
[06:03:09 INFO] Epoch 42/50  iter 600/743  loss=0.1350  lr=9.83e-06
[06:03:22 INFO] Epoch 42/50  iter 650/743  loss=0.0951  lr=9.75e-06
[06:03:35 INFO] Epoch 42/50  iter 700/743  loss=0.0953  lr=9.67e-06
[06:03:45 INFO] Epoch 42 complete — avg_loss=0.1290  time=187s
[06:03:59 INFO] Epoch 43/50  iter 50/743  loss=0.1256  lr=9.52e-06
[06:04:12 INFO] Epoch 43/50  iter 100/743  loss=0.1276  lr=9.44e-06
[06:04:25 INFO] Epoch 43/50  iter 150/743  loss=0.0681  lr=9.36e-06
[06:04:37 INFO] Epoch 43/50  iter 200/743  loss=0.1189  lr=9.28e-06
[06:04:50 INFO] Epoch 43/50  iter 250/743  loss=0.0888  lr=9.19e-06
[06:05:02 INFO] Epoch 43/50  iter 300/743  loss=0.0820  lr=9.11e-06
[06:05:15 INFO] Epoch 43/50  iter 350/743  loss=0.0729  lr=9.03e-06
[06:05:28 INFO] Epoch 43/50  iter 400/743  loss=0.1488  lr=8.95e-06
[06:05:40 INFO] Epoch 43/50  iter 450/743  loss=0.1369  lr=8.87e-06
[06:05:53 INFO] Epoch 43/50  iter 500/743  loss=0.0904  lr=8.79e-06
[06:06:05 INFO] Epoch 43/50  iter 550/743  loss=0.0497  lr=8.71e-06
[06:06:18 INFO] Epoch 43/50  iter 600/743  loss=0.0675  lr=8.63e-06
[06:06:30 INFO] Epoch 43/50  iter 650/743  loss=0.0724  lr=8.55e-06
[06:06:43 INFO] Epoch 43/50  iter 700/743  loss=0.1601  lr=8.47e-06
[06:06:54 INFO] Epoch 43 complete — avg_loss=0.1218  time=187s
[06:07:08 INFO] Epoch 44/50  iter 50/743  loss=0.1542  lr=8.32e-06
[06:07:20 INFO] Epoch 44/50  iter 100/743  loss=0.0682  lr=8.24e-06
[06:07:33 INFO] Epoch 44/50  iter 150/743  loss=0.0631  lr=8.16e-06
[06:07:45 INFO] Epoch 44/50  iter 200/743  loss=0.1263  lr=8.08e-06
[06:07:58 INFO] Epoch 44/50  iter 250/743  loss=0.1063  lr=7.99e-06
[06:08:11 INFO] Epoch 44/50  iter 300/743  loss=0.2042  lr=7.91e-06
[06:08:23 INFO] Epoch 44/50  iter 350/743  loss=0.1115  lr=7.83e-06
[06:08:36 INFO] Epoch 44/50  iter 400/743  loss=0.1323  lr=7.75e-06
[06:08:48 INFO] Epoch 44/50  iter 450/743  loss=0.0820  lr=7.67e-06
[06:09:01 INFO] Epoch 44/50  iter 500/743  loss=0.0514  lr=7.59e-06
[06:09:14 INFO] Epoch 44/50  iter 550/743  loss=0.0905  lr=7.51e-06
[06:09:26 INFO] Epoch 44/50  iter 600/743  loss=0.1064  lr=7.43e-06
[06:09:39 INFO] Epoch 44/50  iter 650/743  loss=0.2604  lr=7.35e-06
[06:09:51 INFO] Epoch 44/50  iter 700/743  loss=0.0961  lr=7.27e-06
[06:10:02 INFO] Epoch 44 complete — avg_loss=0.1200  time=188s
[06:10:16 INFO] Epoch 45/50  iter 50/743  loss=0.0770  lr=7.12e-06
[06:10:29 INFO] Epoch 45/50  iter 100/743  loss=0.0881  lr=7.04e-06
[06:10:41 INFO] Epoch 45/50  iter 150/743  loss=0.0899  lr=6.96e-06
[06:10:54 INFO] Epoch 45/50  iter 200/743  loss=0.0495  lr=6.88e-06
[06:11:06 INFO] Epoch 45/50  iter 250/743  loss=0.1598  lr=6.79e-06
[06:11:19 INFO] Epoch 45/50  iter 300/743  loss=0.1503  lr=6.71e-06
[06:11:32 INFO] Epoch 45/50  iter 350/743  loss=0.0781  lr=6.63e-06
[06:11:44 INFO] Epoch 45/50  iter 400/743  loss=0.0758  lr=6.55e-06
[06:11:57 INFO] Epoch 45/50  iter 450/743  loss=0.0192  lr=6.47e-06
[06:12:09 INFO] Epoch 45/50  iter 500/743  loss=0.1123  lr=6.39e-06
[06:12:22 INFO] Epoch 45/50  iter 550/743  loss=0.0587  lr=6.31e-06
[06:12:34 INFO] Epoch 45/50  iter 600/743  loss=0.0857  lr=6.23e-06
[06:12:47 INFO] Epoch 45/50  iter 650/743  loss=0.0942  lr=6.15e-06
[06:13:00 INFO] Epoch 45/50  iter 700/743  loss=0.0895  lr=6.07e-06
[06:13:10 INFO] Epoch 45 complete — avg_loss=0.1191  time=187s
[06:14:05 INFO]   val mIoU = 0.7621
[06:14:06 INFO]   ★ New best val mIoU: 0.7621
[06:14:19 INFO] Epoch 46/50  iter 50/743  loss=0.0979  lr=5.92e-06
[06:14:32 INFO] Epoch 46/50  iter 100/743  loss=0.1083  lr=5.84e-06
[06:14:45 INFO] Epoch 46/50  iter 150/743  loss=0.0779  lr=5.76e-06
[06:14:57 INFO] Epoch 46/50  iter 200/743  loss=0.0602  lr=5.68e-06
[06:15:10 INFO] Epoch 46/50  iter 250/743  loss=0.1028  lr=5.59e-06
[06:15:22 INFO] Epoch 46/50  iter 300/743  loss=0.0834  lr=5.51e-06
[06:15:35 INFO] Epoch 46/50  iter 350/743  loss=0.3073  lr=5.43e-06
[06:15:48 INFO] Epoch 46/50  iter 400/743  loss=0.1126  lr=5.35e-06
[06:16:00 INFO] Epoch 46/50  iter 450/743  loss=0.0983  lr=5.27e-06
[06:16:13 INFO] Epoch 46/50  iter 500/743  loss=0.1277  lr=5.19e-06
[06:16:25 INFO] Epoch 46/50  iter 550/743  loss=0.0834  lr=5.11e-06
[06:16:38 INFO] Epoch 46/50  iter 600/743  loss=0.1197  lr=5.03e-06
[06:16:50 INFO] Epoch 46/50  iter 650/743  loss=0.1086  lr=4.95e-06
[06:17:03 INFO] Epoch 46/50  iter 700/743  loss=0.2578  lr=4.87e-06
[06:17:14 INFO] Epoch 46 complete — avg_loss=0.1150  time=187s
[06:17:28 INFO] Epoch 47/50  iter 50/743  loss=0.1403  lr=4.72e-06
[06:17:40 INFO] Epoch 47/50  iter 100/743  loss=0.0922  lr=4.64e-06
[06:17:53 INFO] Epoch 47/50  iter 150/743  loss=0.0954  lr=4.56e-06
[06:18:06 INFO] Epoch 47/50  iter 200/743  loss=0.1037  lr=4.48e-06
[06:18:18 INFO] Epoch 47/50  iter 250/743  loss=0.1018  lr=4.39e-06
[06:18:31 INFO] Epoch 47/50  iter 300/743  loss=0.1412  lr=4.31e-06
[06:18:43 INFO] Epoch 47/50  iter 350/743  loss=0.1122  lr=4.23e-06
[06:18:56 INFO] Epoch 47/50  iter 400/743  loss=0.1042  lr=4.15e-06
[06:19:08 INFO] Epoch 47/50  iter 450/743  loss=0.0548  lr=4.07e-06
[06:19:21 INFO] Epoch 47/50  iter 500/743  loss=0.2141  lr=3.99e-06
[06:19:34 INFO] Epoch 47/50  iter 550/743  loss=0.1254  lr=3.91e-06
[06:19:46 INFO] Epoch 47/50  iter 600/743  loss=0.1487  lr=3.83e-06
[06:19:59 INFO] Epoch 47/50  iter 650/743  loss=0.1047  lr=3.75e-06
[06:20:11 INFO] Epoch 47/50  iter 700/743  loss=0.1372  lr=3.67e-06
[06:20:22 INFO] Epoch 47 complete — avg_loss=0.1246  time=188s
[06:20:36 INFO] Epoch 48/50  iter 50/743  loss=0.0944  lr=3.52e-06
[06:20:49 INFO] Epoch 48/50  iter 100/743  loss=0.0964  lr=3.44e-06
[06:21:01 INFO] Epoch 48/50  iter 150/743  loss=0.0612  lr=3.36e-06
[06:21:14 INFO] Epoch 48/50  iter 200/743  loss=0.0926  lr=3.28e-06
[06:21:26 INFO] Epoch 48/50  iter 250/743  loss=0.0759  lr=3.19e-06
[06:21:39 INFO] Epoch 48/50  iter 300/743  loss=0.2585  lr=3.11e-06
[06:21:52 INFO] Epoch 48/50  iter 350/743  loss=0.0681  lr=3.03e-06
[06:22:04 INFO] Epoch 48/50  iter 400/743  loss=0.1057  lr=2.95e-06
[06:22:17 INFO] Epoch 48/50  iter 450/743  loss=0.0490  lr=2.87e-06
[06:22:29 INFO] Epoch 48/50  iter 500/743  loss=0.0697  lr=2.79e-06
[06:22:42 INFO] Epoch 48/50  iter 550/743  loss=0.0796  lr=2.71e-06
[06:22:54 INFO] Epoch 48/50  iter 600/743  loss=0.1847  lr=2.63e-06
[06:23:07 INFO] Epoch 48/50  iter 650/743  loss=0.1173  lr=2.55e-06
[06:23:20 INFO] Epoch 48/50  iter 700/743  loss=0.0927  lr=2.47e-06
[06:23:30 INFO] Epoch 48 complete — avg_loss=0.1185  time=187s
[06:23:44 INFO] Epoch 49/50  iter 50/743  loss=0.0524  lr=2.32e-06
[06:23:57 INFO] Epoch 49/50  iter 100/743  loss=0.0972  lr=2.24e-06
[06:24:09 INFO] Epoch 49/50  iter 150/743  loss=0.1377  lr=2.16e-06
[06:24:22 INFO] Epoch 49/50  iter 200/743  loss=0.0644  lr=2.08e-06
[06:24:34 INFO] Epoch 49/50  iter 250/743  loss=0.3176  lr=1.99e-06
[06:24:47 INFO] Epoch 49/50  iter 300/743  loss=0.0897  lr=1.91e-06
[06:25:00 INFO] Epoch 49/50  iter 350/743  loss=0.1522  lr=1.83e-06
[06:25:12 INFO] Epoch 49/50  iter 400/743  loss=0.1839  lr=1.75e-06
[06:25:25 INFO] Epoch 49/50  iter 450/743  loss=0.0507  lr=1.67e-06
[06:25:37 INFO] Epoch 49/50  iter 500/743  loss=0.1348  lr=1.59e-06
[06:25:50 INFO] Epoch 49/50  iter 550/743  loss=0.0581  lr=1.51e-06
[06:26:03 INFO] Epoch 49/50  iter 600/743  loss=0.1621  lr=1.43e-06
[06:26:15 INFO] Epoch 49/50  iter 650/743  loss=0.0725  lr=1.35e-06
[06:26:28 INFO] Epoch 49/50  iter 700/743  loss=0.1259  lr=1.27e-06
[06:26:39 INFO] Epoch 49 complete — avg_loss=0.1162  time=187s
[06:26:53 INFO] Epoch 50/50  iter 50/743  loss=0.1430  lr=1.12e-06
[06:27:05 INFO] Epoch 50/50  iter 100/743  loss=0.0647  lr=1.04e-06
[06:27:18 INFO] Epoch 50/50  iter 150/743  loss=0.0848  lr=9.56e-07
[06:27:30 INFO] Epoch 50/50  iter 200/743  loss=0.1512  lr=8.75e-07
[06:27:43 INFO] Epoch 50/50  iter 250/743  loss=0.1137  lr=7.95e-07
[06:27:56 INFO] Epoch 50/50  iter 300/743  loss=0.1243  lr=7.14e-07
[06:28:08 INFO] Epoch 50/50  iter 350/743  loss=0.1342  lr=6.33e-07
[06:28:21 INFO] Epoch 50/50  iter 400/743  loss=0.1234  lr=5.52e-07
[06:28:33 INFO] Epoch 50/50  iter 450/743  loss=0.0719  lr=4.72e-07
[06:28:46 INFO] Epoch 50/50  iter 500/743  loss=0.1017  lr=3.91e-07
[06:28:58 INFO] Epoch 50/50  iter 550/743  loss=0.0960  lr=3.10e-07
[06:29:11 INFO] Epoch 50/50  iter 600/743  loss=0.1267  lr=2.29e-07
[06:29:24 INFO] Epoch 50/50  iter 650/743  loss=0.0978  lr=1.49e-07
[06:29:36 INFO] Epoch 50/50  iter 700/743  loss=0.1141  lr=6.78e-08
[06:29:47 INFO] Epoch 50 complete — avg_loss=0.1176  time=187s
[06:30:41 INFO]   val mIoU = 0.7688
[06:30:42 INFO]   ★ New best val mIoU: 0.7688
[06:30:43 INFO] Training complete. Best val mIoU = 0.7688
