[16:37:21 INFO] Device: cuda
[16:37:25 INFO] Using fog cache: data/fog_cache/nn_depth_base_b0005
[16:37:25 INFO] fog_prob: 0.7
[16:37:28 INFO] Train: 2975 samples  |  Val: 500 samples
[16:37:44 INFO] Epoch 1/50  iter 50/743  loss=1.9327  lr=5.99e-05
[16:37:59 INFO] Epoch 1/50  iter 100/743  loss=0.9388  lr=5.98e-05
[16:38:15 INFO] Epoch 1/50  iter 150/743  loss=0.6143  lr=5.98e-05
[16:38:30 INFO] Epoch 1/50  iter 200/743  loss=0.7997  lr=5.97e-05
[16:38:45 INFO] Epoch 1/50  iter 250/743  loss=0.7067  lr=5.96e-05
[16:39:01 INFO] Epoch 1/50  iter 300/743  loss=0.4045  lr=5.95e-05
[16:39:16 INFO] Epoch 1/50  iter 350/743  loss=0.7059  lr=5.94e-05
[16:39:31 INFO] Epoch 1/50  iter 400/743  loss=0.4366  lr=5.94e-05
[16:39:46 INFO] Epoch 1/50  iter 450/743  loss=0.4113  lr=5.93e-05
[16:40:02 INFO] Epoch 1/50  iter 500/743  loss=0.2539  lr=5.92e-05
[16:40:17 INFO] Epoch 1/50  iter 550/743  loss=0.9812  lr=5.91e-05
[16:40:33 INFO] Epoch 1/50  iter 600/743  loss=0.2609  lr=5.90e-05
[16:40:48 INFO] Epoch 1/50  iter 650/743  loss=0.3466  lr=5.89e-05
[16:41:04 INFO] Epoch 1/50  iter 700/743  loss=0.4663  lr=5.89e-05
[16:41:18 INFO] Epoch 1 complete — avg_loss=0.6512  time=230s
[16:41:34 INFO] Epoch 2/50  iter 50/743  loss=0.2107  lr=5.87e-05
[16:41:50 INFO] Epoch 2/50  iter 100/743  loss=0.2618  lr=5.86e-05
[16:42:07 INFO] Epoch 2/50  iter 150/743  loss=0.2240  lr=5.86e-05
[16:42:22 INFO] Epoch 2/50  iter 200/743  loss=0.4622  lr=5.85e-05
[16:42:37 INFO] Epoch 2/50  iter 250/743  loss=0.2843  lr=5.84e-05
[16:42:52 INFO] Epoch 2/50  iter 300/743  loss=0.1948  lr=5.83e-05
[16:43:09 INFO] Epoch 2/50  iter 350/743  loss=0.1910  lr=5.82e-05
[16:43:25 INFO] Epoch 2/50  iter 400/743  loss=0.2100  lr=5.82e-05
[16:43:40 INFO] Epoch 2/50  iter 450/743  loss=0.6016  lr=5.81e-05
[16:43:57 INFO] Epoch 2/50  iter 500/743  loss=0.2791  lr=5.80e-05
[16:44:12 INFO] Epoch 2/50  iter 550/743  loss=0.2873  lr=5.79e-05
[16:44:27 INFO] Epoch 2/50  iter 600/743  loss=0.4524  lr=5.78e-05
[16:44:42 INFO] Epoch 2/50  iter 650/743  loss=0.2267  lr=5.77e-05
[16:44:58 INFO] Epoch 2/50  iter 700/743  loss=0.4880  lr=5.77e-05
[16:45:11 INFO] Epoch 2 complete — avg_loss=0.3360  time=232s
[16:45:28 INFO] Epoch 3/50  iter 50/743  loss=0.2991  lr=5.75e-05
[16:45:43 INFO] Epoch 3/50  iter 100/743  loss=0.2439  lr=5.74e-05
[16:45:58 INFO] Epoch 3/50  iter 150/743  loss=0.3272  lr=5.74e-05
[16:46:14 INFO] Epoch 3/50  iter 200/743  loss=0.2158  lr=5.73e-05
[16:46:29 INFO] Epoch 3/50  iter 250/743  loss=0.3739  lr=5.72e-05
[16:46:43 INFO] Epoch 3/50  iter 300/743  loss=1.1041  lr=5.71e-05
[16:46:57 INFO] Epoch 3/50  iter 350/743  loss=0.0957  lr=5.70e-05
[16:47:12 INFO] Epoch 3/50  iter 400/743  loss=0.4560  lr=5.70e-05
[16:47:25 INFO] Epoch 3/50  iter 450/743  loss=0.3719  lr=5.69e-05
[16:47:39 INFO] Epoch 3/50  iter 500/743  loss=0.1696  lr=5.68e-05
[16:47:53 INFO] Epoch 3/50  iter 550/743  loss=0.3029  lr=5.67e-05
[16:48:07 INFO] Epoch 3/50  iter 600/743  loss=0.2277  lr=5.66e-05
[16:48:23 INFO] Epoch 3/50  iter 650/743  loss=0.1884  lr=5.65e-05
[16:48:37 INFO] Epoch 3/50  iter 700/743  loss=0.1301  lr=5.65e-05
[16:48:51 INFO] Epoch 3 complete — avg_loss=0.2771  time=219s
[16:49:07 INFO] Epoch 4/50  iter 50/743  loss=0.1568  lr=5.63e-05
[16:49:21 INFO] Epoch 4/50  iter 100/743  loss=0.1789  lr=5.62e-05
[16:49:35 INFO] Epoch 4/50  iter 150/743  loss=0.7913  lr=5.62e-05
[16:49:49 INFO] Epoch 4/50  iter 200/743  loss=0.2197  lr=5.61e-05
[16:50:05 INFO] Epoch 4/50  iter 250/743  loss=0.2627  lr=5.60e-05
[16:50:18 INFO] Epoch 4/50  iter 300/743  loss=0.2087  lr=5.59e-05
[16:50:33 INFO] Epoch 4/50  iter 350/743  loss=0.0396  lr=5.58e-05
[16:50:47 INFO] Epoch 4/50  iter 400/743  loss=0.1119  lr=5.58e-05
[16:51:01 INFO] Epoch 4/50  iter 450/743  loss=0.0771  lr=5.57e-05
[16:51:15 INFO] Epoch 4/50  iter 500/743  loss=0.1713  lr=5.56e-05
[16:51:30 INFO] Epoch 4/50  iter 550/743  loss=0.2677  lr=5.55e-05
[16:51:45 INFO] Epoch 4/50  iter 600/743  loss=0.2938  lr=5.54e-05
[16:51:59 INFO] Epoch 4/50  iter 650/743  loss=0.2061  lr=5.53e-05
[16:52:13 INFO] Epoch 4/50  iter 700/743  loss=0.1403  lr=5.53e-05
[16:52:25 INFO] Epoch 4 complete — avg_loss=0.2618  time=213s
[16:52:40 INFO] Epoch 5/50  iter 50/743  loss=0.1233  lr=5.51e-05
[16:52:54 INFO] Epoch 5/50  iter 100/743  loss=0.1598  lr=5.50e-05
[16:53:08 INFO] Epoch 5/50  iter 150/743  loss=0.4230  lr=5.50e-05
[16:53:23 INFO] Epoch 5/50  iter 200/743  loss=0.1404  lr=5.49e-05
[16:53:36 INFO] Epoch 5/50  iter 250/743  loss=0.2051  lr=5.48e-05
[16:53:50 INFO] Epoch 5/50  iter 300/743  loss=0.8446  lr=5.47e-05
[16:54:05 INFO] Epoch 5/50  iter 350/743  loss=0.0515  lr=5.46e-05
[16:54:18 INFO] Epoch 5/50  iter 400/743  loss=0.2618  lr=5.46e-05
[16:54:32 INFO] Epoch 5/50  iter 450/743  loss=0.1676  lr=5.45e-05
[16:54:46 INFO] Epoch 5/50  iter 500/743  loss=0.2622  lr=5.44e-05
[16:55:00 INFO] Epoch 5/50  iter 550/743  loss=0.0662  lr=5.43e-05
[16:55:14 INFO] Epoch 5/50  iter 600/743  loss=0.0243  lr=5.42e-05
[16:55:28 INFO] Epoch 5/50  iter 650/743  loss=0.3475  lr=5.41e-05
[16:55:43 INFO] Epoch 5/50  iter 700/743  loss=0.1282  lr=5.41e-05
[16:55:56 INFO] Epoch 5 complete — avg_loss=0.2443  time=210s
[16:58:18 INFO]   val mIoU = 0.6216
[16:58:19 INFO]   ★ New best val mIoU: 0.6216
[16:58:35 INFO] Epoch 6/50  iter 50/743  loss=0.2661  lr=5.39e-05
[16:58:49 INFO] Epoch 6/50  iter 100/743  loss=0.0536  lr=5.38e-05
[16:59:03 INFO] Epoch 6/50  iter 150/743  loss=0.3036  lr=5.38e-05
[16:59:17 INFO] Epoch 6/50  iter 200/743  loss=0.1209  lr=5.37e-05
[16:59:31 INFO] Epoch 6/50  iter 250/743  loss=0.2375  lr=5.36e-05
[16:59:46 INFO] Epoch 6/50  iter 300/743  loss=0.2299  lr=5.35e-05
[16:59:59 INFO] Epoch 6/50  iter 350/743  loss=0.1083  lr=5.34e-05
[17:00:14 INFO] Epoch 6/50  iter 400/743  loss=0.1170  lr=5.34e-05
[17:00:28 INFO] Epoch 6/50  iter 450/743  loss=0.2134  lr=5.33e-05
[17:00:41 INFO] Epoch 6/50  iter 500/743  loss=0.1439  lr=5.32e-05
[17:00:56 INFO] Epoch 6/50  iter 550/743  loss=0.2530  lr=5.31e-05
[17:01:10 INFO] Epoch 6/50  iter 600/743  loss=0.1634  lr=5.30e-05
[17:01:23 INFO] Epoch 6/50  iter 650/743  loss=0.3933  lr=5.29e-05
[17:01:38 INFO] Epoch 6/50  iter 700/743  loss=0.2675  lr=5.29e-05
[17:01:50 INFO] Epoch 6 complete — avg_loss=0.2257  time=210s
[17:02:06 INFO] Epoch 7/50  iter 50/743  loss=0.2288  lr=5.27e-05
[17:02:20 INFO] Epoch 7/50  iter 100/743  loss=0.1266  lr=5.26e-05
[17:02:34 INFO] Epoch 7/50  iter 150/743  loss=0.2627  lr=5.26e-05
[17:02:48 INFO] Epoch 7/50  iter 200/743  loss=0.2518  lr=5.25e-05
[17:03:02 INFO] Epoch 7/50  iter 250/743  loss=0.2596  lr=5.24e-05
[17:03:16 INFO] Epoch 7/50  iter 300/743  loss=0.1385  lr=5.23e-05
[17:03:30 INFO] Epoch 7/50  iter 350/743  loss=0.1916  lr=5.22e-05
[17:03:44 INFO] Epoch 7/50  iter 400/743  loss=0.1073  lr=5.22e-05
[17:03:58 INFO] Epoch 7/50  iter 450/743  loss=0.6169  lr=5.21e-05
[17:04:12 INFO] Epoch 7/50  iter 500/743  loss=0.3004  lr=5.20e-05
[17:04:26 INFO] Epoch 7/50  iter 550/743  loss=0.2239  lr=5.19e-05
[17:04:40 INFO] Epoch 7/50  iter 600/743  loss=0.4008  lr=5.18e-05
[17:04:54 INFO] Epoch 7/50  iter 650/743  loss=0.0239  lr=5.17e-05
[17:05:08 INFO] Epoch 7/50  iter 700/743  loss=0.2720  lr=5.17e-05
[17:05:20 INFO] Epoch 7 complete — avg_loss=0.2173  time=209s
[17:05:37 INFO] Epoch 8/50  iter 50/743  loss=0.1831  lr=5.15e-05
[17:05:51 INFO] Epoch 8/50  iter 100/743  loss=0.2452  lr=5.14e-05
[17:06:05 INFO] Epoch 8/50  iter 150/743  loss=0.1130  lr=5.14e-05
[17:06:19 INFO] Epoch 8/50  iter 200/743  loss=0.1686  lr=5.13e-05
[17:06:32 INFO] Epoch 8/50  iter 250/743  loss=0.1985  lr=5.12e-05
[17:06:47 INFO] Epoch 8/50  iter 300/743  loss=0.2667  lr=5.11e-05
[17:07:01 INFO] Epoch 8/50  iter 350/743  loss=0.1780  lr=5.10e-05
[17:07:15 INFO] Epoch 8/50  iter 400/743  loss=0.2588  lr=5.10e-05
[17:07:29 INFO] Epoch 8/50  iter 450/743  loss=0.1019  lr=5.09e-05
[17:07:43 INFO] Epoch 8/50  iter 500/743  loss=0.1392  lr=5.08e-05
[17:07:57 INFO] Epoch 8/50  iter 550/743  loss=0.1878  lr=5.07e-05
[17:08:11 INFO] Epoch 8/50  iter 600/743  loss=0.0556  lr=5.06e-05
[17:08:26 INFO] Epoch 8/50  iter 650/743  loss=0.1604  lr=5.05e-05
[17:08:39 INFO] Epoch 8/50  iter 700/743  loss=0.0669  lr=5.05e-05
[17:08:52 INFO] Epoch 8 complete — avg_loss=0.2104  time=210s
[17:09:08 INFO] Epoch 9/50  iter 50/743  loss=0.1817  lr=5.03e-05
[17:09:22 INFO] Epoch 9/50  iter 100/743  loss=0.1174  lr=5.02e-05
[17:09:36 INFO] Epoch 9/50  iter 150/743  loss=0.1507  lr=5.02e-05
[17:09:50 INFO] Epoch 9/50  iter 200/743  loss=0.3570  lr=5.01e-05
[17:10:04 INFO] Epoch 9/50  iter 250/743  loss=0.2570  lr=5.00e-05
[17:10:18 INFO] Epoch 9/50  iter 300/743  loss=0.0936  lr=4.99e-05
[17:10:32 INFO] Epoch 9/50  iter 350/743  loss=0.1935  lr=4.98e-05
[17:10:46 INFO] Epoch 9/50  iter 400/743  loss=0.0980  lr=4.98e-05
[17:11:00 INFO] Epoch 9/50  iter 450/743  loss=0.1837  lr=4.97e-05
[17:11:14 INFO] Epoch 9/50  iter 500/743  loss=0.1719  lr=4.96e-05
[17:11:28 INFO] Epoch 9/50  iter 550/743  loss=0.1596  lr=4.95e-05
[17:11:42 INFO] Epoch 9/50  iter 600/743  loss=0.3030  lr=4.94e-05
[17:11:56 INFO] Epoch 9/50  iter 650/743  loss=0.1356  lr=4.93e-05
[17:12:10 INFO] Epoch 9/50  iter 700/743  loss=0.2176  lr=4.93e-05
[17:12:22 INFO] Epoch 9 complete — avg_loss=0.2042  time=210s
[17:12:38 INFO] Epoch 10/50  iter 50/743  loss=0.2283  lr=4.91e-05
[17:12:52 INFO] Epoch 10/50  iter 100/743  loss=0.1978  lr=4.90e-05
[17:13:06 INFO] Epoch 10/50  iter 150/743  loss=0.1394  lr=4.90e-05
[17:13:20 INFO] Epoch 10/50  iter 200/743  loss=0.0972  lr=4.89e-05
[17:13:34 INFO] Epoch 10/50  iter 250/743  loss=0.1068  lr=4.88e-05
[17:13:49 INFO] Epoch 10/50  iter 300/743  loss=0.0787  lr=4.87e-05
[17:14:03 INFO] Epoch 10/50  iter 350/743  loss=0.2091  lr=4.86e-05
[17:14:17 INFO] Epoch 10/50  iter 400/743  loss=0.3209  lr=4.86e-05
[17:14:31 INFO] Epoch 10/50  iter 450/743  loss=0.2077  lr=4.85e-05
[17:14:45 INFO] Epoch 10/50  iter 500/743  loss=0.1508  lr=4.84e-05
[17:14:59 INFO] Epoch 10/50  iter 550/743  loss=0.2120  lr=4.83e-05
[17:15:13 INFO] Epoch 10/50  iter 600/743  loss=0.2317  lr=4.82e-05
[17:15:27 INFO] Epoch 10/50  iter 650/743  loss=0.2393  lr=4.81e-05
[17:15:40 INFO] Epoch 10/50  iter 700/743  loss=0.1393  lr=4.81e-05
[17:15:52 INFO] Epoch 10 complete — avg_loss=0.1992  time=209s
[17:18:14 INFO]   val mIoU = 0.6722
[17:18:15 INFO]   ★ New best val mIoU: 0.6722
[17:18:30 INFO] Epoch 11/50  iter 50/743  loss=0.1571  lr=4.79e-05
[17:18:44 INFO] Epoch 11/50  iter 100/743  loss=0.3110  lr=4.78e-05
[17:18:58 INFO] Epoch 11/50  iter 150/743  loss=0.2018  lr=4.78e-05
[17:19:12 INFO] Epoch 11/50  iter 200/743  loss=0.1911  lr=4.77e-05
[17:19:26 INFO] Epoch 11/50  iter 250/743  loss=0.1541  lr=4.76e-05
[17:19:40 INFO] Epoch 11/50  iter 300/743  loss=0.2459  lr=4.75e-05
[17:19:54 INFO] Epoch 11/50  iter 350/743  loss=0.1482  lr=4.74e-05
[17:20:08 INFO] Epoch 11/50  iter 400/743  loss=0.1990  lr=4.74e-05
[17:20:22 INFO] Epoch 11/50  iter 450/743  loss=0.1353  lr=4.73e-05
[17:20:36 INFO] Epoch 11/50  iter 500/743  loss=0.1091  lr=4.72e-05
[17:20:50 INFO] Epoch 11/50  iter 550/743  loss=0.1167  lr=4.71e-05
[17:21:04 INFO] Epoch 11/50  iter 600/743  loss=0.0829  lr=4.70e-05
[17:21:17 INFO] Epoch 11/50  iter 650/743  loss=0.1626  lr=4.69e-05
[17:21:31 INFO] Epoch 11/50  iter 700/743  loss=0.2757  lr=4.69e-05
[17:21:44 INFO] Epoch 11 complete — avg_loss=0.1878  time=208s
[17:21:59 INFO] Epoch 12/50  iter 50/743  loss=0.1030  lr=4.67e-05
[17:22:13 INFO] Epoch 12/50  iter 100/743  loss=0.2018  lr=4.66e-05
[17:22:27 INFO] Epoch 12/50  iter 150/743  loss=0.1364  lr=4.66e-05
[17:22:41 INFO] Epoch 12/50  iter 200/743  loss=0.1092  lr=4.65e-05
[17:22:56 INFO] Epoch 12/50  iter 250/743  loss=0.2179  lr=4.64e-05
[17:23:10 INFO] Epoch 12/50  iter 300/743  loss=0.0907  lr=4.63e-05
[17:23:23 INFO] Epoch 12/50  iter 350/743  loss=0.2493  lr=4.62e-05
[17:23:38 INFO] Epoch 12/50  iter 400/743  loss=0.0972  lr=4.62e-05
[17:23:52 INFO] Epoch 12/50  iter 450/743  loss=0.1250  lr=4.61e-05
[17:24:05 INFO] Epoch 12/50  iter 500/743  loss=0.0997  lr=4.60e-05
[17:24:20 INFO] Epoch 12/50  iter 550/743  loss=0.1422  lr=4.59e-05
[17:24:34 INFO] Epoch 12/50  iter 600/743  loss=0.1216  lr=4.58e-05
[17:24:48 INFO] Epoch 12/50  iter 650/743  loss=0.2253  lr=4.57e-05
[17:25:02 INFO] Epoch 12/50  iter 700/743  loss=0.1247  lr=4.57e-05
[17:25:14 INFO] Epoch 12 complete — avg_loss=0.1810  time=209s
[17:25:29 INFO] Epoch 13/50  iter 50/743  loss=0.0711  lr=4.55e-05
[17:25:43 INFO] Epoch 13/50  iter 100/743  loss=0.1466  lr=4.54e-05
[17:25:58 INFO] Epoch 13/50  iter 150/743  loss=0.0849  lr=4.54e-05
[17:26:12 INFO] Epoch 13/50  iter 200/743  loss=0.0203  lr=4.53e-05
[17:26:25 INFO] Epoch 13/50  iter 250/743  loss=0.2153  lr=4.52e-05
[17:26:39 INFO] Epoch 13/50  iter 300/743  loss=0.1800  lr=4.51e-05
[17:26:53 INFO] Epoch 13/50  iter 350/743  loss=0.1176  lr=4.50e-05
[17:27:08 INFO] Epoch 13/50  iter 400/743  loss=0.2023  lr=4.50e-05
[17:27:21 INFO] Epoch 13/50  iter 450/743  loss=0.0545  lr=4.49e-05
[17:27:35 INFO] Epoch 13/50  iter 500/743  loss=0.2779  lr=4.48e-05
[17:27:50 INFO] Epoch 13/50  iter 550/743  loss=0.1292  lr=4.47e-05
[17:28:04 INFO] Epoch 13/50  iter 600/743  loss=0.1479  lr=4.46e-05
[17:28:18 INFO] Epoch 13/50  iter 650/743  loss=0.1150  lr=4.45e-05
[17:28:32 INFO] Epoch 13/50  iter 700/743  loss=0.1805  lr=4.45e-05
[17:28:44 INFO] Epoch 13 complete — avg_loss=0.1744  time=209s
[17:28:59 INFO] Epoch 14/50  iter 50/743  loss=0.1698  lr=4.43e-05
[17:29:13 INFO] Epoch 14/50  iter 100/743  loss=0.1711  lr=4.42e-05
[17:29:27 INFO] Epoch 14/50  iter 150/743  loss=0.1673  lr=4.42e-05
[17:29:41 INFO] Epoch 14/50  iter 200/743  loss=0.0988  lr=4.41e-05
[17:29:55 INFO] Epoch 14/50  iter 250/743  loss=0.1574  lr=4.40e-05
[17:30:09 INFO] Epoch 14/50  iter 300/743  loss=0.1746  lr=4.39e-05
[17:30:23 INFO] Epoch 14/50  iter 350/743  loss=0.1384  lr=4.38e-05
[17:30:37 INFO] Epoch 14/50  iter 400/743  loss=0.0736  lr=4.38e-05
[17:30:51 INFO] Epoch 14/50  iter 450/743  loss=0.1561  lr=4.37e-05
[17:31:05 INFO] Epoch 14/50  iter 500/743  loss=0.1081  lr=4.36e-05
[17:31:19 INFO] Epoch 14/50  iter 550/743  loss=0.0328  lr=4.35e-05
[17:31:33 INFO] Epoch 14/50  iter 600/743  loss=0.1125  lr=4.34e-05
[17:31:47 INFO] Epoch 14/50  iter 650/743  loss=0.1512  lr=4.33e-05
[17:32:01 INFO] Epoch 14/50  iter 700/743  loss=0.1835  lr=4.33e-05
[17:32:13 INFO] Epoch 14 complete — avg_loss=0.1777  time=209s
[17:32:29 INFO] Epoch 15/50  iter 50/743  loss=0.1471  lr=4.31e-05
[17:32:43 INFO] Epoch 15/50  iter 100/743  loss=0.1428  lr=4.30e-05
[17:32:57 INFO] Epoch 15/50  iter 150/743  loss=0.1877  lr=4.30e-05
[17:33:11 INFO] Epoch 15/50  iter 200/743  loss=0.1438  lr=4.29e-05
[17:33:25 INFO] Epoch 15/50  iter 250/743  loss=0.1210  lr=4.28e-05
[17:33:39 INFO] Epoch 15/50  iter 300/743  loss=0.1753  lr=4.27e-05
[17:33:53 INFO] Epoch 15/50  iter 350/743  loss=0.2234  lr=4.26e-05
[17:34:07 INFO] Epoch 15/50  iter 400/743  loss=0.1934  lr=4.26e-05
[17:34:21 INFO] Epoch 15/50  iter 450/743  loss=0.1360  lr=4.25e-05
[17:34:35 INFO] Epoch 15/50  iter 500/743  loss=0.1415  lr=4.24e-05
[17:34:49 INFO] Epoch 15/50  iter 550/743  loss=0.0901  lr=4.23e-05
[17:35:03 INFO] Epoch 15/50  iter 600/743  loss=0.1894  lr=4.22e-05
[17:35:17 INFO] Epoch 15/50  iter 650/743  loss=0.2092  lr=4.21e-05
[17:35:31 INFO] Epoch 15/50  iter 700/743  loss=0.1374  lr=4.21e-05
[17:35:43 INFO] Epoch 15 complete — avg_loss=0.1728  time=209s
[17:38:02 INFO]   val mIoU = 0.7145
[17:38:02 INFO]   ★ New best val mIoU: 0.7145
[17:38:17 INFO] Epoch 16/50  iter 50/743  loss=0.2330  lr=4.19e-05
[17:38:32 INFO] Epoch 16/50  iter 100/743  loss=0.1350  lr=4.18e-05
[17:38:45 INFO] Epoch 16/50  iter 150/743  loss=0.1329  lr=4.18e-05
[17:38:59 INFO] Epoch 16/50  iter 200/743  loss=0.0998  lr=4.17e-05
[17:39:14 INFO] Epoch 16/50  iter 250/743  loss=0.2509  lr=4.16e-05
[17:39:28 INFO] Epoch 16/50  iter 300/743  loss=0.1445  lr=4.15e-05
[17:39:41 INFO] Epoch 16/50  iter 350/743  loss=0.1351  lr=4.14e-05
[17:39:56 INFO] Epoch 16/50  iter 400/743  loss=0.1013  lr=4.14e-05
[17:40:10 INFO] Epoch 16/50  iter 450/743  loss=0.2978  lr=4.13e-05
[17:40:23 INFO] Epoch 16/50  iter 500/743  loss=0.1451  lr=4.12e-05
[17:40:38 INFO] Epoch 16/50  iter 550/743  loss=0.1117  lr=4.11e-05
[17:40:52 INFO] Epoch 16/50  iter 600/743  loss=0.1675  lr=4.10e-05
[17:41:05 INFO] Epoch 16/50  iter 650/743  loss=0.1482  lr=4.09e-05
[17:41:19 INFO] Epoch 16/50  iter 700/743  loss=0.0580  lr=4.09e-05
[17:41:32 INFO] Epoch 16 complete — avg_loss=0.1685  time=209s
[17:41:48 INFO] Epoch 17/50  iter 50/743  loss=0.0623  lr=4.07e-05
[17:42:01 INFO] Epoch 17/50  iter 100/743  loss=0.1593  lr=4.06e-05
[17:42:16 INFO] Epoch 17/50  iter 150/743  loss=0.2047  lr=4.06e-05
[17:42:30 INFO] Epoch 17/50  iter 200/743  loss=0.1223  lr=4.05e-05
[17:42:43 INFO] Epoch 17/50  iter 250/743  loss=0.1942  lr=4.04e-05
[17:42:58 INFO] Epoch 17/50  iter 300/743  loss=0.1607  lr=4.03e-05
[17:43:12 INFO] Epoch 17/50  iter 350/743  loss=0.1193  lr=4.02e-05
[17:43:26 INFO] Epoch 17/50  iter 400/743  loss=0.0980  lr=4.02e-05
[17:43:40 INFO] Epoch 17/50  iter 450/743  loss=0.1842  lr=4.01e-05
[17:43:54 INFO] Epoch 17/50  iter 500/743  loss=0.1310  lr=4.00e-05
[17:44:07 INFO] Epoch 17/50  iter 550/743  loss=0.2029  lr=3.99e-05
[17:44:21 INFO] Epoch 17/50  iter 600/743  loss=0.0690  lr=3.98e-05
[17:44:35 INFO] Epoch 17/50  iter 650/743  loss=0.1404  lr=3.97e-05
[17:44:49 INFO] Epoch 17/50  iter 700/743  loss=0.1103  lr=3.97e-05
[17:45:01 INFO] Epoch 17 complete — avg_loss=0.1651  time=208s
[17:45:18 INFO] Epoch 18/50  iter 50/743  loss=0.1742  lr=3.95e-05
[17:45:32 INFO] Epoch 18/50  iter 100/743  loss=0.1801  lr=3.94e-05
[17:45:45 INFO] Epoch 18/50  iter 150/743  loss=0.1479  lr=3.94e-05
[17:46:00 INFO] Epoch 18/50  iter 200/743  loss=0.1034  lr=3.93e-05
[17:46:14 INFO] Epoch 18/50  iter 250/743  loss=0.1179  lr=3.92e-05
[17:46:27 INFO] Epoch 18/50  iter 300/743  loss=0.2454  lr=3.91e-05
[17:46:42 INFO] Epoch 18/50  iter 350/743  loss=0.7835  lr=3.90e-05
[17:46:56 INFO] Epoch 18/50  iter 400/743  loss=0.1370  lr=3.90e-05
[17:47:09 INFO] Epoch 18/50  iter 450/743  loss=0.2347  lr=3.89e-05
[17:47:24 INFO] Epoch 18/50  iter 500/743  loss=0.1024  lr=3.88e-05
[17:47:38 INFO] Epoch 18/50  iter 550/743  loss=0.1256  lr=3.87e-05
[17:47:52 INFO] Epoch 18/50  iter 600/743  loss=0.7420  lr=3.86e-05
[17:48:06 INFO] Epoch 18/50  iter 650/743  loss=0.1729  lr=3.85e-05
[17:48:20 INFO] Epoch 18/50  iter 700/743  loss=0.1059  lr=3.85e-05
[17:48:31 INFO] Epoch 18 complete — avg_loss=0.1650  time=209s
[17:48:47 INFO] Epoch 19/50  iter 50/743  loss=0.1128  lr=3.83e-05
[17:49:01 INFO] Epoch 19/50  iter 100/743  loss=0.1850  lr=3.82e-05
[17:49:15 INFO] Epoch 19/50  iter 150/743  loss=0.1612  lr=3.82e-05
[17:49:29 INFO] Epoch 19/50  iter 200/743  loss=0.1755  lr=3.81e-05
[17:49:43 INFO] Epoch 19/50  iter 250/743  loss=0.0849  lr=3.80e-05
[17:49:57 INFO] Epoch 19/50  iter 300/743  loss=0.1163  lr=3.79e-05
[17:50:11 INFO] Epoch 19/50  iter 350/743  loss=0.1659  lr=3.78e-05
[17:50:25 INFO] Epoch 19/50  iter 400/743  loss=0.2794  lr=3.78e-05
[17:50:39 INFO] Epoch 19/50  iter 450/743  loss=0.1402  lr=3.77e-05
[17:50:53 INFO] Epoch 19/50  iter 500/743  loss=0.0874  lr=3.76e-05
[17:51:07 INFO] Epoch 19/50  iter 550/743  loss=0.1170  lr=3.75e-05
[17:51:20 INFO] Epoch 19/50  iter 600/743  loss=0.1126  lr=3.74e-05
[17:51:35 INFO] Epoch 19/50  iter 650/743  loss=0.1885  lr=3.73e-05
[17:51:49 INFO] Epoch 19/50  iter 700/743  loss=0.1516  lr=3.73e-05
[17:52:01 INFO] Epoch 19 complete — avg_loss=0.1608  time=209s
[17:52:16 INFO] Epoch 20/50  iter 50/743  loss=0.1344  lr=3.71e-05
[17:52:30 INFO] Epoch 20/50  iter 100/743  loss=0.0835  lr=3.70e-05
[17:52:44 INFO] Epoch 20/50  iter 150/743  loss=0.0699  lr=3.70e-05
[17:52:59 INFO] Epoch 20/50  iter 200/743  loss=0.1254  lr=3.69e-05
[17:53:12 INFO] Epoch 20/50  iter 250/743  loss=0.1298  lr=3.68e-05
[17:53:26 INFO] Epoch 20/50  iter 300/743  loss=0.0701  lr=3.67e-05
[17:53:40 INFO] Epoch 20/50  iter 350/743  loss=0.1970  lr=3.66e-05
[17:53:54 INFO] Epoch 20/50  iter 400/743  loss=0.0999  lr=3.66e-05
[17:54:08 INFO] Epoch 20/50  iter 450/743  loss=0.2007  lr=3.65e-05
[17:54:22 INFO] Epoch 20/50  iter 500/743  loss=0.1463  lr=3.64e-05
[17:54:36 INFO] Epoch 20/50  iter 550/743  loss=0.1327  lr=3.63e-05
[17:54:50 INFO] Epoch 20/50  iter 600/743  loss=0.0752  lr=3.62e-05
[17:55:04 INFO] Epoch 20/50  iter 650/743  loss=0.1481  lr=3.61e-05
[17:55:18 INFO] Epoch 20/50  iter 700/743  loss=0.1886  lr=3.61e-05
[17:55:30 INFO] Epoch 20 complete — avg_loss=0.1566  time=209s
[17:57:53 INFO]   val mIoU = 0.7273
[17:57:54 INFO]   ★ New best val mIoU: 0.7273
[17:58:10 INFO] Epoch 21/50  iter 50/743  loss=0.0997  lr=3.59e-05
[17:58:24 INFO] Epoch 21/50  iter 100/743  loss=0.1074  lr=3.58e-05
[17:58:38 INFO] Epoch 21/50  iter 150/743  loss=0.5072  lr=3.58e-05
[17:58:52 INFO] Epoch 21/50  iter 200/743  loss=0.1389  lr=3.57e-05
[17:59:06 INFO] Epoch 21/50  iter 250/743  loss=0.1390  lr=3.56e-05
[17:59:20 INFO] Epoch 21/50  iter 300/743  loss=0.1253  lr=3.55e-05
[17:59:34 INFO] Epoch 21/50  iter 350/743  loss=0.0762  lr=3.54e-05
[17:59:48 INFO] Epoch 21/50  iter 400/743  loss=0.1135  lr=3.54e-05
[18:00:03 INFO] Epoch 21/50  iter 450/743  loss=0.3550  lr=3.53e-05
[18:00:17 INFO] Epoch 21/50  iter 500/743  loss=0.2232  lr=3.52e-05
[18:00:31 INFO] Epoch 21/50  iter 550/743  loss=0.1406  lr=3.51e-05
[18:00:45 INFO] Epoch 21/50  iter 600/743  loss=0.1183  lr=3.50e-05
[18:00:59 INFO] Epoch 21/50  iter 650/743  loss=0.2338  lr=3.49e-05
[18:01:13 INFO] Epoch 21/50  iter 700/743  loss=0.0856  lr=3.49e-05
[18:01:25 INFO] Epoch 21 complete — avg_loss=0.1549  time=210s
[18:01:41 INFO] Epoch 22/50  iter 50/743  loss=0.1659  lr=3.47e-05
[18:01:55 INFO] Epoch 22/50  iter 100/743  loss=0.0659  lr=3.46e-05
[18:02:09 INFO] Epoch 22/50  iter 150/743  loss=0.3427  lr=3.46e-05
[18:02:23 INFO] Epoch 22/50  iter 200/743  loss=0.0786  lr=3.45e-05
[18:02:37 INFO] Epoch 22/50  iter 250/743  loss=0.1200  lr=3.44e-05
[18:02:52 INFO] Epoch 22/50  iter 300/743  loss=0.1247  lr=3.43e-05
[18:03:05 INFO] Epoch 22/50  iter 350/743  loss=0.0553  lr=3.42e-05
[18:03:20 INFO] Epoch 22/50  iter 400/743  loss=0.2221  lr=3.42e-05
[18:03:34 INFO] Epoch 22/50  iter 450/743  loss=0.2632  lr=3.41e-05
[18:03:47 INFO] Epoch 22/50  iter 500/743  loss=0.1854  lr=3.40e-05
[18:04:02 INFO] Epoch 22/50  iter 550/743  loss=0.1745  lr=3.39e-05
[18:04:16 INFO] Epoch 22/50  iter 600/743  loss=0.1038  lr=3.38e-05
[18:04:30 INFO] Epoch 22/50  iter 650/743  loss=0.2264  lr=3.37e-05
[18:04:44 INFO] Epoch 22/50  iter 700/743  loss=0.1766  lr=3.37e-05
[18:04:56 INFO] Epoch 22 complete — avg_loss=0.1505  time=210s
[18:05:11 INFO] Epoch 23/50  iter 50/743  loss=0.0934  lr=3.35e-05
[18:05:25 INFO] Epoch 23/50  iter 100/743  loss=1.4858  lr=3.34e-05
[18:05:40 INFO] Epoch 23/50  iter 150/743  loss=0.2545  lr=3.34e-05
[18:05:53 INFO] Epoch 23/50  iter 200/743  loss=0.1032  lr=3.33e-05
[18:06:07 INFO] Epoch 23/50  iter 250/743  loss=0.1395  lr=3.32e-05
[18:06:22 INFO] Epoch 23/50  iter 300/743  loss=0.5150  lr=3.31e-05
[18:06:35 INFO] Epoch 23/50  iter 350/743  loss=0.1629  lr=3.30e-05
[18:06:49 INFO] Epoch 23/50  iter 400/743  loss=0.1333  lr=3.30e-05
[18:07:04 INFO] Epoch 23/50  iter 450/743  loss=0.1499  lr=3.29e-05
[18:07:17 INFO] Epoch 23/50  iter 500/743  loss=0.1009  lr=3.28e-05
[18:07:31 INFO] Epoch 23/50  iter 550/743  loss=0.0941  lr=3.27e-05
[18:07:46 INFO] Epoch 23/50  iter 600/743  loss=0.2122  lr=3.26e-05
[18:07:59 INFO] Epoch 23/50  iter 650/743  loss=0.1248  lr=3.25e-05
[18:08:13 INFO] Epoch 23/50  iter 700/743  loss=0.1168  lr=3.25e-05
[18:08:26 INFO] Epoch 23 complete — avg_loss=0.1529  time=209s
[18:08:41 INFO] Epoch 24/50  iter 50/743  loss=0.1080  lr=3.23e-05
[18:08:55 INFO] Epoch 24/50  iter 100/743  loss=0.0927  lr=3.22e-05
[18:09:09 INFO] Epoch 24/50  iter 150/743  loss=0.1856  lr=3.22e-05
[18:09:23 INFO] Epoch 24/50  iter 200/743  loss=0.1077  lr=3.21e-05
[18:09:38 INFO] Epoch 24/50  iter 250/743  loss=0.1054  lr=3.20e-05
[18:09:52 INFO] Epoch 24/50  iter 300/743  loss=0.1230  lr=3.19e-05
[18:10:06 INFO] Epoch 24/50  iter 350/743  loss=0.0888  lr=3.18e-05
[18:10:20 INFO] Epoch 24/50  iter 400/743  loss=0.1098  lr=3.18e-05
[18:10:34 INFO] Epoch 24/50  iter 450/743  loss=0.0599  lr=3.17e-05
[18:10:48 INFO] Epoch 24/50  iter 500/743  loss=0.2710  lr=3.16e-05
[18:11:02 INFO] Epoch 24/50  iter 550/743  loss=0.2517  lr=3.15e-05
[18:11:16 INFO] Epoch 24/50  iter 600/743  loss=0.2632  lr=3.14e-05
[18:11:30 INFO] Epoch 24/50  iter 650/743  loss=0.0783  lr=3.13e-05
[18:11:44 INFO] Epoch 24/50  iter 700/743  loss=0.1626  lr=3.13e-05
[18:11:56 INFO] Epoch 24 complete — avg_loss=0.1474  time=210s
[18:12:12 INFO] Epoch 25/50  iter 50/743  loss=0.1677  lr=3.11e-05
[18:12:26 INFO] Epoch 25/50  iter 100/743  loss=0.0427  lr=3.10e-05
[18:12:40 INFO] Epoch 25/50  iter 150/743  loss=0.1347  lr=3.10e-05
[18:12:55 INFO] Epoch 25/50  iter 200/743  loss=0.1681  lr=3.09e-05
[18:13:08 INFO] Epoch 25/50  iter 250/743  loss=0.1024  lr=3.08e-05
[18:13:22 INFO] Epoch 25/50  iter 300/743  loss=0.1203  lr=3.07e-05
[18:13:36 INFO] Epoch 25/50  iter 350/743  loss=0.2702  lr=3.06e-05
[18:13:50 INFO] Epoch 25/50  iter 400/743  loss=0.1194  lr=3.06e-05
[18:14:04 INFO] Epoch 25/50  iter 450/743  loss=0.1339  lr=3.05e-05
[18:14:18 INFO] Epoch 25/50  iter 500/743  loss=0.0340  lr=3.04e-05
[18:14:32 INFO] Epoch 25/50  iter 550/743  loss=0.1307  lr=3.03e-05
[18:14:46 INFO] Epoch 25/50  iter 600/743  loss=0.1468  lr=3.02e-05
[18:15:00 INFO] Epoch 25/50  iter 650/743  loss=0.4620  lr=3.01e-05
[18:15:14 INFO] Epoch 25/50  iter 700/743  loss=0.1233  lr=3.01e-05
[18:15:27 INFO] Epoch 25 complete — avg_loss=0.1478  time=210s
[18:17:50 INFO]   val mIoU = 0.7297
[18:17:51 INFO]   ★ New best val mIoU: 0.7297
[18:18:06 INFO] Epoch 26/50  iter 50/743  loss=0.2345  lr=2.99e-05
[18:18:20 INFO] Epoch 26/50  iter 100/743  loss=0.0893  lr=2.98e-05
[18:18:35 INFO] Epoch 26/50  iter 150/743  loss=0.2267  lr=2.98e-05
[18:18:48 INFO] Epoch 26/50  iter 200/743  loss=0.1725  lr=2.97e-05
[18:19:03 INFO] Epoch 26/50  iter 250/743  loss=0.2217  lr=2.96e-05
[18:19:17 INFO] Epoch 26/50  iter 300/743  loss=0.1406  lr=2.95e-05
[18:19:30 INFO] Epoch 26/50  iter 350/743  loss=0.2469  lr=2.94e-05
[18:19:45 INFO] Epoch 26/50  iter 400/743  loss=0.1505  lr=2.94e-05
[18:19:59 INFO] Epoch 26/50  iter 450/743  loss=0.2032  lr=2.93e-05
[18:20:12 INFO] Epoch 26/50  iter 500/743  loss=0.2445  lr=2.92e-05
[18:20:27 INFO] Epoch 26/50  iter 550/743  loss=0.1665  lr=2.91e-05
[18:20:41 INFO] Epoch 26/50  iter 600/743  loss=0.1427  lr=2.90e-05
[18:20:54 INFO] Epoch 26/50  iter 650/743  loss=0.1347  lr=2.89e-05
[18:21:09 INFO] Epoch 26/50  iter 700/743  loss=0.1540  lr=2.89e-05
[18:21:21 INFO] Epoch 26 complete — avg_loss=0.1580  time=209s
[18:21:36 INFO] Epoch 27/50  iter 50/743  loss=0.1893  lr=2.87e-05
[18:21:50 INFO] Epoch 27/50  iter 100/743  loss=0.1235  lr=2.86e-05
[18:22:04 INFO] Epoch 27/50  iter 150/743  loss=0.1268  lr=2.86e-05
[18:22:18 INFO] Epoch 27/50  iter 200/743  loss=0.0799  lr=2.85e-05
[18:22:32 INFO] Epoch 27/50  iter 250/743  loss=0.1649  lr=2.84e-05
[18:22:46 INFO] Epoch 27/50  iter 300/743  loss=0.2297  lr=2.83e-05
[18:23:00 INFO] Epoch 27/50  iter 350/743  loss=0.1688  lr=2.82e-05
[18:23:14 INFO] Epoch 27/50  iter 400/743  loss=0.1963  lr=2.82e-05
[18:23:28 INFO] Epoch 27/50  iter 450/743  loss=0.0661  lr=2.81e-05
[18:23:42 INFO] Epoch 27/50  iter 500/743  loss=0.2221  lr=2.80e-05
[18:23:56 INFO] Epoch 27/50  iter 550/743  loss=0.1436  lr=2.79e-05
[18:24:10 INFO] Epoch 27/50  iter 600/743  loss=0.0923  lr=2.78e-05
[18:24:23 INFO] Epoch 27/50  iter 650/743  loss=0.1743  lr=2.77e-05
[18:24:38 INFO] Epoch 27/50  iter 700/743  loss=0.1140  lr=2.77e-05
[18:24:50 INFO] Epoch 27 complete — avg_loss=0.1403  time=208s
[18:25:05 INFO] Epoch 28/50  iter 50/743  loss=0.1216  lr=2.75e-05
[18:25:20 INFO] Epoch 28/50  iter 100/743  loss=0.1439  lr=2.74e-05
[18:25:34 INFO] Epoch 28/50  iter 150/743  loss=0.1170  lr=2.74e-05
[18:25:47 INFO] Epoch 28/50  iter 200/743  loss=0.1420  lr=2.73e-05
[18:26:01 INFO] Epoch 28/50  iter 250/743  loss=0.1237  lr=2.72e-05
[18:26:16 INFO] Epoch 28/50  iter 300/743  loss=0.2068  lr=2.71e-05
[18:26:30 INFO] Epoch 28/50  iter 350/743  loss=0.1330  lr=2.70e-05
[18:26:44 INFO] Epoch 28/50  iter 400/743  loss=0.1060  lr=2.70e-05
[18:26:58 INFO] Epoch 28/50  iter 450/743  loss=0.1098  lr=2.69e-05
[18:27:12 INFO] Epoch 28/50  iter 500/743  loss=0.1410  lr=2.68e-05
[18:27:26 INFO] Epoch 28/50  iter 550/743  loss=0.1822  lr=2.67e-05
[18:27:40 INFO] Epoch 28/50  iter 600/743  loss=0.3672  lr=2.66e-05
[18:27:54 INFO] Epoch 28/50  iter 650/743  loss=0.0730  lr=2.65e-05
[18:28:08 INFO] Epoch 28/50  iter 700/743  loss=0.1327  lr=2.65e-05
[18:28:21 INFO] Epoch 28 complete — avg_loss=0.1401  time=210s
[18:28:36 INFO] Epoch 29/50  iter 50/743  loss=0.1310  lr=2.63e-05
[18:28:51 INFO] Epoch 29/50  iter 100/743  loss=0.2005  lr=2.62e-05
[18:29:05 INFO] Epoch 29/50  iter 150/743  loss=0.1222  lr=2.62e-05
[18:29:19 INFO] Epoch 29/50  iter 200/743  loss=0.1222  lr=2.61e-05
[18:29:33 INFO] Epoch 29/50  iter 250/743  loss=0.0811  lr=2.60e-05
[18:29:47 INFO] Epoch 29/50  iter 300/743  loss=0.1418  lr=2.59e-05
[18:30:00 INFO] Epoch 29/50  iter 350/743  loss=0.1566  lr=2.58e-05
[18:30:14 INFO] Epoch 29/50  iter 400/743  loss=0.1154  lr=2.58e-05
[18:30:29 INFO] Epoch 29/50  iter 450/743  loss=0.1624  lr=2.57e-05
[18:30:43 INFO] Epoch 29/50  iter 500/743  loss=0.0744  lr=2.56e-05
[18:30:57 INFO] Epoch 29/50  iter 550/743  loss=0.1298  lr=2.55e-05
[18:31:11 INFO] Epoch 29/50  iter 600/743  loss=0.0666  lr=2.54e-05
[18:31:25 INFO] Epoch 29/50  iter 650/743  loss=0.0867  lr=2.53e-05
[18:31:39 INFO] Epoch 29/50  iter 700/743  loss=0.0896  lr=2.53e-05
[18:31:51 INFO] Epoch 29 complete — avg_loss=0.1435  time=210s
[18:32:07 INFO] Epoch 30/50  iter 50/743  loss=0.1886  lr=2.51e-05
[18:32:21 INFO] Epoch 30/50  iter 100/743  loss=0.0790  lr=2.50e-05
[18:32:35 INFO] Epoch 30/50  iter 150/743  loss=0.0380  lr=2.50e-05
[18:32:49 INFO] Epoch 30/50  iter 200/743  loss=0.0567  lr=2.49e-05
[18:33:03 INFO] Epoch 30/50  iter 250/743  loss=0.0761  lr=2.48e-05
[18:33:17 INFO] Epoch 30/50  iter 300/743  loss=0.1270  lr=2.47e-05
[18:33:31 INFO] Epoch 30/50  iter 350/743  loss=0.0729  lr=2.46e-05
[18:33:46 INFO] Epoch 30/50  iter 400/743  loss=0.1532  lr=2.46e-05
[18:33:59 INFO] Epoch 30/50  iter 450/743  loss=0.0671  lr=2.45e-05
[18:34:14 INFO] Epoch 30/50  iter 500/743  loss=0.0962  lr=2.44e-05
[18:34:28 INFO] Epoch 30/50  iter 550/743  loss=0.2096  lr=2.43e-05
[18:34:42 INFO] Epoch 30/50  iter 600/743  loss=0.0861  lr=2.42e-05
[18:34:56 INFO] Epoch 30/50  iter 650/743  loss=0.1583  lr=2.41e-05
[18:35:10 INFO] Epoch 30/50  iter 700/743  loss=0.1240  lr=2.41e-05
[18:35:22 INFO] Epoch 30 complete — avg_loss=0.1405  time=210s
[18:37:43 INFO]   val mIoU = 0.7537
[18:37:44 INFO]   ★ New best val mIoU: 0.7537
[18:38:00 INFO] Epoch 31/50  iter 50/743  loss=0.1115  lr=2.39e-05
[18:38:13 INFO] Epoch 31/50  iter 100/743  loss=0.1388  lr=2.38e-05
[18:38:28 INFO] Epoch 31/50  iter 150/743  loss=0.1443  lr=2.38e-05
[18:38:41 INFO] Epoch 31/50  iter 200/743  loss=0.5684  lr=2.37e-05
[18:38:56 INFO] Epoch 31/50  iter 250/743  loss=0.0871  lr=2.36e-05
[18:39:10 INFO] Epoch 31/50  iter 300/743  loss=0.4287  lr=2.35e-05
[18:39:24 INFO] Epoch 31/50  iter 350/743  loss=0.2751  lr=2.34e-05
[18:39:38 INFO] Epoch 31/50  iter 400/743  loss=0.0682  lr=2.34e-05
[18:39:52 INFO] Epoch 31/50  iter 450/743  loss=0.1575  lr=2.33e-05
[18:40:06 INFO] Epoch 31/50  iter 500/743  loss=0.1018  lr=2.32e-05
[18:40:19 INFO] Epoch 31/50  iter 550/743  loss=0.5078  lr=2.31e-05
[18:40:33 INFO] Epoch 31/50  iter 600/743  loss=0.0994  lr=2.30e-05
[18:40:46 INFO] Epoch 31/50  iter 650/743  loss=0.1275  lr=2.29e-05
[18:41:00 INFO] Epoch 31/50  iter 700/743  loss=0.0834  lr=2.29e-05
[18:41:12 INFO] Epoch 31 complete — avg_loss=0.1370  time=207s
[18:41:26 INFO] Epoch 32/50  iter 50/743  loss=0.1770  lr=2.27e-05
[18:41:40 INFO] Epoch 32/50  iter 100/743  loss=0.2242  lr=2.26e-05
[18:41:54 INFO] Epoch 32/50  iter 150/743  loss=0.0856  lr=2.26e-05
[18:42:07 INFO] Epoch 32/50  iter 200/743  loss=0.1056  lr=2.25e-05
[18:42:21 INFO] Epoch 32/50  iter 250/743  loss=0.1392  lr=2.24e-05
[18:42:34 INFO] Epoch 32/50  iter 300/743  loss=0.0362  lr=2.23e-05
[18:42:48 INFO] Epoch 32/50  iter 350/743  loss=0.2025  lr=2.22e-05
[18:43:02 INFO] Epoch 32/50  iter 400/743  loss=0.1044  lr=2.22e-05
[18:43:15 INFO] Epoch 32/50  iter 450/743  loss=0.0653  lr=2.21e-05
[18:43:29 INFO] Epoch 32/50  iter 500/743  loss=0.1597  lr=2.20e-05
[18:43:43 INFO] Epoch 32/50  iter 550/743  loss=0.0706  lr=2.19e-05
[18:43:56 INFO] Epoch 32/50  iter 600/743  loss=0.1376  lr=2.18e-05
[18:44:10 INFO] Epoch 32/50  iter 650/743  loss=0.1354  lr=2.17e-05
[18:44:23 INFO] Epoch 32/50  iter 700/743  loss=0.1700  lr=2.17e-05
[18:44:35 INFO] Epoch 32 complete — avg_loss=0.1364  time=203s
[18:44:50 INFO] Epoch 33/50  iter 50/743  loss=0.1404  lr=2.15e-05
[18:45:03 INFO] Epoch 33/50  iter 100/743  loss=0.0765  lr=2.14e-05
[18:45:17 INFO] Epoch 33/50  iter 150/743  loss=0.0949  lr=2.14e-05
[18:45:30 INFO] Epoch 33/50  iter 200/743  loss=0.0550  lr=2.13e-05
[18:45:44 INFO] Epoch 33/50  iter 250/743  loss=0.0580  lr=2.12e-05
[18:45:58 INFO] Epoch 33/50  iter 300/743  loss=0.1192  lr=2.11e-05
[18:46:11 INFO] Epoch 33/50  iter 350/743  loss=0.1900  lr=2.10e-05
[18:46:25 INFO] Epoch 33/50  iter 400/743  loss=0.1493  lr=2.10e-05
[18:46:38 INFO] Epoch 33/50  iter 450/743  loss=0.1447  lr=2.09e-05
[18:46:52 INFO] Epoch 33/50  iter 500/743  loss=0.0807  lr=2.08e-05
[18:47:05 INFO] Epoch 33/50  iter 550/743  loss=0.1040  lr=2.07e-05
[18:47:19 INFO] Epoch 33/50  iter 600/743  loss=0.0503  lr=2.06e-05
[18:47:33 INFO] Epoch 33/50  iter 650/743  loss=0.1018  lr=2.05e-05
[18:47:46 INFO] Epoch 33/50  iter 700/743  loss=0.0467  lr=2.05e-05
[18:47:58 INFO] Epoch 33 complete — avg_loss=0.1344  time=202s
[18:48:13 INFO] Epoch 34/50  iter 50/743  loss=0.0445  lr=2.03e-05
[18:48:26 INFO] Epoch 34/50  iter 100/743  loss=0.1244  lr=2.02e-05
[18:48:40 INFO] Epoch 34/50  iter 150/743  loss=0.1409  lr=2.02e-05
[18:48:54 INFO] Epoch 34/50  iter 200/743  loss=0.1423  lr=2.01e-05
[18:49:07 INFO] Epoch 34/50  iter 250/743  loss=0.1876  lr=2.00e-05
[18:49:21 INFO] Epoch 34/50  iter 300/743  loss=0.1788  lr=1.99e-05
[18:49:34 INFO] Epoch 34/50  iter 350/743  loss=0.2204  lr=1.98e-05
[18:49:48 INFO] Epoch 34/50  iter 400/743  loss=0.1126  lr=1.98e-05
[18:50:01 INFO] Epoch 34/50  iter 450/743  loss=0.1053  lr=1.97e-05
[18:50:15 INFO] Epoch 34/50  iter 500/743  loss=0.1336  lr=1.96e-05
[18:50:29 INFO] Epoch 34/50  iter 550/743  loss=0.1415  lr=1.95e-05
[18:50:42 INFO] Epoch 34/50  iter 600/743  loss=0.4210  lr=1.94e-05
[18:50:56 INFO] Epoch 34/50  iter 650/743  loss=0.1195  lr=1.93e-05
[18:51:10 INFO] Epoch 34/50  iter 700/743  loss=0.0757  lr=1.93e-05
[18:51:21 INFO] Epoch 34 complete — avg_loss=0.1371  time=203s
[18:51:36 INFO] Epoch 35/50  iter 50/743  loss=0.0821  lr=1.91e-05
[18:51:50 INFO] Epoch 35/50  iter 100/743  loss=0.1660  lr=1.90e-05
[18:52:03 INFO] Epoch 35/50  iter 150/743  loss=0.1385  lr=1.90e-05
[18:52:17 INFO] Epoch 35/50  iter 200/743  loss=0.1324  lr=1.89e-05
[18:52:30 INFO] Epoch 35/50  iter 250/743  loss=0.1013  lr=1.88e-05
[18:52:44 INFO] Epoch 35/50  iter 300/743  loss=0.1932  lr=1.87e-05
[18:52:57 INFO] Epoch 35/50  iter 350/743  loss=0.1033  lr=1.86e-05
[18:53:11 INFO] Epoch 35/50  iter 400/743  loss=0.0869  lr=1.86e-05
[18:53:24 INFO] Epoch 35/50  iter 450/743  loss=0.1195  lr=1.85e-05
[18:53:38 INFO] Epoch 35/50  iter 500/743  loss=0.2029  lr=1.84e-05
[18:53:51 INFO] Epoch 35/50  iter 550/743  loss=0.4422  lr=1.83e-05
[18:54:05 INFO] Epoch 35/50  iter 600/743  loss=0.1300  lr=1.82e-05
[18:54:19 INFO] Epoch 35/50  iter 650/743  loss=0.1650  lr=1.81e-05
[18:54:32 INFO] Epoch 35/50  iter 700/743  loss=0.0965  lr=1.81e-05
[18:54:44 INFO] Epoch 35 complete — avg_loss=0.1323  time=202s
[18:56:52 INFO]   val mIoU = 0.7550
[18:56:53 INFO]   ★ New best val mIoU: 0.7550
[18:57:09 INFO] Epoch 36/50  iter 50/743  loss=0.1264  lr=1.79e-05
[18:57:22 INFO] Epoch 36/50  iter 100/743  loss=0.1805  lr=1.78e-05
[18:57:36 INFO] Epoch 36/50  iter 150/743  loss=0.1122  lr=1.78e-05
[18:57:49 INFO] Epoch 36/50  iter 200/743  loss=0.0938  lr=1.77e-05
[18:58:03 INFO] Epoch 36/50  iter 250/743  loss=0.0767  lr=1.76e-05
[18:58:16 INFO] Epoch 36/50  iter 300/743  loss=0.1139  lr=1.75e-05
[18:58:30 INFO] Epoch 36/50  iter 350/743  loss=0.0907  lr=1.74e-05
[18:58:43 INFO] Epoch 36/50  iter 400/743  loss=0.0714  lr=1.74e-05
[18:58:57 INFO] Epoch 36/50  iter 450/743  loss=0.1059  lr=1.73e-05
[18:59:11 INFO] Epoch 36/50  iter 500/743  loss=0.1033  lr=1.72e-05
[18:59:24 INFO] Epoch 36/50  iter 550/743  loss=0.1047  lr=1.71e-05
[18:59:38 INFO] Epoch 36/50  iter 600/743  loss=0.0792  lr=1.70e-05
[18:59:52 INFO] Epoch 36/50  iter 650/743  loss=0.0475  lr=1.69e-05
[19:00:05 INFO] Epoch 36/50  iter 700/743  loss=0.2074  lr=1.69e-05
[19:00:17 INFO] Epoch 36 complete — avg_loss=0.1280  time=203s
[19:00:32 INFO] Epoch 37/50  iter 50/743  loss=0.0940  lr=1.67e-05
[19:00:46 INFO] Epoch 37/50  iter 100/743  loss=0.1435  lr=1.66e-05
[19:00:59 INFO] Epoch 37/50  iter 150/743  loss=0.0655  lr=1.66e-05
[19:01:13 INFO] Epoch 37/50  iter 200/743  loss=0.1841  lr=1.65e-05
[19:01:26 INFO] Epoch 37/50  iter 250/743  loss=0.0980  lr=1.64e-05
[19:01:40 INFO] Epoch 37/50  iter 300/743  loss=0.1175  lr=1.63e-05
[19:01:54 INFO] Epoch 37/50  iter 350/743  loss=0.1529  lr=1.62e-05
[19:02:07 INFO] Epoch 37/50  iter 400/743  loss=0.2602  lr=1.62e-05
[19:02:21 INFO] Epoch 37/50  iter 450/743  loss=0.0876  lr=1.61e-05
[19:02:34 INFO] Epoch 37/50  iter 500/743  loss=0.1430  lr=1.60e-05
[19:02:48 INFO] Epoch 37/50  iter 550/743  loss=0.1621  lr=1.59e-05
[19:03:02 INFO] Epoch 37/50  iter 600/743  loss=0.1254  lr=1.58e-05
[19:03:15 INFO] Epoch 37/50  iter 650/743  loss=0.1459  lr=1.57e-05
[19:03:29 INFO] Epoch 37/50  iter 700/743  loss=0.1329  lr=1.57e-05
[19:03:40 INFO] Epoch 37 complete — avg_loss=0.1328  time=203s
[19:03:55 INFO] Epoch 38/50  iter 50/743  loss=0.1857  lr=1.55e-05
[19:04:09 INFO] Epoch 38/50  iter 100/743  loss=0.0533  lr=1.54e-05
[19:04:22 INFO] Epoch 38/50  iter 150/743  loss=0.1104  lr=1.54e-05
[19:04:36 INFO] Epoch 38/50  iter 200/743  loss=0.0688  lr=1.53e-05
[19:04:50 INFO] Epoch 38/50  iter 250/743  loss=0.1208  lr=1.52e-05
[19:05:03 INFO] Epoch 38/50  iter 300/743  loss=0.1091  lr=1.51e-05
[19:05:17 INFO] Epoch 38/50  iter 350/743  loss=0.1662  lr=1.50e-05
[19:05:31 INFO] Epoch 38/50  iter 400/743  loss=0.0545  lr=1.50e-05
[19:05:44 INFO] Epoch 38/50  iter 450/743  loss=0.1559  lr=1.49e-05
[19:05:58 INFO] Epoch 38/50  iter 500/743  loss=0.2142  lr=1.48e-05
[19:06:11 INFO] Epoch 38/50  iter 550/743  loss=0.1528  lr=1.47e-05
[19:06:25 INFO] Epoch 38/50  iter 600/743  loss=0.1584  lr=1.46e-05
[19:06:38 INFO] Epoch 38/50  iter 650/743  loss=0.1017  lr=1.45e-05
[19:06:52 INFO] Epoch 38/50  iter 700/743  loss=0.1192  lr=1.45e-05
[19:07:03 INFO] Epoch 38 complete — avg_loss=0.1314  time=202s
[19:07:19 INFO] Epoch 39/50  iter 50/743  loss=0.0642  lr=1.43e-05
[19:07:32 INFO] Epoch 39/50  iter 100/743  loss=0.0578  lr=1.42e-05
[19:07:46 INFO] Epoch 39/50  iter 150/743  loss=0.0706  lr=1.42e-05
[19:07:59 INFO] Epoch 39/50  iter 200/743  loss=0.7296  lr=1.41e-05
[19:08:13 INFO] Epoch 39/50  iter 250/743  loss=0.1352  lr=1.40e-05
[19:08:26 INFO] Epoch 39/50  iter 300/743  loss=0.0997  lr=1.39e-05
[19:08:40 INFO] Epoch 39/50  iter 350/743  loss=0.2218  lr=1.38e-05
[19:08:54 INFO] Epoch 39/50  iter 400/743  loss=0.1504  lr=1.38e-05
[19:09:07 INFO] Epoch 39/50  iter 450/743  loss=0.1845  lr=1.37e-05
[19:09:21 INFO] Epoch 39/50  iter 500/743  loss=0.0980  lr=1.36e-05
[19:09:35 INFO] Epoch 39/50  iter 550/743  loss=0.1171  lr=1.35e-05
[19:09:48 INFO] Epoch 39/50  iter 600/743  loss=0.3593  lr=1.34e-05
[19:10:01 INFO] Epoch 39/50  iter 650/743  loss=0.1331  lr=1.33e-05
[19:10:15 INFO] Epoch 39/50  iter 700/743  loss=0.0808  lr=1.33e-05
[19:10:27 INFO] Epoch 39 complete — avg_loss=0.1311  time=203s
[19:10:42 INFO] Epoch 40/50  iter 50/743  loss=0.5483  lr=1.31e-05
[19:10:55 INFO] Epoch 40/50  iter 100/743  loss=0.1185  lr=1.30e-05
[19:11:10 INFO] Epoch 40/50  iter 150/743  loss=0.0508  lr=1.30e-05
[19:11:23 INFO] Epoch 40/50  iter 200/743  loss=0.1212  lr=1.29e-05
[19:11:37 INFO] Epoch 40/50  iter 250/743  loss=0.1513  lr=1.28e-05
[19:11:51 INFO] Epoch 40/50  iter 300/743  loss=0.1346  lr=1.27e-05
[19:12:04 INFO] Epoch 40/50  iter 350/743  loss=0.3637  lr=1.26e-05
[19:12:18 INFO] Epoch 40/50  iter 400/743  loss=0.1232  lr=1.26e-05
[19:12:32 INFO] Epoch 40/50  iter 450/743  loss=0.1167  lr=1.25e-05
[19:12:45 INFO] Epoch 40/50  iter 500/743  loss=0.1878  lr=1.24e-05
[19:12:59 INFO] Epoch 40/50  iter 550/743  loss=0.1811  lr=1.23e-05
[19:13:12 INFO] Epoch 40/50  iter 600/743  loss=0.1895  lr=1.22e-05
[19:13:26 INFO] Epoch 40/50  iter 650/743  loss=0.1599  lr=1.21e-05
[19:13:40 INFO] Epoch 40/50  iter 700/743  loss=0.0745  lr=1.21e-05
[19:13:52 INFO] Epoch 40 complete — avg_loss=0.1272  time=204s
[19:15:56 INFO]   val mIoU = 0.7637
[19:15:56 INFO]   ★ New best val mIoU: 0.7637
[19:16:11 INFO] Epoch 41/50  iter 50/743  loss=0.1010  lr=1.19e-05
[19:16:25 INFO] Epoch 41/50  iter 100/743  loss=0.0961  lr=1.18e-05
[19:16:38 INFO] Epoch 41/50  iter 150/743  loss=0.0683  lr=1.18e-05
[19:16:51 INFO] Epoch 41/50  iter 200/743  loss=0.0681  lr=1.17e-05
[19:17:05 INFO] Epoch 41/50  iter 250/743  loss=0.1217  lr=1.16e-05
[19:17:19 INFO] Epoch 41/50  iter 300/743  loss=0.0774  lr=1.15e-05
[19:17:32 INFO] Epoch 41/50  iter 350/743  loss=0.0859  lr=1.14e-05
[19:17:46 INFO] Epoch 41/50  iter 400/743  loss=0.1242  lr=1.14e-05
[19:17:59 INFO] Epoch 41/50  iter 450/743  loss=0.1476  lr=1.13e-05
[19:18:13 INFO] Epoch 41/50  iter 500/743  loss=0.0846  lr=1.12e-05
[19:18:26 INFO] Epoch 41/50  iter 550/743  loss=0.0612  lr=1.11e-05
[19:18:40 INFO] Epoch 41/50  iter 600/743  loss=0.0887  lr=1.10e-05
[19:18:54 INFO] Epoch 41/50  iter 650/743  loss=0.1661  lr=1.09e-05
[19:19:07 INFO] Epoch 41/50  iter 700/743  loss=0.0790  lr=1.09e-05
[19:19:19 INFO] Epoch 41 complete — avg_loss=0.1237  time=202s
[19:19:33 INFO] Epoch 42/50  iter 50/743  loss=0.0797  lr=1.07e-05
[19:19:47 INFO] Epoch 42/50  iter 100/743  loss=0.1007  lr=1.06e-05
[19:20:01 INFO] Epoch 42/50  iter 150/743  loss=0.1464  lr=1.06e-05
[19:20:14 INFO] Epoch 42/50  iter 200/743  loss=0.1355  lr=1.05e-05
[19:20:28 INFO] Epoch 42/50  iter 250/743  loss=0.0571  lr=1.04e-05
[19:20:42 INFO] Epoch 42/50  iter 300/743  loss=0.1561  lr=1.03e-05
[19:20:55 INFO] Epoch 42/50  iter 350/743  loss=0.1144  lr=1.02e-05
[19:21:09 INFO] Epoch 42/50  iter 400/743  loss=0.0897  lr=1.02e-05
[19:21:23 INFO] Epoch 42/50  iter 450/743  loss=0.0739  lr=1.01e-05
[19:21:36 INFO] Epoch 42/50  iter 500/743  loss=0.0901  lr=9.99e-06
[19:21:50 INFO] Epoch 42/50  iter 550/743  loss=0.0906  lr=9.91e-06
[19:22:03 INFO] Epoch 42/50  iter 600/743  loss=0.1101  lr=9.83e-06
[19:22:17 INFO] Epoch 42/50  iter 650/743  loss=0.0680  lr=9.75e-06
[19:22:30 INFO] Epoch 42/50  iter 700/743  loss=0.1339  lr=9.67e-06
[19:22:42 INFO] Epoch 42 complete — avg_loss=0.1226  time=203s
[19:22:58 INFO] Epoch 43/50  iter 50/743  loss=0.0495  lr=9.52e-06
[19:23:11 INFO] Epoch 43/50  iter 100/743  loss=0.1888  lr=9.44e-06
[19:23:24 INFO] Epoch 43/50  iter 150/743  loss=0.1431  lr=9.36e-06
[19:23:38 INFO] Epoch 43/50  iter 200/743  loss=0.0651  lr=9.28e-06
[19:23:52 INFO] Epoch 43/50  iter 250/743  loss=0.0885  lr=9.19e-06
[19:24:06 INFO] Epoch 43/50  iter 300/743  loss=0.1014  lr=9.11e-06
[19:24:19 INFO] Epoch 43/50  iter 350/743  loss=0.1096  lr=9.03e-06
[19:24:33 INFO] Epoch 43/50  iter 400/743  loss=0.0909  lr=8.95e-06
[19:24:46 INFO] Epoch 43/50  iter 450/743  loss=0.0945  lr=8.87e-06
[19:25:00 INFO] Epoch 43/50  iter 500/743  loss=0.0865  lr=8.79e-06
[19:25:14 INFO] Epoch 43/50  iter 550/743  loss=0.1066  lr=8.71e-06
[19:25:27 INFO] Epoch 43/50  iter 600/743  loss=0.0600  lr=8.63e-06
[19:25:41 INFO] Epoch 43/50  iter 650/743  loss=0.1779  lr=8.55e-06
[19:25:54 INFO] Epoch 43/50  iter 700/743  loss=0.0740  lr=8.47e-06
[19:26:06 INFO] Epoch 43 complete — avg_loss=0.1256  time=203s
[19:26:21 INFO] Epoch 44/50  iter 50/743  loss=0.0837  lr=8.32e-06
[19:26:34 INFO] Epoch 44/50  iter 100/743  loss=0.1311  lr=8.24e-06
[19:26:48 INFO] Epoch 44/50  iter 150/743  loss=0.1133  lr=8.16e-06
[19:27:01 INFO] Epoch 44/50  iter 200/743  loss=0.1048  lr=8.08e-06
[19:27:15 INFO] Epoch 44/50  iter 250/743  loss=0.0896  lr=7.99e-06
[19:27:29 INFO] Epoch 44/50  iter 300/743  loss=0.1025  lr=7.91e-06
[19:27:42 INFO] Epoch 44/50  iter 350/743  loss=0.0869  lr=7.83e-06
[19:27:56 INFO] Epoch 44/50  iter 400/743  loss=0.1747  lr=7.75e-06
[19:28:09 INFO] Epoch 44/50  iter 450/743  loss=0.0843  lr=7.67e-06
[19:28:23 INFO] Epoch 44/50  iter 500/743  loss=0.1122  lr=7.59e-06
[19:28:37 INFO] Epoch 44/50  iter 550/743  loss=0.1703  lr=7.51e-06
[19:28:51 INFO] Epoch 44/50  iter 600/743  loss=0.1251  lr=7.43e-06
[19:29:04 INFO] Epoch 44/50  iter 650/743  loss=0.1083  lr=7.35e-06
[19:29:18 INFO] Epoch 44/50  iter 700/743  loss=0.0758  lr=7.27e-06
[19:29:29 INFO] Epoch 44 complete — avg_loss=0.1225  time=203s
[19:29:45 INFO] Epoch 45/50  iter 50/743  loss=0.0494  lr=7.12e-06
[19:29:58 INFO] Epoch 45/50  iter 100/743  loss=0.1153  lr=7.04e-06
[19:30:12 INFO] Epoch 45/50  iter 150/743  loss=0.1179  lr=6.96e-06
[19:30:25 INFO] Epoch 45/50  iter 200/743  loss=0.1288  lr=6.88e-06
[19:30:39 INFO] Epoch 45/50  iter 250/743  loss=0.1269  lr=6.79e-06
[19:30:52 INFO] Epoch 45/50  iter 300/743  loss=0.1369  lr=6.71e-06
[19:31:06 INFO] Epoch 45/50  iter 350/743  loss=0.0863  lr=6.63e-06
[19:31:19 INFO] Epoch 45/50  iter 400/743  loss=0.1648  lr=6.55e-06
[19:31:33 INFO] Epoch 45/50  iter 450/743  loss=0.0997  lr=6.47e-06
[19:31:46 INFO] Epoch 45/50  iter 500/743  loss=0.1491  lr=6.39e-06
[19:32:00 INFO] Epoch 45/50  iter 550/743  loss=0.3187  lr=6.31e-06
[19:32:13 INFO] Epoch 45/50  iter 600/743  loss=0.1320  lr=6.23e-06
[19:32:27 INFO] Epoch 45/50  iter 650/743  loss=0.0776  lr=6.15e-06
[19:32:41 INFO] Epoch 45/50  iter 700/743  loss=0.0909  lr=6.07e-06
[19:32:52 INFO] Epoch 45 complete — avg_loss=0.1207  time=202s
[19:34:59 INFO]   val mIoU = 0.7669
[19:34:59 INFO]   ★ New best val mIoU: 0.7669
[19:35:14 INFO] Epoch 46/50  iter 50/743  loss=0.1079  lr=5.92e-06
[19:35:27 INFO] Epoch 46/50  iter 100/743  loss=0.0849  lr=5.84e-06
[19:35:41 INFO] Epoch 46/50  iter 150/743  loss=0.1500  lr=5.76e-06
[19:35:54 INFO] Epoch 46/50  iter 200/743  loss=0.1054  lr=5.68e-06
[19:36:08 INFO] Epoch 46/50  iter 250/743  loss=0.1578  lr=5.59e-06
[19:36:22 INFO] Epoch 46/50  iter 300/743  loss=0.1262  lr=5.51e-06
[19:36:35 INFO] Epoch 46/50  iter 350/743  loss=0.1344  lr=5.43e-06
[19:36:49 INFO] Epoch 46/50  iter 400/743  loss=0.1424  lr=5.35e-06
[19:37:03 INFO] Epoch 46/50  iter 450/743  loss=0.0810  lr=5.27e-06
[19:37:16 INFO] Epoch 46/50  iter 500/743  loss=0.0617  lr=5.19e-06
[19:37:30 INFO] Epoch 46/50  iter 550/743  loss=0.2455  lr=5.11e-06
[19:37:44 INFO] Epoch 46/50  iter 600/743  loss=0.1380  lr=5.03e-06
[19:37:57 INFO] Epoch 46/50  iter 650/743  loss=0.2205  lr=4.95e-06
[19:38:11 INFO] Epoch 46/50  iter 700/743  loss=0.0714  lr=4.87e-06
[19:38:22 INFO] Epoch 46 complete — avg_loss=0.1281  time=202s
[19:38:38 INFO] Epoch 47/50  iter 50/743  loss=0.1490  lr=4.72e-06
[19:38:51 INFO] Epoch 47/50  iter 100/743  loss=0.0646  lr=4.64e-06
[19:39:05 INFO] Epoch 47/50  iter 150/743  loss=0.0893  lr=4.56e-06
[19:39:19 INFO] Epoch 47/50  iter 200/743  loss=0.1134  lr=4.48e-06
[19:39:32 INFO] Epoch 47/50  iter 250/743  loss=0.0910  lr=4.39e-06
[19:39:46 INFO] Epoch 47/50  iter 300/743  loss=0.1084  lr=4.31e-06
[19:39:59 INFO] Epoch 47/50  iter 350/743  loss=0.1147  lr=4.23e-06
[19:40:13 INFO] Epoch 47/50  iter 400/743  loss=0.1179  lr=4.15e-06
[19:40:26 INFO] Epoch 47/50  iter 450/743  loss=0.1225  lr=4.07e-06
[19:40:40 INFO] Epoch 47/50  iter 500/743  loss=0.1101  lr=3.99e-06
[19:40:54 INFO] Epoch 47/50  iter 550/743  loss=0.1341  lr=3.91e-06
[19:41:07 INFO] Epoch 47/50  iter 600/743  loss=0.4056  lr=3.83e-06
[19:41:21 INFO] Epoch 47/50  iter 650/743  loss=0.0724  lr=3.75e-06
[19:41:35 INFO] Epoch 47/50  iter 700/743  loss=0.1103  lr=3.67e-06
[19:41:46 INFO] Epoch 47 complete — avg_loss=0.1211  time=203s
[19:42:01 INFO] Epoch 48/50  iter 50/743  loss=0.0951  lr=3.52e-06
[19:42:15 INFO] Epoch 48/50  iter 100/743  loss=0.0551  lr=3.44e-06
[19:42:28 INFO] Epoch 48/50  iter 150/743  loss=0.1192  lr=3.36e-06
[19:42:42 INFO] Epoch 48/50  iter 200/743  loss=0.2350  lr=3.28e-06
[19:42:55 INFO] Epoch 48/50  iter 250/743  loss=0.0762  lr=3.19e-06
[19:43:09 INFO] Epoch 48/50  iter 300/743  loss=0.0734  lr=3.11e-06
[19:43:23 INFO] Epoch 48/50  iter 350/743  loss=0.1538  lr=3.03e-06
[19:43:36 INFO] Epoch 48/50  iter 400/743  loss=0.2433  lr=2.95e-06
[19:43:50 INFO] Epoch 48/50  iter 450/743  loss=0.0933  lr=2.87e-06
[19:44:03 INFO] Epoch 48/50  iter 500/743  loss=0.0580  lr=2.79e-06
[19:44:17 INFO] Epoch 48/50  iter 550/743  loss=0.1127  lr=2.71e-06
[19:44:30 INFO] Epoch 48/50  iter 600/743  loss=0.1347  lr=2.63e-06
[19:44:44 INFO] Epoch 48/50  iter 650/743  loss=0.1015  lr=2.55e-06
[19:44:57 INFO] Epoch 48/50  iter 700/743  loss=0.1691  lr=2.47e-06
[19:45:09 INFO] Epoch 48 complete — avg_loss=0.1197  time=202s
[19:45:24 INFO] Epoch 49/50  iter 50/743  loss=0.1041  lr=2.32e-06
[19:45:38 INFO] Epoch 49/50  iter 100/743  loss=0.1307  lr=2.24e-06
[19:45:51 INFO] Epoch 49/50  iter 150/743  loss=0.1287  lr=2.16e-06
[19:46:05 INFO] Epoch 49/50  iter 200/743  loss=0.1103  lr=2.08e-06
[19:46:19 INFO] Epoch 49/50  iter 250/743  loss=0.1896  lr=1.99e-06
[19:46:32 INFO] Epoch 49/50  iter 300/743  loss=0.1175  lr=1.91e-06
[19:46:46 INFO] Epoch 49/50  iter 350/743  loss=0.1510  lr=1.83e-06
[19:47:00 INFO] Epoch 49/50  iter 400/743  loss=0.0653  lr=1.75e-06
[19:47:13 INFO] Epoch 49/50  iter 450/743  loss=0.0765  lr=1.67e-06
[19:47:27 INFO] Epoch 49/50  iter 500/743  loss=0.0707  lr=1.59e-06
[19:47:41 INFO] Epoch 49/50  iter 550/743  loss=0.1787  lr=1.51e-06
[19:47:54 INFO] Epoch 49/50  iter 600/743  loss=0.0658  lr=1.43e-06
[19:48:08 INFO] Epoch 49/50  iter 650/743  loss=0.1114  lr=1.35e-06
[19:48:21 INFO] Epoch 49/50  iter 700/743  loss=0.1001  lr=1.27e-06
[19:48:33 INFO] Epoch 49 complete — avg_loss=0.1182  time=203s
[19:48:48 INFO] Epoch 50/50  iter 50/743  loss=0.1066  lr=1.12e-06
[19:49:02 INFO] Epoch 50/50  iter 100/743  loss=0.1575  lr=1.04e-06
[19:49:15 INFO] Epoch 50/50  iter 150/743  loss=0.0471  lr=9.56e-07
[19:49:29 INFO] Epoch 50/50  iter 200/743  loss=0.1429  lr=8.75e-07
[19:49:43 INFO] Epoch 50/50  iter 250/743  loss=0.0864  lr=7.95e-07
[19:49:56 INFO] Epoch 50/50  iter 300/743  loss=0.0828  lr=7.14e-07
[19:50:10 INFO] Epoch 50/50  iter 350/743  loss=0.1401  lr=6.33e-07
[19:50:23 INFO] Epoch 50/50  iter 400/743  loss=0.0970  lr=5.52e-07
[19:50:37 INFO] Epoch 50/50  iter 450/743  loss=0.0781  lr=4.72e-07
[19:50:50 INFO] Epoch 50/50  iter 500/743  loss=0.1218  lr=3.91e-07
[19:51:04 INFO] Epoch 50/50  iter 550/743  loss=0.1018  lr=3.10e-07
[19:51:18 INFO] Epoch 50/50  iter 600/743  loss=0.0762  lr=2.29e-07
[19:51:31 INFO] Epoch 50/50  iter 650/743  loss=0.1197  lr=1.49e-07
[19:51:45 INFO] Epoch 50/50  iter 700/743  loss=0.1661  lr=6.78e-08
[19:51:57 INFO] Epoch 50 complete — avg_loss=0.1246  time=203s
[19:54:05 INFO]   val mIoU = 0.7702
[19:54:06 INFO]   ★ New best val mIoU: 0.7702
[19:54:07 INFO] Training complete. Best val mIoU = 0.7702
