[19:05:35 INFO] Device: cuda
[19:05:40 INFO] Train: 2975 samples  |  Val: 500 samples
[19:06:12 INFO] Epoch 1/50  iter 50/743  loss=1.8865  lr=5.99e-05
[19:06:47 INFO] Epoch 1/50  iter 100/743  loss=1.4623  lr=5.98e-05
[19:07:17 INFO] Epoch 1/50  iter 150/743  loss=0.9848  lr=5.98e-05
[19:07:47 INFO] Epoch 1/50  iter 200/743  loss=1.0219  lr=5.97e-05
[19:08:16 INFO] Epoch 1/50  iter 250/743  loss=1.1047  lr=5.96e-05
[19:08:49 INFO] Epoch 1/50  iter 300/743  loss=1.1485  lr=5.95e-05
[19:09:20 INFO] Epoch 1/50  iter 350/743  loss=1.2811  lr=5.94e-05
[19:09:53 INFO] Epoch 1/50  iter 400/743  loss=0.7807  lr=5.94e-05
[19:10:25 INFO] Epoch 1/50  iter 450/743  loss=0.7499  lr=5.93e-05
[19:10:59 INFO] Epoch 1/50  iter 500/743  loss=0.7660  lr=5.92e-05
[19:11:30 INFO] Epoch 1/50  iter 550/743  loss=0.6503  lr=5.91e-05
[19:12:03 INFO] Epoch 1/50  iter 600/743  loss=0.7020  lr=5.90e-05
[19:12:35 INFO] Epoch 1/50  iter 650/743  loss=1.1446  lr=5.89e-05
[19:13:07 INFO] Epoch 1/50  iter 700/743  loss=1.1945  lr=5.89e-05
[19:13:34 INFO] Epoch 1 complete — avg_loss=1.1260  time=474s
[19:14:05 INFO] Epoch 2/50  iter 50/743  loss=1.4061  lr=5.87e-05
[19:14:31 INFO] Epoch 2/50  iter 100/743  loss=1.2526  lr=5.86e-05
[19:14:59 INFO] Epoch 2/50  iter 150/743  loss=0.6293  lr=5.86e-05
[19:15:26 INFO] Epoch 2/50  iter 200/743  loss=0.4862  lr=5.85e-05
[19:15:53 INFO] Epoch 2/50  iter 250/743  loss=0.5466  lr=5.84e-05
[19:16:19 INFO] Epoch 2/50  iter 300/743  loss=0.6956  lr=5.83e-05
[19:16:46 INFO] Epoch 2/50  iter 350/743  loss=0.4490  lr=5.82e-05
[19:17:12 INFO] Epoch 2/50  iter 400/743  loss=0.4386  lr=5.82e-05
[19:17:39 INFO] Epoch 2/50  iter 450/743  loss=0.7350  lr=5.81e-05
[19:18:05 INFO] Epoch 2/50  iter 500/743  loss=0.7888  lr=5.80e-05
[19:18:32 INFO] Epoch 2/50  iter 550/743  loss=0.7894  lr=5.79e-05
[19:18:58 INFO] Epoch 2/50  iter 600/743  loss=0.8623  lr=5.78e-05
[19:19:25 INFO] Epoch 2/50  iter 650/743  loss=0.9061  lr=5.77e-05
[19:19:51 INFO] Epoch 2/50  iter 700/743  loss=0.5209  lr=5.77e-05
[19:20:14 INFO] Epoch 2 complete — avg_loss=0.7524  time=399s
[19:20:46 INFO] Epoch 3/50  iter 50/743  loss=0.7574  lr=5.75e-05
[19:21:16 INFO] Epoch 3/50  iter 100/743  loss=0.5667  lr=5.74e-05
[19:21:46 INFO] Epoch 3/50  iter 150/743  loss=0.5169  lr=5.74e-05
[19:22:15 INFO] Epoch 3/50  iter 200/743  loss=0.6881  lr=5.73e-05
[19:22:45 INFO] Epoch 3/50  iter 250/743  loss=0.5493  lr=5.72e-05
[19:23:14 INFO] Epoch 3/50  iter 300/743  loss=0.6054  lr=5.71e-05
[19:23:44 INFO] Epoch 3/50  iter 350/743  loss=0.6031  lr=5.70e-05
[19:24:13 INFO] Epoch 3/50  iter 400/743  loss=1.6400  lr=5.70e-05
[19:24:42 INFO] Epoch 3/50  iter 450/743  loss=0.7505  lr=5.69e-05
[19:25:09 INFO] Epoch 3/50  iter 500/743  loss=0.7512  lr=5.68e-05
[19:25:37 INFO] Epoch 3/50  iter 550/743  loss=0.5704  lr=5.67e-05
[19:26:03 INFO] Epoch 3/50  iter 600/743  loss=0.9706  lr=5.66e-05
[19:26:30 INFO] Epoch 3/50  iter 650/743  loss=0.7439  lr=5.65e-05
[19:26:59 INFO] Epoch 3/50  iter 700/743  loss=1.0797  lr=5.65e-05
[19:27:21 INFO] Epoch 3 complete — avg_loss=0.6717  time=426s
[19:27:51 INFO] Epoch 4/50  iter 50/743  loss=0.3502  lr=5.63e-05
[19:28:18 INFO] Epoch 4/50  iter 100/743  loss=0.4905  lr=5.62e-05
[19:28:46 INFO] Epoch 4/50  iter 150/743  loss=0.5763  lr=5.62e-05
[19:29:15 INFO] Epoch 4/50  iter 200/743  loss=0.7829  lr=5.61e-05
[19:29:48 INFO] Epoch 4/50  iter 250/743  loss=0.7641  lr=5.60e-05
[19:30:19 INFO] Epoch 4/50  iter 300/743  loss=0.4070  lr=5.59e-05
[19:30:51 INFO] Epoch 4/50  iter 350/743  loss=0.5010  lr=5.58e-05
[19:31:22 INFO] Epoch 4/50  iter 400/743  loss=0.3155  lr=5.58e-05
[19:31:55 INFO] Epoch 4/50  iter 450/743  loss=0.4653  lr=5.57e-05
[19:32:24 INFO] Epoch 4/50  iter 500/743  loss=0.3112  lr=5.56e-05
[19:32:52 INFO] Epoch 4/50  iter 550/743  loss=0.5688  lr=5.55e-05
[19:33:19 INFO] Epoch 4/50  iter 600/743  loss=0.5806  lr=5.54e-05
[19:33:50 INFO] Epoch 4/50  iter 650/743  loss=0.3692  lr=5.53e-05
[19:34:20 INFO] Epoch 4/50  iter 700/743  loss=0.4699  lr=5.53e-05
[19:34:44 INFO] Epoch 4 complete — avg_loss=0.6242  time=442s
[19:35:18 INFO] Epoch 5/50  iter 50/743  loss=0.4028  lr=5.51e-05
[19:35:49 INFO] Epoch 5/50  iter 100/743  loss=0.3319  lr=5.50e-05
[19:36:21 INFO] Epoch 5/50  iter 150/743  loss=0.5052  lr=5.50e-05
[19:36:50 INFO] Epoch 5/50  iter 200/743  loss=0.7943  lr=5.49e-05
[19:37:20 INFO] Epoch 5/50  iter 250/743  loss=0.3352  lr=5.48e-05
[19:37:49 INFO] Epoch 5/50  iter 300/743  loss=0.6497  lr=5.47e-05
[19:38:19 INFO] Epoch 5/50  iter 350/743  loss=0.4332  lr=5.46e-05
[19:38:46 INFO] Epoch 5/50  iter 400/743  loss=0.9741  lr=5.46e-05
[19:39:19 INFO] Epoch 5/50  iter 450/743  loss=1.2397  lr=5.45e-05
[19:39:48 INFO] Epoch 5/50  iter 500/743  loss=0.4410  lr=5.44e-05
[19:40:21 INFO] Epoch 5/50  iter 550/743  loss=1.0504  lr=5.43e-05
[19:40:52 INFO] Epoch 5/50  iter 600/743  loss=1.2708  lr=5.42e-05
[19:41:24 INFO] Epoch 5/50  iter 650/743  loss=0.6057  lr=5.41e-05
[19:41:53 INFO] Epoch 5/50  iter 700/743  loss=0.9155  lr=5.41e-05
[19:42:17 INFO] Epoch 5 complete — avg_loss=0.5867  time=453s
[19:43:10 INFO]   val mIoU = 0.1783
[19:43:11 INFO]   ★ New best val mIoU: 0.1783
[19:43:46 INFO] Epoch 6/50  iter 50/743  loss=0.5891  lr=5.39e-05
[19:44:17 INFO] Epoch 6/50  iter 100/743  loss=0.6913  lr=5.38e-05
[19:44:47 INFO] Epoch 6/50  iter 150/743  loss=0.5987  lr=5.38e-05
[19:45:16 INFO] Epoch 6/50  iter 200/743  loss=0.5694  lr=5.37e-05
[19:45:43 INFO] Epoch 6/50  iter 250/743  loss=0.4130  lr=5.36e-05
[19:46:13 INFO] Epoch 6/50  iter 300/743  loss=0.3037  lr=5.35e-05
[19:46:40 INFO] Epoch 6/50  iter 350/743  loss=0.4139  lr=5.34e-05
[19:47:09 INFO] Epoch 6/50  iter 400/743  loss=0.7318  lr=5.34e-05
[19:47:37 INFO] Epoch 6/50  iter 450/743  loss=0.8557  lr=5.33e-05
[19:48:06 INFO] Epoch 6/50  iter 500/743  loss=1.0157  lr=5.32e-05
[19:48:33 INFO] Epoch 6/50  iter 550/743  loss=0.8696  lr=5.31e-05
[19:49:04 INFO] Epoch 6/50  iter 600/743  loss=0.3822  lr=5.30e-05
[19:49:32 INFO] Epoch 6/50  iter 650/743  loss=0.6152  lr=5.29e-05
[19:49:59 INFO] Epoch 6/50  iter 700/743  loss=0.4022  lr=5.29e-05
[19:50:22 INFO] Epoch 6 complete — avg_loss=0.5718  time=430s
[19:50:55 INFO] Epoch 7/50  iter 50/743  loss=0.9370  lr=5.27e-05
[19:51:29 INFO] Epoch 7/50  iter 100/743  loss=0.4019  lr=5.26e-05
[19:52:00 INFO] Epoch 7/50  iter 150/743  loss=0.3550  lr=5.26e-05
[19:52:29 INFO] Epoch 7/50  iter 200/743  loss=0.3349  lr=5.25e-05
[19:52:55 INFO] Epoch 7/50  iter 250/743  loss=0.7061  lr=5.24e-05
[19:53:25 INFO] Epoch 7/50  iter 300/743  loss=0.4156  lr=5.23e-05
[19:53:53 INFO] Epoch 7/50  iter 350/743  loss=0.3264  lr=5.22e-05
[19:54:23 INFO] Epoch 7/50  iter 400/743  loss=0.5332  lr=5.22e-05
[19:54:50 INFO] Epoch 7/50  iter 450/743  loss=0.5310  lr=5.21e-05
[19:55:19 INFO] Epoch 7/50  iter 500/743  loss=0.6157  lr=5.20e-05
[19:55:47 INFO] Epoch 7/50  iter 550/743  loss=0.5881  lr=5.19e-05
[19:56:13 INFO] Epoch 7/50  iter 600/743  loss=0.3204  lr=5.18e-05
[19:56:43 INFO] Epoch 7/50  iter 650/743  loss=0.2345  lr=5.17e-05
[19:57:13 INFO] Epoch 7/50  iter 700/743  loss=0.5952  lr=5.17e-05
[19:57:39 INFO] Epoch 7 complete — avg_loss=0.5403  time=436s
[19:58:10 INFO] Epoch 8/50  iter 50/743  loss=0.4056  lr=5.15e-05
[19:58:39 INFO] Epoch 8/50  iter 100/743  loss=0.3842  lr=5.14e-05
[19:59:09 INFO] Epoch 8/50  iter 150/743  loss=0.6681  lr=5.14e-05
[19:59:41 INFO] Epoch 8/50  iter 200/743  loss=0.3047  lr=5.13e-05
[20:00:14 INFO] Epoch 8/50  iter 250/743  loss=0.3281  lr=5.12e-05
[20:00:46 INFO] Epoch 8/50  iter 300/743  loss=0.8157  lr=5.11e-05
[20:01:19 INFO] Epoch 8/50  iter 350/743  loss=0.4292  lr=5.10e-05
[20:01:51 INFO] Epoch 8/50  iter 400/743  loss=0.4154  lr=5.10e-05
[20:02:24 INFO] Epoch 8/50  iter 450/743  loss=0.6481  lr=5.09e-05
[20:02:55 INFO] Epoch 8/50  iter 500/743  loss=0.2242  lr=5.08e-05
[20:03:28 INFO] Epoch 8/50  iter 550/743  loss=0.2978  lr=5.07e-05
[20:04:00 INFO] Epoch 8/50  iter 600/743  loss=1.0922  lr=5.06e-05
[20:04:33 INFO] Epoch 8/50  iter 650/743  loss=0.5039  lr=5.05e-05
[20:05:03 INFO] Epoch 8/50  iter 700/743  loss=0.4170  lr=5.05e-05
[20:05:26 INFO] Epoch 8 complete — avg_loss=0.5156  time=467s
[20:06:00 INFO] Epoch 9/50  iter 50/743  loss=0.3365  lr=5.03e-05
[20:06:32 INFO] Epoch 9/50  iter 100/743  loss=0.5568  lr=5.02e-05
[20:07:02 INFO] Epoch 9/50  iter 150/743  loss=0.5576  lr=5.02e-05
[20:07:32 INFO] Epoch 9/50  iter 200/743  loss=0.2517  lr=5.01e-05
[20:08:03 INFO] Epoch 9/50  iter 250/743  loss=0.4466  lr=5.00e-05
[20:08:34 INFO] Epoch 9/50  iter 300/743  loss=0.2644  lr=4.99e-05
[20:09:05 INFO] Epoch 9/50  iter 350/743  loss=0.6730  lr=4.98e-05
[20:09:36 INFO] Epoch 9/50  iter 400/743  loss=0.6236  lr=4.98e-05
[20:10:06 INFO] Epoch 9/50  iter 450/743  loss=0.4742  lr=4.97e-05
[20:10:36 INFO] Epoch 9/50  iter 500/743  loss=0.4800  lr=4.96e-05
[20:11:04 INFO] Epoch 9/50  iter 550/743  loss=0.6676  lr=4.95e-05
[20:11:32 INFO] Epoch 9/50  iter 600/743  loss=0.7384  lr=4.94e-05
[20:12:00 INFO] Epoch 9/50  iter 650/743  loss=0.4279  lr=4.93e-05
[20:12:28 INFO] Epoch 9/50  iter 700/743  loss=0.7043  lr=4.93e-05
[20:12:52 INFO] Epoch 9 complete — avg_loss=0.4965  time=445s
[20:13:25 INFO] Epoch 10/50  iter 50/743  loss=0.7302  lr=4.91e-05
[20:13:54 INFO] Epoch 10/50  iter 100/743  loss=0.4238  lr=4.90e-05
[20:14:24 INFO] Epoch 10/50  iter 150/743  loss=0.3577  lr=4.90e-05
[20:14:58 INFO] Epoch 10/50  iter 200/743  loss=0.2553  lr=4.89e-05
[20:15:25 INFO] Epoch 10/50  iter 250/743  loss=0.3180  lr=4.88e-05
[20:15:55 INFO] Epoch 10/50  iter 300/743  loss=0.2449  lr=4.87e-05
[20:16:25 INFO] Epoch 10/50  iter 350/743  loss=0.8060  lr=4.86e-05
[20:16:54 INFO] Epoch 10/50  iter 400/743  loss=0.9599  lr=4.86e-05
[20:17:25 INFO] Epoch 10/50  iter 450/743  loss=0.3186  lr=4.85e-05
[20:17:53 INFO] Epoch 10/50  iter 500/743  loss=0.4060  lr=4.84e-05
[20:18:23 INFO] Epoch 10/50  iter 550/743  loss=0.6214  lr=4.83e-05
[20:18:52 INFO] Epoch 10/50  iter 600/743  loss=0.5819  lr=4.82e-05
[20:19:19 INFO] Epoch 10/50  iter 650/743  loss=0.6306  lr=4.81e-05
[20:19:48 INFO] Epoch 10/50  iter 700/743  loss=0.1436  lr=4.81e-05
[20:20:13 INFO] Epoch 10 complete — avg_loss=0.4966  time=439s
[20:21:06 INFO]   val mIoU = 0.2854
[20:21:07 INFO]   ★ New best val mIoU: 0.2854
[20:21:37 INFO] Epoch 11/50  iter 50/743  loss=0.7725  lr=4.79e-05
[20:22:10 INFO] Epoch 11/50  iter 100/743  loss=0.5039  lr=4.78e-05
[20:22:39 INFO] Epoch 11/50  iter 150/743  loss=0.3996  lr=4.78e-05
[20:23:06 INFO] Epoch 11/50  iter 200/743  loss=0.8808  lr=4.77e-05
[20:23:35 INFO] Epoch 11/50  iter 250/743  loss=0.3297  lr=4.76e-05
[20:24:08 INFO] Epoch 11/50  iter 300/743  loss=0.6340  lr=4.75e-05
[20:24:42 INFO] Epoch 11/50  iter 350/743  loss=0.2344  lr=4.74e-05
[20:25:14 INFO] Epoch 11/50  iter 400/743  loss=0.5808  lr=4.74e-05
[20:25:48 INFO] Epoch 11/50  iter 450/743  loss=0.4280  lr=4.73e-05
[20:26:21 INFO] Epoch 11/50  iter 500/743  loss=0.2579  lr=4.72e-05
[20:26:55 INFO] Epoch 11/50  iter 550/743  loss=0.6320  lr=4.71e-05
[20:27:27 INFO] Epoch 11/50  iter 600/743  loss=0.5199  lr=4.70e-05
[20:28:01 INFO] Epoch 11/50  iter 650/743  loss=0.6385  lr=4.69e-05
[20:28:33 INFO] Epoch 11/50  iter 700/743  loss=0.4881  lr=4.69e-05
[20:29:01 INFO] Epoch 11 complete — avg_loss=0.4843  time=473s
[20:29:31 INFO] Epoch 12/50  iter 50/743  loss=0.4775  lr=4.67e-05
[20:30:00 INFO] Epoch 12/50  iter 100/743  loss=0.2536  lr=4.66e-05
[20:30:29 INFO] Epoch 12/50  iter 150/743  loss=0.2988  lr=4.66e-05
[20:30:59 INFO] Epoch 12/50  iter 200/743  loss=0.6495  lr=4.65e-05
[20:31:26 INFO] Epoch 12/50  iter 250/743  loss=0.3663  lr=4.64e-05
[20:31:55 INFO] Epoch 12/50  iter 300/743  loss=0.7469  lr=4.63e-05
[20:32:22 INFO] Epoch 12/50  iter 350/743  loss=0.3414  lr=4.62e-05
[20:32:52 INFO] Epoch 12/50  iter 400/743  loss=0.5283  lr=4.62e-05
[20:33:20 INFO] Epoch 12/50  iter 450/743  loss=0.5056  lr=4.61e-05
[20:33:51 INFO] Epoch 12/50  iter 500/743  loss=0.8610  lr=4.60e-05
[20:34:22 INFO] Epoch 12/50  iter 550/743  loss=0.2805  lr=4.59e-05
[20:34:55 INFO] Epoch 12/50  iter 600/743  loss=0.5251  lr=4.58e-05
[20:35:24 INFO] Epoch 12/50  iter 650/743  loss=0.3655  lr=4.57e-05
[20:35:53 INFO] Epoch 12/50  iter 700/743  loss=0.4868  lr=4.57e-05
[20:36:18 INFO] Epoch 12 complete — avg_loss=0.4810  time=436s
[20:36:52 INFO] Epoch 13/50  iter 50/743  loss=0.4592  lr=4.55e-05
[20:37:22 INFO] Epoch 13/50  iter 100/743  loss=0.3236  lr=4.54e-05
[20:37:53 INFO] Epoch 13/50  iter 150/743  loss=0.4006  lr=4.54e-05
[20:38:24 INFO] Epoch 13/50  iter 200/743  loss=0.3394  lr=4.53e-05
[20:38:53 INFO] Epoch 13/50  iter 250/743  loss=0.4245  lr=4.52e-05
[20:39:23 INFO] Epoch 13/50  iter 300/743  loss=0.3903  lr=4.51e-05
[20:39:51 INFO] Epoch 13/50  iter 350/743  loss=0.1751  lr=4.50e-05
[20:40:19 INFO] Epoch 13/50  iter 400/743  loss=0.7521  lr=4.50e-05
[20:40:46 INFO] Epoch 13/50  iter 450/743  loss=0.5710  lr=4.49e-05
[20:41:16 INFO] Epoch 13/50  iter 500/743  loss=0.4289  lr=4.48e-05
[20:41:46 INFO] Epoch 13/50  iter 550/743  loss=0.7553  lr=4.47e-05
[20:42:19 INFO] Epoch 13/50  iter 600/743  loss=0.4631  lr=4.46e-05
[20:42:50 INFO] Epoch 13/50  iter 650/743  loss=0.6028  lr=4.45e-05
[20:43:21 INFO] Epoch 13/50  iter 700/743  loss=0.5442  lr=4.45e-05
[20:43:46 INFO] Epoch 13 complete — avg_loss=0.4640  time=448s
[20:44:18 INFO] Epoch 14/50  iter 50/743  loss=0.3676  lr=4.43e-05
[20:44:47 INFO] Epoch 14/50  iter 100/743  loss=0.3494  lr=4.42e-05
[20:45:16 INFO] Epoch 14/50  iter 150/743  loss=0.3251  lr=4.42e-05
[20:45:43 INFO] Epoch 14/50  iter 200/743  loss=0.4796  lr=4.41e-05
[20:46:11 INFO] Epoch 14/50  iter 250/743  loss=0.5387  lr=4.40e-05
[20:46:40 INFO] Epoch 14/50  iter 300/743  loss=0.4125  lr=4.39e-05
[20:47:07 INFO] Epoch 14/50  iter 350/743  loss=0.5697  lr=4.38e-05
[20:47:35 INFO] Epoch 14/50  iter 400/743  loss=0.3270  lr=4.38e-05
[20:48:03 INFO] Epoch 14/50  iter 450/743  loss=0.5194  lr=4.37e-05
[20:48:31 INFO] Epoch 14/50  iter 500/743  loss=0.2813  lr=4.36e-05
[00:07:44 INFO] Device: cuda
[00:07:51 INFO] Train: 2975 samples  |  Val: 500 samples
[00:07:52 INFO] Resumed from epoch 13  best_mIoU=0.2854
[00:08:25 INFO] Epoch 14/50  iter 50/743  loss=0.3427  lr=4.43e-05
[00:08:57 INFO] Epoch 14/50  iter 100/743  loss=0.6901  lr=4.42e-05
[00:09:29 INFO] Epoch 14/50  iter 150/743  loss=0.4472  lr=4.42e-05
[00:09:56 INFO] Epoch 14/50  iter 200/743  loss=0.3730  lr=4.41e-05
[00:10:23 INFO] Epoch 14/50  iter 250/743  loss=0.5047  lr=4.40e-05
[00:10:51 INFO] Epoch 14/50  iter 300/743  loss=0.5012  lr=4.39e-05
[00:11:19 INFO] Epoch 14/50  iter 350/743  loss=0.8502  lr=4.38e-05
[00:11:46 INFO] Epoch 14/50  iter 400/743  loss=0.3978  lr=4.38e-05
[00:12:14 INFO] Epoch 14/50  iter 450/743  loss=0.3555  lr=4.37e-05
[00:12:42 INFO] Epoch 14/50  iter 500/743  loss=0.3449  lr=4.36e-05
[00:13:09 INFO] Epoch 14/50  iter 550/743  loss=0.2371  lr=4.35e-05
[00:13:37 INFO] Epoch 14/50  iter 600/743  loss=0.3109  lr=4.34e-05
[00:14:05 INFO] Epoch 14/50  iter 650/743  loss=0.3770  lr=4.33e-05
[00:14:33 INFO] Epoch 14/50  iter 700/743  loss=0.5430  lr=4.33e-05
[00:14:57 INFO] Epoch 14 complete — avg_loss=0.4324  time=425s
[00:15:29 INFO] Epoch 15/50  iter 50/743  loss=0.5474  lr=4.31e-05
[00:16:00 INFO] Epoch 15/50  iter 100/743  loss=0.8382  lr=4.30e-05
[00:16:29 INFO] Epoch 15/50  iter 150/743  loss=0.3266  lr=4.30e-05
[00:16:59 INFO] Epoch 15/50  iter 200/743  loss=0.2897  lr=4.29e-05
[00:17:29 INFO] Epoch 15/50  iter 250/743  loss=0.3188  lr=4.28e-05
[00:17:59 INFO] Epoch 15/50  iter 300/743  loss=0.3690  lr=4.27e-05
[00:18:28 INFO] Epoch 15/50  iter 350/743  loss=0.1709  lr=4.26e-05
[00:18:59 INFO] Epoch 15/50  iter 400/743  loss=0.1837  lr=4.26e-05
[00:19:28 INFO] Epoch 15/50  iter 450/743  loss=0.5101  lr=4.25e-05
[00:19:58 INFO] Epoch 15/50  iter 500/743  loss=0.5071  lr=4.24e-05
[00:20:28 INFO] Epoch 15/50  iter 550/743  loss=0.4412  lr=4.23e-05
[00:20:59 INFO] Epoch 15/50  iter 600/743  loss=0.3941  lr=4.22e-05
[00:21:29 INFO] Epoch 15/50  iter 650/743  loss=0.5140  lr=4.21e-05
[00:21:59 INFO] Epoch 15/50  iter 700/743  loss=0.3067  lr=4.21e-05
[00:22:23 INFO] Epoch 15 complete — avg_loss=0.4305  time=446s
[00:23:16 INFO]   val mIoU = 0.2266
[00:23:49 INFO] Epoch 16/50  iter 50/743  loss=0.3153  lr=4.19e-05
[00:24:21 INFO] Epoch 16/50  iter 100/743  loss=0.3383  lr=4.18e-05
[00:24:52 INFO] Epoch 16/50  iter 150/743  loss=0.3396  lr=4.18e-05
[00:25:20 INFO] Epoch 16/50  iter 200/743  loss=0.6073  lr=4.17e-05
[00:25:50 INFO] Epoch 16/50  iter 250/743  loss=0.3946  lr=4.16e-05
[00:26:19 INFO] Epoch 16/50  iter 300/743  loss=0.2753  lr=4.15e-05
[00:26:48 INFO] Epoch 16/50  iter 350/743  loss=0.5366  lr=4.14e-05
[00:27:16 INFO] Epoch 16/50  iter 400/743  loss=0.3584  lr=4.14e-05
[00:27:46 INFO] Epoch 16/50  iter 450/743  loss=0.3084  lr=4.13e-05
[00:28:14 INFO] Epoch 16/50  iter 500/743  loss=0.6528  lr=4.12e-05
[00:28:45 INFO] Epoch 16/50  iter 550/743  loss=0.3972  lr=4.11e-05
[00:29:14 INFO] Epoch 16/50  iter 600/743  loss=0.7212  lr=4.10e-05
[00:29:43 INFO] Epoch 16/50  iter 650/743  loss=0.4254  lr=4.09e-05
[00:30:12 INFO] Epoch 16/50  iter 700/743  loss=0.4484  lr=4.09e-05
[00:30:37 INFO] Epoch 16 complete — avg_loss=0.4375  time=439s
[00:31:07 INFO] Epoch 17/50  iter 50/743  loss=0.4667  lr=4.07e-05
[00:31:34 INFO] Epoch 17/50  iter 100/743  loss=0.4170  lr=4.06e-05
[00:32:02 INFO] Epoch 17/50  iter 150/743  loss=0.2660  lr=4.06e-05
[00:32:30 INFO] Epoch 17/50  iter 200/743  loss=0.3560  lr=4.05e-05
[00:32:59 INFO] Epoch 17/50  iter 250/743  loss=0.3325  lr=4.04e-05
[00:33:26 INFO] Epoch 17/50  iter 300/743  loss=0.2452  lr=4.03e-05
[00:33:54 INFO] Epoch 17/50  iter 350/743  loss=0.4759  lr=4.02e-05
[00:34:21 INFO] Epoch 17/50  iter 400/743  loss=0.3519  lr=4.02e-05
[00:34:49 INFO] Epoch 17/50  iter 450/743  loss=0.9852  lr=4.01e-05
[00:35:16 INFO] Epoch 17/50  iter 500/743  loss=0.3377  lr=4.00e-05
[00:35:45 INFO] Epoch 17/50  iter 550/743  loss=0.9134  lr=3.99e-05
[00:36:11 INFO] Epoch 17/50  iter 600/743  loss=0.3221  lr=3.98e-05
[00:36:39 INFO] Epoch 17/50  iter 650/743  loss=0.3211  lr=3.97e-05
[00:37:06 INFO] Epoch 17/50  iter 700/743  loss=0.3914  lr=3.97e-05
[00:37:29 INFO] Epoch 17 complete — avg_loss=0.4210  time=412s
[00:38:00 INFO] Epoch 18/50  iter 50/743  loss=0.3545  lr=3.95e-05
[00:38:26 INFO] Epoch 18/50  iter 100/743  loss=0.4164  lr=3.94e-05
[00:38:55 INFO] Epoch 18/50  iter 150/743  loss=0.4081  lr=3.94e-05
[00:39:21 INFO] Epoch 18/50  iter 200/743  loss=0.4233  lr=3.93e-05
[00:39:49 INFO] Epoch 18/50  iter 250/743  loss=0.3566  lr=3.92e-05
[00:40:16 INFO] Epoch 18/50  iter 300/743  loss=0.2656  lr=3.91e-05
[00:40:45 INFO] Epoch 18/50  iter 350/743  loss=0.2710  lr=3.90e-05
[00:41:12 INFO] Epoch 18/50  iter 400/743  loss=0.3079  lr=3.90e-05
[00:41:39 INFO] Epoch 18/50  iter 450/743  loss=0.4009  lr=3.89e-05
[00:42:07 INFO] Epoch 18/50  iter 500/743  loss=0.5629  lr=3.88e-05
[00:42:35 INFO] Epoch 18/50  iter 550/743  loss=0.5802  lr=3.87e-05
[00:43:02 INFO] Epoch 18/50  iter 600/743  loss=0.2390  lr=3.86e-05
[00:43:30 INFO] Epoch 18/50  iter 650/743  loss=0.6650  lr=3.85e-05
[00:43:57 INFO] Epoch 18/50  iter 700/743  loss=0.4137  lr=3.85e-05
[00:44:21 INFO] Epoch 18 complete — avg_loss=0.4317  time=412s
[00:44:56 INFO] Epoch 19/50  iter 50/743  loss=0.3510  lr=3.83e-05
[00:45:27 INFO] Epoch 19/50  iter 100/743  loss=0.4055  lr=3.82e-05
[00:46:00 INFO] Epoch 19/50  iter 150/743  loss=0.4577  lr=3.82e-05
[00:46:33 INFO] Epoch 19/50  iter 200/743  loss=0.4689  lr=3.81e-05
[00:47:03 INFO] Epoch 19/50  iter 250/743  loss=0.2782  lr=3.80e-05
[00:47:34 INFO] Epoch 19/50  iter 300/743  loss=0.1983  lr=3.79e-05
[00:48:03 INFO] Epoch 19/50  iter 350/743  loss=0.3317  lr=3.78e-05
[00:48:34 INFO] Epoch 19/50  iter 400/743  loss=0.5715  lr=3.78e-05
[00:49:04 INFO] Epoch 19/50  iter 450/743  loss=0.4734  lr=3.77e-05
[00:49:35 INFO] Epoch 19/50  iter 500/743  loss=0.6196  lr=3.76e-05
[00:50:04 INFO] Epoch 19/50  iter 550/743  loss=0.2289  lr=3.75e-05
[00:50:34 INFO] Epoch 19/50  iter 600/743  loss=0.3106  lr=3.74e-05
[00:51:04 INFO] Epoch 19/50  iter 650/743  loss=0.4807  lr=3.73e-05
[00:51:35 INFO] Epoch 19/50  iter 700/743  loss=0.2615  lr=3.73e-05
[00:52:00 INFO] Epoch 19 complete — avg_loss=0.3995  time=458s
[00:52:30 INFO] Epoch 20/50  iter 50/743  loss=0.6127  lr=3.71e-05
[00:53:00 INFO] Epoch 20/50  iter 100/743  loss=0.3155  lr=3.70e-05
[00:53:27 INFO] Epoch 20/50  iter 150/743  loss=0.2331  lr=3.70e-05
[00:53:56 INFO] Epoch 20/50  iter 200/743  loss=0.2814  lr=3.69e-05
[00:54:22 INFO] Epoch 20/50  iter 250/743  loss=0.4940  lr=3.68e-05
[00:54:51 INFO] Epoch 20/50  iter 300/743  loss=0.3031  lr=3.67e-05
[00:55:18 INFO] Epoch 20/50  iter 350/743  loss=0.2385  lr=3.66e-05
[00:55:47 INFO] Epoch 20/50  iter 400/743  loss=0.3470  lr=3.66e-05
[00:56:14 INFO] Epoch 20/50  iter 450/743  loss=0.3807  lr=3.65e-05
[00:56:43 INFO] Epoch 20/50  iter 500/743  loss=0.4742  lr=3.64e-05
[00:57:12 INFO] Epoch 20/50  iter 550/743  loss=0.5153  lr=3.63e-05
[00:57:44 INFO] Epoch 20/50  iter 600/743  loss=0.2236  lr=3.62e-05
[00:58:14 INFO] Epoch 20/50  iter 650/743  loss=0.1480  lr=3.61e-05
[00:58:45 INFO] Epoch 20/50  iter 700/743  loss=0.3458  lr=3.61e-05
[00:59:07 INFO] Epoch 20 complete — avg_loss=0.3867  time=426s
[01:00:07 INFO]   val mIoU = 0.0961
[01:00:40 INFO] Epoch 21/50  iter 50/743  loss=0.6552  lr=3.59e-05
[01:01:11 INFO] Epoch 21/50  iter 100/743  loss=0.5541  lr=3.58e-05
[01:01:45 INFO] Epoch 21/50  iter 150/743  loss=0.4660  lr=3.58e-05
[01:02:17 INFO] Epoch 21/50  iter 200/743  loss=0.1890  lr=3.57e-05
[01:02:50 INFO] Epoch 21/50  iter 250/743  loss=0.3169  lr=3.56e-05
[01:03:21 INFO] Epoch 21/50  iter 300/743  loss=0.8131  lr=3.55e-05
[01:03:53 INFO] Epoch 21/50  iter 350/743  loss=0.2117  lr=3.54e-05
[01:04:21 INFO] Epoch 21/50  iter 400/743  loss=1.2154  lr=3.54e-05
[01:04:51 INFO] Epoch 21/50  iter 450/743  loss=0.6073  lr=3.53e-05
[01:05:21 INFO] Epoch 21/50  iter 500/743  loss=0.2454  lr=3.52e-05
[01:05:51 INFO] Epoch 21/50  iter 550/743  loss=0.3457  lr=3.51e-05
[01:06:21 INFO] Epoch 21/50  iter 600/743  loss=0.6715  lr=3.50e-05
[01:06:50 INFO] Epoch 21/50  iter 650/743  loss=0.5409  lr=3.49e-05
[01:07:21 INFO] Epoch 21/50  iter 700/743  loss=0.1959  lr=3.49e-05
[01:07:45 INFO] Epoch 21 complete — avg_loss=0.4044  time=457s
[01:08:20 INFO] Epoch 22/50  iter 50/743  loss=0.3794  lr=3.47e-05
[01:08:50 INFO] Epoch 22/50  iter 100/743  loss=0.2853  lr=3.46e-05
[01:09:21 INFO] Epoch 22/50  iter 150/743  loss=0.1894  lr=3.46e-05
[01:09:50 INFO] Epoch 22/50  iter 200/743  loss=0.3117  lr=3.45e-05
[01:10:20 INFO] Epoch 22/50  iter 250/743  loss=0.2174  lr=3.44e-05
[01:10:50 INFO] Epoch 22/50  iter 300/743  loss=0.2781  lr=3.43e-05
[01:11:20 INFO] Epoch 22/50  iter 350/743  loss=0.5037  lr=3.42e-05
[01:11:50 INFO] Epoch 22/50  iter 400/743  loss=0.3146  lr=3.42e-05
[01:12:20 INFO] Epoch 22/50  iter 450/743  loss=0.4550  lr=3.41e-05
[01:12:49 INFO] Epoch 22/50  iter 500/743  loss=0.3029  lr=3.40e-05
[01:13:19 INFO] Epoch 22/50  iter 550/743  loss=0.3475  lr=3.39e-05
[01:13:49 INFO] Epoch 22/50  iter 600/743  loss=0.3182  lr=3.38e-05
[01:14:18 INFO] Epoch 22/50  iter 650/743  loss=0.4618  lr=3.37e-05
[01:14:47 INFO] Epoch 22/50  iter 700/743  loss=0.3986  lr=3.37e-05
[01:15:13 INFO] Epoch 22 complete — avg_loss=0.4015  time=447s
[01:15:48 INFO] Epoch 23/50  iter 50/743  loss=0.4756  lr=3.35e-05
[01:16:22 INFO] Epoch 23/50  iter 100/743  loss=0.4597  lr=3.34e-05
[01:16:55 INFO] Epoch 23/50  iter 150/743  loss=0.6321  lr=3.34e-05
[01:17:25 INFO] Epoch 23/50  iter 200/743  loss=0.3331  lr=3.33e-05
[01:17:57 INFO] Epoch 23/50  iter 250/743  loss=0.8069  lr=3.32e-05
[01:18:31 INFO] Epoch 23/50  iter 300/743  loss=0.2750  lr=3.31e-05
[01:19:02 INFO] Epoch 23/50  iter 350/743  loss=0.2986  lr=3.30e-05
[01:19:37 INFO] Epoch 23/50  iter 400/743  loss=0.3955  lr=3.30e-05
[01:20:10 INFO] Epoch 23/50  iter 450/743  loss=0.2299  lr=3.29e-05
[01:20:43 INFO] Epoch 23/50  iter 500/743  loss=0.2191  lr=3.28e-05
[01:21:15 INFO] Epoch 23/50  iter 550/743  loss=0.2588  lr=3.27e-05
[01:21:49 INFO] Epoch 23/50  iter 600/743  loss=0.2301  lr=3.26e-05
[01:22:22 INFO] Epoch 23/50  iter 650/743  loss=0.3310  lr=3.25e-05
[01:22:57 INFO] Epoch 23/50  iter 700/743  loss=0.2843  lr=3.25e-05
[01:23:24 INFO] Epoch 23 complete — avg_loss=0.3965  time=491s
[01:23:59 INFO] Epoch 24/50  iter 50/743  loss=0.4783  lr=3.23e-05
[01:24:31 INFO] Epoch 24/50  iter 100/743  loss=0.3619  lr=3.22e-05
[01:25:00 INFO] Epoch 24/50  iter 150/743  loss=0.3252  lr=3.22e-05
[01:25:30 INFO] Epoch 24/50  iter 200/743  loss=0.7353  lr=3.21e-05
[01:25:59 INFO] Epoch 24/50  iter 250/743  loss=0.2728  lr=3.20e-05
[01:26:29 INFO] Epoch 24/50  iter 300/743  loss=0.5244  lr=3.19e-05
[01:26:58 INFO] Epoch 24/50  iter 350/743  loss=0.1717  lr=3.18e-05
[01:27:28 INFO] Epoch 24/50  iter 400/743  loss=0.4687  lr=3.18e-05
[01:27:57 INFO] Epoch 24/50  iter 450/743  loss=0.3140  lr=3.17e-05
[01:28:27 INFO] Epoch 24/50  iter 500/743  loss=0.2152  lr=3.16e-05
[01:28:56 INFO] Epoch 24/50  iter 550/743  loss=0.5191  lr=3.15e-05
[01:29:25 INFO] Epoch 24/50  iter 600/743  loss=0.3953  lr=3.14e-05
[01:29:52 INFO] Epoch 24/50  iter 650/743  loss=0.4385  lr=3.13e-05
[01:30:21 INFO] Epoch 24/50  iter 700/743  loss=0.3647  lr=3.13e-05
[01:30:47 INFO] Epoch 24 complete — avg_loss=0.3615  time=441s
[01:31:17 INFO] Epoch 25/50  iter 50/743  loss=0.4466  lr=3.11e-05
[01:31:44 INFO] Epoch 25/50  iter 100/743  loss=0.1855  lr=3.10e-05
[01:32:12 INFO] Epoch 25/50  iter 150/743  loss=0.2369  lr=3.10e-05
[01:32:39 INFO] Epoch 25/50  iter 200/743  loss=0.4320  lr=3.09e-05
[01:33:07 INFO] Epoch 25/50  iter 250/743  loss=0.2692  lr=3.08e-05
[01:33:34 INFO] Epoch 25/50  iter 300/743  loss=0.6239  lr=3.07e-05
[01:34:02 INFO] Epoch 25/50  iter 350/743  loss=0.2505  lr=3.06e-05
[01:34:31 INFO] Epoch 25/50  iter 400/743  loss=0.5878  lr=3.06e-05
[01:34:58 INFO] Epoch 25/50  iter 450/743  loss=0.3787  lr=3.05e-05
[01:35:25 INFO] Epoch 25/50  iter 500/743  loss=0.7010  lr=3.04e-05
[01:35:53 INFO] Epoch 25/50  iter 550/743  loss=0.1826  lr=3.03e-05
[01:36:20 INFO] Epoch 25/50  iter 600/743  loss=0.3747  lr=3.02e-05
[01:36:48 INFO] Epoch 25/50  iter 650/743  loss=0.2863  lr=3.01e-05
[01:37:17 INFO] Epoch 25/50  iter 700/743  loss=0.3638  lr=3.01e-05
[01:37:40 INFO] Epoch 25 complete — avg_loss=0.3570  time=413s
[01:38:34 INFO]   val mIoU = 0.1751
[01:39:05 INFO] Epoch 26/50  iter 50/743  loss=0.3418  lr=2.99e-05
[01:39:33 INFO] Epoch 26/50  iter 100/743  loss=0.3685  lr=2.98e-05
[01:40:02 INFO] Epoch 26/50  iter 150/743  loss=0.2577  lr=2.98e-05
[01:40:30 INFO] Epoch 26/50  iter 200/743  loss=0.6981  lr=2.97e-05
[01:40:59 INFO] Epoch 26/50  iter 250/743  loss=0.2411  lr=2.96e-05
[01:41:26 INFO] Epoch 26/50  iter 300/743  loss=0.3035  lr=2.95e-05
[01:41:55 INFO] Epoch 26/50  iter 350/743  loss=0.5527  lr=2.94e-05
[01:42:23 INFO] Epoch 26/50  iter 400/743  loss=0.3936  lr=2.94e-05
[01:42:51 INFO] Epoch 26/50  iter 450/743  loss=0.3827  lr=2.93e-05
[01:43:19 INFO] Epoch 26/50  iter 500/743  loss=0.3880  lr=2.92e-05
[01:43:48 INFO] Epoch 26/50  iter 550/743  loss=0.6470  lr=2.91e-05
[01:44:15 INFO] Epoch 26/50  iter 600/743  loss=0.2962  lr=2.90e-05
[01:44:43 INFO] Epoch 26/50  iter 650/743  loss=0.2522  lr=2.89e-05
[01:45:11 INFO] Epoch 26/50  iter 700/743  loss=0.1443  lr=2.89e-05
[01:45:35 INFO] Epoch 26 complete — avg_loss=0.3837  time=420s
[01:46:09 INFO] Epoch 27/50  iter 50/743  loss=0.3189  lr=2.87e-05
[01:46:40 INFO] Epoch 27/50  iter 100/743  loss=0.5453  lr=2.86e-05
[01:47:13 INFO] Epoch 27/50  iter 150/743  loss=0.3891  lr=2.86e-05
[01:47:43 INFO] Epoch 27/50  iter 200/743  loss=0.4922  lr=2.85e-05
[01:48:16 INFO] Epoch 27/50  iter 250/743  loss=0.2496  lr=2.84e-05
[01:48:45 INFO] Epoch 27/50  iter 300/743  loss=0.4655  lr=2.83e-05
[01:49:16 INFO] Epoch 27/50  iter 350/743  loss=0.4423  lr=2.82e-05
[01:49:45 INFO] Epoch 27/50  iter 400/743  loss=0.9259  lr=2.82e-05
[01:50:15 INFO] Epoch 27/50  iter 450/743  loss=0.1683  lr=2.81e-05
[01:50:43 INFO] Epoch 27/50  iter 500/743  loss=0.2973  lr=2.80e-05
[01:51:13 INFO] Epoch 27/50  iter 550/743  loss=0.5489  lr=2.79e-05
[01:51:41 INFO] Epoch 27/50  iter 600/743  loss=0.2648  lr=2.78e-05
[01:52:11 INFO] Epoch 27/50  iter 650/743  loss=0.4558  lr=2.77e-05
[01:52:40 INFO] Epoch 27/50  iter 700/743  loss=0.4831  lr=2.77e-05
[01:53:05 INFO] Epoch 27 complete — avg_loss=0.3772  time=450s
[01:53:37 INFO] Epoch 28/50  iter 50/743  loss=0.4454  lr=2.75e-05
[01:54:05 INFO] Epoch 28/50  iter 100/743  loss=0.6377  lr=2.74e-05
[01:54:33 INFO] Epoch 28/50  iter 150/743  loss=0.4267  lr=2.74e-05
[01:55:00 INFO] Epoch 28/50  iter 200/743  loss=0.1766  lr=2.73e-05
[01:55:27 INFO] Epoch 28/50  iter 250/743  loss=0.6731  lr=2.72e-05
[01:55:53 INFO] Epoch 28/50  iter 300/743  loss=0.8560  lr=2.71e-05
[01:56:20 INFO] Epoch 28/50  iter 350/743  loss=0.7738  lr=2.70e-05
[01:56:47 INFO] Epoch 28/50  iter 400/743  loss=0.2843  lr=2.70e-05
[01:57:16 INFO] Epoch 28/50  iter 450/743  loss=0.5408  lr=2.69e-05
[01:57:48 INFO] Epoch 28/50  iter 500/743  loss=0.1012  lr=2.68e-05
[01:58:17 INFO] Epoch 28/50  iter 550/743  loss=0.3200  lr=2.67e-05
[01:58:50 INFO] Epoch 28/50  iter 600/743  loss=0.2027  lr=2.66e-05
[01:59:20 INFO] Epoch 28/50  iter 650/743  loss=0.2066  lr=2.65e-05
[01:59:50 INFO] Epoch 28/50  iter 700/743  loss=0.2306  lr=2.65e-05
[02:00:14 INFO] Epoch 28 complete — avg_loss=0.3626  time=428s
[02:00:45 INFO] Epoch 29/50  iter 50/743  loss=0.1912  lr=2.63e-05
[02:01:14 INFO] Epoch 29/50  iter 100/743  loss=0.6790  lr=2.62e-05
[02:01:42 INFO] Epoch 29/50  iter 150/743  loss=0.3435  lr=2.62e-05
[02:02:10 INFO] Epoch 29/50  iter 200/743  loss=0.2114  lr=2.61e-05
[02:02:39 INFO] Epoch 29/50  iter 250/743  loss=0.6220  lr=2.60e-05
[02:03:06 INFO] Epoch 29/50  iter 300/743  loss=0.3708  lr=2.59e-05
[02:03:35 INFO] Epoch 29/50  iter 350/743  loss=0.5012  lr=2.58e-05
[02:04:02 INFO] Epoch 29/50  iter 400/743  loss=0.2399  lr=2.58e-05
[02:04:30 INFO] Epoch 29/50  iter 450/743  loss=0.2460  lr=2.57e-05
[02:04:58 INFO] Epoch 29/50  iter 500/743  loss=0.4796  lr=2.56e-05
[02:05:28 INFO] Epoch 29/50  iter 550/743  loss=0.3289  lr=2.55e-05
[02:06:00 INFO] Epoch 29/50  iter 600/743  loss=0.4347  lr=2.54e-05
[02:06:34 INFO] Epoch 29/50  iter 650/743  loss=0.2842  lr=2.53e-05
[02:07:07 INFO] Epoch 29/50  iter 700/743  loss=0.2348  lr=2.53e-05
[02:07:35 INFO] Epoch 29 complete — avg_loss=0.3653  time=441s
[02:08:08 INFO] Epoch 30/50  iter 50/743  loss=0.3658  lr=2.51e-05
[02:08:40 INFO] Epoch 30/50  iter 100/743  loss=0.3727  lr=2.50e-05
[02:09:12 INFO] Epoch 30/50  iter 150/743  loss=0.4046  lr=2.50e-05
[02:09:42 INFO] Epoch 30/50  iter 200/743  loss=0.2633  lr=2.49e-05
[02:10:12 INFO] Epoch 30/50  iter 250/743  loss=0.3317  lr=2.48e-05
[02:10:42 INFO] Epoch 30/50  iter 300/743  loss=0.3343  lr=2.47e-05
[02:11:13 INFO] Epoch 30/50  iter 350/743  loss=0.1987  lr=2.46e-05
[02:11:43 INFO] Epoch 30/50  iter 400/743  loss=0.1867  lr=2.46e-05
[02:12:14 INFO] Epoch 30/50  iter 450/743  loss=0.1902  lr=2.45e-05
[02:12:43 INFO] Epoch 30/50  iter 500/743  loss=0.3846  lr=2.44e-05
[02:13:13 INFO] Epoch 30/50  iter 550/743  loss=0.3369  lr=2.43e-05
[02:13:43 INFO] Epoch 30/50  iter 600/743  loss=0.2363  lr=2.42e-05
[02:14:10 INFO] Epoch 30/50  iter 650/743  loss=0.4730  lr=2.41e-05
[02:14:37 INFO] Epoch 30/50  iter 700/743  loss=0.3497  lr=2.41e-05
[02:15:00 INFO] Epoch 30 complete — avg_loss=0.3821  time=445s
[02:16:00 INFO]   val mIoU = 0.1511
[02:16:33 INFO] Epoch 31/50  iter 50/743  loss=0.3772  lr=2.39e-05
[02:17:06 INFO] Epoch 31/50  iter 100/743  loss=0.2973  lr=2.38e-05
[02:17:36 INFO] Epoch 31/50  iter 150/743  loss=0.2747  lr=2.38e-05
[02:18:08 INFO] Epoch 31/50  iter 200/743  loss=0.3792  lr=2.37e-05
[02:18:38 INFO] Epoch 31/50  iter 250/743  loss=0.2957  lr=2.36e-05
[02:19:10 INFO] Epoch 31/50  iter 300/743  loss=0.1753  lr=2.35e-05
[02:19:40 INFO] Epoch 31/50  iter 350/743  loss=0.3022  lr=2.34e-05
[02:20:08 INFO] Epoch 31/50  iter 400/743  loss=0.6218  lr=2.34e-05
[02:20:34 INFO] Epoch 31/50  iter 450/743  loss=0.4031  lr=2.33e-05
[02:21:01 INFO] Epoch 31/50  iter 500/743  loss=0.4237  lr=2.32e-05
[02:21:28 INFO] Epoch 31/50  iter 550/743  loss=0.2767  lr=2.31e-05
[02:21:55 INFO] Epoch 31/50  iter 600/743  loss=0.2594  lr=2.30e-05
[02:22:20 INFO] Epoch 31/50  iter 650/743  loss=0.3693  lr=2.29e-05
[02:22:51 INFO] Epoch 31/50  iter 700/743  loss=0.4299  lr=2.29e-05
[02:23:15 INFO] Epoch 31 complete — avg_loss=0.3570  time=434s
[02:23:47 INFO] Epoch 32/50  iter 50/743  loss=0.5709  lr=2.27e-05
[02:24:18 INFO] Epoch 32/50  iter 100/743  loss=0.2614  lr=2.26e-05
[02:24:48 INFO] Epoch 32/50  iter 150/743  loss=0.3279  lr=2.26e-05
[02:25:20 INFO] Epoch 32/50  iter 200/743  loss=0.4115  lr=2.25e-05
[02:25:49 INFO] Epoch 32/50  iter 250/743  loss=0.3619  lr=2.24e-05
[02:26:20 INFO] Epoch 32/50  iter 300/743  loss=0.3543  lr=2.23e-05
[02:26:49 INFO] Epoch 32/50  iter 350/743  loss=0.3944  lr=2.22e-05
[02:27:20 INFO] Epoch 32/50  iter 400/743  loss=0.5695  lr=2.22e-05
[02:27:49 INFO] Epoch 32/50  iter 450/743  loss=0.2817  lr=2.21e-05
[02:28:20 INFO] Epoch 32/50  iter 500/743  loss=0.3095  lr=2.20e-05
[02:28:50 INFO] Epoch 32/50  iter 550/743  loss=0.4458  lr=2.19e-05
[02:29:20 INFO] Epoch 32/50  iter 600/743  loss=0.3176  lr=2.18e-05
[02:29:47 INFO] Epoch 32/50  iter 650/743  loss=0.2465  lr=2.17e-05
[02:30:14 INFO] Epoch 32/50  iter 700/743  loss=0.1897  lr=2.17e-05
[02:30:37 INFO] Epoch 32 complete — avg_loss=0.3644  time=441s
[02:31:11 INFO] Epoch 33/50  iter 50/743  loss=0.5645  lr=2.15e-05
[02:31:43 INFO] Epoch 33/50  iter 100/743  loss=0.1757  lr=2.14e-05
[02:32:14 INFO] Epoch 33/50  iter 150/743  loss=0.3523  lr=2.14e-05
[02:32:47 INFO] Epoch 33/50  iter 200/743  loss=0.1942  lr=2.13e-05
[02:33:19 INFO] Epoch 33/50  iter 250/743  loss=0.0927  lr=2.12e-05
[02:33:51 INFO] Epoch 33/50  iter 300/743  loss=0.4040  lr=2.11e-05
[02:34:22 INFO] Epoch 33/50  iter 350/743  loss=0.4340  lr=2.10e-05
[02:34:51 INFO] Epoch 33/50  iter 400/743  loss=0.2211  lr=2.10e-05
[02:35:18 INFO] Epoch 33/50  iter 450/743  loss=0.2352  lr=2.09e-05
[02:35:48 INFO] Epoch 33/50  iter 500/743  loss=0.2620  lr=2.08e-05
[02:36:16 INFO] Epoch 33/50  iter 550/743  loss=0.2084  lr=2.07e-05
[02:36:44 INFO] Epoch 33/50  iter 600/743  loss=0.4890  lr=2.06e-05
[02:37:11 INFO] Epoch 33/50  iter 650/743  loss=0.2493  lr=2.05e-05
[02:37:42 INFO] Epoch 33/50  iter 700/743  loss=0.1610  lr=2.05e-05
[02:38:06 INFO] Epoch 33 complete — avg_loss=0.3495  time=448s
[02:38:38 INFO] Epoch 34/50  iter 50/743  loss=0.3275  lr=2.03e-05
[02:39:09 INFO] Epoch 34/50  iter 100/743  loss=0.2038  lr=2.02e-05
[02:39:40 INFO] Epoch 34/50  iter 150/743  loss=0.3917  lr=2.02e-05
[02:40:11 INFO] Epoch 34/50  iter 200/743  loss=0.2529  lr=2.01e-05
[02:40:36 INFO] Epoch 34/50  iter 250/743  loss=0.3329  lr=2.00e-05
[02:41:05 INFO] Epoch 34/50  iter 300/743  loss=0.3316  lr=1.99e-05
[02:41:34 INFO] Epoch 34/50  iter 350/743  loss=0.3927  lr=1.98e-05
[02:42:03 INFO] Epoch 34/50  iter 400/743  loss=0.2609  lr=1.98e-05
[02:42:31 INFO] Epoch 34/50  iter 450/743  loss=0.3217  lr=1.97e-05
[02:43:05 INFO] Epoch 34/50  iter 500/743  loss=0.3314  lr=1.96e-05
[02:43:33 INFO] Epoch 34/50  iter 550/743  loss=0.4535  lr=1.95e-05
[02:44:00 INFO] Epoch 34/50  iter 600/743  loss=0.3981  lr=1.94e-05
[02:44:27 INFO] Epoch 34/50  iter 650/743  loss=0.3271  lr=1.93e-05
[02:44:56 INFO] Epoch 34/50  iter 700/743  loss=0.2889  lr=1.93e-05
[02:45:23 INFO] Epoch 34 complete — avg_loss=0.3491  time=436s
[02:45:55 INFO] Epoch 35/50  iter 50/743  loss=0.2535  lr=1.91e-05
[02:46:24 INFO] Epoch 35/50  iter 100/743  loss=0.2983  lr=1.90e-05
[02:46:54 INFO] Epoch 35/50  iter 150/743  loss=0.2804  lr=1.90e-05
[02:47:24 INFO] Epoch 35/50  iter 200/743  loss=0.2960  lr=1.89e-05
[02:47:53 INFO] Epoch 35/50  iter 250/743  loss=0.3556  lr=1.88e-05
[02:48:23 INFO] Epoch 35/50  iter 300/743  loss=0.9517  lr=1.87e-05
[02:48:53 INFO] Epoch 35/50  iter 350/743  loss=0.4526  lr=1.86e-05
[02:49:23 INFO] Epoch 35/50  iter 400/743  loss=0.2952  lr=1.86e-05
[02:49:52 INFO] Epoch 35/50  iter 450/743  loss=0.2884  lr=1.85e-05
[02:50:25 INFO] Epoch 35/50  iter 500/743  loss=0.1340  lr=1.84e-05
[02:50:59 INFO] Epoch 35/50  iter 550/743  loss=0.3730  lr=1.83e-05
[02:51:32 INFO] Epoch 35/50  iter 600/743  loss=0.3405  lr=1.82e-05
[02:52:04 INFO] Epoch 35/50  iter 650/743  loss=0.5739  lr=1.81e-05
[02:52:38 INFO] Epoch 35/50  iter 700/743  loss=0.3726  lr=1.81e-05
[02:53:05 INFO] Epoch 35 complete — avg_loss=0.3465  time=462s
[02:53:58 INFO]   val mIoU = 0.0771
[02:54:32 INFO] Epoch 36/50  iter 50/743  loss=0.4253  lr=1.79e-05
[02:55:03 INFO] Epoch 36/50  iter 100/743  loss=0.1962  lr=1.78e-05
[02:55:34 INFO] Epoch 36/50  iter 150/743  loss=0.1468  lr=1.78e-05
[02:56:08 INFO] Epoch 36/50  iter 200/743  loss=0.7170  lr=1.77e-05
[02:56:39 INFO] Epoch 36/50  iter 250/743  loss=0.2864  lr=1.76e-05
[02:57:12 INFO] Epoch 36/50  iter 300/743  loss=0.6310  lr=1.75e-05
[02:57:43 INFO] Epoch 36/50  iter 350/743  loss=0.3566  lr=1.74e-05
[02:58:10 INFO] Epoch 36/50  iter 400/743  loss=0.3780  lr=1.74e-05
[02:58:41 INFO] Epoch 36/50  iter 450/743  loss=0.3115  lr=1.73e-05
[02:59:13 INFO] Epoch 36/50  iter 500/743  loss=0.2140  lr=1.72e-05
[02:59:46 INFO] Epoch 36/50  iter 550/743  loss=0.2845  lr=1.71e-05
[03:00:18 INFO] Epoch 36/50  iter 600/743  loss=0.2893  lr=1.70e-05
[03:00:49 INFO] Epoch 36/50  iter 650/743  loss=0.1979  lr=1.69e-05
[03:01:21 INFO] Epoch 36/50  iter 700/743  loss=0.3904  lr=1.69e-05
[03:01:49 INFO] Epoch 36 complete — avg_loss=0.3426  time=470s
[03:02:18 INFO] Epoch 37/50  iter 50/743  loss=0.3423  lr=1.67e-05
[03:02:43 INFO] Epoch 37/50  iter 100/743  loss=0.3023  lr=1.66e-05
[03:03:09 INFO] Epoch 37/50  iter 150/743  loss=0.3490  lr=1.66e-05
[03:03:35 INFO] Epoch 37/50  iter 200/743  loss=0.4162  lr=1.65e-05
[03:04:02 INFO] Epoch 37/50  iter 250/743  loss=0.3146  lr=1.64e-05
[03:04:27 INFO] Epoch 37/50  iter 300/743  loss=0.1988  lr=1.63e-05
[03:04:54 INFO] Epoch 37/50  iter 350/743  loss=0.4203  lr=1.62e-05
[03:05:21 INFO] Epoch 37/50  iter 400/743  loss=0.5339  lr=1.62e-05
[03:05:49 INFO] Epoch 37/50  iter 450/743  loss=0.2473  lr=1.61e-05
[03:06:15 INFO] Epoch 37/50  iter 500/743  loss=0.1834  lr=1.60e-05
[03:06:43 INFO] Epoch 37/50  iter 550/743  loss=0.1877  lr=1.59e-05
[03:07:09 INFO] Epoch 37/50  iter 600/743  loss=0.3219  lr=1.58e-05
[03:07:38 INFO] Epoch 37/50  iter 650/743  loss=0.2189  lr=1.57e-05
[03:08:08 INFO] Epoch 37/50  iter 700/743  loss=0.2991  lr=1.57e-05
[03:08:34 INFO] Epoch 37 complete — avg_loss=0.3443  time=405s
[03:09:04 INFO] Epoch 38/50  iter 50/743  loss=0.2024  lr=1.55e-05
[03:09:30 INFO] Epoch 38/50  iter 100/743  loss=0.4060  lr=1.54e-05
[03:09:58 INFO] Epoch 38/50  iter 150/743  loss=0.2245  lr=1.54e-05
[03:10:26 INFO] Epoch 38/50  iter 200/743  loss=0.3909  lr=1.53e-05
[03:10:52 INFO] Epoch 38/50  iter 250/743  loss=0.3964  lr=1.52e-05
[03:11:21 INFO] Epoch 38/50  iter 300/743  loss=0.2309  lr=1.51e-05
[03:11:48 INFO] Epoch 38/50  iter 350/743  loss=0.3654  lr=1.50e-05
[03:12:15 INFO] Epoch 38/50  iter 400/743  loss=0.4181  lr=1.50e-05
[03:12:41 INFO] Epoch 38/50  iter 450/743  loss=0.3001  lr=1.49e-05
[03:13:10 INFO] Epoch 38/50  iter 500/743  loss=0.3839  lr=1.48e-05
[03:13:37 INFO] Epoch 38/50  iter 550/743  loss=0.4197  lr=1.47e-05
[03:14:04 INFO] Epoch 38/50  iter 600/743  loss=0.5147  lr=1.46e-05
[03:14:31 INFO] Epoch 38/50  iter 650/743  loss=0.5756  lr=1.45e-05
[03:14:59 INFO] Epoch 38/50  iter 700/743  loss=0.4084  lr=1.45e-05
[03:15:22 INFO] Epoch 38 complete — avg_loss=0.3386  time=407s
[03:15:51 INFO] Epoch 39/50  iter 50/743  loss=0.2755  lr=1.43e-05
[03:16:17 INFO] Epoch 39/50  iter 100/743  loss=0.3587  lr=1.42e-05
[03:16:44 INFO] Epoch 39/50  iter 150/743  loss=0.2910  lr=1.42e-05
[03:17:10 INFO] Epoch 39/50  iter 200/743  loss=0.3731  lr=1.41e-05
[03:17:36 INFO] Epoch 39/50  iter 250/743  loss=0.3194  lr=1.40e-05
[03:18:02 INFO] Epoch 39/50  iter 300/743  loss=0.0929  lr=1.39e-05
[03:18:29 INFO] Epoch 39/50  iter 350/743  loss=0.2787  lr=1.38e-05
[03:18:55 INFO] Epoch 39/50  iter 400/743  loss=0.3610  lr=1.38e-05
[03:19:23 INFO] Epoch 39/50  iter 450/743  loss=0.3079  lr=1.37e-05
[03:19:49 INFO] Epoch 39/50  iter 500/743  loss=0.3111  lr=1.36e-05
[03:20:16 INFO] Epoch 39/50  iter 550/743  loss=0.4023  lr=1.35e-05
[03:20:42 INFO] Epoch 39/50  iter 600/743  loss=0.2001  lr=1.34e-05
[03:21:10 INFO] Epoch 39/50  iter 650/743  loss=0.1653  lr=1.33e-05
[03:21:37 INFO] Epoch 39/50  iter 700/743  loss=0.4494  lr=1.33e-05
[03:22:01 INFO] Epoch 39 complete — avg_loss=0.3335  time=398s
[03:22:31 INFO] Epoch 40/50  iter 50/743  loss=0.5532  lr=1.31e-05
[03:23:02 INFO] Epoch 40/50  iter 100/743  loss=0.5368  lr=1.30e-05
[03:23:32 INFO] Epoch 40/50  iter 150/743  loss=0.2617  lr=1.30e-05
[03:24:02 INFO] Epoch 40/50  iter 200/743  loss=0.1611  lr=1.29e-05
[03:24:34 INFO] Epoch 40/50  iter 250/743  loss=0.4408  lr=1.28e-05
[03:25:05 INFO] Epoch 40/50  iter 300/743  loss=0.4186  lr=1.27e-05
[03:25:36 INFO] Epoch 40/50  iter 350/743  loss=0.1162  lr=1.26e-05
[03:26:03 INFO] Epoch 40/50  iter 400/743  loss=0.2630  lr=1.26e-05
[03:26:32 INFO] Epoch 40/50  iter 450/743  loss=0.3994  lr=1.25e-05
[03:27:03 INFO] Epoch 40/50  iter 500/743  loss=0.2764  lr=1.24e-05
[03:27:33 INFO] Epoch 40/50  iter 550/743  loss=0.1935  lr=1.23e-05
[03:28:00 INFO] Epoch 40/50  iter 600/743  loss=0.4875  lr=1.22e-05
[03:28:33 INFO] Epoch 40/50  iter 650/743  loss=0.4630  lr=1.21e-05
[03:29:03 INFO] Epoch 40/50  iter 700/743  loss=0.3725  lr=1.21e-05
[03:29:31 INFO] Epoch 40 complete — avg_loss=0.3357  time=449s
[03:30:24 INFO]   val mIoU = 0.2059
[03:30:53 INFO] Epoch 41/50  iter 50/743  loss=0.2123  lr=1.19e-05
[03:31:19 INFO] Epoch 41/50  iter 100/743  loss=0.1739  lr=1.18e-05
[03:31:52 INFO] Epoch 41/50  iter 150/743  loss=0.5826  lr=1.18e-05
[03:32:25 INFO] Epoch 41/50  iter 200/743  loss=0.4932  lr=1.17e-05
[03:32:56 INFO] Epoch 41/50  iter 250/743  loss=0.2435  lr=1.16e-05
[03:33:29 INFO] Epoch 41/50  iter 300/743  loss=0.1921  lr=1.15e-05
[03:34:00 INFO] Epoch 41/50  iter 350/743  loss=0.3482  lr=1.14e-05
[03:34:32 INFO] Epoch 41/50  iter 400/743  loss=0.3005  lr=1.14e-05
[03:35:04 INFO] Epoch 41/50  iter 450/743  loss=0.2576  lr=1.13e-05
[03:35:37 INFO] Epoch 41/50  iter 500/743  loss=0.2972  lr=1.12e-05
[03:36:08 INFO] Epoch 41/50  iter 550/743  loss=0.4928  lr=1.11e-05
[03:36:41 INFO] Epoch 41/50  iter 600/743  loss=0.3310  lr=1.10e-05
[03:37:13 INFO] Epoch 41/50  iter 650/743  loss=0.2707  lr=1.09e-05
[03:37:45 INFO] Epoch 41/50  iter 700/743  loss=0.5951  lr=1.09e-05
[03:38:12 INFO] Epoch 41 complete — avg_loss=0.3275  time=467s
[03:38:44 INFO] Epoch 42/50  iter 50/743  loss=0.2698  lr=1.07e-05
[03:39:14 INFO] Epoch 42/50  iter 100/743  loss=0.3776  lr=1.06e-05
[03:39:44 INFO] Epoch 42/50  iter 150/743  loss=0.2652  lr=1.06e-05
[03:40:15 INFO] Epoch 42/50  iter 200/743  loss=0.3813  lr=1.05e-05
[03:40:43 INFO] Epoch 42/50  iter 250/743  loss=0.5030  lr=1.04e-05
[03:41:12 INFO] Epoch 42/50  iter 300/743  loss=0.3062  lr=1.03e-05
[03:41:42 INFO] Epoch 42/50  iter 350/743  loss=0.4602  lr=1.02e-05
[03:42:14 INFO] Epoch 42/50  iter 400/743  loss=0.5232  lr=1.02e-05
[03:42:44 INFO] Epoch 42/50  iter 450/743  loss=0.2237  lr=1.01e-05
[03:43:14 INFO] Epoch 42/50  iter 500/743  loss=0.2193  lr=9.99e-06
[03:43:41 INFO] Epoch 42/50  iter 550/743  loss=0.0565  lr=9.91e-06
[03:44:09 INFO] Epoch 42/50  iter 600/743  loss=0.2617  lr=9.83e-06
[03:44:36 INFO] Epoch 42/50  iter 650/743  loss=0.2116  lr=9.75e-06
[03:45:08 INFO] Epoch 42/50  iter 700/743  loss=0.3285  lr=9.67e-06
[03:45:37 INFO] Epoch 42 complete — avg_loss=0.3300  time=444s
[03:46:12 INFO] Epoch 43/50  iter 50/743  loss=0.1835  lr=9.52e-06
[03:46:39 INFO] Epoch 43/50  iter 100/743  loss=0.2492  lr=9.44e-06
[03:47:05 INFO] Epoch 43/50  iter 150/743  loss=0.1468  lr=9.36e-06
[03:47:33 INFO] Epoch 43/50  iter 200/743  loss=0.2189  lr=9.28e-06
[03:48:01 INFO] Epoch 43/50  iter 250/743  loss=0.2538  lr=9.19e-06
[03:48:28 INFO] Epoch 43/50  iter 300/743  loss=0.2818  lr=9.11e-06
[03:48:56 INFO] Epoch 43/50  iter 350/743  loss=0.2902  lr=9.03e-06
[03:49:23 INFO] Epoch 43/50  iter 400/743  loss=0.3339  lr=8.95e-06
[03:49:53 INFO] Epoch 43/50  iter 450/743  loss=0.2883  lr=8.87e-06
[03:50:23 INFO] Epoch 43/50  iter 500/743  loss=0.2871  lr=8.79e-06
[03:50:55 INFO] Epoch 43/50  iter 550/743  loss=0.2171  lr=8.71e-06
[03:51:25 INFO] Epoch 43/50  iter 600/743  loss=0.2634  lr=8.63e-06
[03:51:57 INFO] Epoch 43/50  iter 650/743  loss=0.1981  lr=8.55e-06
[03:52:27 INFO] Epoch 43/50  iter 700/743  loss=0.2961  lr=8.47e-06
[03:52:53 INFO] Epoch 43 complete — avg_loss=0.3213  time=436s
[03:53:29 INFO] Epoch 44/50  iter 50/743  loss=0.2603  lr=8.32e-06
[03:53:58 INFO] Epoch 44/50  iter 100/743  loss=0.3399  lr=8.24e-06
[03:54:30 INFO] Epoch 44/50  iter 150/743  loss=0.3151  lr=8.16e-06
[03:54:59 INFO] Epoch 44/50  iter 200/743  loss=0.3754  lr=8.08e-06
[03:55:31 INFO] Epoch 44/50  iter 250/743  loss=0.3828  lr=7.99e-06
[03:56:01 INFO] Epoch 44/50  iter 300/743  loss=0.2899  lr=7.91e-06
[03:56:32 INFO] Epoch 44/50  iter 350/743  loss=0.2511  lr=7.83e-06
[03:57:02 INFO] Epoch 44/50  iter 400/743  loss=0.3828  lr=7.75e-06
[03:57:33 INFO] Epoch 44/50  iter 450/743  loss=0.3567  lr=7.67e-06
[03:58:03 INFO] Epoch 44/50  iter 500/743  loss=0.2478  lr=7.59e-06
[03:58:33 INFO] Epoch 44/50  iter 550/743  loss=0.2312  lr=7.51e-06
[03:59:01 INFO] Epoch 44/50  iter 600/743  loss=0.1530  lr=7.43e-06
[03:59:29 INFO] Epoch 44/50  iter 650/743  loss=0.1758  lr=7.35e-06
[03:59:57 INFO] Epoch 44/50  iter 700/743  loss=0.2483  lr=7.27e-06
[04:00:21 INFO] Epoch 44 complete — avg_loss=0.3295  time=447s
[04:00:50 INFO] Epoch 45/50  iter 50/743  loss=0.2565  lr=7.12e-06
[04:01:18 INFO] Epoch 45/50  iter 100/743  loss=0.1961  lr=7.04e-06
[04:01:46 INFO] Epoch 45/50  iter 150/743  loss=0.2864  lr=6.96e-06
[04:02:14 INFO] Epoch 45/50  iter 200/743  loss=0.2310  lr=6.88e-06
[04:02:42 INFO] Epoch 45/50  iter 250/743  loss=0.4561  lr=6.79e-06
[04:03:11 INFO] Epoch 45/50  iter 300/743  loss=0.3794  lr=6.71e-06
[04:03:38 INFO] Epoch 45/50  iter 350/743  loss=0.1710  lr=6.63e-06
[04:04:07 INFO] Epoch 45/50  iter 400/743  loss=0.2369  lr=6.55e-06
[04:04:34 INFO] Epoch 45/50  iter 450/743  loss=0.5981  lr=6.47e-06
[04:05:03 INFO] Epoch 45/50  iter 500/743  loss=0.2144  lr=6.39e-06
[04:05:33 INFO] Epoch 45/50  iter 550/743  loss=0.3664  lr=6.31e-06
[04:06:06 INFO] Epoch 45/50  iter 600/743  loss=1.1739  lr=6.23e-06
[04:06:36 INFO] Epoch 45/50  iter 650/743  loss=0.1746  lr=6.15e-06
[04:07:07 INFO] Epoch 45/50  iter 700/743  loss=0.2062  lr=6.07e-06
[04:07:34 INFO] Epoch 45 complete — avg_loss=0.3176  time=433s
[04:08:33 INFO]   val mIoU = 0.0661
[04:09:05 INFO] Epoch 46/50  iter 50/743  loss=0.2583  lr=5.92e-06
[04:09:36 INFO] Epoch 46/50  iter 100/743  loss=0.2336  lr=5.84e-06
[04:10:07 INFO] Epoch 46/50  iter 150/743  loss=0.4311  lr=5.76e-06
[04:10:37 INFO] Epoch 46/50  iter 200/743  loss=0.4521  lr=5.68e-06
[04:11:09 INFO] Epoch 46/50  iter 250/743  loss=0.3295  lr=5.59e-06
[04:11:38 INFO] Epoch 46/50  iter 300/743  loss=0.2516  lr=5.51e-06
[04:12:09 INFO] Epoch 46/50  iter 350/743  loss=0.5141  lr=5.43e-06
[04:12:39 INFO] Epoch 46/50  iter 400/743  loss=0.3653  lr=5.35e-06
[04:13:10 INFO] Epoch 46/50  iter 450/743  loss=0.2888  lr=5.27e-06
[04:13:40 INFO] Epoch 46/50  iter 500/743  loss=0.5080  lr=5.19e-06
[04:14:11 INFO] Epoch 46/50  iter 550/743  loss=0.7487  lr=5.11e-06
[04:14:41 INFO] Epoch 46/50  iter 600/743  loss=0.1735  lr=5.03e-06
[04:15:12 INFO] Epoch 46/50  iter 650/743  loss=0.2688  lr=4.95e-06
[04:15:43 INFO] Epoch 46/50  iter 700/743  loss=0.1806  lr=4.87e-06
[04:16:08 INFO] Epoch 46 complete — avg_loss=0.3177  time=454s
[04:16:44 INFO] Epoch 47/50  iter 50/743  loss=0.4020  lr=4.72e-06
[04:17:15 INFO] Epoch 47/50  iter 100/743  loss=0.3431  lr=4.64e-06
[04:17:46 INFO] Epoch 47/50  iter 150/743  loss=0.2288  lr=4.56e-06
[04:18:17 INFO] Epoch 47/50  iter 200/743  loss=0.3538  lr=4.48e-06
[04:18:48 INFO] Epoch 47/50  iter 250/743  loss=0.2922  lr=4.39e-06
[04:19:19 INFO] Epoch 47/50  iter 300/743  loss=0.2003  lr=4.31e-06
[04:19:51 INFO] Epoch 47/50  iter 350/743  loss=0.3786  lr=4.23e-06
[04:20:21 INFO] Epoch 47/50  iter 400/743  loss=0.3820  lr=4.15e-06
[04:20:53 INFO] Epoch 47/50  iter 450/743  loss=0.4134  lr=4.07e-06
[04:21:23 INFO] Epoch 47/50  iter 500/743  loss=0.3744  lr=3.99e-06
[04:21:54 INFO] Epoch 47/50  iter 550/743  loss=0.3036  lr=3.91e-06
[04:22:21 INFO] Epoch 47/50  iter 600/743  loss=0.4601  lr=3.83e-06
[04:22:48 INFO] Epoch 47/50  iter 650/743  loss=0.3010  lr=3.75e-06
[04:23:19 INFO] Epoch 47/50  iter 700/743  loss=0.2302  lr=3.67e-06
[04:23:43 INFO] Epoch 47 complete — avg_loss=0.3073  time=454s
[04:24:16 INFO] Epoch 48/50  iter 50/743  loss=0.2636  lr=3.52e-06
[04:24:47 INFO] Epoch 48/50  iter 100/743  loss=0.2857  lr=3.44e-06
[04:25:19 INFO] Epoch 48/50  iter 150/743  loss=0.2088  lr=3.36e-06
[04:25:49 INFO] Epoch 48/50  iter 200/743  loss=0.2687  lr=3.28e-06
[04:26:18 INFO] Epoch 48/50  iter 250/743  loss=0.4349  lr=3.19e-06
[04:26:45 INFO] Epoch 48/50  iter 300/743  loss=0.3533  lr=3.11e-06
[04:27:12 INFO] Epoch 48/50  iter 350/743  loss=0.2004  lr=3.03e-06
[04:27:40 INFO] Epoch 48/50  iter 400/743  loss=0.4547  lr=2.95e-06
[04:28:07 INFO] Epoch 48/50  iter 450/743  loss=0.3640  lr=2.87e-06
[04:28:35 INFO] Epoch 48/50  iter 500/743  loss=0.3658  lr=2.79e-06
[04:29:02 INFO] Epoch 48/50  iter 550/743  loss=0.2705  lr=2.71e-06
[04:29:34 INFO] Epoch 48/50  iter 600/743  loss=0.1838  lr=2.63e-06
[04:30:04 INFO] Epoch 48/50  iter 650/743  loss=0.3383  lr=2.55e-06
[04:30:35 INFO] Epoch 48/50  iter 700/743  loss=0.5388  lr=2.47e-06
[04:31:00 INFO] Epoch 48 complete — avg_loss=0.3105  time=436s
[04:31:35 INFO] Epoch 49/50  iter 50/743  loss=0.2302  lr=2.32e-06
[04:32:07 INFO] Epoch 49/50  iter 100/743  loss=1.1199  lr=2.24e-06
[04:32:41 INFO] Epoch 49/50  iter 150/743  loss=0.4417  lr=2.16e-06
[04:33:10 INFO] Epoch 49/50  iter 200/743  loss=0.3664  lr=2.08e-06
[04:33:41 INFO] Epoch 49/50  iter 250/743  loss=0.3634  lr=1.99e-06
[04:34:07 INFO] Epoch 49/50  iter 300/743  loss=0.3098  lr=1.91e-06
[04:34:35 INFO] Epoch 49/50  iter 350/743  loss=0.2692  lr=1.83e-06
[04:35:02 INFO] Epoch 49/50  iter 400/743  loss=0.1213  lr=1.75e-06
[04:35:31 INFO] Epoch 49/50  iter 450/743  loss=0.4321  lr=1.67e-06
[04:35:59 INFO] Epoch 49/50  iter 500/743  loss=0.3894  lr=1.59e-06
[04:36:27 INFO] Epoch 49/50  iter 550/743  loss=0.2604  lr=1.51e-06
[04:36:54 INFO] Epoch 49/50  iter 600/743  loss=0.2674  lr=1.43e-06
[04:37:23 INFO] Epoch 49/50  iter 650/743  loss=0.2115  lr=1.35e-06
[04:37:50 INFO] Epoch 49/50  iter 700/743  loss=0.3156  lr=1.27e-06
[04:38:14 INFO] Epoch 49 complete — avg_loss=0.3086  time=433s
[04:38:43 INFO] Epoch 50/50  iter 50/743  loss=0.2376  lr=1.12e-06
[04:39:09 INFO] Epoch 50/50  iter 100/743  loss=0.3537  lr=1.04e-06
[04:39:37 INFO] Epoch 50/50  iter 150/743  loss=0.5092  lr=9.56e-07
[04:40:06 INFO] Epoch 50/50  iter 200/743  loss=0.2540  lr=8.75e-07
[04:40:33 INFO] Epoch 50/50  iter 250/743  loss=0.4499  lr=7.95e-07
[04:41:02 INFO] Epoch 50/50  iter 300/743  loss=0.2616  lr=7.14e-07
[04:41:29 INFO] Epoch 50/50  iter 350/743  loss=0.1899  lr=6.33e-07
[04:41:58 INFO] Epoch 50/50  iter 400/743  loss=0.1765  lr=5.52e-07
[04:42:25 INFO] Epoch 50/50  iter 450/743  loss=0.3373  lr=4.72e-07
[04:42:54 INFO] Epoch 50/50  iter 500/743  loss=0.3246  lr=3.91e-07
[04:43:21 INFO] Epoch 50/50  iter 550/743  loss=0.2666  lr=3.10e-07
[04:43:50 INFO] Epoch 50/50  iter 600/743  loss=0.2291  lr=2.29e-07
[04:44:16 INFO] Epoch 50/50  iter 650/743  loss=0.7478  lr=1.49e-07
[04:44:44 INFO] Epoch 50/50  iter 700/743  loss=0.3474  lr=6.78e-08
[04:45:07 INFO] Epoch 50 complete — avg_loss=0.3082  time=412s
[04:46:07 INFO]   val mIoU = 0.0782
[04:46:07 INFO] Training complete. Best val mIoU = 0.2854
