[05:23:52 INFO] Device: cuda
[05:23:55 INFO] fog_prob: 0.3
[05:23:57 INFO] Train: 2975 samples  |  Val: 500 samples
[05:24:12 INFO] Epoch 1/50  iter 50/743  loss=2.3344  lr=5.99e-05
[05:24:27 INFO] Epoch 1/50  iter 100/743  loss=0.9194  lr=5.98e-05
[05:24:43 INFO] Epoch 1/50  iter 150/743  loss=1.2007  lr=5.98e-05
[05:24:57 INFO] Epoch 1/50  iter 200/743  loss=0.8225  lr=5.97e-05
[05:25:11 INFO] Epoch 1/50  iter 250/743  loss=0.3661  lr=5.96e-05
[05:25:26 INFO] Epoch 1/50  iter 300/743  loss=0.5814  lr=5.95e-05
[05:25:41 INFO] Epoch 1/50  iter 350/743  loss=0.3438  lr=5.94e-05
[05:25:56 INFO] Epoch 1/50  iter 400/743  loss=0.7032  lr=5.94e-05
[05:26:11 INFO] Epoch 1/50  iter 450/743  loss=1.4517  lr=5.93e-05
[05:26:25 INFO] Epoch 1/50  iter 500/743  loss=0.7095  lr=5.92e-05
[05:26:39 INFO] Epoch 1/50  iter 550/743  loss=0.7394  lr=5.91e-05
[05:26:53 INFO] Epoch 1/50  iter 600/743  loss=0.4811  lr=5.90e-05
[05:27:07 INFO] Epoch 1/50  iter 650/743  loss=0.3667  lr=5.89e-05
[05:27:23 INFO] Epoch 1/50  iter 700/743  loss=1.5107  lr=5.89e-05
[05:27:36 INFO] Epoch 1 complete — avg_loss=0.9219  time=219s
[05:27:55 INFO] Epoch 2/50  iter 50/743  loss=0.8451  lr=5.87e-05
[05:28:08 INFO] Epoch 2/50  iter 100/743  loss=0.4406  lr=5.86e-05
[05:28:23 INFO] Epoch 2/50  iter 150/743  loss=0.6756  lr=5.86e-05
[05:28:37 INFO] Epoch 2/50  iter 200/743  loss=0.4992  lr=5.85e-05
[05:28:51 INFO] Epoch 2/50  iter 250/743  loss=0.4578  lr=5.84e-05
[05:29:05 INFO] Epoch 2/50  iter 300/743  loss=0.1801  lr=5.83e-05
[05:29:20 INFO] Epoch 2/50  iter 350/743  loss=0.2439  lr=5.82e-05
[05:29:34 INFO] Epoch 2/50  iter 400/743  loss=0.1798  lr=5.82e-05
[05:29:48 INFO] Epoch 2/50  iter 450/743  loss=0.2241  lr=5.81e-05
[05:30:03 INFO] Epoch 2/50  iter 500/743  loss=0.5154  lr=5.80e-05
[05:30:18 INFO] Epoch 2/50  iter 550/743  loss=0.4744  lr=5.79e-05
[05:30:32 INFO] Epoch 2/50  iter 600/743  loss=0.7458  lr=5.78e-05
[05:30:46 INFO] Epoch 2/50  iter 650/743  loss=0.2563  lr=5.77e-05
[05:31:00 INFO] Epoch 2/50  iter 700/743  loss=0.4105  lr=5.77e-05
[05:31:11 INFO] Epoch 2 complete — avg_loss=0.5197  time=214s
[05:31:27 INFO] Epoch 3/50  iter 50/743  loss=0.4361  lr=5.75e-05
[05:31:40 INFO] Epoch 3/50  iter 100/743  loss=0.1715  lr=5.74e-05
[05:31:55 INFO] Epoch 3/50  iter 150/743  loss=0.7543  lr=5.74e-05
[05:32:09 INFO] Epoch 3/50  iter 200/743  loss=0.2165  lr=5.73e-05
[05:32:22 INFO] Epoch 3/50  iter 250/743  loss=0.2849  lr=5.72e-05
[05:32:36 INFO] Epoch 3/50  iter 300/743  loss=0.2794  lr=5.71e-05
[05:32:49 INFO] Epoch 3/50  iter 350/743  loss=0.7677  lr=5.70e-05
[05:33:03 INFO] Epoch 3/50  iter 400/743  loss=0.3984  lr=5.70e-05
[05:33:17 INFO] Epoch 3/50  iter 450/743  loss=0.4724  lr=5.69e-05
[05:33:31 INFO] Epoch 3/50  iter 500/743  loss=0.2219  lr=5.68e-05
[05:33:45 INFO] Epoch 3/50  iter 550/743  loss=0.5303  lr=5.67e-05
[05:33:59 INFO] Epoch 3/50  iter 600/743  loss=0.1362  lr=5.66e-05
[05:34:13 INFO] Epoch 3/50  iter 650/743  loss=0.2783  lr=5.65e-05
[05:34:28 INFO] Epoch 3/50  iter 700/743  loss=0.3329  lr=5.65e-05
[05:34:39 INFO] Epoch 3 complete — avg_loss=0.4571  time=208s
[05:34:55 INFO] Epoch 4/50  iter 50/743  loss=0.5162  lr=5.63e-05
[05:35:09 INFO] Epoch 4/50  iter 100/743  loss=0.3636  lr=5.62e-05
[05:35:23 INFO] Epoch 4/50  iter 150/743  loss=0.5866  lr=5.62e-05
[05:35:38 INFO] Epoch 4/50  iter 200/743  loss=0.2167  lr=5.61e-05
[05:35:52 INFO] Epoch 4/50  iter 250/743  loss=0.4171  lr=5.60e-05
[05:36:05 INFO] Epoch 4/50  iter 300/743  loss=0.8125  lr=5.59e-05
[05:36:20 INFO] Epoch 4/50  iter 350/743  loss=0.3699  lr=5.58e-05
[05:36:34 INFO] Epoch 4/50  iter 400/743  loss=0.2086  lr=5.58e-05
[05:36:48 INFO] Epoch 4/50  iter 450/743  loss=0.1919  lr=5.57e-05
[05:37:02 INFO] Epoch 4/50  iter 500/743  loss=0.1283  lr=5.56e-05
[05:37:16 INFO] Epoch 4/50  iter 550/743  loss=0.4181  lr=5.55e-05
[05:37:29 INFO] Epoch 4/50  iter 600/743  loss=0.6252  lr=5.54e-05
[05:37:44 INFO] Epoch 4/50  iter 650/743  loss=0.4799  lr=5.53e-05
[05:37:58 INFO] Epoch 4/50  iter 700/743  loss=0.4359  lr=5.53e-05
[05:38:09 INFO] Epoch 4 complete — avg_loss=0.3959  time=209s
[05:38:25 INFO] Epoch 5/50  iter 50/743  loss=0.3128  lr=5.51e-05
[05:38:40 INFO] Epoch 5/50  iter 100/743  loss=0.2654  lr=5.50e-05
[05:38:56 INFO] Epoch 5/50  iter 150/743  loss=0.3619  lr=5.50e-05
[05:39:10 INFO] Epoch 5/50  iter 200/743  loss=0.1989  lr=5.49e-05
[05:39:23 INFO] Epoch 5/50  iter 250/743  loss=0.2705  lr=5.48e-05
[05:39:37 INFO] Epoch 5/50  iter 300/743  loss=0.4147  lr=5.47e-05
[05:39:52 INFO] Epoch 5/50  iter 350/743  loss=0.2370  lr=5.46e-05
[05:40:06 INFO] Epoch 5/50  iter 400/743  loss=0.4877  lr=5.46e-05
[05:40:19 INFO] Epoch 5/50  iter 450/743  loss=0.2117  lr=5.45e-05
[05:40:33 INFO] Epoch 5/50  iter 500/743  loss=0.3993  lr=5.44e-05
[05:40:46 INFO] Epoch 5/50  iter 550/743  loss=0.2700  lr=5.43e-05
[05:41:00 INFO] Epoch 5/50  iter 600/743  loss=0.3775  lr=5.42e-05
[05:41:13 INFO] Epoch 5/50  iter 650/743  loss=0.5473  lr=5.41e-05
[05:41:27 INFO] Epoch 5/50  iter 700/743  loss=0.2314  lr=5.41e-05
[05:41:40 INFO] Epoch 5 complete — avg_loss=0.3673  time=210s
[05:43:44 INFO]   val mIoU = 0.6077
[05:43:45 INFO]   ★ New best val mIoU: 0.6077
[05:44:00 INFO] Epoch 6/50  iter 50/743  loss=0.4914  lr=5.39e-05
[05:44:14 INFO] Epoch 6/50  iter 100/743  loss=0.1731  lr=5.38e-05
[05:44:28 INFO] Epoch 6/50  iter 150/743  loss=0.5880  lr=5.38e-05
[05:44:42 INFO] Epoch 6/50  iter 200/743  loss=0.2301  lr=5.37e-05
[05:44:56 INFO] Epoch 6/50  iter 250/743  loss=0.2469  lr=5.36e-05
[05:45:09 INFO] Epoch 6/50  iter 300/743  loss=0.6954  lr=5.35e-05
[05:45:23 INFO] Epoch 6/50  iter 350/743  loss=0.2775  lr=5.34e-05
[05:45:36 INFO] Epoch 6/50  iter 400/743  loss=0.2470  lr=5.34e-05
[05:45:50 INFO] Epoch 6/50  iter 450/743  loss=0.5499  lr=5.33e-05
[05:46:04 INFO] Epoch 6/50  iter 500/743  loss=0.2602  lr=5.32e-05
[05:46:17 INFO] Epoch 6/50  iter 550/743  loss=0.1058  lr=5.31e-05
[05:46:32 INFO] Epoch 6/50  iter 600/743  loss=0.2003  lr=5.30e-05
[05:46:45 INFO] Epoch 6/50  iter 650/743  loss=0.1931  lr=5.29e-05
[05:46:59 INFO] Epoch 6/50  iter 700/743  loss=0.2036  lr=5.29e-05
[05:47:11 INFO] Epoch 6 complete — avg_loss=0.3758  time=206s
[05:47:27 INFO] Epoch 7/50  iter 50/743  loss=0.1491  lr=5.27e-05
[05:47:41 INFO] Epoch 7/50  iter 100/743  loss=0.1765  lr=5.26e-05
[05:47:55 INFO] Epoch 7/50  iter 150/743  loss=0.4009  lr=5.26e-05
[05:48:10 INFO] Epoch 7/50  iter 200/743  loss=0.4106  lr=5.25e-05
[05:48:24 INFO] Epoch 7/50  iter 250/743  loss=0.3456  lr=5.24e-05
[05:48:38 INFO] Epoch 7/50  iter 300/743  loss=0.1562  lr=5.23e-05
[05:48:53 INFO] Epoch 7/50  iter 350/743  loss=0.1075  lr=5.22e-05
[05:49:08 INFO] Epoch 7/50  iter 400/743  loss=0.5824  lr=5.22e-05
[05:49:22 INFO] Epoch 7/50  iter 450/743  loss=0.5564  lr=5.21e-05
[05:49:35 INFO] Epoch 7/50  iter 500/743  loss=0.5831  lr=5.20e-05
[05:49:49 INFO] Epoch 7/50  iter 550/743  loss=0.2129  lr=5.19e-05
[05:50:02 INFO] Epoch 7/50  iter 600/743  loss=0.6997  lr=5.18e-05
[05:50:16 INFO] Epoch 7/50  iter 650/743  loss=0.1128  lr=5.17e-05
[05:50:31 INFO] Epoch 7/50  iter 700/743  loss=0.2089  lr=5.17e-05
[05:50:43 INFO] Epoch 7 complete — avg_loss=0.3470  time=211s
[05:51:01 INFO] Epoch 8/50  iter 50/743  loss=0.2306  lr=5.15e-05
[05:51:16 INFO] Epoch 8/50  iter 100/743  loss=0.3787  lr=5.14e-05
[05:51:30 INFO] Epoch 8/50  iter 150/743  loss=0.3053  lr=5.14e-05
[05:51:44 INFO] Epoch 8/50  iter 200/743  loss=0.2603  lr=5.13e-05
[05:51:58 INFO] Epoch 8/50  iter 250/743  loss=0.3023  lr=5.12e-05
[05:52:11 INFO] Epoch 8/50  iter 300/743  loss=0.4433  lr=5.11e-05
[05:52:27 INFO] Epoch 8/50  iter 350/743  loss=0.3501  lr=5.10e-05
[05:52:43 INFO] Epoch 8/50  iter 400/743  loss=0.2586  lr=5.10e-05
[05:52:57 INFO] Epoch 8/50  iter 450/743  loss=0.1532  lr=5.09e-05
[05:53:11 INFO] Epoch 8/50  iter 500/743  loss=0.4715  lr=5.08e-05
[05:53:26 INFO] Epoch 8/50  iter 550/743  loss=0.8822  lr=5.07e-05
[05:53:39 INFO] Epoch 8/50  iter 600/743  loss=0.2336  lr=5.06e-05
[05:53:53 INFO] Epoch 8/50  iter 650/743  loss=0.2018  lr=5.05e-05
[05:54:08 INFO] Epoch 8/50  iter 700/743  loss=0.2088  lr=5.05e-05
[05:54:20 INFO] Epoch 8 complete — avg_loss=0.3232  time=217s
[05:54:37 INFO] Epoch 9/50  iter 50/743  loss=0.0316  lr=5.03e-05
[05:54:50 INFO] Epoch 9/50  iter 100/743  loss=0.3614  lr=5.02e-05
[05:55:04 INFO] Epoch 9/50  iter 150/743  loss=0.2832  lr=5.02e-05
[05:55:18 INFO] Epoch 9/50  iter 200/743  loss=0.3191  lr=5.01e-05
[05:55:31 INFO] Epoch 9/50  iter 250/743  loss=0.2109  lr=5.00e-05
[05:55:45 INFO] Epoch 9/50  iter 300/743  loss=0.2620  lr=4.99e-05
[05:56:00 INFO] Epoch 9/50  iter 350/743  loss=0.1915  lr=4.98e-05
[05:56:13 INFO] Epoch 9/50  iter 400/743  loss=0.2010  lr=4.98e-05
[05:56:27 INFO] Epoch 9/50  iter 450/743  loss=0.1831  lr=4.97e-05
[05:56:40 INFO] Epoch 9/50  iter 500/743  loss=0.1727  lr=4.96e-05
[05:56:54 INFO] Epoch 9/50  iter 550/743  loss=0.2525  lr=4.95e-05
[05:57:08 INFO] Epoch 9/50  iter 600/743  loss=0.1718  lr=4.94e-05
[05:57:22 INFO] Epoch 9/50  iter 650/743  loss=0.4550  lr=4.93e-05
[05:57:36 INFO] Epoch 9/50  iter 700/743  loss=0.2497  lr=4.93e-05
[05:57:47 INFO] Epoch 9 complete — avg_loss=0.2968  time=207s
[05:58:04 INFO] Epoch 10/50  iter 50/743  loss=0.2023  lr=4.91e-05
[05:58:20 INFO] Epoch 10/50  iter 100/743  loss=0.2615  lr=4.90e-05
[05:58:33 INFO] Epoch 10/50  iter 150/743  loss=0.0759  lr=4.90e-05
[05:58:49 INFO] Epoch 10/50  iter 200/743  loss=0.2361  lr=4.89e-05
[05:59:02 INFO] Epoch 10/50  iter 250/743  loss=0.1598  lr=4.88e-05
[05:59:17 INFO] Epoch 10/50  iter 300/743  loss=0.1135  lr=4.87e-05
[05:59:30 INFO] Epoch 10/50  iter 350/743  loss=0.1433  lr=4.86e-05
[05:59:44 INFO] Epoch 10/50  iter 400/743  loss=0.2468  lr=4.86e-05
[05:59:57 INFO] Epoch 10/50  iter 450/743  loss=0.2285  lr=4.85e-05
[06:00:12 INFO] Epoch 10/50  iter 500/743  loss=0.5991  lr=4.84e-05
[06:00:31 INFO] Epoch 10/50  iter 550/743  loss=0.2667  lr=4.83e-05
[06:00:44 INFO] Epoch 10/50  iter 600/743  loss=0.3242  lr=4.82e-05
[06:01:00 INFO] Epoch 10/50  iter 650/743  loss=1.7150  lr=4.81e-05
[06:01:14 INFO] Epoch 10/50  iter 700/743  loss=0.1941  lr=4.81e-05
[06:01:26 INFO] Epoch 10 complete — avg_loss=0.3137  time=218s
[06:03:26 INFO]   val mIoU = 0.6511
[06:03:27 INFO]   ★ New best val mIoU: 0.6511
[06:03:44 INFO] Epoch 11/50  iter 50/743  loss=0.1537  lr=4.79e-05
[06:03:58 INFO] Epoch 11/50  iter 100/743  loss=0.1905  lr=4.78e-05
[06:04:11 INFO] Epoch 11/50  iter 150/743  loss=0.1943  lr=4.78e-05
[06:04:25 INFO] Epoch 11/50  iter 200/743  loss=0.3650  lr=4.77e-05
[06:04:41 INFO] Epoch 11/50  iter 250/743  loss=0.4240  lr=4.76e-05
[06:04:55 INFO] Epoch 11/50  iter 300/743  loss=0.1358  lr=4.75e-05
[06:05:10 INFO] Epoch 11/50  iter 350/743  loss=0.2162  lr=4.74e-05
[06:05:25 INFO] Epoch 11/50  iter 400/743  loss=0.1201  lr=4.74e-05
[06:05:39 INFO] Epoch 11/50  iter 450/743  loss=0.2323  lr=4.73e-05
[06:05:52 INFO] Epoch 11/50  iter 500/743  loss=0.2175  lr=4.72e-05
[06:06:06 INFO] Epoch 11/50  iter 550/743  loss=0.4395  lr=4.71e-05
[06:06:22 INFO] Epoch 11/50  iter 600/743  loss=0.3730  lr=4.70e-05
[06:06:36 INFO] Epoch 11/50  iter 650/743  loss=0.2474  lr=4.69e-05
[06:06:51 INFO] Epoch 11/50  iter 700/743  loss=0.4641  lr=4.69e-05
[06:07:03 INFO] Epoch 11 complete — avg_loss=0.2953  time=215s
[06:07:21 INFO] Epoch 12/50  iter 50/743  loss=0.1486  lr=4.67e-05
[06:07:34 INFO] Epoch 12/50  iter 100/743  loss=0.2041  lr=4.66e-05
[06:07:49 INFO] Epoch 12/50  iter 150/743  loss=0.1535  lr=4.66e-05
[06:08:04 INFO] Epoch 12/50  iter 200/743  loss=0.2651  lr=4.65e-05
[06:08:17 INFO] Epoch 12/50  iter 250/743  loss=0.1856  lr=4.64e-05
[06:08:31 INFO] Epoch 12/50  iter 300/743  loss=0.1812  lr=4.63e-05
[06:08:45 INFO] Epoch 12/50  iter 350/743  loss=0.3640  lr=4.62e-05
[06:09:00 INFO] Epoch 12/50  iter 400/743  loss=0.1545  lr=4.62e-05
[06:09:14 INFO] Epoch 12/50  iter 450/743  loss=0.1194  lr=4.61e-05
[06:09:28 INFO] Epoch 12/50  iter 500/743  loss=0.3431  lr=4.60e-05
[06:09:42 INFO] Epoch 12/50  iter 550/743  loss=0.0387  lr=4.59e-05
[06:09:57 INFO] Epoch 12/50  iter 600/743  loss=0.1083  lr=4.58e-05
[06:10:11 INFO] Epoch 12/50  iter 650/743  loss=0.2177  lr=4.57e-05
[06:10:24 INFO] Epoch 12/50  iter 700/743  loss=0.2876  lr=4.57e-05
[06:10:36 INFO] Epoch 12 complete — avg_loss=0.2864  time=213s
[06:10:52 INFO] Epoch 13/50  iter 50/743  loss=0.1823  lr=4.55e-05
[06:11:06 INFO] Epoch 13/50  iter 100/743  loss=0.5299  lr=4.54e-05
[06:11:19 INFO] Epoch 13/50  iter 150/743  loss=0.3788  lr=4.54e-05
[06:11:34 INFO] Epoch 13/50  iter 200/743  loss=0.3225  lr=4.53e-05
[06:11:47 INFO] Epoch 13/50  iter 250/743  loss=0.0848  lr=4.52e-05
[06:12:01 INFO] Epoch 13/50  iter 300/743  loss=0.1444  lr=4.51e-05
[06:12:14 INFO] Epoch 13/50  iter 350/743  loss=0.3211  lr=4.50e-05
[06:12:29 INFO] Epoch 13/50  iter 400/743  loss=0.1966  lr=4.50e-05
[06:12:43 INFO] Epoch 13/50  iter 450/743  loss=0.2925  lr=4.49e-05
[06:12:58 INFO] Epoch 13/50  iter 500/743  loss=0.1475  lr=4.48e-05
[06:13:11 INFO] Epoch 13/50  iter 550/743  loss=0.1892  lr=4.47e-05
[06:13:25 INFO] Epoch 13/50  iter 600/743  loss=0.4075  lr=4.46e-05
[06:13:40 INFO] Epoch 13/50  iter 650/743  loss=0.1764  lr=4.45e-05
[06:13:54 INFO] Epoch 13/50  iter 700/743  loss=0.2604  lr=4.45e-05
[06:14:06 INFO] Epoch 13 complete — avg_loss=0.2806  time=209s
[06:14:21 INFO] Epoch 14/50  iter 50/743  loss=0.1961  lr=4.43e-05
[06:14:35 INFO] Epoch 14/50  iter 100/743  loss=0.2657  lr=4.42e-05
[06:14:49 INFO] Epoch 14/50  iter 150/743  loss=0.3107  lr=4.42e-05
[06:15:03 INFO] Epoch 14/50  iter 200/743  loss=0.2470  lr=4.41e-05
[06:15:17 INFO] Epoch 14/50  iter 250/743  loss=0.1242  lr=4.40e-05
[06:15:31 INFO] Epoch 14/50  iter 300/743  loss=0.2517  lr=4.39e-05
[06:15:44 INFO] Epoch 14/50  iter 350/743  loss=0.1798  lr=4.38e-05
[06:15:59 INFO] Epoch 14/50  iter 400/743  loss=0.1961  lr=4.38e-05
[06:16:14 INFO] Epoch 14/50  iter 450/743  loss=0.2940  lr=4.37e-05
[06:16:27 INFO] Epoch 14/50  iter 500/743  loss=0.1029  lr=4.36e-05
[06:16:41 INFO] Epoch 14/50  iter 550/743  loss=0.2652  lr=4.35e-05
[06:16:56 INFO] Epoch 14/50  iter 600/743  loss=0.2406  lr=4.34e-05
[06:17:09 INFO] Epoch 14/50  iter 650/743  loss=0.2668  lr=4.33e-05
[06:17:23 INFO] Epoch 14/50  iter 700/743  loss=0.1343  lr=4.33e-05
[06:17:35 INFO] Epoch 14 complete — avg_loss=0.2895  time=209s
[06:17:52 INFO] Epoch 15/50  iter 50/743  loss=0.2412  lr=4.31e-05
[06:18:05 INFO] Epoch 15/50  iter 100/743  loss=0.1645  lr=4.30e-05
[06:18:19 INFO] Epoch 15/50  iter 150/743  loss=0.1680  lr=4.30e-05
[06:18:34 INFO] Epoch 15/50  iter 200/743  loss=0.2108  lr=4.29e-05
[06:18:48 INFO] Epoch 15/50  iter 250/743  loss=0.0606  lr=4.28e-05
[06:19:04 INFO] Epoch 15/50  iter 300/743  loss=0.2581  lr=4.27e-05
[06:19:18 INFO] Epoch 15/50  iter 350/743  loss=0.2080  lr=4.26e-05
[06:19:32 INFO] Epoch 15/50  iter 400/743  loss=0.1204  lr=4.26e-05
[06:19:46 INFO] Epoch 15/50  iter 450/743  loss=0.5324  lr=4.25e-05
[06:19:59 INFO] Epoch 15/50  iter 500/743  loss=0.2071  lr=4.24e-05
[06:20:14 INFO] Epoch 15/50  iter 550/743  loss=0.3136  lr=4.23e-05
[06:20:27 INFO] Epoch 15/50  iter 600/743  loss=0.1958  lr=4.22e-05
[06:20:41 INFO] Epoch 15/50  iter 650/743  loss=0.1209  lr=4.21e-05
[06:20:57 INFO] Epoch 15/50  iter 700/743  loss=0.1291  lr=4.21e-05
[06:21:09 INFO] Epoch 15 complete — avg_loss=0.2675  time=214s
[06:23:12 INFO]   val mIoU = 0.6716
[06:23:12 INFO]   ★ New best val mIoU: 0.6716
[06:23:28 INFO] Epoch 16/50  iter 50/743  loss=0.3858  lr=4.19e-05
[06:23:42 INFO] Epoch 16/50  iter 100/743  loss=0.3985  lr=4.18e-05
[06:23:56 INFO] Epoch 16/50  iter 150/743  loss=0.0569  lr=4.18e-05
[06:24:10 INFO] Epoch 16/50  iter 200/743  loss=0.2176  lr=4.17e-05
[06:24:23 INFO] Epoch 16/50  iter 250/743  loss=0.1549  lr=4.16e-05
[06:24:37 INFO] Epoch 16/50  iter 300/743  loss=0.3602  lr=4.15e-05
[06:24:51 INFO] Epoch 16/50  iter 350/743  loss=0.8981  lr=4.14e-05
[06:25:05 INFO] Epoch 16/50  iter 400/743  loss=0.2268  lr=4.14e-05
[06:25:19 INFO] Epoch 16/50  iter 450/743  loss=0.1780  lr=4.13e-05
[06:25:34 INFO] Epoch 16/50  iter 500/743  loss=0.2001  lr=4.12e-05
[06:25:47 INFO] Epoch 16/50  iter 550/743  loss=0.2841  lr=4.11e-05
[06:26:01 INFO] Epoch 16/50  iter 600/743  loss=0.1073  lr=4.10e-05
[06:26:17 INFO] Epoch 16/50  iter 650/743  loss=0.2914  lr=4.09e-05
[06:26:30 INFO] Epoch 16/50  iter 700/743  loss=0.1094  lr=4.09e-05
[06:26:41 INFO] Epoch 16 complete — avg_loss=0.2710  time=208s
[06:26:58 INFO] Epoch 17/50  iter 50/743  loss=0.1347  lr=4.07e-05
[06:27:12 INFO] Epoch 17/50  iter 100/743  loss=0.2102  lr=4.06e-05
[06:27:26 INFO] Epoch 17/50  iter 150/743  loss=0.2704  lr=4.06e-05
[06:27:39 INFO] Epoch 17/50  iter 200/743  loss=0.3559  lr=4.05e-05
[06:27:53 INFO] Epoch 17/50  iter 250/743  loss=0.2304  lr=4.04e-05
[06:28:07 INFO] Epoch 17/50  iter 300/743  loss=0.2343  lr=4.03e-05
[06:28:20 INFO] Epoch 17/50  iter 350/743  loss=0.1605  lr=4.02e-05
[06:28:34 INFO] Epoch 17/50  iter 400/743  loss=0.1247  lr=4.02e-05
[06:28:47 INFO] Epoch 17/50  iter 450/743  loss=0.2428  lr=4.01e-05
[06:29:01 INFO] Epoch 17/50  iter 500/743  loss=0.5525  lr=4.00e-05
[06:29:16 INFO] Epoch 17/50  iter 550/743  loss=0.3161  lr=3.99e-05
[06:29:29 INFO] Epoch 17/50  iter 600/743  loss=0.3157  lr=3.98e-05
[06:29:43 INFO] Epoch 17/50  iter 650/743  loss=0.2705  lr=3.97e-05
[06:29:56 INFO] Epoch 17/50  iter 700/743  loss=0.2319  lr=3.97e-05
[06:30:09 INFO] Epoch 17 complete — avg_loss=0.2571  time=207s
[06:30:27 INFO] Epoch 18/50  iter 50/743  loss=0.3643  lr=3.95e-05
[06:30:42 INFO] Epoch 18/50  iter 100/743  loss=0.2533  lr=3.94e-05
[06:30:57 INFO] Epoch 18/50  iter 150/743  loss=0.1545  lr=3.94e-05
[06:31:11 INFO] Epoch 18/50  iter 200/743  loss=0.3197  lr=3.93e-05
[06:31:25 INFO] Epoch 18/50  iter 250/743  loss=0.2173  lr=3.92e-05
[06:31:39 INFO] Epoch 18/50  iter 300/743  loss=0.1716  lr=3.91e-05
[06:31:54 INFO] Epoch 18/50  iter 350/743  loss=0.2275  lr=3.90e-05
[06:32:09 INFO] Epoch 18/50  iter 400/743  loss=0.1782  lr=3.90e-05
[06:32:23 INFO] Epoch 18/50  iter 450/743  loss=0.1477  lr=3.89e-05
[06:32:36 INFO] Epoch 18/50  iter 500/743  loss=0.5596  lr=3.88e-05
[06:32:49 INFO] Epoch 18/50  iter 550/743  loss=0.3606  lr=3.87e-05
[06:33:03 INFO] Epoch 18/50  iter 600/743  loss=0.1307  lr=3.86e-05
[06:33:17 INFO] Epoch 18/50  iter 650/743  loss=0.1158  lr=3.85e-05
[06:33:32 INFO] Epoch 18/50  iter 700/743  loss=0.1400  lr=3.85e-05
[06:33:45 INFO] Epoch 18 complete — avg_loss=0.2610  time=215s
[06:34:00 INFO] Epoch 19/50  iter 50/743  loss=0.1665  lr=3.83e-05
[06:34:15 INFO] Epoch 19/50  iter 100/743  loss=0.4390  lr=3.82e-05
[06:34:29 INFO] Epoch 19/50  iter 150/743  loss=0.1257  lr=3.82e-05
[06:34:44 INFO] Epoch 19/50  iter 200/743  loss=0.1947  lr=3.81e-05
[06:34:57 INFO] Epoch 19/50  iter 250/743  loss=0.2107  lr=3.80e-05
[06:35:10 INFO] Epoch 19/50  iter 300/743  loss=0.2553  lr=3.79e-05
[06:35:24 INFO] Epoch 19/50  iter 350/743  loss=0.5100  lr=3.78e-05
[06:35:37 INFO] Epoch 19/50  iter 400/743  loss=0.5962  lr=3.78e-05
[06:35:51 INFO] Epoch 19/50  iter 450/743  loss=0.3143  lr=3.77e-05
[06:36:05 INFO] Epoch 19/50  iter 500/743  loss=0.2429  lr=3.76e-05
[06:36:19 INFO] Epoch 19/50  iter 550/743  loss=0.2601  lr=3.75e-05
[06:36:33 INFO] Epoch 19/50  iter 600/743  loss=0.1799  lr=3.74e-05
[06:36:46 INFO] Epoch 19/50  iter 650/743  loss=0.2071  lr=3.73e-05
[06:37:00 INFO] Epoch 19/50  iter 700/743  loss=0.2457  lr=3.73e-05
[06:37:12 INFO] Epoch 19 complete — avg_loss=0.2479  time=207s
[06:37:28 INFO] Epoch 20/50  iter 50/743  loss=0.2357  lr=3.71e-05
[06:37:42 INFO] Epoch 20/50  iter 100/743  loss=0.1639  lr=3.70e-05
[06:37:56 INFO] Epoch 20/50  iter 150/743  loss=0.1053  lr=3.70e-05
[06:38:10 INFO] Epoch 20/50  iter 200/743  loss=0.1556  lr=3.69e-05
[06:38:25 INFO] Epoch 20/50  iter 250/743  loss=0.0896  lr=3.68e-05
[06:38:39 INFO] Epoch 20/50  iter 300/743  loss=0.2665  lr=3.67e-05
[06:38:53 INFO] Epoch 20/50  iter 350/743  loss=0.1243  lr=3.66e-05
[06:39:07 INFO] Epoch 20/50  iter 400/743  loss=0.2216  lr=3.66e-05
[06:39:21 INFO] Epoch 20/50  iter 450/743  loss=0.1906  lr=3.65e-05
[06:39:35 INFO] Epoch 20/50  iter 500/743  loss=0.1517  lr=3.64e-05
[06:39:48 INFO] Epoch 20/50  iter 550/743  loss=0.1533  lr=3.63e-05
[06:40:02 INFO] Epoch 20/50  iter 600/743  loss=0.2071  lr=3.62e-05
[06:40:16 INFO] Epoch 20/50  iter 650/743  loss=0.3005  lr=3.61e-05
[06:40:29 INFO] Epoch 20/50  iter 700/743  loss=0.5706  lr=3.61e-05
[06:40:41 INFO] Epoch 20 complete — avg_loss=0.2452  time=209s
[06:42:43 INFO]   val mIoU = 0.7175
[06:42:44 INFO]   ★ New best val mIoU: 0.7175
[06:43:00 INFO] Epoch 21/50  iter 50/743  loss=0.1991  lr=3.59e-05
[06:43:14 INFO] Epoch 21/50  iter 100/743  loss=0.3187  lr=3.58e-05
[06:43:28 INFO] Epoch 21/50  iter 150/743  loss=0.2036  lr=3.58e-05
[06:43:43 INFO] Epoch 21/50  iter 200/743  loss=0.0646  lr=3.57e-05
[06:43:57 INFO] Epoch 21/50  iter 250/743  loss=0.6625  lr=3.56e-05
[06:44:11 INFO] Epoch 21/50  iter 300/743  loss=0.0578  lr=3.55e-05
[06:44:25 INFO] Epoch 21/50  iter 350/743  loss=0.1193  lr=3.54e-05
[06:44:41 INFO] Epoch 21/50  iter 400/743  loss=0.2363  lr=3.54e-05
[06:44:54 INFO] Epoch 21/50  iter 450/743  loss=0.2690  lr=3.53e-05
[06:45:08 INFO] Epoch 21/50  iter 500/743  loss=0.1700  lr=3.52e-05
[06:45:22 INFO] Epoch 21/50  iter 550/743  loss=0.1965  lr=3.51e-05
[06:45:36 INFO] Epoch 21/50  iter 600/743  loss=0.1110  lr=3.50e-05
[06:45:49 INFO] Epoch 21/50  iter 650/743  loss=0.3736  lr=3.49e-05
[06:46:04 INFO] Epoch 21/50  iter 700/743  loss=0.1496  lr=3.49e-05
[06:46:17 INFO] Epoch 21 complete — avg_loss=0.2452  time=212s
[06:46:33 INFO] Epoch 22/50  iter 50/743  loss=0.1421  lr=3.47e-05
[06:46:50 INFO] Epoch 22/50  iter 100/743  loss=0.1397  lr=3.46e-05
[06:47:05 INFO] Epoch 22/50  iter 150/743  loss=0.2814  lr=3.46e-05
[06:47:20 INFO] Epoch 22/50  iter 200/743  loss=0.2933  lr=3.45e-05
[06:47:34 INFO] Epoch 22/50  iter 250/743  loss=0.1424  lr=3.44e-05
[06:47:49 INFO] Epoch 22/50  iter 300/743  loss=0.0574  lr=3.43e-05
[06:48:04 INFO] Epoch 22/50  iter 350/743  loss=0.6333  lr=3.42e-05
[06:48:18 INFO] Epoch 22/50  iter 400/743  loss=0.3243  lr=3.42e-05
[06:48:32 INFO] Epoch 22/50  iter 450/743  loss=0.1899  lr=3.41e-05
[06:48:45 INFO] Epoch 22/50  iter 500/743  loss=0.2050  lr=3.40e-05
[06:48:59 INFO] Epoch 22/50  iter 550/743  loss=0.1679  lr=3.39e-05
[06:49:14 INFO] Epoch 22/50  iter 600/743  loss=0.1713  lr=3.38e-05
[06:49:28 INFO] Epoch 22/50  iter 650/743  loss=0.2246  lr=3.37e-05
[06:49:41 INFO] Epoch 22/50  iter 700/743  loss=0.2326  lr=3.37e-05
[06:49:53 INFO] Epoch 22 complete — avg_loss=0.2418  time=215s
[06:50:10 INFO] Epoch 23/50  iter 50/743  loss=0.1331  lr=3.35e-05
[06:50:23 INFO] Epoch 23/50  iter 100/743  loss=0.3312  lr=3.34e-05
[06:50:38 INFO] Epoch 23/50  iter 150/743  loss=0.2654  lr=3.34e-05
[06:50:52 INFO] Epoch 23/50  iter 200/743  loss=0.1788  lr=3.33e-05
[06:51:07 INFO] Epoch 23/50  iter 250/743  loss=0.1351  lr=3.32e-05
[06:51:21 INFO] Epoch 23/50  iter 300/743  loss=0.7735  lr=3.31e-05
[06:51:36 INFO] Epoch 23/50  iter 350/743  loss=0.2485  lr=3.30e-05
[06:51:51 INFO] Epoch 23/50  iter 400/743  loss=0.0973  lr=3.30e-05
[06:52:06 INFO] Epoch 23/50  iter 450/743  loss=0.1988  lr=3.29e-05
[06:52:21 INFO] Epoch 23/50  iter 500/743  loss=0.1277  lr=3.28e-05
[06:52:34 INFO] Epoch 23/50  iter 550/743  loss=0.0899  lr=3.27e-05
[06:52:49 INFO] Epoch 23/50  iter 600/743  loss=0.2416  lr=3.26e-05
[06:53:02 INFO] Epoch 23/50  iter 650/743  loss=0.1267  lr=3.25e-05
[06:53:16 INFO] Epoch 23/50  iter 700/743  loss=0.0756  lr=3.25e-05
[06:53:29 INFO] Epoch 23 complete — avg_loss=0.2417  time=215s
[06:53:45 INFO] Epoch 24/50  iter 50/743  loss=0.2966  lr=3.23e-05
[06:53:58 INFO] Epoch 24/50  iter 100/743  loss=0.2338  lr=3.22e-05
[06:54:12 INFO] Epoch 24/50  iter 150/743  loss=0.2263  lr=3.22e-05
[06:54:25 INFO] Epoch 24/50  iter 200/743  loss=0.1927  lr=3.21e-05
[06:54:39 INFO] Epoch 24/50  iter 250/743  loss=0.3288  lr=3.20e-05
[06:54:53 INFO] Epoch 24/50  iter 300/743  loss=0.1738  lr=3.19e-05
[06:55:06 INFO] Epoch 24/50  iter 350/743  loss=0.6971  lr=3.18e-05
[06:55:20 INFO] Epoch 24/50  iter 400/743  loss=0.2823  lr=3.18e-05
[06:55:35 INFO] Epoch 24/50  iter 450/743  loss=0.1468  lr=3.17e-05
[06:55:50 INFO] Epoch 24/50  iter 500/743  loss=0.1490  lr=3.16e-05
[06:56:05 INFO] Epoch 24/50  iter 550/743  loss=0.2824  lr=3.15e-05
[06:56:20 INFO] Epoch 24/50  iter 600/743  loss=0.1375  lr=3.14e-05
[06:56:35 INFO] Epoch 24/50  iter 650/743  loss=0.1091  lr=3.13e-05
[06:56:49 INFO] Epoch 24/50  iter 700/743  loss=0.1313  lr=3.13e-05
[06:57:00 INFO] Epoch 24 complete — avg_loss=0.2426  time=211s
[06:57:17 INFO] Epoch 25/50  iter 50/743  loss=0.1505  lr=3.11e-05
[06:57:31 INFO] Epoch 25/50  iter 100/743  loss=0.0705  lr=3.10e-05
[06:57:45 INFO] Epoch 25/50  iter 150/743  loss=0.2875  lr=3.10e-05
[06:58:00 INFO] Epoch 25/50  iter 200/743  loss=0.1677  lr=3.09e-05
[06:58:13 INFO] Epoch 25/50  iter 250/743  loss=0.2806  lr=3.08e-05
[06:58:28 INFO] Epoch 25/50  iter 300/743  loss=0.2862  lr=3.07e-05
[06:58:41 INFO] Epoch 25/50  iter 350/743  loss=0.2169  lr=3.06e-05
[06:58:56 INFO] Epoch 25/50  iter 400/743  loss=0.1223  lr=3.06e-05
[06:59:11 INFO] Epoch 25/50  iter 450/743  loss=0.3186  lr=3.05e-05
[06:59:25 INFO] Epoch 25/50  iter 500/743  loss=0.0991  lr=3.04e-05
[06:59:39 INFO] Epoch 25/50  iter 550/743  loss=0.1211  lr=3.03e-05
[06:59:54 INFO] Epoch 25/50  iter 600/743  loss=0.1633  lr=3.02e-05
[07:00:07 INFO] Epoch 25/50  iter 650/743  loss=0.1146  lr=3.01e-05
[07:00:21 INFO] Epoch 25/50  iter 700/743  loss=0.1826  lr=3.01e-05
[07:00:32 INFO] Epoch 25 complete — avg_loss=0.2434  time=211s
[07:02:33 INFO]   val mIoU = 0.7370
[07:02:34 INFO]   ★ New best val mIoU: 0.7370
[07:02:51 INFO] Epoch 26/50  iter 50/743  loss=0.1024  lr=2.99e-05
[07:03:04 INFO] Epoch 26/50  iter 100/743  loss=0.0555  lr=2.98e-05
[07:03:17 INFO] Epoch 26/50  iter 150/743  loss=0.0206  lr=2.98e-05
[07:03:31 INFO] Epoch 26/50  iter 200/743  loss=0.1155  lr=2.97e-05
[07:03:45 INFO] Epoch 26/50  iter 250/743  loss=0.0968  lr=2.96e-05
[07:03:58 INFO] Epoch 26/50  iter 300/743  loss=0.5169  lr=2.95e-05
[07:04:12 INFO] Epoch 26/50  iter 350/743  loss=0.2427  lr=2.94e-05
[07:04:25 INFO] Epoch 26/50  iter 400/743  loss=0.2817  lr=2.94e-05
[07:04:39 INFO] Epoch 26/50  iter 450/743  loss=0.1870  lr=2.93e-05
[07:04:52 INFO] Epoch 26/50  iter 500/743  loss=0.1206  lr=2.92e-05
[07:05:06 INFO] Epoch 26/50  iter 550/743  loss=0.5153  lr=2.91e-05
[07:05:20 INFO] Epoch 26/50  iter 600/743  loss=0.1781  lr=2.90e-05
[07:05:34 INFO] Epoch 26/50  iter 650/743  loss=0.4523  lr=2.89e-05
[07:05:48 INFO] Epoch 26/50  iter 700/743  loss=0.3604  lr=2.89e-05
[07:06:00 INFO] Epoch 26 complete — avg_loss=0.2353  time=205s
[07:06:16 INFO] Epoch 27/50  iter 50/743  loss=0.2668  lr=2.87e-05
[07:06:29 INFO] Epoch 27/50  iter 100/743  loss=0.1248  lr=2.86e-05
[07:06:44 INFO] Epoch 27/50  iter 150/743  loss=0.1909  lr=2.86e-05
[07:06:57 INFO] Epoch 27/50  iter 200/743  loss=0.1269  lr=2.85e-05
[07:07:11 INFO] Epoch 27/50  iter 250/743  loss=0.3234  lr=2.84e-05
[07:07:24 INFO] Epoch 27/50  iter 300/743  loss=0.1740  lr=2.83e-05
[07:07:38 INFO] Epoch 27/50  iter 350/743  loss=0.0522  lr=2.82e-05
[07:07:51 INFO] Epoch 27/50  iter 400/743  loss=0.2847  lr=2.82e-05
[07:08:06 INFO] Epoch 27/50  iter 450/743  loss=0.1450  lr=2.81e-05
[07:08:21 INFO] Epoch 27/50  iter 500/743  loss=0.1680  lr=2.80e-05
[07:08:35 INFO] Epoch 27/50  iter 550/743  loss=0.1219  lr=2.79e-05
[07:08:48 INFO] Epoch 27/50  iter 600/743  loss=0.3274  lr=2.78e-05
[07:09:04 INFO] Epoch 27/50  iter 650/743  loss=0.0453  lr=2.77e-05
[07:09:18 INFO] Epoch 27/50  iter 700/743  loss=0.1175  lr=2.77e-05
[07:09:29 INFO] Epoch 27 complete — avg_loss=0.2270  time=209s
[07:09:45 INFO] Epoch 28/50  iter 50/743  loss=0.1787  lr=2.75e-05
[07:09:59 INFO] Epoch 28/50  iter 100/743  loss=0.3470  lr=2.74e-05
[07:10:13 INFO] Epoch 28/50  iter 150/743  loss=0.1112  lr=2.74e-05
[07:10:27 INFO] Epoch 28/50  iter 200/743  loss=0.1823  lr=2.73e-05
[07:10:42 INFO] Epoch 28/50  iter 250/743  loss=0.0696  lr=2.72e-05
[07:10:57 INFO] Epoch 28/50  iter 300/743  loss=0.1088  lr=2.71e-05
[07:11:11 INFO] Epoch 28/50  iter 350/743  loss=0.2396  lr=2.70e-05
[07:11:24 INFO] Epoch 28/50  iter 400/743  loss=0.1422  lr=2.70e-05
[07:11:39 INFO] Epoch 28/50  iter 450/743  loss=0.2542  lr=2.69e-05
[07:11:52 INFO] Epoch 28/50  iter 500/743  loss=0.0490  lr=2.68e-05
[07:12:08 INFO] Epoch 28/50  iter 550/743  loss=0.3189  lr=2.67e-05
[07:12:22 INFO] Epoch 28/50  iter 600/743  loss=0.8705  lr=2.66e-05
[07:12:35 INFO] Epoch 28/50  iter 650/743  loss=0.1472  lr=2.65e-05
[07:12:49 INFO] Epoch 28/50  iter 700/743  loss=0.3023  lr=2.65e-05
[07:13:00 INFO] Epoch 28 complete — avg_loss=0.2311  time=210s
[07:13:16 INFO] Epoch 29/50  iter 50/743  loss=0.4803  lr=2.63e-05
[07:13:31 INFO] Epoch 29/50  iter 100/743  loss=0.1097  lr=2.62e-05
[07:13:44 INFO] Epoch 29/50  iter 150/743  loss=0.2450  lr=2.62e-05
[07:13:58 INFO] Epoch 29/50  iter 200/743  loss=0.2379  lr=2.61e-05
[07:14:12 INFO] Epoch 29/50  iter 250/743  loss=0.1869  lr=2.60e-05
[07:14:27 INFO] Epoch 29/50  iter 300/743  loss=0.1758  lr=2.59e-05
[07:14:40 INFO] Epoch 29/50  iter 350/743  loss=0.2535  lr=2.58e-05
[07:14:54 INFO] Epoch 29/50  iter 400/743  loss=0.3648  lr=2.58e-05
[07:15:08 INFO] Epoch 29/50  iter 450/743  loss=0.1020  lr=2.57e-05
[07:15:24 INFO] Epoch 29/50  iter 500/743  loss=0.1814  lr=2.56e-05
[07:15:37 INFO] Epoch 29/50  iter 550/743  loss=0.1159  lr=2.55e-05
[07:15:51 INFO] Epoch 29/50  iter 600/743  loss=0.0604  lr=2.54e-05
[07:16:05 INFO] Epoch 29/50  iter 650/743  loss=0.3480  lr=2.53e-05
[07:16:19 INFO] Epoch 29/50  iter 700/743  loss=0.0576  lr=2.53e-05
[07:16:31 INFO] Epoch 29 complete — avg_loss=0.2239  time=210s
[07:16:48 INFO] Epoch 30/50  iter 50/743  loss=0.5229  lr=2.51e-05
[07:17:01 INFO] Epoch 30/50  iter 100/743  loss=0.1070  lr=2.50e-05
[07:17:15 INFO] Epoch 30/50  iter 150/743  loss=0.0763  lr=2.50e-05
[07:17:28 INFO] Epoch 30/50  iter 200/743  loss=0.2174  lr=2.49e-05
[07:17:42 INFO] Epoch 30/50  iter 250/743  loss=0.0824  lr=2.48e-05
[07:17:57 INFO] Epoch 30/50  iter 300/743  loss=0.2301  lr=2.47e-05
[07:18:11 INFO] Epoch 30/50  iter 350/743  loss=0.2671  lr=2.46e-05
[07:18:24 INFO] Epoch 30/50  iter 400/743  loss=0.1725  lr=2.46e-05
[07:18:39 INFO] Epoch 30/50  iter 450/743  loss=0.1082  lr=2.45e-05
[07:18:53 INFO] Epoch 30/50  iter 500/743  loss=0.1919  lr=2.44e-05
[07:19:07 INFO] Epoch 30/50  iter 550/743  loss=0.2351  lr=2.43e-05
[07:19:20 INFO] Epoch 30/50  iter 600/743  loss=0.1830  lr=2.42e-05
[07:19:34 INFO] Epoch 30/50  iter 650/743  loss=0.1256  lr=2.41e-05
[07:19:47 INFO] Epoch 30/50  iter 700/743  loss=0.0395  lr=2.41e-05
[07:19:59 INFO] Epoch 30 complete — avg_loss=0.2250  time=208s
[07:22:00 INFO]   val mIoU = 0.7390
[07:22:01 INFO]   ★ New best val mIoU: 0.7390
[07:22:17 INFO] Epoch 31/50  iter 50/743  loss=0.3606  lr=2.39e-05
[07:22:32 INFO] Epoch 31/50  iter 100/743  loss=0.1350  lr=2.38e-05
[07:22:46 INFO] Epoch 31/50  iter 150/743  loss=0.4128  lr=2.38e-05
[07:23:01 INFO] Epoch 31/50  iter 200/743  loss=0.0534  lr=2.37e-05
[07:23:15 INFO] Epoch 31/50  iter 250/743  loss=0.0398  lr=2.36e-05
[07:23:30 INFO] Epoch 31/50  iter 300/743  loss=0.1839  lr=2.35e-05
[07:23:43 INFO] Epoch 31/50  iter 350/743  loss=0.1622  lr=2.34e-05
[07:23:58 INFO] Epoch 31/50  iter 400/743  loss=0.2579  lr=2.34e-05
[07:24:12 INFO] Epoch 31/50  iter 450/743  loss=0.3755  lr=2.33e-05
[07:24:27 INFO] Epoch 31/50  iter 500/743  loss=0.2072  lr=2.32e-05
[07:24:41 INFO] Epoch 31/50  iter 550/743  loss=0.2188  lr=2.31e-05
[07:24:56 INFO] Epoch 31/50  iter 600/743  loss=0.1790  lr=2.30e-05
[07:25:12 INFO] Epoch 31/50  iter 650/743  loss=0.2232  lr=2.29e-05
[07:25:27 INFO] Epoch 31/50  iter 700/743  loss=0.2604  lr=2.29e-05
[07:25:39 INFO] Epoch 31 complete — avg_loss=0.2187  time=217s
[07:25:55 INFO] Epoch 32/50  iter 50/743  loss=0.3521  lr=2.27e-05
[07:26:09 INFO] Epoch 32/50  iter 100/743  loss=0.2095  lr=2.26e-05
[07:26:24 INFO] Epoch 32/50  iter 150/743  loss=0.1998  lr=2.26e-05
[07:26:38 INFO] Epoch 32/50  iter 200/743  loss=0.2240  lr=2.25e-05
[07:26:51 INFO] Epoch 32/50  iter 250/743  loss=0.2603  lr=2.24e-05
[07:27:06 INFO] Epoch 32/50  iter 300/743  loss=0.1870  lr=2.23e-05
[07:27:19 INFO] Epoch 32/50  iter 350/743  loss=0.3158  lr=2.22e-05
[07:27:35 INFO] Epoch 32/50  iter 400/743  loss=0.2438  lr=2.22e-05
[07:27:48 INFO] Epoch 32/50  iter 450/743  loss=0.2953  lr=2.21e-05
[07:28:05 INFO] Epoch 32/50  iter 500/743  loss=0.2142  lr=2.20e-05
[07:28:19 INFO] Epoch 32/50  iter 550/743  loss=0.0801  lr=2.19e-05
[07:28:34 INFO] Epoch 32/50  iter 600/743  loss=0.2404  lr=2.18e-05
[07:28:48 INFO] Epoch 32/50  iter 650/743  loss=0.1725  lr=2.17e-05
[07:29:01 INFO] Epoch 32/50  iter 700/743  loss=0.2668  lr=2.17e-05
[07:29:13 INFO] Epoch 32 complete — avg_loss=0.2206  time=214s
[07:29:30 INFO] Epoch 33/50  iter 50/743  loss=0.5996  lr=2.15e-05
[07:29:45 INFO] Epoch 33/50  iter 100/743  loss=0.1277  lr=2.14e-05
[07:29:58 INFO] Epoch 33/50  iter 150/743  loss=0.0788  lr=2.14e-05
[07:30:12 INFO] Epoch 33/50  iter 200/743  loss=0.1899  lr=2.13e-05
[07:30:27 INFO] Epoch 33/50  iter 250/743  loss=0.1768  lr=2.12e-05
[07:30:40 INFO] Epoch 33/50  iter 300/743  loss=0.2607  lr=2.11e-05
[07:30:53 INFO] Epoch 33/50  iter 350/743  loss=0.1676  lr=2.10e-05
[07:31:08 INFO] Epoch 33/50  iter 400/743  loss=0.5669  lr=2.10e-05
[07:31:22 INFO] Epoch 33/50  iter 450/743  loss=0.1069  lr=2.09e-05
[07:31:37 INFO] Epoch 33/50  iter 500/743  loss=0.1595  lr=2.08e-05
[07:31:51 INFO] Epoch 33/50  iter 550/743  loss=0.3083  lr=2.07e-05
[07:32:05 INFO] Epoch 33/50  iter 600/743  loss=0.1305  lr=2.06e-05
[07:32:19 INFO] Epoch 33/50  iter 650/743  loss=0.1952  lr=2.05e-05
[07:32:33 INFO] Epoch 33/50  iter 700/743  loss=0.2021  lr=2.05e-05
[07:32:45 INFO] Epoch 33 complete — avg_loss=0.2179  time=212s
[07:33:00 INFO] Epoch 34/50  iter 50/743  loss=0.0624  lr=2.03e-05
[07:33:14 INFO] Epoch 34/50  iter 100/743  loss=0.1507  lr=2.02e-05
[07:33:28 INFO] Epoch 34/50  iter 150/743  loss=0.0893  lr=2.02e-05
[07:33:42 INFO] Epoch 34/50  iter 200/743  loss=0.1420  lr=2.01e-05
[07:33:59 INFO] Epoch 34/50  iter 250/743  loss=0.1453  lr=2.00e-05
[07:34:14 INFO] Epoch 34/50  iter 300/743  loss=0.1901  lr=1.99e-05
[07:34:30 INFO] Epoch 34/50  iter 350/743  loss=0.1618  lr=1.98e-05
[07:34:45 INFO] Epoch 34/50  iter 400/743  loss=0.1606  lr=1.98e-05
[07:34:59 INFO] Epoch 34/50  iter 450/743  loss=0.1850  lr=1.97e-05
[07:35:13 INFO] Epoch 34/50  iter 500/743  loss=0.4825  lr=1.96e-05
[07:35:27 INFO] Epoch 34/50  iter 550/743  loss=0.0825  lr=1.95e-05
[07:35:42 INFO] Epoch 34/50  iter 600/743  loss=1.1633  lr=1.94e-05
[07:35:55 INFO] Epoch 34/50  iter 650/743  loss=0.1600  lr=1.93e-05
[07:36:09 INFO] Epoch 34/50  iter 700/743  loss=0.1480  lr=1.93e-05
[07:36:22 INFO] Epoch 34 complete — avg_loss=0.2227  time=216s
[07:36:38 INFO] Epoch 35/50  iter 50/743  loss=0.2585  lr=1.91e-05
[07:36:51 INFO] Epoch 35/50  iter 100/743  loss=0.1354  lr=1.90e-05
[07:37:06 INFO] Epoch 35/50  iter 150/743  loss=0.1491  lr=1.90e-05
[07:37:20 INFO] Epoch 35/50  iter 200/743  loss=0.2352  lr=1.89e-05
[07:37:34 INFO] Epoch 35/50  iter 250/743  loss=0.0729  lr=1.88e-05
[07:37:48 INFO] Epoch 35/50  iter 300/743  loss=0.0863  lr=1.87e-05
[07:38:02 INFO] Epoch 35/50  iter 350/743  loss=0.0875  lr=1.86e-05
[07:38:16 INFO] Epoch 35/50  iter 400/743  loss=0.0968  lr=1.86e-05
[07:38:29 INFO] Epoch 35/50  iter 450/743  loss=0.1462  lr=1.85e-05
[07:38:42 INFO] Epoch 35/50  iter 500/743  loss=0.2286  lr=1.84e-05
[07:38:56 INFO] Epoch 35/50  iter 550/743  loss=1.2267  lr=1.83e-05
[07:39:10 INFO] Epoch 35/50  iter 600/743  loss=0.1454  lr=1.82e-05
[07:39:24 INFO] Epoch 35/50  iter 650/743  loss=0.0776  lr=1.81e-05
[07:39:38 INFO] Epoch 35/50  iter 700/743  loss=0.5358  lr=1.81e-05
[07:39:49 INFO] Epoch 35 complete — avg_loss=0.2028  time=207s
[07:41:52 INFO]   val mIoU = 0.7558
[07:41:53 INFO]   ★ New best val mIoU: 0.7558
[07:42:09 INFO] Epoch 36/50  iter 50/743  loss=0.1380  lr=1.79e-05
[07:42:24 INFO] Epoch 36/50  iter 100/743  loss=0.0868  lr=1.78e-05
[07:42:38 INFO] Epoch 36/50  iter 150/743  loss=0.2205  lr=1.78e-05
[07:42:54 INFO] Epoch 36/50  iter 200/743  loss=0.1037  lr=1.77e-05
[07:43:08 INFO] Epoch 36/50  iter 250/743  loss=0.1812  lr=1.76e-05
[07:43:21 INFO] Epoch 36/50  iter 300/743  loss=0.1497  lr=1.75e-05
[07:43:35 INFO] Epoch 36/50  iter 350/743  loss=0.0730  lr=1.74e-05
[07:43:48 INFO] Epoch 36/50  iter 400/743  loss=0.1279  lr=1.74e-05
[07:44:02 INFO] Epoch 36/50  iter 450/743  loss=0.1581  lr=1.73e-05
[07:44:16 INFO] Epoch 36/50  iter 500/743  loss=0.0644  lr=1.72e-05
[07:44:30 INFO] Epoch 36/50  iter 550/743  loss=0.2932  lr=1.71e-05
[07:44:43 INFO] Epoch 36/50  iter 600/743  loss=0.0976  lr=1.70e-05
[07:44:57 INFO] Epoch 36/50  iter 650/743  loss=0.1978  lr=1.69e-05
[07:45:12 INFO] Epoch 36/50  iter 700/743  loss=0.4021  lr=1.69e-05
[07:45:23 INFO] Epoch 36 complete — avg_loss=0.2109  time=210s
[07:45:41 INFO] Epoch 37/50  iter 50/743  loss=0.3707  lr=1.67e-05
[07:45:56 INFO] Epoch 37/50  iter 100/743  loss=0.3079  lr=1.66e-05
[07:46:11 INFO] Epoch 37/50  iter 150/743  loss=0.1116  lr=1.66e-05
[07:46:24 INFO] Epoch 37/50  iter 200/743  loss=0.2103  lr=1.65e-05
[07:46:38 INFO] Epoch 37/50  iter 250/743  loss=0.1071  lr=1.64e-05
[07:46:53 INFO] Epoch 37/50  iter 300/743  loss=0.0563  lr=1.63e-05
[07:47:09 INFO] Epoch 37/50  iter 350/743  loss=0.3606  lr=1.62e-05
[07:47:24 INFO] Epoch 37/50  iter 400/743  loss=0.3712  lr=1.62e-05
[07:47:40 INFO] Epoch 37/50  iter 450/743  loss=0.1886  lr=1.61e-05
[07:47:53 INFO] Epoch 37/50  iter 500/743  loss=0.2251  lr=1.60e-05
[07:48:06 INFO] Epoch 37/50  iter 550/743  loss=0.2079  lr=1.59e-05
[07:48:20 INFO] Epoch 37/50  iter 600/743  loss=0.0778  lr=1.58e-05
[07:48:33 INFO] Epoch 37/50  iter 650/743  loss=0.2715  lr=1.57e-05
[07:48:47 INFO] Epoch 37/50  iter 700/743  loss=0.1697  lr=1.57e-05
[07:48:58 INFO] Epoch 37 complete — avg_loss=0.2038  time=214s
[07:49:15 INFO] Epoch 38/50  iter 50/743  loss=0.1114  lr=1.55e-05
[07:49:30 INFO] Epoch 38/50  iter 100/743  loss=0.1051  lr=1.54e-05
[07:49:45 INFO] Epoch 38/50  iter 150/743  loss=0.1996  lr=1.54e-05
[07:49:58 INFO] Epoch 38/50  iter 200/743  loss=0.0519  lr=1.53e-05
[07:50:12 INFO] Epoch 38/50  iter 250/743  loss=0.1082  lr=1.52e-05
[07:50:27 INFO] Epoch 38/50  iter 300/743  loss=0.2033  lr=1.51e-05
[07:50:41 INFO] Epoch 38/50  iter 350/743  loss=0.2251  lr=1.50e-05
[07:50:55 INFO] Epoch 38/50  iter 400/743  loss=0.1416  lr=1.50e-05
[07:51:09 INFO] Epoch 38/50  iter 450/743  loss=0.1632  lr=1.49e-05
[07:51:23 INFO] Epoch 38/50  iter 500/743  loss=0.3817  lr=1.48e-05
[07:51:36 INFO] Epoch 38/50  iter 550/743  loss=0.2470  lr=1.47e-05
[07:51:51 INFO] Epoch 38/50  iter 600/743  loss=0.1135  lr=1.46e-05
[07:52:05 INFO] Epoch 38/50  iter 650/743  loss=0.1524  lr=1.45e-05
[07:52:19 INFO] Epoch 38/50  iter 700/743  loss=0.2871  lr=1.45e-05
[07:52:30 INFO] Epoch 38 complete — avg_loss=0.2135  time=211s
[07:52:47 INFO] Epoch 39/50  iter 50/743  loss=0.1289  lr=1.43e-05
[07:53:01 INFO] Epoch 39/50  iter 100/743  loss=0.5404  lr=1.42e-05
[07:53:15 INFO] Epoch 39/50  iter 150/743  loss=0.1749  lr=1.42e-05
[07:53:30 INFO] Epoch 39/50  iter 200/743  loss=0.1543  lr=1.41e-05
[07:53:44 INFO] Epoch 39/50  iter 250/743  loss=0.3155  lr=1.40e-05
[07:53:58 INFO] Epoch 39/50  iter 300/743  loss=0.4111  lr=1.39e-05
[07:54:11 INFO] Epoch 39/50  iter 350/743  loss=0.5060  lr=1.38e-05
[07:54:25 INFO] Epoch 39/50  iter 400/743  loss=0.2665  lr=1.38e-05
[07:54:38 INFO] Epoch 39/50  iter 450/743  loss=0.6133  lr=1.37e-05
[07:54:52 INFO] Epoch 39/50  iter 500/743  loss=0.2024  lr=1.36e-05
[07:55:05 INFO] Epoch 39/50  iter 550/743  loss=0.4096  lr=1.35e-05
[07:55:19 INFO] Epoch 39/50  iter 600/743  loss=0.5605  lr=1.34e-05
[07:55:33 INFO] Epoch 39/50  iter 650/743  loss=0.1889  lr=1.33e-05
[07:55:46 INFO] Epoch 39/50  iter 700/743  loss=0.1736  lr=1.33e-05
[07:55:59 INFO] Epoch 39 complete — avg_loss=0.2027  time=208s
[07:56:16 INFO] Epoch 40/50  iter 50/743  loss=0.1247  lr=1.31e-05
[07:56:29 INFO] Epoch 40/50  iter 100/743  loss=0.3420  lr=1.30e-05
[07:56:43 INFO] Epoch 40/50  iter 150/743  loss=0.2154  lr=1.30e-05
[07:56:58 INFO] Epoch 40/50  iter 200/743  loss=0.0595  lr=1.29e-05
[07:57:11 INFO] Epoch 40/50  iter 250/743  loss=0.2039  lr=1.28e-05
[07:57:25 INFO] Epoch 40/50  iter 300/743  loss=0.1715  lr=1.27e-05
[07:57:40 INFO] Epoch 40/50  iter 350/743  loss=0.1724  lr=1.26e-05
[07:57:54 INFO] Epoch 40/50  iter 400/743  loss=0.2086  lr=1.26e-05
[07:58:08 INFO] Epoch 40/50  iter 450/743  loss=0.0445  lr=1.25e-05
[07:58:21 INFO] Epoch 40/50  iter 500/743  loss=0.0958  lr=1.24e-05
[07:58:35 INFO] Epoch 40/50  iter 550/743  loss=0.2484  lr=1.23e-05
[07:58:48 INFO] Epoch 40/50  iter 600/743  loss=0.1775  lr=1.22e-05
[07:59:03 INFO] Epoch 40/50  iter 650/743  loss=0.5645  lr=1.21e-05
[07:59:18 INFO] Epoch 40/50  iter 700/743  loss=0.2374  lr=1.21e-05
[07:59:29 INFO] Epoch 40 complete — avg_loss=0.1954  time=209s
[08:01:33 INFO]   val mIoU = 0.7550
[08:01:51 INFO] Epoch 41/50  iter 50/743  loss=0.6122  lr=1.19e-05
[08:02:05 INFO] Epoch 41/50  iter 100/743  loss=0.1048  lr=1.18e-05
[08:02:19 INFO] Epoch 41/50  iter 150/743  loss=0.1079  lr=1.18e-05
[08:02:33 INFO] Epoch 41/50  iter 200/743  loss=0.1663  lr=1.17e-05
[08:02:47 INFO] Epoch 41/50  iter 250/743  loss=0.2272  lr=1.16e-05
[08:03:01 INFO] Epoch 41/50  iter 300/743  loss=0.2391  lr=1.15e-05
[08:03:15 INFO] Epoch 41/50  iter 350/743  loss=0.2633  lr=1.14e-05
[08:03:29 INFO] Epoch 41/50  iter 400/743  loss=0.1033  lr=1.14e-05
[08:03:42 INFO] Epoch 41/50  iter 450/743  loss=0.1986  lr=1.13e-05
[08:03:57 INFO] Epoch 41/50  iter 500/743  loss=0.0934  lr=1.12e-05
[08:04:11 INFO] Epoch 41/50  iter 550/743  loss=0.1074  lr=1.11e-05
[08:04:25 INFO] Epoch 41/50  iter 600/743  loss=0.1644  lr=1.10e-05
[08:04:39 INFO] Epoch 41/50  iter 650/743  loss=0.1501  lr=1.09e-05
[08:04:54 INFO] Epoch 41/50  iter 700/743  loss=0.3067  lr=1.09e-05
[08:05:06 INFO] Epoch 41 complete — avg_loss=0.2054  time=211s
[08:05:21 INFO] Epoch 42/50  iter 50/743  loss=0.1731  lr=1.07e-05
[08:05:35 INFO] Epoch 42/50  iter 100/743  loss=0.1200  lr=1.06e-05
[08:05:50 INFO] Epoch 42/50  iter 150/743  loss=0.1209  lr=1.06e-05
[08:06:05 INFO] Epoch 42/50  iter 200/743  loss=0.1132  lr=1.05e-05
[08:06:20 INFO] Epoch 42/50  iter 250/743  loss=0.1607  lr=1.04e-05
[08:06:34 INFO] Epoch 42/50  iter 300/743  loss=0.1738  lr=1.03e-05
[08:06:49 INFO] Epoch 42/50  iter 350/743  loss=0.2157  lr=1.02e-05
[08:07:04 INFO] Epoch 42/50  iter 400/743  loss=0.1399  lr=1.02e-05
[08:07:19 INFO] Epoch 42/50  iter 450/743  loss=0.1177  lr=1.01e-05
[08:07:34 INFO] Epoch 42/50  iter 500/743  loss=0.0839  lr=9.99e-06
[08:07:48 INFO] Epoch 42/50  iter 550/743  loss=0.1024  lr=9.91e-06
[08:08:03 INFO] Epoch 42/50  iter 600/743  loss=0.0541  lr=9.83e-06
[08:08:19 INFO] Epoch 42/50  iter 650/743  loss=0.2114  lr=9.75e-06
[08:08:34 INFO] Epoch 42/50  iter 700/743  loss=0.0265  lr=9.67e-06
[08:08:48 INFO] Epoch 42 complete — avg_loss=0.2015  time=221s
[08:09:05 INFO] Epoch 43/50  iter 50/743  loss=0.2041  lr=9.52e-06
[08:09:18 INFO] Epoch 43/50  iter 100/743  loss=0.2467  lr=9.44e-06
[08:09:33 INFO] Epoch 43/50  iter 150/743  loss=0.0990  lr=9.36e-06
[08:09:48 INFO] Epoch 43/50  iter 200/743  loss=0.2005  lr=9.28e-06
[08:10:03 INFO] Epoch 43/50  iter 250/743  loss=0.4590  lr=9.19e-06
[08:10:17 INFO] Epoch 43/50  iter 300/743  loss=0.1908  lr=9.11e-06
[08:10:32 INFO] Epoch 43/50  iter 350/743  loss=0.1649  lr=9.03e-06
[08:10:46 INFO] Epoch 43/50  iter 400/743  loss=0.2333  lr=8.95e-06
[08:11:01 INFO] Epoch 43/50  iter 450/743  loss=0.1291  lr=8.87e-06
[08:11:14 INFO] Epoch 43/50  iter 500/743  loss=0.1238  lr=8.79e-06
[08:11:29 INFO] Epoch 43/50  iter 550/743  loss=0.2208  lr=8.71e-06
[08:11:44 INFO] Epoch 43/50  iter 600/743  loss=0.2059  lr=8.63e-06
[08:11:59 INFO] Epoch 43/50  iter 650/743  loss=0.2930  lr=8.55e-06
[08:12:13 INFO] Epoch 43/50  iter 700/743  loss=0.1768  lr=8.47e-06
[08:12:25 INFO] Epoch 43 complete — avg_loss=0.2010  time=217s
[08:12:40 INFO] Epoch 44/50  iter 50/743  loss=0.0679  lr=8.32e-06
[08:12:54 INFO] Epoch 44/50  iter 100/743  loss=0.1044  lr=8.24e-06
[08:13:08 INFO] Epoch 44/50  iter 150/743  loss=0.1374  lr=8.16e-06
[08:13:23 INFO] Epoch 44/50  iter 200/743  loss=0.1345  lr=8.08e-06
[08:13:37 INFO] Epoch 44/50  iter 250/743  loss=0.1062  lr=7.99e-06
[08:13:51 INFO] Epoch 44/50  iter 300/743  loss=0.1025  lr=7.91e-06
[08:14:05 INFO] Epoch 44/50  iter 350/743  loss=0.0870  lr=7.83e-06
[08:14:19 INFO] Epoch 44/50  iter 400/743  loss=0.2326  lr=7.75e-06
[08:14:32 INFO] Epoch 44/50  iter 450/743  loss=0.1280  lr=7.67e-06
[08:14:46 INFO] Epoch 44/50  iter 500/743  loss=0.0943  lr=7.59e-06
[08:15:00 INFO] Epoch 44/50  iter 550/743  loss=0.1246  lr=7.51e-06
[08:15:14 INFO] Epoch 44/50  iter 600/743  loss=0.1105  lr=7.43e-06
[08:15:28 INFO] Epoch 44/50  iter 650/743  loss=0.2900  lr=7.35e-06
[08:15:42 INFO] Epoch 44/50  iter 700/743  loss=0.0626  lr=7.27e-06
[08:15:54 INFO] Epoch 44 complete — avg_loss=0.2042  time=208s
[08:16:10 INFO] Epoch 45/50  iter 50/743  loss=0.1438  lr=7.12e-06
[08:16:26 INFO] Epoch 45/50  iter 100/743  loss=0.2146  lr=7.04e-06
[08:16:41 INFO] Epoch 45/50  iter 150/743  loss=0.2593  lr=6.96e-06
[08:16:55 INFO] Epoch 45/50  iter 200/743  loss=0.0748  lr=6.88e-06
[08:17:11 INFO] Epoch 45/50  iter 250/743  loss=0.0629  lr=6.79e-06
[08:17:25 INFO] Epoch 45/50  iter 300/743  loss=0.3124  lr=6.71e-06
[08:17:41 INFO] Epoch 45/50  iter 350/743  loss=0.1104  lr=6.63e-06
[08:17:55 INFO] Epoch 45/50  iter 400/743  loss=0.1333  lr=6.55e-06
[08:18:09 INFO] Epoch 45/50  iter 450/743  loss=0.0826  lr=6.47e-06
[08:18:24 INFO] Epoch 45/50  iter 500/743  loss=0.1992  lr=6.39e-06
[08:18:37 INFO] Epoch 45/50  iter 550/743  loss=0.2612  lr=6.31e-06
[08:18:53 INFO] Epoch 45/50  iter 600/743  loss=0.1751  lr=6.23e-06
[08:19:07 INFO] Epoch 45/50  iter 650/743  loss=0.2181  lr=6.15e-06
[08:19:21 INFO] Epoch 45/50  iter 700/743  loss=0.1768  lr=6.07e-06
[08:19:34 INFO] Epoch 45 complete — avg_loss=0.1923  time=220s
[08:21:37 INFO]   val mIoU = 0.7616
[08:21:38 INFO]   ★ New best val mIoU: 0.7616
[08:21:55 INFO] Epoch 46/50  iter 50/743  loss=0.1882  lr=5.92e-06
[08:22:10 INFO] Epoch 46/50  iter 100/743  loss=0.1330  lr=5.84e-06
[08:22:24 INFO] Epoch 46/50  iter 150/743  loss=0.0846  lr=5.76e-06
[08:22:39 INFO] Epoch 46/50  iter 200/743  loss=0.2193  lr=5.68e-06
[08:22:53 INFO] Epoch 46/50  iter 250/743  loss=0.1332  lr=5.59e-06
[08:23:07 INFO] Epoch 46/50  iter 300/743  loss=0.1035  lr=5.51e-06
[08:23:22 INFO] Epoch 46/50  iter 350/743  loss=0.2889  lr=5.43e-06
[08:23:37 INFO] Epoch 46/50  iter 400/743  loss=0.1591  lr=5.35e-06
[08:23:52 INFO] Epoch 46/50  iter 450/743  loss=0.1992  lr=5.27e-06
[08:24:06 INFO] Epoch 46/50  iter 500/743  loss=0.0906  lr=5.19e-06
[08:24:21 INFO] Epoch 46/50  iter 550/743  loss=0.2899  lr=5.11e-06
[08:24:34 INFO] Epoch 46/50  iter 600/743  loss=0.2106  lr=5.03e-06
[08:24:48 INFO] Epoch 46/50  iter 650/743  loss=0.1702  lr=4.95e-06
[08:25:02 INFO] Epoch 46/50  iter 700/743  loss=0.1797  lr=4.87e-06
[08:25:14 INFO] Epoch 46 complete — avg_loss=0.1961  time=216s
[08:25:30 INFO] Epoch 47/50  iter 50/743  loss=0.2721  lr=4.72e-06
[08:25:47 INFO] Epoch 47/50  iter 100/743  loss=0.1381  lr=4.64e-06
[08:26:01 INFO] Epoch 47/50  iter 150/743  loss=0.0862  lr=4.56e-06
[08:26:15 INFO] Epoch 47/50  iter 200/743  loss=0.1687  lr=4.48e-06
[08:26:30 INFO] Epoch 47/50  iter 250/743  loss=0.0928  lr=4.39e-06
[08:26:43 INFO] Epoch 47/50  iter 300/743  loss=0.1007  lr=4.31e-06
[08:26:58 INFO] Epoch 47/50  iter 350/743  loss=0.1217  lr=4.23e-06
[08:27:12 INFO] Epoch 47/50  iter 400/743  loss=0.0971  lr=4.15e-06
[08:27:28 INFO] Epoch 47/50  iter 450/743  loss=0.1509  lr=4.07e-06
[08:27:42 INFO] Epoch 47/50  iter 500/743  loss=0.1717  lr=3.99e-06
[08:27:56 INFO] Epoch 47/50  iter 550/743  loss=0.1978  lr=3.91e-06
[08:28:10 INFO] Epoch 47/50  iter 600/743  loss=0.0970  lr=3.83e-06
[08:28:26 INFO] Epoch 47/50  iter 650/743  loss=0.1722  lr=3.75e-06
[08:28:41 INFO] Epoch 47/50  iter 700/743  loss=0.1205  lr=3.67e-06
[08:28:53 INFO] Epoch 47 complete — avg_loss=0.1954  time=218s
[08:29:10 INFO] Epoch 48/50  iter 50/743  loss=0.1392  lr=3.52e-06
[08:29:24 INFO] Epoch 48/50  iter 100/743  loss=0.2193  lr=3.44e-06
[08:29:38 INFO] Epoch 48/50  iter 150/743  loss=0.0927  lr=3.36e-06
[08:29:52 INFO] Epoch 48/50  iter 200/743  loss=0.4297  lr=3.28e-06
[08:30:06 INFO] Epoch 48/50  iter 250/743  loss=0.2903  lr=3.19e-06
[08:30:20 INFO] Epoch 48/50  iter 300/743  loss=0.0554  lr=3.11e-06
[08:30:34 INFO] Epoch 48/50  iter 350/743  loss=0.4775  lr=3.03e-06
[08:30:47 INFO] Epoch 48/50  iter 400/743  loss=0.1903  lr=2.95e-06
[08:31:01 INFO] Epoch 48/50  iter 450/743  loss=0.2992  lr=2.87e-06
[08:31:16 INFO] Epoch 48/50  iter 500/743  loss=0.2384  lr=2.79e-06
[08:31:30 INFO] Epoch 48/50  iter 550/743  loss=0.2293  lr=2.71e-06
[08:31:44 INFO] Epoch 48/50  iter 600/743  loss=0.1538  lr=2.63e-06
[08:31:58 INFO] Epoch 48/50  iter 650/743  loss=0.1413  lr=2.55e-06
[08:32:12 INFO] Epoch 48/50  iter 700/743  loss=0.0654  lr=2.47e-06
[08:32:24 INFO] Epoch 48 complete — avg_loss=0.1937  time=210s
[08:32:40 INFO] Epoch 49/50  iter 50/743  loss=0.1832  lr=2.32e-06
[08:32:54 INFO] Epoch 49/50  iter 100/743  loss=0.1764  lr=2.24e-06
[08:33:08 INFO] Epoch 49/50  iter 150/743  loss=0.2206  lr=2.16e-06
[08:33:23 INFO] Epoch 49/50  iter 200/743  loss=0.2270  lr=2.08e-06
[08:33:37 INFO] Epoch 49/50  iter 250/743  loss=0.1685  lr=1.99e-06
[08:33:51 INFO] Epoch 49/50  iter 300/743  loss=0.1802  lr=1.91e-06
[08:34:04 INFO] Epoch 49/50  iter 350/743  loss=0.1556  lr=1.83e-06
[08:34:18 INFO] Epoch 49/50  iter 400/743  loss=0.5838  lr=1.75e-06
[08:34:32 INFO] Epoch 49/50  iter 450/743  loss=0.2047  lr=1.67e-06
[08:34:45 INFO] Epoch 49/50  iter 500/743  loss=0.1774  lr=1.59e-06
[08:34:59 INFO] Epoch 49/50  iter 550/743  loss=0.2393  lr=1.51e-06
[08:35:12 INFO] Epoch 49/50  iter 600/743  loss=0.1525  lr=1.43e-06
[08:35:26 INFO] Epoch 49/50  iter 650/743  loss=0.0243  lr=1.35e-06
[08:35:39 INFO] Epoch 49/50  iter 700/743  loss=0.2227  lr=1.27e-06
[08:35:51 INFO] Epoch 49 complete — avg_loss=0.1925  time=207s
[08:36:07 INFO] Epoch 50/50  iter 50/743  loss=0.1839  lr=1.12e-06
[08:36:20 INFO] Epoch 50/50  iter 100/743  loss=0.1898  lr=1.04e-06
[08:36:34 INFO] Epoch 50/50  iter 150/743  loss=0.1459  lr=9.56e-07
[08:36:48 INFO] Epoch 50/50  iter 200/743  loss=0.1116  lr=8.75e-07
[08:37:02 INFO] Epoch 50/50  iter 250/743  loss=0.1059  lr=7.95e-07
[08:37:15 INFO] Epoch 50/50  iter 300/743  loss=0.4333  lr=7.14e-07
[08:37:29 INFO] Epoch 50/50  iter 350/743  loss=0.1462  lr=6.33e-07
[08:37:43 INFO] Epoch 50/50  iter 400/743  loss=0.1155  lr=5.52e-07
[08:37:57 INFO] Epoch 50/50  iter 450/743  loss=0.0894  lr=4.72e-07
[08:38:10 INFO] Epoch 50/50  iter 500/743  loss=0.3743  lr=3.91e-07
[08:38:25 INFO] Epoch 50/50  iter 550/743  loss=0.1552  lr=3.10e-07
[08:38:38 INFO] Epoch 50/50  iter 600/743  loss=0.1527  lr=2.29e-07
[08:38:52 INFO] Epoch 50/50  iter 650/743  loss=0.2049  lr=1.49e-07
[08:39:08 INFO] Epoch 50/50  iter 700/743  loss=0.3275  lr=6.78e-08
[08:39:19 INFO] Epoch 50 complete — avg_loss=0.1954  time=208s
[08:41:20 INFO]   val mIoU = 0.7649
[08:41:21 INFO]   ★ New best val mIoU: 0.7649
[08:41:22 INFO] Training complete. Best val mIoU = 0.7649
