[19:14:10 INFO] Device: cuda
[19:14:13 INFO] fog_prob: 1.0
[19:14:14 INFO] Train: 2975 samples  |  Val: 500 samples
[19:14:28 INFO] Epoch 1/10  iter 50/743  loss=1.4351  lr=5.96e-05
[19:14:40 INFO] Epoch 1/10  iter 100/743  loss=1.0489  lr=5.92e-05
[19:14:53 INFO] Epoch 1/10  iter 150/743  loss=0.9583  lr=5.88e-05
[19:15:05 INFO] Epoch 1/10  iter 200/743  loss=0.5904  lr=5.84e-05
[19:15:18 INFO] Epoch 1/10  iter 250/743  loss=1.1605  lr=5.80e-05
[19:15:30 INFO] Epoch 1/10  iter 300/743  loss=0.5331  lr=5.76e-05
[19:15:43 INFO] Epoch 1/10  iter 350/743  loss=1.3942  lr=5.72e-05
[19:15:55 INFO] Epoch 1/10  iter 400/743  loss=0.4309  lr=5.68e-05
[19:16:08 INFO] Epoch 1/10  iter 450/743  loss=0.5250  lr=5.64e-05
[19:16:20 INFO] Epoch 1/10  iter 500/743  loss=0.5103  lr=5.60e-05
[19:16:33 INFO] Epoch 1/10  iter 550/743  loss=0.2886  lr=5.56e-05
[19:16:46 INFO] Epoch 1/10  iter 600/743  loss=0.4063  lr=5.51e-05
[19:16:58 INFO] Epoch 1/10  iter 650/743  loss=0.8594  lr=5.47e-05
[19:17:11 INFO] Epoch 1/10  iter 700/743  loss=0.5431  lr=5.43e-05
[19:17:21 INFO] Epoch 1 complete — avg_loss=0.7816  time=187s
[19:17:35 INFO] Epoch 2/10  iter 50/743  loss=0.7521  lr=5.36e-05
[19:17:48 INFO] Epoch 2/10  iter 100/743  loss=0.2372  lr=5.32e-05
[19:18:00 INFO] Epoch 2/10  iter 150/743  loss=0.2375  lr=5.28e-05
[19:18:12 INFO] Epoch 2/10  iter 200/743  loss=0.3138  lr=5.24e-05
[19:18:25 INFO] Epoch 2/10  iter 250/743  loss=0.4721  lr=5.20e-05
[19:18:37 INFO] Epoch 2/10  iter 300/743  loss=0.3815  lr=5.16e-05
[19:18:50 INFO] Epoch 2/10  iter 350/743  loss=0.2153  lr=5.12e-05
[19:19:02 INFO] Epoch 2/10  iter 400/743  loss=0.4009  lr=5.08e-05
[19:19:15 INFO] Epoch 2/10  iter 450/743  loss=0.2787  lr=5.04e-05
[19:19:27 INFO] Epoch 2/10  iter 500/743  loss=0.7652  lr=5.00e-05
[19:19:40 INFO] Epoch 2/10  iter 550/743  loss=0.4093  lr=4.96e-05
[19:19:52 INFO] Epoch 2/10  iter 600/743  loss=0.2909  lr=4.91e-05
[19:20:05 INFO] Epoch 2/10  iter 650/743  loss=0.4752  lr=4.87e-05
[19:20:17 INFO] Epoch 2/10  iter 700/743  loss=0.1672  lr=4.83e-05
[19:20:28 INFO] Epoch 2 complete — avg_loss=0.3964  time=186s
[19:21:21 INFO]   val mIoU = 0.4693
[19:21:22 INFO]   ★ New best val mIoU: 0.4693
[19:21:35 INFO] Epoch 3/10  iter 50/743  loss=0.3310  lr=4.76e-05
[19:21:48 INFO] Epoch 3/10  iter 100/743  loss=0.2405  lr=4.72e-05
[19:22:00 INFO] Epoch 3/10  iter 150/743  loss=0.3453  lr=4.68e-05
[19:22:13 INFO] Epoch 3/10  iter 200/743  loss=0.3381  lr=4.64e-05
[19:22:25 INFO] Epoch 3/10  iter 250/743  loss=0.1754  lr=4.60e-05
[19:22:37 INFO] Epoch 3/10  iter 300/743  loss=0.3385  lr=4.56e-05
[19:22:50 INFO] Epoch 3/10  iter 350/743  loss=1.2619  lr=4.52e-05
[19:23:02 INFO] Epoch 3/10  iter 400/743  loss=0.3164  lr=4.48e-05
[19:23:15 INFO] Epoch 3/10  iter 450/743  loss=0.3303  lr=4.44e-05
[19:23:27 INFO] Epoch 3/10  iter 500/743  loss=0.2303  lr=4.40e-05
[19:23:40 INFO] Epoch 3/10  iter 550/743  loss=0.3408  lr=4.36e-05
[19:23:52 INFO] Epoch 3/10  iter 600/743  loss=0.8267  lr=4.31e-05
[19:24:10 INFO] Epoch 3/10  iter 650/743  loss=0.3591  lr=4.27e-05
[19:24:35 INFO] Epoch 3/10  iter 700/743  loss=0.1851  lr=4.23e-05
[19:24:57 INFO] Epoch 3 complete — avg_loss=0.3268  time=215s
[19:25:24 INFO] Epoch 4/10  iter 50/743  loss=0.3889  lr=4.16e-05
[19:25:49 INFO] Epoch 4/10  iter 100/743  loss=0.4355  lr=4.12e-05
[19:26:15 INFO] Epoch 4/10  iter 150/743  loss=0.4777  lr=4.08e-05
[19:26:40 INFO] Epoch 4/10  iter 200/743  loss=0.1592  lr=4.04e-05
[19:27:06 INFO] Epoch 4/10  iter 250/743  loss=0.2383  lr=4.00e-05
[19:27:31 INFO] Epoch 4/10  iter 300/743  loss=0.2254  lr=3.96e-05
[19:27:56 INFO] Epoch 4/10  iter 350/743  loss=0.1630  lr=3.92e-05
[19:28:22 INFO] Epoch 4/10  iter 400/743  loss=0.1833  lr=3.88e-05
[19:28:47 INFO] Epoch 4/10  iter 450/743  loss=0.1835  lr=3.84e-05
[19:29:13 INFO] Epoch 4/10  iter 500/743  loss=0.2140  lr=3.80e-05
[19:29:38 INFO] Epoch 4/10  iter 550/743  loss=0.3560  lr=3.76e-05
[19:30:03 INFO] Epoch 4/10  iter 600/743  loss=0.1367  lr=3.71e-05
[19:30:29 INFO] Epoch 4/10  iter 650/743  loss=0.2123  lr=3.67e-05
[19:30:55 INFO] Epoch 4/10  iter 700/743  loss=0.1424  lr=3.63e-05
[19:31:16 INFO] Epoch 4 complete — avg_loss=0.2877  time=378s
[19:32:27 INFO]   val mIoU = 0.5484
[19:32:27 INFO]   ★ New best val mIoU: 0.5484
[19:38:55 INFO] Device: cuda
[19:39:00 INFO] fog_prob: 1.0
[19:39:01 INFO] Train: 2975 samples  |  Val: 500 samples
[19:39:05 INFO] Resumed from epoch 4  best_mIoU=0.5484
[19:39:32 INFO] Epoch 5/10  iter 50/743  loss=0.2387  lr=3.56e-05
[19:39:58 INFO] Epoch 5/10  iter 100/743  loss=0.3089  lr=3.52e-05
[19:40:24 INFO] Epoch 5/10  iter 150/743  loss=0.2717  lr=3.48e-05
[19:40:50 INFO] Epoch 5/10  iter 200/743  loss=0.2226  lr=3.44e-05
[19:41:16 INFO] Epoch 5/10  iter 250/743  loss=0.5028  lr=3.40e-05
[19:41:42 INFO] Epoch 5/10  iter 300/743  loss=0.2372  lr=3.36e-05
[19:42:08 INFO] Epoch 5/10  iter 350/743  loss=0.5446  lr=3.32e-05
[19:42:34 INFO] Epoch 5/10  iter 400/743  loss=0.1577  lr=3.28e-05
[19:43:00 INFO] Epoch 5/10  iter 450/743  loss=0.1679  lr=3.24e-05
[19:43:26 INFO] Epoch 5/10  iter 500/743  loss=0.1939  lr=3.20e-05
[19:43:52 INFO] Epoch 5/10  iter 550/743  loss=0.1522  lr=3.16e-05
[19:44:18 INFO] Epoch 5/10  iter 600/743  loss=0.1662  lr=3.11e-05
[19:44:44 INFO] Epoch 5/10  iter 650/743  loss=0.2841  lr=3.07e-05
[19:45:10 INFO] Epoch 5/10  iter 700/743  loss=0.2922  lr=3.03e-05
[19:45:32 INFO] Epoch 5 complete — avg_loss=0.2447  time=387s
[19:46:00 INFO] Epoch 6/10  iter 50/743  loss=0.4625  lr=2.96e-05
[19:46:26 INFO] Epoch 6/10  iter 100/743  loss=0.0959  lr=2.92e-05
[19:46:52 INFO] Epoch 6/10  iter 150/743  loss=0.1522  lr=2.88e-05
[19:47:18 INFO] Epoch 6/10  iter 200/743  loss=0.1695  lr=2.84e-05
[19:47:44 INFO] Epoch 6/10  iter 250/743  loss=0.2214  lr=2.80e-05
[19:48:10 INFO] Epoch 6/10  iter 300/743  loss=0.1876  lr=2.76e-05
[19:48:36 INFO] Epoch 6/10  iter 350/743  loss=0.1053  lr=2.72e-05
[19:49:02 INFO] Epoch 6/10  iter 400/743  loss=0.2124  lr=2.68e-05
[19:49:28 INFO] Epoch 6/10  iter 450/743  loss=0.1687  lr=2.64e-05
[19:49:54 INFO] Epoch 6/10  iter 500/743  loss=0.4734  lr=2.60e-05
[19:50:20 INFO] Epoch 6/10  iter 550/743  loss=0.1940  lr=2.56e-05
[19:50:46 INFO] Epoch 6/10  iter 600/743  loss=0.1455  lr=2.51e-05
[19:51:12 INFO] Epoch 6/10  iter 650/743  loss=0.3217  lr=2.47e-05
[19:51:37 INFO] Epoch 6/10  iter 700/743  loss=0.1059  lr=2.43e-05
[19:52:00 INFO] Epoch 6 complete — avg_loss=0.2121  time=387s
[19:53:31 INFO]   val mIoU = 0.6267
[19:53:32 INFO]   ★ New best val mIoU: 0.6267
[19:53:59 INFO] Epoch 7/10  iter 50/743  loss=0.0892  lr=2.36e-05
[19:54:25 INFO] Epoch 7/10  iter 100/743  loss=0.1549  lr=2.32e-05
[19:54:50 INFO] Epoch 7/10  iter 150/743  loss=0.1970  lr=2.28e-05
[19:55:16 INFO] Epoch 7/10  iter 200/743  loss=0.2143  lr=2.24e-05
[19:55:42 INFO] Epoch 7/10  iter 250/743  loss=0.0799  lr=2.20e-05
[19:56:08 INFO] Epoch 7/10  iter 300/743  loss=0.1949  lr=2.16e-05
[19:56:33 INFO] Epoch 7/10  iter 350/743  loss=1.0434  lr=2.12e-05
[19:56:59 INFO] Epoch 7/10  iter 400/743  loss=0.1948  lr=2.08e-05
[19:57:25 INFO] Epoch 7/10  iter 450/743  loss=0.2305  lr=2.04e-05
[19:57:51 INFO] Epoch 7/10  iter 500/743  loss=0.1439  lr=2.00e-05
[19:58:17 INFO] Epoch 7/10  iter 550/743  loss=0.2478  lr=1.96e-05
[19:58:42 INFO] Epoch 7/10  iter 600/743  loss=0.6173  lr=1.91e-05
[19:59:08 INFO] Epoch 7/10  iter 650/743  loss=0.2059  lr=1.87e-05
[19:59:34 INFO] Epoch 7/10  iter 700/743  loss=0.1118  lr=1.83e-05
[19:59:56 INFO] Epoch 7 complete — avg_loss=0.1936  time=384s
[20:00:23 INFO] Epoch 8/10  iter 50/743  loss=0.2249  lr=1.76e-05
[20:00:49 INFO] Epoch 8/10  iter 100/743  loss=0.2566  lr=1.72e-05
[20:01:15 INFO] Epoch 8/10  iter 150/743  loss=0.2620  lr=1.68e-05
[20:01:41 INFO] Epoch 8/10  iter 200/743  loss=0.1232  lr=1.64e-05
[20:02:06 INFO] Epoch 8/10  iter 250/743  loss=0.1433  lr=1.60e-05
[20:02:32 INFO] Epoch 8/10  iter 300/743  loss=0.1681  lr=1.56e-05
[20:02:58 INFO] Epoch 8/10  iter 350/743  loss=0.0974  lr=1.52e-05
[20:03:24 INFO] Epoch 8/10  iter 400/743  loss=0.1143  lr=1.48e-05
[20:03:49 INFO] Epoch 8/10  iter 450/743  loss=0.1388  lr=1.44e-05
[20:04:15 INFO] Epoch 8/10  iter 500/743  loss=0.1451  lr=1.40e-05
[20:04:41 INFO] Epoch 8/10  iter 550/743  loss=0.1580  lr=1.36e-05
[20:05:06 INFO] Epoch 8/10  iter 600/743  loss=0.0931  lr=1.31e-05
[20:05:32 INFO] Epoch 8/10  iter 650/743  loss=0.1356  lr=1.27e-05
[20:05:58 INFO] Epoch 8/10  iter 700/743  loss=0.0905  lr=1.23e-05
[20:06:21 INFO] Epoch 8 complete — avg_loss=0.1782  time=384s
[20:07:53 INFO]   val mIoU = 0.6424
[20:07:53 INFO]   ★ New best val mIoU: 0.6424
[20:08:21 INFO] Epoch 9/10  iter 50/743  loss=0.3217  lr=1.16e-05
[20:08:47 INFO] Epoch 9/10  iter 100/743  loss=0.1631  lr=1.12e-05
[20:09:13 INFO] Epoch 9/10  iter 150/743  loss=0.1753  lr=1.08e-05
[20:09:39 INFO] Epoch 9/10  iter 200/743  loss=0.1736  lr=1.04e-05
[20:10:04 INFO] Epoch 9/10  iter 250/743  loss=0.1380  lr=9.97e-06
[20:10:30 INFO] Epoch 9/10  iter 300/743  loss=0.1952  lr=9.57e-06
[20:10:56 INFO] Epoch 9/10  iter 350/743  loss=0.0967  lr=9.17e-06
[20:11:22 INFO] Epoch 9/10  iter 400/743  loss=0.1784  lr=8.76e-06
[20:11:48 INFO] Epoch 9/10  iter 450/743  loss=0.1182  lr=8.36e-06
[20:12:14 INFO] Epoch 9/10  iter 500/743  loss=0.1405  lr=7.95e-06
[20:12:40 INFO] Epoch 9/10  iter 550/743  loss=0.1341  lr=7.55e-06
[20:13:06 INFO] Epoch 9/10  iter 600/743  loss=0.2086  lr=7.15e-06
[20:13:32 INFO] Epoch 9/10  iter 650/743  loss=0.1423  lr=6.74e-06
[20:13:58 INFO] Epoch 9/10  iter 700/743  loss=0.2658  lr=6.34e-06
[20:14:21 INFO] Epoch 9 complete — avg_loss=0.2040  time=387s
[20:14:48 INFO] Epoch 10/10  iter 50/743  loss=0.1481  lr=5.59e-06
[20:15:14 INFO] Epoch 10/10  iter 100/743  loss=0.1694  lr=5.18e-06
[20:15:40 INFO] Epoch 10/10  iter 150/743  loss=0.0651  lr=4.78e-06
[20:16:06 INFO] Epoch 10/10  iter 200/743  loss=0.1959  lr=4.38e-06
[20:16:32 INFO] Epoch 10/10  iter 250/743  loss=0.1526  lr=3.97e-06
[20:16:59 INFO] Epoch 10/10  iter 300/743  loss=0.2421  lr=3.57e-06
[20:17:25 INFO] Epoch 10/10  iter 350/743  loss=0.2095  lr=3.17e-06
[20:17:50 INFO] Epoch 10/10  iter 400/743  loss=0.0920  lr=2.76e-06
[20:18:16 INFO] Epoch 10/10  iter 450/743  loss=0.2321  lr=2.36e-06
[20:18:42 INFO] Epoch 10/10  iter 500/743  loss=0.0696  lr=1.95e-06
[20:19:08 INFO] Epoch 10/10  iter 550/743  loss=0.2774  lr=1.55e-06
[20:19:33 INFO] Epoch 10/10  iter 600/743  loss=0.2061  lr=1.15e-06
[20:19:59 INFO] Epoch 10/10  iter 650/743  loss=0.1499  lr=7.43e-07
[20:20:25 INFO] Epoch 10/10  iter 700/743  loss=0.1358  lr=3.39e-07
[20:20:47 INFO] Epoch 10 complete — avg_loss=0.2053  time=386s
[20:22:20 INFO]   val mIoU = 0.6797
[20:22:20 INFO]   ★ New best val mIoU: 0.6797
[20:22:21 INFO] Training complete. Best val mIoU = 0.6797
