[07:31:02 INFO] Device: cuda
[07:31:04 INFO] fog_prob: 0.3
[07:31:06 INFO] Train: 2975 samples  |  Val: 500 samples
[07:31:23 INFO] Epoch 1/50  iter 50/743  loss=0.8511  lr=5.99e-05
[07:31:39 INFO] Epoch 1/50  iter 100/743  loss=0.9391  lr=5.98e-05
[07:31:55 INFO] Epoch 1/50  iter 150/743  loss=0.6136  lr=5.98e-05
[07:32:11 INFO] Epoch 1/50  iter 200/743  loss=0.4771  lr=5.97e-05
[07:32:27 INFO] Epoch 1/50  iter 250/743  loss=0.4554  lr=5.96e-05
[07:32:43 INFO] Epoch 1/50  iter 300/743  loss=0.4701  lr=5.95e-05
[07:32:59 INFO] Epoch 1/50  iter 350/743  loss=0.3809  lr=5.94e-05
[07:33:16 INFO] Epoch 1/50  iter 400/743  loss=0.4850  lr=5.94e-05
[07:33:32 INFO] Epoch 1/50  iter 450/743  loss=0.1966  lr=5.93e-05
[07:33:48 INFO] Epoch 1/50  iter 500/743  loss=0.3589  lr=5.92e-05
[07:34:04 INFO] Epoch 1/50  iter 550/743  loss=0.5225  lr=5.91e-05
[07:34:20 INFO] Epoch 1/50  iter 600/743  loss=0.7463  lr=5.90e-05
[07:34:36 INFO] Epoch 1/50  iter 650/743  loss=0.2157  lr=5.89e-05
[07:34:52 INFO] Epoch 1/50  iter 700/743  loss=0.4856  lr=5.89e-05
[07:35:06 INFO] Epoch 1 complete — avg_loss=0.8257  time=240s
[07:35:25 INFO] Epoch 2/50  iter 50/743  loss=0.7468  lr=5.87e-05
[07:35:41 INFO] Epoch 2/50  iter 100/743  loss=0.4058  lr=5.86e-05
[07:35:57 INFO] Epoch 2/50  iter 150/743  loss=0.3942  lr=5.86e-05
[07:36:13 INFO] Epoch 2/50  iter 200/743  loss=0.6180  lr=5.85e-05
[07:36:29 INFO] Epoch 2/50  iter 250/743  loss=0.5116  lr=5.84e-05
[07:36:45 INFO] Epoch 2/50  iter 300/743  loss=0.4244  lr=5.83e-05
[07:37:01 INFO] Epoch 2/50  iter 350/743  loss=0.6916  lr=5.82e-05
[07:37:17 INFO] Epoch 2/50  iter 400/743  loss=0.5229  lr=5.82e-05
[07:37:33 INFO] Epoch 2/50  iter 450/743  loss=0.3120  lr=5.81e-05
[07:37:49 INFO] Epoch 2/50  iter 500/743  loss=0.1587  lr=5.80e-05
[07:38:06 INFO] Epoch 2/50  iter 550/743  loss=0.4081  lr=5.79e-05
[07:38:22 INFO] Epoch 2/50  iter 600/743  loss=0.3402  lr=5.78e-05
[07:38:38 INFO] Epoch 2/50  iter 650/743  loss=0.7299  lr=5.77e-05
[07:38:54 INFO] Epoch 2/50  iter 700/743  loss=0.2679  lr=5.77e-05
[07:39:08 INFO] Epoch 2 complete — avg_loss=0.4596  time=241s
[07:39:26 INFO] Epoch 3/50  iter 50/743  loss=0.4000  lr=5.75e-05
[07:39:42 INFO] Epoch 3/50  iter 100/743  loss=0.2136  lr=5.74e-05
[07:39:58 INFO] Epoch 3/50  iter 150/743  loss=0.4359  lr=5.74e-05
[07:40:15 INFO] Epoch 3/50  iter 200/743  loss=0.3159  lr=5.73e-05
[07:40:31 INFO] Epoch 3/50  iter 250/743  loss=0.1616  lr=5.72e-05
[07:40:47 INFO] Epoch 3/50  iter 300/743  loss=0.4746  lr=5.71e-05
[07:41:03 INFO] Epoch 3/50  iter 350/743  loss=0.2250  lr=5.70e-05
[07:41:19 INFO] Epoch 3/50  iter 400/743  loss=0.1709  lr=5.70e-05
[07:41:35 INFO] Epoch 3/50  iter 450/743  loss=0.0868  lr=5.69e-05
[07:41:52 INFO] Epoch 3/50  iter 500/743  loss=0.3337  lr=5.68e-05
[07:42:07 INFO] Epoch 3/50  iter 550/743  loss=0.2737  lr=5.67e-05
[07:42:24 INFO] Epoch 3/50  iter 600/743  loss=0.3298  lr=5.66e-05
[07:42:40 INFO] Epoch 3/50  iter 650/743  loss=0.7521  lr=5.65e-05
[07:42:56 INFO] Epoch 3/50  iter 700/743  loss=0.2182  lr=5.65e-05
[07:43:10 INFO] Epoch 3 complete — avg_loss=0.4106  time=242s
[07:43:28 INFO] Epoch 4/50  iter 50/743  loss=0.4734  lr=5.63e-05
[07:43:44 INFO] Epoch 4/50  iter 100/743  loss=0.0953  lr=5.62e-05
[07:44:00 INFO] Epoch 4/50  iter 150/743  loss=0.4289  lr=5.62e-05
[07:44:17 INFO] Epoch 4/50  iter 200/743  loss=0.1922  lr=5.61e-05
[07:44:32 INFO] Epoch 4/50  iter 250/743  loss=0.3952  lr=5.60e-05
[07:44:49 INFO] Epoch 4/50  iter 300/743  loss=0.2029  lr=5.59e-05
[07:45:05 INFO] Epoch 4/50  iter 350/743  loss=0.0706  lr=5.58e-05
[07:45:21 INFO] Epoch 4/50  iter 400/743  loss=0.2607  lr=5.58e-05
[07:45:37 INFO] Epoch 4/50  iter 450/743  loss=0.3984  lr=5.57e-05
[07:45:53 INFO] Epoch 4/50  iter 500/743  loss=0.7359  lr=5.56e-05
[07:46:10 INFO] Epoch 4/50  iter 550/743  loss=0.1952  lr=5.55e-05
[07:46:26 INFO] Epoch 4/50  iter 600/743  loss=0.3261  lr=5.54e-05
[07:46:42 INFO] Epoch 4/50  iter 650/743  loss=0.2662  lr=5.53e-05
[07:46:58 INFO] Epoch 4/50  iter 700/743  loss=0.4082  lr=5.53e-05
[07:47:12 INFO] Epoch 4 complete — avg_loss=0.3543  time=241s
[07:47:31 INFO] Epoch 5/50  iter 50/743  loss=0.0842  lr=5.51e-05
[07:47:47 INFO] Epoch 5/50  iter 100/743  loss=0.2905  lr=5.50e-05
[07:48:03 INFO] Epoch 5/50  iter 150/743  loss=0.3861  lr=5.50e-05
[07:48:19 INFO] Epoch 5/50  iter 200/743  loss=0.2647  lr=5.49e-05
[07:48:35 INFO] Epoch 5/50  iter 250/743  loss=0.3764  lr=5.48e-05
[07:48:51 INFO] Epoch 5/50  iter 300/743  loss=0.3336  lr=5.47e-05
[07:49:07 INFO] Epoch 5/50  iter 350/743  loss=0.0783  lr=5.46e-05
[07:49:23 INFO] Epoch 5/50  iter 400/743  loss=0.3743  lr=5.46e-05
[07:49:39 INFO] Epoch 5/50  iter 450/743  loss=0.3478  lr=5.45e-05
[07:49:56 INFO] Epoch 5/50  iter 500/743  loss=0.3192  lr=5.44e-05
[07:50:12 INFO] Epoch 5/50  iter 550/743  loss=0.3241  lr=5.43e-05
[07:50:28 INFO] Epoch 5/50  iter 600/743  loss=0.2653  lr=5.42e-05
[07:50:44 INFO] Epoch 5/50  iter 650/743  loss=0.4695  lr=5.41e-05
[07:51:00 INFO] Epoch 5/50  iter 700/743  loss=0.1500  lr=5.41e-05
[07:51:14 INFO] Epoch 5 complete — avg_loss=0.3347  time=242s
[07:53:36 INFO]   val mIoU = 0.5694
[07:53:37 INFO]   ★ New best val mIoU: 0.5694
[07:53:56 INFO] Epoch 6/50  iter 50/743  loss=1.4398  lr=5.39e-05
[07:54:12 INFO] Epoch 6/50  iter 100/743  loss=0.2134  lr=5.38e-05
[07:54:28 INFO] Epoch 6/50  iter 150/743  loss=0.2156  lr=5.38e-05
[07:54:44 INFO] Epoch 6/50  iter 200/743  loss=0.2306  lr=5.37e-05
[07:55:00 INFO] Epoch 6/50  iter 250/743  loss=0.3261  lr=5.36e-05
[07:55:16 INFO] Epoch 6/50  iter 300/743  loss=0.0412  lr=5.35e-05
[07:55:33 INFO] Epoch 6/50  iter 350/743  loss=0.0521  lr=5.34e-05
[07:55:49 INFO] Epoch 6/50  iter 400/743  loss=0.1499  lr=5.34e-05
[07:56:05 INFO] Epoch 6/50  iter 450/743  loss=0.5388  lr=5.33e-05
[07:56:21 INFO] Epoch 6/50  iter 500/743  loss=0.0980  lr=5.32e-05
[07:56:37 INFO] Epoch 6/50  iter 550/743  loss=0.0983  lr=5.31e-05
[07:56:53 INFO] Epoch 6/50  iter 600/743  loss=0.1602  lr=5.30e-05
[07:57:09 INFO] Epoch 6/50  iter 650/743  loss=0.2766  lr=5.29e-05
[07:57:25 INFO] Epoch 6/50  iter 700/743  loss=0.1437  lr=5.29e-05
[07:57:39 INFO] Epoch 6 complete — avg_loss=0.3041  time=241s
[07:57:58 INFO] Epoch 7/50  iter 50/743  loss=0.2286  lr=5.27e-05
[07:58:14 INFO] Epoch 7/50  iter 100/743  loss=0.1455  lr=5.26e-05
[07:58:30 INFO] Epoch 7/50  iter 150/743  loss=0.2879  lr=5.26e-05
[07:58:46 INFO] Epoch 7/50  iter 200/743  loss=0.3242  lr=5.25e-05
[07:59:02 INFO] Epoch 7/50  iter 250/743  loss=0.1051  lr=5.24e-05
[07:59:18 INFO] Epoch 7/50  iter 300/743  loss=0.1242  lr=5.23e-05
[07:59:34 INFO] Epoch 7/50  iter 350/743  loss=0.2059  lr=5.22e-05
[07:59:51 INFO] Epoch 7/50  iter 400/743  loss=0.3097  lr=5.22e-05
[08:00:07 INFO] Epoch 7/50  iter 450/743  loss=0.5478  lr=5.21e-05
[08:00:23 INFO] Epoch 7/50  iter 500/743  loss=0.2670  lr=5.20e-05
[08:00:39 INFO] Epoch 7/50  iter 550/743  loss=0.4946  lr=5.19e-05
[08:00:55 INFO] Epoch 7/50  iter 600/743  loss=0.4119  lr=5.18e-05
[08:01:11 INFO] Epoch 7/50  iter 650/743  loss=0.1815  lr=5.17e-05
[08:01:27 INFO] Epoch 7/50  iter 700/743  loss=0.3200  lr=5.17e-05
[08:01:41 INFO] Epoch 7 complete — avg_loss=0.3008  time=242s
[08:01:59 INFO] Epoch 8/50  iter 50/743  loss=0.1280  lr=5.15e-05
[08:02:15 INFO] Epoch 8/50  iter 100/743  loss=0.2356  lr=5.14e-05
[08:02:31 INFO] Epoch 8/50  iter 150/743  loss=0.2007  lr=5.14e-05
[08:02:47 INFO] Epoch 8/50  iter 200/743  loss=0.3534  lr=5.13e-05
[08:03:04 INFO] Epoch 8/50  iter 250/743  loss=0.4052  lr=5.12e-05
[08:03:20 INFO] Epoch 8/50  iter 300/743  loss=0.1415  lr=5.11e-05
[08:03:36 INFO] Epoch 8/50  iter 350/743  loss=0.1221  lr=5.10e-05
[08:03:52 INFO] Epoch 8/50  iter 400/743  loss=0.5450  lr=5.10e-05
[08:04:08 INFO] Epoch 8/50  iter 450/743  loss=0.5243  lr=5.09e-05
[08:04:24 INFO] Epoch 8/50  iter 500/743  loss=0.2273  lr=5.08e-05
[08:04:41 INFO] Epoch 8/50  iter 550/743  loss=0.2214  lr=5.07e-05
[08:04:57 INFO] Epoch 8/50  iter 600/743  loss=0.1990  lr=5.06e-05
[08:05:13 INFO] Epoch 8/50  iter 650/743  loss=0.6046  lr=5.05e-05
[08:05:29 INFO] Epoch 8/50  iter 700/743  loss=0.1466  lr=5.05e-05
[08:05:43 INFO] Epoch 8 complete — avg_loss=0.2756  time=241s
[08:06:02 INFO] Epoch 9/50  iter 50/743  loss=0.3723  lr=5.03e-05
[08:06:18 INFO] Epoch 9/50  iter 100/743  loss=0.3385  lr=5.02e-05
[08:06:34 INFO] Epoch 9/50  iter 150/743  loss=0.1016  lr=5.02e-05
[08:06:50 INFO] Epoch 9/50  iter 200/743  loss=0.2673  lr=5.01e-05
[08:07:07 INFO] Epoch 9/50  iter 250/743  loss=0.1255  lr=5.00e-05
[08:07:23 INFO] Epoch 9/50  iter 300/743  loss=0.2851  lr=4.99e-05
[08:07:39 INFO] Epoch 9/50  iter 350/743  loss=0.3695  lr=4.98e-05
[08:07:55 INFO] Epoch 9/50  iter 400/743  loss=0.0466  lr=4.98e-05
[08:08:11 INFO] Epoch 9/50  iter 450/743  loss=0.1516  lr=4.97e-05
[08:08:27 INFO] Epoch 9/50  iter 500/743  loss=0.2467  lr=4.96e-05
[08:08:43 INFO] Epoch 9/50  iter 550/743  loss=0.3452  lr=4.95e-05
[08:09:00 INFO] Epoch 9/50  iter 600/743  loss=0.1570  lr=4.94e-05
[08:09:16 INFO] Epoch 9/50  iter 650/743  loss=0.1025  lr=4.93e-05
[08:09:32 INFO] Epoch 9/50  iter 700/743  loss=0.1034  lr=4.93e-05
[08:09:46 INFO] Epoch 9 complete — avg_loss=0.2740  time=242s
[08:10:05 INFO] Epoch 10/50  iter 50/743  loss=0.2677  lr=4.91e-05
[08:10:21 INFO] Epoch 10/50  iter 100/743  loss=0.1031  lr=4.90e-05
[08:10:37 INFO] Epoch 10/50  iter 150/743  loss=0.1417  lr=4.90e-05
[08:10:53 INFO] Epoch 10/50  iter 200/743  loss=0.2286  lr=4.89e-05
[08:11:09 INFO] Epoch 10/50  iter 250/743  loss=0.2331  lr=4.88e-05
[08:11:26 INFO] Epoch 10/50  iter 300/743  loss=0.1074  lr=4.87e-05
[08:11:42 INFO] Epoch 10/50  iter 350/743  loss=0.1150  lr=4.86e-05
[08:11:59 INFO] Epoch 10/50  iter 400/743  loss=0.2360  lr=4.86e-05
[08:12:15 INFO] Epoch 10/50  iter 450/743  loss=0.1770  lr=4.85e-05
[08:12:31 INFO] Epoch 10/50  iter 500/743  loss=0.1658  lr=4.84e-05
[08:12:47 INFO] Epoch 10/50  iter 550/743  loss=0.2481  lr=4.83e-05
[08:13:03 INFO] Epoch 10/50  iter 600/743  loss=0.3067  lr=4.82e-05
[08:13:19 INFO] Epoch 10/50  iter 650/743  loss=0.2623  lr=4.81e-05
[08:13:36 INFO] Epoch 10/50  iter 700/743  loss=0.1661  lr=4.81e-05
[08:13:50 INFO] Epoch 10 complete — avg_loss=0.2640  time=243s
[08:16:14 INFO]   val mIoU = 0.6744
[08:16:15 INFO]   ★ New best val mIoU: 0.6744
[08:16:33 INFO] Epoch 11/50  iter 50/743  loss=0.1363  lr=4.79e-05
[08:16:49 INFO] Epoch 11/50  iter 100/743  loss=0.0871  lr=4.78e-05
[08:17:05 INFO] Epoch 11/50  iter 150/743  loss=0.1599  lr=4.78e-05
[08:17:21 INFO] Epoch 11/50  iter 200/743  loss=0.2101  lr=4.77e-05
[08:17:37 INFO] Epoch 11/50  iter 250/743  loss=0.4869  lr=4.76e-05
[08:17:53 INFO] Epoch 11/50  iter 300/743  loss=0.3305  lr=4.75e-05
[08:18:10 INFO] Epoch 11/50  iter 350/743  loss=0.0643  lr=4.74e-05
[08:18:26 INFO] Epoch 11/50  iter 400/743  loss=0.0961  lr=4.74e-05
[08:18:42 INFO] Epoch 11/50  iter 450/743  loss=0.4113  lr=4.73e-05
[08:18:59 INFO] Epoch 11/50  iter 500/743  loss=0.2530  lr=4.72e-05
[08:19:14 INFO] Epoch 11/50  iter 550/743  loss=0.4506  lr=4.71e-05
[08:19:31 INFO] Epoch 11/50  iter 600/743  loss=0.1569  lr=4.70e-05
[08:19:47 INFO] Epoch 11/50  iter 650/743  loss=0.1981  lr=4.69e-05
[08:20:03 INFO] Epoch 11/50  iter 700/743  loss=0.4848  lr=4.69e-05
[08:20:17 INFO] Epoch 11 complete — avg_loss=0.2556  time=242s
[08:20:36 INFO] Epoch 12/50  iter 50/743  loss=0.2196  lr=4.67e-05
[08:20:51 INFO] Epoch 12/50  iter 100/743  loss=0.1360  lr=4.66e-05
[08:21:08 INFO] Epoch 12/50  iter 150/743  loss=0.1194  lr=4.66e-05
[08:21:24 INFO] Epoch 12/50  iter 200/743  loss=0.1244  lr=4.65e-05
[08:21:40 INFO] Epoch 12/50  iter 250/743  loss=0.2504  lr=4.64e-05
[08:21:57 INFO] Epoch 12/50  iter 300/743  loss=0.1708  lr=4.63e-05
[08:22:13 INFO] Epoch 12/50  iter 350/743  loss=0.5156  lr=4.62e-05
[08:22:29 INFO] Epoch 12/50  iter 400/743  loss=0.2031  lr=4.62e-05
[08:22:45 INFO] Epoch 12/50  iter 450/743  loss=0.1723  lr=4.61e-05
[08:23:01 INFO] Epoch 12/50  iter 500/743  loss=0.0693  lr=4.60e-05
[08:23:17 INFO] Epoch 12/50  iter 550/743  loss=0.2446  lr=4.59e-05
[08:23:33 INFO] Epoch 12/50  iter 600/743  loss=0.2097  lr=4.58e-05
[08:23:50 INFO] Epoch 12/50  iter 650/743  loss=0.6893  lr=4.57e-05
[08:24:05 INFO] Epoch 12/50  iter 700/743  loss=0.1474  lr=4.57e-05
[08:24:19 INFO] Epoch 12 complete — avg_loss=0.2594  time=241s
[08:24:38 INFO] Epoch 13/50  iter 50/743  loss=0.2275  lr=4.55e-05
[08:24:55 INFO] Epoch 13/50  iter 100/743  loss=0.0909  lr=4.54e-05
[08:25:11 INFO] Epoch 13/50  iter 150/743  loss=0.1820  lr=4.54e-05
[08:25:27 INFO] Epoch 13/50  iter 200/743  loss=0.3256  lr=4.53e-05
[08:25:43 INFO] Epoch 13/50  iter 250/743  loss=0.2235  lr=4.52e-05
[08:25:59 INFO] Epoch 13/50  iter 300/743  loss=0.2070  lr=4.51e-05
[08:26:15 INFO] Epoch 13/50  iter 350/743  loss=0.1938  lr=4.50e-05
[08:26:31 INFO] Epoch 13/50  iter 400/743  loss=0.1865  lr=4.50e-05
[08:26:48 INFO] Epoch 13/50  iter 450/743  loss=0.2046  lr=4.49e-05
[08:27:04 INFO] Epoch 13/50  iter 500/743  loss=0.7630  lr=4.48e-05
[08:27:20 INFO] Epoch 13/50  iter 550/743  loss=0.1970  lr=4.47e-05
[08:27:36 INFO] Epoch 13/50  iter 600/743  loss=0.1189  lr=4.46e-05
[08:27:52 INFO] Epoch 13/50  iter 650/743  loss=0.1864  lr=4.45e-05
[08:28:08 INFO] Epoch 13/50  iter 700/743  loss=0.3616  lr=4.45e-05
[08:28:22 INFO] Epoch 13 complete — avg_loss=0.2450  time=242s
[08:28:40 INFO] Epoch 14/50  iter 50/743  loss=0.2076  lr=4.43e-05
[08:28:56 INFO] Epoch 14/50  iter 100/743  loss=0.3369  lr=4.42e-05
[08:29:13 INFO] Epoch 14/50  iter 150/743  loss=0.0412  lr=4.42e-05
[08:29:29 INFO] Epoch 14/50  iter 200/743  loss=0.2208  lr=4.41e-05
[08:29:45 INFO] Epoch 14/50  iter 250/743  loss=0.0967  lr=4.40e-05
[08:30:02 INFO] Epoch 14/50  iter 300/743  loss=0.3406  lr=4.39e-05
[08:30:18 INFO] Epoch 14/50  iter 350/743  loss=0.3880  lr=4.38e-05
[08:30:34 INFO] Epoch 14/50  iter 400/743  loss=0.1631  lr=4.38e-05
[08:30:50 INFO] Epoch 14/50  iter 450/743  loss=0.3387  lr=4.37e-05
[08:31:06 INFO] Epoch 14/50  iter 500/743  loss=0.1133  lr=4.36e-05
[08:31:23 INFO] Epoch 14/50  iter 550/743  loss=0.1203  lr=4.35e-05
[08:31:39 INFO] Epoch 14/50  iter 600/743  loss=0.1587  lr=4.34e-05
[08:31:55 INFO] Epoch 14/50  iter 650/743  loss=0.2523  lr=4.33e-05
[08:32:11 INFO] Epoch 14/50  iter 700/743  loss=0.2061  lr=4.33e-05
[08:32:25 INFO] Epoch 14 complete — avg_loss=0.2558  time=242s
[08:32:43 INFO] Epoch 15/50  iter 50/743  loss=0.1188  lr=4.31e-05
[08:32:59 INFO] Epoch 15/50  iter 100/743  loss=0.1002  lr=4.30e-05
[08:33:16 INFO] Epoch 15/50  iter 150/743  loss=0.2048  lr=4.30e-05
[08:33:32 INFO] Epoch 15/50  iter 200/743  loss=0.0706  lr=4.29e-05
[08:33:48 INFO] Epoch 15/50  iter 250/743  loss=0.2015  lr=4.28e-05
[08:34:04 INFO] Epoch 15/50  iter 300/743  loss=0.1961  lr=4.27e-05
[08:34:20 INFO] Epoch 15/50  iter 350/743  loss=0.1629  lr=4.26e-05
[08:34:36 INFO] Epoch 15/50  iter 400/743  loss=0.1717  lr=4.26e-05
[08:34:52 INFO] Epoch 15/50  iter 450/743  loss=0.2060  lr=4.25e-05
[08:35:09 INFO] Epoch 15/50  iter 500/743  loss=0.1680  lr=4.24e-05
[08:35:25 INFO] Epoch 15/50  iter 550/743  loss=0.1248  lr=4.23e-05
[08:35:41 INFO] Epoch 15/50  iter 600/743  loss=0.2361  lr=4.22e-05
[08:35:57 INFO] Epoch 15/50  iter 650/743  loss=0.2578  lr=4.21e-05
[08:36:13 INFO] Epoch 15/50  iter 700/743  loss=0.1752  lr=4.21e-05
[08:36:27 INFO] Epoch 15 complete — avg_loss=0.2327  time=241s
[08:38:51 INFO]   val mIoU = 0.7128
[08:38:52 INFO]   ★ New best val mIoU: 0.7128
[08:39:10 INFO] Epoch 16/50  iter 50/743  loss=0.2552  lr=4.19e-05
[08:39:26 INFO] Epoch 16/50  iter 100/743  loss=0.1952  lr=4.18e-05
[08:39:42 INFO] Epoch 16/50  iter 150/743  loss=0.1953  lr=4.18e-05
[08:39:58 INFO] Epoch 16/50  iter 200/743  loss=0.3316  lr=4.17e-05
[08:40:15 INFO] Epoch 16/50  iter 250/743  loss=0.1594  lr=4.16e-05
[08:40:31 INFO] Epoch 16/50  iter 300/743  loss=0.1712  lr=4.15e-05
[08:40:47 INFO] Epoch 16/50  iter 350/743  loss=0.2353  lr=4.14e-05
[08:41:03 INFO] Epoch 16/50  iter 400/743  loss=0.2056  lr=4.14e-05
[08:41:19 INFO] Epoch 16/50  iter 450/743  loss=0.2226  lr=4.13e-05
[08:41:35 INFO] Epoch 16/50  iter 500/743  loss=0.3055  lr=4.12e-05
[08:41:52 INFO] Epoch 16/50  iter 550/743  loss=0.2299  lr=4.11e-05
[08:42:08 INFO] Epoch 16/50  iter 600/743  loss=0.1409  lr=4.10e-05
[08:42:24 INFO] Epoch 16/50  iter 650/743  loss=0.1288  lr=4.09e-05
[08:42:40 INFO] Epoch 16/50  iter 700/743  loss=0.1506  lr=4.09e-05
[08:42:54 INFO] Epoch 16 complete — avg_loss=0.2300  time=241s
[08:43:12 INFO] Epoch 17/50  iter 50/743  loss=0.0992  lr=4.07e-05
[08:43:28 INFO] Epoch 17/50  iter 100/743  loss=0.1616  lr=4.06e-05
[08:43:45 INFO] Epoch 17/50  iter 150/743  loss=0.2150  lr=4.06e-05
[08:44:01 INFO] Epoch 17/50  iter 200/743  loss=0.3610  lr=4.05e-05
[08:44:16 INFO] Epoch 17/50  iter 250/743  loss=0.3116  lr=4.04e-05
[08:44:33 INFO] Epoch 17/50  iter 300/743  loss=0.1929  lr=4.03e-05
[08:44:49 INFO] Epoch 17/50  iter 350/743  loss=0.1442  lr=4.02e-05
[08:45:05 INFO] Epoch 17/50  iter 400/743  loss=0.0864  lr=4.02e-05
[08:45:21 INFO] Epoch 17/50  iter 450/743  loss=0.3666  lr=4.01e-05
[08:45:37 INFO] Epoch 17/50  iter 500/743  loss=0.1717  lr=4.00e-05
[08:45:53 INFO] Epoch 17/50  iter 550/743  loss=0.1064  lr=3.99e-05
[08:46:09 INFO] Epoch 17/50  iter 600/743  loss=0.1608  lr=3.98e-05
[08:46:26 INFO] Epoch 17/50  iter 650/743  loss=0.1096  lr=3.97e-05
[08:46:42 INFO] Epoch 17/50  iter 700/743  loss=0.2609  lr=3.97e-05
[08:46:56 INFO] Epoch 17 complete — avg_loss=0.2353  time=241s
[08:47:14 INFO] Epoch 18/50  iter 50/743  loss=0.1043  lr=3.95e-05
[08:47:30 INFO] Epoch 18/50  iter 100/743  loss=0.0981  lr=3.94e-05
[08:47:46 INFO] Epoch 18/50  iter 150/743  loss=0.0427  lr=3.94e-05
[08:48:02 INFO] Epoch 18/50  iter 200/743  loss=0.1196  lr=3.93e-05
[08:48:18 INFO] Epoch 18/50  iter 250/743  loss=0.1631  lr=3.92e-05
[08:48:35 INFO] Epoch 18/50  iter 300/743  loss=0.2429  lr=3.91e-05
[08:48:51 INFO] Epoch 18/50  iter 350/743  loss=0.3021  lr=3.90e-05
[08:49:08 INFO] Epoch 18/50  iter 400/743  loss=0.3157  lr=3.90e-05
[08:49:24 INFO] Epoch 18/50  iter 450/743  loss=0.1904  lr=3.89e-05
[08:49:40 INFO] Epoch 18/50  iter 500/743  loss=0.0781  lr=3.88e-05
[08:49:56 INFO] Epoch 18/50  iter 550/743  loss=0.2919  lr=3.87e-05
[08:50:12 INFO] Epoch 18/50  iter 600/743  loss=0.4644  lr=3.86e-05
[08:50:28 INFO] Epoch 18/50  iter 650/743  loss=0.1402  lr=3.85e-05
[08:50:45 INFO] Epoch 18/50  iter 700/743  loss=0.1861  lr=3.85e-05
[08:50:58 INFO] Epoch 18 complete — avg_loss=0.2257  time=242s
[08:51:16 INFO] Epoch 19/50  iter 50/743  loss=0.3875  lr=3.83e-05
[08:51:33 INFO] Epoch 19/50  iter 100/743  loss=0.1770  lr=3.82e-05
[08:51:49 INFO] Epoch 19/50  iter 150/743  loss=0.1504  lr=3.82e-05
[08:52:05 INFO] Epoch 19/50  iter 200/743  loss=0.2991  lr=3.81e-05
[08:52:21 INFO] Epoch 19/50  iter 250/743  loss=0.2431  lr=3.80e-05
[08:52:37 INFO] Epoch 19/50  iter 300/743  loss=0.1261  lr=3.79e-05
[08:52:53 INFO] Epoch 19/50  iter 350/743  loss=0.2314  lr=3.78e-05
[08:53:10 INFO] Epoch 19/50  iter 400/743  loss=0.2989  lr=3.78e-05
[08:53:26 INFO] Epoch 19/50  iter 450/743  loss=0.2002  lr=3.77e-05
[08:53:42 INFO] Epoch 19/50  iter 500/743  loss=0.2597  lr=3.76e-05
[08:53:59 INFO] Epoch 19/50  iter 550/743  loss=0.3094  lr=3.75e-05
[08:54:15 INFO] Epoch 19/50  iter 600/743  loss=0.2118  lr=3.74e-05
[08:54:31 INFO] Epoch 19/50  iter 650/743  loss=0.2878  lr=3.73e-05
[08:54:47 INFO] Epoch 19/50  iter 700/743  loss=0.8330  lr=3.73e-05
[08:55:01 INFO] Epoch 19 complete — avg_loss=0.2206  time=242s
[08:55:20 INFO] Epoch 20/50  iter 50/743  loss=0.4743  lr=3.71e-05
[08:55:37 INFO] Epoch 20/50  iter 100/743  loss=0.1521  lr=3.70e-05
[08:55:53 INFO] Epoch 20/50  iter 150/743  loss=0.1272  lr=3.70e-05
[08:56:09 INFO] Epoch 20/50  iter 200/743  loss=0.1337  lr=3.69e-05
[08:56:25 INFO] Epoch 20/50  iter 250/743  loss=0.1135  lr=3.68e-05
[08:56:41 INFO] Epoch 20/50  iter 300/743  loss=0.5897  lr=3.67e-05
[08:56:58 INFO] Epoch 20/50  iter 350/743  loss=0.3378  lr=3.66e-05
[08:57:14 INFO] Epoch 20/50  iter 400/743  loss=0.0833  lr=3.66e-05
[08:57:30 INFO] Epoch 20/50  iter 450/743  loss=0.3035  lr=3.65e-05
[08:57:46 INFO] Epoch 20/50  iter 500/743  loss=0.2629  lr=3.64e-05
[08:58:02 INFO] Epoch 20/50  iter 550/743  loss=0.1469  lr=3.63e-05
[08:58:18 INFO] Epoch 20/50  iter 600/743  loss=0.0526  lr=3.62e-05
[08:58:35 INFO] Epoch 20/50  iter 650/743  loss=0.2872  lr=3.61e-05
[08:58:51 INFO] Epoch 20/50  iter 700/743  loss=0.0880  lr=3.61e-05
[08:59:05 INFO] Epoch 20 complete — avg_loss=0.2133  time=243s
[09:01:24 INFO]   val mIoU = 0.7344
[09:01:25 INFO]   ★ New best val mIoU: 0.7344
[09:01:43 INFO] Epoch 21/50  iter 50/743  loss=0.0918  lr=3.59e-05
[09:02:00 INFO] Epoch 21/50  iter 100/743  loss=0.2448  lr=3.58e-05
[09:02:16 INFO] Epoch 21/50  iter 150/743  loss=0.2316  lr=3.58e-05
[09:02:32 INFO] Epoch 21/50  iter 200/743  loss=0.0821  lr=3.57e-05
[09:02:48 INFO] Epoch 21/50  iter 250/743  loss=0.5063  lr=3.56e-05
[09:03:04 INFO] Epoch 21/50  iter 300/743  loss=0.3224  lr=3.55e-05
[09:03:20 INFO] Epoch 21/50  iter 350/743  loss=0.1430  lr=3.54e-05
[09:03:36 INFO] Epoch 21/50  iter 400/743  loss=0.3665  lr=3.54e-05
[09:03:53 INFO] Epoch 21/50  iter 450/743  loss=0.2126  lr=3.53e-05
[09:04:09 INFO] Epoch 21/50  iter 500/743  loss=0.1814  lr=3.52e-05
[09:04:25 INFO] Epoch 21/50  iter 550/743  loss=0.1344  lr=3.51e-05
[09:04:41 INFO] Epoch 21/50  iter 600/743  loss=0.1884  lr=3.50e-05
[09:04:57 INFO] Epoch 21/50  iter 650/743  loss=0.4217  lr=3.49e-05
[09:05:13 INFO] Epoch 21/50  iter 700/743  loss=0.1399  lr=3.49e-05
[09:05:27 INFO] Epoch 21 complete — avg_loss=0.2112  time=241s
[09:05:46 INFO] Epoch 22/50  iter 50/743  loss=0.1513  lr=3.47e-05
[09:06:02 INFO] Epoch 22/50  iter 100/743  loss=0.1521  lr=3.46e-05
[09:06:18 INFO] Epoch 22/50  iter 150/743  loss=0.1747  lr=3.46e-05
[09:06:34 INFO] Epoch 22/50  iter 200/743  loss=0.1980  lr=3.45e-05
[09:06:50 INFO] Epoch 22/50  iter 250/743  loss=0.1016  lr=3.44e-05
[09:07:06 INFO] Epoch 22/50  iter 300/743  loss=0.3652  lr=3.43e-05
[09:07:23 INFO] Epoch 22/50  iter 350/743  loss=0.4380  lr=3.42e-05
[09:07:39 INFO] Epoch 22/50  iter 400/743  loss=0.1236  lr=3.42e-05
[09:07:55 INFO] Epoch 22/50  iter 450/743  loss=0.2850  lr=3.41e-05
[09:08:11 INFO] Epoch 22/50  iter 500/743  loss=0.1244  lr=3.40e-05
[09:08:27 INFO] Epoch 22/50  iter 550/743  loss=0.2840  lr=3.39e-05
[09:08:43 INFO] Epoch 22/50  iter 600/743  loss=0.1918  lr=3.38e-05
[09:08:59 INFO] Epoch 22/50  iter 650/743  loss=0.2260  lr=3.37e-05
[09:09:16 INFO] Epoch 22/50  iter 700/743  loss=0.3217  lr=3.37e-05
[09:09:29 INFO] Epoch 22 complete — avg_loss=0.2156  time=241s
[09:09:47 INFO] Epoch 23/50  iter 50/743  loss=0.0973  lr=3.35e-05
[09:10:03 INFO] Epoch 23/50  iter 100/743  loss=0.1378  lr=3.34e-05
[09:10:19 INFO] Epoch 23/50  iter 150/743  loss=0.1790  lr=3.34e-05
[09:10:35 INFO] Epoch 23/50  iter 200/743  loss=0.0722  lr=3.33e-05
[09:10:52 INFO] Epoch 23/50  iter 250/743  loss=0.4490  lr=3.32e-05
[09:11:08 INFO] Epoch 23/50  iter 300/743  loss=0.1032  lr=3.31e-05
[09:11:24 INFO] Epoch 23/50  iter 350/743  loss=0.1094  lr=3.30e-05
[09:11:40 INFO] Epoch 23/50  iter 400/743  loss=0.1382  lr=3.30e-05
[09:11:56 INFO] Epoch 23/50  iter 450/743  loss=0.1290  lr=3.29e-05
[09:12:13 INFO] Epoch 23/50  iter 500/743  loss=0.1928  lr=3.28e-05
[09:12:29 INFO] Epoch 23/50  iter 550/743  loss=0.2493  lr=3.27e-05
[09:12:45 INFO] Epoch 23/50  iter 600/743  loss=0.1393  lr=3.26e-05
[09:13:01 INFO] Epoch 23/50  iter 650/743  loss=0.1131  lr=3.25e-05
[09:13:17 INFO] Epoch 23/50  iter 700/743  loss=0.1295  lr=3.25e-05
[09:13:31 INFO] Epoch 23 complete — avg_loss=0.2023  time=241s
[09:13:49 INFO] Epoch 24/50  iter 50/743  loss=0.1871  lr=3.23e-05
[09:14:05 INFO] Epoch 24/50  iter 100/743  loss=0.3178  lr=3.22e-05
[09:14:22 INFO] Epoch 24/50  iter 150/743  loss=0.1321  lr=3.22e-05
[09:14:37 INFO] Epoch 24/50  iter 200/743  loss=0.2540  lr=3.21e-05
[09:14:54 INFO] Epoch 24/50  iter 250/743  loss=0.1237  lr=3.20e-05
[09:15:10 INFO] Epoch 24/50  iter 300/743  loss=0.0999  lr=3.19e-05
[09:15:26 INFO] Epoch 24/50  iter 350/743  loss=0.1347  lr=3.18e-05
[09:15:42 INFO] Epoch 24/50  iter 400/743  loss=0.3631  lr=3.18e-05
[09:15:59 INFO] Epoch 24/50  iter 450/743  loss=0.3300  lr=3.17e-05
[09:16:14 INFO] Epoch 24/50  iter 500/743  loss=0.1188  lr=3.16e-05
[09:16:31 INFO] Epoch 24/50  iter 550/743  loss=1.0943  lr=3.15e-05
[09:16:47 INFO] Epoch 24/50  iter 600/743  loss=0.7112  lr=3.14e-05
[09:17:03 INFO] Epoch 24/50  iter 650/743  loss=0.1342  lr=3.13e-05
[09:17:19 INFO] Epoch 24/50  iter 700/743  loss=0.2230  lr=3.13e-05
[09:17:33 INFO] Epoch 24 complete — avg_loss=0.2109  time=242s
[09:17:51 INFO] Epoch 25/50  iter 50/743  loss=0.1064  lr=3.11e-05
[09:18:07 INFO] Epoch 25/50  iter 100/743  loss=0.1093  lr=3.10e-05
[09:18:24 INFO] Epoch 25/50  iter 150/743  loss=0.2675  lr=3.10e-05
[09:18:40 INFO] Epoch 25/50  iter 200/743  loss=0.1505  lr=3.09e-05
[09:18:56 INFO] Epoch 25/50  iter 250/743  loss=0.1425  lr=3.08e-05
[09:19:12 INFO] Epoch 25/50  iter 300/743  loss=0.1062  lr=3.07e-05
[09:19:28 INFO] Epoch 25/50  iter 350/743  loss=0.2557  lr=3.06e-05
[09:19:45 INFO] Epoch 25/50  iter 400/743  loss=0.1655  lr=3.06e-05
[09:20:01 INFO] Epoch 25/50  iter 450/743  loss=0.2625  lr=3.05e-05
[09:20:17 INFO] Epoch 25/50  iter 500/743  loss=0.0967  lr=3.04e-05
[09:20:33 INFO] Epoch 25/50  iter 550/743  loss=0.1033  lr=3.03e-05
[09:20:49 INFO] Epoch 25/50  iter 600/743  loss=0.2324  lr=3.02e-05
[09:21:06 INFO] Epoch 25/50  iter 650/743  loss=0.1030  lr=3.01e-05
[09:21:21 INFO] Epoch 25/50  iter 700/743  loss=0.6049  lr=3.01e-05
[09:21:35 INFO] Epoch 25 complete — avg_loss=0.2041  time=241s
[09:23:58 INFO]   val mIoU = 0.7437
[09:23:59 INFO]   ★ New best val mIoU: 0.7437
[09:24:17 INFO] Epoch 26/50  iter 50/743  loss=0.1422  lr=2.99e-05
[09:24:33 INFO] Epoch 26/50  iter 100/743  loss=0.1214  lr=2.98e-05
[09:24:49 INFO] Epoch 26/50  iter 150/743  loss=0.2429  lr=2.98e-05
[09:25:05 INFO] Epoch 26/50  iter 200/743  loss=0.1102  lr=2.97e-05
[09:25:22 INFO] Epoch 26/50  iter 250/743  loss=0.2297  lr=2.96e-05
[09:25:38 INFO] Epoch 26/50  iter 300/743  loss=0.2037  lr=2.95e-05
[09:25:54 INFO] Epoch 26/50  iter 350/743  loss=0.1520  lr=2.94e-05
[09:26:10 INFO] Epoch 26/50  iter 400/743  loss=0.2847  lr=2.94e-05
[09:26:26 INFO] Epoch 26/50  iter 450/743  loss=0.1929  lr=2.93e-05
[09:26:43 INFO] Epoch 26/50  iter 500/743  loss=0.2068  lr=2.92e-05
[09:26:59 INFO] Epoch 26/50  iter 550/743  loss=0.1771  lr=2.91e-05
[09:27:15 INFO] Epoch 26/50  iter 600/743  loss=0.3465  lr=2.90e-05
[09:27:32 INFO] Epoch 26/50  iter 650/743  loss=0.2208  lr=2.89e-05
[09:27:48 INFO] Epoch 26/50  iter 700/743  loss=0.4906  lr=2.89e-05
[09:28:02 INFO] Epoch 26 complete — avg_loss=0.1946  time=242s
[09:28:21 INFO] Epoch 27/50  iter 50/743  loss=0.1091  lr=2.87e-05
[09:28:37 INFO] Epoch 27/50  iter 100/743  loss=0.1689  lr=2.86e-05
[09:28:53 INFO] Epoch 27/50  iter 150/743  loss=0.1690  lr=2.86e-05
[09:29:09 INFO] Epoch 27/50  iter 200/743  loss=0.2625  lr=2.85e-05
[09:29:26 INFO] Epoch 27/50  iter 250/743  loss=0.1317  lr=2.84e-05
[09:29:42 INFO] Epoch 27/50  iter 300/743  loss=0.1353  lr=2.83e-05
[09:29:58 INFO] Epoch 27/50  iter 350/743  loss=0.0932  lr=2.82e-05
[09:30:14 INFO] Epoch 27/50  iter 400/743  loss=0.1313  lr=2.82e-05
[09:30:30 INFO] Epoch 27/50  iter 450/743  loss=0.1008  lr=2.81e-05
[09:30:47 INFO] Epoch 27/50  iter 500/743  loss=0.2321  lr=2.80e-05
[09:31:03 INFO] Epoch 27/50  iter 550/743  loss=0.1255  lr=2.79e-05
[09:31:19 INFO] Epoch 27/50  iter 600/743  loss=0.0965  lr=2.78e-05
[09:31:35 INFO] Epoch 27/50  iter 650/743  loss=0.1311  lr=2.77e-05
[09:31:51 INFO] Epoch 27/50  iter 700/743  loss=0.1331  lr=2.77e-05
[09:32:05 INFO] Epoch 27 complete — avg_loss=0.2000  time=243s
[09:32:23 INFO] Epoch 28/50  iter 50/743  loss=0.1980  lr=2.75e-05
[09:32:39 INFO] Epoch 28/50  iter 100/743  loss=0.2200  lr=2.74e-05
[09:32:55 INFO] Epoch 28/50  iter 150/743  loss=0.2165  lr=2.74e-05
[09:33:12 INFO] Epoch 28/50  iter 200/743  loss=0.0879  lr=2.73e-05
[09:33:28 INFO] Epoch 28/50  iter 250/743  loss=0.1530  lr=2.72e-05
[09:33:44 INFO] Epoch 28/50  iter 300/743  loss=0.3477  lr=2.71e-05
[09:34:00 INFO] Epoch 28/50  iter 350/743  loss=0.1647  lr=2.70e-05
[09:34:17 INFO] Epoch 28/50  iter 400/743  loss=0.2928  lr=2.70e-05
[09:34:32 INFO] Epoch 28/50  iter 450/743  loss=0.2569  lr=2.69e-05
[09:34:49 INFO] Epoch 28/50  iter 500/743  loss=0.1112  lr=2.68e-05
[09:35:05 INFO] Epoch 28/50  iter 550/743  loss=0.1652  lr=2.67e-05
[09:35:21 INFO] Epoch 28/50  iter 600/743  loss=0.1167  lr=2.66e-05
[09:35:37 INFO] Epoch 28/50  iter 650/743  loss=0.0705  lr=2.65e-05
[09:35:53 INFO] Epoch 28/50  iter 700/743  loss=0.3427  lr=2.65e-05
[09:36:07 INFO] Epoch 28 complete — avg_loss=0.1872  time=242s
[09:36:27 INFO] Epoch 29/50  iter 50/743  loss=0.1009  lr=2.63e-05
[09:36:43 INFO] Epoch 29/50  iter 100/743  loss=0.1810  lr=2.62e-05
[09:36:59 INFO] Epoch 29/50  iter 150/743  loss=0.0778  lr=2.62e-05
[09:37:15 INFO] Epoch 29/50  iter 200/743  loss=0.1330  lr=2.61e-05
[09:37:32 INFO] Epoch 29/50  iter 250/743  loss=0.1449  lr=2.60e-05
[09:37:47 INFO] Epoch 29/50  iter 300/743  loss=0.1288  lr=2.59e-05
[09:38:04 INFO] Epoch 29/50  iter 350/743  loss=0.2951  lr=2.58e-05
[09:38:20 INFO] Epoch 29/50  iter 400/743  loss=0.1318  lr=2.58e-05
[09:38:36 INFO] Epoch 29/50  iter 450/743  loss=0.3056  lr=2.57e-05
[09:38:52 INFO] Epoch 29/50  iter 500/743  loss=0.1529  lr=2.56e-05
[09:39:08 INFO] Epoch 29/50  iter 550/743  loss=0.1235  lr=2.55e-05
[09:39:25 INFO] Epoch 29/50  iter 600/743  loss=0.1752  lr=2.54e-05
[09:39:40 INFO] Epoch 29/50  iter 650/743  loss=0.0858  lr=2.53e-05
[09:39:57 INFO] Epoch 29/50  iter 700/743  loss=0.1154  lr=2.53e-05
[09:40:11 INFO] Epoch 29 complete — avg_loss=0.1956  time=243s
[09:40:29 INFO] Epoch 30/50  iter 50/743  loss=0.1876  lr=2.51e-05
[09:40:45 INFO] Epoch 30/50  iter 100/743  loss=0.1010  lr=2.50e-05
[09:41:01 INFO] Epoch 30/50  iter 150/743  loss=0.3491  lr=2.50e-05
[09:41:17 INFO] Epoch 30/50  iter 200/743  loss=0.3358  lr=2.49e-05
[09:41:33 INFO] Epoch 30/50  iter 250/743  loss=0.0470  lr=2.48e-05
[09:41:50 INFO] Epoch 30/50  iter 300/743  loss=0.1545  lr=2.47e-05
[09:42:06 INFO] Epoch 30/50  iter 350/743  loss=0.2989  lr=2.46e-05
[09:42:22 INFO] Epoch 30/50  iter 400/743  loss=0.1688  lr=2.46e-05
[09:42:39 INFO] Epoch 30/50  iter 450/743  loss=0.1549  lr=2.45e-05
[09:42:55 INFO] Epoch 30/50  iter 500/743  loss=0.2117  lr=2.44e-05
[09:43:12 INFO] Epoch 30/50  iter 550/743  loss=0.0952  lr=2.43e-05
[09:43:29 INFO] Epoch 30/50  iter 600/743  loss=0.1296  lr=2.42e-05
[09:43:45 INFO] Epoch 30/50  iter 650/743  loss=0.2455  lr=2.41e-05
[09:44:01 INFO] Epoch 30/50  iter 700/743  loss=0.0576  lr=2.41e-05
[09:44:15 INFO] Epoch 30 complete — avg_loss=0.1913  time=244s
[09:46:40 INFO]   val mIoU = 0.7475
[09:46:41 INFO]   ★ New best val mIoU: 0.7475
[09:46:59 INFO] Epoch 31/50  iter 50/743  loss=0.2782  lr=2.39e-05
[09:47:15 INFO] Epoch 31/50  iter 100/743  loss=0.3119  lr=2.38e-05
[09:47:31 INFO] Epoch 31/50  iter 150/743  loss=0.3778  lr=2.38e-05
[09:47:47 INFO] Epoch 31/50  iter 200/743  loss=0.0940  lr=2.37e-05
[09:48:03 INFO] Epoch 31/50  iter 250/743  loss=0.2301  lr=2.36e-05
[09:48:20 INFO] Epoch 31/50  iter 300/743  loss=0.1611  lr=2.35e-05
[09:48:36 INFO] Epoch 31/50  iter 350/743  loss=0.2331  lr=2.34e-05
[09:48:52 INFO] Epoch 31/50  iter 400/743  loss=0.0997  lr=2.34e-05
[09:49:08 INFO] Epoch 31/50  iter 450/743  loss=0.1100  lr=2.33e-05
[09:49:24 INFO] Epoch 31/50  iter 500/743  loss=0.0674  lr=2.32e-05
[09:49:40 INFO] Epoch 31/50  iter 550/743  loss=0.1673  lr=2.31e-05
[09:49:57 INFO] Epoch 31/50  iter 600/743  loss=0.1746  lr=2.30e-05
[09:50:13 INFO] Epoch 31/50  iter 650/743  loss=0.1313  lr=2.29e-05
[09:50:29 INFO] Epoch 31/50  iter 700/743  loss=0.3377  lr=2.29e-05
[09:50:43 INFO] Epoch 31 complete — avg_loss=0.1995  time=241s
[09:51:01 INFO] Epoch 32/50  iter 50/743  loss=0.1517  lr=2.27e-05
[09:51:17 INFO] Epoch 32/50  iter 100/743  loss=0.1672  lr=2.26e-05
[09:51:33 INFO] Epoch 32/50  iter 150/743  loss=0.0982  lr=2.26e-05
[09:51:50 INFO] Epoch 32/50  iter 200/743  loss=0.1893  lr=2.25e-05
[09:52:06 INFO] Epoch 32/50  iter 250/743  loss=0.2334  lr=2.24e-05
[09:52:22 INFO] Epoch 32/50  iter 300/743  loss=0.1033  lr=2.23e-05
[09:52:38 INFO] Epoch 32/50  iter 350/743  loss=0.7314  lr=2.22e-05
[09:52:54 INFO] Epoch 32/50  iter 400/743  loss=0.1099  lr=2.22e-05
[09:53:10 INFO] Epoch 32/50  iter 450/743  loss=0.1051  lr=2.21e-05
[09:53:26 INFO] Epoch 32/50  iter 500/743  loss=0.1870  lr=2.20e-05
[09:53:43 INFO] Epoch 32/50  iter 550/743  loss=0.0555  lr=2.19e-05
[09:53:59 INFO] Epoch 32/50  iter 600/743  loss=0.1543  lr=2.18e-05
[09:54:15 INFO] Epoch 32/50  iter 650/743  loss=0.2345  lr=2.17e-05
[09:54:31 INFO] Epoch 32/50  iter 700/743  loss=0.1567  lr=2.17e-05
[09:54:45 INFO] Epoch 32 complete — avg_loss=0.1814  time=241s
[09:55:03 INFO] Epoch 33/50  iter 50/743  loss=0.2640  lr=2.15e-05
[09:55:20 INFO] Epoch 33/50  iter 100/743  loss=0.2077  lr=2.14e-05
[09:55:36 INFO] Epoch 33/50  iter 150/743  loss=0.1061  lr=2.14e-05
[09:55:52 INFO] Epoch 33/50  iter 200/743  loss=0.1320  lr=2.13e-05
[09:56:08 INFO] Epoch 33/50  iter 250/743  loss=0.1362  lr=2.12e-05
[09:56:24 INFO] Epoch 33/50  iter 300/743  loss=0.1155  lr=2.11e-05
[09:56:40 INFO] Epoch 33/50  iter 350/743  loss=0.1979  lr=2.10e-05
[09:56:56 INFO] Epoch 33/50  iter 400/743  loss=0.3547  lr=2.10e-05
[09:57:13 INFO] Epoch 33/50  iter 450/743  loss=0.1305  lr=2.09e-05
[09:57:29 INFO] Epoch 33/50  iter 500/743  loss=0.0627  lr=2.08e-05
[09:57:45 INFO] Epoch 33/50  iter 550/743  loss=0.1340  lr=2.07e-05
[09:58:01 INFO] Epoch 33/50  iter 600/743  loss=0.1018  lr=2.06e-05
[09:58:18 INFO] Epoch 33/50  iter 650/743  loss=0.1679  lr=2.05e-05
[09:58:34 INFO] Epoch 33/50  iter 700/743  loss=0.1052  lr=2.05e-05
[09:58:48 INFO] Epoch 33 complete — avg_loss=0.1840  time=243s
[09:59:06 INFO] Epoch 34/50  iter 50/743  loss=0.0753  lr=2.03e-05
[09:59:22 INFO] Epoch 34/50  iter 100/743  loss=0.1888  lr=2.02e-05
[09:59:38 INFO] Epoch 34/50  iter 150/743  loss=0.1608  lr=2.02e-05
[09:59:54 INFO] Epoch 34/50  iter 200/743  loss=0.3119  lr=2.01e-05
[10:00:10 INFO] Epoch 34/50  iter 250/743  loss=0.1714  lr=2.00e-05
[10:00:27 INFO] Epoch 34/50  iter 300/743  loss=0.1154  lr=1.99e-05
[10:00:43 INFO] Epoch 34/50  iter 350/743  loss=0.1349  lr=1.98e-05
[10:00:59 INFO] Epoch 34/50  iter 400/743  loss=0.3135  lr=1.98e-05
[10:01:15 INFO] Epoch 34/50  iter 450/743  loss=0.1301  lr=1.97e-05
[10:01:31 INFO] Epoch 34/50  iter 500/743  loss=0.1011  lr=1.96e-05
[10:01:48 INFO] Epoch 34/50  iter 550/743  loss=0.1037  lr=1.95e-05
[10:02:04 INFO] Epoch 34/50  iter 600/743  loss=0.1162  lr=1.94e-05
[10:02:20 INFO] Epoch 34/50  iter 650/743  loss=0.1230  lr=1.93e-05
[10:02:36 INFO] Epoch 34/50  iter 700/743  loss=0.1049  lr=1.93e-05
[10:02:51 INFO] Epoch 34 complete — avg_loss=0.1873  time=243s
[10:03:09 INFO] Epoch 35/50  iter 50/743  loss=0.1916  lr=1.91e-05
[10:03:25 INFO] Epoch 35/50  iter 100/743  loss=0.2526  lr=1.90e-05
[10:03:41 INFO] Epoch 35/50  iter 150/743  loss=0.2010  lr=1.90e-05
[10:03:57 INFO] Epoch 35/50  iter 200/743  loss=0.1379  lr=1.89e-05
[10:04:13 INFO] Epoch 35/50  iter 250/743  loss=0.1606  lr=1.88e-05
[10:04:30 INFO] Epoch 35/50  iter 300/743  loss=0.1033  lr=1.87e-05
[10:04:46 INFO] Epoch 35/50  iter 350/743  loss=0.3240  lr=1.86e-05
[10:05:02 INFO] Epoch 35/50  iter 400/743  loss=0.1898  lr=1.86e-05
[10:05:18 INFO] Epoch 35/50  iter 450/743  loss=0.7168  lr=1.85e-05
[10:05:35 INFO] Epoch 35/50  iter 500/743  loss=0.1496  lr=1.84e-05
[10:05:51 INFO] Epoch 35/50  iter 550/743  loss=0.1196  lr=1.83e-05
[10:06:07 INFO] Epoch 35/50  iter 600/743  loss=0.0883  lr=1.82e-05
[10:06:23 INFO] Epoch 35/50  iter 650/743  loss=0.2538  lr=1.81e-05
[10:06:39 INFO] Epoch 35/50  iter 700/743  loss=0.1346  lr=1.81e-05
[10:06:53 INFO] Epoch 35 complete — avg_loss=0.1867  time=241s
[10:09:18 INFO]   val mIoU = 0.7551
[10:09:19 INFO]   ★ New best val mIoU: 0.7551
[10:09:38 INFO] Epoch 36/50  iter 50/743  loss=0.0912  lr=1.79e-05
[10:09:54 INFO] Epoch 36/50  iter 100/743  loss=0.3196  lr=1.78e-05
[10:10:10 INFO] Epoch 36/50  iter 150/743  loss=0.0928  lr=1.78e-05
[10:10:26 INFO] Epoch 36/50  iter 200/743  loss=0.1551  lr=1.77e-05
[10:10:44 INFO] Epoch 36/50  iter 250/743  loss=0.1463  lr=1.76e-05
[10:11:00 INFO] Epoch 36/50  iter 300/743  loss=0.1723  lr=1.75e-05
[10:11:16 INFO] Epoch 36/50  iter 350/743  loss=0.0767  lr=1.74e-05
[10:11:32 INFO] Epoch 36/50  iter 400/743  loss=0.1589  lr=1.74e-05
[10:11:49 INFO] Epoch 36/50  iter 450/743  loss=0.1288  lr=1.73e-05
[10:12:09 INFO] Epoch 36/50  iter 500/743  loss=0.0801  lr=1.72e-05
[10:12:25 INFO] Epoch 36/50  iter 550/743  loss=0.2177  lr=1.71e-05
[10:12:41 INFO] Epoch 36/50  iter 600/743  loss=0.1793  lr=1.70e-05
[10:12:57 INFO] Epoch 36/50  iter 650/743  loss=0.1661  lr=1.69e-05
[10:13:13 INFO] Epoch 36/50  iter 700/743  loss=0.1983  lr=1.69e-05
[10:13:27 INFO] Epoch 36 complete — avg_loss=0.1801  time=248s
[10:13:45 INFO] Epoch 37/50  iter 50/743  loss=0.1034  lr=1.67e-05
[10:14:04 INFO] Epoch 37/50  iter 100/743  loss=0.1869  lr=1.66e-05
[10:14:21 INFO] Epoch 37/50  iter 150/743  loss=0.0558  lr=1.66e-05
[10:14:37 INFO] Epoch 37/50  iter 200/743  loss=0.1690  lr=1.65e-05
[10:14:53 INFO] Epoch 37/50  iter 250/743  loss=0.1106  lr=1.64e-05
[10:15:09 INFO] Epoch 37/50  iter 300/743  loss=0.1327  lr=1.63e-05
[10:15:26 INFO] Epoch 37/50  iter 350/743  loss=0.1484  lr=1.62e-05
[10:15:42 INFO] Epoch 37/50  iter 400/743  loss=0.2851  lr=1.62e-05
[10:15:58 INFO] Epoch 37/50  iter 450/743  loss=0.2130  lr=1.61e-05
[10:16:15 INFO] Epoch 37/50  iter 500/743  loss=0.2550  lr=1.60e-05
[10:16:30 INFO] Epoch 37/50  iter 550/743  loss=0.5454  lr=1.59e-05
[10:16:48 INFO] Epoch 37/50  iter 600/743  loss=0.1437  lr=1.58e-05
[10:17:04 INFO] Epoch 37/50  iter 650/743  loss=0.2049  lr=1.57e-05
[10:17:20 INFO] Epoch 37/50  iter 700/743  loss=0.8309  lr=1.57e-05
[10:17:34 INFO] Epoch 37 complete — avg_loss=0.1841  time=247s
[10:17:53 INFO] Epoch 38/50  iter 50/743  loss=0.1781  lr=1.55e-05
[10:18:09 INFO] Epoch 38/50  iter 100/743  loss=0.1208  lr=1.54e-05
[10:18:25 INFO] Epoch 38/50  iter 150/743  loss=0.2505  lr=1.54e-05
[10:18:41 INFO] Epoch 38/50  iter 200/743  loss=0.1395  lr=1.53e-05
[10:18:57 INFO] Epoch 38/50  iter 250/743  loss=0.0996  lr=1.52e-05
[10:19:14 INFO] Epoch 38/50  iter 300/743  loss=0.1136  lr=1.51e-05
[10:19:30 INFO] Epoch 38/50  iter 350/743  loss=0.1498  lr=1.50e-05
[10:19:46 INFO] Epoch 38/50  iter 400/743  loss=0.0951  lr=1.50e-05
[10:20:02 INFO] Epoch 38/50  iter 450/743  loss=0.1173  lr=1.49e-05
[10:20:18 INFO] Epoch 38/50  iter 500/743  loss=0.1997  lr=1.48e-05
[10:20:34 INFO] Epoch 38/50  iter 550/743  loss=0.1981  lr=1.47e-05
[10:20:51 INFO] Epoch 38/50  iter 600/743  loss=0.0967  lr=1.46e-05
[10:21:07 INFO] Epoch 38/50  iter 650/743  loss=0.2306  lr=1.45e-05
[10:21:23 INFO] Epoch 38/50  iter 700/743  loss=0.2107  lr=1.45e-05
[10:21:37 INFO] Epoch 38 complete — avg_loss=0.1802  time=242s
[10:21:55 INFO] Epoch 39/50  iter 50/743  loss=0.0753  lr=1.43e-05
[10:22:11 INFO] Epoch 39/50  iter 100/743  loss=0.1431  lr=1.42e-05
[10:22:28 INFO] Epoch 39/50  iter 150/743  loss=0.1570  lr=1.42e-05
[10:22:44 INFO] Epoch 39/50  iter 200/743  loss=0.2693  lr=1.41e-05
[10:23:00 INFO] Epoch 39/50  iter 250/743  loss=0.1563  lr=1.40e-05
[10:23:16 INFO] Epoch 39/50  iter 300/743  loss=0.3595  lr=1.39e-05
[10:23:32 INFO] Epoch 39/50  iter 350/743  loss=0.3067  lr=1.38e-05
[10:23:48 INFO] Epoch 39/50  iter 400/743  loss=0.1089  lr=1.38e-05
[10:24:05 INFO] Epoch 39/50  iter 450/743  loss=0.1568  lr=1.37e-05
[10:24:22 INFO] Epoch 39/50  iter 500/743  loss=0.2075  lr=1.36e-05
[10:24:38 INFO] Epoch 39/50  iter 550/743  loss=0.3635  lr=1.35e-05
[10:24:54 INFO] Epoch 39/50  iter 600/743  loss=0.2157  lr=1.34e-05
[10:25:10 INFO] Epoch 39/50  iter 650/743  loss=0.2404  lr=1.33e-05
[10:25:26 INFO] Epoch 39/50  iter 700/743  loss=0.1110  lr=1.33e-05
[10:25:40 INFO] Epoch 39 complete — avg_loss=0.1837  time=243s
[10:25:59 INFO] Epoch 40/50  iter 50/743  loss=0.0780  lr=1.31e-05
[10:26:15 INFO] Epoch 40/50  iter 100/743  loss=0.3297  lr=1.30e-05
[10:26:35 INFO] Epoch 40/50  iter 150/743  loss=0.3322  lr=1.30e-05
[10:26:51 INFO] Epoch 40/50  iter 200/743  loss=0.1909  lr=1.29e-05
[10:27:07 INFO] Epoch 40/50  iter 250/743  loss=0.1084  lr=1.28e-05
[10:27:24 INFO] Epoch 40/50  iter 300/743  loss=0.1163  lr=1.27e-05
[10:27:41 INFO] Epoch 40/50  iter 350/743  loss=0.2372  lr=1.26e-05
[10:27:57 INFO] Epoch 40/50  iter 400/743  loss=0.1517  lr=1.26e-05
[10:28:13 INFO] Epoch 40/50  iter 450/743  loss=0.1317  lr=1.25e-05
[10:28:29 INFO] Epoch 40/50  iter 500/743  loss=0.3730  lr=1.24e-05
[10:28:45 INFO] Epoch 40/50  iter 550/743  loss=0.2808  lr=1.23e-05
[10:29:01 INFO] Epoch 40/50  iter 600/743  loss=0.2924  lr=1.22e-05
[10:29:18 INFO] Epoch 40/50  iter 650/743  loss=0.5444  lr=1.21e-05
[10:29:34 INFO] Epoch 40/50  iter 700/743  loss=0.1083  lr=1.21e-05
[10:29:48 INFO] Epoch 40 complete — avg_loss=0.1840  time=247s
[10:32:10 INFO]   val mIoU = 0.7662
[10:32:11 INFO]   ★ New best val mIoU: 0.7662
[10:32:30 INFO] Epoch 41/50  iter 50/743  loss=0.1855  lr=1.19e-05
[10:32:45 INFO] Epoch 41/50  iter 100/743  loss=0.2058  lr=1.18e-05
[10:33:01 INFO] Epoch 41/50  iter 150/743  loss=0.0988  lr=1.18e-05
[10:33:17 INFO] Epoch 41/50  iter 200/743  loss=0.0838  lr=1.17e-05
[10:33:33 INFO] Epoch 41/50  iter 250/743  loss=0.0768  lr=1.16e-05
[10:33:49 INFO] Epoch 41/50  iter 300/743  loss=0.2217  lr=1.15e-05
[10:34:06 INFO] Epoch 41/50  iter 350/743  loss=0.2315  lr=1.14e-05
[10:34:22 INFO] Epoch 41/50  iter 400/743  loss=0.1845  lr=1.14e-05
[10:34:39 INFO] Epoch 41/50  iter 450/743  loss=0.1391  lr=1.13e-05
[10:34:55 INFO] Epoch 41/50  iter 500/743  loss=0.1056  lr=1.12e-05
[10:35:11 INFO] Epoch 41/50  iter 550/743  loss=0.1244  lr=1.11e-05
[10:35:27 INFO] Epoch 41/50  iter 600/743  loss=0.1071  lr=1.10e-05
[10:35:44 INFO] Epoch 41/50  iter 650/743  loss=0.1503  lr=1.09e-05
[10:36:00 INFO] Epoch 41/50  iter 700/743  loss=0.3577  lr=1.09e-05
[10:36:13 INFO] Epoch 41 complete — avg_loss=0.1720  time=241s
[10:36:31 INFO] Epoch 42/50  iter 50/743  loss=0.0920  lr=1.07e-05
[10:36:47 INFO] Epoch 42/50  iter 100/743  loss=0.1525  lr=1.06e-05
[10:37:03 INFO] Epoch 42/50  iter 150/743  loss=0.1969  lr=1.06e-05
[10:37:19 INFO] Epoch 42/50  iter 200/743  loss=0.1314  lr=1.05e-05
[10:37:35 INFO] Epoch 42/50  iter 250/743  loss=0.0610  lr=1.04e-05
[10:37:51 INFO] Epoch 42/50  iter 300/743  loss=0.1146  lr=1.03e-05
[10:38:07 INFO] Epoch 42/50  iter 350/743  loss=0.0384  lr=1.02e-05
[10:38:23 INFO] Epoch 42/50  iter 400/743  loss=0.0927  lr=1.02e-05
[10:38:39 INFO] Epoch 42/50  iter 450/743  loss=0.2480  lr=1.01e-05
[10:38:55 INFO] Epoch 42/50  iter 500/743  loss=0.0883  lr=9.99e-06
[10:39:11 INFO] Epoch 42/50  iter 550/743  loss=0.0827  lr=9.91e-06
[10:39:27 INFO] Epoch 42/50  iter 600/743  loss=0.2142  lr=9.83e-06
[10:39:43 INFO] Epoch 42/50  iter 650/743  loss=0.2827  lr=9.75e-06
[10:39:59 INFO] Epoch 42/50  iter 700/743  loss=0.0742  lr=9.67e-06
[10:40:12 INFO] Epoch 42 complete — avg_loss=0.1681  time=238s
[10:40:30 INFO] Epoch 43/50  iter 50/743  loss=0.1823  lr=9.52e-06
[10:40:46 INFO] Epoch 43/50  iter 100/743  loss=0.2186  lr=9.44e-06
[10:41:02 INFO] Epoch 43/50  iter 150/743  loss=0.1585  lr=9.36e-06
[10:41:19 INFO] Epoch 43/50  iter 200/743  loss=0.2011  lr=9.28e-06
[10:41:35 INFO] Epoch 43/50  iter 250/743  loss=0.1138  lr=9.19e-06
[10:41:51 INFO] Epoch 43/50  iter 300/743  loss=0.1395  lr=9.11e-06
[10:42:07 INFO] Epoch 43/50  iter 350/743  loss=0.1230  lr=9.03e-06
[10:42:23 INFO] Epoch 43/50  iter 400/743  loss=0.1988  lr=8.95e-06
[10:42:39 INFO] Epoch 43/50  iter 450/743  loss=0.0397  lr=8.87e-06
[10:42:55 INFO] Epoch 43/50  iter 500/743  loss=0.1179  lr=8.79e-06
[10:43:11 INFO] Epoch 43/50  iter 550/743  loss=0.1324  lr=8.71e-06
[10:43:27 INFO] Epoch 43/50  iter 600/743  loss=0.0730  lr=8.63e-06
[10:43:43 INFO] Epoch 43/50  iter 650/743  loss=0.2465  lr=8.55e-06
[10:43:59 INFO] Epoch 43/50  iter 700/743  loss=0.4323  lr=8.47e-06
[10:44:13 INFO] Epoch 43 complete — avg_loss=0.1698  time=240s
[10:44:31 INFO] Epoch 44/50  iter 50/743  loss=0.1058  lr=8.32e-06
[10:44:47 INFO] Epoch 44/50  iter 100/743  loss=0.1489  lr=8.24e-06
[10:45:03 INFO] Epoch 44/50  iter 150/743  loss=0.2231  lr=8.16e-06
[10:45:18 INFO] Epoch 44/50  iter 200/743  loss=0.1210  lr=8.08e-06
[10:45:34 INFO] Epoch 44/50  iter 250/743  loss=0.2051  lr=7.99e-06
[10:45:50 INFO] Epoch 44/50  iter 300/743  loss=0.1109  lr=7.91e-06
[10:46:06 INFO] Epoch 44/50  iter 350/743  loss=0.4280  lr=7.83e-06
[10:46:22 INFO] Epoch 44/50  iter 400/743  loss=0.1583  lr=7.75e-06
[10:46:38 INFO] Epoch 44/50  iter 450/743  loss=0.1333  lr=7.67e-06
[10:46:54 INFO] Epoch 44/50  iter 500/743  loss=0.1399  lr=7.59e-06
[10:47:09 INFO] Epoch 44/50  iter 550/743  loss=0.1006  lr=7.51e-06
[10:47:25 INFO] Epoch 44/50  iter 600/743  loss=0.2046  lr=7.43e-06
[10:47:41 INFO] Epoch 44/50  iter 650/743  loss=0.2345  lr=7.35e-06
[10:47:57 INFO] Epoch 44/50  iter 700/743  loss=0.1304  lr=7.27e-06
[10:48:11 INFO] Epoch 44 complete — avg_loss=0.1653  time=237s
[10:48:28 INFO] Epoch 45/50  iter 50/743  loss=0.2614  lr=7.12e-06
[10:48:44 INFO] Epoch 45/50  iter 100/743  loss=0.1031  lr=7.04e-06
[10:48:59 INFO] Epoch 45/50  iter 150/743  loss=0.2576  lr=6.96e-06
[10:49:15 INFO] Epoch 45/50  iter 200/743  loss=0.0825  lr=6.88e-06
[10:49:31 INFO] Epoch 45/50  iter 250/743  loss=0.1730  lr=6.79e-06
[10:49:47 INFO] Epoch 45/50  iter 300/743  loss=0.2010  lr=6.71e-06
[10:50:03 INFO] Epoch 45/50  iter 350/743  loss=0.0784  lr=6.63e-06
[10:50:19 INFO] Epoch 45/50  iter 400/743  loss=0.0762  lr=6.55e-06
[10:50:35 INFO] Epoch 45/50  iter 450/743  loss=0.1158  lr=6.47e-06
[10:50:50 INFO] Epoch 45/50  iter 500/743  loss=0.1063  lr=6.39e-06
[10:51:06 INFO] Epoch 45/50  iter 550/743  loss=0.1931  lr=6.31e-06
[10:51:22 INFO] Epoch 45/50  iter 600/743  loss=0.1192  lr=6.23e-06
[10:51:38 INFO] Epoch 45/50  iter 650/743  loss=0.0380  lr=6.15e-06
[10:51:54 INFO] Epoch 45/50  iter 700/743  loss=0.0417  lr=6.07e-06
[10:52:07 INFO] Epoch 45 complete — avg_loss=0.1709  time=236s
[10:54:33 INFO]   val mIoU = 0.7677
[10:54:34 INFO]   ★ New best val mIoU: 0.7677
[10:54:52 INFO] Epoch 46/50  iter 50/743  loss=0.1664  lr=5.92e-06
[10:55:07 INFO] Epoch 46/50  iter 100/743  loss=0.2518  lr=5.84e-06
[10:55:23 INFO] Epoch 46/50  iter 150/743  loss=0.1947  lr=5.76e-06
[10:55:39 INFO] Epoch 46/50  iter 200/743  loss=0.2981  lr=5.68e-06
[10:55:55 INFO] Epoch 46/50  iter 250/743  loss=0.3608  lr=5.59e-06
[10:56:11 INFO] Epoch 46/50  iter 300/743  loss=0.1763  lr=5.51e-06
[10:56:27 INFO] Epoch 46/50  iter 350/743  loss=0.2499  lr=5.43e-06
[10:56:43 INFO] Epoch 46/50  iter 400/743  loss=0.3516  lr=5.35e-06
[10:56:59 INFO] Epoch 46/50  iter 450/743  loss=0.1112  lr=5.27e-06
[10:57:15 INFO] Epoch 46/50  iter 500/743  loss=0.1054  lr=5.19e-06
[10:57:31 INFO] Epoch 46/50  iter 550/743  loss=0.1163  lr=5.11e-06
[10:57:48 INFO] Epoch 46/50  iter 600/743  loss=0.0704  lr=5.03e-06
[10:58:04 INFO] Epoch 46/50  iter 650/743  loss=0.1502  lr=4.95e-06
[10:58:20 INFO] Epoch 46/50  iter 700/743  loss=0.1322  lr=4.87e-06
[10:58:33 INFO] Epoch 46 complete — avg_loss=0.1628  time=239s
[10:58:50 INFO] Epoch 47/50  iter 50/743  loss=0.1879  lr=4.72e-06
[10:59:06 INFO] Epoch 47/50  iter 100/743  loss=0.1033  lr=4.64e-06
[10:59:22 INFO] Epoch 47/50  iter 150/743  loss=0.2161  lr=4.56e-06
[10:59:38 INFO] Epoch 47/50  iter 200/743  loss=0.1359  lr=4.48e-06
[10:59:54 INFO] Epoch 47/50  iter 250/743  loss=0.1533  lr=4.39e-06
[11:00:10 INFO] Epoch 47/50  iter 300/743  loss=0.0715  lr=4.31e-06
[11:00:26 INFO] Epoch 47/50  iter 350/743  loss=0.1485  lr=4.23e-06
[11:00:41 INFO] Epoch 47/50  iter 400/743  loss=0.0737  lr=4.15e-06
[11:00:57 INFO] Epoch 47/50  iter 450/743  loss=0.1212  lr=4.07e-06
[11:01:13 INFO] Epoch 47/50  iter 500/743  loss=0.1914  lr=3.99e-06
[11:01:29 INFO] Epoch 47/50  iter 550/743  loss=0.3168  lr=3.91e-06
[11:01:45 INFO] Epoch 47/50  iter 600/743  loss=0.1134  lr=3.83e-06
[11:02:00 INFO] Epoch 47/50  iter 650/743  loss=0.2024  lr=3.75e-06
[11:02:16 INFO] Epoch 47/50  iter 700/743  loss=0.2938  lr=3.67e-06
[11:02:30 INFO] Epoch 47 complete — avg_loss=0.1639  time=236s
[11:02:47 INFO] Epoch 48/50  iter 50/743  loss=0.1855  lr=3.52e-06
[11:03:03 INFO] Epoch 48/50  iter 100/743  loss=0.1365  lr=3.44e-06
[11:03:19 INFO] Epoch 48/50  iter 150/743  loss=0.1046  lr=3.36e-06
[11:03:35 INFO] Epoch 48/50  iter 200/743  loss=0.3122  lr=3.28e-06
[11:03:51 INFO] Epoch 48/50  iter 250/743  loss=0.2716  lr=3.19e-06
[11:04:07 INFO] Epoch 48/50  iter 300/743  loss=0.1041  lr=3.11e-06
[11:04:23 INFO] Epoch 48/50  iter 350/743  loss=0.1236  lr=3.03e-06
[11:04:39 INFO] Epoch 48/50  iter 400/743  loss=0.1897  lr=2.95e-06
[11:04:55 INFO] Epoch 48/50  iter 450/743  loss=0.2585  lr=2.87e-06
[11:05:11 INFO] Epoch 48/50  iter 500/743  loss=0.0929  lr=2.79e-06
[11:05:27 INFO] Epoch 48/50  iter 550/743  loss=0.1279  lr=2.71e-06
[11:05:43 INFO] Epoch 48/50  iter 600/743  loss=0.1151  lr=2.63e-06
[11:05:59 INFO] Epoch 48/50  iter 650/743  loss=0.1692  lr=2.55e-06
[11:06:16 INFO] Epoch 48/50  iter 700/743  loss=0.1419  lr=2.47e-06
[11:06:29 INFO] Epoch 48 complete — avg_loss=0.1674  time=239s
[11:06:49 INFO] Epoch 49/50  iter 50/743  loss=0.2209  lr=2.32e-06
[11:07:05 INFO] Epoch 49/50  iter 100/743  loss=0.1999  lr=2.24e-06
[11:07:21 INFO] Epoch 49/50  iter 150/743  loss=0.0836  lr=2.16e-06
[11:07:37 INFO] Epoch 49/50  iter 200/743  loss=0.1518  lr=2.08e-06
[11:07:53 INFO] Epoch 49/50  iter 250/743  loss=0.1589  lr=1.99e-06
[11:08:10 INFO] Epoch 49/50  iter 300/743  loss=0.0460  lr=1.91e-06
[11:08:26 INFO] Epoch 49/50  iter 350/743  loss=0.2564  lr=1.83e-06
[11:08:42 INFO] Epoch 49/50  iter 400/743  loss=0.1178  lr=1.75e-06
[11:08:58 INFO] Epoch 49/50  iter 450/743  loss=0.2439  lr=1.67e-06
[11:09:14 INFO] Epoch 49/50  iter 500/743  loss=0.0928  lr=1.59e-06
[11:09:30 INFO] Epoch 49/50  iter 550/743  loss=0.2982  lr=1.51e-06
[11:09:46 INFO] Epoch 49/50  iter 600/743  loss=0.1582  lr=1.43e-06
[11:10:02 INFO] Epoch 49/50  iter 650/743  loss=0.1631  lr=1.35e-06
[11:10:18 INFO] Epoch 49/50  iter 700/743  loss=0.2349  lr=1.27e-06
[11:10:32 INFO] Epoch 49 complete — avg_loss=0.1600  time=242s
[11:10:50 INFO] Epoch 50/50  iter 50/743  loss=0.1215  lr=1.12e-06
[11:11:07 INFO] Epoch 50/50  iter 100/743  loss=0.1445  lr=1.04e-06
[11:11:22 INFO] Epoch 50/50  iter 150/743  loss=0.1545  lr=9.56e-07
[11:11:39 INFO] Epoch 50/50  iter 200/743  loss=0.3010  lr=8.75e-07
[11:11:54 INFO] Epoch 50/50  iter 250/743  loss=0.1721  lr=7.95e-07
[11:12:10 INFO] Epoch 50/50  iter 300/743  loss=0.1085  lr=7.14e-07
[11:12:27 INFO] Epoch 50/50  iter 350/743  loss=0.2289  lr=6.33e-07
[11:12:43 INFO] Epoch 50/50  iter 400/743  loss=0.0536  lr=5.52e-07
[11:12:59 INFO] Epoch 50/50  iter 450/743  loss=0.3056  lr=4.72e-07
[11:13:15 INFO] Epoch 50/50  iter 500/743  loss=0.1220  lr=3.91e-07
[11:13:31 INFO] Epoch 50/50  iter 550/743  loss=0.3305  lr=3.10e-07
[11:13:47 INFO] Epoch 50/50  iter 600/743  loss=0.2709  lr=2.29e-07
[11:14:03 INFO] Epoch 50/50  iter 650/743  loss=0.1726  lr=1.49e-07
[11:14:19 INFO] Epoch 50/50  iter 700/743  loss=0.1005  lr=6.78e-08
[11:14:33 INFO] Epoch 50 complete — avg_loss=0.1649  time=241s
[11:16:58 INFO]   val mIoU = 0.7671
[11:16:58 INFO] Training complete. Best val mIoU = 0.7677
