[01:24:33 INFO] Device: cuda
[01:24:35 INFO] Using fog cache: data/fog_cache/nn_depth_base_b0005
[01:24:35 INFO] fog_prob: 0.3
[01:24:37 INFO] Train: 2975 samples  |  Val: 500 samples
[01:24:54 INFO] Epoch 1/50  iter 50/743  loss=0.9968  lr=5.99e-05
[01:25:10 INFO] Epoch 1/50  iter 100/743  loss=1.6057  lr=5.98e-05
[01:25:25 INFO] Epoch 1/50  iter 150/743  loss=0.5186  lr=5.98e-05
[01:25:41 INFO] Epoch 1/50  iter 200/743  loss=0.9029  lr=5.97e-05
[01:25:57 INFO] Epoch 1/50  iter 250/743  loss=0.6646  lr=5.96e-05
[01:26:11 INFO] Epoch 1/50  iter 300/743  loss=0.4618  lr=5.95e-05
[01:26:25 INFO] Epoch 1/50  iter 350/743  loss=0.4563  lr=5.94e-05
[01:26:39 INFO] Epoch 1/50  iter 400/743  loss=0.4915  lr=5.94e-05
[01:26:55 INFO] Epoch 1/50  iter 450/743  loss=0.2602  lr=5.93e-05
[01:27:11 INFO] Epoch 1/50  iter 500/743  loss=0.5244  lr=5.92e-05
[01:27:25 INFO] Epoch 1/50  iter 550/743  loss=0.4296  lr=5.91e-05
[01:27:39 INFO] Epoch 1/50  iter 600/743  loss=0.4399  lr=5.90e-05
[01:27:55 INFO] Epoch 1/50  iter 650/743  loss=0.2242  lr=5.89e-05
[01:28:09 INFO] Epoch 1/50  iter 700/743  loss=0.9730  lr=5.89e-05
[01:28:22 INFO] Epoch 1 complete — avg_loss=0.6992  time=225s
[01:28:38 INFO] Epoch 2/50  iter 50/743  loss=0.3556  lr=5.87e-05
[01:28:52 INFO] Epoch 2/50  iter 100/743  loss=0.3438  lr=5.86e-05
[01:29:07 INFO] Epoch 2/50  iter 150/743  loss=0.4015  lr=5.86e-05
[01:29:23 INFO] Epoch 2/50  iter 200/743  loss=0.4731  lr=5.85e-05
[01:29:38 INFO] Epoch 2/50  iter 250/743  loss=0.5508  lr=5.84e-05
[01:29:51 INFO] Epoch 2/50  iter 300/743  loss=0.2670  lr=5.83e-05
[01:30:06 INFO] Epoch 2/50  iter 350/743  loss=0.3058  lr=5.82e-05
[01:30:22 INFO] Epoch 2/50  iter 400/743  loss=0.1122  lr=5.82e-05
[01:30:37 INFO] Epoch 2/50  iter 450/743  loss=0.4657  lr=5.81e-05
[01:30:54 INFO] Epoch 2/50  iter 500/743  loss=0.2443  lr=5.80e-05
[01:31:08 INFO] Epoch 2/50  iter 550/743  loss=0.9670  lr=5.79e-05
[01:31:22 INFO] Epoch 2/50  iter 600/743  loss=0.3363  lr=5.78e-05
[01:31:40 INFO] Epoch 2/50  iter 650/743  loss=0.2606  lr=5.77e-05
[01:31:55 INFO] Epoch 2/50  iter 700/743  loss=0.3669  lr=5.77e-05
[01:32:08 INFO] Epoch 2 complete — avg_loss=0.3839  time=226s
[01:32:24 INFO] Epoch 3/50  iter 50/743  loss=0.2254  lr=5.75e-05
[01:32:39 INFO] Epoch 3/50  iter 100/743  loss=0.3941  lr=5.74e-05
[01:32:55 INFO] Epoch 3/50  iter 150/743  loss=0.9048  lr=5.74e-05
[01:33:14 INFO] Epoch 3/50  iter 200/743  loss=0.1684  lr=5.73e-05
[01:33:27 INFO] Epoch 3/50  iter 250/743  loss=0.4287  lr=5.72e-05
[01:33:42 INFO] Epoch 3/50  iter 300/743  loss=0.3891  lr=5.71e-05
[01:33:58 INFO] Epoch 3/50  iter 350/743  loss=0.3372  lr=5.70e-05
[01:34:13 INFO] Epoch 3/50  iter 400/743  loss=0.3486  lr=5.70e-05
[01:34:28 INFO] Epoch 3/50  iter 450/743  loss=0.6246  lr=5.69e-05
[01:34:43 INFO] Epoch 3/50  iter 500/743  loss=0.2763  lr=5.68e-05
[01:35:00 INFO] Epoch 3/50  iter 550/743  loss=0.3115  lr=5.67e-05
[01:35:15 INFO] Epoch 3/50  iter 600/743  loss=0.2235  lr=5.66e-05
[01:35:31 INFO] Epoch 3/50  iter 650/743  loss=0.4746  lr=5.65e-05
[01:35:45 INFO] Epoch 3/50  iter 700/743  loss=0.4136  lr=5.65e-05
[01:35:59 INFO] Epoch 3 complete — avg_loss=0.3327  time=231s
[01:36:16 INFO] Epoch 4/50  iter 50/743  loss=0.2078  lr=5.63e-05
[01:36:30 INFO] Epoch 4/50  iter 100/743  loss=0.4783  lr=5.62e-05
[01:36:46 INFO] Epoch 4/50  iter 150/743  loss=0.5792  lr=5.62e-05
[01:37:02 INFO] Epoch 4/50  iter 200/743  loss=0.2131  lr=5.61e-05
[01:37:19 INFO] Epoch 4/50  iter 250/743  loss=0.3240  lr=5.60e-05
[01:37:33 INFO] Epoch 4/50  iter 300/743  loss=0.2531  lr=5.59e-05
[01:37:48 INFO] Epoch 4/50  iter 350/743  loss=0.2885  lr=5.58e-05
[01:38:06 INFO] Epoch 4/50  iter 400/743  loss=0.2103  lr=5.58e-05
[01:38:22 INFO] Epoch 4/50  iter 450/743  loss=0.4009  lr=5.57e-05
[01:38:38 INFO] Epoch 4/50  iter 500/743  loss=0.1182  lr=5.56e-05
[01:38:54 INFO] Epoch 4/50  iter 550/743  loss=0.2217  lr=5.55e-05
[01:39:10 INFO] Epoch 4/50  iter 600/743  loss=0.2803  lr=5.54e-05
[01:39:25 INFO] Epoch 4/50  iter 650/743  loss=0.2622  lr=5.53e-05
[01:39:43 INFO] Epoch 4/50  iter 700/743  loss=0.1845  lr=5.53e-05
[01:39:55 INFO] Epoch 4 complete — avg_loss=0.2933  time=236s
[01:40:12 INFO] Epoch 5/50  iter 50/743  loss=0.1891  lr=5.51e-05
[01:40:29 INFO] Epoch 5/50  iter 100/743  loss=0.5635  lr=5.50e-05
[01:40:43 INFO] Epoch 5/50  iter 150/743  loss=0.5661  lr=5.50e-05
[01:40:58 INFO] Epoch 5/50  iter 200/743  loss=0.1665  lr=5.49e-05
[01:41:13 INFO] Epoch 5/50  iter 250/743  loss=0.1092  lr=5.48e-05
[01:41:27 INFO] Epoch 5/50  iter 300/743  loss=0.2680  lr=5.47e-05
[01:41:44 INFO] Epoch 5/50  iter 350/743  loss=0.1489  lr=5.46e-05
[01:41:58 INFO] Epoch 5/50  iter 400/743  loss=0.3657  lr=5.46e-05
[01:42:12 INFO] Epoch 5/50  iter 450/743  loss=0.1398  lr=5.45e-05
[01:42:27 INFO] Epoch 5/50  iter 500/743  loss=0.2943  lr=5.44e-05
[01:42:43 INFO] Epoch 5/50  iter 550/743  loss=0.1231  lr=5.43e-05
[01:42:57 INFO] Epoch 5/50  iter 600/743  loss=0.2559  lr=5.42e-05
[01:43:13 INFO] Epoch 5/50  iter 650/743  loss=0.2442  lr=5.41e-05
[01:43:29 INFO] Epoch 5/50  iter 700/743  loss=0.2776  lr=5.41e-05
[01:43:42 INFO] Epoch 5 complete — avg_loss=0.2817  time=226s
[01:45:43 INFO]   val mIoU = 0.6185
[01:45:44 INFO]   ★ New best val mIoU: 0.6185
[01:46:02 INFO] Epoch 6/50  iter 50/743  loss=0.3198  lr=5.39e-05
[01:46:18 INFO] Epoch 6/50  iter 100/743  loss=0.1884  lr=5.38e-05
[01:46:34 INFO] Epoch 6/50  iter 150/743  loss=0.3758  lr=5.38e-05
[01:46:52 INFO] Epoch 6/50  iter 200/743  loss=0.1807  lr=5.37e-05
[01:47:08 INFO] Epoch 6/50  iter 250/743  loss=0.1852  lr=5.36e-05
[01:47:23 INFO] Epoch 6/50  iter 300/743  loss=0.4708  lr=5.35e-05
[01:47:41 INFO] Epoch 6/50  iter 350/743  loss=0.1576  lr=5.34e-05
[01:47:57 INFO] Epoch 6/50  iter 400/743  loss=0.3067  lr=5.34e-05
[01:48:11 INFO] Epoch 6/50  iter 450/743  loss=0.2914  lr=5.33e-05
[01:48:28 INFO] Epoch 6/50  iter 500/743  loss=1.1758  lr=5.32e-05
[01:48:44 INFO] Epoch 6/50  iter 550/743  loss=0.1999  lr=5.31e-05
[01:48:58 INFO] Epoch 6/50  iter 600/743  loss=0.3375  lr=5.30e-05
[01:49:14 INFO] Epoch 6/50  iter 650/743  loss=0.2516  lr=5.29e-05
[01:49:29 INFO] Epoch 6/50  iter 700/743  loss=0.3611  lr=5.29e-05
[01:49:42 INFO] Epoch 6 complete — avg_loss=0.2554  time=238s
[01:50:00 INFO] Epoch 7/50  iter 50/743  loss=0.2183  lr=5.27e-05
[01:50:13 INFO] Epoch 7/50  iter 100/743  loss=0.0753  lr=5.26e-05
[01:50:28 INFO] Epoch 7/50  iter 150/743  loss=0.2438  lr=5.26e-05
[01:50:42 INFO] Epoch 7/50  iter 200/743  loss=0.3540  lr=5.25e-05
[01:50:57 INFO] Epoch 7/50  iter 250/743  loss=0.2324  lr=5.24e-05
[01:51:11 INFO] Epoch 7/50  iter 300/743  loss=0.2079  lr=5.23e-05
[01:51:26 INFO] Epoch 7/50  iter 350/743  loss=0.2587  lr=5.22e-05
[01:51:43 INFO] Epoch 7/50  iter 400/743  loss=0.1105  lr=5.22e-05
[01:51:57 INFO] Epoch 7/50  iter 450/743  loss=0.4351  lr=5.21e-05
[01:52:13 INFO] Epoch 7/50  iter 500/743  loss=0.1400  lr=5.20e-05
[01:52:28 INFO] Epoch 7/50  iter 550/743  loss=0.1404  lr=5.19e-05
[01:52:43 INFO] Epoch 7/50  iter 600/743  loss=0.5481  lr=5.18e-05
[01:52:58 INFO] Epoch 7/50  iter 650/743  loss=0.1463  lr=5.17e-05
[01:53:13 INFO] Epoch 7/50  iter 700/743  loss=0.1496  lr=5.17e-05
[01:53:25 INFO] Epoch 7 complete — avg_loss=0.2388  time=223s
[01:53:45 INFO] Epoch 8/50  iter 50/743  loss=0.0966  lr=5.15e-05
[01:53:58 INFO] Epoch 8/50  iter 100/743  loss=0.1862  lr=5.14e-05
[01:54:17 INFO] Epoch 8/50  iter 150/743  loss=0.2148  lr=5.14e-05
[01:54:33 INFO] Epoch 8/50  iter 200/743  loss=0.1014  lr=5.13e-05
[01:54:48 INFO] Epoch 8/50  iter 250/743  loss=0.2370  lr=5.12e-05
[01:55:02 INFO] Epoch 8/50  iter 300/743  loss=0.2205  lr=5.11e-05
[01:55:17 INFO] Epoch 8/50  iter 350/743  loss=0.1561  lr=5.10e-05
[01:55:31 INFO] Epoch 8/50  iter 400/743  loss=0.4081  lr=5.10e-05
[01:55:45 INFO] Epoch 8/50  iter 450/743  loss=0.1671  lr=5.09e-05
[01:56:00 INFO] Epoch 8/50  iter 500/743  loss=0.1632  lr=5.08e-05
[01:56:15 INFO] Epoch 8/50  iter 550/743  loss=0.2634  lr=5.07e-05
[01:56:32 INFO] Epoch 8/50  iter 600/743  loss=0.1219  lr=5.06e-05
[01:56:47 INFO] Epoch 8/50  iter 650/743  loss=0.3291  lr=5.05e-05
[01:57:02 INFO] Epoch 8/50  iter 700/743  loss=0.2393  lr=5.05e-05
[01:57:16 INFO] Epoch 8 complete — avg_loss=0.2325  time=230s
[01:57:34 INFO] Epoch 9/50  iter 50/743  loss=0.2135  lr=5.03e-05
[01:57:49 INFO] Epoch 9/50  iter 100/743  loss=0.1474  lr=5.02e-05
[01:58:05 INFO] Epoch 9/50  iter 150/743  loss=0.2273  lr=5.02e-05
[01:58:19 INFO] Epoch 9/50  iter 200/743  loss=0.2724  lr=5.01e-05
[01:58:37 INFO] Epoch 9/50  iter 250/743  loss=0.1533  lr=5.00e-05
[01:58:52 INFO] Epoch 9/50  iter 300/743  loss=0.1151  lr=4.99e-05
[01:59:10 INFO] Epoch 9/50  iter 350/743  loss=0.1897  lr=4.98e-05
[01:59:25 INFO] Epoch 9/50  iter 400/743  loss=0.1773  lr=4.98e-05
[01:59:41 INFO] Epoch 9/50  iter 450/743  loss=0.2450  lr=4.97e-05
[01:59:55 INFO] Epoch 9/50  iter 500/743  loss=0.2203  lr=4.96e-05
[02:00:12 INFO] Epoch 9/50  iter 550/743  loss=0.1827  lr=4.95e-05
[02:00:25 INFO] Epoch 9/50  iter 600/743  loss=0.6979  lr=4.94e-05
[02:00:39 INFO] Epoch 9/50  iter 650/743  loss=0.1219  lr=4.93e-05
[02:00:58 INFO] Epoch 9/50  iter 700/743  loss=0.1229  lr=4.93e-05
[02:01:13 INFO] Epoch 9 complete — avg_loss=0.2301  time=236s
[02:01:28 INFO] Epoch 10/50  iter 50/743  loss=0.1398  lr=4.91e-05
[02:01:42 INFO] Epoch 10/50  iter 100/743  loss=0.4045  lr=4.90e-05
[02:01:59 INFO] Epoch 10/50  iter 150/743  loss=0.2518  lr=4.90e-05
[02:02:16 INFO] Epoch 10/50  iter 200/743  loss=0.0585  lr=4.89e-05
[02:02:31 INFO] Epoch 10/50  iter 250/743  loss=0.1546  lr=4.88e-05
[02:02:47 INFO] Epoch 10/50  iter 300/743  loss=0.0767  lr=4.87e-05
[02:03:03 INFO] Epoch 10/50  iter 350/743  loss=0.1963  lr=4.86e-05
[02:03:19 INFO] Epoch 10/50  iter 400/743  loss=0.8607  lr=4.86e-05
[02:03:33 INFO] Epoch 10/50  iter 450/743  loss=0.1373  lr=4.85e-05
[02:03:49 INFO] Epoch 10/50  iter 500/743  loss=0.3333  lr=4.84e-05
[02:04:03 INFO] Epoch 10/50  iter 550/743  loss=0.2649  lr=4.83e-05
[02:04:20 INFO] Epoch 10/50  iter 600/743  loss=0.2652  lr=4.82e-05
[02:04:39 INFO] Epoch 10/50  iter 650/743  loss=0.3650  lr=4.81e-05
[02:04:57 INFO] Epoch 10/50  iter 700/743  loss=0.1727  lr=4.81e-05
[02:05:10 INFO] Epoch 10 complete — avg_loss=0.2285  time=237s
[02:07:12 INFO]   val mIoU = 0.6787
[02:07:13 INFO]   ★ New best val mIoU: 0.6787
[02:07:30 INFO] Epoch 11/50  iter 50/743  loss=0.1618  lr=4.79e-05
[02:07:44 INFO] Epoch 11/50  iter 100/743  loss=0.0889  lr=4.78e-05
[02:08:00 INFO] Epoch 11/50  iter 150/743  loss=0.1150  lr=4.78e-05
[02:08:14 INFO] Epoch 11/50  iter 200/743  loss=0.1687  lr=4.77e-05
[02:08:29 INFO] Epoch 11/50  iter 250/743  loss=0.1543  lr=4.76e-05
[02:08:44 INFO] Epoch 11/50  iter 300/743  loss=0.1322  lr=4.75e-05
[02:08:58 INFO] Epoch 11/50  iter 350/743  loss=0.1607  lr=4.74e-05
[02:09:12 INFO] Epoch 11/50  iter 400/743  loss=0.0852  lr=4.74e-05
[02:09:25 INFO] Epoch 11/50  iter 450/743  loss=0.2008  lr=4.73e-05
[02:09:40 INFO] Epoch 11/50  iter 500/743  loss=0.2253  lr=4.72e-05
[02:09:55 INFO] Epoch 11/50  iter 550/743  loss=0.2201  lr=4.71e-05
[02:10:10 INFO] Epoch 11/50  iter 600/743  loss=0.1019  lr=4.70e-05
[02:10:27 INFO] Epoch 11/50  iter 650/743  loss=0.1676  lr=4.69e-05
[02:10:44 INFO] Epoch 11/50  iter 700/743  loss=0.8358  lr=4.69e-05
[02:10:57 INFO] Epoch 11 complete — avg_loss=0.2119  time=224s
[02:11:15 INFO] Epoch 12/50  iter 50/743  loss=0.1214  lr=4.67e-05
[02:11:28 INFO] Epoch 12/50  iter 100/743  loss=0.2232  lr=4.66e-05
[02:11:42 INFO] Epoch 12/50  iter 150/743  loss=0.2072  lr=4.66e-05
[02:11:56 INFO] Epoch 12/50  iter 200/743  loss=0.1064  lr=4.65e-05
[02:12:13 INFO] Epoch 12/50  iter 250/743  loss=0.2391  lr=4.64e-05
[02:12:27 INFO] Epoch 12/50  iter 300/743  loss=0.1874  lr=4.63e-05
[02:12:42 INFO] Epoch 12/50  iter 350/743  loss=0.6298  lr=4.62e-05
[02:12:57 INFO] Epoch 12/50  iter 400/743  loss=0.0851  lr=4.62e-05
[02:13:11 INFO] Epoch 12/50  iter 450/743  loss=0.1693  lr=4.61e-05
[02:13:26 INFO] Epoch 12/50  iter 500/743  loss=0.2333  lr=4.60e-05
[02:13:41 INFO] Epoch 12/50  iter 550/743  loss=0.0596  lr=4.59e-05
[02:13:58 INFO] Epoch 12/50  iter 600/743  loss=0.2598  lr=4.58e-05
[02:14:16 INFO] Epoch 12/50  iter 650/743  loss=0.1438  lr=4.57e-05
[02:14:30 INFO] Epoch 12/50  iter 700/743  loss=0.1135  lr=4.57e-05
[02:14:42 INFO] Epoch 12 complete — avg_loss=0.2107  time=225s
[02:14:59 INFO] Epoch 13/50  iter 50/743  loss=0.1822  lr=4.55e-05
[02:15:14 INFO] Epoch 13/50  iter 100/743  loss=0.5524  lr=4.54e-05
[02:15:30 INFO] Epoch 13/50  iter 150/743  loss=0.0652  lr=4.54e-05
[02:15:45 INFO] Epoch 13/50  iter 200/743  loss=0.1056  lr=4.53e-05
[02:16:03 INFO] Epoch 13/50  iter 250/743  loss=0.2117  lr=4.52e-05
[02:16:17 INFO] Epoch 13/50  iter 300/743  loss=0.1118  lr=4.51e-05
[02:16:32 INFO] Epoch 13/50  iter 350/743  loss=0.1296  lr=4.50e-05
[02:16:46 INFO] Epoch 13/50  iter 400/743  loss=0.2388  lr=4.50e-05
[02:17:00 INFO] Epoch 13/50  iter 450/743  loss=0.1919  lr=4.49e-05
[02:17:16 INFO] Epoch 13/50  iter 500/743  loss=0.1979  lr=4.48e-05
[02:17:29 INFO] Epoch 13/50  iter 550/743  loss=0.1467  lr=4.47e-05
[02:17:43 INFO] Epoch 13/50  iter 600/743  loss=0.1097  lr=4.46e-05
[02:17:57 INFO] Epoch 13/50  iter 650/743  loss=0.1385  lr=4.45e-05
[02:18:12 INFO] Epoch 13/50  iter 700/743  loss=0.4326  lr=4.45e-05
[02:18:26 INFO] Epoch 13 complete — avg_loss=0.2058  time=224s
[02:18:42 INFO] Epoch 14/50  iter 50/743  loss=0.2601  lr=4.43e-05
[02:18:59 INFO] Epoch 14/50  iter 100/743  loss=0.0994  lr=4.42e-05
[02:19:16 INFO] Epoch 14/50  iter 150/743  loss=0.2256  lr=4.42e-05
[02:19:31 INFO] Epoch 14/50  iter 200/743  loss=0.0996  lr=4.41e-05
[02:19:46 INFO] Epoch 14/50  iter 250/743  loss=0.1518  lr=4.40e-05
[02:20:00 INFO] Epoch 14/50  iter 300/743  loss=0.3044  lr=4.39e-05
[02:20:15 INFO] Epoch 14/50  iter 350/743  loss=0.2111  lr=4.38e-05
[02:20:30 INFO] Epoch 14/50  iter 400/743  loss=0.1474  lr=4.38e-05
[02:20:46 INFO] Epoch 14/50  iter 450/743  loss=0.1137  lr=4.37e-05
[02:20:59 INFO] Epoch 14/50  iter 500/743  loss=0.1562  lr=4.36e-05
[02:21:15 INFO] Epoch 14/50  iter 550/743  loss=0.1841  lr=4.35e-05
[02:21:29 INFO] Epoch 14/50  iter 600/743  loss=0.1199  lr=4.34e-05
[02:21:44 INFO] Epoch 14/50  iter 650/743  loss=0.3215  lr=4.33e-05
[02:22:01 INFO] Epoch 14/50  iter 700/743  loss=0.1465  lr=4.33e-05
[02:22:14 INFO] Epoch 14 complete — avg_loss=0.1918  time=227s
[02:22:31 INFO] Epoch 15/50  iter 50/743  loss=0.1601  lr=4.31e-05
[02:22:46 INFO] Epoch 15/50  iter 100/743  loss=0.1027  lr=4.30e-05
[02:23:01 INFO] Epoch 15/50  iter 150/743  loss=0.1195  lr=4.30e-05
[02:23:16 INFO] Epoch 15/50  iter 200/743  loss=0.2353  lr=4.29e-05
[02:23:32 INFO] Epoch 15/50  iter 250/743  loss=0.0873  lr=4.28e-05
[02:23:46 INFO] Epoch 15/50  iter 300/743  loss=0.0686  lr=4.27e-05
[02:24:00 INFO] Epoch 15/50  iter 350/743  loss=0.1616  lr=4.26e-05
[02:24:16 INFO] Epoch 15/50  iter 400/743  loss=0.1866  lr=4.26e-05
[02:24:31 INFO] Epoch 15/50  iter 450/743  loss=0.1249  lr=4.25e-05
[02:24:45 INFO] Epoch 15/50  iter 500/743  loss=0.1467  lr=4.24e-05
[02:25:00 INFO] Epoch 15/50  iter 550/743  loss=0.1421  lr=4.23e-05
[02:25:14 INFO] Epoch 15/50  iter 600/743  loss=0.1459  lr=4.22e-05
[02:25:29 INFO] Epoch 15/50  iter 650/743  loss=0.0934  lr=4.21e-05
[02:25:44 INFO] Epoch 15/50  iter 700/743  loss=0.2746  lr=4.21e-05
[02:25:57 INFO] Epoch 15 complete — avg_loss=0.1992  time=223s
[02:28:00 INFO]   val mIoU = 0.7147
[02:28:00 INFO]   ★ New best val mIoU: 0.7147
[02:28:16 INFO] Epoch 16/50  iter 50/743  loss=0.1308  lr=4.19e-05
[02:28:31 INFO] Epoch 16/50  iter 100/743  loss=0.1605  lr=4.18e-05
[02:28:45 INFO] Epoch 16/50  iter 150/743  loss=0.0760  lr=4.18e-05
[02:28:59 INFO] Epoch 16/50  iter 200/743  loss=0.2762  lr=4.17e-05
[02:29:16 INFO] Epoch 16/50  iter 250/743  loss=0.4378  lr=4.16e-05
[02:29:31 INFO] Epoch 16/50  iter 300/743  loss=0.0504  lr=4.15e-05
[02:29:45 INFO] Epoch 16/50  iter 350/743  loss=0.3926  lr=4.14e-05
[02:30:00 INFO] Epoch 16/50  iter 400/743  loss=0.0780  lr=4.14e-05
[02:30:15 INFO] Epoch 16/50  iter 450/743  loss=0.3012  lr=4.13e-05
[02:30:29 INFO] Epoch 16/50  iter 500/743  loss=0.1489  lr=4.12e-05
[02:30:44 INFO] Epoch 16/50  iter 550/743  loss=0.2025  lr=4.11e-05
[02:30:59 INFO] Epoch 16/50  iter 600/743  loss=0.0904  lr=4.10e-05
[02:31:15 INFO] Epoch 16/50  iter 650/743  loss=0.1597  lr=4.09e-05
[02:31:28 INFO] Epoch 16/50  iter 700/743  loss=0.0466  lr=4.09e-05
[02:31:41 INFO] Epoch 16 complete — avg_loss=0.1982  time=221s
[02:32:01 INFO] Epoch 17/50  iter 50/743  loss=0.0744  lr=4.07e-05
[02:32:15 INFO] Epoch 17/50  iter 100/743  loss=0.1798  lr=4.06e-05
[02:32:29 INFO] Epoch 17/50  iter 150/743  loss=0.1928  lr=4.06e-05
[02:32:44 INFO] Epoch 17/50  iter 200/743  loss=0.2082  lr=4.05e-05
[02:33:00 INFO] Epoch 17/50  iter 250/743  loss=0.1307  lr=4.04e-05
[02:33:17 INFO] Epoch 17/50  iter 300/743  loss=0.0976  lr=4.03e-05
[02:33:32 INFO] Epoch 17/50  iter 350/743  loss=0.1596  lr=4.02e-05
[02:33:48 INFO] Epoch 17/50  iter 400/743  loss=0.1086  lr=4.02e-05
[02:34:03 INFO] Epoch 17/50  iter 450/743  loss=0.1716  lr=4.01e-05
[02:34:17 INFO] Epoch 17/50  iter 500/743  loss=0.1247  lr=4.00e-05
[02:34:32 INFO] Epoch 17/50  iter 550/743  loss=0.2482  lr=3.99e-05
[02:34:48 INFO] Epoch 17/50  iter 600/743  loss=0.1611  lr=3.98e-05
[02:35:03 INFO] Epoch 17/50  iter 650/743  loss=0.1465  lr=3.97e-05
[02:35:16 INFO] Epoch 17/50  iter 700/743  loss=0.2194  lr=3.97e-05
[02:35:30 INFO] Epoch 17 complete — avg_loss=0.1908  time=228s
[02:35:45 INFO] Epoch 18/50  iter 50/743  loss=0.1478  lr=3.95e-05
[02:36:01 INFO] Epoch 18/50  iter 100/743  loss=0.1531  lr=3.94e-05
[02:36:16 INFO] Epoch 18/50  iter 150/743  loss=0.1645  lr=3.94e-05
[02:36:32 INFO] Epoch 18/50  iter 200/743  loss=0.0648  lr=3.93e-05
[02:36:46 INFO] Epoch 18/50  iter 250/743  loss=0.2000  lr=3.92e-05
[02:37:01 INFO] Epoch 18/50  iter 300/743  loss=0.1077  lr=3.91e-05
[02:37:15 INFO] Epoch 18/50  iter 350/743  loss=0.3175  lr=3.90e-05
[02:37:30 INFO] Epoch 18/50  iter 400/743  loss=0.1594  lr=3.90e-05
[02:37:44 INFO] Epoch 18/50  iter 450/743  loss=0.2288  lr=3.89e-05
[02:38:01 INFO] Epoch 18/50  iter 500/743  loss=0.1054  lr=3.88e-05
[02:38:17 INFO] Epoch 18/50  iter 550/743  loss=0.1408  lr=3.87e-05
[02:38:32 INFO] Epoch 18/50  iter 600/743  loss=0.1208  lr=3.86e-05
[02:38:49 INFO] Epoch 18/50  iter 650/743  loss=0.3097  lr=3.85e-05
[02:39:04 INFO] Epoch 18/50  iter 700/743  loss=0.0996  lr=3.85e-05
[02:39:18 INFO] Epoch 18 complete — avg_loss=0.1906  time=228s
[02:39:34 INFO] Epoch 19/50  iter 50/743  loss=0.3201  lr=3.83e-05
[02:39:49 INFO] Epoch 19/50  iter 100/743  loss=0.2625  lr=3.82e-05
[02:40:05 INFO] Epoch 19/50  iter 150/743  loss=0.1518  lr=3.82e-05
[02:40:19 INFO] Epoch 19/50  iter 200/743  loss=0.0849  lr=3.81e-05
[02:40:36 INFO] Epoch 19/50  iter 250/743  loss=0.2217  lr=3.80e-05
[02:40:51 INFO] Epoch 19/50  iter 300/743  loss=0.1860  lr=3.79e-05
[02:41:07 INFO] Epoch 19/50  iter 350/743  loss=0.1920  lr=3.78e-05
[02:41:23 INFO] Epoch 19/50  iter 400/743  loss=0.4673  lr=3.78e-05
[02:41:40 INFO] Epoch 19/50  iter 450/743  loss=0.0518  lr=3.77e-05
[02:41:54 INFO] Epoch 19/50  iter 500/743  loss=0.2266  lr=3.76e-05
[02:42:09 INFO] Epoch 19/50  iter 550/743  loss=0.1143  lr=3.75e-05
[02:42:25 INFO] Epoch 19/50  iter 600/743  loss=0.2237  lr=3.74e-05
[02:42:42 INFO] Epoch 19/50  iter 650/743  loss=0.1073  lr=3.73e-05
[02:42:58 INFO] Epoch 19/50  iter 700/743  loss=0.1770  lr=3.73e-05
[02:43:11 INFO] Epoch 19 complete — avg_loss=0.1867  time=233s
[02:43:31 INFO] Epoch 20/50  iter 50/743  loss=0.1693  lr=3.71e-05
[02:43:47 INFO] Epoch 20/50  iter 100/743  loss=0.1074  lr=3.70e-05
[02:44:01 INFO] Epoch 20/50  iter 150/743  loss=0.0372  lr=3.70e-05
[02:44:16 INFO] Epoch 20/50  iter 200/743  loss=0.0694  lr=3.69e-05
[02:44:30 INFO] Epoch 20/50  iter 250/743  loss=0.1420  lr=3.68e-05
[02:44:44 INFO] Epoch 20/50  iter 300/743  loss=0.0901  lr=3.67e-05
[02:45:00 INFO] Epoch 20/50  iter 350/743  loss=0.2209  lr=3.66e-05
[02:45:16 INFO] Epoch 20/50  iter 400/743  loss=0.0814  lr=3.66e-05
[02:45:32 INFO] Epoch 20/50  iter 450/743  loss=0.1165  lr=3.65e-05
[02:45:47 INFO] Epoch 20/50  iter 500/743  loss=0.1068  lr=3.64e-05
[02:46:03 INFO] Epoch 20/50  iter 550/743  loss=0.1913  lr=3.63e-05
[02:46:17 INFO] Epoch 20/50  iter 600/743  loss=0.0772  lr=3.62e-05
[02:46:32 INFO] Epoch 20/50  iter 650/743  loss=0.1980  lr=3.61e-05
[02:46:47 INFO] Epoch 20/50  iter 700/743  loss=0.2144  lr=3.61e-05
[02:46:59 INFO] Epoch 20 complete — avg_loss=0.1754  time=227s
[02:48:59 INFO]   val mIoU = 0.7325
[02:49:00 INFO]   ★ New best val mIoU: 0.7325
[02:49:16 INFO] Epoch 21/50  iter 50/743  loss=0.1030  lr=3.59e-05
[02:49:32 INFO] Epoch 21/50  iter 100/743  loss=0.3488  lr=3.58e-05
[02:49:47 INFO] Epoch 21/50  iter 150/743  loss=0.1641  lr=3.58e-05
[02:50:05 INFO] Epoch 21/50  iter 200/743  loss=0.0657  lr=3.57e-05
[02:50:20 INFO] Epoch 21/50  iter 250/743  loss=0.1471  lr=3.56e-05
[02:50:35 INFO] Epoch 21/50  iter 300/743  loss=0.1567  lr=3.55e-05
[02:50:51 INFO] Epoch 21/50  iter 350/743  loss=0.1783  lr=3.54e-05
[02:51:05 INFO] Epoch 21/50  iter 400/743  loss=0.1638  lr=3.54e-05
[02:51:20 INFO] Epoch 21/50  iter 450/743  loss=0.2655  lr=3.53e-05
[02:51:34 INFO] Epoch 21/50  iter 500/743  loss=0.1523  lr=3.52e-05
[02:51:50 INFO] Epoch 21/50  iter 550/743  loss=0.1342  lr=3.51e-05
[02:52:06 INFO] Epoch 21/50  iter 600/743  loss=0.1446  lr=3.50e-05
[02:52:20 INFO] Epoch 21/50  iter 650/743  loss=0.2080  lr=3.49e-05
[02:52:34 INFO] Epoch 21/50  iter 700/743  loss=0.1673  lr=3.49e-05
[02:52:47 INFO] Epoch 21 complete — avg_loss=0.1776  time=226s
[02:53:04 INFO] Epoch 22/50  iter 50/743  loss=0.1334  lr=3.47e-05
[02:53:18 INFO] Epoch 22/50  iter 100/743  loss=0.3178  lr=3.46e-05
[02:53:32 INFO] Epoch 22/50  iter 150/743  loss=0.1583  lr=3.46e-05
[02:53:47 INFO] Epoch 22/50  iter 200/743  loss=0.1347  lr=3.45e-05
[02:54:03 INFO] Epoch 22/50  iter 250/743  loss=0.0798  lr=3.44e-05
[02:54:20 INFO] Epoch 22/50  iter 300/743  loss=0.1433  lr=3.43e-05
[02:54:34 INFO] Epoch 22/50  iter 350/743  loss=0.1377  lr=3.42e-05
[02:54:48 INFO] Epoch 22/50  iter 400/743  loss=0.2065  lr=3.42e-05
[02:55:02 INFO] Epoch 22/50  iter 450/743  loss=0.1621  lr=3.41e-05
[02:55:17 INFO] Epoch 22/50  iter 500/743  loss=0.1732  lr=3.40e-05
[02:55:33 INFO] Epoch 22/50  iter 550/743  loss=0.2379  lr=3.39e-05
[02:55:48 INFO] Epoch 22/50  iter 600/743  loss=0.1059  lr=3.38e-05
[02:56:04 INFO] Epoch 22/50  iter 650/743  loss=0.3121  lr=3.37e-05
[02:56:19 INFO] Epoch 22/50  iter 700/743  loss=0.2021  lr=3.37e-05
[02:56:34 INFO] Epoch 22 complete — avg_loss=0.1797  time=227s
[02:56:50 INFO] Epoch 23/50  iter 50/743  loss=0.0649  lr=3.35e-05
[02:57:05 INFO] Epoch 23/50  iter 100/743  loss=0.4872  lr=3.34e-05
[02:57:21 INFO] Epoch 23/50  iter 150/743  loss=0.1287  lr=3.34e-05
[02:57:36 INFO] Epoch 23/50  iter 200/743  loss=0.0776  lr=3.33e-05
[02:57:52 INFO] Epoch 23/50  iter 250/743  loss=0.1501  lr=3.32e-05
[02:58:06 INFO] Epoch 23/50  iter 300/743  loss=0.3495  lr=3.31e-05
[02:58:21 INFO] Epoch 23/50  iter 350/743  loss=0.2420  lr=3.30e-05
[02:58:36 INFO] Epoch 23/50  iter 400/743  loss=0.1082  lr=3.30e-05
[02:58:52 INFO] Epoch 23/50  iter 450/743  loss=0.1276  lr=3.29e-05
[02:59:08 INFO] Epoch 23/50  iter 500/743  loss=0.1762  lr=3.28e-05
[02:59:23 INFO] Epoch 23/50  iter 550/743  loss=0.3042  lr=3.27e-05
[02:59:36 INFO] Epoch 23/50  iter 600/743  loss=0.1691  lr=3.26e-05
[02:59:51 INFO] Epoch 23/50  iter 650/743  loss=0.0981  lr=3.25e-05
[03:00:07 INFO] Epoch 23/50  iter 700/743  loss=0.1111  lr=3.25e-05
[03:00:20 INFO] Epoch 23 complete — avg_loss=0.1701  time=226s
[03:00:37 INFO] Epoch 24/50  iter 50/743  loss=0.1213  lr=3.23e-05
[03:00:52 INFO] Epoch 24/50  iter 100/743  loss=0.1762  lr=3.22e-05
[03:01:07 INFO] Epoch 24/50  iter 150/743  loss=0.1876  lr=3.22e-05
[03:01:23 INFO] Epoch 24/50  iter 200/743  loss=0.0868  lr=3.21e-05
[03:01:38 INFO] Epoch 24/50  iter 250/743  loss=0.1074  lr=3.20e-05
[03:01:55 INFO] Epoch 24/50  iter 300/743  loss=0.1585  lr=3.19e-05
[03:02:09 INFO] Epoch 24/50  iter 350/743  loss=0.1012  lr=3.18e-05
[03:02:23 INFO] Epoch 24/50  iter 400/743  loss=0.2013  lr=3.18e-05
[03:02:38 INFO] Epoch 24/50  iter 450/743  loss=0.4479  lr=3.17e-05
[03:02:52 INFO] Epoch 24/50  iter 500/743  loss=0.0806  lr=3.16e-05
[03:03:07 INFO] Epoch 24/50  iter 550/743  loss=0.2294  lr=3.15e-05
[03:03:21 INFO] Epoch 24/50  iter 600/743  loss=0.1382  lr=3.14e-05
[03:03:34 INFO] Epoch 24/50  iter 650/743  loss=0.1033  lr=3.13e-05
[03:03:49 INFO] Epoch 24/50  iter 700/743  loss=0.1221  lr=3.13e-05
[03:04:02 INFO] Epoch 24 complete — avg_loss=0.1711  time=222s
[03:04:20 INFO] Epoch 25/50  iter 50/743  loss=0.1406  lr=3.11e-05
[03:04:36 INFO] Epoch 25/50  iter 100/743  loss=0.1184  lr=3.10e-05
[03:04:50 INFO] Epoch 25/50  iter 150/743  loss=0.1724  lr=3.10e-05
[03:05:04 INFO] Epoch 25/50  iter 200/743  loss=0.1733  lr=3.09e-05
[03:05:20 INFO] Epoch 25/50  iter 250/743  loss=0.1286  lr=3.08e-05
[03:05:35 INFO] Epoch 25/50  iter 300/743  loss=0.1426  lr=3.07e-05
[03:05:50 INFO] Epoch 25/50  iter 350/743  loss=0.1358  lr=3.06e-05
[03:06:05 INFO] Epoch 25/50  iter 400/743  loss=0.0609  lr=3.06e-05
[03:06:19 INFO] Epoch 25/50  iter 450/743  loss=0.4730  lr=3.05e-05
[03:06:34 INFO] Epoch 25/50  iter 500/743  loss=0.1278  lr=3.04e-05
[03:06:49 INFO] Epoch 25/50  iter 550/743  loss=0.1028  lr=3.03e-05
[03:07:03 INFO] Epoch 25/50  iter 600/743  loss=0.1731  lr=3.02e-05
[03:07:16 INFO] Epoch 25/50  iter 650/743  loss=0.0738  lr=3.01e-05
[03:07:30 INFO] Epoch 25/50  iter 700/743  loss=0.1682  lr=3.01e-05
[03:07:43 INFO] Epoch 25 complete — avg_loss=0.1630  time=221s
[03:09:47 INFO]   val mIoU = 0.7376
[03:09:47 INFO]   ★ New best val mIoU: 0.7376
[03:10:03 INFO] Epoch 26/50  iter 50/743  loss=0.1932  lr=2.99e-05
[03:10:16 INFO] Epoch 26/50  iter 100/743  loss=0.1187  lr=2.98e-05
[03:10:33 INFO] Epoch 26/50  iter 150/743  loss=0.1494  lr=2.98e-05
[03:10:47 INFO] Epoch 26/50  iter 200/743  loss=0.1885  lr=2.97e-05
[03:11:01 INFO] Epoch 26/50  iter 250/743  loss=0.2331  lr=2.96e-05
[03:11:16 INFO] Epoch 26/50  iter 300/743  loss=0.2096  lr=2.95e-05
[03:11:32 INFO] Epoch 26/50  iter 350/743  loss=0.1142  lr=2.94e-05
[03:11:47 INFO] Epoch 26/50  iter 400/743  loss=0.2395  lr=2.94e-05
[03:12:02 INFO] Epoch 26/50  iter 450/743  loss=0.0293  lr=2.93e-05
[03:12:16 INFO] Epoch 26/50  iter 500/743  loss=0.1600  lr=2.92e-05
[03:12:32 INFO] Epoch 26/50  iter 550/743  loss=0.1810  lr=2.91e-05
[03:12:47 INFO] Epoch 26/50  iter 600/743  loss=0.1999  lr=2.90e-05
[03:13:05 INFO] Epoch 26/50  iter 650/743  loss=0.1516  lr=2.89e-05
[03:13:20 INFO] Epoch 26/50  iter 700/743  loss=0.1601  lr=2.89e-05
[03:13:33 INFO] Epoch 26 complete — avg_loss=0.1694  time=225s
[03:13:50 INFO] Epoch 27/50  iter 50/743  loss=0.0997  lr=2.87e-05
[03:14:05 INFO] Epoch 27/50  iter 100/743  loss=0.1202  lr=2.86e-05
[03:14:20 INFO] Epoch 27/50  iter 150/743  loss=0.1508  lr=2.86e-05
[03:14:35 INFO] Epoch 27/50  iter 200/743  loss=0.1888  lr=2.85e-05
[03:14:49 INFO] Epoch 27/50  iter 250/743  loss=0.1958  lr=2.84e-05
[03:15:03 INFO] Epoch 27/50  iter 300/743  loss=0.1866  lr=2.83e-05
[03:15:18 INFO] Epoch 27/50  iter 350/743  loss=0.1429  lr=2.82e-05
[03:15:36 INFO] Epoch 27/50  iter 400/743  loss=0.1173  lr=2.82e-05
[03:15:51 INFO] Epoch 27/50  iter 450/743  loss=0.0866  lr=2.81e-05
[03:16:06 INFO] Epoch 27/50  iter 500/743  loss=0.1780  lr=2.80e-05
[03:16:23 INFO] Epoch 27/50  iter 550/743  loss=0.1486  lr=2.79e-05
[03:16:42 INFO] Epoch 27/50  iter 600/743  loss=0.1420  lr=2.78e-05
[03:16:57 INFO] Epoch 27/50  iter 650/743  loss=0.1515  lr=2.77e-05
[03:17:13 INFO] Epoch 27/50  iter 700/743  loss=0.1388  lr=2.77e-05
[03:17:26 INFO] Epoch 27 complete — avg_loss=0.1708  time=232s
[03:17:44 INFO] Epoch 28/50  iter 50/743  loss=0.1178  lr=2.75e-05
[03:17:57 INFO] Epoch 28/50  iter 100/743  loss=0.1287  lr=2.74e-05
[03:18:11 INFO] Epoch 28/50  iter 150/743  loss=0.1019  lr=2.74e-05
[03:18:25 INFO] Epoch 28/50  iter 200/743  loss=0.0894  lr=2.73e-05
[03:18:41 INFO] Epoch 28/50  iter 250/743  loss=0.1680  lr=2.72e-05
[03:18:55 INFO] Epoch 28/50  iter 300/743  loss=0.2127  lr=2.71e-05
[03:19:11 INFO] Epoch 28/50  iter 350/743  loss=0.1846  lr=2.70e-05
[03:19:25 INFO] Epoch 28/50  iter 400/743  loss=0.1089  lr=2.70e-05
[03:19:40 INFO] Epoch 28/50  iter 450/743  loss=0.2656  lr=2.69e-05
[03:19:55 INFO] Epoch 28/50  iter 500/743  loss=0.1088  lr=2.68e-05
[03:20:10 INFO] Epoch 28/50  iter 550/743  loss=0.3144  lr=2.67e-05
[03:20:25 INFO] Epoch 28/50  iter 600/743  loss=0.2087  lr=2.66e-05
[03:20:40 INFO] Epoch 28/50  iter 650/743  loss=0.0737  lr=2.65e-05
[03:20:56 INFO] Epoch 28/50  iter 700/743  loss=0.1892  lr=2.65e-05
[03:21:10 INFO] Epoch 28 complete — avg_loss=0.1618  time=224s
[03:21:27 INFO] Epoch 29/50  iter 50/743  loss=0.1020  lr=2.63e-05
[03:21:42 INFO] Epoch 29/50  iter 100/743  loss=0.2666  lr=2.62e-05
[03:21:59 INFO] Epoch 29/50  iter 150/743  loss=0.0964  lr=2.62e-05
[03:22:14 INFO] Epoch 29/50  iter 200/743  loss=0.1932  lr=2.61e-05
[03:22:32 INFO] Epoch 29/50  iter 250/743  loss=0.0925  lr=2.60e-05
[03:22:49 INFO] Epoch 29/50  iter 300/743  loss=0.0861  lr=2.59e-05
[03:23:03 INFO] Epoch 29/50  iter 350/743  loss=0.1365  lr=2.58e-05
[03:23:18 INFO] Epoch 29/50  iter 400/743  loss=0.1157  lr=2.58e-05
[03:23:36 INFO] Epoch 29/50  iter 450/743  loss=0.1722  lr=2.57e-05
[03:23:50 INFO] Epoch 29/50  iter 500/743  loss=0.0785  lr=2.56e-05
[03:24:04 INFO] Epoch 29/50  iter 550/743  loss=0.1344  lr=2.55e-05
[03:24:18 INFO] Epoch 29/50  iter 600/743  loss=0.0603  lr=2.54e-05
[03:24:33 INFO] Epoch 29/50  iter 650/743  loss=0.0388  lr=2.53e-05
[03:24:47 INFO] Epoch 29/50  iter 700/743  loss=0.0708  lr=2.53e-05
[03:25:00 INFO] Epoch 29 complete — avg_loss=0.1602  time=230s
[03:25:18 INFO] Epoch 30/50  iter 50/743  loss=0.1062  lr=2.51e-05
[03:25:34 INFO] Epoch 30/50  iter 100/743  loss=0.1132  lr=2.50e-05
[03:25:49 INFO] Epoch 30/50  iter 150/743  loss=0.1292  lr=2.50e-05
[03:26:05 INFO] Epoch 30/50  iter 200/743  loss=0.1958  lr=2.49e-05
[03:26:20 INFO] Epoch 30/50  iter 250/743  loss=0.1114  lr=2.48e-05
[03:26:35 INFO] Epoch 30/50  iter 300/743  loss=0.1153  lr=2.47e-05
[03:26:50 INFO] Epoch 30/50  iter 350/743  loss=0.0593  lr=2.46e-05
[03:27:08 INFO] Epoch 30/50  iter 400/743  loss=0.1882  lr=2.46e-05
[03:27:23 INFO] Epoch 30/50  iter 450/743  loss=0.1357  lr=2.45e-05
[03:27:38 INFO] Epoch 30/50  iter 500/743  loss=0.1584  lr=2.44e-05
[03:27:54 INFO] Epoch 30/50  iter 550/743  loss=0.1867  lr=2.43e-05
[03:28:12 INFO] Epoch 30/50  iter 600/743  loss=0.2076  lr=2.42e-05
[03:28:29 INFO] Epoch 30/50  iter 650/743  loss=0.2040  lr=2.41e-05
[03:28:43 INFO] Epoch 30/50  iter 700/743  loss=0.0907  lr=2.41e-05
[03:28:56 INFO] Epoch 30 complete — avg_loss=0.1585  time=236s
[03:30:57 INFO]   val mIoU = 0.7475
[03:30:58 INFO]   ★ New best val mIoU: 0.7475
[03:31:15 INFO] Epoch 31/50  iter 50/743  loss=0.2101  lr=2.39e-05
[03:31:30 INFO] Epoch 31/50  iter 100/743  loss=0.1985  lr=2.38e-05
[03:31:44 INFO] Epoch 31/50  iter 150/743  loss=0.3291  lr=2.38e-05
[03:31:59 INFO] Epoch 31/50  iter 200/743  loss=0.0536  lr=2.37e-05
[03:32:13 INFO] Epoch 31/50  iter 250/743  loss=0.0988  lr=2.36e-05
[03:32:31 INFO] Epoch 31/50  iter 300/743  loss=0.3050  lr=2.35e-05
[03:32:45 INFO] Epoch 31/50  iter 350/743  loss=0.1403  lr=2.34e-05
[03:33:01 INFO] Epoch 31/50  iter 400/743  loss=0.1280  lr=2.34e-05
[03:33:16 INFO] Epoch 31/50  iter 450/743  loss=0.0963  lr=2.33e-05
[03:33:30 INFO] Epoch 31/50  iter 500/743  loss=0.1237  lr=2.32e-05
[03:33:44 INFO] Epoch 31/50  iter 550/743  loss=0.1532  lr=2.31e-05
[03:33:59 INFO] Epoch 31/50  iter 600/743  loss=0.1004  lr=2.30e-05
[03:34:12 INFO] Epoch 31/50  iter 650/743  loss=0.1206  lr=2.29e-05
[03:34:27 INFO] Epoch 31/50  iter 700/743  loss=0.1651  lr=2.29e-05
[03:34:41 INFO] Epoch 31 complete — avg_loss=0.1499  time=222s
[03:34:58 INFO] Epoch 32/50  iter 50/743  loss=0.3821  lr=2.27e-05
[03:35:14 INFO] Epoch 32/50  iter 100/743  loss=0.2269  lr=2.26e-05
[03:35:32 INFO] Epoch 32/50  iter 150/743  loss=0.0388  lr=2.26e-05
[03:35:51 INFO] Epoch 32/50  iter 200/743  loss=0.1693  lr=2.25e-05
[03:36:08 INFO] Epoch 32/50  iter 250/743  loss=0.1735  lr=2.24e-05
[03:36:22 INFO] Epoch 32/50  iter 300/743  loss=0.1684  lr=2.23e-05
[03:36:38 INFO] Epoch 32/50  iter 350/743  loss=0.3485  lr=2.22e-05
[03:36:56 INFO] Epoch 32/50  iter 400/743  loss=0.1115  lr=2.22e-05
[03:37:11 INFO] Epoch 32/50  iter 450/743  loss=0.0777  lr=2.21e-05
[03:37:27 INFO] Epoch 32/50  iter 500/743  loss=0.1815  lr=2.20e-05
[03:37:42 INFO] Epoch 32/50  iter 550/743  loss=0.1030  lr=2.19e-05
[03:37:57 INFO] Epoch 32/50  iter 600/743  loss=0.1582  lr=2.18e-05
[03:38:11 INFO] Epoch 32/50  iter 650/743  loss=0.1064  lr=2.17e-05
[03:38:26 INFO] Epoch 32/50  iter 700/743  loss=0.1635  lr=2.17e-05
[03:38:39 INFO] Epoch 32 complete — avg_loss=0.1508  time=238s
[03:38:57 INFO] Epoch 33/50  iter 50/743  loss=0.2955  lr=2.15e-05
[03:39:14 INFO] Epoch 33/50  iter 100/743  loss=0.2410  lr=2.14e-05
[03:39:31 INFO] Epoch 33/50  iter 150/743  loss=0.1741  lr=2.14e-05
[03:39:48 INFO] Epoch 33/50  iter 200/743  loss=0.0524  lr=2.13e-05
[03:40:05 INFO] Epoch 33/50  iter 250/743  loss=0.1197  lr=2.12e-05
[03:40:20 INFO] Epoch 33/50  iter 300/743  loss=0.0944  lr=2.11e-05
[03:40:36 INFO] Epoch 33/50  iter 350/743  loss=1.5687  lr=2.10e-05
[03:40:51 INFO] Epoch 33/50  iter 400/743  loss=0.2334  lr=2.10e-05
[03:41:05 INFO] Epoch 33/50  iter 450/743  loss=0.0765  lr=2.09e-05
[03:41:19 INFO] Epoch 33/50  iter 500/743  loss=0.0275  lr=2.08e-05
[03:41:33 INFO] Epoch 33/50  iter 550/743  loss=0.1032  lr=2.07e-05
[03:41:48 INFO] Epoch 33/50  iter 600/743  loss=0.0897  lr=2.06e-05
[03:42:04 INFO] Epoch 33/50  iter 650/743  loss=0.1392  lr=2.05e-05
[03:42:19 INFO] Epoch 33/50  iter 700/743  loss=0.1245  lr=2.05e-05
[03:42:34 INFO] Epoch 33 complete — avg_loss=0.1518  time=234s
[03:42:50 INFO] Epoch 34/50  iter 50/743  loss=0.1225  lr=2.03e-05
[03:43:05 INFO] Epoch 34/50  iter 100/743  loss=0.1107  lr=2.02e-05
[03:43:20 INFO] Epoch 34/50  iter 150/743  loss=0.2178  lr=2.02e-05
[03:43:35 INFO] Epoch 34/50  iter 200/743  loss=0.1094  lr=2.01e-05
[03:43:51 INFO] Epoch 34/50  iter 250/743  loss=0.0970  lr=2.00e-05
[03:44:05 INFO] Epoch 34/50  iter 300/743  loss=0.1713  lr=1.99e-05
[03:44:21 INFO] Epoch 34/50  iter 350/743  loss=0.1919  lr=1.98e-05
[03:44:38 INFO] Epoch 34/50  iter 400/743  loss=0.1971  lr=1.98e-05
[03:44:53 INFO] Epoch 34/50  iter 450/743  loss=0.2363  lr=1.97e-05
[03:45:08 INFO] Epoch 34/50  iter 500/743  loss=0.0671  lr=1.96e-05
[03:45:24 INFO] Epoch 34/50  iter 550/743  loss=0.1172  lr=1.95e-05
[03:45:38 INFO] Epoch 34/50  iter 600/743  loss=0.6242  lr=1.94e-05
[03:45:54 INFO] Epoch 34/50  iter 650/743  loss=0.1361  lr=1.93e-05
[03:46:14 INFO] Epoch 34/50  iter 700/743  loss=0.0796  lr=1.93e-05
[03:46:26 INFO] Epoch 34 complete — avg_loss=0.1573  time=232s
[03:46:43 INFO] Epoch 35/50  iter 50/743  loss=0.2092  lr=1.91e-05
[03:47:00 INFO] Epoch 35/50  iter 100/743  loss=0.2135  lr=1.90e-05
[03:47:16 INFO] Epoch 35/50  iter 150/743  loss=0.1921  lr=1.90e-05
[03:47:30 INFO] Epoch 35/50  iter 200/743  loss=0.1719  lr=1.89e-05
[03:47:45 INFO] Epoch 35/50  iter 250/743  loss=0.2419  lr=1.88e-05
[03:48:00 INFO] Epoch 35/50  iter 300/743  loss=0.1865  lr=1.87e-05
[03:48:14 INFO] Epoch 35/50  iter 350/743  loss=0.0391  lr=1.86e-05
[03:48:29 INFO] Epoch 35/50  iter 400/743  loss=0.1428  lr=1.86e-05
[03:48:43 INFO] Epoch 35/50  iter 450/743  loss=0.1438  lr=1.85e-05
[03:48:57 INFO] Epoch 35/50  iter 500/743  loss=0.0999  lr=1.84e-05
[03:49:11 INFO] Epoch 35/50  iter 550/743  loss=0.1769  lr=1.83e-05
[03:49:26 INFO] Epoch 35/50  iter 600/743  loss=0.1285  lr=1.82e-05
[03:49:41 INFO] Epoch 35/50  iter 650/743  loss=0.1006  lr=1.81e-05
[03:49:56 INFO] Epoch 35/50  iter 700/743  loss=0.0459  lr=1.81e-05
[03:50:09 INFO] Epoch 35 complete — avg_loss=0.1499  time=222s
[03:52:12 INFO]   val mIoU = 0.7555
[03:52:13 INFO]   ★ New best val mIoU: 0.7555
[03:52:30 INFO] Epoch 36/50  iter 50/743  loss=0.0671  lr=1.79e-05
[03:52:45 INFO] Epoch 36/50  iter 100/743  loss=0.1808  lr=1.78e-05
[03:53:00 INFO] Epoch 36/50  iter 150/743  loss=0.1692  lr=1.78e-05
[03:53:16 INFO] Epoch 36/50  iter 200/743  loss=0.1150  lr=1.77e-05
[03:53:29 INFO] Epoch 36/50  iter 250/743  loss=0.0515  lr=1.76e-05
[03:53:45 INFO] Epoch 36/50  iter 300/743  loss=0.1570  lr=1.75e-05
[03:53:58 INFO] Epoch 36/50  iter 350/743  loss=0.0266  lr=1.74e-05
[03:54:13 INFO] Epoch 36/50  iter 400/743  loss=0.0918  lr=1.74e-05
[03:54:28 INFO] Epoch 36/50  iter 450/743  loss=0.1884  lr=1.73e-05
[03:54:44 INFO] Epoch 36/50  iter 500/743  loss=0.1743  lr=1.72e-05
[03:54:59 INFO] Epoch 36/50  iter 550/743  loss=0.0409  lr=1.71e-05
[03:55:13 INFO] Epoch 36/50  iter 600/743  loss=0.0986  lr=1.70e-05
[03:55:27 INFO] Epoch 36/50  iter 650/743  loss=0.0648  lr=1.69e-05
[03:55:43 INFO] Epoch 36/50  iter 700/743  loss=0.1842  lr=1.69e-05
[03:55:55 INFO] Epoch 36 complete — avg_loss=0.1488  time=222s
[03:56:12 INFO] Epoch 37/50  iter 50/743  loss=0.0771  lr=1.67e-05
[03:56:25 INFO] Epoch 37/50  iter 100/743  loss=0.1082  lr=1.66e-05
[03:56:39 INFO] Epoch 37/50  iter 150/743  loss=0.1422  lr=1.66e-05
[03:56:56 INFO] Epoch 37/50  iter 200/743  loss=0.2181  lr=1.65e-05
[03:57:11 INFO] Epoch 37/50  iter 250/743  loss=0.0767  lr=1.64e-05
[03:57:25 INFO] Epoch 37/50  iter 300/743  loss=0.0925  lr=1.63e-05
[03:57:40 INFO] Epoch 37/50  iter 350/743  loss=0.1384  lr=1.62e-05
[03:57:55 INFO] Epoch 37/50  iter 400/743  loss=0.1401  lr=1.62e-05
[03:58:10 INFO] Epoch 37/50  iter 450/743  loss=0.1183  lr=1.61e-05
[03:58:24 INFO] Epoch 37/50  iter 500/743  loss=0.1646  lr=1.60e-05
[03:58:38 INFO] Epoch 37/50  iter 550/743  loss=0.0672  lr=1.59e-05
[03:58:53 INFO] Epoch 37/50  iter 600/743  loss=0.1250  lr=1.58e-05
[03:59:08 INFO] Epoch 37/50  iter 650/743  loss=0.1175  lr=1.57e-05
[03:59:22 INFO] Epoch 37/50  iter 700/743  loss=0.1725  lr=1.57e-05
[03:59:35 INFO] Epoch 37 complete — avg_loss=0.1454  time=220s
[03:59:52 INFO] Epoch 38/50  iter 50/743  loss=0.1049  lr=1.55e-05
[04:00:06 INFO] Epoch 38/50  iter 100/743  loss=0.1129  lr=1.54e-05
[04:00:20 INFO] Epoch 38/50  iter 150/743  loss=0.1429  lr=1.54e-05
[04:00:35 INFO] Epoch 38/50  iter 200/743  loss=0.1117  lr=1.53e-05
[04:00:51 INFO] Epoch 38/50  iter 250/743  loss=0.1326  lr=1.52e-05
[04:01:05 INFO] Epoch 38/50  iter 300/743  loss=0.1774  lr=1.51e-05
[04:01:19 INFO] Epoch 38/50  iter 350/743  loss=0.1533  lr=1.50e-05
[04:01:34 INFO] Epoch 38/50  iter 400/743  loss=0.0862  lr=1.50e-05
[04:01:48 INFO] Epoch 38/50  iter 450/743  loss=0.2579  lr=1.49e-05
[04:02:03 INFO] Epoch 38/50  iter 500/743  loss=0.0813  lr=1.48e-05
[04:02:20 INFO] Epoch 38/50  iter 550/743  loss=0.1991  lr=1.47e-05
[04:02:34 INFO] Epoch 38/50  iter 600/743  loss=0.0734  lr=1.46e-05
[04:02:48 INFO] Epoch 38/50  iter 650/743  loss=0.1028  lr=1.45e-05
[04:03:04 INFO] Epoch 38/50  iter 700/743  loss=0.1350  lr=1.45e-05
[04:03:17 INFO] Epoch 38 complete — avg_loss=0.1425  time=221s
[04:03:35 INFO] Epoch 39/50  iter 50/743  loss=0.1093  lr=1.43e-05
[04:03:49 INFO] Epoch 39/50  iter 100/743  loss=0.1320  lr=1.42e-05
[04:04:03 INFO] Epoch 39/50  iter 150/743  loss=0.0957  lr=1.42e-05
[04:04:18 INFO] Epoch 39/50  iter 200/743  loss=0.2851  lr=1.41e-05
[04:04:32 INFO] Epoch 39/50  iter 250/743  loss=0.1876  lr=1.40e-05
[04:04:46 INFO] Epoch 39/50  iter 300/743  loss=0.0525  lr=1.39e-05
[04:05:00 INFO] Epoch 39/50  iter 350/743  loss=0.0849  lr=1.38e-05
[04:05:15 INFO] Epoch 39/50  iter 400/743  loss=0.3051  lr=1.38e-05
[04:05:32 INFO] Epoch 39/50  iter 450/743  loss=0.1919  lr=1.37e-05
[04:05:47 INFO] Epoch 39/50  iter 500/743  loss=0.1552  lr=1.36e-05
[04:06:03 INFO] Epoch 39/50  iter 550/743  loss=0.1573  lr=1.35e-05
[04:06:20 INFO] Epoch 39/50  iter 600/743  loss=0.1746  lr=1.34e-05
[04:06:34 INFO] Epoch 39/50  iter 650/743  loss=0.1002  lr=1.33e-05
[04:06:53 INFO] Epoch 39/50  iter 700/743  loss=0.1014  lr=1.33e-05
[04:07:05 INFO] Epoch 39 complete — avg_loss=0.1461  time=228s
[04:07:21 INFO] Epoch 40/50  iter 50/743  loss=0.4363  lr=1.31e-05
[04:07:36 INFO] Epoch 40/50  iter 100/743  loss=0.1366  lr=1.30e-05
[04:07:50 INFO] Epoch 40/50  iter 150/743  loss=0.1438  lr=1.30e-05
[04:08:04 INFO] Epoch 40/50  iter 200/743  loss=0.1040  lr=1.29e-05
[04:08:18 INFO] Epoch 40/50  iter 250/743  loss=0.1055  lr=1.28e-05
[04:08:34 INFO] Epoch 40/50  iter 300/743  loss=0.0888  lr=1.27e-05
[04:08:51 INFO] Epoch 40/50  iter 350/743  loss=0.1724  lr=1.26e-05
[04:09:07 INFO] Epoch 40/50  iter 400/743  loss=0.1833  lr=1.26e-05
[04:09:21 INFO] Epoch 40/50  iter 450/743  loss=0.0597  lr=1.25e-05
[04:09:38 INFO] Epoch 40/50  iter 500/743  loss=0.1406  lr=1.24e-05
[04:09:54 INFO] Epoch 40/50  iter 550/743  loss=0.1235  lr=1.23e-05
[04:10:09 INFO] Epoch 40/50  iter 600/743  loss=0.1654  lr=1.22e-05
[04:10:24 INFO] Epoch 40/50  iter 650/743  loss=0.1495  lr=1.21e-05
[04:10:40 INFO] Epoch 40/50  iter 700/743  loss=0.0995  lr=1.21e-05
[04:10:52 INFO] Epoch 40 complete — avg_loss=0.1516  time=226s
[04:12:54 INFO]   val mIoU = 0.7628
[04:12:54 INFO]   ★ New best val mIoU: 0.7628
[04:13:10 INFO] Epoch 41/50  iter 50/743  loss=0.2245  lr=1.19e-05
[04:13:25 INFO] Epoch 41/50  iter 100/743  loss=0.0901  lr=1.18e-05
[04:13:40 INFO] Epoch 41/50  iter 150/743  loss=0.1350  lr=1.18e-05
[04:13:55 INFO] Epoch 41/50  iter 200/743  loss=0.1278  lr=1.17e-05
[04:14:08 INFO] Epoch 41/50  iter 250/743  loss=0.1934  lr=1.16e-05
[04:14:23 INFO] Epoch 41/50  iter 300/743  loss=0.1874  lr=1.15e-05
[04:14:37 INFO] Epoch 41/50  iter 350/743  loss=0.0647  lr=1.14e-05
[04:14:53 INFO] Epoch 41/50  iter 400/743  loss=0.1313  lr=1.14e-05
[04:15:07 INFO] Epoch 41/50  iter 450/743  loss=0.0801  lr=1.13e-05
[04:15:22 INFO] Epoch 41/50  iter 500/743  loss=0.1144  lr=1.12e-05
[04:15:37 INFO] Epoch 41/50  iter 550/743  loss=0.1592  lr=1.11e-05
[04:15:51 INFO] Epoch 41/50  iter 600/743  loss=0.1803  lr=1.10e-05
[04:16:06 INFO] Epoch 41/50  iter 650/743  loss=0.1918  lr=1.09e-05
[04:16:20 INFO] Epoch 41/50  iter 700/743  loss=0.3011  lr=1.09e-05
[04:16:33 INFO] Epoch 41 complete — avg_loss=0.1487  time=218s
[04:16:50 INFO] Epoch 42/50  iter 50/743  loss=0.2205  lr=1.07e-05
[04:17:05 INFO] Epoch 42/50  iter 100/743  loss=0.0629  lr=1.06e-05
[04:17:18 INFO] Epoch 42/50  iter 150/743  loss=0.0839  lr=1.06e-05
[04:17:32 INFO] Epoch 42/50  iter 200/743  loss=0.1076  lr=1.05e-05
[04:17:47 INFO] Epoch 42/50  iter 250/743  loss=0.0812  lr=1.04e-05
[04:18:01 INFO] Epoch 42/50  iter 300/743  loss=0.1792  lr=1.03e-05
[04:18:15 INFO] Epoch 42/50  iter 350/743  loss=0.0787  lr=1.02e-05
[04:18:29 INFO] Epoch 42/50  iter 400/743  loss=0.1658  lr=1.02e-05
[04:18:43 INFO] Epoch 42/50  iter 450/743  loss=0.1059  lr=1.01e-05
[04:18:58 INFO] Epoch 42/50  iter 500/743  loss=0.0663  lr=9.99e-06
[04:19:12 INFO] Epoch 42/50  iter 550/743  loss=0.0848  lr=9.91e-06
[04:19:27 INFO] Epoch 42/50  iter 600/743  loss=0.1250  lr=9.83e-06
[04:19:42 INFO] Epoch 42/50  iter 650/743  loss=0.1505  lr=9.75e-06
[04:19:58 INFO] Epoch 42/50  iter 700/743  loss=0.1990  lr=9.67e-06
[04:20:11 INFO] Epoch 42 complete — avg_loss=0.1397  time=217s
[04:20:29 INFO] Epoch 43/50  iter 50/743  loss=0.2274  lr=9.52e-06
[04:20:43 INFO] Epoch 43/50  iter 100/743  loss=0.1749  lr=9.44e-06
[04:20:57 INFO] Epoch 43/50  iter 150/743  loss=0.1095  lr=9.36e-06
[04:21:15 INFO] Epoch 43/50  iter 200/743  loss=0.1436  lr=9.28e-06
[04:21:34 INFO] Epoch 43/50  iter 250/743  loss=0.1456  lr=9.19e-06
[04:21:51 INFO] Epoch 43/50  iter 300/743  loss=0.1022  lr=9.11e-06
[04:22:05 INFO] Epoch 43/50  iter 350/743  loss=0.1056  lr=9.03e-06
[04:22:21 INFO] Epoch 43/50  iter 400/743  loss=0.1140  lr=8.95e-06
[04:22:39 INFO] Epoch 43/50  iter 450/743  loss=0.1224  lr=8.87e-06
[04:22:55 INFO] Epoch 43/50  iter 500/743  loss=0.1411  lr=8.79e-06
[04:23:11 INFO] Epoch 43/50  iter 550/743  loss=0.0887  lr=8.71e-06
[04:23:26 INFO] Epoch 43/50  iter 600/743  loss=0.0601  lr=8.63e-06
[04:23:41 INFO] Epoch 43/50  iter 650/743  loss=0.2210  lr=8.55e-06
[04:23:56 INFO] Epoch 43/50  iter 700/743  loss=0.0747  lr=8.47e-06
[04:24:11 INFO] Epoch 43 complete — avg_loss=0.1453  time=239s
[04:24:29 INFO] Epoch 44/50  iter 50/743  loss=0.0730  lr=8.32e-06
[04:24:43 INFO] Epoch 44/50  iter 100/743  loss=0.1699  lr=8.24e-06
[04:24:57 INFO] Epoch 44/50  iter 150/743  loss=0.1447  lr=8.16e-06
[04:25:12 INFO] Epoch 44/50  iter 200/743  loss=0.1144  lr=8.08e-06
[04:25:29 INFO] Epoch 44/50  iter 250/743  loss=0.1054  lr=7.99e-06
[04:25:44 INFO] Epoch 44/50  iter 300/743  loss=0.1250  lr=7.91e-06
[04:26:01 INFO] Epoch 44/50  iter 350/743  loss=0.1310  lr=7.83e-06
[04:26:17 INFO] Epoch 44/50  iter 400/743  loss=0.1012  lr=7.75e-06
[04:26:37 INFO] Epoch 44/50  iter 450/743  loss=0.1439  lr=7.67e-06
[04:26:54 INFO] Epoch 44/50  iter 500/743  loss=0.1270  lr=7.59e-06
[04:27:11 INFO] Epoch 44/50  iter 550/743  loss=0.3594  lr=7.51e-06
[04:27:27 INFO] Epoch 44/50  iter 600/743  loss=0.2098  lr=7.43e-06
[04:27:42 INFO] Epoch 44/50  iter 650/743  loss=0.1196  lr=7.35e-06
[04:27:57 INFO] Epoch 44/50  iter 700/743  loss=0.1059  lr=7.27e-06
[04:28:11 INFO] Epoch 44 complete — avg_loss=0.1397  time=240s
[04:28:27 INFO] Epoch 45/50  iter 50/743  loss=0.0769  lr=7.12e-06
[04:28:44 INFO] Epoch 45/50  iter 100/743  loss=0.0833  lr=7.04e-06
[04:29:01 INFO] Epoch 45/50  iter 150/743  loss=0.1278  lr=6.96e-06
[04:29:15 INFO] Epoch 45/50  iter 200/743  loss=0.1696  lr=6.88e-06
[04:29:31 INFO] Epoch 45/50  iter 250/743  loss=0.1334  lr=6.79e-06
[04:29:49 INFO] Epoch 45/50  iter 300/743  loss=0.1731  lr=6.71e-06
[04:30:06 INFO] Epoch 45/50  iter 350/743  loss=0.1769  lr=6.63e-06
[04:30:24 INFO] Epoch 45/50  iter 400/743  loss=0.1290  lr=6.55e-06
[04:30:42 INFO] Epoch 45/50  iter 450/743  loss=0.0869  lr=6.47e-06
[04:30:58 INFO] Epoch 45/50  iter 500/743  loss=0.1871  lr=6.39e-06
[04:31:15 INFO] Epoch 45/50  iter 550/743  loss=0.0697  lr=6.31e-06
[04:31:30 INFO] Epoch 45/50  iter 600/743  loss=0.1433  lr=6.23e-06
[04:31:46 INFO] Epoch 45/50  iter 650/743  loss=0.0437  lr=6.15e-06
[04:32:03 INFO] Epoch 45/50  iter 700/743  loss=0.1017  lr=6.07e-06
[04:32:16 INFO] Epoch 45 complete — avg_loss=0.1362  time=245s
[04:34:17 INFO]   val mIoU = 0.7638
[04:34:17 INFO]   ★ New best val mIoU: 0.7638
[04:34:34 INFO] Epoch 46/50  iter 50/743  loss=0.1822  lr=5.92e-06
[04:34:50 INFO] Epoch 46/50  iter 100/743  loss=0.0531  lr=5.84e-06
[04:35:04 INFO] Epoch 46/50  iter 150/743  loss=0.0859  lr=5.76e-06
[04:35:18 INFO] Epoch 46/50  iter 200/743  loss=0.0764  lr=5.68e-06
[04:35:32 INFO] Epoch 46/50  iter 250/743  loss=0.1390  lr=5.59e-06
[04:35:47 INFO] Epoch 46/50  iter 300/743  loss=0.1020  lr=5.51e-06
[04:36:03 INFO] Epoch 46/50  iter 350/743  loss=0.1852  lr=5.43e-06
[04:36:20 INFO] Epoch 46/50  iter 400/743  loss=0.2031  lr=5.35e-06
[04:36:40 INFO] Epoch 46/50  iter 450/743  loss=0.1339  lr=5.27e-06
[04:36:55 INFO] Epoch 46/50  iter 500/743  loss=0.0404  lr=5.19e-06
[04:37:09 INFO] Epoch 46/50  iter 550/743  loss=0.0150  lr=5.11e-06
[04:37:23 INFO] Epoch 46/50  iter 600/743  loss=0.2161  lr=5.03e-06
[04:37:39 INFO] Epoch 46/50  iter 650/743  loss=0.1341  lr=4.95e-06
[04:37:54 INFO] Epoch 46/50  iter 700/743  loss=0.0398  lr=4.87e-06
[04:38:07 INFO] Epoch 46 complete — avg_loss=0.1388  time=229s
[04:38:24 INFO] Epoch 47/50  iter 50/743  loss=0.1080  lr=4.72e-06
[04:38:39 INFO] Epoch 47/50  iter 100/743  loss=0.0822  lr=4.64e-06
[04:38:54 INFO] Epoch 47/50  iter 150/743  loss=0.1588  lr=4.56e-06
[04:39:07 INFO] Epoch 47/50  iter 200/743  loss=0.0940  lr=4.48e-06
[04:39:22 INFO] Epoch 47/50  iter 250/743  loss=0.0525  lr=4.39e-06
[04:39:39 INFO] Epoch 47/50  iter 300/743  loss=0.1031  lr=4.31e-06
[04:39:55 INFO] Epoch 47/50  iter 350/743  loss=0.2066  lr=4.23e-06
[04:40:10 INFO] Epoch 47/50  iter 400/743  loss=0.2541  lr=4.15e-06
[04:40:27 INFO] Epoch 47/50  iter 450/743  loss=0.1209  lr=4.07e-06
[04:40:42 INFO] Epoch 47/50  iter 500/743  loss=0.2169  lr=3.99e-06
[04:40:57 INFO] Epoch 47/50  iter 550/743  loss=0.1508  lr=3.91e-06
[04:41:12 INFO] Epoch 47/50  iter 600/743  loss=0.0784  lr=3.83e-06
[04:41:27 INFO] Epoch 47/50  iter 650/743  loss=0.0905  lr=3.75e-06
[04:41:41 INFO] Epoch 47/50  iter 700/743  loss=0.1278  lr=3.67e-06
[04:41:54 INFO] Epoch 47 complete — avg_loss=0.1402  time=226s
[04:42:12 INFO] Epoch 48/50  iter 50/743  loss=0.1551  lr=3.52e-06
[04:42:27 INFO] Epoch 48/50  iter 100/743  loss=0.1265  lr=3.44e-06
[04:42:43 INFO] Epoch 48/50  iter 150/743  loss=0.2333  lr=3.36e-06
[04:42:57 INFO] Epoch 48/50  iter 200/743  loss=0.2379  lr=3.28e-06
[04:43:12 INFO] Epoch 48/50  iter 250/743  loss=0.1870  lr=3.19e-06
[04:43:27 INFO] Epoch 48/50  iter 300/743  loss=0.0547  lr=3.11e-06
[04:43:42 INFO] Epoch 48/50  iter 350/743  loss=0.2154  lr=3.03e-06
[04:43:58 INFO] Epoch 48/50  iter 400/743  loss=0.2244  lr=2.95e-06
[04:44:13 INFO] Epoch 48/50  iter 450/743  loss=0.0988  lr=2.87e-06
[04:44:28 INFO] Epoch 48/50  iter 500/743  loss=0.4249  lr=2.79e-06
[04:44:43 INFO] Epoch 48/50  iter 550/743  loss=0.0881  lr=2.71e-06
[04:44:58 INFO] Epoch 48/50  iter 600/743  loss=0.1825  lr=2.63e-06
[04:45:13 INFO] Epoch 48/50  iter 650/743  loss=0.1805  lr=2.55e-06
[04:45:28 INFO] Epoch 48/50  iter 700/743  loss=0.1561  lr=2.47e-06
[04:45:42 INFO] Epoch 48 complete — avg_loss=0.1344  time=228s
[04:46:00 INFO] Epoch 49/50  iter 50/743  loss=0.1600  lr=2.32e-06
[04:46:14 INFO] Epoch 49/50  iter 100/743  loss=0.1963  lr=2.24e-06
[04:46:30 INFO] Epoch 49/50  iter 150/743  loss=0.1077  lr=2.16e-06
[04:46:46 INFO] Epoch 49/50  iter 200/743  loss=0.2071  lr=2.08e-06
[04:47:00 INFO] Epoch 49/50  iter 250/743  loss=0.2073  lr=1.99e-06
[04:47:16 INFO] Epoch 49/50  iter 300/743  loss=0.0920  lr=1.91e-06
[04:47:32 INFO] Epoch 49/50  iter 350/743  loss=0.1005  lr=1.83e-06
[04:47:46 INFO] Epoch 49/50  iter 400/743  loss=0.0658  lr=1.75e-06
[04:48:01 INFO] Epoch 49/50  iter 450/743  loss=0.1410  lr=1.67e-06
[04:48:17 INFO] Epoch 49/50  iter 500/743  loss=0.1155  lr=1.59e-06
[04:48:35 INFO] Epoch 49/50  iter 550/743  loss=0.1171  lr=1.51e-06
[04:48:49 INFO] Epoch 49/50  iter 600/743  loss=0.1936  lr=1.43e-06
[04:49:03 INFO] Epoch 49/50  iter 650/743  loss=0.1598  lr=1.35e-06
[04:49:21 INFO] Epoch 49/50  iter 700/743  loss=0.1375  lr=1.27e-06
[04:49:34 INFO] Epoch 49 complete — avg_loss=0.1295  time=232s
[04:49:51 INFO] Epoch 50/50  iter 50/743  loss=0.1261  lr=1.12e-06
[04:50:06 INFO] Epoch 50/50  iter 100/743  loss=0.0902  lr=1.04e-06
[04:50:20 INFO] Epoch 50/50  iter 150/743  loss=0.1469  lr=9.56e-07
[04:50:35 INFO] Epoch 50/50  iter 200/743  loss=0.1468  lr=8.75e-07
[04:50:50 INFO] Epoch 50/50  iter 250/743  loss=0.1936  lr=7.95e-07
[04:51:05 INFO] Epoch 50/50  iter 300/743  loss=0.1225  lr=7.14e-07
[04:51:22 INFO] Epoch 50/50  iter 350/743  loss=0.1557  lr=6.33e-07
[04:51:38 INFO] Epoch 50/50  iter 400/743  loss=0.1154  lr=5.52e-07
[04:51:52 INFO] Epoch 50/50  iter 450/743  loss=0.1371  lr=4.72e-07
[04:52:09 INFO] Epoch 50/50  iter 500/743  loss=0.1688  lr=3.91e-07
[04:52:26 INFO] Epoch 50/50  iter 550/743  loss=0.1705  lr=3.10e-07
[04:52:41 INFO] Epoch 50/50  iter 600/743  loss=0.1391  lr=2.29e-07
[04:52:57 INFO] Epoch 50/50  iter 650/743  loss=0.1565  lr=1.49e-07
[04:53:17 INFO] Epoch 50/50  iter 700/743  loss=0.1933  lr=6.78e-08
[04:53:31 INFO] Epoch 50 complete — avg_loss=0.1302  time=236s
[04:55:33 INFO]   val mIoU = 0.7651
[04:55:33 INFO]   ★ New best val mIoU: 0.7651
[04:55:34 INFO] Training complete. Best val mIoU = 0.7651
