=== Backbone POC (resnet101/DeepLabV3+ vs mit_b2/FPN, 10 epochs) ===
Timestamp: Mon Jul  6 19:38:47 CEST 2026

>>> Resuming: poc_resnet101_baseline (from results/poc_resnet101_baseline/latest.pth)
[19:38:55 INFO] Device: cuda
/usr/lib64/python3.11/tarfile.py:2303: RuntimeWarning: The default behavior of tarfile extraction has been changed to disallow common exploits (including CVE-2007-4559). By default, absolute/parent paths are disallowed and some mode bits are cleared. See https://access.redhat.com/articles/7004769 for more details.
  warnings.warn(
Model backend: smp (encoder=resnet101, architecture=deeplabv3plus)
[19:39:00 INFO] fog_prob: 1.0
[19:39:01 INFO] Train: 2975 samples  |  Val: 500 samples
/home/taah3149/Documents/Group_Studies/fog-augmentation/src/train.py:322: FutureWarning: You are using `torch.load` with `weights_only=False` (the current default value), which uses the default pickle module implicitly. It is possible to construct malicious pickle data which will execute arbitrary code during unpickling (See https://github.com/pytorch/pytorch/blob/main/SECURITY.md#untrusted-models for more details). In a future release, the default value for `weights_only` will be flipped to `True`. This limits the functions that could be executed during unpickling. Arbitrary objects will no longer be allowed to be loaded via this mode unless they are explicitly allowlisted by the user via `torch.serialization.add_safe_globals`. We recommend you start setting `weights_only=True` for any use case where you don't have full control of the loaded file. Please open an issue on GitHub for any issues related to this experimental feature.
  ckpt = torch.load(cfg["training"]["resume"], map_location=device)
[19:39:05 INFO] Resumed from epoch 4  best_mIoU=0.5484
[19:39:32 INFO] Epoch 5/10  iter 50/743  loss=0.2387  lr=3.56e-05
[19:39:58 INFO] Epoch 5/10  iter 100/743  loss=0.3089  lr=3.52e-05
[19:40:24 INFO] Epoch 5/10  iter 150/743  loss=0.2717  lr=3.48e-05
[19:40:50 INFO] Epoch 5/10  iter 200/743  loss=0.2226  lr=3.44e-05
[19:41:16 INFO] Epoch 5/10  iter 250/743  loss=0.5028  lr=3.40e-05
[19:41:42 INFO] Epoch 5/10  iter 300/743  loss=0.2372  lr=3.36e-05
[19:42:08 INFO] Epoch 5/10  iter 350/743  loss=0.5446  lr=3.32e-05
[19:42:34 INFO] Epoch 5/10  iter 400/743  loss=0.1577  lr=3.28e-05
[19:43:00 INFO] Epoch 5/10  iter 450/743  loss=0.1679  lr=3.24e-05
[19:43:26 INFO] Epoch 5/10  iter 500/743  loss=0.1939  lr=3.20e-05
[19:43:52 INFO] Epoch 5/10  iter 550/743  loss=0.1522  lr=3.16e-05
[19:44:18 INFO] Epoch 5/10  iter 600/743  loss=0.1662  lr=3.11e-05
[19:44:44 INFO] Epoch 5/10  iter 650/743  loss=0.2841  lr=3.07e-05
[19:45:10 INFO] Epoch 5/10  iter 700/743  loss=0.2922  lr=3.03e-05
[19:45:32 INFO] Epoch 5 complete — avg_loss=0.2447  time=387s
[19:46:00 INFO] Epoch 6/10  iter 50/743  loss=0.4625  lr=2.96e-05
[19:46:26 INFO] Epoch 6/10  iter 100/743  loss=0.0959  lr=2.92e-05
[19:46:52 INFO] Epoch 6/10  iter 150/743  loss=0.1522  lr=2.88e-05
[19:47:18 INFO] Epoch 6/10  iter 200/743  loss=0.1695  lr=2.84e-05
[19:47:44 INFO] Epoch 6/10  iter 250/743  loss=0.2214  lr=2.80e-05
[19:48:10 INFO] Epoch 6/10  iter 300/743  loss=0.1876  lr=2.76e-05
[19:48:36 INFO] Epoch 6/10  iter 350/743  loss=0.1053  lr=2.72e-05
[19:49:02 INFO] Epoch 6/10  iter 400/743  loss=0.2124  lr=2.68e-05
[19:49:28 INFO] Epoch 6/10  iter 450/743  loss=0.1687  lr=2.64e-05
[19:49:54 INFO] Epoch 6/10  iter 500/743  loss=0.4734  lr=2.60e-05
[19:50:20 INFO] Epoch 6/10  iter 550/743  loss=0.1940  lr=2.56e-05
[19:50:46 INFO] Epoch 6/10  iter 600/743  loss=0.1455  lr=2.51e-05
[19:51:12 INFO] Epoch 6/10  iter 650/743  loss=0.3217  lr=2.47e-05
[19:51:37 INFO] Epoch 6/10  iter 700/743  loss=0.1059  lr=2.43e-05
[19:52:00 INFO] Epoch 6 complete — avg_loss=0.2121  time=387s
[19:53:31 INFO]   val mIoU = 0.6267
[19:53:32 INFO]   ★ New best val mIoU: 0.6267
[19:53:59 INFO] Epoch 7/10  iter 50/743  loss=0.0892  lr=2.36e-05
[19:54:25 INFO] Epoch 7/10  iter 100/743  loss=0.1549  lr=2.32e-05
[19:54:50 INFO] Epoch 7/10  iter 150/743  loss=0.1970  lr=2.28e-05
[19:55:16 INFO] Epoch 7/10  iter 200/743  loss=0.2143  lr=2.24e-05
[19:55:42 INFO] Epoch 7/10  iter 250/743  loss=0.0799  lr=2.20e-05
[19:56:08 INFO] Epoch 7/10  iter 300/743  loss=0.1949  lr=2.16e-05
[19:56:33 INFO] Epoch 7/10  iter 350/743  loss=1.0434  lr=2.12e-05
[19:56:59 INFO] Epoch 7/10  iter 400/743  loss=0.1948  lr=2.08e-05
[19:57:25 INFO] Epoch 7/10  iter 450/743  loss=0.2305  lr=2.04e-05
[19:57:51 INFO] Epoch 7/10  iter 500/743  loss=0.1439  lr=2.00e-05
[19:58:17 INFO] Epoch 7/10  iter 550/743  loss=0.2478  lr=1.96e-05
[19:58:42 INFO] Epoch 7/10  iter 600/743  loss=0.6173  lr=1.91e-05
[19:59:08 INFO] Epoch 7/10  iter 650/743  loss=0.2059  lr=1.87e-05
[19:59:34 INFO] Epoch 7/10  iter 700/743  loss=0.1118  lr=1.83e-05
[19:59:56 INFO] Epoch 7 complete — avg_loss=0.1936  time=384s
[20:00:23 INFO] Epoch 8/10  iter 50/743  loss=0.2249  lr=1.76e-05
[20:00:49 INFO] Epoch 8/10  iter 100/743  loss=0.2566  lr=1.72e-05
[20:01:15 INFO] Epoch 8/10  iter 150/743  loss=0.2620  lr=1.68e-05
[20:01:41 INFO] Epoch 8/10  iter 200/743  loss=0.1232  lr=1.64e-05
[20:02:06 INFO] Epoch 8/10  iter 250/743  loss=0.1433  lr=1.60e-05
[20:02:32 INFO] Epoch 8/10  iter 300/743  loss=0.1681  lr=1.56e-05
[20:02:58 INFO] Epoch 8/10  iter 350/743  loss=0.0974  lr=1.52e-05
[20:03:24 INFO] Epoch 8/10  iter 400/743  loss=0.1143  lr=1.48e-05
[20:03:49 INFO] Epoch 8/10  iter 450/743  loss=0.1388  lr=1.44e-05
[20:04:15 INFO] Epoch 8/10  iter 500/743  loss=0.1451  lr=1.40e-05
[20:04:41 INFO] Epoch 8/10  iter 550/743  loss=0.1580  lr=1.36e-05
[20:05:06 INFO] Epoch 8/10  iter 600/743  loss=0.0931  lr=1.31e-05
[20:05:32 INFO] Epoch 8/10  iter 650/743  loss=0.1356  lr=1.27e-05
[20:05:58 INFO] Epoch 8/10  iter 700/743  loss=0.0905  lr=1.23e-05
[20:06:21 INFO] Epoch 8 complete — avg_loss=0.1782  time=384s
[20:07:53 INFO]   val mIoU = 0.6424
[20:07:53 INFO]   ★ New best val mIoU: 0.6424
[20:08:21 INFO] Epoch 9/10  iter 50/743  loss=0.3217  lr=1.16e-05
[20:08:47 INFO] Epoch 9/10  iter 100/743  loss=0.1631  lr=1.12e-05
[20:09:13 INFO] Epoch 9/10  iter 150/743  loss=0.1753  lr=1.08e-05
[20:09:39 INFO] Epoch 9/10  iter 200/743  loss=0.1736  lr=1.04e-05
[20:10:04 INFO] Epoch 9/10  iter 250/743  loss=0.1380  lr=9.97e-06
[20:10:30 INFO] Epoch 9/10  iter 300/743  loss=0.1952  lr=9.57e-06
[20:10:56 INFO] Epoch 9/10  iter 350/743  loss=0.0967  lr=9.17e-06
[20:11:22 INFO] Epoch 9/10  iter 400/743  loss=0.1784  lr=8.76e-06
[20:11:48 INFO] Epoch 9/10  iter 450/743  loss=0.1182  lr=8.36e-06
[20:12:14 INFO] Epoch 9/10  iter 500/743  loss=0.1405  lr=7.95e-06
[20:12:40 INFO] Epoch 9/10  iter 550/743  loss=0.1341  lr=7.55e-06
[20:13:06 INFO] Epoch 9/10  iter 600/743  loss=0.2086  lr=7.15e-06
[20:13:32 INFO] Epoch 9/10  iter 650/743  loss=0.1423  lr=6.74e-06
[20:13:58 INFO] Epoch 9/10  iter 700/743  loss=0.2658  lr=6.34e-06
[20:14:21 INFO] Epoch 9 complete — avg_loss=0.2040  time=387s
[20:14:48 INFO] Epoch 10/10  iter 50/743  loss=0.1481  lr=5.59e-06
[20:15:14 INFO] Epoch 10/10  iter 100/743  loss=0.1694  lr=5.18e-06
[20:15:40 INFO] Epoch 10/10  iter 150/743  loss=0.0651  lr=4.78e-06
[20:16:06 INFO] Epoch 10/10  iter 200/743  loss=0.1959  lr=4.38e-06
[20:16:32 INFO] Epoch 10/10  iter 250/743  loss=0.1526  lr=3.97e-06
[20:16:59 INFO] Epoch 10/10  iter 300/743  loss=0.2421  lr=3.57e-06
[20:17:25 INFO] Epoch 10/10  iter 350/743  loss=0.2095  lr=3.17e-06
[20:17:50 INFO] Epoch 10/10  iter 400/743  loss=0.0920  lr=2.76e-06
[20:18:16 INFO] Epoch 10/10  iter 450/743  loss=0.2321  lr=2.36e-06
[20:18:42 INFO] Epoch 10/10  iter 500/743  loss=0.0696  lr=1.95e-06
[20:19:08 INFO] Epoch 10/10  iter 550/743  loss=0.2774  lr=1.55e-06
[20:19:33 INFO] Epoch 10/10  iter 600/743  loss=0.2061  lr=1.15e-06
[20:19:59 INFO] Epoch 10/10  iter 650/743  loss=0.1499  lr=7.43e-07
[20:20:25 INFO] Epoch 10/10  iter 700/743  loss=0.1358  lr=3.39e-07
[20:20:47 INFO] Epoch 10 complete — avg_loss=0.2053  time=386s
[20:22:20 INFO]   val mIoU = 0.6797
[20:22:20 INFO]   ★ New best val mIoU: 0.6797
[20:22:21 INFO] Training complete. Best val mIoU = 0.6797
>>> Evaluating: poc_resnet101_baseline
[20:22:29 INFO] Device: cuda
/usr/lib64/python3.11/tarfile.py:2303: RuntimeWarning: The default behavior of tarfile extraction has been changed to disallow common exploits (including CVE-2007-4559). By default, absolute/parent paths are disallowed and some mode bits are cleared. See https://access.redhat.com/articles/7004769 for more details.
  warnings.warn(
/home/taah3149/Documents/Group_Studies/fog-augmentation/src/models.py:74: FutureWarning: You are using `torch.load` with `weights_only=False` (the current default value), which uses the default pickle module implicitly. It is possible to construct malicious pickle data which will execute arbitrary code during unpickling (See https://github.com/pytorch/pytorch/blob/main/SECURITY.md#untrusted-models for more details). In a future release, the default value for `weights_only` will be flipped to `True`. This limits the functions that could be executed during unpickling. Arbitrary objects will no longer be allowed to be loaded via this mode unless they are explicitly allowlisted by the user via `torch.serialization.add_safe_globals`. We recommend you start setting `weights_only=True` for any use case where you don't have full control of the loaded file. Please open an issue on GitHub for any issues related to this experimental feature.
  state = torch.load(str(checkpoint), map_location="cpu")
Model backend: smp (encoder=resnet101, architecture=deeplabv3plus)
Loaded checkpoint: results/poc_resnet101_baseline/best.pth
[20:22:35 INFO] ACDC fog val: 100 samples
[20:22:52 INFO]   100/100 processed
[20:22:52 INFO] mIoU = 0.4624
[20:22:52 INFO]   road                 0.8266
[20:22:52 INFO]   sidewalk             0.5616
[20:22:52 INFO]   building             0.7428
[20:22:52 INFO]   wall                 0.2200
[20:22:52 INFO]   fence                0.2561
[20:22:52 INFO]   pole                 0.1671
[20:22:52 INFO]   traffic light        0.5006
[20:22:52 INFO]   traffic sign         0.4850
[20:22:52 INFO]   vegetation           0.8298
[20:22:52 INFO]   terrain              0.4328
[20:22:52 INFO]   sky                  0.9458
[20:22:52 INFO]   person               0.2430
[20:22:52 INFO]   rider                0.4666
[20:22:52 INFO]   car                  0.7259
[20:22:52 INFO]   truck                0.2712
[20:22:52 INFO]   bus                  0.1489
[20:22:52 INFO]   train                0.4894
[20:22:52 INFO]   motorcycle           0.0000
[20:22:52 INFO]   bicycle              0.4726
[20:22:52 INFO] Results saved → results/poc_resnet101_baseline/acdc_eval.json
>>> Done: poc_resnet101_baseline

>>> Training (fresh start): poc_mit_b2_baseline
[20:22:58 INFO] Device: cuda
Model backend: smp (encoder=mit_b2, architecture=fpn)
[20:23:01 INFO] fog_prob: 1.0
[20:23:03 INFO] Train: 2975 samples  |  Val: 500 samples
[20:23:31 INFO] Epoch 1/10  iter 50/743  loss=1.0506  lr=5.96e-05
[20:23:57 INFO] Epoch 1/10  iter 100/743  loss=0.5437  lr=5.92e-05
[20:24:24 INFO] Epoch 1/10  iter 150/743  loss=0.2425  lr=5.88e-05
[20:24:51 INFO] Epoch 1/10  iter 200/743  loss=0.2417  lr=5.84e-05
[20:25:18 INFO] Epoch 1/10  iter 250/743  loss=0.3504  lr=5.80e-05
[20:25:45 INFO] Epoch 1/10  iter 300/743  loss=0.5281  lr=5.76e-05
[20:26:11 INFO] Epoch 1/10  iter 350/743  loss=0.2968  lr=5.72e-05
[20:26:38 INFO] Epoch 1/10  iter 400/743  loss=0.3764  lr=5.68e-05
[20:27:05 INFO] Epoch 1/10  iter 450/743  loss=0.3149  lr=5.64e-05
[20:27:31 INFO] Epoch 1/10  iter 500/743  loss=0.1187  lr=5.60e-05
[20:27:58 INFO] Epoch 1/10  iter 550/743  loss=0.3525  lr=5.56e-05
[20:28:25 INFO] Epoch 1/10  iter 600/743  loss=0.2624  lr=5.51e-05
[20:28:52 INFO] Epoch 1/10  iter 650/743  loss=0.3561  lr=5.47e-05
[20:29:19 INFO] Epoch 1/10  iter 700/743  loss=0.2711  lr=5.43e-05
[20:29:42 INFO] Epoch 1 complete — avg_loss=0.5970  time=399s
[20:30:09 INFO] Epoch 2/10  iter 50/743  loss=0.3452  lr=5.36e-05
[20:30:36 INFO] Epoch 2/10  iter 100/743  loss=1.0961  lr=5.32e-05
[20:31:03 INFO] Epoch 2/10  iter 150/743  loss=0.2915  lr=5.28e-05
[20:31:29 INFO] Epoch 2/10  iter 200/743  loss=0.3550  lr=5.24e-05
[20:31:56 INFO] Epoch 2/10  iter 250/743  loss=0.2501  lr=5.20e-05
[20:32:23 INFO] Epoch 2/10  iter 300/743  loss=0.3266  lr=5.16e-05
[20:32:49 INFO] Epoch 2/10  iter 350/743  loss=0.3201  lr=5.12e-05
[20:33:16 INFO] Epoch 2/10  iter 400/743  loss=0.1691  lr=5.08e-05
[20:33:43 INFO] Epoch 2/10  iter 450/743  loss=0.1976  lr=5.04e-05
[20:34:10 INFO] Epoch 2/10  iter 500/743  loss=0.3039  lr=5.00e-05
[20:34:37 INFO] Epoch 2/10  iter 550/743  loss=0.3816  lr=4.96e-05
[20:35:04 INFO] Epoch 2/10  iter 600/743  loss=0.2398  lr=4.91e-05
[20:35:31 INFO] Epoch 2/10  iter 650/743  loss=0.2584  lr=4.87e-05
[20:35:58 INFO] Epoch 2/10  iter 700/743  loss=0.4633  lr=4.83e-05
[20:36:21 INFO] Epoch 2 complete — avg_loss=0.3235  time=398s
[20:40:11 INFO]   val mIoU = 0.5614
[20:40:11 INFO]   ★ New best val mIoU: 0.5614
[20:40:39 INFO] Epoch 3/10  iter 50/743  loss=0.2385  lr=4.76e-05
[20:41:06 INFO] Epoch 3/10  iter 100/743  loss=0.4786  lr=4.72e-05
[20:41:32 INFO] Epoch 3/10  iter 150/743  loss=0.2789  lr=4.68e-05
[20:41:59 INFO] Epoch 3/10  iter 200/743  loss=0.2930  lr=4.64e-05
[20:42:26 INFO] Epoch 3/10  iter 250/743  loss=0.2923  lr=4.60e-05
[20:42:52 INFO] Epoch 3/10  iter 300/743  loss=1.0205  lr=4.56e-05
[20:43:19 INFO] Epoch 3/10  iter 350/743  loss=0.3143  lr=4.52e-05
[20:43:46 INFO] Epoch 3/10  iter 400/743  loss=0.2406  lr=4.48e-05
[20:44:13 INFO] Epoch 3/10  iter 450/743  loss=0.2020  lr=4.44e-05
[20:44:39 INFO] Epoch 3/10  iter 500/743  loss=0.3070  lr=4.40e-05
[20:45:06 INFO] Epoch 3/10  iter 550/743  loss=0.1452  lr=4.36e-05
[20:45:33 INFO] Epoch 3/10  iter 600/743  loss=0.2088  lr=4.31e-05
[20:45:59 INFO] Epoch 3/10  iter 650/743  loss=0.3433  lr=4.27e-05
[20:46:26 INFO] Epoch 3/10  iter 700/743  loss=0.1285  lr=4.23e-05
[20:46:49 INFO] Epoch 3 complete — avg_loss=0.2686  time=398s
[20:47:17 INFO] Epoch 4/10  iter 50/743  loss=0.1016  lr=4.16e-05
[20:47:44 INFO] Epoch 4/10  iter 100/743  loss=0.1658  lr=4.12e-05
[20:48:10 INFO] Epoch 4/10  iter 150/743  loss=0.1957  lr=4.08e-05
[20:48:37 INFO] Epoch 4/10  iter 200/743  loss=0.1204  lr=4.04e-05
[20:49:04 INFO] Epoch 4/10  iter 250/743  loss=0.3091  lr=4.00e-05
[20:49:31 INFO] Epoch 4/10  iter 300/743  loss=0.2220  lr=3.96e-05
[20:49:58 INFO] Epoch 4/10  iter 350/743  loss=0.3448  lr=3.92e-05
[20:50:25 INFO] Epoch 4/10  iter 400/743  loss=0.1706  lr=3.88e-05
[20:50:51 INFO] Epoch 4/10  iter 450/743  loss=0.0950  lr=3.84e-05
[20:51:18 INFO] Epoch 4/10  iter 500/743  loss=0.1348  lr=3.80e-05
[20:51:45 INFO] Epoch 4/10  iter 550/743  loss=0.1829  lr=3.76e-05
[20:52:12 INFO] Epoch 4/10  iter 600/743  loss=0.1884  lr=3.71e-05
[20:52:39 INFO] Epoch 4/10  iter 650/743  loss=0.1786  lr=3.67e-05
[20:53:05 INFO] Epoch 4/10  iter 700/743  loss=0.2305  lr=3.63e-05
[20:53:29 INFO] Epoch 4 complete — avg_loss=0.2458  time=399s
[20:57:27 INFO]   val mIoU = 0.6215
[20:57:28 INFO]   ★ New best val mIoU: 0.6215
[20:57:56 INFO] Epoch 5/10  iter 50/743  loss=0.5739  lr=3.56e-05
[20:58:23 INFO] Epoch 5/10  iter 100/743  loss=0.3907  lr=3.52e-05
[20:58:50 INFO] Epoch 5/10  iter 150/743  loss=0.1568  lr=3.48e-05
[20:59:17 INFO] Epoch 5/10  iter 200/743  loss=0.2297  lr=3.44e-05
[20:59:43 INFO] Epoch 5/10  iter 250/743  loss=0.1122  lr=3.40e-05
[21:00:10 INFO] Epoch 5/10  iter 300/743  loss=0.2441  lr=3.36e-05
[21:00:37 INFO] Epoch 5/10  iter 350/743  loss=0.1113  lr=3.32e-05
[21:01:04 INFO] Epoch 5/10  iter 400/743  loss=0.1728  lr=3.28e-05
[21:01:31 INFO] Epoch 5/10  iter 450/743  loss=0.1751  lr=3.24e-05
[21:01:57 INFO] Epoch 5/10  iter 500/743  loss=0.1605  lr=3.20e-05
[21:02:24 INFO] Epoch 5/10  iter 550/743  loss=0.2517  lr=3.16e-05
[21:02:51 INFO] Epoch 5/10  iter 600/743  loss=0.1767  lr=3.11e-05
[21:03:18 INFO] Epoch 5/10  iter 650/743  loss=0.2307  lr=3.07e-05
[21:03:45 INFO] Epoch 5/10  iter 700/743  loss=0.2233  lr=3.03e-05
[21:04:08 INFO] Epoch 5 complete — avg_loss=0.2177  time=399s
[21:04:35 INFO] Epoch 6/10  iter 50/743  loss=0.1134  lr=2.96e-05
[21:05:02 INFO] Epoch 6/10  iter 100/743  loss=0.4042  lr=2.92e-05
[21:05:28 INFO] Epoch 6/10  iter 150/743  loss=0.0660  lr=2.88e-05
[21:05:55 INFO] Epoch 6/10  iter 200/743  loss=0.1802  lr=2.84e-05
[21:06:22 INFO] Epoch 6/10  iter 250/743  loss=0.2012  lr=2.80e-05
[21:06:49 INFO] Epoch 6/10  iter 300/743  loss=0.2825  lr=2.76e-05
[21:07:15 INFO] Epoch 6/10  iter 350/743  loss=0.1384  lr=2.72e-05
[21:07:42 INFO] Epoch 6/10  iter 400/743  loss=0.2674  lr=2.68e-05
[21:08:09 INFO] Epoch 6/10  iter 450/743  loss=0.2531  lr=2.64e-05
[21:08:36 INFO] Epoch 6/10  iter 500/743  loss=0.2152  lr=2.60e-05
[21:09:02 INFO] Epoch 6/10  iter 550/743  loss=0.1745  lr=2.56e-05
[21:09:29 INFO] Epoch 6/10  iter 600/743  loss=0.0946  lr=2.51e-05
[21:09:56 INFO] Epoch 6/10  iter 650/743  loss=0.1402  lr=2.47e-05
[21:10:23 INFO] Epoch 6/10  iter 700/743  loss=0.0679  lr=2.43e-05
[21:10:46 INFO] Epoch 6 complete — avg_loss=0.2105  time=398s
[21:14:27 INFO]   val mIoU = 0.6649
[21:14:27 INFO]   ★ New best val mIoU: 0.6649
[21:14:55 INFO] Epoch 7/10  iter 50/743  loss=0.2027  lr=2.36e-05
[21:15:22 INFO] Epoch 7/10  iter 100/743  loss=0.1959  lr=2.32e-05
[21:15:49 INFO] Epoch 7/10  iter 150/743  loss=0.1049  lr=2.28e-05
[21:16:16 INFO] Epoch 7/10  iter 200/743  loss=0.1063  lr=2.24e-05
[21:16:43 INFO] Epoch 7/10  iter 250/743  loss=0.1064  lr=2.20e-05
[21:17:10 INFO] Epoch 7/10  iter 300/743  loss=0.1305  lr=2.16e-05
[21:17:37 INFO] Epoch 7/10  iter 350/743  loss=0.2513  lr=2.12e-05
[21:18:04 INFO] Epoch 7/10  iter 400/743  loss=0.1024  lr=2.08e-05
[21:18:31 INFO] Epoch 7/10  iter 450/743  loss=0.2080  lr=2.04e-05
[21:18:58 INFO] Epoch 7/10  iter 500/743  loss=0.1520  lr=2.00e-05
[21:19:25 INFO] Epoch 7/10  iter 550/743  loss=0.2053  lr=1.96e-05
[21:19:51 INFO] Epoch 7/10  iter 600/743  loss=0.0255  lr=1.91e-05
[21:20:18 INFO] Epoch 7/10  iter 650/743  loss=0.1862  lr=1.87e-05
[21:20:45 INFO] Epoch 7/10  iter 700/743  loss=0.1204  lr=1.83e-05
[21:21:08 INFO] Epoch 7 complete — avg_loss=0.2000  time=400s
[21:21:36 INFO] Epoch 8/10  iter 50/743  loss=0.1675  lr=1.76e-05
[21:22:02 INFO] Epoch 8/10  iter 100/743  loss=0.1179  lr=1.72e-05
[21:22:29 INFO] Epoch 8/10  iter 150/743  loss=0.1750  lr=1.68e-05
[21:22:56 INFO] Epoch 8/10  iter 200/743  loss=0.2220  lr=1.64e-05
[21:23:22 INFO] Epoch 8/10  iter 250/743  loss=0.1280  lr=1.60e-05
[21:23:49 INFO] Epoch 8/10  iter 300/743  loss=0.1164  lr=1.56e-05
[21:24:16 INFO] Epoch 8/10  iter 350/743  loss=0.1738  lr=1.52e-05
[21:24:42 INFO] Epoch 8/10  iter 400/743  loss=0.1794  lr=1.48e-05
[21:25:09 INFO] Epoch 8/10  iter 450/743  loss=0.1389  lr=1.44e-05
[21:25:36 INFO] Epoch 8/10  iter 500/743  loss=0.1267  lr=1.40e-05
[21:26:03 INFO] Epoch 8/10  iter 550/743  loss=0.0970  lr=1.36e-05
[21:26:29 INFO] Epoch 8/10  iter 600/743  loss=0.2071  lr=1.31e-05
[21:26:56 INFO] Epoch 8/10  iter 650/743  loss=0.1293  lr=1.27e-05
[21:27:23 INFO] Epoch 8/10  iter 700/743  loss=0.1362  lr=1.23e-05
[21:27:46 INFO] Epoch 8 complete — avg_loss=0.1941  time=397s
[21:31:28 INFO]   val mIoU = 0.6963
[21:31:28 INFO]   ★ New best val mIoU: 0.6963
[21:31:56 INFO] Epoch 9/10  iter 50/743  loss=0.0969  lr=1.16e-05
[21:32:22 INFO] Epoch 9/10  iter 100/743  loss=0.1873  lr=1.12e-05
[21:32:49 INFO] Epoch 9/10  iter 150/743  loss=0.3344  lr=1.08e-05
[21:33:16 INFO] Epoch 9/10  iter 200/743  loss=0.1197  lr=1.04e-05
[21:33:43 INFO] Epoch 9/10  iter 250/743  loss=0.1621  lr=9.97e-06
[21:34:09 INFO] Epoch 9/10  iter 300/743  loss=0.1070  lr=9.57e-06
[21:34:36 INFO] Epoch 9/10  iter 350/743  loss=0.0801  lr=9.17e-06
[21:35:03 INFO] Epoch 9/10  iter 400/743  loss=0.3116  lr=8.76e-06
[21:35:29 INFO] Epoch 9/10  iter 450/743  loss=0.2050  lr=8.36e-06
[21:35:56 INFO] Epoch 9/10  iter 500/743  loss=0.2138  lr=7.95e-06
[21:36:23 INFO] Epoch 9/10  iter 550/743  loss=0.1291  lr=7.55e-06
[21:36:49 INFO] Epoch 9/10  iter 600/743  loss=0.1042  lr=7.15e-06
[21:37:16 INFO] Epoch 9/10  iter 650/743  loss=0.1524  lr=6.74e-06
[21:37:43 INFO] Epoch 9/10  iter 700/743  loss=0.1306  lr=6.34e-06
[21:38:06 INFO] Epoch 9 complete — avg_loss=0.1753  time=397s
[21:38:34 INFO] Epoch 10/10  iter 50/743  loss=0.1211  lr=5.59e-06
[21:39:00 INFO] Epoch 10/10  iter 100/743  loss=0.1496  lr=5.18e-06
[21:39:27 INFO] Epoch 10/10  iter 150/743  loss=0.1706  lr=4.78e-06
[21:39:54 INFO] Epoch 10/10  iter 200/743  loss=0.2115  lr=4.38e-06
[21:40:20 INFO] Epoch 10/10  iter 250/743  loss=0.0990  lr=3.97e-06
[21:40:47 INFO] Epoch 10/10  iter 300/743  loss=0.1211  lr=3.57e-06
[21:41:14 INFO] Epoch 10/10  iter 350/743  loss=0.1519  lr=3.17e-06
[21:41:41 INFO] Epoch 10/10  iter 400/743  loss=0.0630  lr=2.76e-06
[21:42:07 INFO] Epoch 10/10  iter 450/743  loss=0.0978  lr=2.36e-06
[21:42:34 INFO] Epoch 10/10  iter 500/743  loss=0.1086  lr=1.95e-06
[21:43:01 INFO] Epoch 10/10  iter 550/743  loss=0.7571  lr=1.55e-06
[21:43:27 INFO] Epoch 10/10  iter 600/743  loss=0.1709  lr=1.15e-06
[21:43:54 INFO] Epoch 10/10  iter 650/743  loss=0.2034  lr=7.43e-07
[21:44:21 INFO] Epoch 10/10  iter 700/743  loss=0.2333  lr=3.39e-07
[21:44:44 INFO] Epoch 10 complete — avg_loss=0.1675  time=398s
[21:48:24 INFO]   val mIoU = 0.7102
[21:48:25 INFO]   ★ New best val mIoU: 0.7102
[21:48:25 INFO] Training complete. Best val mIoU = 0.7102
>>> Evaluating: poc_mit_b2_baseline
[21:48:34 INFO] Device: cuda
/home/taah3149/Documents/Group_Studies/fog-augmentation/src/models.py:74: FutureWarning: You are using `torch.load` with `weights_only=False` (the current default value), which uses the default pickle module implicitly. It is possible to construct malicious pickle data which will execute arbitrary code during unpickling (See https://github.com/pytorch/pytorch/blob/main/SECURITY.md#untrusted-models for more details). In a future release, the default value for `weights_only` will be flipped to `True`. This limits the functions that could be executed during unpickling. Arbitrary objects will no longer be allowed to be loaded via this mode unless they are explicitly allowlisted by the user via `torch.serialization.add_safe_globals`. We recommend you start setting `weights_only=True` for any use case where you don't have full control of the loaded file. Please open an issue on GitHub for any issues related to this experimental feature.
  state = torch.load(str(checkpoint), map_location="cpu")
Model backend: smp (encoder=mit_b2, architecture=fpn)
Loaded checkpoint: results/poc_mit_b2_baseline/best.pth
[21:48:38 INFO] ACDC fog val: 100 samples
[21:49:23 INFO]   100/100 processed
[21:49:23 INFO] mIoU = 0.5229
[21:49:23 INFO]   road                 0.8446
[21:49:23 INFO]   sidewalk             0.6379
[21:49:23 INFO]   building             0.7078
[21:49:23 INFO]   wall                 0.3068
[21:49:23 INFO]   fence                0.2973
[21:49:23 INFO]   pole                 0.3881
[21:49:23 INFO]   traffic light        0.5904
[21:49:23 INFO]   traffic sign         0.4771
[21:49:23 INFO]   vegetation           0.7687
[21:49:23 INFO]   terrain              0.4500
[21:49:23 INFO]   sky                  0.9508
[21:49:23 INFO]   person               0.4421
[21:49:23 INFO]   rider                0.5514
[21:49:23 INFO]   car                  0.7138
[21:49:23 INFO]   truck                0.3237
[21:49:23 INFO]   bus                  0.0778
[21:49:23 INFO]   train                0.7826
[21:49:23 INFO]   motorcycle           0.0583
[21:49:23 INFO]   bicycle              0.5652
[21:49:23 INFO] Results saved → results/poc_mit_b2_baseline/acdc_eval.json
>>> Done: poc_mit_b2_baseline

>>> Training (fresh start): poc_resnet101_nndepth_best
[21:49:29 INFO] Device: cuda
/usr/lib64/python3.11/tarfile.py:2303: RuntimeWarning: The default behavior of tarfile extraction has been changed to disallow common exploits (including CVE-2007-4559). By default, absolute/parent paths are disallowed and some mode bits are cleared. See https://access.redhat.com/articles/7004769 for more details.
  warnings.warn(
Model backend: smp (encoder=resnet101, architecture=deeplabv3plus)
[21:49:32 INFO] Using fog cache: data/fog_cache/nn_depth_base_b0005
[21:49:32 INFO] fog_prob: 0.3
[21:49:34 INFO] Train: 2975 samples  |  Val: 500 samples
[21:50:00 INFO] Epoch 1/10  iter 50/743  loss=1.4788  lr=5.96e-05
[21:50:25 INFO] Epoch 1/10  iter 100/743  loss=1.2042  lr=5.92e-05
[21:50:51 INFO] Epoch 1/10  iter 150/743  loss=0.8321  lr=5.88e-05
[21:51:16 INFO] Epoch 1/10  iter 200/743  loss=0.7994  lr=5.84e-05
[21:51:41 INFO] Epoch 1/10  iter 250/743  loss=1.2179  lr=5.80e-05
[21:52:06 INFO] Epoch 1/10  iter 300/743  loss=0.6380  lr=5.76e-05
[21:52:32 INFO] Epoch 1/10  iter 350/743  loss=0.6901  lr=5.72e-05
[21:52:57 INFO] Epoch 1/10  iter 400/743  loss=0.3882  lr=5.68e-05
[21:53:22 INFO] Epoch 1/10  iter 450/743  loss=0.3769  lr=5.64e-05
[21:53:47 INFO] Epoch 1/10  iter 500/743  loss=0.4675  lr=5.60e-05
[21:54:13 INFO] Epoch 1/10  iter 550/743  loss=0.6742  lr=5.56e-05
[21:54:38 INFO] Epoch 1/10  iter 600/743  loss=0.3645  lr=5.51e-05
[21:55:03 INFO] Epoch 1/10  iter 650/743  loss=0.7265  lr=5.47e-05
[21:55:28 INFO] Epoch 1/10  iter 700/743  loss=1.0544  lr=5.43e-05
[21:55:50 INFO] Epoch 1 complete — avg_loss=0.8212  time=377s
[21:56:17 INFO] Epoch 2/10  iter 50/743  loss=0.7291  lr=5.36e-05
[21:56:42 INFO] Epoch 2/10  iter 100/743  loss=0.3945  lr=5.32e-05
[21:57:07 INFO] Epoch 2/10  iter 150/743  loss=0.2287  lr=5.28e-05
[21:57:32 INFO] Epoch 2/10  iter 200/743  loss=0.2863  lr=5.24e-05
[21:57:58 INFO] Epoch 2/10  iter 250/743  loss=0.2690  lr=5.20e-05
[21:58:23 INFO] Epoch 2/10  iter 300/743  loss=0.6978  lr=5.16e-05
[21:58:48 INFO] Epoch 2/10  iter 350/743  loss=0.6593  lr=5.12e-05
[21:59:13 INFO] Epoch 2/10  iter 400/743  loss=0.3894  lr=5.08e-05
[21:59:39 INFO] Epoch 2/10  iter 450/743  loss=0.4006  lr=5.04e-05
[22:00:04 INFO] Epoch 2/10  iter 500/743  loss=0.3021  lr=5.00e-05
[22:00:29 INFO] Epoch 2/10  iter 550/743  loss=0.4785  lr=4.96e-05
[22:00:54 INFO] Epoch 2/10  iter 600/743  loss=0.4363  lr=4.91e-05
[22:01:20 INFO] Epoch 2/10  iter 650/743  loss=0.2326  lr=4.87e-05
[22:01:45 INFO] Epoch 2/10  iter 700/743  loss=0.1549  lr=4.83e-05
[22:02:07 INFO] Epoch 2 complete — avg_loss=0.4177  time=376s
[22:03:37 INFO]   val mIoU = 0.4850
[22:03:38 INFO]   ★ New best val mIoU: 0.4850
[22:04:05 INFO] Epoch 3/10  iter 50/743  loss=0.1821  lr=4.76e-05
[22:04:30 INFO] Epoch 3/10  iter 100/743  loss=0.2016  lr=4.72e-05
[22:04:55 INFO] Epoch 3/10  iter 150/743  loss=0.3915  lr=4.68e-05
[22:05:20 INFO] Epoch 3/10  iter 200/743  loss=0.3273  lr=4.64e-05
[22:05:45 INFO] Epoch 3/10  iter 250/743  loss=0.1634  lr=4.60e-05
[22:06:11 INFO] Epoch 3/10  iter 300/743  loss=0.2779  lr=4.56e-05
[22:06:36 INFO] Epoch 3/10  iter 350/743  loss=1.1515  lr=4.52e-05
[22:07:01 INFO] Epoch 3/10  iter 400/743  loss=0.3118  lr=4.48e-05
[22:07:26 INFO] Epoch 3/10  iter 450/743  loss=0.1959  lr=4.44e-05
[22:07:52 INFO] Epoch 3/10  iter 500/743  loss=0.2911  lr=4.40e-05
[22:08:17 INFO] Epoch 3/10  iter 550/743  loss=0.3753  lr=4.36e-05
[22:08:42 INFO] Epoch 3/10  iter 600/743  loss=0.3628  lr=4.31e-05
[22:09:07 INFO] Epoch 3/10  iter 650/743  loss=0.4296  lr=4.27e-05
[22:09:33 INFO] Epoch 3/10  iter 700/743  loss=0.1869  lr=4.23e-05
[22:09:54 INFO] Epoch 3 complete — avg_loss=0.3387  time=376s
[22:10:21 INFO] Epoch 4/10  iter 50/743  loss=1.1624  lr=4.16e-05
[22:10:46 INFO] Epoch 4/10  iter 100/743  loss=0.3099  lr=4.12e-05
[22:11:12 INFO] Epoch 4/10  iter 150/743  loss=0.4974  lr=4.08e-05
[22:11:37 INFO] Epoch 4/10  iter 200/743  loss=0.4542  lr=4.04e-05
[22:12:02 INFO] Epoch 4/10  iter 250/743  loss=0.2822  lr=4.00e-05
[22:12:28 INFO] Epoch 4/10  iter 300/743  loss=0.2180  lr=3.96e-05
[22:12:53 INFO] Epoch 4/10  iter 350/743  loss=0.2603  lr=3.92e-05
[22:13:18 INFO] Epoch 4/10  iter 400/743  loss=0.3202  lr=3.88e-05
[22:13:43 INFO] Epoch 4/10  iter 450/743  loss=0.7042  lr=3.84e-05
[22:14:08 INFO] Epoch 4/10  iter 500/743  loss=0.2192  lr=3.80e-05
[22:14:34 INFO] Epoch 4/10  iter 550/743  loss=0.2732  lr=3.76e-05
[22:14:59 INFO] Epoch 4/10  iter 600/743  loss=0.4265  lr=3.71e-05
[22:15:24 INFO] Epoch 4/10  iter 650/743  loss=0.2965  lr=3.67e-05
[22:15:49 INFO] Epoch 4/10  iter 700/743  loss=0.2562  lr=3.63e-05
[22:16:11 INFO] Epoch 4 complete — avg_loss=0.3081  time=376s
[22:17:44 INFO]   val mIoU = 0.5501
[22:17:44 INFO]   ★ New best val mIoU: 0.5501
[22:18:11 INFO] Epoch 5/10  iter 50/743  loss=0.3111  lr=3.56e-05
[22:18:36 INFO] Epoch 5/10  iter 100/743  loss=0.1585  lr=3.52e-05
[22:19:01 INFO] Epoch 5/10  iter 150/743  loss=0.1732  lr=3.48e-05
[22:19:27 INFO] Epoch 5/10  iter 200/743  loss=0.6407  lr=3.44e-05
[22:19:52 INFO] Epoch 5/10  iter 250/743  loss=0.1425  lr=3.40e-05
[22:20:17 INFO] Epoch 5/10  iter 300/743  loss=0.3007  lr=3.36e-05
[22:20:42 INFO] Epoch 5/10  iter 350/743  loss=0.3649  lr=3.32e-05
[22:21:08 INFO] Epoch 5/10  iter 400/743  loss=0.1793  lr=3.28e-05
[22:21:33 INFO] Epoch 5/10  iter 450/743  loss=0.2542  lr=3.24e-05
[22:21:58 INFO] Epoch 5/10  iter 500/743  loss=0.2406  lr=3.20e-05
[22:22:23 INFO] Epoch 5/10  iter 550/743  loss=0.4335  lr=3.16e-05
[22:22:49 INFO] Epoch 5/10  iter 600/743  loss=0.1603  lr=3.11e-05
[22:23:14 INFO] Epoch 5/10  iter 650/743  loss=0.4613  lr=3.07e-05
[22:23:39 INFO] Epoch 5/10  iter 700/743  loss=0.4535  lr=3.03e-05
[22:24:01 INFO] Epoch 5 complete — avg_loss=0.2869  time=376s
[22:24:27 INFO] Epoch 6/10  iter 50/743  loss=0.1447  lr=2.96e-05
[22:24:52 INFO] Epoch 6/10  iter 100/743  loss=0.1966  lr=2.92e-05
[22:25:18 INFO] Epoch 6/10  iter 150/743  loss=0.2000  lr=2.88e-05
[22:25:43 INFO] Epoch 6/10  iter 200/743  loss=0.2185  lr=2.84e-05
[22:26:08 INFO] Epoch 6/10  iter 250/743  loss=0.3451  lr=2.80e-05
[22:26:33 INFO] Epoch 6/10  iter 300/743  loss=0.4835  lr=2.76e-05
[22:26:59 INFO] Epoch 6/10  iter 350/743  loss=0.2128  lr=2.72e-05
[22:27:24 INFO] Epoch 6/10  iter 400/743  loss=0.1807  lr=2.68e-05
[22:27:49 INFO] Epoch 6/10  iter 450/743  loss=0.1903  lr=2.64e-05
[22:28:14 INFO] Epoch 6/10  iter 500/743  loss=0.1939  lr=2.60e-05
[22:28:40 INFO] Epoch 6/10  iter 550/743  loss=0.1500  lr=2.56e-05
[22:29:05 INFO] Epoch 6/10  iter 600/743  loss=0.2285  lr=2.51e-05
[22:29:30 INFO] Epoch 6/10  iter 650/743  loss=0.3653  lr=2.47e-05
[22:29:55 INFO] Epoch 6/10  iter 700/743  loss=0.1670  lr=2.43e-05
[22:30:17 INFO] Epoch 6 complete — avg_loss=0.2557  time=375s
[22:31:49 INFO]   val mIoU = 0.6192
[22:31:50 INFO]   ★ New best val mIoU: 0.6192
[22:32:16 INFO] Epoch 7/10  iter 50/743  loss=0.2073  lr=2.36e-05
[22:32:42 INFO] Epoch 7/10  iter 100/743  loss=0.1057  lr=2.32e-05
[22:33:07 INFO] Epoch 7/10  iter 150/743  loss=0.3226  lr=2.28e-05
[22:33:32 INFO] Epoch 7/10  iter 200/743  loss=0.3506  lr=2.24e-05
[22:33:57 INFO] Epoch 7/10  iter 250/743  loss=0.2683  lr=2.20e-05
[22:34:23 INFO] Epoch 7/10  iter 300/743  loss=0.6570  lr=2.16e-05
[22:34:48 INFO] Epoch 7/10  iter 350/743  loss=0.2561  lr=2.12e-05
[22:35:13 INFO] Epoch 7/10  iter 400/743  loss=0.2039  lr=2.08e-05
[22:35:38 INFO] Epoch 7/10  iter 450/743  loss=0.2326  lr=2.04e-05
[22:36:04 INFO] Epoch 7/10  iter 500/743  loss=0.1053  lr=2.00e-05
[22:36:29 INFO] Epoch 7/10  iter 550/743  loss=0.3186  lr=1.96e-05
[22:36:54 INFO] Epoch 7/10  iter 600/743  loss=0.3583  lr=1.91e-05
[22:37:20 INFO] Epoch 7/10  iter 650/743  loss=0.2738  lr=1.87e-05
[22:37:45 INFO] Epoch 7/10  iter 700/743  loss=0.4036  lr=1.83e-05
[22:38:06 INFO] Epoch 7 complete — avg_loss=0.2424  time=376s
[22:38:33 INFO] Epoch 8/10  iter 50/743  loss=0.1293  lr=1.76e-05
[22:38:58 INFO] Epoch 8/10  iter 100/743  loss=0.2608  lr=1.72e-05
[22:39:23 INFO] Epoch 8/10  iter 150/743  loss=0.2092  lr=1.68e-05
[22:39:49 INFO] Epoch 8/10  iter 200/743  loss=0.1999  lr=1.64e-05
[22:40:14 INFO] Epoch 8/10  iter 250/743  loss=0.1262  lr=1.60e-05
[22:40:39 INFO] Epoch 8/10  iter 300/743  loss=0.1653  lr=1.56e-05
[22:41:04 INFO] Epoch 8/10  iter 350/743  loss=0.3068  lr=1.52e-05
[22:41:29 INFO] Epoch 8/10  iter 400/743  loss=0.3082  lr=1.48e-05
[22:41:55 INFO] Epoch 8/10  iter 450/743  loss=0.2288  lr=1.44e-05
[22:42:20 INFO] Epoch 8/10  iter 500/743  loss=0.2897  lr=1.40e-05
[22:42:45 INFO] Epoch 8/10  iter 550/743  loss=0.2902  lr=1.36e-05
[22:43:10 INFO] Epoch 8/10  iter 600/743  loss=0.1462  lr=1.31e-05
[22:43:35 INFO] Epoch 8/10  iter 650/743  loss=0.2237  lr=1.27e-05
[22:44:01 INFO] Epoch 8/10  iter 700/743  loss=0.2778  lr=1.23e-05
[22:44:23 INFO] Epoch 8 complete — avg_loss=0.2279  time=376s
[22:45:55 INFO]   val mIoU = 0.6366
[22:45:56 INFO]   ★ New best val mIoU: 0.6366
[22:46:22 INFO] Epoch 9/10  iter 50/743  loss=0.2433  lr=1.16e-05
[22:46:47 INFO] Epoch 9/10  iter 100/743  loss=0.2088  lr=1.12e-05
[22:47:13 INFO] Epoch 9/10  iter 150/743  loss=0.2040  lr=1.08e-05
[22:47:38 INFO] Epoch 9/10  iter 200/743  loss=0.1487  lr=1.04e-05
[22:48:03 INFO] Epoch 9/10  iter 250/743  loss=0.2697  lr=9.97e-06
[22:48:28 INFO] Epoch 9/10  iter 300/743  loss=0.1868  lr=9.57e-06
[22:48:53 INFO] Epoch 9/10  iter 350/743  loss=0.1611  lr=9.17e-06
[22:49:19 INFO] Epoch 9/10  iter 400/743  loss=0.2075  lr=8.76e-06
[22:49:44 INFO] Epoch 9/10  iter 450/743  loss=0.1423  lr=8.36e-06
[22:50:09 INFO] Epoch 9/10  iter 500/743  loss=0.2100  lr=7.95e-06
[22:50:34 INFO] Epoch 9/10  iter 550/743  loss=0.3310  lr=7.55e-06
[22:51:00 INFO] Epoch 9/10  iter 600/743  loss=0.1580  lr=7.15e-06
[22:51:25 INFO] Epoch 9/10  iter 650/743  loss=0.1651  lr=6.74e-06
[22:51:50 INFO] Epoch 9/10  iter 700/743  loss=0.1746  lr=6.34e-06
[22:52:12 INFO] Epoch 9 complete — avg_loss=0.2258  time=375s
[22:52:38 INFO] Epoch 10/10  iter 50/743  loss=0.5072  lr=5.59e-06
[22:53:04 INFO] Epoch 10/10  iter 100/743  loss=0.1209  lr=5.18e-06
[22:53:29 INFO] Epoch 10/10  iter 150/743  loss=0.2044  lr=4.78e-06
[22:53:54 INFO] Epoch 10/10  iter 200/743  loss=0.1863  lr=4.38e-06
[22:54:19 INFO] Epoch 10/10  iter 250/743  loss=0.0799  lr=3.97e-06
[22:54:44 INFO] Epoch 10/10  iter 300/743  loss=0.2162  lr=3.57e-06
[22:55:10 INFO] Epoch 10/10  iter 350/743  loss=0.2217  lr=3.17e-06
[22:55:35 INFO] Epoch 10/10  iter 400/743  loss=0.3293  lr=2.76e-06
[22:56:00 INFO] Epoch 10/10  iter 450/743  loss=0.2386  lr=2.36e-06
[22:56:25 INFO] Epoch 10/10  iter 500/743  loss=0.1984  lr=1.95e-06
[22:56:51 INFO] Epoch 10/10  iter 550/743  loss=0.1734  lr=1.55e-06
[22:57:16 INFO] Epoch 10/10  iter 600/743  loss=0.1379  lr=1.15e-06
[22:57:41 INFO] Epoch 10/10  iter 650/743  loss=0.3838  lr=7.43e-07
[22:58:07 INFO] Epoch 10/10  iter 700/743  loss=0.1841  lr=3.39e-07
[22:58:28 INFO] Epoch 10 complete — avg_loss=0.2102  time=376s
[23:00:05 INFO]   val mIoU = 0.6483
[23:00:05 INFO]   ★ New best val mIoU: 0.6483
[23:00:06 INFO] Training complete. Best val mIoU = 0.6483
>>> Evaluating: poc_resnet101_nndepth_best
[23:00:13 INFO] Device: cuda
/usr/lib64/python3.11/tarfile.py:2303: RuntimeWarning: The default behavior of tarfile extraction has been changed to disallow common exploits (including CVE-2007-4559). By default, absolute/parent paths are disallowed and some mode bits are cleared. See https://access.redhat.com/articles/7004769 for more details.
  warnings.warn(
/home/taah3149/Documents/Group_Studies/fog-augmentation/src/models.py:74: FutureWarning: You are using `torch.load` with `weights_only=False` (the current default value), which uses the default pickle module implicitly. It is possible to construct malicious pickle data which will execute arbitrary code during unpickling (See https://github.com/pytorch/pytorch/blob/main/SECURITY.md#untrusted-models for more details). In a future release, the default value for `weights_only` will be flipped to `True`. This limits the functions that could be executed during unpickling. Arbitrary objects will no longer be allowed to be loaded via this mode unless they are explicitly allowlisted by the user via `torch.serialization.add_safe_globals`. We recommend you start setting `weights_only=True` for any use case where you don't have full control of the loaded file. Please open an issue on GitHub for any issues related to this experimental feature.
  state = torch.load(str(checkpoint), map_location="cpu")
Model backend: smp (encoder=resnet101, architecture=deeplabv3plus)
Traceback (most recent call last):
  File "/home/taah3149/Documents/Group_Studies/fog-augmentation/src/evaluate.py", line 120, in <module>
    evaluate(args.config, args.checkpoint, args.acdc_root, args.output)
  File "/home/taah3149/Documents/Group_Studies/fog-augmentation/src/evaluate.py", line 63, in evaluate
    model = build_model(
            ^^^^^^^^^^^^
  File "/home/taah3149/Documents/Group_Studies/fog-augmentation/src/models.py", line 145, in build_model
    return _build_smp(num_classes=num_classes, checkpoint=checkpoint,
           ^^^^^^^^^^^^^^^^^^^^^^^^^^^^^^^^^^^^^^^^^^^^^^^^^^^^^^^^^^
  File "/home/taah3149/Documents/Group_Studies/fog-augmentation/src/models.py", line 74, in _build_smp
    state = torch.load(str(checkpoint), map_location="cpu")
            ^^^^^^^^^^^^^^^^^^^^^^^^^^^^^^^^^^^^^^^^^^^^^^^
  File "/home/taah3149/Documents/Group_Studies/.venv/lib64/python3.11/site-packages/torch/serialization.py", line 1319, in load
    with _open_file_like(f, "rb") as opened_file:
         ^^^^^^^^^^^^^^^^^^^^^^^^
  File "/home/taah3149/Documents/Group_Studies/.venv/lib64/python3.11/site-packages/torch/serialization.py", line 659, in _open_file_like
    return _open_file(name_or_buffer, mode)
           ^^^^^^^^^^^^^^^^^^^^^^^^^^^^^^^^
  File "/home/taah3149/Documents/Group_Studies/.venv/lib64/python3.11/site-packages/torch/serialization.py", line 640, in __init__
    super().__init__(open(name, mode))
                     ^^^^^^^^^^^^^^^^
FileNotFoundError: [Errno 2] No such file or directory: 'results/poc_resnet101_nndepth_best/best.pth'
=== Backbone POC (resnet101/DeepLabV3+ vs mit_b2/FPN, 10 epochs) ===
Timestamp: Tue Jul  7 15:44:11 CEST 2026

>>> Skipping train (already complete): poc_resnet101_baseline
>>> Skipping eval (already done): poc_resnet101_baseline
>>> Done: poc_resnet101_baseline

>>> Skipping train (already complete): poc_mit_b2_baseline
>>> Skipping eval (already done): poc_mit_b2_baseline
>>> Done: poc_mit_b2_baseline

>>> Resuming: poc_resnet101_nndepth_best (from results/poc_resnet101_nndepth/latest.pth)
[15:44:27 INFO] Device: cuda
/usr/lib64/python3.11/tarfile.py:2303: RuntimeWarning: The default behavior of tarfile extraction has been changed to disallow common exploits (including CVE-2007-4559). By default, absolute/parent paths are disallowed and some mode bits are cleared. See https://access.redhat.com/articles/7004769 for more details.
  warnings.warn(
Model backend: smp (encoder=resnet101, architecture=deeplabv3plus)
[15:44:32 INFO] Using fog cache: data/fog_cache/nn_depth_base_b0005
[15:44:32 INFO] fog_prob: 0.3
[15:44:33 INFO] Train: 2975 samples  |  Val: 500 samples
/home/taah3149/Documents/Group_Studies/fog-augmentation/src/train.py:322: FutureWarning: You are using `torch.load` with `weights_only=False` (the current default value), which uses the default pickle module implicitly. It is possible to construct malicious pickle data which will execute arbitrary code during unpickling (See https://github.com/pytorch/pytorch/blob/main/SECURITY.md#untrusted-models for more details). In a future release, the default value for `weights_only` will be flipped to `True`. This limits the functions that could be executed during unpickling. Arbitrary objects will no longer be allowed to be loaded via this mode unless they are explicitly allowlisted by the user via `torch.serialization.add_safe_globals`. We recommend you start setting `weights_only=True` for any use case where you don't have full control of the loaded file. Please open an issue on GitHub for any issues related to this experimental feature.
  ckpt = torch.load(cfg["training"]["resume"], map_location=device)
[15:44:38 INFO] Resumed from epoch 10  best_mIoU=0.6483
[15:44:38 INFO] Training complete. Best val mIoU = 0.6483
>>> Evaluating: poc_resnet101_nndepth_best
[15:44:45 INFO] Device: cuda
/usr/lib64/python3.11/tarfile.py:2303: RuntimeWarning: The default behavior of tarfile extraction has been changed to disallow common exploits (including CVE-2007-4559). By default, absolute/parent paths are disallowed and some mode bits are cleared. See https://access.redhat.com/articles/7004769 for more details.
  warnings.warn(
/home/taah3149/Documents/Group_Studies/fog-augmentation/src/models.py:74: FutureWarning: You are using `torch.load` with `weights_only=False` (the current default value), which uses the default pickle module implicitly. It is possible to construct malicious pickle data which will execute arbitrary code during unpickling (See https://github.com/pytorch/pytorch/blob/main/SECURITY.md#untrusted-models for more details). In a future release, the default value for `weights_only` will be flipped to `True`. This limits the functions that could be executed during unpickling. Arbitrary objects will no longer be allowed to be loaded via this mode unless they are explicitly allowlisted by the user via `torch.serialization.add_safe_globals`. We recommend you start setting `weights_only=True` for any use case where you don't have full control of the loaded file. Please open an issue on GitHub for any issues related to this experimental feature.
  state = torch.load(str(checkpoint), map_location="cpu")
Model backend: smp (encoder=resnet101, architecture=deeplabv3plus)
Loaded checkpoint: results/poc_resnet101_nndepth/best.pth
[15:44:50 INFO] ACDC fog val: 100 samples
[15:45:09 INFO]   100/100 processed
[15:45:09 INFO] mIoU = 0.4463
[15:45:09 INFO]   road                 0.9349
[15:45:09 INFO]   sidewalk             0.6901
[15:45:09 INFO]   building             0.6856
[15:45:09 INFO]   wall                 0.1822
[15:45:09 INFO]   fence                0.2720
[15:45:09 INFO]   pole                 0.2206
[15:45:09 INFO]   traffic light        0.5583
[15:45:09 INFO]   traffic sign         0.5183
[15:45:09 INFO]   vegetation           0.8167
[15:45:09 INFO]   terrain              0.4783
[15:45:09 INFO]   sky                  0.9498
[15:45:09 INFO]   person               0.2176
[15:45:09 INFO]   rider                0.5153
[15:45:09 INFO]   car                  0.5981
[15:45:09 INFO]   truck                0.1439
[15:45:09 INFO]   bus                  0.1745
[15:45:09 INFO]   train                0.0168
[15:45:09 INFO]   motorcycle           0.0851
[15:45:09 INFO]   bicycle              0.4216
[15:45:09 INFO] Results saved → results/poc_resnet101_nndepth/acdc_eval.json
>>> Done: poc_resnet101_nndepth_best

>>> Training (fresh start): poc_mit_b2_nndepth_best
[15:45:16 INFO] Device: cuda
Model backend: smp (encoder=mit_b2, architecture=fpn)
[15:45:19 INFO] Using fog cache: data/fog_cache/nn_depth_base_b0005
[15:45:19 INFO] fog_prob: 0.3
[15:45:19 INFO] Train: 2975 samples  |  Val: 500 samples
[15:45:50 INFO] Epoch 1/10  iter 50/743  loss=1.5994  lr=5.96e-05
[15:46:20 INFO] Epoch 1/10  iter 100/743  loss=0.8961  lr=5.92e-05
[15:46:49 INFO] Epoch 1/10  iter 150/743  loss=0.5195  lr=5.88e-05
[15:47:19 INFO] Epoch 1/10  iter 200/743  loss=0.8452  lr=5.84e-05
[15:47:49 INFO] Epoch 1/10  iter 250/743  loss=0.4534  lr=5.80e-05
[15:48:18 INFO] Epoch 1/10  iter 300/743  loss=0.2873  lr=5.76e-05
[15:48:48 INFO] Epoch 1/10  iter 350/743  loss=0.9374  lr=5.72e-05
[15:49:04 INFO] Epoch 1/10  iter 400/743  loss=0.4019  lr=5.68e-05
[15:49:20 INFO] Epoch 1/10  iter 450/743  loss=0.3939  lr=5.64e-05
[15:49:38 INFO] Epoch 1/10  iter 500/743  loss=0.2427  lr=5.60e-05
[15:50:07 INFO] Epoch 1/10  iter 550/743  loss=1.0316  lr=5.56e-05
[15:50:37 INFO] Epoch 1/10  iter 600/743  loss=0.2287  lr=5.51e-05
[15:51:06 INFO] Epoch 1/10  iter 650/743  loss=0.3717  lr=5.47e-05
[15:51:36 INFO] Epoch 1/10  iter 700/743  loss=0.4151  lr=5.43e-05
[15:52:02 INFO] Epoch 1 complete — avg_loss=0.6374  time=403s
[15:52:32 INFO] Epoch 2/10  iter 50/743  loss=0.1968  lr=5.36e-05
[15:53:02 INFO] Epoch 2/10  iter 100/743  loss=0.2653  lr=5.32e-05
[15:53:31 INFO] Epoch 2/10  iter 150/743  loss=0.2237  lr=5.28e-05
[15:54:01 INFO] Epoch 2/10  iter 200/743  loss=0.3995  lr=5.24e-05
[15:54:31 INFO] Epoch 2/10  iter 250/743  loss=0.2637  lr=5.20e-05
[15:55:00 INFO] Epoch 2/10  iter 300/743  loss=0.2004  lr=5.16e-05
[15:55:30 INFO] Epoch 2/10  iter 350/743  loss=0.1933  lr=5.12e-05
[15:55:59 INFO] Epoch 2/10  iter 400/743  loss=0.2193  lr=5.08e-05
[15:56:29 INFO] Epoch 2/10  iter 450/743  loss=0.5238  lr=5.04e-05
[15:56:59 INFO] Epoch 2/10  iter 500/743  loss=0.2927  lr=5.00e-05
[15:57:28 INFO] Epoch 2/10  iter 550/743  loss=0.2975  lr=4.96e-05
[15:57:58 INFO] Epoch 2/10  iter 600/743  loss=0.4435  lr=4.91e-05
[15:58:28 INFO] Epoch 2/10  iter 650/743  loss=0.1862  lr=4.87e-05
[15:58:57 INFO] Epoch 2/10  iter 700/743  loss=0.4904  lr=4.83e-05
[15:59:23 INFO] Epoch 2 complete — avg_loss=0.3276  time=441s
[16:03:24 INFO]   val mIoU = 0.5700
[16:03:24 INFO]   ★ New best val mIoU: 0.5700
[16:03:55 INFO] Epoch 3/10  iter 50/743  loss=0.2365  lr=4.76e-05
[16:04:25 INFO] Epoch 3/10  iter 100/743  loss=0.1929  lr=4.72e-05
[16:04:54 INFO] Epoch 3/10  iter 150/743  loss=0.2863  lr=4.68e-05
[16:05:24 INFO] Epoch 3/10  iter 200/743  loss=0.6392  lr=4.64e-05
[16:05:54 INFO] Epoch 3/10  iter 250/743  loss=0.3079  lr=4.60e-05
[16:06:23 INFO] Epoch 3/10  iter 300/743  loss=0.3352  lr=4.56e-05
[16:06:53 INFO] Epoch 3/10  iter 350/743  loss=0.2647  lr=4.52e-05
[16:07:23 INFO] Epoch 3/10  iter 400/743  loss=0.3033  lr=4.48e-05
[16:07:52 INFO] Epoch 3/10  iter 450/743  loss=0.2331  lr=4.44e-05
[16:08:22 INFO] Epoch 3/10  iter 500/743  loss=0.4760  lr=4.40e-05
[16:08:51 INFO] Epoch 3/10  iter 550/743  loss=0.0896  lr=4.36e-05
[16:09:21 INFO] Epoch 3/10  iter 600/743  loss=0.3287  lr=4.31e-05
[16:09:51 INFO] Epoch 3/10  iter 650/743  loss=0.1875  lr=4.27e-05
[16:10:20 INFO] Epoch 3/10  iter 700/743  loss=0.3500  lr=4.23e-05
[16:10:46 INFO] Epoch 3 complete — avg_loss=0.2787  time=441s
[16:11:16 INFO] Epoch 4/10  iter 50/743  loss=0.2363  lr=4.16e-05
[16:11:46 INFO] Epoch 4/10  iter 100/743  loss=0.2454  lr=4.12e-05
[16:12:15 INFO] Epoch 4/10  iter 150/743  loss=0.1672  lr=4.08e-05
[16:12:43 INFO] Epoch 4/10  iter 200/743  loss=0.2359  lr=4.04e-05
[16:13:11 INFO] Epoch 4/10  iter 250/743  loss=0.2243  lr=4.00e-05
[16:13:38 INFO] Epoch 4/10  iter 300/743  loss=0.2749  lr=3.96e-05
[16:14:06 INFO] Epoch 4/10  iter 350/743  loss=0.6405  lr=3.92e-05
[16:14:34 INFO] Epoch 4/10  iter 400/743  loss=0.1647  lr=3.88e-05
[16:15:02 INFO] Epoch 4/10  iter 450/743  loss=0.1804  lr=3.84e-05
[16:15:30 INFO] Epoch 4/10  iter 500/743  loss=0.2132  lr=3.80e-05
[16:15:57 INFO] Epoch 4/10  iter 550/743  loss=0.2549  lr=3.76e-05
[16:16:25 INFO] Epoch 4/10  iter 600/743  loss=0.3050  lr=3.71e-05
[16:16:53 INFO] Epoch 4/10  iter 650/743  loss=0.1747  lr=3.67e-05
[16:17:21 INFO] Epoch 4/10  iter 700/743  loss=0.2621  lr=3.63e-05
[16:17:45 INFO] Epoch 4 complete — avg_loss=0.2446  time=418s
[16:21:40 INFO]   val mIoU = 0.6408
[16:21:40 INFO]   ★ New best val mIoU: 0.6408
[16:22:09 INFO] Epoch 5/10  iter 50/743  loss=0.1353  lr=3.56e-05
[16:22:36 INFO] Epoch 5/10  iter 100/743  loss=0.2029  lr=3.52e-05
[16:23:04 INFO] Epoch 5/10  iter 150/743  loss=0.2434  lr=3.48e-05
[16:23:32 INFO] Epoch 5/10  iter 200/743  loss=0.1964  lr=3.44e-05
[16:24:00 INFO] Epoch 5/10  iter 250/743  loss=0.1723  lr=3.40e-05
[16:24:28 INFO] Epoch 5/10  iter 300/743  loss=0.2068  lr=3.36e-05
[16:24:55 INFO] Epoch 5/10  iter 350/743  loss=0.2063  lr=3.32e-05
[16:25:23 INFO] Epoch 5/10  iter 400/743  loss=0.3131  lr=3.28e-05
[16:25:51 INFO] Epoch 5/10  iter 450/743  loss=0.8864  lr=3.24e-05
[16:26:19 INFO] Epoch 5/10  iter 500/743  loss=0.1334  lr=3.20e-05
[16:26:47 INFO] Epoch 5/10  iter 550/743  loss=0.2968  lr=3.16e-05
[16:27:15 INFO] Epoch 5/10  iter 600/743  loss=0.1647  lr=3.11e-05
[16:27:43 INFO] Epoch 5/10  iter 650/743  loss=0.1710  lr=3.07e-05
[16:28:10 INFO] Epoch 5/10  iter 700/743  loss=0.2436  lr=3.03e-05
[16:28:34 INFO] Epoch 5 complete — avg_loss=0.2295  time=414s
[16:29:03 INFO] Epoch 6/10  iter 50/743  loss=0.1144  lr=2.96e-05
[16:29:31 INFO] Epoch 6/10  iter 100/743  loss=0.0929  lr=2.92e-05
[16:29:59 INFO] Epoch 6/10  iter 150/743  loss=0.0586  lr=2.88e-05
[16:30:27 INFO] Epoch 6/10  iter 200/743  loss=0.0882  lr=2.84e-05
[16:30:55 INFO] Epoch 6/10  iter 250/743  loss=0.1797  lr=2.80e-05
[16:31:23 INFO] Epoch 6/10  iter 300/743  loss=0.3464  lr=2.76e-05
[16:31:51 INFO] Epoch 6/10  iter 350/743  loss=0.2749  lr=2.72e-05
[16:32:19 INFO] Epoch 6/10  iter 400/743  loss=0.2361  lr=2.68e-05
[16:32:46 INFO] Epoch 6/10  iter 450/743  loss=0.1143  lr=2.64e-05
[16:33:14 INFO] Epoch 6/10  iter 500/743  loss=0.1964  lr=2.60e-05
[16:33:42 INFO] Epoch 6/10  iter 550/743  loss=0.1086  lr=2.56e-05
[16:34:10 INFO] Epoch 6/10  iter 600/743  loss=0.2947  lr=2.51e-05
[16:34:38 INFO] Epoch 6/10  iter 650/743  loss=0.2280  lr=2.47e-05
[16:35:05 INFO] Epoch 6/10  iter 700/743  loss=0.1228  lr=2.43e-05
[16:35:29 INFO] Epoch 6 complete — avg_loss=0.2182  time=415s
[16:39:17 INFO]   val mIoU = 0.6555
[16:39:18 INFO]   ★ New best val mIoU: 0.6555
[16:39:46 INFO] Epoch 7/10  iter 50/743  loss=0.1988  lr=2.36e-05
[16:40:14 INFO] Epoch 7/10  iter 100/743  loss=0.2091  lr=2.32e-05
[16:40:42 INFO] Epoch 7/10  iter 150/743  loss=0.1488  lr=2.28e-05
[16:41:10 INFO] Epoch 7/10  iter 200/743  loss=0.1478  lr=2.24e-05
[16:41:37 INFO] Epoch 7/10  iter 250/743  loss=0.1640  lr=2.20e-05
[16:42:05 INFO] Epoch 7/10  iter 300/743  loss=0.2074  lr=2.16e-05
[16:42:33 INFO] Epoch 7/10  iter 350/743  loss=0.1892  lr=2.12e-05
[16:43:00 INFO] Epoch 7/10  iter 400/743  loss=0.2935  lr=2.08e-05
[16:43:28 INFO] Epoch 7/10  iter 450/743  loss=0.1433  lr=2.04e-05
[16:43:55 INFO] Epoch 7/10  iter 500/743  loss=0.1423  lr=2.00e-05
[16:44:23 INFO] Epoch 7/10  iter 550/743  loss=0.1756  lr=1.96e-05
[16:44:51 INFO] Epoch 7/10  iter 600/743  loss=0.0608  lr=1.91e-05
[16:45:18 INFO] Epoch 7/10  iter 650/743  loss=0.2360  lr=1.87e-05
[16:45:46 INFO] Epoch 7/10  iter 700/743  loss=0.0605  lr=1.83e-05
[16:46:10 INFO] Epoch 7 complete — avg_loss=0.2044  time=412s
[16:46:39 INFO] Epoch 8/10  iter 50/743  loss=0.1623  lr=1.76e-05
[16:47:06 INFO] Epoch 8/10  iter 100/743  loss=0.1286  lr=1.72e-05
[16:47:34 INFO] Epoch 8/10  iter 150/743  loss=0.1576  lr=1.68e-05
[16:48:02 INFO] Epoch 8/10  iter 200/743  loss=0.2662  lr=1.64e-05
[16:48:30 INFO] Epoch 8/10  iter 250/743  loss=0.2459  lr=1.60e-05
[16:48:58 INFO] Epoch 8/10  iter 300/743  loss=0.0843  lr=1.56e-05
[16:49:25 INFO] Epoch 8/10  iter 350/743  loss=0.1717  lr=1.52e-05
[16:49:53 INFO] Epoch 8/10  iter 400/743  loss=0.0993  lr=1.48e-05
[16:50:21 INFO] Epoch 8/10  iter 450/743  loss=0.1491  lr=1.44e-05
[16:50:49 INFO] Epoch 8/10  iter 500/743  loss=0.1847  lr=1.40e-05
[16:51:16 INFO] Epoch 8/10  iter 550/743  loss=0.1547  lr=1.36e-05
[16:51:44 INFO] Epoch 8/10  iter 600/743  loss=0.2533  lr=1.31e-05
[16:52:12 INFO] Epoch 8/10  iter 650/743  loss=0.1283  lr=1.27e-05
[16:52:40 INFO] Epoch 8/10  iter 700/743  loss=0.2291  lr=1.23e-05
[16:53:04 INFO] Epoch 8 complete — avg_loss=0.2004  time=413s
[16:56:52 INFO]   val mIoU = 0.6961
[16:56:52 INFO]   ★ New best val mIoU: 0.6961
[16:57:21 INFO] Epoch 9/10  iter 50/743  loss=0.1484  lr=1.16e-05
[16:57:49 INFO] Epoch 9/10  iter 100/743  loss=0.1541  lr=1.12e-05
[16:58:17 INFO] Epoch 9/10  iter 150/743  loss=0.3041  lr=1.08e-05
[16:58:45 INFO] Epoch 9/10  iter 200/743  loss=0.1263  lr=1.04e-05
[16:59:12 INFO] Epoch 9/10  iter 250/743  loss=0.2291  lr=9.97e-06
[16:59:40 INFO] Epoch 9/10  iter 300/743  loss=0.2174  lr=9.57e-06
[17:00:07 INFO] Epoch 9/10  iter 350/743  loss=0.0745  lr=9.17e-06
[17:00:35 INFO] Epoch 9/10  iter 400/743  loss=0.1285  lr=8.76e-06
[17:01:03 INFO] Epoch 9/10  iter 450/743  loss=0.3038  lr=8.36e-06
[17:01:31 INFO] Epoch 9/10  iter 500/743  loss=0.1446  lr=7.95e-06
[17:01:59 INFO] Epoch 9/10  iter 550/743  loss=0.1193  lr=7.55e-06
[17:02:27 INFO] Epoch 9/10  iter 600/743  loss=0.1239  lr=7.15e-06
[17:02:54 INFO] Epoch 9/10  iter 650/743  loss=0.2544  lr=6.74e-06
[17:03:22 INFO] Epoch 9/10  iter 700/743  loss=0.1538  lr=6.34e-06
[17:03:46 INFO] Epoch 9 complete — avg_loss=0.1850  time=413s
[17:04:15 INFO] Epoch 10/10  iter 50/743  loss=0.1708  lr=5.59e-06
[17:04:42 INFO] Epoch 10/10  iter 100/743  loss=0.2457  lr=5.18e-06
[17:05:10 INFO] Epoch 10/10  iter 150/743  loss=0.2011  lr=4.78e-06
[17:05:38 INFO] Epoch 10/10  iter 200/743  loss=0.2102  lr=4.38e-06
[17:06:06 INFO] Epoch 10/10  iter 250/743  loss=0.1564  lr=3.97e-06
[17:06:33 INFO] Epoch 10/10  iter 300/743  loss=0.1955  lr=3.57e-06
[17:07:01 INFO] Epoch 10/10  iter 350/743  loss=0.1549  lr=3.17e-06
[17:07:29 INFO] Epoch 10/10  iter 400/743  loss=0.3354  lr=2.76e-06
[17:07:57 INFO] Epoch 10/10  iter 450/743  loss=0.1137  lr=2.36e-06
[17:08:24 INFO] Epoch 10/10  iter 500/743  loss=0.0822  lr=1.95e-06
[17:08:52 INFO] Epoch 10/10  iter 550/743  loss=0.1156  lr=1.55e-06
[17:09:20 INFO] Epoch 10/10  iter 600/743  loss=0.1065  lr=1.15e-06
[17:09:48 INFO] Epoch 10/10  iter 650/743  loss=0.2000  lr=7.43e-07
[17:10:15 INFO] Epoch 10/10  iter 700/743  loss=0.2398  lr=3.39e-07
[17:10:39 INFO] Epoch 10 complete — avg_loss=0.1790  time=413s
[17:14:24 INFO]   val mIoU = 0.7059
[17:14:24 INFO]   ★ New best val mIoU: 0.7059
[17:14:25 INFO] Training complete. Best val mIoU = 0.7059
>>> Evaluating: poc_mit_b2_nndepth_best
[17:14:33 INFO] Device: cuda
/home/taah3149/Documents/Group_Studies/fog-augmentation/src/models.py:74: FutureWarning: You are using `torch.load` with `weights_only=False` (the current default value), which uses the default pickle module implicitly. It is possible to construct malicious pickle data which will execute arbitrary code during unpickling (See https://github.com/pytorch/pytorch/blob/main/SECURITY.md#untrusted-models for more details). In a future release, the default value for `weights_only` will be flipped to `True`. This limits the functions that could be executed during unpickling. Arbitrary objects will no longer be allowed to be loaded via this mode unless they are explicitly allowlisted by the user via `torch.serialization.add_safe_globals`. We recommend you start setting `weights_only=True` for any use case where you don't have full control of the loaded file. Please open an issue on GitHub for any issues related to this experimental feature.
  state = torch.load(str(checkpoint), map_location="cpu")
Model backend: smp (encoder=mit_b2, architecture=fpn)
Loaded checkpoint: results/poc_mit_b2_nndepth/best.pth
[17:14:37 INFO] ACDC fog val: 100 samples
[17:15:22 INFO]   100/100 processed
[17:15:22 INFO] mIoU = 0.5471
[17:15:22 INFO]   road                 0.8907
[17:15:22 INFO]   sidewalk             0.6399
[17:15:22 INFO]   building             0.7681
[17:15:22 INFO]   wall                 0.3603
[17:15:22 INFO]   fence                0.2101
[17:15:22 INFO]   pole                 0.4093
[17:15:22 INFO]   traffic light        0.5812
[17:15:22 INFO]   traffic sign         0.5339
[17:15:22 INFO]   vegetation           0.8460
[17:15:22 INFO]   terrain              0.4803
[17:15:22 INFO]   sky                  0.9640
[17:15:22 INFO]   person               0.4033
[17:15:22 INFO]   rider                0.4321
[17:15:22 INFO]   car                  0.7431
[17:15:22 INFO]   truck                0.4472
[17:15:22 INFO]   bus                  0.3245
[17:15:22 INFO]   train                0.7888
[17:15:22 INFO]   motorcycle           0.0828
[17:15:22 INFO]   bicycle              0.4889
[17:15:22 INFO] Results saved → results/poc_mit_b2_nndepth/acdc_eval.json
>>> Done: poc_mit_b2_nndepth_best

=== POC complete. Results: ===
poc_resnet101_baseline: 0.4624121388147113
poc_mit_b2_baseline: 0.5228509491229826
poc_resnet101_nndepth_best: 0.44629805302616504
poc_mit_b2_nndepth_best: 0.5470807756128199
