[11:47:58 INFO] Device: cuda
[11:48:01 INFO] Using fog cache: data/fog_cache/depthaware_b0005
[11:48:01 INFO] fog_prob: 0.3
[11:48:03 INFO] Train: 2975 samples  |  Val: 500 samples
[11:48:18 INFO] Epoch 1/50  iter 50/743  loss=1.5928  lr=5.99e-05
[11:48:31 INFO] Epoch 1/50  iter 100/743  loss=0.8354  lr=5.98e-05
[11:48:44 INFO] Epoch 1/50  iter 150/743  loss=0.5315  lr=5.98e-05
[11:48:57 INFO] Epoch 1/50  iter 200/743  loss=0.7390  lr=5.97e-05
[11:49:11 INFO] Epoch 1/50  iter 250/743  loss=0.5022  lr=5.96e-05
[11:49:24 INFO] Epoch 1/50  iter 300/743  loss=0.3108  lr=5.95e-05
[11:49:37 INFO] Epoch 1/50  iter 350/743  loss=0.8111  lr=5.94e-05
[11:49:50 INFO] Epoch 1/50  iter 400/743  loss=0.4399  lr=5.94e-05
[11:50:04 INFO] Epoch 1/50  iter 450/743  loss=0.3730  lr=5.93e-05
[11:50:17 INFO] Epoch 1/50  iter 500/743  loss=0.2662  lr=5.92e-05
[11:50:31 INFO] Epoch 1/50  iter 550/743  loss=0.9944  lr=5.91e-05
[11:50:44 INFO] Epoch 1/50  iter 600/743  loss=0.2246  lr=5.90e-05
[11:50:57 INFO] Epoch 1/50  iter 650/743  loss=0.3557  lr=5.89e-05
[11:51:11 INFO] Epoch 1/50  iter 700/743  loss=0.4315  lr=5.89e-05
[11:51:22 INFO] Epoch 1 complete — avg_loss=0.6368  time=200s
[11:51:37 INFO] Epoch 2/50  iter 50/743  loss=0.2241  lr=5.87e-05
[11:51:50 INFO] Epoch 2/50  iter 100/743  loss=0.2873  lr=5.86e-05
[11:52:03 INFO] Epoch 2/50  iter 150/743  loss=0.1911  lr=5.86e-05
[11:52:17 INFO] Epoch 2/50  iter 200/743  loss=0.4289  lr=5.85e-05
[11:52:30 INFO] Epoch 2/50  iter 250/743  loss=0.2337  lr=5.84e-05
[11:52:44 INFO] Epoch 2/50  iter 300/743  loss=0.2042  lr=5.83e-05
[11:52:57 INFO] Epoch 2/50  iter 350/743  loss=0.1800  lr=5.82e-05
[11:53:11 INFO] Epoch 2/50  iter 400/743  loss=0.1995  lr=5.82e-05
[11:53:24 INFO] Epoch 2/50  iter 450/743  loss=0.5167  lr=5.81e-05
[11:53:37 INFO] Epoch 2/50  iter 500/743  loss=0.2844  lr=5.80e-05
[11:53:51 INFO] Epoch 2/50  iter 550/743  loss=0.3024  lr=5.79e-05
[11:54:04 INFO] Epoch 2/50  iter 600/743  loss=0.4485  lr=5.78e-05
[11:54:17 INFO] Epoch 2/50  iter 650/743  loss=0.2273  lr=5.77e-05
[11:54:31 INFO] Epoch 2/50  iter 700/743  loss=0.4318  lr=5.77e-05
[11:54:42 INFO] Epoch 2 complete — avg_loss=0.3296  time=200s
[11:54:57 INFO] Epoch 3/50  iter 50/743  loss=0.2523  lr=5.75e-05
[11:55:10 INFO] Epoch 3/50  iter 100/743  loss=0.2459  lr=5.74e-05
[11:55:23 INFO] Epoch 3/50  iter 150/743  loss=0.2065  lr=5.74e-05
[11:55:37 INFO] Epoch 3/50  iter 200/743  loss=0.2153  lr=5.73e-05
[11:55:50 INFO] Epoch 3/50  iter 250/743  loss=0.3755  lr=5.72e-05
[11:56:03 INFO] Epoch 3/50  iter 300/743  loss=1.1157  lr=5.71e-05
[11:56:17 INFO] Epoch 3/50  iter 350/743  loss=0.1193  lr=5.70e-05
[11:56:30 INFO] Epoch 3/50  iter 400/743  loss=0.4669  lr=5.70e-05
[11:56:43 INFO] Epoch 3/50  iter 450/743  loss=0.3527  lr=5.69e-05
[11:56:57 INFO] Epoch 3/50  iter 500/743  loss=0.1764  lr=5.68e-05
[11:57:10 INFO] Epoch 3/50  iter 550/743  loss=0.2403  lr=5.67e-05
[11:57:23 INFO] Epoch 3/50  iter 600/743  loss=0.2400  lr=5.66e-05
[11:57:37 INFO] Epoch 3/50  iter 650/743  loss=0.1803  lr=5.65e-05
[11:57:50 INFO] Epoch 3/50  iter 700/743  loss=0.1280  lr=5.65e-05
[11:58:01 INFO] Epoch 3 complete — avg_loss=0.2730  time=199s
[11:58:16 INFO] Epoch 4/50  iter 50/743  loss=0.1635  lr=5.63e-05
[11:58:29 INFO] Epoch 4/50  iter 100/743  loss=0.1695  lr=5.62e-05
[11:58:42 INFO] Epoch 4/50  iter 150/743  loss=0.6443  lr=5.62e-05
[11:58:56 INFO] Epoch 4/50  iter 200/743  loss=0.2309  lr=5.61e-05
[11:59:09 INFO] Epoch 4/50  iter 250/743  loss=0.2594  lr=5.60e-05
[11:59:23 INFO] Epoch 4/50  iter 300/743  loss=0.1862  lr=5.59e-05
[11:59:36 INFO] Epoch 4/50  iter 350/743  loss=0.0387  lr=5.58e-05
[11:59:49 INFO] Epoch 4/50  iter 400/743  loss=0.1129  lr=5.58e-05
[12:00:03 INFO] Epoch 4/50  iter 450/743  loss=0.0644  lr=5.57e-05
[12:00:16 INFO] Epoch 4/50  iter 500/743  loss=0.1714  lr=5.56e-05
[12:00:30 INFO] Epoch 4/50  iter 550/743  loss=0.2622  lr=5.55e-05
[12:00:43 INFO] Epoch 4/50  iter 600/743  loss=0.3105  lr=5.54e-05
[12:00:56 INFO] Epoch 4/50  iter 650/743  loss=0.2206  lr=5.53e-05
[12:01:10 INFO] Epoch 4/50  iter 700/743  loss=0.1337  lr=5.53e-05
[12:01:21 INFO] Epoch 4 complete — avg_loss=0.2591  time=199s
[12:01:36 INFO] Epoch 5/50  iter 50/743  loss=0.1107  lr=5.51e-05
[12:01:49 INFO] Epoch 5/50  iter 100/743  loss=0.1639  lr=5.50e-05
[12:02:02 INFO] Epoch 5/50  iter 150/743  loss=0.1803  lr=5.50e-05
[12:02:16 INFO] Epoch 5/50  iter 200/743  loss=0.1666  lr=5.49e-05
[12:02:29 INFO] Epoch 5/50  iter 250/743  loss=0.1904  lr=5.48e-05
[12:02:42 INFO] Epoch 5/50  iter 300/743  loss=1.0404  lr=5.47e-05
[12:02:56 INFO] Epoch 5/50  iter 350/743  loss=0.1222  lr=5.46e-05
[12:03:09 INFO] Epoch 5/50  iter 400/743  loss=0.2207  lr=5.46e-05
[12:03:22 INFO] Epoch 5/50  iter 450/743  loss=0.1577  lr=5.45e-05
[12:03:36 INFO] Epoch 5/50  iter 500/743  loss=0.2697  lr=5.44e-05
[12:03:49 INFO] Epoch 5/50  iter 550/743  loss=0.0726  lr=5.43e-05
[12:04:03 INFO] Epoch 5/50  iter 600/743  loss=0.0208  lr=5.42e-05
[12:04:16 INFO] Epoch 5/50  iter 650/743  loss=0.3716  lr=5.41e-05
[12:04:29 INFO] Epoch 5/50  iter 700/743  loss=0.1308  lr=5.41e-05
[12:04:41 INFO] Epoch 5 complete — avg_loss=0.2394  time=199s
[12:06:44 INFO]   val mIoU = 0.6443
[12:06:44 INFO]   ★ New best val mIoU: 0.6443
[12:06:59 INFO] Epoch 6/50  iter 50/743  loss=0.2926  lr=5.39e-05
[12:07:12 INFO] Epoch 6/50  iter 100/743  loss=0.0491  lr=5.38e-05
[12:07:25 INFO] Epoch 6/50  iter 150/743  loss=0.2910  lr=5.38e-05
[12:07:39 INFO] Epoch 6/50  iter 200/743  loss=0.1168  lr=5.37e-05
[12:07:52 INFO] Epoch 6/50  iter 250/743  loss=0.2210  lr=5.36e-05
[12:08:05 INFO] Epoch 6/50  iter 300/743  loss=0.2267  lr=5.35e-05
[12:08:19 INFO] Epoch 6/50  iter 350/743  loss=0.1031  lr=5.34e-05
[12:08:32 INFO] Epoch 6/50  iter 400/743  loss=0.1119  lr=5.34e-05
[12:08:45 INFO] Epoch 6/50  iter 450/743  loss=0.1978  lr=5.33e-05
[12:08:59 INFO] Epoch 6/50  iter 500/743  loss=0.1738  lr=5.32e-05
[12:09:12 INFO] Epoch 6/50  iter 550/743  loss=0.2374  lr=5.31e-05
[12:09:25 INFO] Epoch 6/50  iter 600/743  loss=0.1439  lr=5.30e-05
[12:09:39 INFO] Epoch 6/50  iter 650/743  loss=0.5591  lr=5.29e-05
[12:09:52 INFO] Epoch 6/50  iter 700/743  loss=0.2710  lr=5.29e-05
[12:10:04 INFO] Epoch 6 complete — avg_loss=0.2219  time=199s
[12:10:18 INFO] Epoch 7/50  iter 50/743  loss=0.1767  lr=5.27e-05
[12:10:31 INFO] Epoch 7/50  iter 100/743  loss=0.1094  lr=5.26e-05
[12:10:45 INFO] Epoch 7/50  iter 150/743  loss=0.3005  lr=5.26e-05
[12:10:58 INFO] Epoch 7/50  iter 200/743  loss=0.6219  lr=5.25e-05
[12:11:12 INFO] Epoch 7/50  iter 250/743  loss=0.2245  lr=5.24e-05
[12:11:25 INFO] Epoch 7/50  iter 300/743  loss=0.1382  lr=5.23e-05
[12:11:38 INFO] Epoch 7/50  iter 350/743  loss=0.2029  lr=5.22e-05
[12:11:52 INFO] Epoch 7/50  iter 400/743  loss=0.1090  lr=5.22e-05
[12:12:05 INFO] Epoch 7/50  iter 450/743  loss=0.7023  lr=5.21e-05
[12:12:19 INFO] Epoch 7/50  iter 500/743  loss=0.2933  lr=5.20e-05
[12:12:32 INFO] Epoch 7/50  iter 550/743  loss=0.2004  lr=5.19e-05
[12:12:45 INFO] Epoch 7/50  iter 600/743  loss=0.3877  lr=5.18e-05
[12:12:59 INFO] Epoch 7/50  iter 650/743  loss=0.0283  lr=5.17e-05
[12:13:12 INFO] Epoch 7/50  iter 700/743  loss=0.2156  lr=5.17e-05
[12:13:24 INFO] Epoch 7 complete — avg_loss=0.2112  time=199s
[12:13:38 INFO] Epoch 8/50  iter 50/743  loss=0.1735  lr=5.15e-05
[12:13:51 INFO] Epoch 8/50  iter 100/743  loss=0.2513  lr=5.14e-05
[12:14:05 INFO] Epoch 8/50  iter 150/743  loss=0.0816  lr=5.14e-05
[12:14:18 INFO] Epoch 8/50  iter 200/743  loss=0.1559  lr=5.13e-05
[12:14:31 INFO] Epoch 8/50  iter 250/743  loss=0.2061  lr=5.12e-05
[12:14:45 INFO] Epoch 8/50  iter 300/743  loss=0.2055  lr=5.11e-05
[12:14:58 INFO] Epoch 8/50  iter 350/743  loss=0.1982  lr=5.10e-05
[12:15:12 INFO] Epoch 8/50  iter 400/743  loss=0.3116  lr=5.10e-05
[12:15:25 INFO] Epoch 8/50  iter 450/743  loss=0.1171  lr=5.09e-05
[12:15:38 INFO] Epoch 8/50  iter 500/743  loss=0.1494  lr=5.08e-05
[12:15:52 INFO] Epoch 8/50  iter 550/743  loss=0.1875  lr=5.07e-05
[12:16:05 INFO] Epoch 8/50  iter 600/743  loss=0.0557  lr=5.06e-05
[12:16:18 INFO] Epoch 8/50  iter 650/743  loss=0.1767  lr=5.05e-05
[12:16:32 INFO] Epoch 8/50  iter 700/743  loss=0.0569  lr=5.05e-05
[12:16:43 INFO] Epoch 8 complete — avg_loss=0.2082  time=199s
[12:16:58 INFO] Epoch 9/50  iter 50/743  loss=0.1888  lr=5.03e-05
[12:17:11 INFO] Epoch 9/50  iter 100/743  loss=0.1182  lr=5.02e-05
[12:17:24 INFO] Epoch 9/50  iter 150/743  loss=0.1472  lr=5.02e-05
[12:17:38 INFO] Epoch 9/50  iter 200/743  loss=0.3271  lr=5.01e-05
[12:17:51 INFO] Epoch 9/50  iter 250/743  loss=0.2042  lr=5.00e-05
[12:18:04 INFO] Epoch 9/50  iter 300/743  loss=0.0915  lr=4.99e-05
[12:18:18 INFO] Epoch 9/50  iter 350/743  loss=0.1321  lr=4.98e-05
[12:18:31 INFO] Epoch 9/50  iter 400/743  loss=0.0914  lr=4.98e-05
[12:18:45 INFO] Epoch 9/50  iter 450/743  loss=0.1592  lr=4.97e-05
[12:18:58 INFO] Epoch 9/50  iter 500/743  loss=0.1841  lr=4.96e-05
[12:19:11 INFO] Epoch 9/50  iter 550/743  loss=0.1685  lr=4.95e-05
[12:19:25 INFO] Epoch 9/50  iter 600/743  loss=0.3143  lr=4.94e-05
[12:19:38 INFO] Epoch 9/50  iter 650/743  loss=0.1627  lr=4.93e-05
[12:19:51 INFO] Epoch 9/50  iter 700/743  loss=0.2444  lr=4.93e-05
[12:20:03 INFO] Epoch 9 complete — avg_loss=0.1998  time=199s
[12:20:17 INFO] Epoch 10/50  iter 50/743  loss=0.1959  lr=4.91e-05
[12:20:31 INFO] Epoch 10/50  iter 100/743  loss=0.1775  lr=4.90e-05
[12:20:44 INFO] Epoch 10/50  iter 150/743  loss=0.1332  lr=4.90e-05
[12:20:57 INFO] Epoch 10/50  iter 200/743  loss=0.0984  lr=4.89e-05
[12:21:11 INFO] Epoch 10/50  iter 250/743  loss=0.1131  lr=4.88e-05
[12:21:24 INFO] Epoch 10/50  iter 300/743  loss=0.0701  lr=4.87e-05
[12:21:38 INFO] Epoch 10/50  iter 350/743  loss=0.1852  lr=4.86e-05
[12:21:51 INFO] Epoch 10/50  iter 400/743  loss=0.2412  lr=4.86e-05
[12:22:04 INFO] Epoch 10/50  iter 450/743  loss=0.2002  lr=4.85e-05
[12:22:18 INFO] Epoch 10/50  iter 500/743  loss=0.1669  lr=4.84e-05
[12:22:31 INFO] Epoch 10/50  iter 550/743  loss=0.2664  lr=4.83e-05
[12:22:45 INFO] Epoch 10/50  iter 600/743  loss=0.2494  lr=4.82e-05
[12:22:58 INFO] Epoch 10/50  iter 650/743  loss=0.2536  lr=4.81e-05
[12:23:11 INFO] Epoch 10/50  iter 700/743  loss=0.1156  lr=4.81e-05
[12:23:23 INFO] Epoch 10 complete — avg_loss=0.2002  time=200s
[12:25:19 INFO]   val mIoU = 0.6635
[12:25:19 INFO]   ★ New best val mIoU: 0.6635
[12:25:34 INFO] Epoch 11/50  iter 50/743  loss=0.1363  lr=4.79e-05
[12:25:47 INFO] Epoch 11/50  iter 100/743  loss=0.8583  lr=4.78e-05
[12:26:00 INFO] Epoch 11/50  iter 150/743  loss=0.2341  lr=4.78e-05
[12:26:14 INFO] Epoch 11/50  iter 200/743  loss=0.2863  lr=4.77e-05
[12:26:27 INFO] Epoch 11/50  iter 250/743  loss=0.1542  lr=4.76e-05
[12:26:40 INFO] Epoch 11/50  iter 300/743  loss=0.2050  lr=4.75e-05
[12:26:54 INFO] Epoch 11/50  iter 350/743  loss=0.1540  lr=4.74e-05
[12:27:07 INFO] Epoch 11/50  iter 400/743  loss=0.1570  lr=4.74e-05
[12:27:20 INFO] Epoch 11/50  iter 450/743  loss=0.1632  lr=4.73e-05
[12:27:34 INFO] Epoch 11/50  iter 500/743  loss=0.0809  lr=4.72e-05
[12:27:47 INFO] Epoch 11/50  iter 550/743  loss=0.1157  lr=4.71e-05
[12:28:01 INFO] Epoch 11/50  iter 600/743  loss=0.0778  lr=4.70e-05
[12:28:14 INFO] Epoch 11/50  iter 650/743  loss=0.1568  lr=4.69e-05
[12:28:27 INFO] Epoch 11/50  iter 700/743  loss=0.2482  lr=4.69e-05
[12:28:39 INFO] Epoch 11 complete — avg_loss=0.1833  time=199s
[12:28:53 INFO] Epoch 12/50  iter 50/743  loss=0.0875  lr=4.67e-05
[12:29:07 INFO] Epoch 12/50  iter 100/743  loss=0.1918  lr=4.66e-05
[12:29:20 INFO] Epoch 12/50  iter 150/743  loss=0.1277  lr=4.66e-05
[12:29:33 INFO] Epoch 12/50  iter 200/743  loss=0.1070  lr=4.65e-05
[12:29:47 INFO] Epoch 12/50  iter 250/743  loss=0.1805  lr=4.64e-05
[12:30:00 INFO] Epoch 12/50  iter 300/743  loss=0.0882  lr=4.63e-05
[12:30:13 INFO] Epoch 12/50  iter 350/743  loss=0.2621  lr=4.62e-05
[12:30:27 INFO] Epoch 12/50  iter 400/743  loss=0.0935  lr=4.62e-05
[12:30:40 INFO] Epoch 12/50  iter 450/743  loss=0.1142  lr=4.61e-05
[12:30:54 INFO] Epoch 12/50  iter 500/743  loss=0.0733  lr=4.60e-05
[12:31:07 INFO] Epoch 12/50  iter 550/743  loss=0.1493  lr=4.59e-05
[12:31:20 INFO] Epoch 12/50  iter 600/743  loss=0.1149  lr=4.58e-05
[12:31:34 INFO] Epoch 12/50  iter 650/743  loss=0.2513  lr=4.57e-05
[12:31:47 INFO] Epoch 12/50  iter 700/743  loss=0.1246  lr=4.57e-05
[12:31:59 INFO] Epoch 12 complete — avg_loss=0.1785  time=199s
[12:32:13 INFO] Epoch 13/50  iter 50/743  loss=0.0675  lr=4.55e-05
[12:32:26 INFO] Epoch 13/50  iter 100/743  loss=0.1398  lr=4.54e-05
[12:32:40 INFO] Epoch 13/50  iter 150/743  loss=0.0789  lr=4.54e-05
[12:32:53 INFO] Epoch 13/50  iter 200/743  loss=0.0239  lr=4.53e-05
[12:33:07 INFO] Epoch 13/50  iter 250/743  loss=0.2356  lr=4.52e-05
[12:33:20 INFO] Epoch 13/50  iter 300/743  loss=0.1920  lr=4.51e-05
[12:33:33 INFO] Epoch 13/50  iter 350/743  loss=0.1131  lr=4.50e-05
[12:33:47 INFO] Epoch 13/50  iter 400/743  loss=0.1922  lr=4.50e-05
[12:34:00 INFO] Epoch 13/50  iter 450/743  loss=0.0459  lr=4.49e-05
[12:34:13 INFO] Epoch 13/50  iter 500/743  loss=0.2962  lr=4.48e-05
[12:34:27 INFO] Epoch 13/50  iter 550/743  loss=0.1136  lr=4.47e-05
[12:34:40 INFO] Epoch 13/50  iter 600/743  loss=0.1691  lr=4.46e-05
[12:34:54 INFO] Epoch 13/50  iter 650/743  loss=0.1116  lr=4.45e-05
[12:35:07 INFO] Epoch 13/50  iter 700/743  loss=0.1455  lr=4.45e-05
[12:35:19 INFO] Epoch 13 complete — avg_loss=0.1749  time=199s
[12:35:33 INFO] Epoch 14/50  iter 50/743  loss=0.1544  lr=4.43e-05
[12:35:46 INFO] Epoch 14/50  iter 100/743  loss=0.1517  lr=4.42e-05
[12:36:00 INFO] Epoch 14/50  iter 150/743  loss=0.1608  lr=4.42e-05
[12:36:13 INFO] Epoch 14/50  iter 200/743  loss=0.0956  lr=4.41e-05
[12:36:26 INFO] Epoch 14/50  iter 250/743  loss=0.1550  lr=4.40e-05
[12:36:40 INFO] Epoch 14/50  iter 300/743  loss=0.1687  lr=4.39e-05
[12:36:53 INFO] Epoch 14/50  iter 350/743  loss=0.1228  lr=4.38e-05
[12:37:07 INFO] Epoch 14/50  iter 400/743  loss=0.0741  lr=4.38e-05
[12:37:20 INFO] Epoch 14/50  iter 450/743  loss=0.1675  lr=4.37e-05
[12:37:33 INFO] Epoch 14/50  iter 500/743  loss=0.1104  lr=4.36e-05
[12:37:47 INFO] Epoch 14/50  iter 550/743  loss=0.0304  lr=4.35e-05
[12:38:00 INFO] Epoch 14/50  iter 600/743  loss=0.1271  lr=4.34e-05
[12:38:13 INFO] Epoch 14/50  iter 650/743  loss=0.1450  lr=4.33e-05
[12:38:27 INFO] Epoch 14/50  iter 700/743  loss=0.2457  lr=4.33e-05
[12:38:38 INFO] Epoch 14 complete — avg_loss=0.1776  time=199s
[12:38:53 INFO] Epoch 15/50  iter 50/743  loss=0.1502  lr=4.31e-05
[12:39:06 INFO] Epoch 15/50  iter 100/743  loss=0.1197  lr=4.30e-05
[12:39:19 INFO] Epoch 15/50  iter 150/743  loss=0.1654  lr=4.30e-05
[12:39:33 INFO] Epoch 15/50  iter 200/743  loss=0.1411  lr=4.29e-05
[12:39:46 INFO] Epoch 15/50  iter 250/743  loss=0.1098  lr=4.28e-05
[12:39:59 INFO] Epoch 15/50  iter 300/743  loss=0.1783  lr=4.27e-05
[12:40:13 INFO] Epoch 15/50  iter 350/743  loss=0.1728  lr=4.26e-05
[12:40:26 INFO] Epoch 15/50  iter 400/743  loss=0.1893  lr=4.26e-05
[12:40:39 INFO] Epoch 15/50  iter 450/743  loss=0.1354  lr=4.25e-05
[12:40:53 INFO] Epoch 15/50  iter 500/743  loss=0.1542  lr=4.24e-05
[12:41:06 INFO] Epoch 15/50  iter 550/743  loss=0.0821  lr=4.23e-05
[12:41:19 INFO] Epoch 15/50  iter 600/743  loss=0.1718  lr=4.22e-05
[12:41:33 INFO] Epoch 15/50  iter 650/743  loss=0.2061  lr=4.21e-05
[12:41:46 INFO] Epoch 15/50  iter 700/743  loss=0.1398  lr=4.21e-05
[12:41:57 INFO] Epoch 15 complete — avg_loss=0.1684  time=199s
[12:44:01 INFO]   val mIoU = 0.7255
[12:44:01 INFO]   ★ New best val mIoU: 0.7255
[12:44:15 INFO] Epoch 16/50  iter 50/743  loss=0.2015  lr=4.19e-05
[12:44:29 INFO] Epoch 16/50  iter 100/743  loss=0.1437  lr=4.18e-05
[12:44:42 INFO] Epoch 16/50  iter 150/743  loss=0.1207  lr=4.18e-05
[12:44:55 INFO] Epoch 16/50  iter 200/743  loss=0.0874  lr=4.17e-05
[12:45:09 INFO] Epoch 16/50  iter 250/743  loss=0.2538  lr=4.16e-05
[12:45:22 INFO] Epoch 16/50  iter 300/743  loss=0.1483  lr=4.15e-05
[12:45:36 INFO] Epoch 16/50  iter 350/743  loss=0.1321  lr=4.14e-05
[12:45:49 INFO] Epoch 16/50  iter 400/743  loss=0.0954  lr=4.14e-05
[12:46:02 INFO] Epoch 16/50  iter 450/743  loss=0.2146  lr=4.13e-05
[12:46:16 INFO] Epoch 16/50  iter 500/743  loss=0.1404  lr=4.12e-05
[12:46:29 INFO] Epoch 16/50  iter 550/743  loss=0.1058  lr=4.11e-05
[12:46:42 INFO] Epoch 16/50  iter 600/743  loss=0.1577  lr=4.10e-05
[12:46:56 INFO] Epoch 16/50  iter 650/743  loss=0.2383  lr=4.09e-05
[12:47:09 INFO] Epoch 16/50  iter 700/743  loss=0.0514  lr=4.09e-05
[12:47:21 INFO] Epoch 16 complete — avg_loss=0.1649  time=199s
[12:47:35 INFO] Epoch 17/50  iter 50/743  loss=0.0665  lr=4.07e-05
[12:47:48 INFO] Epoch 17/50  iter 100/743  loss=0.1521  lr=4.06e-05
[12:48:02 INFO] Epoch 17/50  iter 150/743  loss=0.2034  lr=4.06e-05
[12:48:15 INFO] Epoch 17/50  iter 200/743  loss=0.0929  lr=4.05e-05
[12:48:29 INFO] Epoch 17/50  iter 250/743  loss=0.1668  lr=4.04e-05
[12:48:42 INFO] Epoch 17/50  iter 300/743  loss=0.1766  lr=4.03e-05
[12:48:55 INFO] Epoch 17/50  iter 350/743  loss=0.1096  lr=4.02e-05
[12:49:09 INFO] Epoch 17/50  iter 400/743  loss=0.0948  lr=4.02e-05
[12:49:22 INFO] Epoch 17/50  iter 450/743  loss=0.1937  lr=4.01e-05
[12:49:35 INFO] Epoch 17/50  iter 500/743  loss=0.1257  lr=4.00e-05
[12:49:49 INFO] Epoch 17/50  iter 550/743  loss=0.2038  lr=3.99e-05
[12:50:02 INFO] Epoch 17/50  iter 600/743  loss=0.0734  lr=3.98e-05
[12:50:16 INFO] Epoch 17/50  iter 650/743  loss=0.1486  lr=3.97e-05
[12:50:29 INFO] Epoch 17/50  iter 700/743  loss=0.0966  lr=3.97e-05
[12:50:41 INFO] Epoch 17 complete — avg_loss=0.1623  time=199s
[12:50:55 INFO] Epoch 18/50  iter 50/743  loss=0.1604  lr=3.95e-05
[12:51:08 INFO] Epoch 18/50  iter 100/743  loss=0.1653  lr=3.94e-05
[12:51:22 INFO] Epoch 18/50  iter 150/743  loss=0.1429  lr=3.94e-05
[12:51:35 INFO] Epoch 18/50  iter 200/743  loss=0.1123  lr=3.93e-05
[12:51:48 INFO] Epoch 18/50  iter 250/743  loss=0.1060  lr=3.92e-05
[12:52:02 INFO] Epoch 18/50  iter 300/743  loss=0.2233  lr=3.91e-05
[12:52:15 INFO] Epoch 18/50  iter 350/743  loss=0.6852  lr=3.90e-05
[12:52:28 INFO] Epoch 18/50  iter 400/743  loss=0.1514  lr=3.90e-05
[12:52:42 INFO] Epoch 18/50  iter 450/743  loss=0.2157  lr=3.89e-05
[12:52:55 INFO] Epoch 18/50  iter 500/743  loss=0.0949  lr=3.88e-05
[12:53:09 INFO] Epoch 18/50  iter 550/743  loss=0.1285  lr=3.87e-05
[12:53:22 INFO] Epoch 18/50  iter 600/743  loss=0.8551  lr=3.86e-05
[12:53:35 INFO] Epoch 18/50  iter 650/743  loss=0.1770  lr=3.85e-05
[12:53:49 INFO] Epoch 18/50  iter 700/743  loss=0.0975  lr=3.85e-05
[12:54:00 INFO] Epoch 18 complete — avg_loss=0.1606  time=199s
[12:54:14 INFO] Epoch 19/50  iter 50/743  loss=0.1052  lr=3.83e-05
[12:54:28 INFO] Epoch 19/50  iter 100/743  loss=0.1791  lr=3.82e-05
[12:54:41 INFO] Epoch 19/50  iter 150/743  loss=0.1637  lr=3.82e-05
[12:54:55 INFO] Epoch 19/50  iter 200/743  loss=0.1772  lr=3.81e-05
[12:55:08 INFO] Epoch 19/50  iter 250/743  loss=0.0866  lr=3.80e-05
[12:55:21 INFO] Epoch 19/50  iter 300/743  loss=0.1239  lr=3.79e-05
[12:55:35 INFO] Epoch 19/50  iter 350/743  loss=0.1628  lr=3.78e-05
[12:55:48 INFO] Epoch 19/50  iter 400/743  loss=0.2651  lr=3.78e-05
[12:56:01 INFO] Epoch 19/50  iter 450/743  loss=0.1352  lr=3.77e-05
[12:56:15 INFO] Epoch 19/50  iter 500/743  loss=0.0845  lr=3.76e-05
[12:56:28 INFO] Epoch 19/50  iter 550/743  loss=0.1065  lr=3.75e-05
[12:56:42 INFO] Epoch 19/50  iter 600/743  loss=0.1233  lr=3.74e-05
[12:56:56 INFO] Epoch 19/50  iter 650/743  loss=0.1707  lr=3.73e-05
[12:57:09 INFO] Epoch 19/50  iter 700/743  loss=0.1351  lr=3.73e-05
[12:57:21 INFO] Epoch 19 complete — avg_loss=0.1588  time=200s
[12:57:35 INFO] Epoch 20/50  iter 50/743  loss=0.1317  lr=3.71e-05
[12:57:48 INFO] Epoch 20/50  iter 100/743  loss=0.0686  lr=3.70e-05
[12:58:02 INFO] Epoch 20/50  iter 150/743  loss=0.0705  lr=3.70e-05
[12:58:15 INFO] Epoch 20/50  iter 200/743  loss=0.1303  lr=3.69e-05
[12:58:28 INFO] Epoch 20/50  iter 250/743  loss=0.1217  lr=3.68e-05
[12:58:42 INFO] Epoch 20/50  iter 300/743  loss=0.0687  lr=3.67e-05
[12:58:55 INFO] Epoch 20/50  iter 350/743  loss=0.1572  lr=3.66e-05
[12:59:08 INFO] Epoch 20/50  iter 400/743  loss=0.1030  lr=3.66e-05
[12:59:22 INFO] Epoch 20/50  iter 450/743  loss=0.1658  lr=3.65e-05
[12:59:35 INFO] Epoch 20/50  iter 500/743  loss=0.1353  lr=3.64e-05
[12:59:49 INFO] Epoch 20/50  iter 550/743  loss=0.1327  lr=3.63e-05
[13:00:02 INFO] Epoch 20/50  iter 600/743  loss=0.0769  lr=3.62e-05
[13:00:15 INFO] Epoch 20/50  iter 650/743  loss=0.1190  lr=3.61e-05
[13:00:29 INFO] Epoch 20/50  iter 700/743  loss=0.1683  lr=3.61e-05
[13:00:40 INFO] Epoch 20 complete — avg_loss=0.1487  time=199s
[13:02:38 INFO]   val mIoU = 0.7377
[13:02:38 INFO]   ★ New best val mIoU: 0.7377
[13:02:53 INFO] Epoch 21/50  iter 50/743  loss=0.0987  lr=3.59e-05
[13:03:06 INFO] Epoch 21/50  iter 100/743  loss=0.0900  lr=3.58e-05
[13:03:19 INFO] Epoch 21/50  iter 150/743  loss=0.4189  lr=3.58e-05
[13:03:33 INFO] Epoch 21/50  iter 200/743  loss=0.1431  lr=3.57e-05
[13:03:46 INFO] Epoch 21/50  iter 250/743  loss=0.1516  lr=3.56e-05
[13:03:59 INFO] Epoch 21/50  iter 300/743  loss=0.1151  lr=3.55e-05
[13:04:13 INFO] Epoch 21/50  iter 350/743  loss=0.0745  lr=3.54e-05
[13:04:26 INFO] Epoch 21/50  iter 400/743  loss=0.1123  lr=3.54e-05
[13:04:39 INFO] Epoch 21/50  iter 450/743  loss=0.2701  lr=3.53e-05
[13:04:53 INFO] Epoch 21/50  iter 500/743  loss=0.2563  lr=3.52e-05
[13:05:06 INFO] Epoch 21/50  iter 550/743  loss=0.1068  lr=3.51e-05
[13:05:19 INFO] Epoch 21/50  iter 600/743  loss=0.1154  lr=3.50e-05
[13:05:33 INFO] Epoch 21/50  iter 650/743  loss=0.2974  lr=3.49e-05
[13:05:46 INFO] Epoch 21/50  iter 700/743  loss=0.0873  lr=3.49e-05
[13:05:58 INFO] Epoch 21 complete — avg_loss=0.1516  time=199s
[13:06:12 INFO] Epoch 22/50  iter 50/743  loss=0.1378  lr=3.47e-05
[13:06:25 INFO] Epoch 22/50  iter 100/743  loss=0.0462  lr=3.46e-05
[13:06:39 INFO] Epoch 22/50  iter 150/743  loss=0.2485  lr=3.46e-05
[13:06:52 INFO] Epoch 22/50  iter 200/743  loss=0.0806  lr=3.45e-05
[13:07:06 INFO] Epoch 22/50  iter 250/743  loss=0.1093  lr=3.44e-05
[13:07:19 INFO] Epoch 22/50  iter 300/743  loss=0.1161  lr=3.43e-05
[13:07:32 INFO] Epoch 22/50  iter 350/743  loss=0.0455  lr=3.42e-05
[13:07:46 INFO] Epoch 22/50  iter 400/743  loss=0.2249  lr=3.42e-05
[13:07:59 INFO] Epoch 22/50  iter 450/743  loss=0.2989  lr=3.41e-05
[13:08:12 INFO] Epoch 22/50  iter 500/743  loss=0.1685  lr=3.40e-05
[13:08:26 INFO] Epoch 22/50  iter 550/743  loss=0.1672  lr=3.39e-05
[13:08:39 INFO] Epoch 22/50  iter 600/743  loss=0.1055  lr=3.38e-05
[13:08:52 INFO] Epoch 22/50  iter 650/743  loss=0.2124  lr=3.37e-05
[13:09:06 INFO] Epoch 22/50  iter 700/743  loss=0.1637  lr=3.37e-05
[13:09:17 INFO] Epoch 22 complete — avg_loss=0.1430  time=199s
[13:09:32 INFO] Epoch 23/50  iter 50/743  loss=0.0904  lr=3.35e-05
[13:09:45 INFO] Epoch 23/50  iter 100/743  loss=1.1460  lr=3.34e-05
[13:09:58 INFO] Epoch 23/50  iter 150/743  loss=0.2838  lr=3.34e-05
[13:10:12 INFO] Epoch 23/50  iter 200/743  loss=0.0989  lr=3.33e-05
[13:10:25 INFO] Epoch 23/50  iter 250/743  loss=0.1393  lr=3.32e-05
[13:10:39 INFO] Epoch 23/50  iter 300/743  loss=0.4926  lr=3.31e-05
[13:10:52 INFO] Epoch 23/50  iter 350/743  loss=0.1548  lr=3.30e-05
[13:11:05 INFO] Epoch 23/50  iter 400/743  loss=0.1502  lr=3.30e-05
[13:11:19 INFO] Epoch 23/50  iter 450/743  loss=0.1422  lr=3.29e-05
[13:11:32 INFO] Epoch 23/50  iter 500/743  loss=0.0976  lr=3.28e-05
[13:11:45 INFO] Epoch 23/50  iter 550/743  loss=0.0858  lr=3.27e-05
[13:11:59 INFO] Epoch 23/50  iter 600/743  loss=0.1729  lr=3.26e-05
[13:12:12 INFO] Epoch 23/50  iter 650/743  loss=0.1195  lr=3.25e-05
[13:12:25 INFO] Epoch 23/50  iter 700/743  loss=0.1129  lr=3.25e-05
[13:12:37 INFO] Epoch 23 complete — avg_loss=0.1487  time=199s
[13:12:51 INFO] Epoch 24/50  iter 50/743  loss=0.1054  lr=3.23e-05
[13:13:05 INFO] Epoch 24/50  iter 100/743  loss=0.0949  lr=3.22e-05
[13:13:18 INFO] Epoch 24/50  iter 150/743  loss=0.2020  lr=3.22e-05
[13:13:31 INFO] Epoch 24/50  iter 200/743  loss=0.1037  lr=3.21e-05
[13:13:45 INFO] Epoch 24/50  iter 250/743  loss=0.1053  lr=3.20e-05
[13:13:58 INFO] Epoch 24/50  iter 300/743  loss=0.1202  lr=3.19e-05
[13:14:11 INFO] Epoch 24/50  iter 350/743  loss=0.0779  lr=3.18e-05
[13:14:25 INFO] Epoch 24/50  iter 400/743  loss=0.1125  lr=3.18e-05
[13:14:38 INFO] Epoch 24/50  iter 450/743  loss=0.0652  lr=3.17e-05
[13:14:52 INFO] Epoch 24/50  iter 500/743  loss=0.2264  lr=3.16e-05
[13:15:05 INFO] Epoch 24/50  iter 550/743  loss=0.7375  lr=3.15e-05
[13:15:18 INFO] Epoch 24/50  iter 600/743  loss=0.2457  lr=3.14e-05
[13:15:32 INFO] Epoch 24/50  iter 650/743  loss=0.0723  lr=3.13e-05
[13:15:45 INFO] Epoch 24/50  iter 700/743  loss=0.1504  lr=3.13e-05
[13:15:57 INFO] Epoch 24 complete — avg_loss=0.1473  time=199s
[13:16:11 INFO] Epoch 25/50  iter 50/743  loss=0.1519  lr=3.11e-05
[13:16:25 INFO] Epoch 25/50  iter 100/743  loss=0.0451  lr=3.10e-05
[13:16:38 INFO] Epoch 25/50  iter 150/743  loss=0.1586  lr=3.10e-05
[13:16:51 INFO] Epoch 25/50  iter 200/743  loss=0.1625  lr=3.09e-05
[13:17:05 INFO] Epoch 25/50  iter 250/743  loss=0.1001  lr=3.08e-05
[13:17:18 INFO] Epoch 25/50  iter 300/743  loss=0.1264  lr=3.07e-05
[13:17:31 INFO] Epoch 25/50  iter 350/743  loss=0.3604  lr=3.06e-05
[13:17:45 INFO] Epoch 25/50  iter 400/743  loss=0.1036  lr=3.06e-05
[13:17:58 INFO] Epoch 25/50  iter 450/743  loss=0.1130  lr=3.05e-05
[13:18:12 INFO] Epoch 25/50  iter 500/743  loss=0.0323  lr=3.04e-05
[13:18:25 INFO] Epoch 25/50  iter 550/743  loss=0.1353  lr=3.03e-05
[13:18:38 INFO] Epoch 25/50  iter 600/743  loss=0.1439  lr=3.02e-05
[13:18:52 INFO] Epoch 25/50  iter 650/743  loss=0.3483  lr=3.01e-05
[13:19:05 INFO] Epoch 25/50  iter 700/743  loss=0.0951  lr=3.01e-05
[13:19:17 INFO] Epoch 25 complete — avg_loss=0.1459  time=199s
[13:21:21 INFO]   val mIoU = 0.7456
[13:21:21 INFO]   ★ New best val mIoU: 0.7456
[13:21:36 INFO] Epoch 26/50  iter 50/743  loss=0.1211  lr=2.99e-05
[13:21:49 INFO] Epoch 26/50  iter 100/743  loss=0.0819  lr=2.98e-05
[13:22:02 INFO] Epoch 26/50  iter 150/743  loss=0.1154  lr=2.98e-05
[13:22:16 INFO] Epoch 26/50  iter 200/743  loss=0.1826  lr=2.97e-05
[13:22:29 INFO] Epoch 26/50  iter 250/743  loss=0.2074  lr=2.96e-05
[13:22:43 INFO] Epoch 26/50  iter 300/743  loss=0.1433  lr=2.95e-05
[13:22:56 INFO] Epoch 26/50  iter 350/743  loss=0.1933  lr=2.94e-05
[13:23:09 INFO] Epoch 26/50  iter 400/743  loss=0.1427  lr=2.94e-05
[13:23:23 INFO] Epoch 26/50  iter 450/743  loss=0.1649  lr=2.93e-05
[13:23:36 INFO] Epoch 26/50  iter 500/743  loss=0.2347  lr=2.92e-05
[13:23:49 INFO] Epoch 26/50  iter 550/743  loss=0.1356  lr=2.91e-05
[13:24:03 INFO] Epoch 26/50  iter 600/743  loss=0.1476  lr=2.90e-05
[13:24:16 INFO] Epoch 26/50  iter 650/743  loss=0.1305  lr=2.89e-05
[13:24:30 INFO] Epoch 26/50  iter 700/743  loss=0.1666  lr=2.89e-05
[13:24:41 INFO] Epoch 26 complete — avg_loss=0.1549  time=199s
[13:24:56 INFO] Epoch 27/50  iter 50/743  loss=0.1231  lr=2.87e-05
[13:25:09 INFO] Epoch 27/50  iter 100/743  loss=0.1397  lr=2.86e-05
[13:25:22 INFO] Epoch 27/50  iter 150/743  loss=0.1235  lr=2.86e-05
[13:25:36 INFO] Epoch 27/50  iter 200/743  loss=0.0841  lr=2.85e-05
[13:25:49 INFO] Epoch 27/50  iter 250/743  loss=0.1410  lr=2.84e-05
[13:26:02 INFO] Epoch 27/50  iter 300/743  loss=0.2022  lr=2.83e-05
[13:26:16 INFO] Epoch 27/50  iter 350/743  loss=0.1643  lr=2.82e-05
[13:26:29 INFO] Epoch 27/50  iter 400/743  loss=0.2409  lr=2.82e-05
[13:26:43 INFO] Epoch 27/50  iter 450/743  loss=0.0637  lr=2.81e-05
[13:26:56 INFO] Epoch 27/50  iter 500/743  loss=0.2142  lr=2.80e-05
[13:27:09 INFO] Epoch 27/50  iter 550/743  loss=0.1504  lr=2.79e-05
[13:27:23 INFO] Epoch 27/50  iter 600/743  loss=0.0899  lr=2.78e-05
[13:27:36 INFO] Epoch 27/50  iter 650/743  loss=0.1767  lr=2.77e-05
[13:27:50 INFO] Epoch 27/50  iter 700/743  loss=0.1099  lr=2.77e-05
[13:28:01 INFO] Epoch 27 complete — avg_loss=0.1370  time=199s
[13:28:15 INFO] Epoch 28/50  iter 50/743  loss=0.1251  lr=2.75e-05
[13:28:29 INFO] Epoch 28/50  iter 100/743  loss=0.1312  lr=2.74e-05
[13:28:42 INFO] Epoch 28/50  iter 150/743  loss=0.1126  lr=2.74e-05
[13:28:55 INFO] Epoch 28/50  iter 200/743  loss=0.1312  lr=2.73e-05
[13:29:09 INFO] Epoch 28/50  iter 250/743  loss=0.1208  lr=2.72e-05
[13:29:22 INFO] Epoch 28/50  iter 300/743  loss=0.1979  lr=2.71e-05
[13:29:35 INFO] Epoch 28/50  iter 350/743  loss=0.1586  lr=2.70e-05
[13:29:49 INFO] Epoch 28/50  iter 400/743  loss=0.1037  lr=2.70e-05
[13:30:02 INFO] Epoch 28/50  iter 450/743  loss=0.1092  lr=2.69e-05
[13:30:15 INFO] Epoch 28/50  iter 500/743  loss=0.1429  lr=2.68e-05
[13:30:29 INFO] Epoch 28/50  iter 550/743  loss=0.1764  lr=2.67e-05
[13:30:42 INFO] Epoch 28/50  iter 600/743  loss=0.3028  lr=2.66e-05
[13:30:56 INFO] Epoch 28/50  iter 650/743  loss=0.0817  lr=2.65e-05
[13:31:09 INFO] Epoch 28/50  iter 700/743  loss=0.1137  lr=2.65e-05
[13:31:20 INFO] Epoch 28 complete — avg_loss=0.1365  time=199s
[13:31:35 INFO] Epoch 29/50  iter 50/743  loss=0.1438  lr=2.63e-05
[13:31:48 INFO] Epoch 29/50  iter 100/743  loss=0.1629  lr=2.62e-05
[13:32:02 INFO] Epoch 29/50  iter 150/743  loss=0.1225  lr=2.62e-05
[13:32:15 INFO] Epoch 29/50  iter 200/743  loss=0.1179  lr=2.61e-05
[13:32:28 INFO] Epoch 29/50  iter 250/743  loss=0.0767  lr=2.60e-05
[13:32:42 INFO] Epoch 29/50  iter 300/743  loss=0.1443  lr=2.59e-05
[13:32:55 INFO] Epoch 29/50  iter 350/743  loss=0.1526  lr=2.58e-05
[13:33:09 INFO] Epoch 29/50  iter 400/743  loss=0.1190  lr=2.58e-05
[13:33:22 INFO] Epoch 29/50  iter 450/743  loss=0.1474  lr=2.57e-05
[13:33:35 INFO] Epoch 29/50  iter 500/743  loss=0.0635  lr=2.56e-05
[13:33:49 INFO] Epoch 29/50  iter 550/743  loss=0.1382  lr=2.55e-05
[13:34:02 INFO] Epoch 29/50  iter 600/743  loss=0.0592  lr=2.54e-05
[13:34:15 INFO] Epoch 29/50  iter 650/743  loss=0.0804  lr=2.53e-05
[13:34:29 INFO] Epoch 29/50  iter 700/743  loss=0.0880  lr=2.53e-05
[13:34:40 INFO] Epoch 29 complete — avg_loss=0.1382  time=200s
[13:34:55 INFO] Epoch 30/50  iter 50/743  loss=0.1822  lr=2.51e-05
[13:35:08 INFO] Epoch 30/50  iter 100/743  loss=0.0751  lr=2.50e-05
[13:35:22 INFO] Epoch 30/50  iter 150/743  loss=0.0321  lr=2.50e-05
[13:35:35 INFO] Epoch 30/50  iter 200/743  loss=0.0568  lr=2.49e-05
[13:35:48 INFO] Epoch 30/50  iter 250/743  loss=0.0695  lr=2.48e-05
[13:36:02 INFO] Epoch 30/50  iter 300/743  loss=0.1214  lr=2.47e-05
[13:36:15 INFO] Epoch 30/50  iter 350/743  loss=0.0694  lr=2.46e-05
[13:36:29 INFO] Epoch 30/50  iter 400/743  loss=0.1201  lr=2.46e-05
[13:36:42 INFO] Epoch 30/50  iter 450/743  loss=0.0605  lr=2.45e-05
[13:36:55 INFO] Epoch 30/50  iter 500/743  loss=0.0926  lr=2.44e-05
[13:37:09 INFO] Epoch 30/50  iter 550/743  loss=0.2147  lr=2.43e-05
[13:37:22 INFO] Epoch 30/50  iter 600/743  loss=0.0920  lr=2.42e-05
[13:37:36 INFO] Epoch 30/50  iter 650/743  loss=0.1466  lr=2.41e-05
[13:37:49 INFO] Epoch 30/50  iter 700/743  loss=0.1265  lr=2.41e-05
[13:38:00 INFO] Epoch 30 complete — avg_loss=0.1355  time=200s
[13:40:04 INFO]   val mIoU = 0.7612
[13:40:04 INFO]   ★ New best val mIoU: 0.7612
[13:40:18 INFO] Epoch 31/50  iter 50/743  loss=0.1083  lr=2.39e-05
[13:40:32 INFO] Epoch 31/50  iter 100/743  loss=0.1324  lr=2.38e-05
[13:40:45 INFO] Epoch 31/50  iter 150/743  loss=0.1581  lr=2.38e-05
[13:40:58 INFO] Epoch 31/50  iter 200/743  loss=0.6222  lr=2.37e-05
[13:41:12 INFO] Epoch 31/50  iter 250/743  loss=0.0724  lr=2.36e-05
[13:41:25 INFO] Epoch 31/50  iter 300/743  loss=0.3455  lr=2.35e-05
[13:41:39 INFO] Epoch 31/50  iter 350/743  loss=0.3038  lr=2.34e-05
[13:41:54 INFO] Epoch 31/50  iter 400/743  loss=0.0608  lr=2.34e-05
[13:42:12 INFO] Epoch 31/50  iter 450/743  loss=0.1548  lr=2.33e-05
[13:42:30 INFO] Epoch 31/50  iter 500/743  loss=0.1036  lr=2.32e-05
[13:42:48 INFO] Epoch 31/50  iter 550/743  loss=0.4388  lr=2.31e-05
[13:43:06 INFO] Epoch 31/50  iter 600/743  loss=0.0814  lr=2.30e-05
[13:43:24 INFO] Epoch 31/50  iter 650/743  loss=0.1453  lr=2.29e-05
[13:43:42 INFO] Epoch 31/50  iter 700/743  loss=0.0867  lr=2.29e-05
[13:43:58 INFO] Epoch 31 complete — avg_loss=0.1347  time=233s
[13:44:16 INFO] Epoch 32/50  iter 50/743  loss=0.1418  lr=2.27e-05
[13:44:34 INFO] Epoch 32/50  iter 100/743  loss=0.2027  lr=2.26e-05
[13:44:52 INFO] Epoch 32/50  iter 150/743  loss=0.0645  lr=2.26e-05
[13:45:10 INFO] Epoch 32/50  iter 200/743  loss=0.1091  lr=2.25e-05
[13:45:25 INFO] Epoch 32/50  iter 250/743  loss=0.1440  lr=2.24e-05
[13:45:38 INFO] Epoch 32/50  iter 300/743  loss=0.0387  lr=2.23e-05
[13:45:51 INFO] Epoch 32/50  iter 350/743  loss=0.1893  lr=2.22e-05
[13:46:05 INFO] Epoch 32/50  iter 400/743  loss=0.1049  lr=2.22e-05
[13:46:18 INFO] Epoch 32/50  iter 450/743  loss=0.0697  lr=2.21e-05
[13:46:31 INFO] Epoch 32/50  iter 500/743  loss=0.1515  lr=2.20e-05
[13:46:45 INFO] Epoch 32/50  iter 550/743  loss=0.0659  lr=2.19e-05
[13:46:58 INFO] Epoch 32/50  iter 600/743  loss=0.0964  lr=2.18e-05
[13:47:12 INFO] Epoch 32/50  iter 650/743  loss=0.1292  lr=2.17e-05
[13:47:25 INFO] Epoch 32/50  iter 700/743  loss=0.1739  lr=2.17e-05
[13:47:37 INFO] Epoch 32 complete — avg_loss=0.1343  time=219s
[13:47:51 INFO] Epoch 33/50  iter 50/743  loss=0.1501  lr=2.15e-05
[13:48:04 INFO] Epoch 33/50  iter 100/743  loss=0.0832  lr=2.14e-05
[13:48:18 INFO] Epoch 33/50  iter 150/743  loss=0.0909  lr=2.14e-05
[13:48:31 INFO] Epoch 33/50  iter 200/743  loss=0.0534  lr=2.13e-05
[13:48:44 INFO] Epoch 33/50  iter 250/743  loss=0.0566  lr=2.12e-05
[13:48:58 INFO] Epoch 33/50  iter 300/743  loss=0.1063  lr=2.11e-05
[13:49:11 INFO] Epoch 33/50  iter 350/743  loss=0.2195  lr=2.10e-05
[13:49:25 INFO] Epoch 33/50  iter 400/743  loss=0.1395  lr=2.10e-05
[13:49:38 INFO] Epoch 33/50  iter 450/743  loss=0.1527  lr=2.09e-05
[13:49:51 INFO] Epoch 33/50  iter 500/743  loss=0.0740  lr=2.08e-05
[13:50:05 INFO] Epoch 33/50  iter 550/743  loss=0.1029  lr=2.07e-05
[13:50:18 INFO] Epoch 33/50  iter 600/743  loss=0.0589  lr=2.06e-05
[13:50:32 INFO] Epoch 33/50  iter 650/743  loss=0.0893  lr=2.05e-05
[13:50:45 INFO] Epoch 33/50  iter 700/743  loss=0.0458  lr=2.05e-05
[13:50:57 INFO] Epoch 33 complete — avg_loss=0.1319  time=200s
[13:51:11 INFO] Epoch 34/50  iter 50/743  loss=0.0387  lr=2.03e-05
[13:51:24 INFO] Epoch 34/50  iter 100/743  loss=0.1325  lr=2.02e-05
[13:51:38 INFO] Epoch 34/50  iter 150/743  loss=0.1475  lr=2.02e-05
[13:51:51 INFO] Epoch 34/50  iter 200/743  loss=0.1388  lr=2.01e-05
[13:52:04 INFO] Epoch 34/50  iter 250/743  loss=0.1637  lr=2.00e-05
[13:52:18 INFO] Epoch 34/50  iter 300/743  loss=0.1699  lr=1.99e-05
[13:52:31 INFO] Epoch 34/50  iter 350/743  loss=0.1959  lr=1.98e-05
[13:52:45 INFO] Epoch 34/50  iter 400/743  loss=0.1118  lr=1.98e-05
[13:52:58 INFO] Epoch 34/50  iter 450/743  loss=0.1052  lr=1.97e-05
[13:53:11 INFO] Epoch 34/50  iter 500/743  loss=0.1300  lr=1.96e-05
[13:53:25 INFO] Epoch 34/50  iter 550/743  loss=0.1324  lr=1.95e-05
[13:53:38 INFO] Epoch 34/50  iter 600/743  loss=0.5036  lr=1.94e-05
[13:53:52 INFO] Epoch 34/50  iter 650/743  loss=0.1131  lr=1.93e-05
[13:54:05 INFO] Epoch 34/50  iter 700/743  loss=0.0771  lr=1.93e-05
[13:54:17 INFO] Epoch 34 complete — avg_loss=0.1342  time=200s
[13:54:31 INFO] Epoch 35/50  iter 50/743  loss=0.0731  lr=1.91e-05
[13:54:44 INFO] Epoch 35/50  iter 100/743  loss=0.1597  lr=1.90e-05
[13:54:58 INFO] Epoch 35/50  iter 150/743  loss=0.1344  lr=1.90e-05
[13:55:11 INFO] Epoch 35/50  iter 200/743  loss=0.1244  lr=1.89e-05
[13:55:25 INFO] Epoch 35/50  iter 250/743  loss=0.0796  lr=1.88e-05
[13:55:38 INFO] Epoch 35/50  iter 300/743  loss=0.1068  lr=1.87e-05
[13:55:51 INFO] Epoch 35/50  iter 350/743  loss=0.0999  lr=1.86e-05
[13:56:05 INFO] Epoch 35/50  iter 400/743  loss=0.0902  lr=1.86e-05
[13:56:18 INFO] Epoch 35/50  iter 450/743  loss=0.5352  lr=1.85e-05
[13:56:32 INFO] Epoch 35/50  iter 500/743  loss=0.1745  lr=1.84e-05
[13:56:45 INFO] Epoch 35/50  iter 550/743  loss=0.7317  lr=1.83e-05
[13:56:58 INFO] Epoch 35/50  iter 600/743  loss=0.1213  lr=1.82e-05
[13:57:12 INFO] Epoch 35/50  iter 650/743  loss=0.0824  lr=1.81e-05
[13:57:25 INFO] Epoch 35/50  iter 700/743  loss=0.0894  lr=1.81e-05
[13:57:37 INFO] Epoch 35 complete — avg_loss=0.1297  time=200s
[13:59:41 INFO]   val mIoU = 0.7655
[13:59:41 INFO]   ★ New best val mIoU: 0.7655
[13:59:55 INFO] Epoch 36/50  iter 50/743  loss=0.1272  lr=1.79e-05
[14:00:09 INFO] Epoch 36/50  iter 100/743  loss=0.1815  lr=1.78e-05
[14:00:22 INFO] Epoch 36/50  iter 150/743  loss=0.1161  lr=1.78e-05
[14:00:36 INFO] Epoch 36/50  iter 200/743  loss=0.0880  lr=1.77e-05
[14:00:49 INFO] Epoch 36/50  iter 250/743  loss=0.0680  lr=1.76e-05
[14:01:03 INFO] Epoch 36/50  iter 300/743  loss=0.1145  lr=1.75e-05
[14:01:16 INFO] Epoch 36/50  iter 350/743  loss=0.0592  lr=1.74e-05
[14:01:29 INFO] Epoch 36/50  iter 400/743  loss=0.0739  lr=1.74e-05
[14:01:43 INFO] Epoch 36/50  iter 450/743  loss=0.0918  lr=1.73e-05
[14:01:56 INFO] Epoch 36/50  iter 500/743  loss=0.1096  lr=1.72e-05
[14:02:10 INFO] Epoch 36/50  iter 550/743  loss=0.1187  lr=1.71e-05
[14:02:23 INFO] Epoch 36/50  iter 600/743  loss=0.0790  lr=1.70e-05
[14:02:37 INFO] Epoch 36/50  iter 650/743  loss=0.0465  lr=1.69e-05
[14:02:50 INFO] Epoch 36/50  iter 700/743  loss=0.2019  lr=1.69e-05
[14:03:02 INFO] Epoch 36 complete — avg_loss=0.1284  time=200s
[14:03:16 INFO] Epoch 37/50  iter 50/743  loss=0.0881  lr=1.67e-05
[14:03:29 INFO] Epoch 37/50  iter 100/743  loss=0.1377  lr=1.66e-05
[14:03:43 INFO] Epoch 37/50  iter 150/743  loss=0.0810  lr=1.66e-05
[14:03:56 INFO] Epoch 37/50  iter 200/743  loss=0.1745  lr=1.65e-05
[14:04:10 INFO] Epoch 37/50  iter 250/743  loss=0.0524  lr=1.64e-05
[14:04:23 INFO] Epoch 37/50  iter 300/743  loss=0.1163  lr=1.63e-05
[14:04:36 INFO] Epoch 37/50  iter 350/743  loss=0.1240  lr=1.62e-05
[14:04:50 INFO] Epoch 37/50  iter 400/743  loss=0.2613  lr=1.62e-05
[14:05:03 INFO] Epoch 37/50  iter 450/743  loss=0.0932  lr=1.61e-05
[14:05:17 INFO] Epoch 37/50  iter 500/743  loss=0.1420  lr=1.60e-05
[14:05:30 INFO] Epoch 37/50  iter 550/743  loss=0.1525  lr=1.59e-05
[14:05:44 INFO] Epoch 37/50  iter 600/743  loss=0.1233  lr=1.58e-05
[14:05:57 INFO] Epoch 37/50  iter 650/743  loss=0.1408  lr=1.57e-05
[14:06:10 INFO] Epoch 37/50  iter 700/743  loss=0.1266  lr=1.57e-05
[14:06:22 INFO] Epoch 37 complete — avg_loss=0.1298  time=200s
[14:06:36 INFO] Epoch 38/50  iter 50/743  loss=0.1608  lr=1.55e-05
[14:06:50 INFO] Epoch 38/50  iter 100/743  loss=0.0554  lr=1.54e-05
[14:07:03 INFO] Epoch 38/50  iter 150/743  loss=0.1064  lr=1.54e-05
[14:07:17 INFO] Epoch 38/50  iter 200/743  loss=0.0627  lr=1.53e-05
[14:07:30 INFO] Epoch 38/50  iter 250/743  loss=0.1167  lr=1.52e-05
[14:07:43 INFO] Epoch 38/50  iter 300/743  loss=0.0994  lr=1.51e-05
[14:07:57 INFO] Epoch 38/50  iter 350/743  loss=0.1654  lr=1.50e-05
[14:08:10 INFO] Epoch 38/50  iter 400/743  loss=0.0492  lr=1.50e-05
[14:08:24 INFO] Epoch 38/50  iter 450/743  loss=0.1452  lr=1.49e-05
[14:08:37 INFO] Epoch 38/50  iter 500/743  loss=0.1871  lr=1.48e-05
[14:08:50 INFO] Epoch 38/50  iter 550/743  loss=0.1658  lr=1.47e-05
[14:09:04 INFO] Epoch 38/50  iter 600/743  loss=0.1537  lr=1.46e-05
[14:09:17 INFO] Epoch 38/50  iter 650/743  loss=0.0929  lr=1.45e-05
[14:09:31 INFO] Epoch 38/50  iter 700/743  loss=0.0797  lr=1.45e-05
[14:09:42 INFO] Epoch 38 complete — avg_loss=0.1259  time=200s
[14:09:57 INFO] Epoch 39/50  iter 50/743  loss=0.0606  lr=1.43e-05
[14:10:10 INFO] Epoch 39/50  iter 100/743  loss=0.0858  lr=1.42e-05
[14:10:23 INFO] Epoch 39/50  iter 150/743  loss=0.0762  lr=1.42e-05
[14:10:37 INFO] Epoch 39/50  iter 200/743  loss=0.5531  lr=1.41e-05
[14:10:50 INFO] Epoch 39/50  iter 250/743  loss=0.1218  lr=1.40e-05
[14:11:04 INFO] Epoch 39/50  iter 300/743  loss=0.1037  lr=1.39e-05
[14:11:17 INFO] Epoch 39/50  iter 350/743  loss=0.1898  lr=1.38e-05
[14:11:30 INFO] Epoch 39/50  iter 400/743  loss=0.1240  lr=1.38e-05
[14:11:44 INFO] Epoch 39/50  iter 450/743  loss=0.1925  lr=1.37e-05
[14:11:57 INFO] Epoch 39/50  iter 500/743  loss=0.0933  lr=1.36e-05
[14:12:11 INFO] Epoch 39/50  iter 550/743  loss=0.1204  lr=1.35e-05
[14:12:24 INFO] Epoch 39/50  iter 600/743  loss=0.3174  lr=1.34e-05
[14:12:37 INFO] Epoch 39/50  iter 650/743  loss=0.1232  lr=1.33e-05
[14:12:51 INFO] Epoch 39/50  iter 700/743  loss=0.0893  lr=1.33e-05
[14:13:02 INFO] Epoch 39 complete — avg_loss=0.1269  time=200s
[14:13:17 INFO] Epoch 40/50  iter 50/743  loss=0.1030  lr=1.31e-05
[14:13:30 INFO] Epoch 40/50  iter 100/743  loss=0.1145  lr=1.30e-05
[14:13:44 INFO] Epoch 40/50  iter 150/743  loss=0.0479  lr=1.30e-05
[14:13:57 INFO] Epoch 40/50  iter 200/743  loss=0.1085  lr=1.29e-05
[14:14:11 INFO] Epoch 40/50  iter 250/743  loss=0.1664  lr=1.28e-05
[14:14:24 INFO] Epoch 40/50  iter 300/743  loss=0.1247  lr=1.27e-05
[14:14:37 INFO] Epoch 40/50  iter 350/743  loss=0.3104  lr=1.26e-05
[14:14:51 INFO] Epoch 40/50  iter 400/743  loss=0.1113  lr=1.26e-05
[14:15:04 INFO] Epoch 40/50  iter 450/743  loss=0.1111  lr=1.25e-05
[14:15:22 INFO] Epoch 40/50  iter 500/743  loss=0.1856  lr=1.24e-05
[14:15:46 INFO] Epoch 40/50  iter 550/743  loss=0.1872  lr=1.23e-05
[14:16:10 INFO] Epoch 40/50  iter 600/743  loss=0.1833  lr=1.22e-05
[14:16:33 INFO] Epoch 40/50  iter 650/743  loss=0.1496  lr=1.21e-05
[14:16:57 INFO] Epoch 40/50  iter 700/743  loss=0.0728  lr=1.21e-05
[14:17:17 INFO] Epoch 40 complete — avg_loss=0.1212  time=254s
[14:20:38 INFO]   val mIoU = 0.7692
[14:20:38 INFO]   ★ New best val mIoU: 0.7692
[14:21:03 INFO] Epoch 41/50  iter 50/743  loss=0.0965  lr=1.19e-05
[14:21:27 INFO] Epoch 41/50  iter 100/743  loss=0.0932  lr=1.18e-05
[14:21:50 INFO] Epoch 41/50  iter 150/743  loss=0.0631  lr=1.18e-05
[14:22:14 INFO] Epoch 41/50  iter 200/743  loss=0.0533  lr=1.17e-05
[14:22:38 INFO] Epoch 41/50  iter 250/743  loss=0.1256  lr=1.16e-05
[14:23:01 INFO] Epoch 41/50  iter 300/743  loss=0.0785  lr=1.15e-05
[14:23:25 INFO] Epoch 41/50  iter 350/743  loss=0.0818  lr=1.14e-05
[14:23:48 INFO] Epoch 41/50  iter 400/743  loss=0.1223  lr=1.14e-05
[14:24:12 INFO] Epoch 41/50  iter 450/743  loss=0.1394  lr=1.13e-05
[14:24:35 INFO] Epoch 41/50  iter 500/743  loss=0.0748  lr=1.12e-05
[14:24:59 INFO] Epoch 41/50  iter 550/743  loss=0.0575  lr=1.11e-05
[14:25:23 INFO] Epoch 41/50  iter 600/743  loss=0.0861  lr=1.10e-05
[14:25:47 INFO] Epoch 41/50  iter 650/743  loss=0.1613  lr=1.09e-05
[14:26:11 INFO] Epoch 41/50  iter 700/743  loss=0.0782  lr=1.09e-05
[14:26:31 INFO] Epoch 41 complete — avg_loss=0.1212  time=352s
[14:26:56 INFO] Epoch 42/50  iter 50/743  loss=0.0797  lr=1.07e-05
[14:27:19 INFO] Epoch 42/50  iter 100/743  loss=0.1153  lr=1.06e-05
[14:27:43 INFO] Epoch 42/50  iter 150/743  loss=0.1487  lr=1.06e-05
[14:28:07 INFO] Epoch 42/50  iter 200/743  loss=0.1349  lr=1.05e-05
[14:28:30 INFO] Epoch 42/50  iter 250/743  loss=0.0637  lr=1.04e-05
[14:28:54 INFO] Epoch 42/50  iter 300/743  loss=0.1508  lr=1.03e-05
[14:29:18 INFO] Epoch 42/50  iter 350/743  loss=0.1091  lr=1.02e-05
[14:29:41 INFO] Epoch 42/50  iter 400/743  loss=0.1047  lr=1.02e-05
[14:30:05 INFO] Epoch 42/50  iter 450/743  loss=0.0762  lr=1.01e-05
[14:30:28 INFO] Epoch 42/50  iter 500/743  loss=0.0856  lr=9.99e-06
[14:30:52 INFO] Epoch 42/50  iter 550/743  loss=0.0905  lr=9.91e-06
[14:31:15 INFO] Epoch 42/50  iter 600/743  loss=0.1061  lr=9.83e-06
[14:31:39 INFO] Epoch 42/50  iter 650/743  loss=0.0719  lr=9.75e-06
[14:32:03 INFO] Epoch 42/50  iter 700/743  loss=0.1182  lr=9.67e-06
[14:32:23 INFO] Epoch 42 complete — avg_loss=0.1201  time=351s
[14:32:48 INFO] Epoch 43/50  iter 50/743  loss=0.0514  lr=9.52e-06
[14:33:11 INFO] Epoch 43/50  iter 100/743  loss=0.1787  lr=9.44e-06
[14:33:35 INFO] Epoch 43/50  iter 150/743  loss=0.1330  lr=9.36e-06
[14:33:59 INFO] Epoch 43/50  iter 200/743  loss=0.0693  lr=9.28e-06
[14:34:22 INFO] Epoch 43/50  iter 250/743  loss=0.0800  lr=9.19e-06
[14:34:46 INFO] Epoch 43/50  iter 300/743  loss=0.1016  lr=9.11e-06
[14:35:10 INFO] Epoch 43/50  iter 350/743  loss=0.0987  lr=9.03e-06
[14:35:34 INFO] Epoch 43/50  iter 400/743  loss=0.0872  lr=8.95e-06
[14:35:58 INFO] Epoch 43/50  iter 450/743  loss=0.0863  lr=8.87e-06
[14:36:22 INFO] Epoch 43/50  iter 500/743  loss=0.0680  lr=8.79e-06
[14:36:46 INFO] Epoch 43/50  iter 550/743  loss=0.0934  lr=8.71e-06
[14:37:09 INFO] Epoch 43/50  iter 600/743  loss=0.0605  lr=8.63e-06
[14:37:33 INFO] Epoch 43/50  iter 650/743  loss=0.1817  lr=8.55e-06
[14:37:57 INFO] Epoch 43/50  iter 700/743  loss=0.0672  lr=8.47e-06
[14:38:18 INFO] Epoch 43 complete — avg_loss=0.1236  time=354s
[14:38:43 INFO] Epoch 44/50  iter 50/743  loss=0.0905  lr=8.32e-06
[14:39:06 INFO] Epoch 44/50  iter 100/743  loss=0.1240  lr=8.24e-06
[14:39:30 INFO] Epoch 44/50  iter 150/743  loss=0.1119  lr=8.16e-06
[14:39:53 INFO] Epoch 44/50  iter 200/743  loss=0.1153  lr=8.08e-06
[14:40:17 INFO] Epoch 44/50  iter 250/743  loss=0.0849  lr=7.99e-06
[14:40:41 INFO] Epoch 44/50  iter 300/743  loss=0.1008  lr=7.91e-06
[14:41:04 INFO] Epoch 44/50  iter 350/743  loss=0.0836  lr=7.83e-06
[14:41:28 INFO] Epoch 44/50  iter 400/743  loss=0.1961  lr=7.75e-06
[14:41:52 INFO] Epoch 44/50  iter 450/743  loss=0.0858  lr=7.67e-06
[14:42:16 INFO] Epoch 44/50  iter 500/743  loss=0.1090  lr=7.59e-06
[14:42:39 INFO] Epoch 44/50  iter 550/743  loss=0.1663  lr=7.51e-06
[14:43:03 INFO] Epoch 44/50  iter 600/743  loss=0.1257  lr=7.43e-06
[14:43:27 INFO] Epoch 44/50  iter 650/743  loss=0.1096  lr=7.35e-06
[14:43:50 INFO] Epoch 44/50  iter 700/743  loss=0.0758  lr=7.27e-06
[14:44:10 INFO] Epoch 44 complete — avg_loss=0.1177  time=352s
[14:44:35 INFO] Epoch 45/50  iter 50/743  loss=0.0392  lr=7.12e-06
[14:44:59 INFO] Epoch 45/50  iter 100/743  loss=0.1198  lr=7.04e-06
[14:45:22 INFO] Epoch 45/50  iter 150/743  loss=0.1057  lr=6.96e-06
[14:45:46 INFO] Epoch 45/50  iter 200/743  loss=0.1275  lr=6.88e-06
[14:46:09 INFO] Epoch 45/50  iter 250/743  loss=0.1159  lr=6.79e-06
[14:46:33 INFO] Epoch 45/50  iter 300/743  loss=0.1409  lr=6.71e-06
[14:46:57 INFO] Epoch 45/50  iter 350/743  loss=0.0931  lr=6.63e-06
[14:47:20 INFO] Epoch 45/50  iter 400/743  loss=0.1596  lr=6.55e-06
[14:47:44 INFO] Epoch 45/50  iter 450/743  loss=0.0742  lr=6.47e-06
[14:48:08 INFO] Epoch 45/50  iter 500/743  loss=0.1398  lr=6.39e-06
[14:48:31 INFO] Epoch 45/50  iter 550/743  loss=0.3400  lr=6.31e-06
[14:48:55 INFO] Epoch 45/50  iter 600/743  loss=0.1413  lr=6.23e-06
[14:49:18 INFO] Epoch 45/50  iter 650/743  loss=0.0775  lr=6.15e-06
[14:49:37 INFO] Epoch 45/50  iter 700/743  loss=0.0851  lr=6.07e-06
[14:49:48 INFO] Epoch 45 complete — avg_loss=0.1178  time=337s
[14:51:48 INFO]   val mIoU = 0.7719
[14:51:49 INFO]   ★ New best val mIoU: 0.7719
[14:52:03 INFO] Epoch 46/50  iter 50/743  loss=0.1036  lr=5.92e-06
[14:52:16 INFO] Epoch 46/50  iter 100/743  loss=0.0824  lr=5.84e-06
[14:52:30 INFO] Epoch 46/50  iter 150/743  loss=0.1582  lr=5.76e-06
[14:52:43 INFO] Epoch 46/50  iter 200/743  loss=0.0973  lr=5.68e-06
[14:52:57 INFO] Epoch 46/50  iter 250/743  loss=0.1521  lr=5.59e-06
[14:53:10 INFO] Epoch 46/50  iter 300/743  loss=0.1219  lr=5.51e-06
[14:53:23 INFO] Epoch 46/50  iter 350/743  loss=0.1291  lr=5.43e-06
[14:53:37 INFO] Epoch 46/50  iter 400/743  loss=0.1406  lr=5.35e-06
[14:53:50 INFO] Epoch 46/50  iter 450/743  loss=0.0772  lr=5.27e-06
[14:54:04 INFO] Epoch 46/50  iter 500/743  loss=0.0544  lr=5.19e-06
[14:54:17 INFO] Epoch 46/50  iter 550/743  loss=0.5013  lr=5.11e-06
[14:54:30 INFO] Epoch 46/50  iter 600/743  loss=0.1332  lr=5.03e-06
[14:54:44 INFO] Epoch 46/50  iter 650/743  loss=0.1978  lr=4.95e-06
[14:54:57 INFO] Epoch 46/50  iter 700/743  loss=0.0624  lr=4.87e-06
[14:55:09 INFO] Epoch 46 complete — avg_loss=0.1191  time=200s
[14:55:23 INFO] Epoch 47/50  iter 50/743  loss=0.1377  lr=4.72e-06
[14:55:36 INFO] Epoch 47/50  iter 100/743  loss=0.0640  lr=4.64e-06
[14:55:50 INFO] Epoch 47/50  iter 150/743  loss=0.0825  lr=4.56e-06
[14:56:03 INFO] Epoch 47/50  iter 200/743  loss=0.1151  lr=4.48e-06
[14:56:17 INFO] Epoch 47/50  iter 250/743  loss=0.0992  lr=4.39e-06
[14:56:30 INFO] Epoch 47/50  iter 300/743  loss=0.1079  lr=4.31e-06
[14:56:43 INFO] Epoch 47/50  iter 350/743  loss=0.1157  lr=4.23e-06
[14:56:57 INFO] Epoch 47/50  iter 400/743  loss=0.0978  lr=4.15e-06
[14:57:10 INFO] Epoch 47/50  iter 450/743  loss=0.1593  lr=4.07e-06
[14:57:24 INFO] Epoch 47/50  iter 500/743  loss=0.1118  lr=3.99e-06
[14:57:37 INFO] Epoch 47/50  iter 550/743  loss=0.1192  lr=3.91e-06
[14:57:50 INFO] Epoch 47/50  iter 600/743  loss=0.2841  lr=3.83e-06
[14:58:04 INFO] Epoch 47/50  iter 650/743  loss=0.0774  lr=3.75e-06
[14:58:17 INFO] Epoch 47/50  iter 700/743  loss=0.0962  lr=3.67e-06
[14:58:29 INFO] Epoch 47 complete — avg_loss=0.1175  time=200s
[14:58:43 INFO] Epoch 48/50  iter 50/743  loss=0.0749  lr=3.52e-06
[14:58:57 INFO] Epoch 48/50  iter 100/743  loss=0.0566  lr=3.44e-06
[14:59:10 INFO] Epoch 48/50  iter 150/743  loss=0.1116  lr=3.36e-06
[14:59:24 INFO] Epoch 48/50  iter 200/743  loss=0.2436  lr=3.28e-06
[14:59:37 INFO] Epoch 48/50  iter 250/743  loss=0.0806  lr=3.19e-06
[14:59:50 INFO] Epoch 48/50  iter 300/743  loss=0.0713  lr=3.11e-06
[15:00:04 INFO] Epoch 48/50  iter 350/743  loss=0.1416  lr=3.03e-06
[15:00:17 INFO] Epoch 48/50  iter 400/743  loss=0.1670  lr=2.95e-06
[15:00:31 INFO] Epoch 48/50  iter 450/743  loss=0.0929  lr=2.87e-06
[15:00:44 INFO] Epoch 48/50  iter 500/743  loss=0.0519  lr=2.79e-06
[15:00:57 INFO] Epoch 48/50  iter 550/743  loss=0.0978  lr=2.71e-06
[15:01:11 INFO] Epoch 48/50  iter 600/743  loss=0.1285  lr=2.63e-06
[15:01:24 INFO] Epoch 48/50  iter 650/743  loss=0.0980  lr=2.55e-06
[15:01:37 INFO] Epoch 48/50  iter 700/743  loss=0.1583  lr=2.47e-06
[15:01:49 INFO] Epoch 48 complete — avg_loss=0.1159  time=200s
[15:02:03 INFO] Epoch 49/50  iter 50/743  loss=0.0933  lr=2.32e-06
[15:02:17 INFO] Epoch 49/50  iter 100/743  loss=0.1376  lr=2.24e-06
[15:02:30 INFO] Epoch 49/50  iter 150/743  loss=0.1380  lr=2.16e-06
[15:02:43 INFO] Epoch 49/50  iter 200/743  loss=0.1177  lr=2.08e-06
[15:02:57 INFO] Epoch 49/50  iter 250/743  loss=0.1587  lr=1.99e-06
[15:03:10 INFO] Epoch 49/50  iter 300/743  loss=0.1053  lr=1.91e-06
[15:03:23 INFO] Epoch 49/50  iter 350/743  loss=0.1490  lr=1.83e-06
[15:03:37 INFO] Epoch 49/50  iter 400/743  loss=0.0797  lr=1.75e-06
[15:03:50 INFO] Epoch 49/50  iter 450/743  loss=0.0695  lr=1.67e-06
[15:04:03 INFO] Epoch 49/50  iter 500/743  loss=0.0715  lr=1.59e-06
[15:04:17 INFO] Epoch 49/50  iter 550/743  loss=0.1594  lr=1.51e-06
[15:04:30 INFO] Epoch 49/50  iter 600/743  loss=0.0648  lr=1.43e-06
[15:04:44 INFO] Epoch 49/50  iter 650/743  loss=0.1036  lr=1.35e-06
[15:04:57 INFO] Epoch 49/50  iter 700/743  loss=0.0900  lr=1.27e-06
[15:05:08 INFO] Epoch 49 complete — avg_loss=0.1142  time=199s
[15:05:23 INFO] Epoch 50/50  iter 50/743  loss=0.0965  lr=1.12e-06
[15:05:36 INFO] Epoch 50/50  iter 100/743  loss=0.1679  lr=1.04e-06
[15:05:49 INFO] Epoch 50/50  iter 150/743  loss=0.0470  lr=9.56e-07
[15:06:03 INFO] Epoch 50/50  iter 200/743  loss=0.1259  lr=8.75e-07
[15:06:16 INFO] Epoch 50/50  iter 250/743  loss=0.0810  lr=7.95e-07
[15:06:29 INFO] Epoch 50/50  iter 300/743  loss=0.0837  lr=7.14e-07
[15:06:43 INFO] Epoch 50/50  iter 350/743  loss=0.1452  lr=6.33e-07
[15:06:56 INFO] Epoch 50/50  iter 400/743  loss=0.0968  lr=5.52e-07
[15:07:10 INFO] Epoch 50/50  iter 450/743  loss=0.0793  lr=4.72e-07
[15:07:23 INFO] Epoch 50/50  iter 500/743  loss=0.1068  lr=3.91e-07
[15:07:36 INFO] Epoch 50/50  iter 550/743  loss=0.1041  lr=3.10e-07
[15:07:50 INFO] Epoch 50/50  iter 600/743  loss=0.0703  lr=2.29e-07
[15:08:03 INFO] Epoch 50/50  iter 650/743  loss=0.1133  lr=1.49e-07
[15:08:16 INFO] Epoch 50/50  iter 700/743  loss=0.1531  lr=6.78e-08
[15:08:28 INFO] Epoch 50 complete — avg_loss=0.1207  time=199s
[15:10:29 INFO]   val mIoU = 0.7765
[15:10:30 INFO]   ★ New best val mIoU: 0.7765
[15:10:30 INFO] Training complete. Best val mIoU = 0.7765
