[10:13:38 INFO] Device: cuda
[10:13:41 INFO] Using fog cache: data/fog_cache/depthaware_b002
[10:13:44 INFO] Train: 2975 samples  |  Val: 500 samples
[10:13:57 INFO] Epoch 1/50  iter 50/743  loss=1.6572  lr=5.99e-05
[10:14:09 INFO] Epoch 1/50  iter 100/743  loss=1.1529  lr=5.98e-05
[10:14:22 INFO] Epoch 1/50  iter 150/743  loss=1.3014  lr=5.98e-05
[10:14:34 INFO] Epoch 1/50  iter 200/743  loss=0.7405  lr=5.97e-05
[10:14:46 INFO] Epoch 1/50  iter 250/743  loss=1.2387  lr=5.96e-05
[10:14:59 INFO] Epoch 1/50  iter 300/743  loss=0.7891  lr=5.95e-05
[10:15:11 INFO] Epoch 1/50  iter 350/743  loss=1.4879  lr=5.94e-05
[10:15:24 INFO] Epoch 1/50  iter 400/743  loss=0.4784  lr=5.94e-05
[10:15:36 INFO] Epoch 1/50  iter 450/743  loss=0.6520  lr=5.93e-05
[10:15:49 INFO] Epoch 1/50  iter 500/743  loss=0.5509  lr=5.92e-05
[10:16:01 INFO] Epoch 1/50  iter 550/743  loss=0.3593  lr=5.91e-05
[10:16:13 INFO] Epoch 1/50  iter 600/743  loss=0.5155  lr=5.90e-05
[10:16:26 INFO] Epoch 1/50  iter 650/743  loss=0.9000  lr=5.89e-05
[10:16:38 INFO] Epoch 1/50  iter 700/743  loss=0.6526  lr=5.89e-05
[10:16:49 INFO] Epoch 1 complete — avg_loss=0.8892  time=186s
[10:17:03 INFO] Epoch 2/50  iter 50/743  loss=0.8737  lr=5.87e-05
[10:17:15 INFO] Epoch 2/50  iter 100/743  loss=0.2865  lr=5.86e-05
[10:17:28 INFO] Epoch 2/50  iter 150/743  loss=0.3186  lr=5.86e-05
[10:17:40 INFO] Epoch 2/50  iter 200/743  loss=0.4612  lr=5.85e-05
[10:17:52 INFO] Epoch 2/50  iter 250/743  loss=0.5566  lr=5.84e-05
[10:18:05 INFO] Epoch 2/50  iter 300/743  loss=0.4947  lr=5.83e-05
[10:18:17 INFO] Epoch 2/50  iter 350/743  loss=0.3363  lr=5.82e-05
[10:18:30 INFO] Epoch 2/50  iter 400/743  loss=0.4490  lr=5.82e-05
[10:18:42 INFO] Epoch 2/50  iter 450/743  loss=0.3516  lr=5.81e-05
[10:18:54 INFO] Epoch 2/50  iter 500/743  loss=0.8858  lr=5.80e-05
[10:19:07 INFO] Epoch 2/50  iter 550/743  loss=0.3476  lr=5.79e-05
[10:19:19 INFO] Epoch 2/50  iter 600/743  loss=0.3475  lr=5.78e-05
[10:19:31 INFO] Epoch 2/50  iter 650/743  loss=0.8001  lr=5.77e-05
[10:19:44 INFO] Epoch 2/50  iter 700/743  loss=0.2701  lr=5.77e-05
[10:19:54 INFO] Epoch 2 complete — avg_loss=0.4895  time=185s
[10:20:08 INFO] Epoch 3/50  iter 50/743  loss=0.3770  lr=5.75e-05
[10:20:20 INFO] Epoch 3/50  iter 100/743  loss=0.4921  lr=5.74e-05
[10:20:33 INFO] Epoch 3/50  iter 150/743  loss=0.4326  lr=5.74e-05
[10:20:45 INFO] Epoch 3/50  iter 200/743  loss=0.3304  lr=5.73e-05
[10:20:58 INFO] Epoch 3/50  iter 250/743  loss=0.3508  lr=5.72e-05
[10:21:10 INFO] Epoch 3/50  iter 300/743  loss=0.3977  lr=5.71e-05
[10:21:22 INFO] Epoch 3/50  iter 350/743  loss=0.2687  lr=5.70e-05
[10:21:35 INFO] Epoch 3/50  iter 400/743  loss=0.2763  lr=5.70e-05
[10:21:47 INFO] Epoch 3/50  iter 450/743  loss=0.3403  lr=5.69e-05
[10:22:00 INFO] Epoch 3/50  iter 500/743  loss=0.2651  lr=5.68e-05
[10:22:12 INFO] Epoch 3/50  iter 550/743  loss=0.4529  lr=5.67e-05
[10:22:24 INFO] Epoch 3/50  iter 600/743  loss=0.4575  lr=5.66e-05
[10:22:37 INFO] Epoch 3/50  iter 650/743  loss=0.3495  lr=5.65e-05
[10:22:49 INFO] Epoch 3/50  iter 700/743  loss=0.6220  lr=5.65e-05
[10:23:00 INFO] Epoch 3 complete — avg_loss=0.4091  time=185s
[10:23:13 INFO] Epoch 4/50  iter 50/743  loss=0.2740  lr=5.63e-05
[10:23:26 INFO] Epoch 4/50  iter 100/743  loss=0.2360  lr=5.62e-05
[10:23:38 INFO] Epoch 4/50  iter 150/743  loss=0.2411  lr=5.62e-05
[10:23:50 INFO] Epoch 4/50  iter 200/743  loss=0.3561  lr=5.61e-05
[10:24:03 INFO] Epoch 4/50  iter 250/743  loss=0.4680  lr=5.60e-05
[10:24:15 INFO] Epoch 4/50  iter 300/743  loss=0.3111  lr=5.59e-05
[10:24:28 INFO] Epoch 4/50  iter 350/743  loss=0.3189  lr=5.58e-05
[10:24:40 INFO] Epoch 4/50  iter 400/743  loss=0.4137  lr=5.58e-05
[10:24:52 INFO] Epoch 4/50  iter 450/743  loss=0.2044  lr=5.57e-05
[10:25:05 INFO] Epoch 4/50  iter 500/743  loss=0.2662  lr=5.56e-05
[10:25:17 INFO] Epoch 4/50  iter 550/743  loss=0.5925  lr=5.55e-05
[10:25:30 INFO] Epoch 4/50  iter 600/743  loss=0.2225  lr=5.54e-05
[10:25:42 INFO] Epoch 4/50  iter 650/743  loss=0.3378  lr=5.53e-05
[10:25:54 INFO] Epoch 4/50  iter 700/743  loss=0.3261  lr=5.53e-05
[10:26:05 INFO] Epoch 4 complete — avg_loss=0.3707  time=185s
[10:26:19 INFO] Epoch 5/50  iter 50/743  loss=0.2446  lr=5.51e-05
[10:26:31 INFO] Epoch 5/50  iter 100/743  loss=0.2229  lr=5.50e-05
[10:26:44 INFO] Epoch 5/50  iter 150/743  loss=0.1667  lr=5.50e-05
[10:26:56 INFO] Epoch 5/50  iter 200/743  loss=0.1953  lr=5.49e-05
[10:27:08 INFO] Epoch 5/50  iter 250/743  loss=0.3206  lr=5.48e-05
[10:27:21 INFO] Epoch 5/50  iter 300/743  loss=0.3674  lr=5.47e-05
[10:27:33 INFO] Epoch 5/50  iter 350/743  loss=0.1863  lr=5.46e-05
[10:27:46 INFO] Epoch 5/50  iter 400/743  loss=0.4178  lr=5.46e-05
[10:27:58 INFO] Epoch 5/50  iter 450/743  loss=0.6682  lr=5.45e-05
[10:28:10 INFO] Epoch 5/50  iter 500/743  loss=0.4400  lr=5.44e-05
[10:28:23 INFO] Epoch 5/50  iter 550/743  loss=1.5406  lr=5.43e-05
[10:28:35 INFO] Epoch 5/50  iter 600/743  loss=0.4067  lr=5.42e-05
[10:28:47 INFO] Epoch 5/50  iter 650/743  loss=0.3031  lr=5.41e-05
[10:29:00 INFO] Epoch 5/50  iter 700/743  loss=0.2311  lr=5.41e-05
[10:29:10 INFO] Epoch 5 complete — avg_loss=0.3341  time=185s
[10:30:03 INFO]   val mIoU = 0.3872
[10:30:04 INFO]   ★ New best val mIoU: 0.3872
[10:30:18 INFO] Epoch 6/50  iter 50/743  loss=0.2771  lr=5.39e-05
[10:30:30 INFO] Epoch 6/50  iter 100/743  loss=0.4767  lr=5.38e-05
[10:30:42 INFO] Epoch 6/50  iter 150/743  loss=0.3477  lr=5.38e-05
[10:30:55 INFO] Epoch 6/50  iter 200/743  loss=0.2950  lr=5.37e-05
[10:31:07 INFO] Epoch 6/50  iter 250/743  loss=0.2244  lr=5.36e-05
[10:31:20 INFO] Epoch 6/50  iter 300/743  loss=0.2485  lr=5.35e-05
[10:31:32 INFO] Epoch 6/50  iter 350/743  loss=0.1656  lr=5.34e-05
[10:31:44 INFO] Epoch 6/50  iter 400/743  loss=0.3469  lr=5.34e-05
[10:31:57 INFO] Epoch 6/50  iter 450/743  loss=0.1639  lr=5.33e-05
[10:32:09 INFO] Epoch 6/50  iter 500/743  loss=0.4744  lr=5.32e-05
[10:32:21 INFO] Epoch 6/50  iter 550/743  loss=0.3728  lr=5.31e-05
[10:32:34 INFO] Epoch 6/50  iter 600/743  loss=0.2305  lr=5.30e-05
[10:32:46 INFO] Epoch 6/50  iter 650/743  loss=0.2672  lr=5.29e-05
[10:32:58 INFO] Epoch 6/50  iter 700/743  loss=0.1949  lr=5.29e-05
[10:33:09 INFO] Epoch 6 complete — avg_loss=0.3203  time=184s
[10:33:23 INFO] Epoch 7/50  iter 50/743  loss=0.2806  lr=5.27e-05
[10:33:35 INFO] Epoch 7/50  iter 100/743  loss=0.3720  lr=5.26e-05
[10:33:47 INFO] Epoch 7/50  iter 150/743  loss=0.2647  lr=5.26e-05
[10:34:00 INFO] Epoch 7/50  iter 200/743  loss=0.3483  lr=5.25e-05
[10:34:12 INFO] Epoch 7/50  iter 250/743  loss=0.2962  lr=5.24e-05
[10:34:25 INFO] Epoch 7/50  iter 300/743  loss=0.3045  lr=5.23e-05
[10:34:37 INFO] Epoch 7/50  iter 350/743  loss=0.2582  lr=5.22e-05
[10:34:49 INFO] Epoch 7/50  iter 400/743  loss=0.4047  lr=5.22e-05
[10:35:02 INFO] Epoch 7/50  iter 450/743  loss=0.2578  lr=5.21e-05
[10:35:14 INFO] Epoch 7/50  iter 500/743  loss=0.1898  lr=5.20e-05
[10:35:26 INFO] Epoch 7/50  iter 550/743  loss=0.1317  lr=5.19e-05
[10:35:39 INFO] Epoch 7/50  iter 600/743  loss=0.0848  lr=5.18e-05
[10:35:51 INFO] Epoch 7/50  iter 650/743  loss=0.1676  lr=5.17e-05
[10:36:04 INFO] Epoch 7/50  iter 700/743  loss=0.2753  lr=5.17e-05
[10:36:14 INFO] Epoch 7 complete — avg_loss=0.3004  time=185s
[10:36:28 INFO] Epoch 8/50  iter 50/743  loss=0.4747  lr=5.15e-05
[10:36:40 INFO] Epoch 8/50  iter 100/743  loss=0.2698  lr=5.14e-05
[10:36:53 INFO] Epoch 8/50  iter 150/743  loss=0.5558  lr=5.14e-05
[10:37:05 INFO] Epoch 8/50  iter 200/743  loss=0.1178  lr=5.13e-05
[10:37:18 INFO] Epoch 8/50  iter 250/743  loss=0.5691  lr=5.12e-05
[10:37:30 INFO] Epoch 8/50  iter 300/743  loss=0.2491  lr=5.11e-05
[10:37:42 INFO] Epoch 8/50  iter 350/743  loss=0.1218  lr=5.10e-05
[10:37:55 INFO] Epoch 8/50  iter 400/743  loss=0.2529  lr=5.10e-05
[10:38:07 INFO] Epoch 8/50  iter 450/743  loss=0.1637  lr=5.09e-05
[10:38:19 INFO] Epoch 8/50  iter 500/743  loss=0.2314  lr=5.08e-05
[10:38:32 INFO] Epoch 8/50  iter 550/743  loss=0.1531  lr=5.07e-05
[10:38:44 INFO] Epoch 8/50  iter 600/743  loss=0.8055  lr=5.06e-05
[10:38:57 INFO] Epoch 8/50  iter 650/743  loss=0.2106  lr=5.05e-05
[10:39:09 INFO] Epoch 8/50  iter 700/743  loss=0.1945  lr=5.05e-05
[10:39:20 INFO] Epoch 8 complete — avg_loss=0.2886  time=185s
[10:39:33 INFO] Epoch 9/50  iter 50/743  loss=0.2979  lr=5.03e-05
[10:39:46 INFO] Epoch 9/50  iter 100/743  loss=0.2554  lr=5.02e-05
[10:39:58 INFO] Epoch 9/50  iter 150/743  loss=0.2009  lr=5.02e-05
[10:40:10 INFO] Epoch 9/50  iter 200/743  loss=0.2196  lr=5.01e-05
[10:40:23 INFO] Epoch 9/50  iter 250/743  loss=0.2818  lr=5.00e-05
[10:40:35 INFO] Epoch 9/50  iter 300/743  loss=0.3570  lr=4.99e-05
[10:40:47 INFO] Epoch 9/50  iter 350/743  loss=0.3139  lr=4.98e-05
[10:41:00 INFO] Epoch 9/50  iter 400/743  loss=0.3258  lr=4.98e-05
[10:41:12 INFO] Epoch 9/50  iter 450/743  loss=0.6592  lr=4.97e-05
[10:41:25 INFO] Epoch 9/50  iter 500/743  loss=0.3200  lr=4.96e-05
[10:41:37 INFO] Epoch 9/50  iter 550/743  loss=0.4325  lr=4.95e-05
[10:41:49 INFO] Epoch 9/50  iter 600/743  loss=0.2024  lr=4.94e-05
[10:42:02 INFO] Epoch 9/50  iter 650/743  loss=0.2827  lr=4.93e-05
[10:42:14 INFO] Epoch 9/50  iter 700/743  loss=0.3061  lr=4.93e-05
[10:42:25 INFO] Epoch 9 complete — avg_loss=0.2895  time=185s
[10:42:38 INFO] Epoch 10/50  iter 50/743  loss=0.1457  lr=4.91e-05
[10:42:51 INFO] Epoch 10/50  iter 100/743  loss=0.1805  lr=4.90e-05
[10:43:03 INFO] Epoch 10/50  iter 150/743  loss=0.2837  lr=4.90e-05
[10:43:16 INFO] Epoch 10/50  iter 200/743  loss=0.0623  lr=4.89e-05
[10:43:28 INFO] Epoch 10/50  iter 250/743  loss=0.3327  lr=4.88e-05
[10:43:40 INFO] Epoch 10/50  iter 300/743  loss=0.1100  lr=4.87e-05
[10:43:53 INFO] Epoch 10/50  iter 350/743  loss=0.5148  lr=4.86e-05
[10:44:05 INFO] Epoch 10/50  iter 400/743  loss=0.2421  lr=4.86e-05
[10:44:18 INFO] Epoch 10/50  iter 450/743  loss=0.2014  lr=4.85e-05
[10:44:30 INFO] Epoch 10/50  iter 500/743  loss=0.1231  lr=4.84e-05
[10:44:42 INFO] Epoch 10/50  iter 550/743  loss=0.2425  lr=4.83e-05
[10:44:55 INFO] Epoch 10/50  iter 600/743  loss=0.5824  lr=4.82e-05
[10:45:07 INFO] Epoch 10/50  iter 650/743  loss=0.3328  lr=4.81e-05
[10:45:19 INFO] Epoch 10/50  iter 700/743  loss=0.2356  lr=4.81e-05
[10:45:30 INFO] Epoch 10 complete — avg_loss=0.2694  time=185s
[10:46:24 INFO]   val mIoU = 0.4781
[10:46:25 INFO]   ★ New best val mIoU: 0.4781
[10:46:39 INFO] Epoch 11/50  iter 50/743  loss=0.5291  lr=4.79e-05
[10:46:51 INFO] Epoch 11/50  iter 100/743  loss=0.2461  lr=4.78e-05
[10:47:03 INFO] Epoch 11/50  iter 150/743  loss=0.4004  lr=4.78e-05
[10:47:16 INFO] Epoch 11/50  iter 200/743  loss=0.5250  lr=4.77e-05
[10:47:28 INFO] Epoch 11/50  iter 250/743  loss=0.2197  lr=4.76e-05
[10:47:41 INFO] Epoch 11/50  iter 300/743  loss=0.4670  lr=4.75e-05
[10:47:53 INFO] Epoch 11/50  iter 350/743  loss=0.1278  lr=4.74e-05
[10:48:05 INFO] Epoch 11/50  iter 400/743  loss=0.1996  lr=4.74e-05
[10:48:18 INFO] Epoch 11/50  iter 450/743  loss=0.3117  lr=4.73e-05
[10:48:30 INFO] Epoch 11/50  iter 500/743  loss=0.1930  lr=4.72e-05
[10:48:42 INFO] Epoch 11/50  iter 550/743  loss=0.5997  lr=4.71e-05
[10:48:55 INFO] Epoch 11/50  iter 600/743  loss=0.2971  lr=4.70e-05
[10:49:07 INFO] Epoch 11/50  iter 650/743  loss=0.3066  lr=4.69e-05
[10:49:20 INFO] Epoch 11/50  iter 700/743  loss=0.1595  lr=4.69e-05
[10:49:30 INFO] Epoch 11 complete — avg_loss=0.2574  time=184s
[10:49:44 INFO] Epoch 12/50  iter 50/743  loss=0.2436  lr=4.67e-05
[10:49:56 INFO] Epoch 12/50  iter 100/743  loss=0.1980  lr=4.66e-05
[10:50:09 INFO] Epoch 12/50  iter 150/743  loss=0.3160  lr=4.66e-05
[10:50:21 INFO] Epoch 12/50  iter 200/743  loss=0.2992  lr=4.65e-05
[10:50:33 INFO] Epoch 12/50  iter 250/743  loss=0.4329  lr=4.64e-05
[10:50:46 INFO] Epoch 12/50  iter 300/743  loss=0.2403  lr=4.63e-05
[10:50:58 INFO] Epoch 12/50  iter 350/743  loss=0.2899  lr=4.62e-05
[10:51:11 INFO] Epoch 12/50  iter 400/743  loss=0.3396  lr=4.62e-05
[10:51:23 INFO] Epoch 12/50  iter 450/743  loss=0.0914  lr=4.61e-05
[10:51:35 INFO] Epoch 12/50  iter 500/743  loss=0.1574  lr=4.60e-05
[10:51:48 INFO] Epoch 12/50  iter 550/743  loss=0.2419  lr=4.59e-05
[10:52:00 INFO] Epoch 12/50  iter 600/743  loss=0.2206  lr=4.58e-05
[10:52:12 INFO] Epoch 12/50  iter 650/743  loss=0.1662  lr=4.57e-05
[10:52:25 INFO] Epoch 12/50  iter 700/743  loss=0.1750  lr=4.57e-05
[10:52:36 INFO] Epoch 12 complete — avg_loss=0.2540  time=184s
[10:52:49 INFO] Epoch 13/50  iter 50/743  loss=0.2170  lr=4.55e-05
[10:53:02 INFO] Epoch 13/50  iter 100/743  loss=0.0551  lr=4.54e-05
[10:53:14 INFO] Epoch 13/50  iter 150/743  loss=0.2336  lr=4.54e-05
[10:53:26 INFO] Epoch 13/50  iter 200/743  loss=0.1453  lr=4.53e-05
[10:53:39 INFO] Epoch 13/50  iter 250/743  loss=0.2229  lr=4.52e-05
[10:53:51 INFO] Epoch 13/50  iter 300/743  loss=0.2178  lr=4.51e-05
[10:54:04 INFO] Epoch 13/50  iter 350/743  loss=0.1682  lr=4.50e-05
[10:54:16 INFO] Epoch 13/50  iter 400/743  loss=0.1699  lr=4.50e-05
[10:54:28 INFO] Epoch 13/50  iter 450/743  loss=0.4102  lr=4.49e-05
[10:54:41 INFO] Epoch 13/50  iter 500/743  loss=0.1368  lr=4.48e-05
[10:54:53 INFO] Epoch 13/50  iter 550/743  loss=0.1697  lr=4.47e-05
[10:55:05 INFO] Epoch 13/50  iter 600/743  loss=0.1842  lr=4.46e-05
[10:55:18 INFO] Epoch 13/50  iter 650/743  loss=0.1098  lr=4.45e-05
[10:55:30 INFO] Epoch 13/50  iter 700/743  loss=0.1572  lr=4.45e-05
[10:55:41 INFO] Epoch 13 complete — avg_loss=0.2567  time=185s
[10:55:55 INFO] Epoch 14/50  iter 50/743  loss=0.1351  lr=4.43e-05
[10:56:07 INFO] Epoch 14/50  iter 100/743  loss=0.2136  lr=4.42e-05
[10:56:19 INFO] Epoch 14/50  iter 150/743  loss=0.1806  lr=4.42e-05
[10:56:32 INFO] Epoch 14/50  iter 200/743  loss=0.1949  lr=4.41e-05
[10:56:44 INFO] Epoch 14/50  iter 250/743  loss=0.2706  lr=4.40e-05
[10:56:56 INFO] Epoch 14/50  iter 300/743  loss=0.2422  lr=4.39e-05
[10:57:09 INFO] Epoch 14/50  iter 350/743  loss=0.1936  lr=4.38e-05
[10:57:21 INFO] Epoch 14/50  iter 400/743  loss=0.5739  lr=4.38e-05
[10:57:34 INFO] Epoch 14/50  iter 450/743  loss=0.2260  lr=4.37e-05
[10:57:46 INFO] Epoch 14/50  iter 500/743  loss=0.1495  lr=4.36e-05
[10:57:58 INFO] Epoch 14/50  iter 550/743  loss=0.3035  lr=4.35e-05
[10:58:11 INFO] Epoch 14/50  iter 600/743  loss=0.2018  lr=4.34e-05
[10:58:23 INFO] Epoch 14/50  iter 650/743  loss=0.1961  lr=4.33e-05
[10:58:36 INFO] Epoch 14/50  iter 700/743  loss=0.4081  lr=4.33e-05
[10:58:46 INFO] Epoch 14 complete — avg_loss=0.2442  time=185s
[10:59:00 INFO] Epoch 15/50  iter 50/743  loss=0.1953  lr=4.31e-05
[10:59:12 INFO] Epoch 15/50  iter 100/743  loss=0.1886  lr=4.30e-05
[10:59:25 INFO] Epoch 15/50  iter 150/743  loss=0.3961  lr=4.30e-05
[10:59:37 INFO] Epoch 15/50  iter 200/743  loss=0.1989  lr=4.29e-05
[10:59:49 INFO] Epoch 15/50  iter 250/743  loss=0.2465  lr=4.28e-05
[11:00:02 INFO] Epoch 15/50  iter 300/743  loss=0.3405  lr=4.27e-05
[11:00:14 INFO] Epoch 15/50  iter 350/743  loss=0.1734  lr=4.26e-05
[11:00:27 INFO] Epoch 15/50  iter 400/743  loss=0.4555  lr=4.26e-05
[11:00:39 INFO] Epoch 15/50  iter 450/743  loss=0.1831  lr=4.25e-05
[11:00:51 INFO] Epoch 15/50  iter 500/743  loss=0.2506  lr=4.24e-05
[11:01:04 INFO] Epoch 15/50  iter 550/743  loss=0.2404  lr=4.23e-05
[11:01:16 INFO] Epoch 15/50  iter 600/743  loss=0.2298  lr=4.22e-05
[11:01:29 INFO] Epoch 15/50  iter 650/743  loss=0.1999  lr=4.21e-05
[11:01:41 INFO] Epoch 15/50  iter 700/743  loss=0.1155  lr=4.21e-05
[11:01:52 INFO] Epoch 15 complete — avg_loss=0.2505  time=185s
[11:02:46 INFO]   val mIoU = 0.5132
[11:02:47 INFO]   ★ New best val mIoU: 0.5132
[11:03:00 INFO] Epoch 16/50  iter 50/743  loss=0.1423  lr=4.19e-05
[11:03:13 INFO] Epoch 16/50  iter 100/743  loss=0.2530  lr=4.18e-05
[11:03:25 INFO] Epoch 16/50  iter 150/743  loss=0.1719  lr=4.18e-05
[11:03:37 INFO] Epoch 16/50  iter 200/743  loss=0.1142  lr=4.17e-05
[11:03:50 INFO] Epoch 16/50  iter 250/743  loss=0.1738  lr=4.16e-05
[11:04:02 INFO] Epoch 16/50  iter 300/743  loss=0.1451  lr=4.15e-05
[11:04:15 INFO] Epoch 16/50  iter 350/743  loss=0.3934  lr=4.14e-05
[11:04:27 INFO] Epoch 16/50  iter 400/743  loss=0.0615  lr=4.14e-05
[11:04:39 INFO] Epoch 16/50  iter 450/743  loss=0.1925  lr=4.13e-05
[11:04:52 INFO] Epoch 16/50  iter 500/743  loss=0.2439  lr=4.12e-05
[11:05:04 INFO] Epoch 16/50  iter 550/743  loss=0.2063  lr=4.11e-05
[11:05:17 INFO] Epoch 16/50  iter 600/743  loss=0.3120  lr=4.10e-05
[11:05:29 INFO] Epoch 16/50  iter 650/743  loss=0.1695  lr=4.09e-05
[11:05:41 INFO] Epoch 16/50  iter 700/743  loss=0.2062  lr=4.09e-05
[11:05:52 INFO] Epoch 16 complete — avg_loss=0.2280  time=185s
[11:06:06 INFO] Epoch 17/50  iter 50/743  loss=0.1209  lr=4.07e-05
[11:06:18 INFO] Epoch 17/50  iter 100/743  loss=0.1243  lr=4.06e-05
[11:06:30 INFO] Epoch 17/50  iter 150/743  loss=0.2060  lr=4.06e-05
[11:06:43 INFO] Epoch 17/50  iter 200/743  loss=0.0804  lr=4.05e-05
[11:06:55 INFO] Epoch 17/50  iter 250/743  loss=0.1271  lr=4.04e-05
[11:07:08 INFO] Epoch 17/50  iter 300/743  loss=0.2028  lr=4.03e-05
[11:07:20 INFO] Epoch 17/50  iter 350/743  loss=0.1570  lr=4.02e-05
[11:07:32 INFO] Epoch 17/50  iter 400/743  loss=0.1876  lr=4.02e-05
[11:07:45 INFO] Epoch 17/50  iter 450/743  loss=0.2346  lr=4.01e-05
[11:07:57 INFO] Epoch 17/50  iter 500/743  loss=0.1989  lr=4.00e-05
[11:08:09 INFO] Epoch 17/50  iter 550/743  loss=0.2932  lr=3.99e-05
[11:08:22 INFO] Epoch 17/50  iter 600/743  loss=0.1309  lr=3.98e-05
[11:08:34 INFO] Epoch 17/50  iter 650/743  loss=0.1227  lr=3.97e-05
[11:08:47 INFO] Epoch 17/50  iter 700/743  loss=0.1012  lr=3.97e-05
[11:08:57 INFO] Epoch 17 complete — avg_loss=0.2257  time=185s
[11:09:11 INFO] Epoch 18/50  iter 50/743  loss=0.2421  lr=3.95e-05
[11:09:24 INFO] Epoch 18/50  iter 100/743  loss=0.4789  lr=3.94e-05
[11:09:36 INFO] Epoch 18/50  iter 150/743  loss=0.2757  lr=3.94e-05
[11:09:48 INFO] Epoch 18/50  iter 200/743  loss=0.2178  lr=3.93e-05
[11:10:01 INFO] Epoch 18/50  iter 250/743  loss=0.1950  lr=3.92e-05
[11:10:13 INFO] Epoch 18/50  iter 300/743  loss=0.2330  lr=3.91e-05
[11:10:25 INFO] Epoch 18/50  iter 350/743  loss=0.2764  lr=3.90e-05
[11:10:38 INFO] Epoch 18/50  iter 400/743  loss=0.2270  lr=3.90e-05
[11:10:50 INFO] Epoch 18/50  iter 450/743  loss=0.1052  lr=3.89e-05
[11:11:03 INFO] Epoch 18/50  iter 500/743  loss=0.0937  lr=3.88e-05
[11:11:15 INFO] Epoch 18/50  iter 550/743  loss=0.1236  lr=3.87e-05
[11:11:27 INFO] Epoch 18/50  iter 600/743  loss=0.2854  lr=3.86e-05
[11:11:40 INFO] Epoch 18/50  iter 650/743  loss=0.1816  lr=3.85e-05
[11:11:52 INFO] Epoch 18/50  iter 700/743  loss=0.3110  lr=3.85e-05
[11:12:03 INFO] Epoch 18 complete — avg_loss=0.2184  time=185s
[11:12:17 INFO] Epoch 19/50  iter 50/743  loss=0.3109  lr=3.83e-05
[11:12:29 INFO] Epoch 19/50  iter 100/743  loss=0.1536  lr=3.82e-05
[11:12:41 INFO] Epoch 19/50  iter 150/743  loss=0.1932  lr=3.82e-05
[11:12:54 INFO] Epoch 19/50  iter 200/743  loss=0.1671  lr=3.81e-05
[11:13:06 INFO] Epoch 19/50  iter 250/743  loss=0.1550  lr=3.80e-05
[11:13:18 INFO] Epoch 19/50  iter 300/743  loss=0.1146  lr=3.79e-05
[11:13:31 INFO] Epoch 19/50  iter 350/743  loss=0.1868  lr=3.78e-05
[11:13:43 INFO] Epoch 19/50  iter 400/743  loss=0.1970  lr=3.78e-05
[11:13:56 INFO] Epoch 19/50  iter 450/743  loss=0.2087  lr=3.77e-05
[11:14:08 INFO] Epoch 19/50  iter 500/743  loss=0.0954  lr=3.76e-05
[11:14:20 INFO] Epoch 19/50  iter 550/743  loss=0.2201  lr=3.75e-05
[11:14:33 INFO] Epoch 19/50  iter 600/743  loss=0.3984  lr=3.74e-05
[11:14:45 INFO] Epoch 19/50  iter 650/743  loss=0.1363  lr=3.73e-05
[11:14:58 INFO] Epoch 19/50  iter 700/743  loss=0.1912  lr=3.73e-05
[11:15:08 INFO] Epoch 19 complete — avg_loss=0.2252  time=185s
[11:15:22 INFO] Epoch 20/50  iter 50/743  loss=0.2725  lr=3.71e-05
[11:15:34 INFO] Epoch 20/50  iter 100/743  loss=0.1471  lr=3.70e-05
[11:15:47 INFO] Epoch 20/50  iter 150/743  loss=0.1491  lr=3.70e-05
[11:15:59 INFO] Epoch 20/50  iter 200/743  loss=0.2419  lr=3.69e-05
[11:16:11 INFO] Epoch 20/50  iter 250/743  loss=0.1907  lr=3.68e-05
[11:16:24 INFO] Epoch 20/50  iter 300/743  loss=0.0944  lr=3.67e-05
[11:16:36 INFO] Epoch 20/50  iter 350/743  loss=0.1137  lr=3.66e-05
[11:16:48 INFO] Epoch 20/50  iter 400/743  loss=0.1489  lr=3.66e-05
[11:17:01 INFO] Epoch 20/50  iter 450/743  loss=0.4377  lr=3.65e-05
[11:17:13 INFO] Epoch 20/50  iter 500/743  loss=0.2332  lr=3.64e-05
[11:17:26 INFO] Epoch 20/50  iter 550/743  loss=0.2355  lr=3.63e-05
[11:17:38 INFO] Epoch 20/50  iter 600/743  loss=0.1007  lr=3.62e-05
[11:17:50 INFO] Epoch 20/50  iter 650/743  loss=0.1902  lr=3.61e-05
[11:18:03 INFO] Epoch 20/50  iter 700/743  loss=0.1655  lr=3.61e-05
[11:18:13 INFO] Epoch 20 complete — avg_loss=0.2202  time=185s
[11:19:08 INFO]   val mIoU = 0.5129
[11:19:21 INFO] Epoch 21/50  iter 50/743  loss=0.1504  lr=3.59e-05
[11:19:34 INFO] Epoch 21/50  iter 100/743  loss=0.1440  lr=3.58e-05
[11:19:46 INFO] Epoch 21/50  iter 150/743  loss=0.1022  lr=3.58e-05
[11:19:58 INFO] Epoch 21/50  iter 200/743  loss=1.5203  lr=3.57e-05
[11:20:11 INFO] Epoch 21/50  iter 250/743  loss=0.1762  lr=3.56e-05
[11:20:23 INFO] Epoch 21/50  iter 300/743  loss=0.1511  lr=3.55e-05
[11:20:36 INFO] Epoch 21/50  iter 350/743  loss=0.1034  lr=3.54e-05
[11:20:48 INFO] Epoch 21/50  iter 400/743  loss=0.2175  lr=3.54e-05
[11:21:00 INFO] Epoch 21/50  iter 450/743  loss=0.2221  lr=3.53e-05
[11:21:13 INFO] Epoch 21/50  iter 500/743  loss=0.1332  lr=3.52e-05
[11:21:25 INFO] Epoch 21/50  iter 550/743  loss=0.1355  lr=3.51e-05
[11:21:38 INFO] Epoch 21/50  iter 600/743  loss=0.1723  lr=3.50e-05
[11:21:50 INFO] Epoch 21/50  iter 650/743  loss=0.2315  lr=3.49e-05
[11:22:02 INFO] Epoch 21/50  iter 700/743  loss=0.1744  lr=3.49e-05
[11:22:13 INFO] Epoch 21 complete — avg_loss=0.2091  time=185s
[11:22:27 INFO] Epoch 22/50  iter 50/743  loss=0.1652  lr=3.47e-05
[11:22:39 INFO] Epoch 22/50  iter 100/743  loss=0.1245  lr=3.46e-05
[11:22:51 INFO] Epoch 22/50  iter 150/743  loss=0.1036  lr=3.46e-05
[11:23:04 INFO] Epoch 22/50  iter 200/743  loss=0.2830  lr=3.45e-05
[11:23:16 INFO] Epoch 22/50  iter 250/743  loss=0.2223  lr=3.44e-05
[11:23:29 INFO] Epoch 22/50  iter 300/743  loss=0.1820  lr=3.43e-05
[11:23:41 INFO] Epoch 22/50  iter 350/743  loss=0.2021  lr=3.42e-05
[11:23:53 INFO] Epoch 22/50  iter 400/743  loss=0.1544  lr=3.42e-05
[11:24:06 INFO] Epoch 22/50  iter 450/743  loss=0.1322  lr=3.41e-05
[11:24:18 INFO] Epoch 22/50  iter 500/743  loss=0.1782  lr=3.40e-05
[11:24:31 INFO] Epoch 22/50  iter 550/743  loss=0.1997  lr=3.39e-05
[11:24:43 INFO] Epoch 22/50  iter 600/743  loss=0.1641  lr=3.38e-05
[11:24:55 INFO] Epoch 22/50  iter 650/743  loss=0.2452  lr=3.37e-05
[11:25:08 INFO] Epoch 22/50  iter 700/743  loss=0.2135  lr=3.37e-05
[11:25:18 INFO] Epoch 22 complete — avg_loss=0.2020  time=185s
[11:25:32 INFO] Epoch 23/50  iter 50/743  loss=0.1727  lr=3.35e-05
[11:25:44 INFO] Epoch 23/50  iter 100/743  loss=0.1215  lr=3.34e-05
[11:25:57 INFO] Epoch 23/50  iter 150/743  loss=1.2390  lr=3.34e-05
[11:26:09 INFO] Epoch 23/50  iter 200/743  loss=0.1898  lr=3.33e-05
[11:26:21 INFO] Epoch 23/50  iter 250/743  loss=0.2710  lr=3.32e-05
[11:26:34 INFO] Epoch 23/50  iter 300/743  loss=0.1327  lr=3.31e-05
[11:26:46 INFO] Epoch 23/50  iter 350/743  loss=0.0743  lr=3.30e-05
[11:26:59 INFO] Epoch 23/50  iter 400/743  loss=0.1615  lr=3.30e-05
[11:27:11 INFO] Epoch 23/50  iter 450/743  loss=0.2192  lr=3.29e-05
[11:27:23 INFO] Epoch 23/50  iter 500/743  loss=0.1916  lr=3.28e-05
[11:27:36 INFO] Epoch 23/50  iter 550/743  loss=0.1758  lr=3.27e-05
[11:27:48 INFO] Epoch 23/50  iter 600/743  loss=0.1334  lr=3.26e-05
[11:28:00 INFO] Epoch 23/50  iter 650/743  loss=0.2116  lr=3.25e-05
[11:28:13 INFO] Epoch 23/50  iter 700/743  loss=0.0828  lr=3.25e-05
[11:28:23 INFO] Epoch 23 complete — avg_loss=0.1994  time=184s
[11:28:37 INFO] Epoch 24/50  iter 50/743  loss=0.1054  lr=3.23e-05
[11:28:50 INFO] Epoch 24/50  iter 100/743  loss=0.2197  lr=3.22e-05
[11:29:02 INFO] Epoch 24/50  iter 150/743  loss=0.1578  lr=3.22e-05
[11:29:14 INFO] Epoch 24/50  iter 200/743  loss=0.1143  lr=3.21e-05
[11:29:27 INFO] Epoch 24/50  iter 250/743  loss=0.0794  lr=3.20e-05
[11:29:39 INFO] Epoch 24/50  iter 300/743  loss=0.1546  lr=3.19e-05
[11:29:51 INFO] Epoch 24/50  iter 350/743  loss=0.1278  lr=3.18e-05
[11:30:04 INFO] Epoch 24/50  iter 400/743  loss=0.3041  lr=3.18e-05
[11:30:16 INFO] Epoch 24/50  iter 450/743  loss=0.1198  lr=3.17e-05
[11:30:29 INFO] Epoch 24/50  iter 500/743  loss=0.1424  lr=3.16e-05
[11:30:41 INFO] Epoch 24/50  iter 550/743  loss=0.1762  lr=3.15e-05
[11:30:53 INFO] Epoch 24/50  iter 600/743  loss=0.1381  lr=3.14e-05
[11:31:06 INFO] Epoch 24/50  iter 650/743  loss=0.2321  lr=3.13e-05
[11:31:18 INFO] Epoch 24/50  iter 700/743  loss=0.1183  lr=3.13e-05
[11:31:29 INFO] Epoch 24 complete — avg_loss=0.1962  time=184s
[11:31:42 INFO] Epoch 25/50  iter 50/743  loss=0.1012  lr=3.11e-05
[11:31:55 INFO] Epoch 25/50  iter 100/743  loss=0.2339  lr=3.10e-05
[11:32:07 INFO] Epoch 25/50  iter 150/743  loss=0.2005  lr=3.10e-05
[11:32:20 INFO] Epoch 25/50  iter 200/743  loss=0.1218  lr=3.09e-05
[11:32:32 INFO] Epoch 25/50  iter 250/743  loss=0.1892  lr=3.08e-05
[11:32:44 INFO] Epoch 25/50  iter 300/743  loss=0.1625  lr=3.07e-05
[11:32:57 INFO] Epoch 25/50  iter 350/743  loss=0.2438  lr=3.06e-05
[11:33:09 INFO] Epoch 25/50  iter 400/743  loss=0.0706  lr=3.06e-05
[11:33:21 INFO] Epoch 25/50  iter 450/743  loss=0.3285  lr=3.05e-05
[11:33:34 INFO] Epoch 25/50  iter 500/743  loss=0.1594  lr=3.04e-05
[11:33:46 INFO] Epoch 25/50  iter 550/743  loss=0.3108  lr=3.03e-05
[11:33:59 INFO] Epoch 25/50  iter 600/743  loss=0.1882  lr=3.02e-05
[11:34:11 INFO] Epoch 25/50  iter 650/743  loss=0.1576  lr=3.01e-05
[11:34:23 INFO] Epoch 25/50  iter 700/743  loss=0.1588  lr=3.01e-05
[11:34:34 INFO] Epoch 25 complete — avg_loss=0.1974  time=185s
[11:35:28 INFO]   val mIoU = 0.5385
[11:35:28 INFO]   ★ New best val mIoU: 0.5385
[11:35:42 INFO] Epoch 26/50  iter 50/743  loss=0.1876  lr=2.99e-05
[11:35:54 INFO] Epoch 26/50  iter 100/743  loss=0.1222  lr=2.98e-05
[11:36:07 INFO] Epoch 26/50  iter 150/743  loss=0.1474  lr=2.98e-05
[11:36:19 INFO] Epoch 26/50  iter 200/743  loss=0.0812  lr=2.97e-05
[11:36:32 INFO] Epoch 26/50  iter 250/743  loss=0.1335  lr=2.96e-05
[11:36:44 INFO] Epoch 26/50  iter 300/743  loss=0.2452  lr=2.95e-05
[11:36:56 INFO] Epoch 26/50  iter 350/743  loss=0.1044  lr=2.94e-05
[11:37:09 INFO] Epoch 26/50  iter 400/743  loss=0.1170  lr=2.94e-05
[11:37:21 INFO] Epoch 26/50  iter 450/743  loss=0.1197  lr=2.93e-05
[11:37:33 INFO] Epoch 26/50  iter 500/743  loss=0.2161  lr=2.92e-05
[11:37:46 INFO] Epoch 26/50  iter 550/743  loss=0.2263  lr=2.91e-05
[11:37:58 INFO] Epoch 26/50  iter 600/743  loss=0.0851  lr=2.90e-05
[11:38:11 INFO] Epoch 26/50  iter 650/743  loss=0.1294  lr=2.89e-05
[11:38:23 INFO] Epoch 26/50  iter 700/743  loss=0.1880  lr=2.89e-05
[11:38:34 INFO] Epoch 26 complete — avg_loss=0.1945  time=184s
[11:38:47 INFO] Epoch 27/50  iter 50/743  loss=0.1082  lr=2.87e-05
[11:38:59 INFO] Epoch 27/50  iter 100/743  loss=0.1155  lr=2.86e-05
[11:39:12 INFO] Epoch 27/50  iter 150/743  loss=0.1121  lr=2.86e-05
[11:39:24 INFO] Epoch 27/50  iter 200/743  loss=0.0956  lr=2.85e-05
[11:39:37 INFO] Epoch 27/50  iter 250/743  loss=0.2102  lr=2.84e-05
[11:39:49 INFO] Epoch 27/50  iter 300/743  loss=0.1042  lr=2.83e-05
[11:40:01 INFO] Epoch 27/50  iter 350/743  loss=0.1574  lr=2.82e-05
[11:40:14 INFO] Epoch 27/50  iter 400/743  loss=0.1442  lr=2.82e-05
[11:40:26 INFO] Epoch 27/50  iter 450/743  loss=0.1280  lr=2.81e-05
[11:40:39 INFO] Epoch 27/50  iter 500/743  loss=0.1165  lr=2.80e-05
[11:40:51 INFO] Epoch 27/50  iter 550/743  loss=0.1242  lr=2.79e-05
[11:41:03 INFO] Epoch 27/50  iter 600/743  loss=0.1768  lr=2.78e-05
[11:41:16 INFO] Epoch 27/50  iter 650/743  loss=0.1111  lr=2.77e-05
[11:41:28 INFO] Epoch 27/50  iter 700/743  loss=0.2324  lr=2.77e-05
[11:41:39 INFO] Epoch 27 complete — avg_loss=0.1886  time=185s
[11:41:52 INFO] Epoch 28/50  iter 50/743  loss=0.2072  lr=2.75e-05
[11:42:05 INFO] Epoch 28/50  iter 100/743  loss=0.2503  lr=2.74e-05
[11:42:17 INFO] Epoch 28/50  iter 150/743  loss=0.1155  lr=2.74e-05
[11:42:29 INFO] Epoch 28/50  iter 200/743  loss=0.1042  lr=2.73e-05
[11:42:42 INFO] Epoch 28/50  iter 250/743  loss=0.0895  lr=2.72e-05
[11:42:54 INFO] Epoch 28/50  iter 300/743  loss=0.2393  lr=2.71e-05
[11:43:07 INFO] Epoch 28/50  iter 350/743  loss=0.1750  lr=2.70e-05
[11:43:19 INFO] Epoch 28/50  iter 400/743  loss=0.1106  lr=2.70e-05
[11:43:31 INFO] Epoch 28/50  iter 450/743  loss=0.0762  lr=2.69e-05
[11:43:44 INFO] Epoch 28/50  iter 500/743  loss=0.2081  lr=2.68e-05
[11:43:56 INFO] Epoch 28/50  iter 550/743  loss=0.0724  lr=2.67e-05
[11:44:08 INFO] Epoch 28/50  iter 600/743  loss=0.1394  lr=2.66e-05
[11:44:21 INFO] Epoch 28/50  iter 650/743  loss=0.2232  lr=2.65e-05
[11:44:33 INFO] Epoch 28/50  iter 700/743  loss=0.2259  lr=2.65e-05
[11:44:44 INFO] Epoch 28 complete — avg_loss=0.1966  time=185s
[11:44:58 INFO] Epoch 29/50  iter 50/743  loss=0.1334  lr=2.63e-05
[11:45:10 INFO] Epoch 29/50  iter 100/743  loss=0.4348  lr=2.62e-05
[11:45:22 INFO] Epoch 29/50  iter 150/743  loss=0.1663  lr=2.62e-05
[11:45:35 INFO] Epoch 29/50  iter 200/743  loss=0.2122  lr=2.61e-05
[11:45:47 INFO] Epoch 29/50  iter 250/743  loss=0.1104  lr=2.60e-05
[11:46:00 INFO] Epoch 29/50  iter 300/743  loss=0.1181  lr=2.59e-05
[11:46:12 INFO] Epoch 29/50  iter 350/743  loss=0.2076  lr=2.58e-05
[11:46:24 INFO] Epoch 29/50  iter 400/743  loss=0.1733  lr=2.58e-05
[11:46:37 INFO] Epoch 29/50  iter 450/743  loss=0.7678  lr=2.57e-05
[11:46:49 INFO] Epoch 29/50  iter 500/743  loss=0.1704  lr=2.56e-05
[11:47:01 INFO] Epoch 29/50  iter 550/743  loss=0.1375  lr=2.55e-05
[11:47:14 INFO] Epoch 29/50  iter 600/743  loss=0.2138  lr=2.54e-05
[11:47:26 INFO] Epoch 29/50  iter 650/743  loss=0.6697  lr=2.53e-05
[11:47:39 INFO] Epoch 29/50  iter 700/743  loss=0.2168  lr=2.53e-05
[11:47:49 INFO] Epoch 29 complete — avg_loss=0.1871  time=185s
[11:48:03 INFO] Epoch 30/50  iter 50/743  loss=0.0870  lr=2.51e-05
[11:48:16 INFO] Epoch 30/50  iter 100/743  loss=0.2283  lr=2.50e-05
[11:48:28 INFO] Epoch 30/50  iter 150/743  loss=0.1186  lr=2.50e-05
[11:48:40 INFO] Epoch 30/50  iter 200/743  loss=0.2977  lr=2.49e-05
[11:48:53 INFO] Epoch 30/50  iter 250/743  loss=0.1461  lr=2.48e-05
[11:49:05 INFO] Epoch 30/50  iter 300/743  loss=0.2624  lr=2.47e-05
[11:49:18 INFO] Epoch 30/50  iter 350/743  loss=0.1942  lr=2.46e-05
[11:49:30 INFO] Epoch 30/50  iter 400/743  loss=0.2002  lr=2.46e-05
[11:49:42 INFO] Epoch 30/50  iter 450/743  loss=0.2362  lr=2.45e-05
[11:49:55 INFO] Epoch 30/50  iter 500/743  loss=0.1607  lr=2.44e-05
[11:50:07 INFO] Epoch 30/50  iter 550/743  loss=0.1763  lr=2.43e-05
[11:50:20 INFO] Epoch 30/50  iter 600/743  loss=0.1715  lr=2.42e-05
[11:50:32 INFO] Epoch 30/50  iter 650/743  loss=0.2303  lr=2.41e-05
[11:50:44 INFO] Epoch 30/50  iter 700/743  loss=0.1418  lr=2.41e-05
[11:50:55 INFO] Epoch 30 complete — avg_loss=0.1832  time=185s
[11:51:51 INFO]   val mIoU = 0.5509
[11:51:52 INFO]   ★ New best val mIoU: 0.5509
[11:52:05 INFO] Epoch 31/50  iter 50/743  loss=0.1173  lr=2.39e-05
[11:52:18 INFO] Epoch 31/50  iter 100/743  loss=0.1968  lr=2.38e-05
[11:52:30 INFO] Epoch 31/50  iter 150/743  loss=0.1769  lr=2.38e-05
[11:52:43 INFO] Epoch 31/50  iter 200/743  loss=0.2490  lr=2.37e-05
[11:52:55 INFO] Epoch 31/50  iter 250/743  loss=0.1448  lr=2.36e-05
[11:53:07 INFO] Epoch 31/50  iter 300/743  loss=0.5941  lr=2.35e-05
[11:53:20 INFO] Epoch 31/50  iter 350/743  loss=0.0979  lr=2.34e-05
[11:53:32 INFO] Epoch 31/50  iter 400/743  loss=0.3553  lr=2.34e-05
[11:53:44 INFO] Epoch 31/50  iter 450/743  loss=0.1776  lr=2.33e-05
[11:53:57 INFO] Epoch 31/50  iter 500/743  loss=0.2130  lr=2.32e-05
[11:54:09 INFO] Epoch 31/50  iter 550/743  loss=0.2103  lr=2.31e-05
[11:54:22 INFO] Epoch 31/50  iter 600/743  loss=0.0735  lr=2.30e-05
[11:54:34 INFO] Epoch 31/50  iter 650/743  loss=0.2086  lr=2.29e-05
[11:54:46 INFO] Epoch 31/50  iter 700/743  loss=0.0950  lr=2.29e-05
[11:54:57 INFO] Epoch 31 complete — avg_loss=0.1781  time=185s
[11:55:11 INFO] Epoch 32/50  iter 50/743  loss=0.0952  lr=2.27e-05
[11:55:23 INFO] Epoch 32/50  iter 100/743  loss=0.3299  lr=2.26e-05
[11:55:36 INFO] Epoch 32/50  iter 150/743  loss=0.2245  lr=2.26e-05
[11:55:48 INFO] Epoch 32/50  iter 200/743  loss=0.2102  lr=2.25e-05
[11:56:00 INFO] Epoch 32/50  iter 250/743  loss=0.2236  lr=2.24e-05
[11:56:13 INFO] Epoch 32/50  iter 300/743  loss=0.1689  lr=2.23e-05
[11:56:25 INFO] Epoch 32/50  iter 350/743  loss=0.0946  lr=2.22e-05
[11:56:38 INFO] Epoch 32/50  iter 400/743  loss=0.3108  lr=2.22e-05
[11:56:50 INFO] Epoch 32/50  iter 450/743  loss=0.0783  lr=2.21e-05
[11:57:02 INFO] Epoch 32/50  iter 500/743  loss=0.1002  lr=2.20e-05
[11:57:15 INFO] Epoch 32/50  iter 550/743  loss=0.1664  lr=2.19e-05
[11:57:27 INFO] Epoch 32/50  iter 600/743  loss=0.3341  lr=2.18e-05
[11:57:40 INFO] Epoch 32/50  iter 650/743  loss=0.1482  lr=2.17e-05
[11:57:52 INFO] Epoch 32/50  iter 700/743  loss=0.0842  lr=2.17e-05
[11:58:03 INFO] Epoch 32 complete — avg_loss=0.1758  time=185s
[11:58:17 INFO] Epoch 33/50  iter 50/743  loss=0.1626  lr=2.15e-05
[11:58:29 INFO] Epoch 33/50  iter 100/743  loss=0.2193  lr=2.14e-05
[11:58:41 INFO] Epoch 33/50  iter 150/743  loss=0.1298  lr=2.14e-05
[11:58:54 INFO] Epoch 33/50  iter 200/743  loss=0.1324  lr=2.13e-05
[11:59:06 INFO] Epoch 33/50  iter 250/743  loss=0.0994  lr=2.12e-05
[11:59:19 INFO] Epoch 33/50  iter 300/743  loss=0.1749  lr=2.11e-05
[11:59:31 INFO] Epoch 33/50  iter 350/743  loss=0.1164  lr=2.10e-05
[11:59:43 INFO] Epoch 33/50  iter 400/743  loss=0.1964  lr=2.10e-05
[11:59:56 INFO] Epoch 33/50  iter 450/743  loss=0.3163  lr=2.09e-05
[12:00:08 INFO] Epoch 33/50  iter 500/743  loss=0.1495  lr=2.08e-05
[12:00:21 INFO] Epoch 33/50  iter 550/743  loss=0.1805  lr=2.07e-05
[12:00:33 INFO] Epoch 33/50  iter 600/743  loss=0.2172  lr=2.06e-05
[12:00:45 INFO] Epoch 33/50  iter 650/743  loss=0.3647  lr=2.05e-05
[12:00:58 INFO] Epoch 33/50  iter 700/743  loss=0.2102  lr=2.05e-05
[12:01:08 INFO] Epoch 33 complete — avg_loss=0.1731  time=185s
[12:01:22 INFO] Epoch 34/50  iter 50/743  loss=0.1685  lr=2.03e-05
[12:01:35 INFO] Epoch 34/50  iter 100/743  loss=0.1302  lr=2.02e-05
[12:01:47 INFO] Epoch 34/50  iter 150/743  loss=0.3984  lr=2.02e-05
[12:01:59 INFO] Epoch 34/50  iter 200/743  loss=0.1336  lr=2.01e-05
[12:02:12 INFO] Epoch 34/50  iter 250/743  loss=0.0864  lr=2.00e-05
[12:02:24 INFO] Epoch 34/50  iter 300/743  loss=0.0989  lr=1.99e-05
[12:02:37 INFO] Epoch 34/50  iter 350/743  loss=0.1278  lr=1.98e-05
[12:02:49 INFO] Epoch 34/50  iter 400/743  loss=0.1108  lr=1.98e-05
[12:03:01 INFO] Epoch 34/50  iter 450/743  loss=0.1444  lr=1.97e-05
[12:03:14 INFO] Epoch 34/50  iter 500/743  loss=0.1812  lr=1.96e-05
[12:03:26 INFO] Epoch 34/50  iter 550/743  loss=0.2211  lr=1.95e-05
[12:03:38 INFO] Epoch 34/50  iter 600/743  loss=0.3411  lr=1.94e-05
[12:03:51 INFO] Epoch 34/50  iter 650/743  loss=0.2406  lr=1.93e-05
[12:04:03 INFO] Epoch 34/50  iter 700/743  loss=0.1127  lr=1.93e-05
[12:04:14 INFO] Epoch 34 complete — avg_loss=0.1803  time=185s
[12:04:28 INFO] Epoch 35/50  iter 50/743  loss=0.1993  lr=1.91e-05
[12:04:40 INFO] Epoch 35/50  iter 100/743  loss=0.1499  lr=1.90e-05
[12:04:52 INFO] Epoch 35/50  iter 150/743  loss=0.0968  lr=1.90e-05
[12:05:05 INFO] Epoch 35/50  iter 200/743  loss=0.2072  lr=1.89e-05
[12:05:17 INFO] Epoch 35/50  iter 250/743  loss=0.0689  lr=1.88e-05
[12:05:30 INFO] Epoch 35/50  iter 300/743  loss=0.1570  lr=1.87e-05
[12:05:42 INFO] Epoch 35/50  iter 350/743  loss=0.2355  lr=1.86e-05
[12:05:54 INFO] Epoch 35/50  iter 400/743  loss=0.2526  lr=1.86e-05
[12:06:07 INFO] Epoch 35/50  iter 450/743  loss=0.1122  lr=1.85e-05
[12:06:19 INFO] Epoch 35/50  iter 500/743  loss=0.1910  lr=1.84e-05
[12:06:31 INFO] Epoch 35/50  iter 550/743  loss=0.1129  lr=1.83e-05
[12:06:44 INFO] Epoch 35/50  iter 600/743  loss=0.1705  lr=1.82e-05
[12:06:56 INFO] Epoch 35/50  iter 650/743  loss=0.0593  lr=1.81e-05
[12:07:09 INFO] Epoch 35/50  iter 700/743  loss=0.1984  lr=1.81e-05
[12:07:19 INFO] Epoch 35 complete — avg_loss=0.1730  time=185s
[12:08:16 INFO]   val mIoU = 0.5196
[12:08:30 INFO] Epoch 36/50  iter 50/743  loss=0.0921  lr=1.79e-05
[12:08:42 INFO] Epoch 36/50  iter 100/743  loss=0.0698  lr=1.78e-05
[12:08:55 INFO] Epoch 36/50  iter 150/743  loss=0.4571  lr=1.78e-05
[12:09:07 INFO] Epoch 36/50  iter 200/743  loss=0.1350  lr=1.77e-05
[12:09:20 INFO] Epoch 36/50  iter 250/743  loss=0.1905  lr=1.76e-05
[12:09:32 INFO] Epoch 36/50  iter 300/743  loss=0.1117  lr=1.75e-05
[12:09:45 INFO] Epoch 36/50  iter 350/743  loss=0.1492  lr=1.74e-05
[12:09:57 INFO] Epoch 36/50  iter 400/743  loss=0.2276  lr=1.74e-05
[12:10:09 INFO] Epoch 36/50  iter 450/743  loss=0.1703  lr=1.73e-05
[12:10:22 INFO] Epoch 36/50  iter 500/743  loss=0.1424  lr=1.72e-05
[12:10:34 INFO] Epoch 36/50  iter 550/743  loss=0.1680  lr=1.71e-05
[12:10:47 INFO] Epoch 36/50  iter 600/743  loss=0.1137  lr=1.70e-05
[12:10:59 INFO] Epoch 36/50  iter 650/743  loss=0.1151  lr=1.69e-05
[12:11:12 INFO] Epoch 36/50  iter 700/743  loss=0.1609  lr=1.69e-05
[12:11:22 INFO] Epoch 36 complete — avg_loss=0.1709  time=185s
[12:11:36 INFO] Epoch 37/50  iter 50/743  loss=0.1727  lr=1.67e-05
[12:11:49 INFO] Epoch 37/50  iter 100/743  loss=0.2618  lr=1.66e-05
[12:12:01 INFO] Epoch 37/50  iter 150/743  loss=0.1680  lr=1.66e-05
[12:12:13 INFO] Epoch 37/50  iter 200/743  loss=0.1312  lr=1.65e-05
[12:12:26 INFO] Epoch 37/50  iter 250/743  loss=0.1478  lr=1.64e-05
[12:12:38 INFO] Epoch 37/50  iter 300/743  loss=0.1266  lr=1.63e-05
[12:12:51 INFO] Epoch 37/50  iter 350/743  loss=0.1927  lr=1.62e-05
[12:13:03 INFO] Epoch 37/50  iter 400/743  loss=0.1109  lr=1.62e-05
[12:13:15 INFO] Epoch 37/50  iter 450/743  loss=0.1092  lr=1.61e-05
[12:13:28 INFO] Epoch 37/50  iter 500/743  loss=0.3575  lr=1.60e-05
[12:13:40 INFO] Epoch 37/50  iter 550/743  loss=0.0793  lr=1.59e-05
[12:13:53 INFO] Epoch 37/50  iter 600/743  loss=0.0900  lr=1.58e-05
[12:14:05 INFO] Epoch 37/50  iter 650/743  loss=0.2529  lr=1.57e-05
[12:14:17 INFO] Epoch 37/50  iter 700/743  loss=0.1536  lr=1.57e-05
[12:14:28 INFO] Epoch 37 complete — avg_loss=0.1672  time=185s
[12:14:42 INFO] Epoch 38/50  iter 50/743  loss=0.2471  lr=1.55e-05
[12:14:54 INFO] Epoch 38/50  iter 100/743  loss=0.1968  lr=1.54e-05
[12:15:07 INFO] Epoch 38/50  iter 150/743  loss=0.1654  lr=1.54e-05
[12:15:19 INFO] Epoch 38/50  iter 200/743  loss=0.0742  lr=1.53e-05
[12:15:31 INFO] Epoch 38/50  iter 250/743  loss=0.1559  lr=1.52e-05
[12:15:44 INFO] Epoch 38/50  iter 300/743  loss=0.1474  lr=1.51e-05
[12:15:56 INFO] Epoch 38/50  iter 350/743  loss=0.1501  lr=1.50e-05
[12:16:09 INFO] Epoch 38/50  iter 400/743  loss=0.2128  lr=1.50e-05
[12:16:21 INFO] Epoch 38/50  iter 450/743  loss=0.2089  lr=1.49e-05
[12:16:33 INFO] Epoch 38/50  iter 500/743  loss=0.0928  lr=1.48e-05
[12:16:46 INFO] Epoch 38/50  iter 550/743  loss=0.0808  lr=1.47e-05
[12:16:58 INFO] Epoch 38/50  iter 600/743  loss=0.1233  lr=1.46e-05
[12:17:11 INFO] Epoch 38/50  iter 650/743  loss=0.1832  lr=1.45e-05
[12:17:23 INFO] Epoch 38/50  iter 700/743  loss=0.0768  lr=1.45e-05
[12:17:34 INFO] Epoch 38 complete — avg_loss=0.1636  time=185s
[12:17:48 INFO] Epoch 39/50  iter 50/743  loss=0.5515  lr=1.43e-05
[12:18:00 INFO] Epoch 39/50  iter 100/743  loss=0.1861  lr=1.42e-05
[12:18:12 INFO] Epoch 39/50  iter 150/743  loss=0.1050  lr=1.42e-05
[12:18:25 INFO] Epoch 39/50  iter 200/743  loss=0.2168  lr=1.41e-05
[12:18:37 INFO] Epoch 39/50  iter 250/743  loss=0.1327  lr=1.40e-05
[12:18:50 INFO] Epoch 39/50  iter 300/743  loss=0.1013  lr=1.39e-05
[12:19:02 INFO] Epoch 39/50  iter 350/743  loss=0.2973  lr=1.38e-05
[12:19:14 INFO] Epoch 39/50  iter 400/743  loss=0.2737  lr=1.38e-05
[12:19:27 INFO] Epoch 39/50  iter 450/743  loss=0.1673  lr=1.37e-05
[12:19:39 INFO] Epoch 39/50  iter 500/743  loss=0.1029  lr=1.36e-05
[12:19:52 INFO] Epoch 39/50  iter 550/743  loss=0.2030  lr=1.35e-05
[12:20:04 INFO] Epoch 39/50  iter 600/743  loss=0.1450  lr=1.34e-05
[12:20:16 INFO] Epoch 39/50  iter 650/743  loss=0.1273  lr=1.33e-05
[12:20:29 INFO] Epoch 39/50  iter 700/743  loss=0.1354  lr=1.33e-05
[12:20:39 INFO] Epoch 39 complete — avg_loss=0.1647  time=185s
[12:20:53 INFO] Epoch 40/50  iter 50/743  loss=0.0797  lr=1.31e-05
[12:21:06 INFO] Epoch 40/50  iter 100/743  loss=0.2856  lr=1.30e-05
[12:21:18 INFO] Epoch 40/50  iter 150/743  loss=0.1801  lr=1.30e-05
[12:21:30 INFO] Epoch 40/50  iter 200/743  loss=0.0753  lr=1.29e-05
[12:21:43 INFO] Epoch 40/50  iter 250/743  loss=0.1996  lr=1.28e-05
[12:21:55 INFO] Epoch 40/50  iter 300/743  loss=0.0991  lr=1.27e-05
[12:22:08 INFO] Epoch 40/50  iter 350/743  loss=0.1795  lr=1.26e-05
[12:22:20 INFO] Epoch 40/50  iter 400/743  loss=0.1034  lr=1.26e-05
[12:22:32 INFO] Epoch 40/50  iter 450/743  loss=0.1528  lr=1.25e-05
[12:22:45 INFO] Epoch 40/50  iter 500/743  loss=0.2241  lr=1.24e-05
[12:22:57 INFO] Epoch 40/50  iter 550/743  loss=0.1827  lr=1.23e-05
[12:23:10 INFO] Epoch 40/50  iter 600/743  loss=0.0635  lr=1.22e-05
[12:23:22 INFO] Epoch 40/50  iter 650/743  loss=0.3054  lr=1.21e-05
[12:23:35 INFO] Epoch 40/50  iter 700/743  loss=0.0683  lr=1.21e-05
[12:23:45 INFO] Epoch 40 complete — avg_loss=0.1653  time=185s
[12:24:39 INFO]   val mIoU = 0.5772
[12:24:40 INFO]   ★ New best val mIoU: 0.5772
[12:24:53 INFO] Epoch 41/50  iter 50/743  loss=0.2232  lr=1.19e-05
[12:25:06 INFO] Epoch 41/50  iter 100/743  loss=0.2627  lr=1.18e-05
[12:25:18 INFO] Epoch 41/50  iter 150/743  loss=0.1249  lr=1.18e-05
[12:25:30 INFO] Epoch 41/50  iter 200/743  loss=0.0775  lr=1.17e-05
[12:25:43 INFO] Epoch 41/50  iter 250/743  loss=0.1351  lr=1.16e-05
[12:25:55 INFO] Epoch 41/50  iter 300/743  loss=0.0668  lr=1.15e-05
[12:26:08 INFO] Epoch 41/50  iter 350/743  loss=0.1262  lr=1.14e-05
[12:26:20 INFO] Epoch 41/50  iter 400/743  loss=0.2036  lr=1.14e-05
[12:26:32 INFO] Epoch 41/50  iter 450/743  loss=0.1144  lr=1.13e-05
[12:26:45 INFO] Epoch 41/50  iter 500/743  loss=0.0893  lr=1.12e-05
[12:26:57 INFO] Epoch 41/50  iter 550/743  loss=0.1238  lr=1.11e-05
[12:27:10 INFO] Epoch 41/50  iter 600/743  loss=0.0649  lr=1.10e-05
[12:27:22 INFO] Epoch 41/50  iter 650/743  loss=0.1466  lr=1.09e-05
[12:27:34 INFO] Epoch 41/50  iter 700/743  loss=0.2246  lr=1.09e-05
[12:27:45 INFO] Epoch 41 complete — avg_loss=0.1587  time=185s
[12:27:59 INFO] Epoch 42/50  iter 50/743  loss=0.1282  lr=1.07e-05
[12:28:11 INFO] Epoch 42/50  iter 100/743  loss=0.2734  lr=1.06e-05
[12:28:24 INFO] Epoch 42/50  iter 150/743  loss=0.1715  lr=1.06e-05
[12:28:36 INFO] Epoch 42/50  iter 200/743  loss=0.5129  lr=1.05e-05
[12:28:48 INFO] Epoch 42/50  iter 250/743  loss=0.1708  lr=1.04e-05
[12:29:01 INFO] Epoch 42/50  iter 300/743  loss=0.1526  lr=1.03e-05
[12:29:13 INFO] Epoch 42/50  iter 350/743  loss=0.1955  lr=1.02e-05
[12:29:26 INFO] Epoch 42/50  iter 400/743  loss=0.1938  lr=1.02e-05
[12:29:38 INFO] Epoch 42/50  iter 450/743  loss=0.1136  lr=1.01e-05
[12:29:50 INFO] Epoch 42/50  iter 500/743  loss=0.1266  lr=9.99e-06
[12:30:03 INFO] Epoch 42/50  iter 550/743  loss=0.0711  lr=9.91e-06
[12:30:15 INFO] Epoch 42/50  iter 600/743  loss=0.1661  lr=9.83e-06
[12:30:28 INFO] Epoch 42/50  iter 650/743  loss=0.1028  lr=9.75e-06
[12:30:40 INFO] Epoch 42/50  iter 700/743  loss=0.1201  lr=9.67e-06
[12:30:51 INFO] Epoch 42 complete — avg_loss=0.1612  time=185s
[12:31:04 INFO] Epoch 43/50  iter 50/743  loss=0.2183  lr=9.52e-06
[12:31:17 INFO] Epoch 43/50  iter 100/743  loss=0.1781  lr=9.44e-06
[12:31:29 INFO] Epoch 43/50  iter 150/743  loss=0.0827  lr=9.36e-06
[12:31:41 INFO] Epoch 43/50  iter 200/743  loss=0.1373  lr=9.28e-06
[12:31:54 INFO] Epoch 43/50  iter 250/743  loss=0.1260  lr=9.19e-06
[12:32:06 INFO] Epoch 43/50  iter 300/743  loss=0.1092  lr=9.11e-06
[12:32:19 INFO] Epoch 43/50  iter 350/743  loss=0.0953  lr=9.03e-06
[12:32:31 INFO] Epoch 43/50  iter 400/743  loss=0.1863  lr=8.95e-06
[12:32:43 INFO] Epoch 43/50  iter 450/743  loss=0.1956  lr=8.87e-06
[12:32:56 INFO] Epoch 43/50  iter 500/743  loss=0.1258  lr=8.79e-06
[12:33:08 INFO] Epoch 43/50  iter 550/743  loss=0.0633  lr=8.71e-06
[12:33:21 INFO] Epoch 43/50  iter 600/743  loss=0.0716  lr=8.63e-06
[12:33:33 INFO] Epoch 43/50  iter 650/743  loss=0.0852  lr=8.55e-06
[12:33:45 INFO] Epoch 43/50  iter 700/743  loss=0.1689  lr=8.47e-06
[12:33:56 INFO] Epoch 43 complete — avg_loss=0.1560  time=185s
[12:34:10 INFO] Epoch 44/50  iter 50/743  loss=0.2466  lr=8.32e-06
[12:34:22 INFO] Epoch 44/50  iter 100/743  loss=0.0759  lr=8.24e-06
[12:34:35 INFO] Epoch 44/50  iter 150/743  loss=0.0619  lr=8.16e-06
[12:34:47 INFO] Epoch 44/50  iter 200/743  loss=0.1926  lr=8.08e-06
[12:34:59 INFO] Epoch 44/50  iter 250/743  loss=0.1570  lr=7.99e-06
[12:35:12 INFO] Epoch 44/50  iter 300/743  loss=0.2786  lr=7.91e-06
[12:35:24 INFO] Epoch 44/50  iter 350/743  loss=0.1575  lr=7.83e-06
[12:35:37 INFO] Epoch 44/50  iter 400/743  loss=0.1506  lr=7.75e-06
[12:35:49 INFO] Epoch 44/50  iter 450/743  loss=0.1126  lr=7.67e-06
[12:36:01 INFO] Epoch 44/50  iter 500/743  loss=0.0577  lr=7.59e-06
[12:36:14 INFO] Epoch 44/50  iter 550/743  loss=0.1002  lr=7.51e-06
[12:36:26 INFO] Epoch 44/50  iter 600/743  loss=0.1191  lr=7.43e-06
[12:36:39 INFO] Epoch 44/50  iter 650/743  loss=0.3293  lr=7.35e-06
[12:36:51 INFO] Epoch 44/50  iter 700/743  loss=0.1255  lr=7.27e-06
[12:37:02 INFO] Epoch 44 complete — avg_loss=0.1552  time=185s
[12:37:15 INFO] Epoch 45/50  iter 50/743  loss=0.1101  lr=7.12e-06
[12:37:28 INFO] Epoch 45/50  iter 100/743  loss=0.1048  lr=7.04e-06
[12:37:40 INFO] Epoch 45/50  iter 150/743  loss=0.1093  lr=6.96e-06
[12:37:52 INFO] Epoch 45/50  iter 200/743  loss=0.0741  lr=6.88e-06
[12:38:05 INFO] Epoch 45/50  iter 250/743  loss=0.1970  lr=6.79e-06
[12:38:17 INFO] Epoch 45/50  iter 300/743  loss=0.1816  lr=6.71e-06
[12:38:30 INFO] Epoch 45/50  iter 350/743  loss=0.1216  lr=6.63e-06
[12:38:42 INFO] Epoch 45/50  iter 400/743  loss=0.1275  lr=6.55e-06
[12:38:54 INFO] Epoch 45/50  iter 450/743  loss=0.0252  lr=6.47e-06
[12:39:07 INFO] Epoch 45/50  iter 500/743  loss=0.1701  lr=6.39e-06
[12:39:19 INFO] Epoch 45/50  iter 550/743  loss=0.0779  lr=6.31e-06
[12:39:31 INFO] Epoch 45/50  iter 600/743  loss=0.1205  lr=6.23e-06
[12:39:44 INFO] Epoch 45/50  iter 650/743  loss=0.1140  lr=6.15e-06
[12:39:56 INFO] Epoch 45/50  iter 700/743  loss=0.1312  lr=6.07e-06
[12:40:07 INFO] Epoch 45 complete — avg_loss=0.1508  time=185s
[12:41:01 INFO]   val mIoU = 0.5669
[12:41:15 INFO] Epoch 46/50  iter 50/743  loss=0.1255  lr=5.92e-06
[12:41:27 INFO] Epoch 46/50  iter 100/743  loss=0.1306  lr=5.84e-06
[12:41:40 INFO] Epoch 46/50  iter 150/743  loss=0.1027  lr=5.76e-06
[12:41:52 INFO] Epoch 46/50  iter 200/743  loss=0.0781  lr=5.68e-06
[12:42:05 INFO] Epoch 46/50  iter 250/743  loss=0.1185  lr=5.59e-06
[12:42:17 INFO] Epoch 46/50  iter 300/743  loss=0.1013  lr=5.51e-06
[12:42:29 INFO] Epoch 46/50  iter 350/743  loss=0.4911  lr=5.43e-06
[12:42:42 INFO] Epoch 46/50  iter 400/743  loss=0.1414  lr=5.35e-06
[12:42:54 INFO] Epoch 46/50  iter 450/743  loss=0.1400  lr=5.27e-06
[12:43:07 INFO] Epoch 46/50  iter 500/743  loss=0.1751  lr=5.19e-06
[12:43:19 INFO] Epoch 46/50  iter 550/743  loss=0.0920  lr=5.11e-06
[12:43:31 INFO] Epoch 46/50  iter 600/743  loss=0.2031  lr=5.03e-06
[12:43:44 INFO] Epoch 46/50  iter 650/743  loss=0.1531  lr=4.95e-06
[12:43:56 INFO] Epoch 46/50  iter 700/743  loss=0.2339  lr=4.87e-06
[12:44:07 INFO] Epoch 46 complete — avg_loss=0.1470  time=185s
[12:44:20 INFO] Epoch 47/50  iter 50/743  loss=0.1521  lr=4.72e-06
[12:44:33 INFO] Epoch 47/50  iter 100/743  loss=0.1063  lr=4.64e-06
[12:44:45 INFO] Epoch 47/50  iter 150/743  loss=0.1511  lr=4.56e-06
[12:44:58 INFO] Epoch 47/50  iter 200/743  loss=0.1444  lr=4.48e-06
[12:45:10 INFO] Epoch 47/50  iter 250/743  loss=0.1824  lr=4.39e-06
[12:45:22 INFO] Epoch 47/50  iter 300/743  loss=0.1558  lr=4.31e-06
[12:45:35 INFO] Epoch 47/50  iter 350/743  loss=0.1343  lr=4.23e-06
[12:45:47 INFO] Epoch 47/50  iter 400/743  loss=0.1153  lr=4.15e-06
[12:46:00 INFO] Epoch 47/50  iter 450/743  loss=0.1108  lr=4.07e-06
[12:46:12 INFO] Epoch 47/50  iter 500/743  loss=0.2853  lr=3.99e-06
[12:46:24 INFO] Epoch 47/50  iter 550/743  loss=0.1404  lr=3.91e-06
[12:46:37 INFO] Epoch 47/50  iter 600/743  loss=0.2375  lr=3.83e-06
[12:46:49 INFO] Epoch 47/50  iter 650/743  loss=0.1474  lr=3.75e-06
[12:47:02 INFO] Epoch 47/50  iter 700/743  loss=0.1563  lr=3.67e-06
[12:47:12 INFO] Epoch 47 complete — avg_loss=0.1602  time=185s
[12:47:26 INFO] Epoch 48/50  iter 50/743  loss=0.1377  lr=3.52e-06
[12:47:38 INFO] Epoch 48/50  iter 100/743  loss=0.1276  lr=3.44e-06
[12:47:51 INFO] Epoch 48/50  iter 150/743  loss=0.0771  lr=3.36e-06
[12:48:03 INFO] Epoch 48/50  iter 200/743  loss=0.1112  lr=3.28e-06
[12:48:15 INFO] Epoch 48/50  iter 250/743  loss=0.0913  lr=3.19e-06
[12:48:28 INFO] Epoch 48/50  iter 300/743  loss=0.2375  lr=3.11e-06
[12:48:40 INFO] Epoch 48/50  iter 350/743  loss=0.0885  lr=3.03e-06
[12:48:53 INFO] Epoch 48/50  iter 400/743  loss=0.2107  lr=2.95e-06
[12:49:05 INFO] Epoch 48/50  iter 450/743  loss=0.0588  lr=2.87e-06
[12:49:17 INFO] Epoch 48/50  iter 500/743  loss=0.0823  lr=2.79e-06
[12:49:30 INFO] Epoch 48/50  iter 550/743  loss=0.1279  lr=2.71e-06
[12:49:42 INFO] Epoch 48/50  iter 600/743  loss=0.1578  lr=2.63e-06
[12:49:55 INFO] Epoch 48/50  iter 650/743  loss=0.1401  lr=2.55e-06
[12:50:07 INFO] Epoch 48/50  iter 700/743  loss=0.1288  lr=2.47e-06
[12:50:18 INFO] Epoch 48 complete — avg_loss=0.1551  time=185s
[12:50:31 INFO] Epoch 49/50  iter 50/743  loss=0.0593  lr=2.32e-06
[12:50:44 INFO] Epoch 49/50  iter 100/743  loss=0.1265  lr=2.24e-06
[12:50:56 INFO] Epoch 49/50  iter 150/743  loss=0.1452  lr=2.16e-06
[12:51:08 INFO] Epoch 49/50  iter 200/743  loss=0.1005  lr=2.08e-06
[12:51:21 INFO] Epoch 49/50  iter 250/743  loss=0.1183  lr=1.99e-06
[12:51:33 INFO] Epoch 49/50  iter 300/743  loss=0.1178  lr=1.91e-06
[12:51:46 INFO] Epoch 49/50  iter 350/743  loss=0.2154  lr=1.83e-06
[12:51:58 INFO] Epoch 49/50  iter 400/743  loss=0.2506  lr=1.75e-06
[12:52:10 INFO] Epoch 49/50  iter 450/743  loss=0.0482  lr=1.67e-06
[12:52:23 INFO] Epoch 49/50  iter 500/743  loss=0.2010  lr=1.59e-06
[12:52:35 INFO] Epoch 49/50  iter 550/743  loss=0.0688  lr=1.51e-06
[12:52:47 INFO] Epoch 49/50  iter 600/743  loss=0.1952  lr=1.43e-06
[12:53:00 INFO] Epoch 49/50  iter 650/743  loss=0.0935  lr=1.35e-06
[12:53:12 INFO] Epoch 49/50  iter 700/743  loss=0.1891  lr=1.27e-06
[12:53:23 INFO] Epoch 49 complete — avg_loss=0.1478  time=185s
[12:53:37 INFO] Epoch 50/50  iter 50/743  loss=0.1276  lr=1.12e-06
[12:53:49 INFO] Epoch 50/50  iter 100/743  loss=0.0864  lr=1.04e-06
[12:54:02 INFO] Epoch 50/50  iter 150/743  loss=0.1375  lr=9.56e-07
[12:54:14 INFO] Epoch 50/50  iter 200/743  loss=0.2153  lr=8.75e-07
[12:54:26 INFO] Epoch 50/50  iter 250/743  loss=0.1375  lr=7.95e-07
[12:54:39 INFO] Epoch 50/50  iter 300/743  loss=0.2014  lr=7.14e-07
[12:54:51 INFO] Epoch 50/50  iter 350/743  loss=0.1448  lr=6.33e-07
[12:55:04 INFO] Epoch 50/50  iter 400/743  loss=0.1592  lr=5.52e-07
[12:55:16 INFO] Epoch 50/50  iter 450/743  loss=0.0815  lr=4.72e-07
[12:55:28 INFO] Epoch 50/50  iter 500/743  loss=0.1239  lr=3.91e-07
[12:55:41 INFO] Epoch 50/50  iter 550/743  loss=0.1159  lr=3.10e-07
[12:55:53 INFO] Epoch 50/50  iter 600/743  loss=0.1892  lr=2.29e-07
[12:56:05 INFO] Epoch 50/50  iter 650/743  loss=0.0955  lr=1.49e-07
[12:56:18 INFO] Epoch 50/50  iter 700/743  loss=0.1442  lr=6.78e-08
[12:56:29 INFO] Epoch 50 complete — avg_loss=0.1498  time=185s
[12:57:23 INFO]   val mIoU = 0.5447
[12:57:24 INFO] Training complete. Best val mIoU = 0.5772
