[23:08:17 INFO] Device: cuda
[23:08:19 INFO] Using fog cache: data/fog_cache/nn_depth_base_b002
[23:08:19 INFO] fog_prob: 0.3
[23:08:22 INFO] Train: 2975 samples  |  Val: 500 samples
[23:08:36 INFO] Epoch 1/50  iter 50/743  loss=1.7505  lr=5.99e-05
[23:08:49 INFO] Epoch 1/50  iter 100/743  loss=1.1224  lr=5.98e-05
[23:09:03 INFO] Epoch 1/50  iter 150/743  loss=0.6464  lr=5.98e-05
[23:09:16 INFO] Epoch 1/50  iter 200/743  loss=0.6616  lr=5.97e-05
[23:09:30 INFO] Epoch 1/50  iter 250/743  loss=0.5522  lr=5.96e-05
[23:09:43 INFO] Epoch 1/50  iter 300/743  loss=0.3217  lr=5.95e-05
[23:09:57 INFO] Epoch 1/50  iter 350/743  loss=0.8641  lr=5.94e-05
[23:10:11 INFO] Epoch 1/50  iter 400/743  loss=0.5148  lr=5.94e-05
[23:10:24 INFO] Epoch 1/50  iter 450/743  loss=0.3613  lr=5.93e-05
[23:10:38 INFO] Epoch 1/50  iter 500/743  loss=0.2834  lr=5.92e-05
[23:10:52 INFO] Epoch 1/50  iter 550/743  loss=1.2362  lr=5.91e-05
[23:11:05 INFO] Epoch 1/50  iter 600/743  loss=0.2792  lr=5.90e-05
[23:11:19 INFO] Epoch 1/50  iter 650/743  loss=0.3921  lr=5.89e-05
[23:11:32 INFO] Epoch 1/50  iter 700/743  loss=0.4951  lr=5.89e-05
[23:11:44 INFO] Epoch 1 complete — avg_loss=0.7483  time=203s
[23:11:59 INFO] Epoch 2/50  iter 50/743  loss=0.2616  lr=5.87e-05
[23:12:13 INFO] Epoch 2/50  iter 100/743  loss=0.3996  lr=5.86e-05
[23:12:26 INFO] Epoch 2/50  iter 150/743  loss=0.2330  lr=5.86e-05
[23:12:40 INFO] Epoch 2/50  iter 200/743  loss=0.4257  lr=5.85e-05
[23:12:53 INFO] Epoch 2/50  iter 250/743  loss=0.2633  lr=5.84e-05
[23:13:07 INFO] Epoch 2/50  iter 300/743  loss=0.3026  lr=5.83e-05
[23:13:21 INFO] Epoch 2/50  iter 350/743  loss=0.2308  lr=5.82e-05
[23:13:34 INFO] Epoch 2/50  iter 400/743  loss=0.2145  lr=5.82e-05
[23:13:48 INFO] Epoch 2/50  iter 450/743  loss=0.6279  lr=5.81e-05
[23:14:02 INFO] Epoch 2/50  iter 500/743  loss=0.4777  lr=5.80e-05
[23:14:16 INFO] Epoch 2/50  iter 550/743  loss=0.2724  lr=5.79e-05
[23:14:30 INFO] Epoch 2/50  iter 600/743  loss=0.5634  lr=5.78e-05
[23:14:43 INFO] Epoch 2/50  iter 650/743  loss=0.2324  lr=5.77e-05
[23:14:57 INFO] Epoch 2/50  iter 700/743  loss=0.4999  lr=5.77e-05
[23:15:09 INFO] Epoch 2 complete — avg_loss=0.4017  time=204s
[23:15:24 INFO] Epoch 3/50  iter 50/743  loss=0.3681  lr=5.75e-05
[23:15:39 INFO] Epoch 3/50  iter 100/743  loss=0.2866  lr=5.74e-05
[23:15:53 INFO] Epoch 3/50  iter 150/743  loss=0.2095  lr=5.74e-05
[23:16:06 INFO] Epoch 3/50  iter 200/743  loss=0.2686  lr=5.73e-05
[23:16:20 INFO] Epoch 3/50  iter 250/743  loss=0.5861  lr=5.72e-05
[23:16:33 INFO] Epoch 3/50  iter 300/743  loss=1.0238  lr=5.71e-05
[23:16:47 INFO] Epoch 3/50  iter 350/743  loss=0.2039  lr=5.70e-05
[23:17:01 INFO] Epoch 3/50  iter 400/743  loss=0.4754  lr=5.70e-05
[23:17:14 INFO] Epoch 3/50  iter 450/743  loss=0.3568  lr=5.69e-05
[23:17:28 INFO] Epoch 3/50  iter 500/743  loss=0.1773  lr=5.68e-05
[23:17:42 INFO] Epoch 3/50  iter 550/743  loss=0.3643  lr=5.67e-05
[23:17:55 INFO] Epoch 3/50  iter 600/743  loss=0.2600  lr=5.66e-05
[23:18:09 INFO] Epoch 3/50  iter 650/743  loss=0.2314  lr=5.65e-05
[23:18:22 INFO] Epoch 3/50  iter 700/743  loss=0.1403  lr=5.65e-05
[23:18:34 INFO] Epoch 3 complete — avg_loss=0.3319  time=204s
[23:18:49 INFO] Epoch 4/50  iter 50/743  loss=0.1529  lr=5.63e-05
[23:19:03 INFO] Epoch 4/50  iter 100/743  loss=0.2563  lr=5.62e-05
[23:19:16 INFO] Epoch 4/50  iter 150/743  loss=0.4919  lr=5.62e-05
[23:19:30 INFO] Epoch 4/50  iter 200/743  loss=0.2374  lr=5.61e-05
[23:19:43 INFO] Epoch 4/50  iter 250/743  loss=0.3463  lr=5.60e-05
[23:19:57 INFO] Epoch 4/50  iter 300/743  loss=0.2412  lr=5.59e-05
[23:20:10 INFO] Epoch 4/50  iter 350/743  loss=0.0380  lr=5.58e-05
[23:20:24 INFO] Epoch 4/50  iter 400/743  loss=0.1602  lr=5.58e-05
[23:20:38 INFO] Epoch 4/50  iter 450/743  loss=0.0689  lr=5.57e-05
[23:20:52 INFO] Epoch 4/50  iter 500/743  loss=0.1960  lr=5.56e-05
[23:21:05 INFO] Epoch 4/50  iter 550/743  loss=0.3632  lr=5.55e-05
[23:21:19 INFO] Epoch 4/50  iter 600/743  loss=0.3122  lr=5.54e-05
[23:21:33 INFO] Epoch 4/50  iter 650/743  loss=0.3770  lr=5.53e-05
[23:21:46 INFO] Epoch 4/50  iter 700/743  loss=0.1618  lr=5.53e-05
[23:21:59 INFO] Epoch 4 complete — avg_loss=0.3107  time=204s
[23:22:14 INFO] Epoch 5/50  iter 50/743  loss=0.1458  lr=5.51e-05
[23:22:28 INFO] Epoch 5/50  iter 100/743  loss=0.1903  lr=5.50e-05
[23:22:41 INFO] Epoch 5/50  iter 150/743  loss=0.2395  lr=5.50e-05
[23:22:55 INFO] Epoch 5/50  iter 200/743  loss=0.2232  lr=5.49e-05
[23:23:09 INFO] Epoch 5/50  iter 250/743  loss=0.2063  lr=5.48e-05
[23:23:23 INFO] Epoch 5/50  iter 300/743  loss=0.9929  lr=5.47e-05
[23:23:36 INFO] Epoch 5/50  iter 350/743  loss=0.2432  lr=5.46e-05
[23:23:51 INFO] Epoch 5/50  iter 400/743  loss=0.2808  lr=5.46e-05
[23:24:04 INFO] Epoch 5/50  iter 450/743  loss=0.1892  lr=5.45e-05
[23:24:18 INFO] Epoch 5/50  iter 500/743  loss=0.3778  lr=5.44e-05
[23:24:32 INFO] Epoch 5/50  iter 550/743  loss=0.0739  lr=5.43e-05
[23:24:45 INFO] Epoch 5/50  iter 600/743  loss=0.0188  lr=5.42e-05
[23:24:59 INFO] Epoch 5/50  iter 650/743  loss=0.4603  lr=5.41e-05
[23:25:12 INFO] Epoch 5/50  iter 700/743  loss=0.1301  lr=5.41e-05
[23:25:24 INFO] Epoch 5 complete — avg_loss=0.2892  time=205s
[23:27:33 INFO]   val mIoU = 0.6276
[23:27:33 INFO]   ★ New best val mIoU: 0.6276
[23:27:49 INFO] Epoch 6/50  iter 50/743  loss=0.3397  lr=5.39e-05
[23:28:02 INFO] Epoch 6/50  iter 100/743  loss=0.0624  lr=5.38e-05
[23:28:15 INFO] Epoch 6/50  iter 150/743  loss=0.4405  lr=5.38e-05
[23:28:29 INFO] Epoch 6/50  iter 200/743  loss=0.1301  lr=5.37e-05
[23:28:42 INFO] Epoch 6/50  iter 250/743  loss=0.2748  lr=5.36e-05
[23:28:56 INFO] Epoch 6/50  iter 300/743  loss=0.3115  lr=5.35e-05
[23:29:09 INFO] Epoch 6/50  iter 350/743  loss=0.1170  lr=5.34e-05
[23:29:22 INFO] Epoch 6/50  iter 400/743  loss=0.1352  lr=5.34e-05
[23:29:36 INFO] Epoch 6/50  iter 450/743  loss=0.2327  lr=5.33e-05
[23:29:49 INFO] Epoch 6/50  iter 500/743  loss=0.2214  lr=5.32e-05
[23:30:02 INFO] Epoch 6/50  iter 550/743  loss=0.2832  lr=5.31e-05
[23:30:16 INFO] Epoch 6/50  iter 600/743  loss=0.1772  lr=5.30e-05
[23:30:29 INFO] Epoch 6/50  iter 650/743  loss=0.6183  lr=5.29e-05
[23:30:42 INFO] Epoch 6/50  iter 700/743  loss=0.2816  lr=5.29e-05
[23:30:54 INFO] Epoch 6 complete — avg_loss=0.2635  time=200s
[23:31:08 INFO] Epoch 7/50  iter 50/743  loss=0.1978  lr=5.27e-05
[23:31:22 INFO] Epoch 7/50  iter 100/743  loss=0.1240  lr=5.26e-05
[23:31:35 INFO] Epoch 7/50  iter 150/743  loss=0.3455  lr=5.26e-05
[23:31:49 INFO] Epoch 7/50  iter 200/743  loss=0.4153  lr=5.25e-05
[23:32:02 INFO] Epoch 7/50  iter 250/743  loss=0.3701  lr=5.24e-05
[23:32:15 INFO] Epoch 7/50  iter 300/743  loss=0.1996  lr=5.23e-05
[23:32:29 INFO] Epoch 7/50  iter 350/743  loss=0.3221  lr=5.22e-05
[23:32:42 INFO] Epoch 7/50  iter 400/743  loss=0.1650  lr=5.22e-05
[23:32:55 INFO] Epoch 7/50  iter 450/743  loss=0.5556  lr=5.21e-05
[23:33:09 INFO] Epoch 7/50  iter 500/743  loss=0.3395  lr=5.20e-05
[23:33:22 INFO] Epoch 7/50  iter 550/743  loss=0.2405  lr=5.19e-05
[23:33:35 INFO] Epoch 7/50  iter 600/743  loss=0.5459  lr=5.18e-05
[23:33:49 INFO] Epoch 7/50  iter 650/743  loss=0.0396  lr=5.17e-05
[23:34:02 INFO] Epoch 7/50  iter 700/743  loss=0.3015  lr=5.17e-05
[23:34:14 INFO] Epoch 7 complete — avg_loss=0.2518  time=199s
[23:34:28 INFO] Epoch 8/50  iter 50/743  loss=0.2122  lr=5.15e-05
[23:34:41 INFO] Epoch 8/50  iter 100/743  loss=0.3729  lr=5.14e-05
[23:34:55 INFO] Epoch 8/50  iter 150/743  loss=0.1043  lr=5.14e-05
[23:35:08 INFO] Epoch 8/50  iter 200/743  loss=0.1898  lr=5.13e-05
[23:35:21 INFO] Epoch 8/50  iter 250/743  loss=0.2847  lr=5.12e-05
[23:35:35 INFO] Epoch 8/50  iter 300/743  loss=0.2438  lr=5.11e-05
[23:35:48 INFO] Epoch 8/50  iter 350/743  loss=0.1919  lr=5.10e-05
[23:36:01 INFO] Epoch 8/50  iter 400/743  loss=0.2768  lr=5.10e-05
[23:36:15 INFO] Epoch 8/50  iter 450/743  loss=0.1218  lr=5.09e-05
[23:36:28 INFO] Epoch 8/50  iter 500/743  loss=0.1379  lr=5.08e-05
[23:36:42 INFO] Epoch 8/50  iter 550/743  loss=0.2565  lr=5.07e-05
[23:36:55 INFO] Epoch 8/50  iter 600/743  loss=0.0683  lr=5.06e-05
[23:37:08 INFO] Epoch 8/50  iter 650/743  loss=0.2236  lr=5.05e-05
[23:37:22 INFO] Epoch 8/50  iter 700/743  loss=0.0665  lr=5.05e-05
[23:37:33 INFO] Epoch 8 complete — avg_loss=0.2444  time=199s
[23:37:48 INFO] Epoch 9/50  iter 50/743  loss=0.2598  lr=5.03e-05
[23:38:01 INFO] Epoch 9/50  iter 100/743  loss=0.1377  lr=5.02e-05
[23:38:14 INFO] Epoch 9/50  iter 150/743  loss=0.1927  lr=5.02e-05
[23:38:28 INFO] Epoch 9/50  iter 200/743  loss=0.4210  lr=5.01e-05
[23:38:41 INFO] Epoch 9/50  iter 250/743  loss=0.2867  lr=5.00e-05
[23:38:54 INFO] Epoch 9/50  iter 300/743  loss=0.0935  lr=4.99e-05
[23:39:08 INFO] Epoch 9/50  iter 350/743  loss=0.1788  lr=4.98e-05
[23:39:21 INFO] Epoch 9/50  iter 400/743  loss=0.1009  lr=4.98e-05
[23:39:34 INFO] Epoch 9/50  iter 450/743  loss=0.2145  lr=4.97e-05
[23:39:48 INFO] Epoch 9/50  iter 500/743  loss=0.2071  lr=4.96e-05
[23:40:01 INFO] Epoch 9/50  iter 550/743  loss=0.1637  lr=4.95e-05
[23:40:14 INFO] Epoch 9/50  iter 600/743  loss=0.3452  lr=4.94e-05
[23:40:28 INFO] Epoch 9/50  iter 650/743  loss=0.1899  lr=4.93e-05
[23:40:41 INFO] Epoch 9/50  iter 700/743  loss=0.2705  lr=4.93e-05
[23:40:53 INFO] Epoch 9 complete — avg_loss=0.2356  time=199s
[23:41:07 INFO] Epoch 10/50  iter 50/743  loss=0.2371  lr=4.91e-05
[23:41:21 INFO] Epoch 10/50  iter 100/743  loss=0.2035  lr=4.90e-05
[23:41:34 INFO] Epoch 10/50  iter 150/743  loss=0.1761  lr=4.90e-05
[23:41:47 INFO] Epoch 10/50  iter 200/743  loss=0.0837  lr=4.89e-05
[23:42:01 INFO] Epoch 10/50  iter 250/743  loss=0.1714  lr=4.88e-05
[23:42:14 INFO] Epoch 10/50  iter 300/743  loss=0.0946  lr=4.87e-05
[23:42:27 INFO] Epoch 10/50  iter 350/743  loss=0.2098  lr=4.86e-05
[23:42:41 INFO] Epoch 10/50  iter 400/743  loss=0.2156  lr=4.86e-05
[23:42:54 INFO] Epoch 10/50  iter 450/743  loss=0.2416  lr=4.85e-05
[23:43:07 INFO] Epoch 10/50  iter 500/743  loss=0.1697  lr=4.84e-05
[23:43:21 INFO] Epoch 10/50  iter 550/743  loss=0.2109  lr=4.83e-05
[23:43:34 INFO] Epoch 10/50  iter 600/743  loss=0.2913  lr=4.82e-05
[23:43:47 INFO] Epoch 10/50  iter 650/743  loss=0.2632  lr=4.81e-05
[23:44:01 INFO] Epoch 10/50  iter 700/743  loss=0.1532  lr=4.81e-05
[23:44:12 INFO] Epoch 10 complete — avg_loss=0.2292  time=199s
[23:46:12 INFO]   val mIoU = 0.6852
[23:46:12 INFO]   ★ New best val mIoU: 0.6852
[23:46:27 INFO] Epoch 11/50  iter 50/743  loss=0.1536  lr=4.79e-05
[23:46:40 INFO] Epoch 11/50  iter 100/743  loss=0.5364  lr=4.78e-05
[23:46:54 INFO] Epoch 11/50  iter 150/743  loss=0.2422  lr=4.78e-05
[23:47:07 INFO] Epoch 11/50  iter 200/743  loss=0.2375  lr=4.77e-05
[23:47:20 INFO] Epoch 11/50  iter 250/743  loss=0.2152  lr=4.76e-05
[23:47:34 INFO] Epoch 11/50  iter 300/743  loss=0.2490  lr=4.75e-05
[23:47:47 INFO] Epoch 11/50  iter 350/743  loss=0.2763  lr=4.74e-05
[23:48:00 INFO] Epoch 11/50  iter 400/743  loss=0.3287  lr=4.74e-05
[23:48:14 INFO] Epoch 11/50  iter 450/743  loss=0.4169  lr=4.73e-05
[23:48:27 INFO] Epoch 11/50  iter 500/743  loss=0.1029  lr=4.72e-05
[23:48:40 INFO] Epoch 11/50  iter 550/743  loss=0.1326  lr=4.71e-05
[23:48:54 INFO] Epoch 11/50  iter 600/743  loss=0.0964  lr=4.70e-05
[23:49:07 INFO] Epoch 11/50  iter 650/743  loss=0.1654  lr=4.69e-05
[23:49:20 INFO] Epoch 11/50  iter 700/743  loss=0.2713  lr=4.69e-05
[23:49:32 INFO] Epoch 11 complete — avg_loss=0.2174  time=199s
[23:49:46 INFO] Epoch 12/50  iter 50/743  loss=0.1516  lr=4.67e-05
[23:50:00 INFO] Epoch 12/50  iter 100/743  loss=0.2241  lr=4.66e-05
[23:50:13 INFO] Epoch 12/50  iter 150/743  loss=0.1392  lr=4.66e-05
[23:50:26 INFO] Epoch 12/50  iter 200/743  loss=0.1194  lr=4.65e-05
[23:50:40 INFO] Epoch 12/50  iter 250/743  loss=0.1968  lr=4.64e-05
[23:50:53 INFO] Epoch 12/50  iter 300/743  loss=0.0899  lr=4.63e-05
[23:51:06 INFO] Epoch 12/50  iter 350/743  loss=0.2631  lr=4.62e-05
[23:51:20 INFO] Epoch 12/50  iter 400/743  loss=0.0936  lr=4.62e-05
[23:51:33 INFO] Epoch 12/50  iter 450/743  loss=0.2335  lr=4.61e-05
[23:51:46 INFO] Epoch 12/50  iter 500/743  loss=0.1426  lr=4.60e-05
[23:52:00 INFO] Epoch 12/50  iter 550/743  loss=0.2455  lr=4.59e-05
[23:52:13 INFO] Epoch 12/50  iter 600/743  loss=0.1205  lr=4.58e-05
[23:52:26 INFO] Epoch 12/50  iter 650/743  loss=0.2202  lr=4.57e-05
[23:52:40 INFO] Epoch 12/50  iter 700/743  loss=0.1683  lr=4.57e-05
[23:52:51 INFO] Epoch 12 complete — avg_loss=0.2114  time=199s
[23:53:06 INFO] Epoch 13/50  iter 50/743  loss=0.0655  lr=4.55e-05
[23:53:19 INFO] Epoch 13/50  iter 100/743  loss=0.1671  lr=4.54e-05
[23:53:32 INFO] Epoch 13/50  iter 150/743  loss=0.0922  lr=4.54e-05
[23:53:46 INFO] Epoch 13/50  iter 200/743  loss=0.1663  lr=4.53e-05
[23:53:59 INFO] Epoch 13/50  iter 250/743  loss=0.2697  lr=4.52e-05
[23:54:13 INFO] Epoch 13/50  iter 300/743  loss=0.3277  lr=4.51e-05
[23:54:26 INFO] Epoch 13/50  iter 350/743  loss=0.1455  lr=4.50e-05
[23:54:39 INFO] Epoch 13/50  iter 400/743  loss=0.2614  lr=4.50e-05
[23:54:53 INFO] Epoch 13/50  iter 450/743  loss=0.0519  lr=4.49e-05
[23:55:06 INFO] Epoch 13/50  iter 500/743  loss=0.3156  lr=4.48e-05
[23:55:19 INFO] Epoch 13/50  iter 550/743  loss=0.1537  lr=4.47e-05
[23:55:33 INFO] Epoch 13/50  iter 600/743  loss=0.1977  lr=4.46e-05
[23:55:46 INFO] Epoch 13/50  iter 650/743  loss=0.1635  lr=4.45e-05
[23:56:00 INFO] Epoch 13/50  iter 700/743  loss=0.2178  lr=4.45e-05
[23:56:11 INFO] Epoch 13 complete — avg_loss=0.2072  time=199s
[23:56:26 INFO] Epoch 14/50  iter 50/743  loss=0.3043  lr=4.43e-05
[23:56:39 INFO] Epoch 14/50  iter 100/743  loss=0.1482  lr=4.42e-05
[23:56:52 INFO] Epoch 14/50  iter 150/743  loss=0.1676  lr=4.42e-05
[23:57:06 INFO] Epoch 14/50  iter 200/743  loss=0.0988  lr=4.41e-05
[23:57:19 INFO] Epoch 14/50  iter 250/743  loss=0.1673  lr=4.40e-05
[23:57:33 INFO] Epoch 14/50  iter 300/743  loss=0.2191  lr=4.39e-05
[23:57:46 INFO] Epoch 14/50  iter 350/743  loss=0.1186  lr=4.38e-05
[23:57:59 INFO] Epoch 14/50  iter 400/743  loss=0.1058  lr=4.38e-05
[23:58:13 INFO] Epoch 14/50  iter 450/743  loss=0.1869  lr=4.37e-05
[23:58:26 INFO] Epoch 14/50  iter 500/743  loss=0.1176  lr=4.36e-05
[23:58:39 INFO] Epoch 14/50  iter 550/743  loss=0.0410  lr=4.35e-05
[23:58:53 INFO] Epoch 14/50  iter 600/743  loss=0.1272  lr=4.34e-05
[23:59:06 INFO] Epoch 14/50  iter 650/743  loss=0.1742  lr=4.33e-05
[23:59:19 INFO] Epoch 14/50  iter 700/743  loss=0.1865  lr=4.33e-05
[23:59:31 INFO] Epoch 14 complete — avg_loss=0.2076  time=199s
[23:59:45 INFO] Epoch 15/50  iter 50/743  loss=0.2002  lr=4.31e-05
[23:59:59 INFO] Epoch 15/50  iter 100/743  loss=0.1906  lr=4.30e-05
[00:00:12 INFO] Epoch 15/50  iter 150/743  loss=0.1768  lr=4.30e-05
[00:00:26 INFO] Epoch 15/50  iter 200/743  loss=0.1952  lr=4.29e-05
[00:00:39 INFO] Epoch 15/50  iter 250/743  loss=0.1585  lr=4.28e-05
[00:00:52 INFO] Epoch 15/50  iter 300/743  loss=0.1884  lr=4.27e-05
[00:01:06 INFO] Epoch 15/50  iter 350/743  loss=0.2025  lr=4.26e-05
[00:01:19 INFO] Epoch 15/50  iter 400/743  loss=0.2983  lr=4.26e-05
[00:01:32 INFO] Epoch 15/50  iter 450/743  loss=0.1916  lr=4.25e-05
[00:01:46 INFO] Epoch 15/50  iter 500/743  loss=0.2364  lr=4.24e-05
[00:01:59 INFO] Epoch 15/50  iter 550/743  loss=0.0807  lr=4.23e-05
[00:02:12 INFO] Epoch 15/50  iter 600/743  loss=0.1956  lr=4.22e-05
[00:02:26 INFO] Epoch 15/50  iter 650/743  loss=0.2723  lr=4.21e-05
[00:02:39 INFO] Epoch 15/50  iter 700/743  loss=0.1481  lr=4.21e-05
[00:02:50 INFO] Epoch 15 complete — avg_loss=0.1975  time=199s
[00:04:56 INFO]   val mIoU = 0.7060
[00:04:57 INFO]   ★ New best val mIoU: 0.7060
[00:05:11 INFO] Epoch 16/50  iter 50/743  loss=0.2226  lr=4.19e-05
[00:05:24 INFO] Epoch 16/50  iter 100/743  loss=0.1453  lr=4.18e-05
[00:05:38 INFO] Epoch 16/50  iter 150/743  loss=0.1453  lr=4.18e-05
[00:05:51 INFO] Epoch 16/50  iter 200/743  loss=0.1045  lr=4.17e-05
[00:06:04 INFO] Epoch 16/50  iter 250/743  loss=0.3354  lr=4.16e-05
[00:06:18 INFO] Epoch 16/50  iter 300/743  loss=0.2081  lr=4.15e-05
[00:06:31 INFO] Epoch 16/50  iter 350/743  loss=0.1778  lr=4.14e-05
[00:06:44 INFO] Epoch 16/50  iter 400/743  loss=0.1206  lr=4.14e-05
[00:06:58 INFO] Epoch 16/50  iter 450/743  loss=0.2768  lr=4.13e-05
[00:07:11 INFO] Epoch 16/50  iter 500/743  loss=0.1633  lr=4.12e-05
[00:07:25 INFO] Epoch 16/50  iter 550/743  loss=0.1572  lr=4.11e-05
[00:07:38 INFO] Epoch 16/50  iter 600/743  loss=0.1744  lr=4.10e-05
[00:07:51 INFO] Epoch 16/50  iter 650/743  loss=0.1417  lr=4.09e-05
[00:08:05 INFO] Epoch 16/50  iter 700/743  loss=0.0535  lr=4.09e-05
[00:08:16 INFO] Epoch 16 complete — avg_loss=0.1989  time=199s
[00:08:31 INFO] Epoch 17/50  iter 50/743  loss=0.0641  lr=4.07e-05
[00:08:44 INFO] Epoch 17/50  iter 100/743  loss=0.2238  lr=4.06e-05
[00:08:57 INFO] Epoch 17/50  iter 150/743  loss=0.2965  lr=4.06e-05
[00:09:11 INFO] Epoch 17/50  iter 200/743  loss=0.0993  lr=4.05e-05
[00:09:24 INFO] Epoch 17/50  iter 250/743  loss=0.1853  lr=4.04e-05
[00:09:37 INFO] Epoch 17/50  iter 300/743  loss=0.1649  lr=4.03e-05
[00:09:51 INFO] Epoch 17/50  iter 350/743  loss=0.1282  lr=4.02e-05
[00:10:04 INFO] Epoch 17/50  iter 400/743  loss=0.0829  lr=4.02e-05
[00:10:17 INFO] Epoch 17/50  iter 450/743  loss=0.3348  lr=4.01e-05
[00:10:31 INFO] Epoch 17/50  iter 500/743  loss=0.1518  lr=4.00e-05
[00:10:44 INFO] Epoch 17/50  iter 550/743  loss=0.2898  lr=3.99e-05
[00:10:57 INFO] Epoch 17/50  iter 600/743  loss=0.0883  lr=3.98e-05
[00:11:11 INFO] Epoch 17/50  iter 650/743  loss=0.1759  lr=3.97e-05
[00:11:24 INFO] Epoch 17/50  iter 700/743  loss=0.1087  lr=3.97e-05
[00:11:36 INFO] Epoch 17 complete — avg_loss=0.1918  time=199s
[00:11:50 INFO] Epoch 18/50  iter 50/743  loss=0.3110  lr=3.95e-05
[00:12:03 INFO] Epoch 18/50  iter 100/743  loss=0.2149  lr=3.94e-05
[00:12:17 INFO] Epoch 18/50  iter 150/743  loss=0.1446  lr=3.94e-05
[00:12:30 INFO] Epoch 18/50  iter 200/743  loss=0.1150  lr=3.93e-05
[00:12:43 INFO] Epoch 18/50  iter 250/743  loss=0.1167  lr=3.92e-05
[00:12:57 INFO] Epoch 18/50  iter 300/743  loss=0.2651  lr=3.91e-05
[00:13:10 INFO] Epoch 18/50  iter 350/743  loss=0.6982  lr=3.90e-05
[00:13:23 INFO] Epoch 18/50  iter 400/743  loss=0.1073  lr=3.90e-05
[00:13:37 INFO] Epoch 18/50  iter 450/743  loss=0.2978  lr=3.89e-05
[00:13:50 INFO] Epoch 18/50  iter 500/743  loss=0.2269  lr=3.88e-05
[00:14:04 INFO] Epoch 18/50  iter 550/743  loss=0.1298  lr=3.87e-05
[00:14:17 INFO] Epoch 18/50  iter 600/743  loss=1.0275  lr=3.86e-05
[00:14:30 INFO] Epoch 18/50  iter 650/743  loss=0.2935  lr=3.85e-05
[00:14:44 INFO] Epoch 18/50  iter 700/743  loss=0.1228  lr=3.85e-05
[00:14:55 INFO] Epoch 18 complete — avg_loss=0.1905  time=199s
[00:15:10 INFO] Epoch 19/50  iter 50/743  loss=0.1809  lr=3.83e-05
[00:15:23 INFO] Epoch 19/50  iter 100/743  loss=0.2169  lr=3.82e-05
[00:15:36 INFO] Epoch 19/50  iter 150/743  loss=0.1704  lr=3.82e-05
[00:15:50 INFO] Epoch 19/50  iter 200/743  loss=0.2309  lr=3.81e-05
[00:16:03 INFO] Epoch 19/50  iter 250/743  loss=0.0919  lr=3.80e-05
[00:16:16 INFO] Epoch 19/50  iter 300/743  loss=0.1900  lr=3.79e-05
[00:16:30 INFO] Epoch 19/50  iter 350/743  loss=0.3203  lr=3.78e-05
[00:16:43 INFO] Epoch 19/50  iter 400/743  loss=0.2867  lr=3.78e-05
[00:16:56 INFO] Epoch 19/50  iter 450/743  loss=0.1543  lr=3.77e-05
[00:17:10 INFO] Epoch 19/50  iter 500/743  loss=0.1091  lr=3.76e-05
[00:17:23 INFO] Epoch 19/50  iter 550/743  loss=0.1156  lr=3.75e-05
[00:17:36 INFO] Epoch 19/50  iter 600/743  loss=0.1344  lr=3.74e-05
[00:17:50 INFO] Epoch 19/50  iter 650/743  loss=0.1792  lr=3.73e-05
[00:18:03 INFO] Epoch 19/50  iter 700/743  loss=0.1611  lr=3.73e-05
[00:18:14 INFO] Epoch 19 complete — avg_loss=0.1895  time=199s
[00:18:29 INFO] Epoch 20/50  iter 50/743  loss=0.1501  lr=3.71e-05
[00:18:42 INFO] Epoch 20/50  iter 100/743  loss=0.0919  lr=3.70e-05
[00:18:55 INFO] Epoch 20/50  iter 150/743  loss=0.0768  lr=3.70e-05
[00:19:09 INFO] Epoch 20/50  iter 200/743  loss=0.2322  lr=3.69e-05
[00:19:22 INFO] Epoch 20/50  iter 250/743  loss=0.2024  lr=3.68e-05
[00:19:35 INFO] Epoch 20/50  iter 300/743  loss=0.0714  lr=3.67e-05
[00:19:49 INFO] Epoch 20/50  iter 350/743  loss=0.1499  lr=3.66e-05
[00:20:02 INFO] Epoch 20/50  iter 400/743  loss=0.1185  lr=3.66e-05
[00:20:15 INFO] Epoch 20/50  iter 450/743  loss=0.2148  lr=3.65e-05
[00:20:29 INFO] Epoch 20/50  iter 500/743  loss=0.2015  lr=3.64e-05
[00:20:42 INFO] Epoch 20/50  iter 550/743  loss=0.1943  lr=3.63e-05
[00:20:55 INFO] Epoch 20/50  iter 600/743  loss=0.1264  lr=3.62e-05
[00:21:09 INFO] Epoch 20/50  iter 650/743  loss=0.2178  lr=3.61e-05
[00:21:22 INFO] Epoch 20/50  iter 700/743  loss=0.2071  lr=3.61e-05
[00:21:34 INFO] Epoch 20 complete — avg_loss=0.1791  time=199s
[00:23:33 INFO]   val mIoU = 0.7267
[00:23:34 INFO]   ★ New best val mIoU: 0.7267
[00:23:48 INFO] Epoch 21/50  iter 50/743  loss=0.1055  lr=3.59e-05
[00:24:02 INFO] Epoch 21/50  iter 100/743  loss=0.1163  lr=3.58e-05
[00:24:15 INFO] Epoch 21/50  iter 150/743  loss=0.2865  lr=3.58e-05
[00:24:29 INFO] Epoch 21/50  iter 200/743  loss=0.1528  lr=3.57e-05
[00:24:42 INFO] Epoch 21/50  iter 250/743  loss=0.1574  lr=3.56e-05
[00:24:55 INFO] Epoch 21/50  iter 300/743  loss=0.1176  lr=3.55e-05
[00:25:09 INFO] Epoch 21/50  iter 350/743  loss=0.0786  lr=3.54e-05
[00:25:22 INFO] Epoch 21/50  iter 400/743  loss=0.1229  lr=3.54e-05
[00:25:35 INFO] Epoch 21/50  iter 450/743  loss=0.2913  lr=3.53e-05
[00:25:49 INFO] Epoch 21/50  iter 500/743  loss=0.2387  lr=3.52e-05
[00:26:02 INFO] Epoch 21/50  iter 550/743  loss=0.1758  lr=3.51e-05
[00:26:15 INFO] Epoch 21/50  iter 600/743  loss=0.1475  lr=3.50e-05
[00:26:29 INFO] Epoch 21/50  iter 650/743  loss=0.4057  lr=3.49e-05
[00:26:42 INFO] Epoch 21/50  iter 700/743  loss=0.1095  lr=3.49e-05
[00:26:54 INFO] Epoch 21 complete — avg_loss=0.1789  time=199s
[00:27:08 INFO] Epoch 22/50  iter 50/743  loss=0.2086  lr=3.47e-05
[00:27:21 INFO] Epoch 22/50  iter 100/743  loss=0.0615  lr=3.46e-05
[00:27:35 INFO] Epoch 22/50  iter 150/743  loss=0.1836  lr=3.46e-05
[00:27:48 INFO] Epoch 22/50  iter 200/743  loss=0.0810  lr=3.45e-05
[00:28:01 INFO] Epoch 22/50  iter 250/743  loss=0.1232  lr=3.44e-05
[00:28:15 INFO] Epoch 22/50  iter 300/743  loss=0.1162  lr=3.43e-05
[00:28:28 INFO] Epoch 22/50  iter 350/743  loss=0.0585  lr=3.42e-05
[00:28:42 INFO] Epoch 22/50  iter 400/743  loss=0.2489  lr=3.42e-05
[00:28:55 INFO] Epoch 22/50  iter 450/743  loss=0.3460  lr=3.41e-05
[00:29:08 INFO] Epoch 22/50  iter 500/743  loss=0.1755  lr=3.40e-05
[00:29:22 INFO] Epoch 22/50  iter 550/743  loss=0.1784  lr=3.39e-05
[00:29:35 INFO] Epoch 22/50  iter 600/743  loss=0.1420  lr=3.38e-05
[00:29:48 INFO] Epoch 22/50  iter 650/743  loss=0.1553  lr=3.37e-05
[00:30:02 INFO] Epoch 22/50  iter 700/743  loss=0.1813  lr=3.37e-05
[00:30:13 INFO] Epoch 22 complete — avg_loss=0.1751  time=199s
[00:30:28 INFO] Epoch 23/50  iter 50/743  loss=0.1744  lr=3.35e-05
[00:30:41 INFO] Epoch 23/50  iter 100/743  loss=0.9091  lr=3.34e-05
[00:30:54 INFO] Epoch 23/50  iter 150/743  loss=0.2430  lr=3.34e-05
[00:31:08 INFO] Epoch 23/50  iter 200/743  loss=0.1014  lr=3.33e-05
[00:31:21 INFO] Epoch 23/50  iter 250/743  loss=0.1362  lr=3.32e-05
[00:31:34 INFO] Epoch 23/50  iter 300/743  loss=0.4231  lr=3.31e-05
[00:31:48 INFO] Epoch 23/50  iter 350/743  loss=0.1552  lr=3.30e-05
[00:32:01 INFO] Epoch 23/50  iter 400/743  loss=0.1505  lr=3.30e-05
[00:32:14 INFO] Epoch 23/50  iter 450/743  loss=0.1526  lr=3.29e-05
[00:32:28 INFO] Epoch 23/50  iter 500/743  loss=0.1377  lr=3.28e-05
[00:32:41 INFO] Epoch 23/50  iter 550/743  loss=0.0937  lr=3.27e-05
[00:32:54 INFO] Epoch 23/50  iter 600/743  loss=0.2381  lr=3.26e-05
[00:33:08 INFO] Epoch 23/50  iter 650/743  loss=0.1636  lr=3.25e-05
[00:33:21 INFO] Epoch 23/50  iter 700/743  loss=0.1478  lr=3.25e-05
[00:33:33 INFO] Epoch 23 complete — avg_loss=0.1780  time=199s
[00:33:47 INFO] Epoch 24/50  iter 50/743  loss=0.1137  lr=3.23e-05
[00:34:00 INFO] Epoch 24/50  iter 100/743  loss=0.1300  lr=3.22e-05
[00:34:14 INFO] Epoch 24/50  iter 150/743  loss=0.2425  lr=3.22e-05
[00:34:27 INFO] Epoch 24/50  iter 200/743  loss=0.1104  lr=3.21e-05
[00:34:40 INFO] Epoch 24/50  iter 250/743  loss=0.1508  lr=3.20e-05
[00:34:54 INFO] Epoch 24/50  iter 300/743  loss=0.1895  lr=3.19e-05
[00:35:07 INFO] Epoch 24/50  iter 350/743  loss=0.0790  lr=3.18e-05
[00:35:20 INFO] Epoch 24/50  iter 400/743  loss=0.1395  lr=3.18e-05
[00:35:34 INFO] Epoch 24/50  iter 450/743  loss=0.0727  lr=3.17e-05
[00:35:47 INFO] Epoch 24/50  iter 500/743  loss=0.2234  lr=3.16e-05
[00:36:00 INFO] Epoch 24/50  iter 550/743  loss=0.9806  lr=3.15e-05
[00:36:14 INFO] Epoch 24/50  iter 600/743  loss=0.3071  lr=3.14e-05
[00:36:27 INFO] Epoch 24/50  iter 650/743  loss=0.0971  lr=3.13e-05
[00:36:40 INFO] Epoch 24/50  iter 700/743  loss=0.1955  lr=3.13e-05
[00:36:52 INFO] Epoch 24 complete — avg_loss=0.1760  time=199s
[00:37:07 INFO] Epoch 25/50  iter 50/743  loss=0.1567  lr=3.11e-05
[00:37:20 INFO] Epoch 25/50  iter 100/743  loss=0.0757  lr=3.10e-05
[00:37:33 INFO] Epoch 25/50  iter 150/743  loss=0.2080  lr=3.10e-05
[00:37:47 INFO] Epoch 25/50  iter 200/743  loss=0.1587  lr=3.09e-05
[00:38:00 INFO] Epoch 25/50  iter 250/743  loss=0.1123  lr=3.08e-05
[00:38:13 INFO] Epoch 25/50  iter 300/743  loss=0.2254  lr=3.07e-05
[00:38:27 INFO] Epoch 25/50  iter 350/743  loss=0.2491  lr=3.06e-05
[00:38:40 INFO] Epoch 25/50  iter 400/743  loss=0.1028  lr=3.06e-05
[00:38:53 INFO] Epoch 25/50  iter 450/743  loss=0.1436  lr=3.05e-05
[00:39:07 INFO] Epoch 25/50  iter 500/743  loss=0.0375  lr=3.04e-05
[00:39:20 INFO] Epoch 25/50  iter 550/743  loss=0.1323  lr=3.03e-05
[00:39:34 INFO] Epoch 25/50  iter 600/743  loss=0.1626  lr=3.02e-05
[00:39:47 INFO] Epoch 25/50  iter 650/743  loss=0.3899  lr=3.01e-05
[00:40:00 INFO] Epoch 25/50  iter 700/743  loss=0.1063  lr=3.01e-05
[00:40:12 INFO] Epoch 25 complete — avg_loss=0.1724  time=199s
[00:42:16 INFO]   val mIoU = 0.7400
[00:42:17 INFO]   ★ New best val mIoU: 0.7400
[00:42:31 INFO] Epoch 26/50  iter 50/743  loss=0.1515  lr=2.99e-05
[00:42:45 INFO] Epoch 26/50  iter 100/743  loss=0.1070  lr=2.98e-05
[00:42:58 INFO] Epoch 26/50  iter 150/743  loss=0.3353  lr=2.98e-05
[00:43:11 INFO] Epoch 26/50  iter 200/743  loss=0.2326  lr=2.97e-05
[00:43:25 INFO] Epoch 26/50  iter 250/743  loss=0.2441  lr=2.96e-05
[00:43:38 INFO] Epoch 26/50  iter 300/743  loss=0.1556  lr=2.95e-05
[00:43:52 INFO] Epoch 26/50  iter 350/743  loss=0.1839  lr=2.94e-05
[00:44:05 INFO] Epoch 26/50  iter 400/743  loss=0.1704  lr=2.94e-05
[00:44:19 INFO] Epoch 26/50  iter 450/743  loss=0.1945  lr=2.93e-05
[00:44:32 INFO] Epoch 26/50  iter 500/743  loss=0.2041  lr=2.92e-05
[00:44:45 INFO] Epoch 26/50  iter 550/743  loss=0.1324  lr=2.91e-05
[00:44:59 INFO] Epoch 26/50  iter 600/743  loss=0.1568  lr=2.90e-05
[00:45:12 INFO] Epoch 26/50  iter 650/743  loss=0.1288  lr=2.89e-05
[00:45:26 INFO] Epoch 26/50  iter 700/743  loss=0.2687  lr=2.89e-05
[00:45:37 INFO] Epoch 26 complete — avg_loss=0.1782  time=200s
[00:45:52 INFO] Epoch 27/50  iter 50/743  loss=0.1432  lr=2.87e-05
[00:46:05 INFO] Epoch 27/50  iter 100/743  loss=0.1453  lr=2.86e-05
[00:46:19 INFO] Epoch 27/50  iter 150/743  loss=0.1243  lr=2.86e-05
[00:46:32 INFO] Epoch 27/50  iter 200/743  loss=0.1165  lr=2.85e-05
[00:46:45 INFO] Epoch 27/50  iter 250/743  loss=0.1244  lr=2.84e-05
[00:46:59 INFO] Epoch 27/50  iter 300/743  loss=0.2313  lr=2.83e-05
[00:47:12 INFO] Epoch 27/50  iter 350/743  loss=0.1821  lr=2.82e-05
[00:47:25 INFO] Epoch 27/50  iter 400/743  loss=0.2502  lr=2.82e-05
[00:47:39 INFO] Epoch 27/50  iter 450/743  loss=0.0678  lr=2.81e-05
[00:47:52 INFO] Epoch 27/50  iter 500/743  loss=0.2269  lr=2.80e-05
[00:48:05 INFO] Epoch 27/50  iter 550/743  loss=0.2395  lr=2.79e-05
[00:48:19 INFO] Epoch 27/50  iter 600/743  loss=0.1098  lr=2.78e-05
[00:48:32 INFO] Epoch 27/50  iter 650/743  loss=0.6522  lr=2.77e-05
[00:48:46 INFO] Epoch 27/50  iter 700/743  loss=0.1239  lr=2.77e-05
[00:48:57 INFO] Epoch 27 complete — avg_loss=0.1651  time=199s
[00:49:12 INFO] Epoch 28/50  iter 50/743  loss=0.1256  lr=2.75e-05
[00:49:25 INFO] Epoch 28/50  iter 100/743  loss=0.1533  lr=2.74e-05
[00:49:38 INFO] Epoch 28/50  iter 150/743  loss=0.1411  lr=2.74e-05
[00:49:52 INFO] Epoch 28/50  iter 200/743  loss=0.1517  lr=2.73e-05
[00:50:05 INFO] Epoch 28/50  iter 250/743  loss=0.1260  lr=2.72e-05
[00:50:18 INFO] Epoch 28/50  iter 300/743  loss=0.2443  lr=2.71e-05
[00:50:32 INFO] Epoch 28/50  iter 350/743  loss=0.1707  lr=2.70e-05
[00:50:45 INFO] Epoch 28/50  iter 400/743  loss=0.1159  lr=2.70e-05
[00:50:58 INFO] Epoch 28/50  iter 450/743  loss=0.1242  lr=2.69e-05
[00:51:12 INFO] Epoch 28/50  iter 500/743  loss=0.1918  lr=2.68e-05
[00:51:25 INFO] Epoch 28/50  iter 550/743  loss=0.2356  lr=2.67e-05
[00:51:38 INFO] Epoch 28/50  iter 600/743  loss=0.4832  lr=2.66e-05
[00:51:52 INFO] Epoch 28/50  iter 650/743  loss=0.0717  lr=2.65e-05
[00:52:05 INFO] Epoch 28/50  iter 700/743  loss=0.1250  lr=2.65e-05
[00:52:17 INFO] Epoch 28 complete — avg_loss=0.1653  time=199s
[00:52:31 INFO] Epoch 29/50  iter 50/743  loss=0.1780  lr=2.63e-05
[00:52:45 INFO] Epoch 29/50  iter 100/743  loss=0.1873  lr=2.62e-05
[00:52:58 INFO] Epoch 29/50  iter 150/743  loss=0.1401  lr=2.62e-05
[00:53:11 INFO] Epoch 29/50  iter 200/743  loss=0.1300  lr=2.61e-05
[00:53:25 INFO] Epoch 29/50  iter 250/743  loss=0.0830  lr=2.60e-05
[00:53:38 INFO] Epoch 29/50  iter 300/743  loss=0.1790  lr=2.59e-05
[00:53:51 INFO] Epoch 29/50  iter 350/743  loss=0.1684  lr=2.58e-05
[00:54:05 INFO] Epoch 29/50  iter 400/743  loss=0.2249  lr=2.58e-05
[00:54:18 INFO] Epoch 29/50  iter 450/743  loss=0.1460  lr=2.57e-05
[00:54:32 INFO] Epoch 29/50  iter 500/743  loss=0.0715  lr=2.56e-05
[00:54:45 INFO] Epoch 29/50  iter 550/743  loss=0.2168  lr=2.55e-05
[00:54:58 INFO] Epoch 29/50  iter 600/743  loss=0.0684  lr=2.54e-05
[00:55:12 INFO] Epoch 29/50  iter 650/743  loss=0.1038  lr=2.53e-05
[00:55:25 INFO] Epoch 29/50  iter 700/743  loss=0.0902  lr=2.53e-05
[00:55:37 INFO] Epoch 29 complete — avg_loss=0.1660  time=199s
[00:55:51 INFO] Epoch 30/50  iter 50/743  loss=0.2441  lr=2.51e-05
[00:56:04 INFO] Epoch 30/50  iter 100/743  loss=0.0761  lr=2.50e-05
[00:56:18 INFO] Epoch 30/50  iter 150/743  loss=0.0383  lr=2.50e-05
[00:56:31 INFO] Epoch 30/50  iter 200/743  loss=0.0534  lr=2.49e-05
[00:56:44 INFO] Epoch 30/50  iter 250/743  loss=0.0723  lr=2.48e-05
[00:56:58 INFO] Epoch 30/50  iter 300/743  loss=0.1506  lr=2.47e-05
[00:57:11 INFO] Epoch 30/50  iter 350/743  loss=0.0691  lr=2.46e-05
[00:57:25 INFO] Epoch 30/50  iter 400/743  loss=0.1231  lr=2.46e-05
[00:57:38 INFO] Epoch 30/50  iter 450/743  loss=0.1621  lr=2.45e-05
[00:57:51 INFO] Epoch 30/50  iter 500/743  loss=0.0988  lr=2.44e-05
[00:58:05 INFO] Epoch 30/50  iter 550/743  loss=0.2700  lr=2.43e-05
[00:58:18 INFO] Epoch 30/50  iter 600/743  loss=0.1304  lr=2.42e-05
[00:58:31 INFO] Epoch 30/50  iter 650/743  loss=0.1864  lr=2.41e-05
[00:58:45 INFO] Epoch 30/50  iter 700/743  loss=0.1885  lr=2.41e-05
[00:58:56 INFO] Epoch 30 complete — avg_loss=0.1671  time=199s
[01:01:01 INFO]   val mIoU = 0.7516
[01:01:02 INFO]   ★ New best val mIoU: 0.7516
[01:01:16 INFO] Epoch 31/50  iter 50/743  loss=0.1328  lr=2.39e-05
[01:01:29 INFO] Epoch 31/50  iter 100/743  loss=0.1740  lr=2.38e-05
[01:01:43 INFO] Epoch 31/50  iter 150/743  loss=0.1697  lr=2.38e-05
[01:01:56 INFO] Epoch 31/50  iter 200/743  loss=0.5276  lr=2.37e-05
[01:02:10 INFO] Epoch 31/50  iter 250/743  loss=0.1312  lr=2.36e-05
[01:02:23 INFO] Epoch 31/50  iter 300/743  loss=0.3803  lr=2.35e-05
[01:02:36 INFO] Epoch 31/50  iter 350/743  loss=0.2973  lr=2.34e-05
[01:02:50 INFO] Epoch 31/50  iter 400/743  loss=0.0722  lr=2.34e-05
[01:03:03 INFO] Epoch 31/50  iter 450/743  loss=0.1627  lr=2.33e-05
[01:03:16 INFO] Epoch 31/50  iter 500/743  loss=0.1087  lr=2.32e-05
[01:03:30 INFO] Epoch 31/50  iter 550/743  loss=0.5066  lr=2.31e-05
[01:03:43 INFO] Epoch 31/50  iter 600/743  loss=0.1060  lr=2.30e-05
[01:03:56 INFO] Epoch 31/50  iter 650/743  loss=0.1652  lr=2.29e-05
[01:04:10 INFO] Epoch 31/50  iter 700/743  loss=0.1167  lr=2.29e-05
[01:04:21 INFO] Epoch 31 complete — avg_loss=0.1585  time=199s
[01:04:36 INFO] Epoch 32/50  iter 50/743  loss=0.1555  lr=2.27e-05
[01:04:49 INFO] Epoch 32/50  iter 100/743  loss=0.2592  lr=2.26e-05
[01:05:02 INFO] Epoch 32/50  iter 150/743  loss=0.0894  lr=2.26e-05
[01:05:16 INFO] Epoch 32/50  iter 200/743  loss=0.1400  lr=2.25e-05
[01:05:29 INFO] Epoch 32/50  iter 250/743  loss=0.1521  lr=2.24e-05
[01:05:42 INFO] Epoch 32/50  iter 300/743  loss=0.0524  lr=2.23e-05
[01:05:56 INFO] Epoch 32/50  iter 350/743  loss=0.3139  lr=2.22e-05
[01:06:09 INFO] Epoch 32/50  iter 400/743  loss=0.0992  lr=2.22e-05
[01:06:22 INFO] Epoch 32/50  iter 450/743  loss=0.0807  lr=2.21e-05
[01:06:36 INFO] Epoch 32/50  iter 500/743  loss=0.1998  lr=2.20e-05
[01:06:49 INFO] Epoch 32/50  iter 550/743  loss=0.1474  lr=2.19e-05
[01:07:03 INFO] Epoch 32/50  iter 600/743  loss=0.0972  lr=2.18e-05
[01:07:16 INFO] Epoch 32/50  iter 650/743  loss=0.1400  lr=2.17e-05
[01:07:29 INFO] Epoch 32/50  iter 700/743  loss=0.2033  lr=2.17e-05
[01:07:41 INFO] Epoch 32 complete — avg_loss=0.1575  time=199s
[01:07:55 INFO] Epoch 33/50  iter 50/743  loss=0.1789  lr=2.15e-05
[01:08:09 INFO] Epoch 33/50  iter 100/743  loss=0.1185  lr=2.14e-05
[01:08:22 INFO] Epoch 33/50  iter 150/743  loss=0.1326  lr=2.14e-05
[01:08:35 INFO] Epoch 33/50  iter 200/743  loss=0.0624  lr=2.13e-05
[01:08:49 INFO] Epoch 33/50  iter 250/743  loss=0.0567  lr=2.12e-05
[01:09:02 INFO] Epoch 33/50  iter 300/743  loss=0.1405  lr=2.11e-05
[01:09:15 INFO] Epoch 33/50  iter 350/743  loss=0.3037  lr=2.10e-05
[01:09:29 INFO] Epoch 33/50  iter 400/743  loss=0.1699  lr=2.10e-05
[01:09:42 INFO] Epoch 33/50  iter 450/743  loss=0.1581  lr=2.09e-05
[01:09:55 INFO] Epoch 33/50  iter 500/743  loss=0.0962  lr=2.08e-05
[01:10:09 INFO] Epoch 33/50  iter 550/743  loss=0.1863  lr=2.07e-05
[01:10:22 INFO] Epoch 33/50  iter 600/743  loss=0.0555  lr=2.06e-05
[01:10:35 INFO] Epoch 33/50  iter 650/743  loss=0.1150  lr=2.05e-05
[01:10:49 INFO] Epoch 33/50  iter 700/743  loss=0.0453  lr=2.05e-05
[01:11:00 INFO] Epoch 33 complete — avg_loss=0.1597  time=199s
[01:11:15 INFO] Epoch 34/50  iter 50/743  loss=0.0580  lr=2.03e-05
[01:11:28 INFO] Epoch 34/50  iter 100/743  loss=0.1780  lr=2.02e-05
[01:11:42 INFO] Epoch 34/50  iter 150/743  loss=0.1240  lr=2.02e-05
[01:11:55 INFO] Epoch 34/50  iter 200/743  loss=0.1488  lr=2.01e-05
[01:12:08 INFO] Epoch 34/50  iter 250/743  loss=0.1877  lr=2.00e-05
[01:12:22 INFO] Epoch 34/50  iter 300/743  loss=0.1963  lr=1.99e-05
[01:12:35 INFO] Epoch 34/50  iter 350/743  loss=0.2005  lr=1.98e-05
[01:12:49 INFO] Epoch 34/50  iter 400/743  loss=0.1230  lr=1.98e-05
[01:13:02 INFO] Epoch 34/50  iter 450/743  loss=0.1271  lr=1.97e-05
[01:13:15 INFO] Epoch 34/50  iter 500/743  loss=0.1240  lr=1.96e-05
[01:13:29 INFO] Epoch 34/50  iter 550/743  loss=0.1476  lr=1.95e-05
[01:13:42 INFO] Epoch 34/50  iter 600/743  loss=0.3247  lr=1.94e-05
[01:13:55 INFO] Epoch 34/50  iter 650/743  loss=0.1153  lr=1.93e-05
[01:14:09 INFO] Epoch 34/50  iter 700/743  loss=0.1090  lr=1.93e-05
[01:14:20 INFO] Epoch 34 complete — avg_loss=0.1634  time=199s
[01:14:35 INFO] Epoch 35/50  iter 50/743  loss=0.0762  lr=1.91e-05
[01:14:48 INFO] Epoch 35/50  iter 100/743  loss=0.2048  lr=1.90e-05
[01:15:02 INFO] Epoch 35/50  iter 150/743  loss=0.1334  lr=1.90e-05
[01:15:15 INFO] Epoch 35/50  iter 200/743  loss=0.1522  lr=1.89e-05
[01:15:28 INFO] Epoch 35/50  iter 250/743  loss=0.1171  lr=1.88e-05
[01:15:42 INFO] Epoch 35/50  iter 300/743  loss=0.1790  lr=1.87e-05
[01:15:55 INFO] Epoch 35/50  iter 350/743  loss=0.1335  lr=1.86e-05
[01:16:08 INFO] Epoch 35/50  iter 400/743  loss=0.1095  lr=1.86e-05
[01:16:22 INFO] Epoch 35/50  iter 450/743  loss=0.3123  lr=1.85e-05
[01:16:35 INFO] Epoch 35/50  iter 500/743  loss=0.1917  lr=1.84e-05
[01:16:49 INFO] Epoch 35/50  iter 550/743  loss=0.9939  lr=1.83e-05
[01:17:02 INFO] Epoch 35/50  iter 600/743  loss=0.1180  lr=1.82e-05
[01:17:15 INFO] Epoch 35/50  iter 650/743  loss=0.1571  lr=1.81e-05
[01:17:29 INFO] Epoch 35/50  iter 700/743  loss=0.0957  lr=1.81e-05
[01:17:40 INFO] Epoch 35 complete — avg_loss=0.1550  time=199s
[01:19:43 INFO]   val mIoU = 0.7564
[01:19:44 INFO]   ★ New best val mIoU: 0.7564
[01:19:58 INFO] Epoch 36/50  iter 50/743  loss=0.1591  lr=1.79e-05
[01:20:12 INFO] Epoch 36/50  iter 100/743  loss=0.2523  lr=1.78e-05
[01:20:25 INFO] Epoch 36/50  iter 150/743  loss=0.1577  lr=1.78e-05
[01:20:38 INFO] Epoch 36/50  iter 200/743  loss=0.1237  lr=1.77e-05
[01:20:52 INFO] Epoch 36/50  iter 250/743  loss=0.0806  lr=1.76e-05
[01:21:05 INFO] Epoch 36/50  iter 300/743  loss=0.1240  lr=1.75e-05
[01:21:19 INFO] Epoch 36/50  iter 350/743  loss=0.0881  lr=1.74e-05
[01:21:32 INFO] Epoch 36/50  iter 400/743  loss=0.0636  lr=1.74e-05
[01:21:45 INFO] Epoch 36/50  iter 450/743  loss=0.1099  lr=1.73e-05
[01:21:59 INFO] Epoch 36/50  iter 500/743  loss=0.1481  lr=1.72e-05
[01:22:12 INFO] Epoch 36/50  iter 550/743  loss=0.1447  lr=1.71e-05
[01:22:25 INFO] Epoch 36/50  iter 600/743  loss=0.0872  lr=1.70e-05
[01:22:39 INFO] Epoch 36/50  iter 650/743  loss=0.0463  lr=1.69e-05
[01:22:52 INFO] Epoch 36/50  iter 700/743  loss=0.1985  lr=1.69e-05
[01:23:04 INFO] Epoch 36 complete — avg_loss=0.1493  time=199s
[01:23:18 INFO] Epoch 37/50  iter 50/743  loss=0.1045  lr=1.67e-05
[01:23:32 INFO] Epoch 37/50  iter 100/743  loss=0.1481  lr=1.66e-05
[01:23:45 INFO] Epoch 37/50  iter 150/743  loss=0.1061  lr=1.66e-05
[01:23:58 INFO] Epoch 37/50  iter 200/743  loss=0.1780  lr=1.65e-05
[01:24:12 INFO] Epoch 37/50  iter 250/743  loss=0.0816  lr=1.64e-05
[01:24:25 INFO] Epoch 37/50  iter 300/743  loss=0.1535  lr=1.63e-05
[01:24:38 INFO] Epoch 37/50  iter 350/743  loss=0.1516  lr=1.62e-05
[01:24:52 INFO] Epoch 37/50  iter 400/743  loss=0.2805  lr=1.62e-05
[01:25:05 INFO] Epoch 37/50  iter 450/743  loss=0.1492  lr=1.61e-05
[01:25:19 INFO] Epoch 37/50  iter 500/743  loss=0.1543  lr=1.60e-05
[01:25:32 INFO] Epoch 37/50  iter 550/743  loss=0.2268  lr=1.59e-05
[01:25:45 INFO] Epoch 37/50  iter 600/743  loss=0.1513  lr=1.58e-05
[01:25:59 INFO] Epoch 37/50  iter 650/743  loss=0.1464  lr=1.57e-05
[01:26:12 INFO] Epoch 37/50  iter 700/743  loss=0.1348  lr=1.57e-05
[01:26:24 INFO] Epoch 37 complete — avg_loss=0.1571  time=199s
[01:26:38 INFO] Epoch 38/50  iter 50/743  loss=0.2774  lr=1.55e-05
[01:26:51 INFO] Epoch 38/50  iter 100/743  loss=0.0595  lr=1.54e-05
[01:27:05 INFO] Epoch 38/50  iter 150/743  loss=0.1123  lr=1.54e-05
[01:27:18 INFO] Epoch 38/50  iter 200/743  loss=0.0667  lr=1.53e-05
[01:27:32 INFO] Epoch 38/50  iter 250/743  loss=0.1487  lr=1.52e-05
[01:27:45 INFO] Epoch 38/50  iter 300/743  loss=0.1243  lr=1.51e-05
[01:27:58 INFO] Epoch 38/50  iter 350/743  loss=0.1849  lr=1.50e-05
[01:28:12 INFO] Epoch 38/50  iter 400/743  loss=0.0520  lr=1.50e-05
[01:28:25 INFO] Epoch 38/50  iter 450/743  loss=0.1678  lr=1.49e-05
[01:28:38 INFO] Epoch 38/50  iter 500/743  loss=0.3082  lr=1.48e-05
[01:28:52 INFO] Epoch 38/50  iter 550/743  loss=0.1863  lr=1.47e-05
[01:29:05 INFO] Epoch 38/50  iter 600/743  loss=0.2463  lr=1.46e-05
[01:29:19 INFO] Epoch 38/50  iter 650/743  loss=0.1170  lr=1.45e-05
[01:29:32 INFO] Epoch 38/50  iter 700/743  loss=0.0903  lr=1.45e-05
[01:29:44 INFO] Epoch 38 complete — avg_loss=0.1551  time=199s
[01:29:58 INFO] Epoch 39/50  iter 50/743  loss=0.0615  lr=1.43e-05
[01:30:11 INFO] Epoch 39/50  iter 100/743  loss=0.0527  lr=1.42e-05
[01:30:25 INFO] Epoch 39/50  iter 150/743  loss=0.1130  lr=1.42e-05
[01:30:38 INFO] Epoch 39/50  iter 200/743  loss=0.6226  lr=1.41e-05
[01:30:51 INFO] Epoch 39/50  iter 250/743  loss=0.1310  lr=1.40e-05
[01:31:05 INFO] Epoch 39/50  iter 300/743  loss=0.1585  lr=1.39e-05
[01:31:18 INFO] Epoch 39/50  iter 350/743  loss=0.2306  lr=1.38e-05
[01:31:32 INFO] Epoch 39/50  iter 400/743  loss=0.1671  lr=1.38e-05
[01:31:45 INFO] Epoch 39/50  iter 450/743  loss=0.3425  lr=1.37e-05
[01:31:58 INFO] Epoch 39/50  iter 500/743  loss=0.1106  lr=1.36e-05
[01:32:12 INFO] Epoch 39/50  iter 550/743  loss=0.1970  lr=1.35e-05
[01:32:25 INFO] Epoch 39/50  iter 600/743  loss=0.3585  lr=1.34e-05
[01:32:38 INFO] Epoch 39/50  iter 650/743  loss=0.1297  lr=1.33e-05
[01:32:52 INFO] Epoch 39/50  iter 700/743  loss=0.1802  lr=1.33e-05
[01:33:03 INFO] Epoch 39 complete — avg_loss=0.1503  time=199s
[01:33:18 INFO] Epoch 40/50  iter 50/743  loss=1.6520  lr=1.31e-05
[01:33:31 INFO] Epoch 40/50  iter 100/743  loss=0.1137  lr=1.30e-05
[01:33:45 INFO] Epoch 40/50  iter 150/743  loss=0.0482  lr=1.30e-05
[01:33:58 INFO] Epoch 40/50  iter 200/743  loss=0.1174  lr=1.29e-05
[01:34:11 INFO] Epoch 40/50  iter 250/743  loss=0.2348  lr=1.28e-05
[01:34:25 INFO] Epoch 40/50  iter 300/743  loss=0.1433  lr=1.27e-05
[01:34:38 INFO] Epoch 40/50  iter 350/743  loss=0.5258  lr=1.26e-05
[01:34:52 INFO] Epoch 40/50  iter 400/743  loss=0.1151  lr=1.26e-05
[01:35:05 INFO] Epoch 40/50  iter 450/743  loss=0.1400  lr=1.25e-05
[01:35:18 INFO] Epoch 40/50  iter 500/743  loss=0.2752  lr=1.24e-05
[01:35:32 INFO] Epoch 40/50  iter 550/743  loss=0.2111  lr=1.23e-05
[01:35:45 INFO] Epoch 40/50  iter 600/743  loss=0.2154  lr=1.22e-05
[01:35:58 INFO] Epoch 40/50  iter 650/743  loss=0.1820  lr=1.21e-05
[01:36:12 INFO] Epoch 40/50  iter 700/743  loss=0.0772  lr=1.21e-05
[01:36:23 INFO] Epoch 40 complete — avg_loss=0.1518  time=199s
[01:38:28 INFO]   val mIoU = 0.7637
[01:38:29 INFO]   ★ New best val mIoU: 0.7637
[01:38:43 INFO] Epoch 41/50  iter 50/743  loss=0.1054  lr=1.19e-05
[01:38:56 INFO] Epoch 41/50  iter 100/743  loss=0.1085  lr=1.18e-05
[01:39:10 INFO] Epoch 41/50  iter 150/743  loss=0.0716  lr=1.18e-05
[01:39:23 INFO] Epoch 41/50  iter 200/743  loss=0.0765  lr=1.17e-05
[01:39:36 INFO] Epoch 41/50  iter 250/743  loss=0.1499  lr=1.16e-05
[01:39:50 INFO] Epoch 41/50  iter 300/743  loss=0.1113  lr=1.15e-05
[01:40:03 INFO] Epoch 41/50  iter 350/743  loss=0.1109  lr=1.14e-05
[01:40:16 INFO] Epoch 41/50  iter 400/743  loss=0.1332  lr=1.14e-05
[01:40:30 INFO] Epoch 41/50  iter 450/743  loss=0.1750  lr=1.13e-05
[01:40:43 INFO] Epoch 41/50  iter 500/743  loss=0.0840  lr=1.12e-05
[01:40:56 INFO] Epoch 41/50  iter 550/743  loss=0.0674  lr=1.11e-05
[01:41:10 INFO] Epoch 41/50  iter 600/743  loss=0.1571  lr=1.10e-05
[01:41:23 INFO] Epoch 41/50  iter 650/743  loss=0.2436  lr=1.09e-05
[01:41:36 INFO] Epoch 41/50  iter 700/743  loss=0.1053  lr=1.09e-05
[01:41:48 INFO] Epoch 41 complete — avg_loss=0.1470  time=199s
[01:42:03 INFO] Epoch 42/50  iter 50/743  loss=0.1006  lr=1.07e-05
[01:42:16 INFO] Epoch 42/50  iter 100/743  loss=0.1323  lr=1.06e-05
[01:42:29 INFO] Epoch 42/50  iter 150/743  loss=0.1748  lr=1.06e-05
[01:42:43 INFO] Epoch 42/50  iter 200/743  loss=0.1705  lr=1.05e-05
[01:42:56 INFO] Epoch 42/50  iter 250/743  loss=0.1047  lr=1.04e-05
[01:43:09 INFO] Epoch 42/50  iter 300/743  loss=0.2091  lr=1.03e-05
[01:43:23 INFO] Epoch 42/50  iter 350/743  loss=0.1127  lr=1.02e-05
[01:43:36 INFO] Epoch 42/50  iter 400/743  loss=0.1449  lr=1.02e-05
[01:43:49 INFO] Epoch 42/50  iter 450/743  loss=0.0750  lr=1.01e-05
[01:44:03 INFO] Epoch 42/50  iter 500/743  loss=0.0828  lr=9.99e-06
[01:44:16 INFO] Epoch 42/50  iter 550/743  loss=0.0962  lr=9.91e-06
[01:44:29 INFO] Epoch 42/50  iter 600/743  loss=0.1110  lr=9.83e-06
[01:44:43 INFO] Epoch 42/50  iter 650/743  loss=0.0827  lr=9.75e-06
[01:44:56 INFO] Epoch 42/50  iter 700/743  loss=0.1248  lr=9.67e-06
[01:45:08 INFO] Epoch 42 complete — avg_loss=0.1424  time=199s
[01:45:22 INFO] Epoch 43/50  iter 50/743  loss=0.0650  lr=9.52e-06
[01:45:36 INFO] Epoch 43/50  iter 100/743  loss=0.1898  lr=9.44e-06
[01:45:49 INFO] Epoch 43/50  iter 150/743  loss=0.1435  lr=9.36e-06
[01:46:02 INFO] Epoch 43/50  iter 200/743  loss=0.0909  lr=9.28e-06
[01:46:16 INFO] Epoch 43/50  iter 250/743  loss=0.1301  lr=9.19e-06
[01:46:29 INFO] Epoch 43/50  iter 300/743  loss=0.1541  lr=9.11e-06
[01:46:42 INFO] Epoch 43/50  iter 350/743  loss=0.1296  lr=9.03e-06
[01:46:56 INFO] Epoch 43/50  iter 400/743  loss=0.0919  lr=8.95e-06
[01:47:09 INFO] Epoch 43/50  iter 450/743  loss=0.0947  lr=8.87e-06
[01:47:22 INFO] Epoch 43/50  iter 500/743  loss=0.1320  lr=8.79e-06
[01:47:36 INFO] Epoch 43/50  iter 550/743  loss=0.0986  lr=8.71e-06
[01:47:49 INFO] Epoch 43/50  iter 600/743  loss=0.0772  lr=8.63e-06
[01:48:02 INFO] Epoch 43/50  iter 650/743  loss=0.2191  lr=8.55e-06
[01:48:16 INFO] Epoch 43/50  iter 700/743  loss=0.1237  lr=8.47e-06
[01:48:27 INFO] Epoch 43 complete — avg_loss=0.1490  time=199s
[01:48:42 INFO] Epoch 44/50  iter 50/743  loss=0.0968  lr=8.32e-06
[01:48:55 INFO] Epoch 44/50  iter 100/743  loss=0.1514  lr=8.24e-06
[01:49:09 INFO] Epoch 44/50  iter 150/743  loss=0.2311  lr=8.16e-06
[01:49:22 INFO] Epoch 44/50  iter 200/743  loss=0.1363  lr=8.08e-06
[01:49:35 INFO] Epoch 44/50  iter 250/743  loss=0.1381  lr=7.99e-06
[01:49:49 INFO] Epoch 44/50  iter 300/743  loss=0.1051  lr=7.91e-06
[01:50:02 INFO] Epoch 44/50  iter 350/743  loss=0.0862  lr=7.83e-06
[01:50:15 INFO] Epoch 44/50  iter 400/743  loss=0.2638  lr=7.75e-06
[01:50:29 INFO] Epoch 44/50  iter 450/743  loss=0.1556  lr=7.67e-06
[01:50:42 INFO] Epoch 44/50  iter 500/743  loss=0.1327  lr=7.59e-06
[01:50:55 INFO] Epoch 44/50  iter 550/743  loss=0.2281  lr=7.51e-06
[01:51:09 INFO] Epoch 44/50  iter 600/743  loss=0.1434  lr=7.43e-06
[01:51:22 INFO] Epoch 44/50  iter 650/743  loss=0.1284  lr=7.35e-06
[01:51:36 INFO] Epoch 44/50  iter 700/743  loss=0.0890  lr=7.27e-06
[01:51:47 INFO] Epoch 44 complete — avg_loss=0.1439  time=199s
[01:52:02 INFO] Epoch 45/50  iter 50/743  loss=0.0385  lr=7.12e-06
[01:52:15 INFO] Epoch 45/50  iter 100/743  loss=0.1442  lr=7.04e-06
[01:52:28 INFO] Epoch 45/50  iter 150/743  loss=0.1184  lr=6.96e-06
[01:52:42 INFO] Epoch 45/50  iter 200/743  loss=0.1607  lr=6.88e-06
[01:52:55 INFO] Epoch 45/50  iter 250/743  loss=0.1357  lr=6.79e-06
[01:53:08 INFO] Epoch 45/50  iter 300/743  loss=0.1554  lr=6.71e-06
[01:53:22 INFO] Epoch 45/50  iter 350/743  loss=0.0957  lr=6.63e-06
[01:53:35 INFO] Epoch 45/50  iter 400/743  loss=0.1654  lr=6.55e-06
[01:53:48 INFO] Epoch 45/50  iter 450/743  loss=0.0865  lr=6.47e-06
[01:54:02 INFO] Epoch 45/50  iter 500/743  loss=0.2180  lr=6.39e-06
[01:54:15 INFO] Epoch 45/50  iter 550/743  loss=0.2582  lr=6.31e-06
[01:54:28 INFO] Epoch 45/50  iter 600/743  loss=0.1926  lr=6.23e-06
[01:54:42 INFO] Epoch 45/50  iter 650/743  loss=0.1268  lr=6.15e-06
[01:54:55 INFO] Epoch 45/50  iter 700/743  loss=0.0875  lr=6.07e-06
[01:55:07 INFO] Epoch 45 complete — avg_loss=0.1437  time=199s
[01:57:10 INFO]   val mIoU = 0.7680
[01:57:11 INFO]   ★ New best val mIoU: 0.7680
[01:57:25 INFO] Epoch 46/50  iter 50/743  loss=0.1043  lr=5.92e-06
[01:57:38 INFO] Epoch 46/50  iter 100/743  loss=0.0864  lr=5.84e-06
[01:57:52 INFO] Epoch 46/50  iter 150/743  loss=0.1871  lr=5.76e-06
[01:58:05 INFO] Epoch 46/50  iter 200/743  loss=0.1133  lr=5.68e-06
[01:58:18 INFO] Epoch 46/50  iter 250/743  loss=0.1927  lr=5.59e-06
[01:58:32 INFO] Epoch 46/50  iter 300/743  loss=0.1270  lr=5.51e-06
[01:58:45 INFO] Epoch 46/50  iter 350/743  loss=0.1475  lr=5.43e-06
[01:58:58 INFO] Epoch 46/50  iter 400/743  loss=0.1482  lr=5.35e-06
[01:59:12 INFO] Epoch 46/50  iter 450/743  loss=0.0932  lr=5.27e-06
[01:59:25 INFO] Epoch 46/50  iter 500/743  loss=0.0836  lr=5.19e-06
[01:59:38 INFO] Epoch 46/50  iter 550/743  loss=1.0658  lr=5.11e-06
[01:59:52 INFO] Epoch 46/50  iter 600/743  loss=0.1520  lr=5.03e-06
[02:00:05 INFO] Epoch 46/50  iter 650/743  loss=0.2653  lr=4.95e-06
[02:00:18 INFO] Epoch 46/50  iter 700/743  loss=0.0662  lr=4.87e-06
[02:00:30 INFO] Epoch 46 complete — avg_loss=0.1449  time=199s
[02:00:44 INFO] Epoch 47/50  iter 50/743  loss=0.1416  lr=4.72e-06
[02:00:58 INFO] Epoch 47/50  iter 100/743  loss=0.0649  lr=4.64e-06
[02:01:11 INFO] Epoch 47/50  iter 150/743  loss=0.0969  lr=4.56e-06
[02:01:24 INFO] Epoch 47/50  iter 200/743  loss=0.1524  lr=4.48e-06
[02:01:38 INFO] Epoch 47/50  iter 250/743  loss=0.1112  lr=4.39e-06
[02:01:51 INFO] Epoch 47/50  iter 300/743  loss=0.2163  lr=4.31e-06
[02:02:04 INFO] Epoch 47/50  iter 350/743  loss=0.1689  lr=4.23e-06
[02:02:18 INFO] Epoch 47/50  iter 400/743  loss=0.1193  lr=4.15e-06
[02:02:31 INFO] Epoch 47/50  iter 450/743  loss=0.1969  lr=4.07e-06
[02:02:45 INFO] Epoch 47/50  iter 500/743  loss=0.1160  lr=3.99e-06
[02:02:58 INFO] Epoch 47/50  iter 550/743  loss=0.1313  lr=3.91e-06
[02:03:11 INFO] Epoch 47/50  iter 600/743  loss=0.3216  lr=3.83e-06
[02:03:25 INFO] Epoch 47/50  iter 650/743  loss=0.1371  lr=3.75e-06
[02:03:38 INFO] Epoch 47/50  iter 700/743  loss=0.0924  lr=3.67e-06
[02:03:49 INFO] Epoch 47 complete — avg_loss=0.1431  time=199s
[02:04:04 INFO] Epoch 48/50  iter 50/743  loss=0.1023  lr=3.52e-06
[02:04:17 INFO] Epoch 48/50  iter 100/743  loss=0.1039  lr=3.44e-06
[02:04:31 INFO] Epoch 48/50  iter 150/743  loss=0.1140  lr=3.36e-06
[02:04:44 INFO] Epoch 48/50  iter 200/743  loss=0.3120  lr=3.28e-06
[02:04:58 INFO] Epoch 48/50  iter 250/743  loss=0.0852  lr=3.19e-06
[02:05:11 INFO] Epoch 48/50  iter 300/743  loss=0.0984  lr=3.11e-06
[02:05:24 INFO] Epoch 48/50  iter 350/743  loss=0.1483  lr=3.03e-06
[02:05:38 INFO] Epoch 48/50  iter 400/743  loss=0.2336  lr=2.95e-06
[02:05:51 INFO] Epoch 48/50  iter 450/743  loss=0.0954  lr=2.87e-06
[02:06:05 INFO] Epoch 48/50  iter 500/743  loss=0.1334  lr=2.79e-06
[02:06:18 INFO] Epoch 48/50  iter 550/743  loss=0.1043  lr=2.71e-06
[02:06:31 INFO] Epoch 48/50  iter 600/743  loss=0.1780  lr=2.63e-06
[02:06:45 INFO] Epoch 48/50  iter 650/743  loss=0.1001  lr=2.55e-06
[02:06:58 INFO] Epoch 48/50  iter 700/743  loss=0.2035  lr=2.47e-06
[02:07:10 INFO] Epoch 48 complete — avg_loss=0.1426  time=200s
[02:07:24 INFO] Epoch 49/50  iter 50/743  loss=0.1038  lr=2.32e-06
[02:07:38 INFO] Epoch 49/50  iter 100/743  loss=0.1619  lr=2.24e-06
[02:07:51 INFO] Epoch 49/50  iter 150/743  loss=0.1472  lr=2.16e-06
[02:08:04 INFO] Epoch 49/50  iter 200/743  loss=0.1550  lr=2.08e-06
[02:08:18 INFO] Epoch 49/50  iter 250/743  loss=0.2352  lr=1.99e-06
[02:08:31 INFO] Epoch 49/50  iter 300/743  loss=0.1190  lr=1.91e-06
[02:08:44 INFO] Epoch 49/50  iter 350/743  loss=0.1550  lr=1.83e-06
[02:08:58 INFO] Epoch 49/50  iter 400/743  loss=0.1888  lr=1.75e-06
[02:09:11 INFO] Epoch 49/50  iter 450/743  loss=0.0719  lr=1.67e-06
[02:09:24 INFO] Epoch 49/50  iter 500/743  loss=0.0972  lr=1.59e-06
[02:09:38 INFO] Epoch 49/50  iter 550/743  loss=0.1682  lr=1.51e-06
[02:09:51 INFO] Epoch 49/50  iter 600/743  loss=0.0685  lr=1.43e-06
[02:10:04 INFO] Epoch 49/50  iter 650/743  loss=0.1122  lr=1.35e-06
[02:10:18 INFO] Epoch 49/50  iter 700/743  loss=0.1022  lr=1.27e-06
[02:10:29 INFO] Epoch 49 complete — avg_loss=0.1404  time=199s
[02:10:44 INFO] Epoch 50/50  iter 50/743  loss=0.1529  lr=1.12e-06
[02:10:57 INFO] Epoch 50/50  iter 100/743  loss=0.1700  lr=1.04e-06
[02:11:10 INFO] Epoch 50/50  iter 150/743  loss=0.0488  lr=9.56e-07
[02:11:24 INFO] Epoch 50/50  iter 200/743  loss=0.1716  lr=8.75e-07
[02:11:37 INFO] Epoch 50/50  iter 250/743  loss=0.1007  lr=7.95e-07
[02:11:51 INFO] Epoch 50/50  iter 300/743  loss=0.1230  lr=7.14e-07
[02:12:04 INFO] Epoch 50/50  iter 350/743  loss=0.1833  lr=6.33e-07
[02:12:17 INFO] Epoch 50/50  iter 400/743  loss=0.1118  lr=5.52e-07
[02:12:31 INFO] Epoch 50/50  iter 450/743  loss=0.0811  lr=4.72e-07
[02:12:44 INFO] Epoch 50/50  iter 500/743  loss=0.1389  lr=3.91e-07
[02:12:57 INFO] Epoch 50/50  iter 550/743  loss=0.1149  lr=3.10e-07
[02:13:11 INFO] Epoch 50/50  iter 600/743  loss=0.0754  lr=2.29e-07
[02:13:24 INFO] Epoch 50/50  iter 650/743  loss=0.1139  lr=1.49e-07
[02:13:37 INFO] Epoch 50/50  iter 700/743  loss=0.1476  lr=6.78e-08
[02:13:49 INFO] Epoch 50 complete — avg_loss=0.1459  time=199s
[02:15:53 INFO]   val mIoU = 0.7707
[02:15:53 INFO]   ★ New best val mIoU: 0.7707
[02:15:54 INFO] Training complete. Best val mIoU = 0.7707
