[12:38:40 INFO] Device: cuda
[12:38:42 INFO] fog_prob: 0.3
[12:38:44 INFO] Train: 2975 samples  |  Val: 500 samples
[12:39:11 INFO] Epoch 1/50  iter 50/743  loss=0.8879  lr=5.99e-05
[12:39:36 INFO] Epoch 1/50  iter 100/743  loss=1.5348  lr=5.98e-05
[12:40:01 INFO] Epoch 1/50  iter 150/743  loss=0.4878  lr=5.98e-05
[12:40:26 INFO] Epoch 1/50  iter 200/743  loss=0.5119  lr=5.97e-05
[12:40:51 INFO] Epoch 1/50  iter 250/743  loss=0.5902  lr=5.96e-05
[12:41:15 INFO] Epoch 1/50  iter 300/743  loss=0.4637  lr=5.95e-05
[12:41:40 INFO] Epoch 1/50  iter 350/743  loss=0.3544  lr=5.94e-05
[12:42:05 INFO] Epoch 1/50  iter 400/743  loss=0.5031  lr=5.94e-05
[12:42:30 INFO] Epoch 1/50  iter 450/743  loss=0.2631  lr=5.93e-05
[12:42:55 INFO] Epoch 1/50  iter 500/743  loss=0.5489  lr=5.92e-05
[12:43:20 INFO] Epoch 1/50  iter 550/743  loss=0.4270  lr=5.91e-05
[12:43:44 INFO] Epoch 1/50  iter 600/743  loss=0.4111  lr=5.90e-05
[12:44:09 INFO] Epoch 1/50  iter 650/743  loss=0.2182  lr=5.89e-05
[12:44:34 INFO] Epoch 1/50  iter 700/743  loss=0.6748  lr=5.89e-05
[12:44:56 INFO] Epoch 1 complete — avg_loss=0.6562  time=371s
[12:45:27 INFO] Epoch 2/50  iter 50/743  loss=0.3295  lr=5.87e-05
[12:45:58 INFO] Epoch 2/50  iter 100/743  loss=0.4503  lr=5.86e-05
[12:46:27 INFO] Epoch 2/50  iter 150/743  loss=0.2964  lr=5.86e-05
[12:46:58 INFO] Epoch 2/50  iter 200/743  loss=0.3614  lr=5.85e-05
[12:47:27 INFO] Epoch 2/50  iter 250/743  loss=0.4349  lr=5.84e-05
[12:47:58 INFO] Epoch 2/50  iter 300/743  loss=0.4115  lr=5.83e-05
[12:48:18 INFO] Epoch 2/50  iter 350/743  loss=0.3115  lr=5.82e-05
[12:48:37 INFO] Epoch 2/50  iter 400/743  loss=0.1209  lr=5.82e-05
[12:48:57 INFO] Epoch 2/50  iter 450/743  loss=0.3879  lr=5.81e-05
[12:49:19 INFO] Epoch 2/50  iter 500/743  loss=0.2325  lr=5.80e-05
[12:49:38 INFO] Epoch 2/50  iter 550/743  loss=0.7038  lr=5.79e-05
[12:49:57 INFO] Epoch 2/50  iter 600/743  loss=0.3145  lr=5.78e-05
[12:50:17 INFO] Epoch 2/50  iter 650/743  loss=0.2628  lr=5.77e-05
[12:50:37 INFO] Epoch 2/50  iter 700/743  loss=0.3921  lr=5.77e-05
[12:50:55 INFO] Epoch 2 complete — avg_loss=0.3721  time=358s
[12:51:17 INFO] Epoch 3/50  iter 50/743  loss=0.2553  lr=5.75e-05
[12:51:36 INFO] Epoch 3/50  iter 100/743  loss=0.4115  lr=5.74e-05
[12:51:56 INFO] Epoch 3/50  iter 150/743  loss=0.7450  lr=5.74e-05
[12:52:20 INFO] Epoch 3/50  iter 200/743  loss=0.1699  lr=5.73e-05
[12:52:39 INFO] Epoch 3/50  iter 250/743  loss=0.3281  lr=5.72e-05
[12:52:59 INFO] Epoch 3/50  iter 300/743  loss=0.3334  lr=5.71e-05
[12:53:17 INFO] Epoch 3/50  iter 350/743  loss=0.2820  lr=5.70e-05
[12:53:36 INFO] Epoch 3/50  iter 400/743  loss=0.3292  lr=5.70e-05
[12:53:51 INFO] Epoch 3/50  iter 450/743  loss=0.6396  lr=5.69e-05
[12:54:09 INFO] Epoch 3/50  iter 500/743  loss=0.2591  lr=5.68e-05
[12:54:28 INFO] Epoch 3/50  iter 550/743  loss=0.2644  lr=5.67e-05
[12:54:45 INFO] Epoch 3/50  iter 600/743  loss=0.1720  lr=5.66e-05
[12:55:03 INFO] Epoch 3/50  iter 650/743  loss=0.4271  lr=5.65e-05
[12:55:18 INFO] Epoch 3/50  iter 700/743  loss=0.4346  lr=5.65e-05
[12:55:33 INFO] Epoch 3 complete — avg_loss=0.3189  time=278s
[12:55:51 INFO] Epoch 4/50  iter 50/743  loss=0.2116  lr=5.63e-05
[12:56:06 INFO] Epoch 4/50  iter 100/743  loss=0.5405  lr=5.62e-05
[12:56:22 INFO] Epoch 4/50  iter 150/743  loss=0.7092  lr=5.62e-05
[12:56:41 INFO] Epoch 4/50  iter 200/743  loss=0.1921  lr=5.61e-05
[12:57:00 INFO] Epoch 4/50  iter 250/743  loss=0.3898  lr=5.60e-05
[12:57:16 INFO] Epoch 4/50  iter 300/743  loss=0.1712  lr=5.59e-05
[12:57:33 INFO] Epoch 4/50  iter 350/743  loss=0.2421  lr=5.58e-05
[12:57:55 INFO] Epoch 4/50  iter 400/743  loss=0.2561  lr=5.58e-05
[12:58:10 INFO] Epoch 4/50  iter 450/743  loss=0.3527  lr=5.57e-05
[12:58:28 INFO] Epoch 4/50  iter 500/743  loss=0.1831  lr=5.56e-05
[12:58:48 INFO] Epoch 4/50  iter 550/743  loss=0.2065  lr=5.55e-05
[12:59:04 INFO] Epoch 4/50  iter 600/743  loss=0.3033  lr=5.54e-05
[12:59:21 INFO] Epoch 4/50  iter 650/743  loss=0.1906  lr=5.53e-05
[12:59:41 INFO] Epoch 4/50  iter 700/743  loss=0.2251  lr=5.53e-05
[12:59:55 INFO] Epoch 4 complete — avg_loss=0.2821  time=261s
[13:00:14 INFO] Epoch 5/50  iter 50/743  loss=0.1774  lr=5.51e-05
[13:00:32 INFO] Epoch 5/50  iter 100/743  loss=0.3720  lr=5.50e-05
[13:00:48 INFO] Epoch 5/50  iter 150/743  loss=0.9323  lr=5.50e-05
[13:01:04 INFO] Epoch 5/50  iter 200/743  loss=0.1815  lr=5.49e-05
[13:01:22 INFO] Epoch 5/50  iter 250/743  loss=0.0956  lr=5.48e-05
[13:01:37 INFO] Epoch 5/50  iter 300/743  loss=0.2419  lr=5.47e-05
[13:01:57 INFO] Epoch 5/50  iter 350/743  loss=0.1638  lr=5.46e-05
[13:02:13 INFO] Epoch 5/50  iter 400/743  loss=0.3178  lr=5.46e-05
[13:02:28 INFO] Epoch 5/50  iter 450/743  loss=0.1538  lr=5.45e-05
[13:02:46 INFO] Epoch 5/50  iter 500/743  loss=0.3783  lr=5.44e-05
[13:03:07 INFO] Epoch 5/50  iter 550/743  loss=0.0777  lr=5.43e-05
[13:03:23 INFO] Epoch 5/50  iter 600/743  loss=0.2235  lr=5.42e-05
[13:03:40 INFO] Epoch 5/50  iter 650/743  loss=0.2460  lr=5.41e-05
[13:03:59 INFO] Epoch 5/50  iter 700/743  loss=0.3015  lr=5.41e-05
[13:04:15 INFO] Epoch 5 complete — avg_loss=0.2690  time=260s
[13:06:19 INFO]   val mIoU = 0.6089
[13:06:20 INFO]   ★ New best val mIoU: 0.6089
[13:06:39 INFO] Epoch 6/50  iter 50/743  loss=0.2847  lr=5.39e-05
[13:06:58 INFO] Epoch 6/50  iter 100/743  loss=0.1621  lr=5.38e-05
[13:07:16 INFO] Epoch 6/50  iter 150/743  loss=0.3902  lr=5.38e-05
[13:07:36 INFO] Epoch 6/50  iter 200/743  loss=0.1597  lr=5.37e-05
[13:07:54 INFO] Epoch 6/50  iter 250/743  loss=0.1599  lr=5.36e-05
[13:08:14 INFO] Epoch 6/50  iter 300/743  loss=0.2972  lr=5.35e-05
[13:08:33 INFO] Epoch 6/50  iter 350/743  loss=0.1287  lr=5.34e-05
[13:08:51 INFO] Epoch 6/50  iter 400/743  loss=0.2634  lr=5.34e-05
[13:09:08 INFO] Epoch 6/50  iter 450/743  loss=0.2351  lr=5.33e-05
[13:09:27 INFO] Epoch 6/50  iter 500/743  loss=1.3572  lr=5.32e-05
[13:09:44 INFO] Epoch 6/50  iter 550/743  loss=0.2045  lr=5.31e-05
[13:10:00 INFO] Epoch 6/50  iter 600/743  loss=0.3636  lr=5.30e-05
[13:10:20 INFO] Epoch 6/50  iter 650/743  loss=0.3130  lr=5.29e-05
[13:10:35 INFO] Epoch 6/50  iter 700/743  loss=0.3400  lr=5.29e-05
[13:10:48 INFO] Epoch 6 complete — avg_loss=0.2394  time=268s
[13:11:07 INFO] Epoch 7/50  iter 50/743  loss=0.2230  lr=5.27e-05
[13:11:21 INFO] Epoch 7/50  iter 100/743  loss=0.0753  lr=5.26e-05
[13:11:38 INFO] Epoch 7/50  iter 150/743  loss=0.2181  lr=5.26e-05
[13:11:56 INFO] Epoch 7/50  iter 200/743  loss=0.3705  lr=5.25e-05
[13:12:13 INFO] Epoch 7/50  iter 250/743  loss=0.2411  lr=5.24e-05
[13:12:30 INFO] Epoch 7/50  iter 300/743  loss=0.1816  lr=5.23e-05
[13:12:47 INFO] Epoch 7/50  iter 350/743  loss=0.2266  lr=5.22e-05
[13:13:07 INFO] Epoch 7/50  iter 400/743  loss=0.1048  lr=5.22e-05
[13:13:25 INFO] Epoch 7/50  iter 450/743  loss=0.3554  lr=5.21e-05
[13:13:44 INFO] Epoch 7/50  iter 500/743  loss=0.1351  lr=5.20e-05
[13:14:01 INFO] Epoch 7/50  iter 550/743  loss=0.1359  lr=5.19e-05
[13:14:19 INFO] Epoch 7/50  iter 600/743  loss=0.5949  lr=5.18e-05
[13:14:37 INFO] Epoch 7/50  iter 650/743  loss=0.1448  lr=5.17e-05
[13:14:53 INFO] Epoch 7/50  iter 700/743  loss=0.1629  lr=5.17e-05
[13:15:08 INFO] Epoch 7 complete — avg_loss=0.2263  time=259s
[13:15:29 INFO] Epoch 8/50  iter 50/743  loss=0.0687  lr=5.15e-05
[13:15:45 INFO] Epoch 8/50  iter 100/743  loss=0.1893  lr=5.14e-05
[13:16:05 INFO] Epoch 8/50  iter 150/743  loss=0.1975  lr=5.14e-05
[13:16:25 INFO] Epoch 8/50  iter 200/743  loss=0.0973  lr=5.13e-05
[13:16:40 INFO] Epoch 8/50  iter 250/743  loss=0.2221  lr=5.12e-05
[13:16:56 INFO] Epoch 8/50  iter 300/743  loss=0.2195  lr=5.11e-05
[13:17:14 INFO] Epoch 8/50  iter 350/743  loss=0.1295  lr=5.10e-05
[13:17:31 INFO] Epoch 8/50  iter 400/743  loss=0.3657  lr=5.10e-05
[13:17:47 INFO] Epoch 8/50  iter 450/743  loss=0.1533  lr=5.09e-05
[13:18:03 INFO] Epoch 8/50  iter 500/743  loss=0.1649  lr=5.08e-05
[13:18:19 INFO] Epoch 8/50  iter 550/743  loss=0.2597  lr=5.07e-05
[13:18:39 INFO] Epoch 8/50  iter 600/743  loss=0.1277  lr=5.06e-05
[13:18:55 INFO] Epoch 8/50  iter 650/743  loss=0.5085  lr=5.05e-05
[13:19:11 INFO] Epoch 8/50  iter 700/743  loss=0.2260  lr=5.05e-05
[13:19:28 INFO] Epoch 8 complete — avg_loss=0.2244  time=260s
[13:19:49 INFO] Epoch 9/50  iter 50/743  loss=0.1728  lr=5.03e-05
[13:20:05 INFO] Epoch 9/50  iter 100/743  loss=0.1319  lr=5.02e-05
[13:20:21 INFO] Epoch 9/50  iter 150/743  loss=0.2225  lr=5.02e-05
[13:20:38 INFO] Epoch 9/50  iter 200/743  loss=0.3478  lr=5.01e-05
[13:20:56 INFO] Epoch 9/50  iter 250/743  loss=0.1544  lr=5.00e-05
[13:21:12 INFO] Epoch 9/50  iter 300/743  loss=0.1153  lr=4.99e-05
[13:21:30 INFO] Epoch 9/50  iter 350/743  loss=0.2057  lr=4.98e-05
[13:21:46 INFO] Epoch 9/50  iter 400/743  loss=0.1727  lr=4.98e-05
[13:22:04 INFO] Epoch 9/50  iter 450/743  loss=0.1591  lr=4.97e-05
[13:22:21 INFO] Epoch 9/50  iter 500/743  loss=0.2489  lr=4.96e-05
[13:22:37 INFO] Epoch 9/50  iter 550/743  loss=0.2344  lr=4.95e-05
[13:22:52 INFO] Epoch 9/50  iter 600/743  loss=0.6435  lr=4.94e-05
[13:23:09 INFO] Epoch 9/50  iter 650/743  loss=0.1192  lr=4.93e-05
[13:23:28 INFO] Epoch 9/50  iter 700/743  loss=0.1173  lr=4.93e-05
[13:23:47 INFO] Epoch 9 complete — avg_loss=0.2252  time=258s
[13:24:04 INFO] Epoch 10/50  iter 50/743  loss=0.1330  lr=4.91e-05
[13:24:20 INFO] Epoch 10/50  iter 100/743  loss=0.4081  lr=4.90e-05
[13:24:39 INFO] Epoch 10/50  iter 150/743  loss=0.3030  lr=4.90e-05
[13:24:59 INFO] Epoch 10/50  iter 200/743  loss=0.0605  lr=4.89e-05
[13:25:16 INFO] Epoch 10/50  iter 250/743  loss=0.1484  lr=4.88e-05
[13:25:34 INFO] Epoch 10/50  iter 300/743  loss=0.0627  lr=4.87e-05
[13:25:50 INFO] Epoch 10/50  iter 350/743  loss=0.1874  lr=4.86e-05
[13:26:09 INFO] Epoch 10/50  iter 400/743  loss=0.8974  lr=4.86e-05
[13:26:24 INFO] Epoch 10/50  iter 450/743  loss=0.1293  lr=4.85e-05
[13:26:42 INFO] Epoch 10/50  iter 500/743  loss=0.3221  lr=4.84e-05
[13:26:57 INFO] Epoch 10/50  iter 550/743  loss=0.3188  lr=4.83e-05
[13:27:17 INFO] Epoch 10/50  iter 600/743  loss=0.2710  lr=4.82e-05
[13:27:38 INFO] Epoch 10/50  iter 650/743  loss=0.3307  lr=4.81e-05
[13:27:57 INFO] Epoch 10/50  iter 700/743  loss=0.1526  lr=4.81e-05
[13:28:12 INFO] Epoch 10 complete — avg_loss=0.2192  time=265s
[13:30:23 INFO]   val mIoU = 0.6878
[13:30:23 INFO]   ★ New best val mIoU: 0.6878
[13:30:45 INFO] Epoch 11/50  iter 50/743  loss=0.1360  lr=4.79e-05
[13:31:03 INFO] Epoch 11/50  iter 100/743  loss=0.0858  lr=4.78e-05
[13:31:20 INFO] Epoch 11/50  iter 150/743  loss=0.1142  lr=4.78e-05
[13:31:36 INFO] Epoch 11/50  iter 200/743  loss=0.1730  lr=4.77e-05
[13:31:55 INFO] Epoch 11/50  iter 250/743  loss=0.1447  lr=4.76e-05
[13:32:13 INFO] Epoch 11/50  iter 300/743  loss=0.1326  lr=4.75e-05
[13:32:29 INFO] Epoch 11/50  iter 350/743  loss=0.1609  lr=4.74e-05
[13:32:45 INFO] Epoch 11/50  iter 400/743  loss=0.0924  lr=4.74e-05
[13:33:00 INFO] Epoch 11/50  iter 450/743  loss=0.1872  lr=4.73e-05
[13:33:18 INFO] Epoch 11/50  iter 500/743  loss=0.2059  lr=4.72e-05
[13:33:37 INFO] Epoch 11/50  iter 550/743  loss=0.2094  lr=4.71e-05
[13:33:54 INFO] Epoch 11/50  iter 600/743  loss=0.0980  lr=4.70e-05
[13:34:13 INFO] Epoch 11/50  iter 650/743  loss=0.1632  lr=4.69e-05
[13:34:33 INFO] Epoch 11/50  iter 700/743  loss=0.7866  lr=4.69e-05
[13:34:47 INFO] Epoch 11 complete — avg_loss=0.2064  time=264s
[13:35:07 INFO] Epoch 12/50  iter 50/743  loss=0.1241  lr=4.67e-05
[13:35:23 INFO] Epoch 12/50  iter 100/743  loss=0.2242  lr=4.66e-05
[13:35:40 INFO] Epoch 12/50  iter 150/743  loss=0.2239  lr=4.66e-05
[13:35:58 INFO] Epoch 12/50  iter 200/743  loss=0.0928  lr=4.65e-05
[13:36:18 INFO] Epoch 12/50  iter 250/743  loss=0.2014  lr=4.64e-05
[13:36:36 INFO] Epoch 12/50  iter 300/743  loss=0.1601  lr=4.63e-05
[13:36:54 INFO] Epoch 12/50  iter 350/743  loss=1.1517  lr=4.62e-05
[13:37:11 INFO] Epoch 12/50  iter 400/743  loss=0.0876  lr=4.62e-05
[13:37:29 INFO] Epoch 12/50  iter 450/743  loss=0.1633  lr=4.61e-05
[13:37:47 INFO] Epoch 12/50  iter 500/743  loss=0.1963  lr=4.60e-05
[13:38:05 INFO] Epoch 12/50  iter 550/743  loss=0.0562  lr=4.59e-05
[13:38:24 INFO] Epoch 12/50  iter 600/743  loss=0.2547  lr=4.58e-05
[13:38:45 INFO] Epoch 12/50  iter 650/743  loss=0.1387  lr=4.57e-05
[13:39:01 INFO] Epoch 12/50  iter 700/743  loss=0.1142  lr=4.57e-05
[13:39:13 INFO] Epoch 12 complete — avg_loss=0.2056  time=265s
[13:39:34 INFO] Epoch 13/50  iter 50/743  loss=0.1552  lr=4.55e-05
[13:39:52 INFO] Epoch 13/50  iter 100/743  loss=0.5784  lr=4.54e-05
[13:40:07 INFO] Epoch 13/50  iter 150/743  loss=0.0667  lr=4.54e-05
[13:40:25 INFO] Epoch 13/50  iter 200/743  loss=0.1182  lr=4.53e-05
[13:40:43 INFO] Epoch 13/50  iter 250/743  loss=0.1800  lr=4.52e-05
[13:40:59 INFO] Epoch 13/50  iter 300/743  loss=0.0999  lr=4.51e-05
[13:41:18 INFO] Epoch 13/50  iter 350/743  loss=0.1328  lr=4.50e-05
[13:41:35 INFO] Epoch 13/50  iter 400/743  loss=0.2314  lr=4.50e-05
[13:41:50 INFO] Epoch 13/50  iter 450/743  loss=0.1942  lr=4.49e-05
[13:42:10 INFO] Epoch 13/50  iter 500/743  loss=0.1785  lr=4.48e-05
[13:42:26 INFO] Epoch 13/50  iter 550/743  loss=0.1224  lr=4.47e-05
[13:42:40 INFO] Epoch 13/50  iter 600/743  loss=0.0984  lr=4.46e-05
[13:42:58 INFO] Epoch 13/50  iter 650/743  loss=0.1343  lr=4.45e-05
[13:43:14 INFO] Epoch 13/50  iter 700/743  loss=0.4597  lr=4.45e-05
[13:43:31 INFO] Epoch 13 complete — avg_loss=0.1995  time=257s
[13:43:47 INFO] Epoch 14/50  iter 50/743  loss=0.3102  lr=4.43e-05
[13:44:07 INFO] Epoch 14/50  iter 100/743  loss=0.1030  lr=4.42e-05
[13:44:27 INFO] Epoch 14/50  iter 150/743  loss=0.2013  lr=4.42e-05
[13:44:42 INFO] Epoch 14/50  iter 200/743  loss=0.0962  lr=4.41e-05
[13:45:00 INFO] Epoch 14/50  iter 250/743  loss=0.1462  lr=4.40e-05
[13:45:15 INFO] Epoch 14/50  iter 300/743  loss=0.3130  lr=4.39e-05
[13:45:31 INFO] Epoch 14/50  iter 350/743  loss=0.1374  lr=4.38e-05
[13:45:48 INFO] Epoch 14/50  iter 400/743  loss=0.1383  lr=4.38e-05
[13:46:05 INFO] Epoch 14/50  iter 450/743  loss=0.1104  lr=4.37e-05
[13:46:20 INFO] Epoch 14/50  iter 500/743  loss=0.1621  lr=4.36e-05
[13:46:36 INFO] Epoch 14/50  iter 550/743  loss=0.1688  lr=4.35e-05
[13:46:52 INFO] Epoch 14/50  iter 600/743  loss=0.1068  lr=4.34e-05
[13:47:09 INFO] Epoch 14/50  iter 650/743  loss=0.3179  lr=4.33e-05
[13:47:27 INFO] Epoch 14/50  iter 700/743  loss=0.1343  lr=4.33e-05
[13:47:44 INFO] Epoch 14 complete — avg_loss=0.1862  time=252s
[13:48:02 INFO] Epoch 15/50  iter 50/743  loss=0.1531  lr=4.31e-05
[13:48:21 INFO] Epoch 15/50  iter 100/743  loss=0.0955  lr=4.30e-05
[13:48:37 INFO] Epoch 15/50  iter 150/743  loss=0.1199  lr=4.30e-05
[13:48:55 INFO] Epoch 15/50  iter 200/743  loss=0.1973  lr=4.29e-05
[13:49:14 INFO] Epoch 15/50  iter 250/743  loss=0.0979  lr=4.28e-05
[13:49:29 INFO] Epoch 15/50  iter 300/743  loss=0.0619  lr=4.27e-05
[13:49:46 INFO] Epoch 15/50  iter 350/743  loss=0.1621  lr=4.26e-05
[13:50:03 INFO] Epoch 15/50  iter 400/743  loss=0.1904  lr=4.26e-05
[13:50:21 INFO] Epoch 15/50  iter 450/743  loss=0.1096  lr=4.25e-05
[13:50:38 INFO] Epoch 15/50  iter 500/743  loss=0.1457  lr=4.24e-05
[13:50:56 INFO] Epoch 15/50  iter 550/743  loss=0.1400  lr=4.23e-05
[13:51:12 INFO] Epoch 15/50  iter 600/743  loss=0.1699  lr=4.22e-05
[13:51:29 INFO] Epoch 15/50  iter 650/743  loss=0.0971  lr=4.21e-05
[13:51:46 INFO] Epoch 15/50  iter 700/743  loss=0.2627  lr=4.21e-05
[13:52:00 INFO] Epoch 15 complete — avg_loss=0.1934  time=256s
[13:54:05 INFO]   val mIoU = 0.7079
[13:54:06 INFO]   ★ New best val mIoU: 0.7079
[13:54:24 INFO] Epoch 16/50  iter 50/743  loss=0.1266  lr=4.19e-05
[13:54:40 INFO] Epoch 16/50  iter 100/743  loss=0.1419  lr=4.18e-05
[13:54:57 INFO] Epoch 16/50  iter 150/743  loss=0.0750  lr=4.18e-05
[13:55:13 INFO] Epoch 16/50  iter 200/743  loss=0.2584  lr=4.17e-05
[13:55:33 INFO] Epoch 16/50  iter 250/743  loss=0.5366  lr=4.16e-05
[13:55:50 INFO] Epoch 16/50  iter 300/743  loss=0.0492  lr=4.15e-05
[13:56:08 INFO] Epoch 16/50  iter 350/743  loss=0.3517  lr=4.14e-05
[13:56:27 INFO] Epoch 16/50  iter 400/743  loss=0.0807  lr=4.14e-05
[13:56:42 INFO] Epoch 16/50  iter 450/743  loss=0.5911  lr=4.13e-05
[13:57:01 INFO] Epoch 16/50  iter 500/743  loss=0.1205  lr=4.12e-05
[13:57:18 INFO] Epoch 16/50  iter 550/743  loss=0.1970  lr=4.11e-05
[13:57:36 INFO] Epoch 16/50  iter 600/743  loss=0.0857  lr=4.10e-05
[13:57:54 INFO] Epoch 16/50  iter 650/743  loss=0.1592  lr=4.09e-05
[13:58:10 INFO] Epoch 16/50  iter 700/743  loss=0.0436  lr=4.09e-05
[13:58:26 INFO] Epoch 16 complete — avg_loss=0.1913  time=259s
[13:58:47 INFO] Epoch 17/50  iter 50/743  loss=0.0863  lr=4.07e-05
[13:59:05 INFO] Epoch 17/50  iter 100/743  loss=0.1560  lr=4.06e-05
[13:59:20 INFO] Epoch 17/50  iter 150/743  loss=0.1667  lr=4.06e-05
[13:59:36 INFO] Epoch 17/50  iter 200/743  loss=0.1273  lr=4.05e-05
[13:59:55 INFO] Epoch 17/50  iter 250/743  loss=0.1377  lr=4.04e-05
[14:00:16 INFO] Epoch 17/50  iter 300/743  loss=0.0880  lr=4.03e-05
[14:00:33 INFO] Epoch 17/50  iter 350/743  loss=0.1507  lr=4.02e-05
[14:00:52 INFO] Epoch 17/50  iter 400/743  loss=0.1157  lr=4.02e-05
[14:01:09 INFO] Epoch 17/50  iter 450/743  loss=0.1554  lr=4.01e-05
[14:01:24 INFO] Epoch 17/50  iter 500/743  loss=0.1375  lr=4.00e-05
[14:01:42 INFO] Epoch 17/50  iter 550/743  loss=0.2394  lr=3.99e-05
[14:02:02 INFO] Epoch 17/50  iter 600/743  loss=0.1475  lr=3.98e-05
[14:02:19 INFO] Epoch 17/50  iter 650/743  loss=0.1414  lr=3.97e-05
[14:02:34 INFO] Epoch 17/50  iter 700/743  loss=0.2223  lr=3.97e-05
[14:02:48 INFO] Epoch 17 complete — avg_loss=0.1832  time=262s
[14:03:07 INFO] Epoch 18/50  iter 50/743  loss=0.1362  lr=3.95e-05
[14:03:26 INFO] Epoch 18/50  iter 100/743  loss=0.1457  lr=3.94e-05
[14:03:41 INFO] Epoch 18/50  iter 150/743  loss=0.1543  lr=3.94e-05
[14:03:59 INFO] Epoch 18/50  iter 200/743  loss=0.0645  lr=3.93e-05
[14:04:15 INFO] Epoch 18/50  iter 250/743  loss=0.1947  lr=3.92e-05
[14:04:32 INFO] Epoch 18/50  iter 300/743  loss=0.1046  lr=3.91e-05
[14:04:49 INFO] Epoch 18/50  iter 350/743  loss=0.2973  lr=3.90e-05
[14:05:06 INFO] Epoch 18/50  iter 400/743  loss=0.1478  lr=3.90e-05
[14:05:23 INFO] Epoch 18/50  iter 450/743  loss=0.2888  lr=3.89e-05
[14:05:42 INFO] Epoch 18/50  iter 500/743  loss=0.1061  lr=3.88e-05
[14:05:59 INFO] Epoch 18/50  iter 550/743  loss=0.1403  lr=3.87e-05
[14:06:15 INFO] Epoch 18/50  iter 600/743  loss=0.0913  lr=3.86e-05
[14:06:31 INFO] Epoch 18/50  iter 650/743  loss=0.2658  lr=3.85e-05
[14:06:48 INFO] Epoch 18/50  iter 700/743  loss=0.1027  lr=3.85e-05
[14:07:02 INFO] Epoch 18 complete — avg_loss=0.1836  time=253s
[14:07:23 INFO] Epoch 19/50  iter 50/743  loss=0.2311  lr=3.83e-05
[14:07:40 INFO] Epoch 19/50  iter 100/743  loss=0.2419  lr=3.82e-05
[14:07:58 INFO] Epoch 19/50  iter 150/743  loss=0.2129  lr=3.82e-05
[14:08:14 INFO] Epoch 19/50  iter 200/743  loss=0.0883  lr=3.81e-05
[14:08:32 INFO] Epoch 19/50  iter 250/743  loss=0.2115  lr=3.80e-05
[14:08:50 INFO] Epoch 19/50  iter 300/743  loss=0.1603  lr=3.79e-05
[14:09:08 INFO] Epoch 19/50  iter 350/743  loss=0.1649  lr=3.78e-05
[14:09:27 INFO] Epoch 19/50  iter 400/743  loss=0.5022  lr=3.78e-05
[14:09:45 INFO] Epoch 19/50  iter 450/743  loss=0.0534  lr=3.77e-05
[14:10:01 INFO] Epoch 19/50  iter 500/743  loss=0.2106  lr=3.76e-05
[14:10:18 INFO] Epoch 19/50  iter 550/743  loss=0.1078  lr=3.75e-05
[14:10:36 INFO] Epoch 19/50  iter 600/743  loss=0.2112  lr=3.74e-05
[14:10:54 INFO] Epoch 19/50  iter 650/743  loss=0.1024  lr=3.73e-05
[14:11:12 INFO] Epoch 19/50  iter 700/743  loss=0.1712  lr=3.73e-05
[14:11:27 INFO] Epoch 19 complete — avg_loss=0.1793  time=264s
[14:11:49 INFO] Epoch 20/50  iter 50/743  loss=0.1675  lr=3.71e-05
[14:12:08 INFO] Epoch 20/50  iter 100/743  loss=0.1050  lr=3.70e-05
[14:12:24 INFO] Epoch 20/50  iter 150/743  loss=0.0360  lr=3.70e-05
[14:12:43 INFO] Epoch 20/50  iter 200/743  loss=0.0643  lr=3.69e-05
[14:12:58 INFO] Epoch 20/50  iter 250/743  loss=0.1426  lr=3.68e-05
[14:13:15 INFO] Epoch 20/50  iter 300/743  loss=0.0875  lr=3.67e-05
[14:13:34 INFO] Epoch 20/50  iter 350/743  loss=0.2756  lr=3.66e-05
[14:13:53 INFO] Epoch 20/50  iter 400/743  loss=0.0816  lr=3.66e-05
[14:14:11 INFO] Epoch 20/50  iter 450/743  loss=0.1218  lr=3.65e-05
[14:14:28 INFO] Epoch 20/50  iter 500/743  loss=0.0993  lr=3.64e-05
[14:14:47 INFO] Epoch 20/50  iter 550/743  loss=0.1763  lr=3.63e-05
[14:15:02 INFO] Epoch 20/50  iter 600/743  loss=0.0726  lr=3.62e-05
[14:15:20 INFO] Epoch 20/50  iter 650/743  loss=0.1906  lr=3.61e-05
[14:15:37 INFO] Epoch 20/50  iter 700/743  loss=0.1746  lr=3.61e-05
[14:15:51 INFO] Epoch 20 complete — avg_loss=0.1688  time=264s
[14:17:59 INFO]   val mIoU = 0.7394
[14:17:59 INFO]   ★ New best val mIoU: 0.7394
[14:18:18 INFO] Epoch 21/50  iter 50/743  loss=0.0997  lr=3.59e-05
[14:18:36 INFO] Epoch 21/50  iter 100/743  loss=0.3571  lr=3.58e-05
[14:18:54 INFO] Epoch 21/50  iter 150/743  loss=0.1728  lr=3.58e-05
[14:19:14 INFO] Epoch 21/50  iter 200/743  loss=0.0652  lr=3.57e-05
[14:19:32 INFO] Epoch 21/50  iter 250/743  loss=0.1487  lr=3.56e-05
[14:19:52 INFO] Epoch 21/50  iter 300/743  loss=0.1404  lr=3.55e-05
[14:20:10 INFO] Epoch 21/50  iter 350/743  loss=0.1686  lr=3.54e-05
[14:20:28 INFO] Epoch 21/50  iter 400/743  loss=0.1576  lr=3.54e-05
[14:20:44 INFO] Epoch 21/50  iter 450/743  loss=0.2415  lr=3.53e-05
[14:21:00 INFO] Epoch 21/50  iter 500/743  loss=0.1417  lr=3.52e-05
[14:21:19 INFO] Epoch 21/50  iter 550/743  loss=0.1278  lr=3.51e-05
[14:21:37 INFO] Epoch 21/50  iter 600/743  loss=0.1387  lr=3.50e-05
[14:21:54 INFO] Epoch 21/50  iter 650/743  loss=0.1927  lr=3.49e-05
[14:22:10 INFO] Epoch 21/50  iter 700/743  loss=0.1440  lr=3.49e-05
[14:22:25 INFO] Epoch 21 complete — avg_loss=0.1700  time=265s
[14:22:44 INFO] Epoch 22/50  iter 50/743  loss=0.1315  lr=3.47e-05
[14:23:00 INFO] Epoch 22/50  iter 100/743  loss=0.3190  lr=3.46e-05
[14:23:16 INFO] Epoch 22/50  iter 150/743  loss=0.2350  lr=3.46e-05
[14:23:34 INFO] Epoch 22/50  iter 200/743  loss=0.1131  lr=3.45e-05
[14:23:52 INFO] Epoch 22/50  iter 250/743  loss=0.0821  lr=3.44e-05
[14:24:12 INFO] Epoch 22/50  iter 300/743  loss=0.1290  lr=3.43e-05
[14:24:30 INFO] Epoch 22/50  iter 350/743  loss=0.1351  lr=3.42e-05
[14:24:46 INFO] Epoch 22/50  iter 400/743  loss=0.1838  lr=3.42e-05
[14:25:03 INFO] Epoch 22/50  iter 450/743  loss=0.1547  lr=3.41e-05
[14:25:19 INFO] Epoch 22/50  iter 500/743  loss=0.1645  lr=3.40e-05
[14:25:38 INFO] Epoch 22/50  iter 550/743  loss=0.2227  lr=3.39e-05
[14:25:56 INFO] Epoch 22/50  iter 600/743  loss=0.0902  lr=3.38e-05
[14:26:12 INFO] Epoch 22/50  iter 650/743  loss=0.2237  lr=3.37e-05
[14:26:30 INFO] Epoch 22/50  iter 700/743  loss=0.1823  lr=3.37e-05
[14:26:44 INFO] Epoch 22 complete — avg_loss=0.1716  time=259s
[14:27:03 INFO] Epoch 23/50  iter 50/743  loss=0.0623  lr=3.35e-05
[14:27:20 INFO] Epoch 23/50  iter 100/743  loss=0.2777  lr=3.34e-05
[14:27:37 INFO] Epoch 23/50  iter 150/743  loss=0.1061  lr=3.34e-05
[14:27:53 INFO] Epoch 23/50  iter 200/743  loss=0.0857  lr=3.33e-05
[14:28:09 INFO] Epoch 23/50  iter 250/743  loss=0.1631  lr=3.32e-05
[14:28:26 INFO] Epoch 23/50  iter 300/743  loss=0.3108  lr=3.31e-05
[14:28:45 INFO] Epoch 23/50  iter 350/743  loss=0.2421  lr=3.30e-05
[14:29:00 INFO] Epoch 23/50  iter 400/743  loss=0.1149  lr=3.30e-05
[14:29:19 INFO] Epoch 23/50  iter 450/743  loss=0.1079  lr=3.29e-05
[14:29:36 INFO] Epoch 23/50  iter 500/743  loss=0.1740  lr=3.28e-05
[14:29:51 INFO] Epoch 23/50  iter 550/743  loss=0.2993  lr=3.27e-05
[14:30:05 INFO] Epoch 23/50  iter 600/743  loss=0.1467  lr=3.26e-05
[14:30:21 INFO] Epoch 23/50  iter 650/743  loss=0.0935  lr=3.25e-05
[14:30:37 INFO] Epoch 23/50  iter 700/743  loss=0.1085  lr=3.25e-05
[14:30:50 INFO] Epoch 23 complete — avg_loss=0.1644  time=246s
[14:31:09 INFO] Epoch 24/50  iter 50/743  loss=0.1258  lr=3.23e-05
[14:31:27 INFO] Epoch 24/50  iter 100/743  loss=0.2718  lr=3.22e-05
[14:31:44 INFO] Epoch 24/50  iter 150/743  loss=0.1799  lr=3.22e-05
[14:32:02 INFO] Epoch 24/50  iter 200/743  loss=0.0895  lr=3.21e-05
[14:32:21 INFO] Epoch 24/50  iter 250/743  loss=0.1010  lr=3.20e-05
[14:32:38 INFO] Epoch 24/50  iter 300/743  loss=0.1187  lr=3.19e-05
[14:32:53 INFO] Epoch 24/50  iter 350/743  loss=0.0995  lr=3.18e-05
[14:33:09 INFO] Epoch 24/50  iter 400/743  loss=0.1890  lr=3.18e-05
[14:33:27 INFO] Epoch 24/50  iter 450/743  loss=0.2012  lr=3.17e-05
[14:33:41 INFO] Epoch 24/50  iter 500/743  loss=0.0817  lr=3.16e-05
[14:33:59 INFO] Epoch 24/50  iter 550/743  loss=0.1592  lr=3.15e-05
[14:34:15 INFO] Epoch 24/50  iter 600/743  loss=0.1363  lr=3.14e-05
[14:34:30 INFO] Epoch 24/50  iter 650/743  loss=0.1079  lr=3.13e-05
[14:34:48 INFO] Epoch 24/50  iter 700/743  loss=0.1209  lr=3.13e-05
[14:35:02 INFO] Epoch 24 complete — avg_loss=0.1670  time=250s
[14:35:21 INFO] Epoch 25/50  iter 50/743  loss=0.1294  lr=3.11e-05
[14:35:38 INFO] Epoch 25/50  iter 100/743  loss=0.2531  lr=3.10e-05
[14:35:52 INFO] Epoch 25/50  iter 150/743  loss=0.1669  lr=3.10e-05
[14:36:08 INFO] Epoch 25/50  iter 200/743  loss=0.2211  lr=3.09e-05
[14:36:27 INFO] Epoch 25/50  iter 250/743  loss=0.1162  lr=3.08e-05
[14:36:41 INFO] Epoch 25/50  iter 300/743  loss=0.1250  lr=3.07e-05
[14:36:57 INFO] Epoch 25/50  iter 350/743  loss=0.1184  lr=3.06e-05
[14:37:15 INFO] Epoch 25/50  iter 400/743  loss=0.0578  lr=3.06e-05
[14:37:30 INFO] Epoch 25/50  iter 450/743  loss=0.3093  lr=3.05e-05
[14:37:47 INFO] Epoch 25/50  iter 500/743  loss=0.1167  lr=3.04e-05
[14:38:03 INFO] Epoch 25/50  iter 550/743  loss=0.1102  lr=3.03e-05
[14:38:21 INFO] Epoch 25/50  iter 600/743  loss=0.1613  lr=3.02e-05
[14:38:36 INFO] Epoch 25/50  iter 650/743  loss=0.0848  lr=3.01e-05
[14:38:50 INFO] Epoch 25/50  iter 700/743  loss=0.1507  lr=3.01e-05
[14:39:05 INFO] Epoch 25 complete — avg_loss=0.1569  time=243s
[14:41:08 INFO]   val mIoU = 0.7339
[14:41:25 INFO] Epoch 26/50  iter 50/743  loss=0.2314  lr=2.99e-05
[14:41:40 INFO] Epoch 26/50  iter 100/743  loss=0.1227  lr=2.98e-05
[14:41:58 INFO] Epoch 26/50  iter 150/743  loss=0.1556  lr=2.98e-05
[14:42:14 INFO] Epoch 26/50  iter 200/743  loss=0.1517  lr=2.97e-05
[14:42:31 INFO] Epoch 26/50  iter 250/743  loss=0.1936  lr=2.96e-05
[14:42:48 INFO] Epoch 26/50  iter 300/743  loss=0.1951  lr=2.95e-05
[14:43:05 INFO] Epoch 26/50  iter 350/743  loss=0.1173  lr=2.94e-05
[14:43:22 INFO] Epoch 26/50  iter 400/743  loss=0.2373  lr=2.94e-05
[14:43:39 INFO] Epoch 26/50  iter 450/743  loss=0.0314  lr=2.93e-05
[14:43:55 INFO] Epoch 26/50  iter 500/743  loss=0.1490  lr=2.92e-05
[14:44:13 INFO] Epoch 26/50  iter 550/743  loss=0.1744  lr=2.91e-05
[14:44:29 INFO] Epoch 26/50  iter 600/743  loss=0.2191  lr=2.90e-05
[14:44:49 INFO] Epoch 26/50  iter 650/743  loss=0.1471  lr=2.89e-05
[14:45:04 INFO] Epoch 26/50  iter 700/743  loss=0.1619  lr=2.89e-05
[14:45:19 INFO] Epoch 26 complete — avg_loss=0.1608  time=250s
[14:45:39 INFO] Epoch 27/50  iter 50/743  loss=0.1305  lr=2.87e-05
[14:45:59 INFO] Epoch 27/50  iter 100/743  loss=0.1235  lr=2.86e-05
[14:46:15 INFO] Epoch 27/50  iter 150/743  loss=0.1284  lr=2.86e-05
[14:46:31 INFO] Epoch 27/50  iter 200/743  loss=0.1768  lr=2.85e-05
[14:46:47 INFO] Epoch 27/50  iter 250/743  loss=0.2090  lr=2.84e-05
[14:47:03 INFO] Epoch 27/50  iter 300/743  loss=0.2024  lr=2.83e-05
[14:47:19 INFO] Epoch 27/50  iter 350/743  loss=0.1417  lr=2.82e-05
[14:47:38 INFO] Epoch 27/50  iter 400/743  loss=0.1272  lr=2.82e-05
[14:47:53 INFO] Epoch 27/50  iter 450/743  loss=0.0806  lr=2.81e-05
[14:48:10 INFO] Epoch 27/50  iter 500/743  loss=0.1623  lr=2.80e-05
[14:48:28 INFO] Epoch 27/50  iter 550/743  loss=0.1481  lr=2.79e-05
[14:48:46 INFO] Epoch 27/50  iter 600/743  loss=0.1476  lr=2.78e-05
[14:49:05 INFO] Epoch 27/50  iter 650/743  loss=0.1505  lr=2.77e-05
[14:49:25 INFO] Epoch 27/50  iter 700/743  loss=0.1361  lr=2.77e-05
[14:49:40 INFO] Epoch 27 complete — avg_loss=0.1602  time=260s
[14:50:01 INFO] Epoch 28/50  iter 50/743  loss=0.1061  lr=2.75e-05
[14:50:20 INFO] Epoch 28/50  iter 100/743  loss=0.1306  lr=2.74e-05
[14:50:40 INFO] Epoch 28/50  iter 150/743  loss=0.1006  lr=2.74e-05
[14:50:57 INFO] Epoch 28/50  iter 200/743  loss=0.0945  lr=2.73e-05
[14:51:14 INFO] Epoch 28/50  iter 250/743  loss=0.1432  lr=2.72e-05
[14:51:31 INFO] Epoch 28/50  iter 300/743  loss=0.2334  lr=2.71e-05
[14:51:50 INFO] Epoch 28/50  iter 350/743  loss=0.1429  lr=2.70e-05
[14:52:05 INFO] Epoch 28/50  iter 400/743  loss=0.1065  lr=2.70e-05
[14:52:24 INFO] Epoch 28/50  iter 450/743  loss=0.2626  lr=2.69e-05
[14:52:43 INFO] Epoch 28/50  iter 500/743  loss=0.0984  lr=2.68e-05
[14:53:03 INFO] Epoch 28/50  iter 550/743  loss=0.3557  lr=2.67e-05
[14:53:19 INFO] Epoch 28/50  iter 600/743  loss=0.2189  lr=2.66e-05
[14:53:37 INFO] Epoch 28/50  iter 650/743  loss=0.0680  lr=2.65e-05
[14:53:59 INFO] Epoch 28/50  iter 700/743  loss=0.1821  lr=2.65e-05
[14:54:17 INFO] Epoch 28 complete — avg_loss=0.1556  time=276s
[14:54:35 INFO] Epoch 29/50  iter 50/743  loss=0.1000  lr=2.63e-05
[14:54:55 INFO] Epoch 29/50  iter 100/743  loss=0.2539  lr=2.62e-05
[14:55:15 INFO] Epoch 29/50  iter 150/743  loss=0.0929  lr=2.62e-05
[14:55:30 INFO] Epoch 29/50  iter 200/743  loss=0.1813  lr=2.61e-05
[14:55:51 INFO] Epoch 29/50  iter 250/743  loss=0.0840  lr=2.60e-05
[14:56:10 INFO] Epoch 29/50  iter 300/743  loss=0.0905  lr=2.59e-05
[14:56:26 INFO] Epoch 29/50  iter 350/743  loss=0.1400  lr=2.58e-05
[14:56:42 INFO] Epoch 29/50  iter 400/743  loss=0.1112  lr=2.58e-05
[14:57:03 INFO] Epoch 29/50  iter 450/743  loss=0.1606  lr=2.57e-05
[14:57:18 INFO] Epoch 29/50  iter 500/743  loss=0.0999  lr=2.56e-05
[14:57:34 INFO] Epoch 29/50  iter 550/743  loss=0.1255  lr=2.55e-05
[14:57:50 INFO] Epoch 29/50  iter 600/743  loss=0.0620  lr=2.54e-05
[14:58:07 INFO] Epoch 29/50  iter 650/743  loss=0.0391  lr=2.53e-05
[14:58:21 INFO] Epoch 29/50  iter 700/743  loss=0.0731  lr=2.53e-05
[14:58:36 INFO] Epoch 29 complete — avg_loss=0.1517  time=259s
[14:58:55 INFO] Epoch 30/50  iter 50/743  loss=0.0983  lr=2.51e-05
[14:59:12 INFO] Epoch 30/50  iter 100/743  loss=0.1115  lr=2.50e-05
[14:59:29 INFO] Epoch 30/50  iter 150/743  loss=0.1236  lr=2.50e-05
[14:59:49 INFO] Epoch 30/50  iter 200/743  loss=0.1476  lr=2.49e-05
[15:00:04 INFO] Epoch 30/50  iter 250/743  loss=0.0989  lr=2.48e-05
[15:00:19 INFO] Epoch 30/50  iter 300/743  loss=0.1082  lr=2.47e-05
[15:00:36 INFO] Epoch 30/50  iter 350/743  loss=0.0586  lr=2.46e-05
[15:00:57 INFO] Epoch 30/50  iter 400/743  loss=0.1633  lr=2.46e-05
[15:01:14 INFO] Epoch 30/50  iter 450/743  loss=0.1396  lr=2.45e-05
[15:01:31 INFO] Epoch 30/50  iter 500/743  loss=0.1233  lr=2.44e-05
[15:01:47 INFO] Epoch 30/50  iter 550/743  loss=0.1838  lr=2.43e-05
[15:02:06 INFO] Epoch 30/50  iter 600/743  loss=0.1638  lr=2.42e-05
[15:02:24 INFO] Epoch 30/50  iter 650/743  loss=0.2151  lr=2.41e-05
[15:02:40 INFO] Epoch 30/50  iter 700/743  loss=0.0886  lr=2.41e-05
[15:02:54 INFO] Epoch 30 complete — avg_loss=0.1518  time=257s
[15:04:59 INFO]   val mIoU = 0.7513
[15:04:59 INFO]   ★ New best val mIoU: 0.7513
[15:05:18 INFO] Epoch 31/50  iter 50/743  loss=0.2096  lr=2.39e-05
[15:05:36 INFO] Epoch 31/50  iter 100/743  loss=0.1764  lr=2.38e-05
[15:05:51 INFO] Epoch 31/50  iter 150/743  loss=0.2559  lr=2.38e-05
[15:06:09 INFO] Epoch 31/50  iter 200/743  loss=0.0498  lr=2.37e-05
[15:06:24 INFO] Epoch 31/50  iter 250/743  loss=0.0998  lr=2.36e-05
[15:06:43 INFO] Epoch 31/50  iter 300/743  loss=0.2335  lr=2.35e-05
[15:06:59 INFO] Epoch 31/50  iter 350/743  loss=0.1439  lr=2.34e-05
[15:07:15 INFO] Epoch 31/50  iter 400/743  loss=0.1316  lr=2.34e-05
[15:07:32 INFO] Epoch 31/50  iter 450/743  loss=0.0930  lr=2.33e-05
[15:07:48 INFO] Epoch 31/50  iter 500/743  loss=0.1396  lr=2.32e-05
[15:08:03 INFO] Epoch 31/50  iter 550/743  loss=0.1676  lr=2.31e-05
[15:08:19 INFO] Epoch 31/50  iter 600/743  loss=0.0995  lr=2.30e-05
[15:08:34 INFO] Epoch 31/50  iter 650/743  loss=0.1148  lr=2.29e-05
[15:08:52 INFO] Epoch 31/50  iter 700/743  loss=0.1709  lr=2.29e-05
[15:09:08 INFO] Epoch 31 complete — avg_loss=0.1420  time=248s
[15:09:26 INFO] Epoch 32/50  iter 50/743  loss=0.1294  lr=2.27e-05
[15:09:43 INFO] Epoch 32/50  iter 100/743  loss=0.1960  lr=2.26e-05
[15:10:03 INFO] Epoch 32/50  iter 150/743  loss=0.0397  lr=2.26e-05
[15:10:21 INFO] Epoch 32/50  iter 200/743  loss=0.1493  lr=2.25e-05
[15:10:39 INFO] Epoch 32/50  iter 250/743  loss=0.1649  lr=2.24e-05
[15:10:58 INFO] Epoch 32/50  iter 300/743  loss=0.1154  lr=2.23e-05
[15:11:16 INFO] Epoch 32/50  iter 350/743  loss=0.2456  lr=2.22e-05
[15:11:34 INFO] Epoch 32/50  iter 400/743  loss=0.1027  lr=2.22e-05
[15:11:51 INFO] Epoch 32/50  iter 450/743  loss=0.0771  lr=2.21e-05
[15:12:08 INFO] Epoch 32/50  iter 500/743  loss=0.1560  lr=2.20e-05
[15:12:24 INFO] Epoch 32/50  iter 550/743  loss=0.1048  lr=2.19e-05
[15:12:39 INFO] Epoch 32/50  iter 600/743  loss=0.1649  lr=2.18e-05
[15:12:55 INFO] Epoch 32/50  iter 650/743  loss=0.0915  lr=2.17e-05
[15:13:13 INFO] Epoch 32/50  iter 700/743  loss=0.1597  lr=2.17e-05
[15:13:27 INFO] Epoch 32 complete — avg_loss=0.1426  time=259s
[15:13:47 INFO] Epoch 33/50  iter 50/743  loss=0.2358  lr=2.15e-05
[15:14:05 INFO] Epoch 33/50  iter 100/743  loss=0.2090  lr=2.14e-05
[15:14:23 INFO] Epoch 33/50  iter 150/743  loss=0.1860  lr=2.14e-05
[15:14:41 INFO] Epoch 33/50  iter 200/743  loss=0.0597  lr=2.13e-05
[15:15:01 INFO] Epoch 33/50  iter 250/743  loss=0.1203  lr=2.12e-05
[15:15:16 INFO] Epoch 33/50  iter 300/743  loss=0.0882  lr=2.11e-05
[15:15:33 INFO] Epoch 33/50  iter 350/743  loss=1.2012  lr=2.10e-05
[15:15:49 INFO] Epoch 33/50  iter 400/743  loss=0.2252  lr=2.10e-05
[15:16:05 INFO] Epoch 33/50  iter 450/743  loss=0.0916  lr=2.09e-05
[15:16:20 INFO] Epoch 33/50  iter 500/743  loss=0.0278  lr=2.08e-05
[15:16:35 INFO] Epoch 33/50  iter 550/743  loss=0.0984  lr=2.07e-05
[15:16:51 INFO] Epoch 33/50  iter 600/743  loss=0.0844  lr=2.06e-05
[15:17:10 INFO] Epoch 33/50  iter 650/743  loss=0.1362  lr=2.05e-05
[15:17:26 INFO] Epoch 33/50  iter 700/743  loss=0.1139  lr=2.05e-05
[15:17:42 INFO] Epoch 33 complete — avg_loss=0.1446  time=254s
[15:18:01 INFO] Epoch 34/50  iter 50/743  loss=0.1208  lr=2.03e-05
[15:18:20 INFO] Epoch 34/50  iter 100/743  loss=0.1380  lr=2.02e-05
[15:18:36 INFO] Epoch 34/50  iter 150/743  loss=0.2006  lr=2.02e-05
[15:18:52 INFO] Epoch 34/50  iter 200/743  loss=0.1106  lr=2.01e-05
[15:19:10 INFO] Epoch 34/50  iter 250/743  loss=0.1036  lr=2.00e-05
[15:19:27 INFO] Epoch 34/50  iter 300/743  loss=0.1545  lr=1.99e-05
[15:19:44 INFO] Epoch 34/50  iter 350/743  loss=0.1837  lr=1.98e-05
[15:20:03 INFO] Epoch 34/50  iter 400/743  loss=0.1733  lr=1.98e-05
[15:20:21 INFO] Epoch 34/50  iter 450/743  loss=0.2273  lr=1.97e-05
[15:20:40 INFO] Epoch 34/50  iter 500/743  loss=0.0648  lr=1.96e-05
[15:20:57 INFO] Epoch 34/50  iter 550/743  loss=0.1116  lr=1.95e-05
[15:21:13 INFO] Epoch 34/50  iter 600/743  loss=0.9422  lr=1.94e-05
[15:21:29 INFO] Epoch 34/50  iter 650/743  loss=0.1374  lr=1.93e-05
[15:21:49 INFO] Epoch 34/50  iter 700/743  loss=0.0705  lr=1.93e-05
[15:22:02 INFO] Epoch 34 complete — avg_loss=0.1490  time=259s
[15:22:21 INFO] Epoch 35/50  iter 50/743  loss=0.2028  lr=1.91e-05
[15:22:39 INFO] Epoch 35/50  iter 100/743  loss=0.1943  lr=1.90e-05
[15:22:57 INFO] Epoch 35/50  iter 150/743  loss=0.1754  lr=1.90e-05
[15:23:13 INFO] Epoch 35/50  iter 200/743  loss=0.1871  lr=1.89e-05
[15:23:30 INFO] Epoch 35/50  iter 250/743  loss=0.2392  lr=1.88e-05
[15:23:46 INFO] Epoch 35/50  iter 300/743  loss=0.1901  lr=1.87e-05
[15:24:03 INFO] Epoch 35/50  iter 350/743  loss=0.0361  lr=1.86e-05
[15:24:18 INFO] Epoch 35/50  iter 400/743  loss=0.1213  lr=1.86e-05
[15:24:35 INFO] Epoch 35/50  iter 450/743  loss=0.1328  lr=1.85e-05
[15:24:50 INFO] Epoch 35/50  iter 500/743  loss=0.0968  lr=1.84e-05
[15:25:05 INFO] Epoch 35/50  iter 550/743  loss=0.2444  lr=1.83e-05
[15:25:24 INFO] Epoch 35/50  iter 600/743  loss=0.1164  lr=1.82e-05
[15:25:42 INFO] Epoch 35/50  iter 650/743  loss=0.0864  lr=1.81e-05
[15:25:59 INFO] Epoch 35/50  iter 700/743  loss=0.0541  lr=1.81e-05
[15:26:14 INFO] Epoch 35 complete — avg_loss=0.1417  time=251s
[15:28:18 INFO]   val mIoU = 0.7539
[15:28:18 INFO]   ★ New best val mIoU: 0.7539
[15:28:36 INFO] Epoch 36/50  iter 50/743  loss=0.0674  lr=1.79e-05
[15:28:52 INFO] Epoch 36/50  iter 100/743  loss=0.1510  lr=1.78e-05
[15:29:10 INFO] Epoch 36/50  iter 150/743  loss=0.1642  lr=1.78e-05
[15:29:29 INFO] Epoch 36/50  iter 200/743  loss=0.0947  lr=1.77e-05
[15:29:43 INFO] Epoch 36/50  iter 250/743  loss=0.0608  lr=1.76e-05
[15:29:59 INFO] Epoch 36/50  iter 300/743  loss=0.1462  lr=1.75e-05
[15:30:13 INFO] Epoch 36/50  iter 350/743  loss=0.0211  lr=1.74e-05
[15:30:29 INFO] Epoch 36/50  iter 400/743  loss=0.0766  lr=1.74e-05
[15:30:47 INFO] Epoch 36/50  iter 450/743  loss=0.1781  lr=1.73e-05
[15:31:03 INFO] Epoch 36/50  iter 500/743  loss=0.1613  lr=1.72e-05
[15:31:21 INFO] Epoch 36/50  iter 550/743  loss=0.0490  lr=1.71e-05
[15:31:37 INFO] Epoch 36/50  iter 600/743  loss=0.0968  lr=1.70e-05
[15:31:54 INFO] Epoch 36/50  iter 650/743  loss=0.0640  lr=1.69e-05
[15:32:12 INFO] Epoch 36/50  iter 700/743  loss=0.1669  lr=1.69e-05
[15:32:27 INFO] Epoch 36 complete — avg_loss=0.1416  time=248s
[15:32:45 INFO] Epoch 37/50  iter 50/743  loss=0.0773  lr=1.67e-05
[15:33:00 INFO] Epoch 37/50  iter 100/743  loss=0.0954  lr=1.66e-05
[15:33:15 INFO] Epoch 37/50  iter 150/743  loss=0.1458  lr=1.66e-05
[15:33:35 INFO] Epoch 37/50  iter 200/743  loss=0.2097  lr=1.65e-05
[15:33:52 INFO] Epoch 37/50  iter 250/743  loss=0.0746  lr=1.64e-05
[15:34:07 INFO] Epoch 37/50  iter 300/743  loss=0.0824  lr=1.63e-05
[15:34:25 INFO] Epoch 37/50  iter 350/743  loss=0.1180  lr=1.62e-05
[15:34:42 INFO] Epoch 37/50  iter 400/743  loss=0.1516  lr=1.62e-05
[15:34:59 INFO] Epoch 37/50  iter 450/743  loss=0.1157  lr=1.61e-05
[15:35:14 INFO] Epoch 37/50  iter 500/743  loss=0.1650  lr=1.60e-05
[15:35:31 INFO] Epoch 37/50  iter 550/743  loss=0.0687  lr=1.59e-05
[15:35:48 INFO] Epoch 37/50  iter 600/743  loss=0.1125  lr=1.58e-05
[15:36:04 INFO] Epoch 37/50  iter 650/743  loss=0.1444  lr=1.57e-05
[15:36:20 INFO] Epoch 37/50  iter 700/743  loss=0.1617  lr=1.57e-05
[15:36:34 INFO] Epoch 37 complete — avg_loss=0.1392  time=246s
[15:36:52 INFO] Epoch 38/50  iter 50/743  loss=0.1023  lr=1.55e-05
[15:37:07 INFO] Epoch 38/50  iter 100/743  loss=0.0977  lr=1.54e-05
[15:37:22 INFO] Epoch 38/50  iter 150/743  loss=0.1356  lr=1.54e-05
[15:37:38 INFO] Epoch 38/50  iter 200/743  loss=0.1072  lr=1.53e-05
[15:37:54 INFO] Epoch 38/50  iter 250/743  loss=0.1464  lr=1.52e-05
[15:38:08 INFO] Epoch 38/50  iter 300/743  loss=0.1248  lr=1.51e-05
[15:38:25 INFO] Epoch 38/50  iter 350/743  loss=0.1490  lr=1.50e-05
[15:38:43 INFO] Epoch 38/50  iter 400/743  loss=0.0785  lr=1.50e-05
[15:38:59 INFO] Epoch 38/50  iter 450/743  loss=0.2460  lr=1.49e-05
[15:39:18 INFO] Epoch 38/50  iter 500/743  loss=0.0781  lr=1.48e-05
[15:39:37 INFO] Epoch 38/50  iter 550/743  loss=0.1841  lr=1.47e-05
[15:39:53 INFO] Epoch 38/50  iter 600/743  loss=0.0638  lr=1.46e-05
[15:40:08 INFO] Epoch 38/50  iter 650/743  loss=0.0879  lr=1.45e-05
[15:40:26 INFO] Epoch 38/50  iter 700/743  loss=0.1322  lr=1.45e-05
[15:40:39 INFO] Epoch 38 complete — avg_loss=0.1331  time=244s
[15:40:59 INFO] Epoch 39/50  iter 50/743  loss=0.1045  lr=1.43e-05
[15:41:14 INFO] Epoch 39/50  iter 100/743  loss=0.1224  lr=1.42e-05
[15:41:29 INFO] Epoch 39/50  iter 150/743  loss=0.0992  lr=1.42e-05
[15:41:47 INFO] Epoch 39/50  iter 200/743  loss=0.3313  lr=1.41e-05
[15:42:01 INFO] Epoch 39/50  iter 250/743  loss=0.1205  lr=1.40e-05
[15:42:16 INFO] Epoch 39/50  iter 300/743  loss=0.0343  lr=1.39e-05
[15:42:31 INFO] Epoch 39/50  iter 350/743  loss=0.0855  lr=1.38e-05
[15:42:47 INFO] Epoch 39/50  iter 400/743  loss=0.4080  lr=1.38e-05
[15:43:05 INFO] Epoch 39/50  iter 450/743  loss=0.1749  lr=1.37e-05
[15:43:22 INFO] Epoch 39/50  iter 500/743  loss=0.1706  lr=1.36e-05
[15:43:41 INFO] Epoch 39/50  iter 550/743  loss=0.1399  lr=1.35e-05
[15:43:58 INFO] Epoch 39/50  iter 600/743  loss=0.1617  lr=1.34e-05
[15:44:15 INFO] Epoch 39/50  iter 650/743  loss=0.1337  lr=1.33e-05
[15:44:33 INFO] Epoch 39/50  iter 700/743  loss=0.0899  lr=1.33e-05
[15:44:47 INFO] Epoch 39 complete — avg_loss=0.1390  time=248s
[15:45:05 INFO] Epoch 40/50  iter 50/743  loss=0.1991  lr=1.31e-05
[15:45:22 INFO] Epoch 40/50  iter 100/743  loss=0.1370  lr=1.30e-05
[15:45:38 INFO] Epoch 40/50  iter 150/743  loss=0.1440  lr=1.30e-05
[15:45:54 INFO] Epoch 40/50  iter 200/743  loss=0.1075  lr=1.29e-05
[15:46:11 INFO] Epoch 40/50  iter 250/743  loss=0.1132  lr=1.28e-05
[15:46:30 INFO] Epoch 40/50  iter 300/743  loss=0.0822  lr=1.27e-05
[15:46:49 INFO] Epoch 40/50  iter 350/743  loss=0.1803  lr=1.26e-05
[15:47:10 INFO] Epoch 40/50  iter 400/743  loss=0.1901  lr=1.26e-05
[15:47:26 INFO] Epoch 40/50  iter 450/743  loss=0.0559  lr=1.25e-05
[15:47:45 INFO] Epoch 40/50  iter 500/743  loss=0.1294  lr=1.24e-05
[15:48:04 INFO] Epoch 40/50  iter 550/743  loss=0.1118  lr=1.23e-05
[15:48:20 INFO] Epoch 40/50  iter 600/743  loss=0.1607  lr=1.22e-05
[15:48:35 INFO] Epoch 40/50  iter 650/743  loss=0.1387  lr=1.21e-05
[15:48:52 INFO] Epoch 40/50  iter 700/743  loss=0.0985  lr=1.21e-05
[15:49:06 INFO] Epoch 40 complete — avg_loss=0.1448  time=258s
[15:51:04 INFO]   val mIoU = 0.7649
[15:51:04 INFO]   ★ New best val mIoU: 0.7649
[15:51:21 INFO] Epoch 41/50  iter 50/743  loss=0.2114  lr=1.19e-05
[15:51:39 INFO] Epoch 41/50  iter 100/743  loss=0.0482  lr=1.18e-05
[15:51:55 INFO] Epoch 41/50  iter 150/743  loss=0.1366  lr=1.18e-05
[15:52:13 INFO] Epoch 41/50  iter 200/743  loss=0.1452  lr=1.17e-05
[15:52:28 INFO] Epoch 41/50  iter 250/743  loss=0.1793  lr=1.16e-05
[15:52:46 INFO] Epoch 41/50  iter 300/743  loss=0.1748  lr=1.15e-05
[15:53:02 INFO] Epoch 41/50  iter 350/743  loss=0.0666  lr=1.14e-05
[15:53:20 INFO] Epoch 41/50  iter 400/743  loss=0.1332  lr=1.14e-05
[15:53:36 INFO] Epoch 41/50  iter 450/743  loss=0.0807  lr=1.13e-05
[15:53:54 INFO] Epoch 41/50  iter 500/743  loss=0.1182  lr=1.12e-05
[15:54:11 INFO] Epoch 41/50  iter 550/743  loss=0.1463  lr=1.11e-05
[15:54:28 INFO] Epoch 41/50  iter 600/743  loss=0.1670  lr=1.10e-05
[15:54:43 INFO] Epoch 41/50  iter 650/743  loss=0.2189  lr=1.09e-05
[15:55:01 INFO] Epoch 41/50  iter 700/743  loss=0.2865  lr=1.09e-05
[15:55:17 INFO] Epoch 41 complete — avg_loss=0.1411  time=252s
[15:55:34 INFO] Epoch 42/50  iter 50/743  loss=0.1786  lr=1.07e-05
[15:55:50 INFO] Epoch 42/50  iter 100/743  loss=0.0640  lr=1.06e-05
[15:56:04 INFO] Epoch 42/50  iter 150/743  loss=0.0919  lr=1.06e-05
[15:56:19 INFO] Epoch 42/50  iter 200/743  loss=0.1081  lr=1.05e-05
[15:56:37 INFO] Epoch 42/50  iter 250/743  loss=0.0815  lr=1.04e-05
[15:56:53 INFO] Epoch 42/50  iter 300/743  loss=0.2113  lr=1.03e-05
[15:57:09 INFO] Epoch 42/50  iter 350/743  loss=0.0788  lr=1.02e-05
[15:57:23 INFO] Epoch 42/50  iter 400/743  loss=0.1284  lr=1.02e-05
[15:57:39 INFO] Epoch 42/50  iter 450/743  loss=0.0961  lr=1.01e-05
[15:57:58 INFO] Epoch 42/50  iter 500/743  loss=0.0616  lr=9.99e-06
[15:58:15 INFO] Epoch 42/50  iter 550/743  loss=0.0850  lr=9.91e-06
[15:58:32 INFO] Epoch 42/50  iter 600/743  loss=0.1129  lr=9.83e-06
[15:58:48 INFO] Epoch 42/50  iter 650/743  loss=0.1507  lr=9.75e-06
[15:59:05 INFO] Epoch 42/50  iter 700/743  loss=0.1819  lr=9.67e-06
[15:59:19 INFO] Epoch 42 complete — avg_loss=0.1325  time=242s
[15:59:39 INFO] Epoch 43/50  iter 50/743  loss=0.1825  lr=9.52e-06
[15:59:54 INFO] Epoch 43/50  iter 100/743  loss=0.1785  lr=9.44e-06
[16:00:12 INFO] Epoch 43/50  iter 150/743  loss=0.1031  lr=9.36e-06
[16:00:32 INFO] Epoch 43/50  iter 200/743  loss=0.1425  lr=9.28e-06
[16:00:54 INFO] Epoch 43/50  iter 250/743  loss=0.1274  lr=9.19e-06
[16:01:13 INFO] Epoch 43/50  iter 300/743  loss=0.0940  lr=9.11e-06
[16:01:31 INFO] Epoch 43/50  iter 350/743  loss=0.0964  lr=9.03e-06
[16:01:49 INFO] Epoch 43/50  iter 400/743  loss=0.1099  lr=8.95e-06
[16:02:10 INFO] Epoch 43/50  iter 450/743  loss=0.1105  lr=8.87e-06
[16:02:27 INFO] Epoch 43/50  iter 500/743  loss=0.1383  lr=8.79e-06
[16:02:46 INFO] Epoch 43/50  iter 550/743  loss=0.0876  lr=8.71e-06
[16:03:03 INFO] Epoch 43/50  iter 600/743  loss=0.0577  lr=8.63e-06
[16:03:19 INFO] Epoch 43/50  iter 650/743  loss=0.2016  lr=8.55e-06
[16:03:33 INFO] Epoch 43/50  iter 700/743  loss=0.0729  lr=8.47e-06
[16:03:48 INFO] Epoch 43 complete — avg_loss=0.1397  time=268s
[16:04:08 INFO] Epoch 44/50  iter 50/743  loss=0.0662  lr=8.32e-06
[16:04:24 INFO] Epoch 44/50  iter 100/743  loss=0.1649  lr=8.24e-06
[16:04:40 INFO] Epoch 44/50  iter 150/743  loss=0.1221  lr=8.16e-06
[16:04:56 INFO] Epoch 44/50  iter 200/743  loss=0.1127  lr=8.08e-06
[16:05:14 INFO] Epoch 44/50  iter 250/743  loss=0.0997  lr=7.99e-06
[16:05:30 INFO] Epoch 44/50  iter 300/743  loss=0.1235  lr=7.91e-06
[16:05:48 INFO] Epoch 44/50  iter 350/743  loss=0.1255  lr=7.83e-06
[16:06:05 INFO] Epoch 44/50  iter 400/743  loss=0.1029  lr=7.75e-06
[16:06:25 INFO] Epoch 44/50  iter 450/743  loss=0.0807  lr=7.67e-06
[16:06:41 INFO] Epoch 44/50  iter 500/743  loss=0.1259  lr=7.59e-06
[16:06:58 INFO] Epoch 44/50  iter 550/743  loss=0.4317  lr=7.51e-06
[16:07:15 INFO] Epoch 44/50  iter 600/743  loss=0.1782  lr=7.43e-06
[16:07:30 INFO] Epoch 44/50  iter 650/743  loss=0.1209  lr=7.35e-06
[16:07:44 INFO] Epoch 44/50  iter 700/743  loss=0.1100  lr=7.27e-06
[16:07:58 INFO] Epoch 44 complete — avg_loss=0.1337  time=249s
[16:08:14 INFO] Epoch 45/50  iter 50/743  loss=0.0725  lr=7.12e-06
[16:08:29 INFO] Epoch 45/50  iter 100/743  loss=0.0754  lr=7.04e-06
[16:08:46 INFO] Epoch 45/50  iter 150/743  loss=0.1158  lr=6.96e-06
[16:09:00 INFO] Epoch 45/50  iter 200/743  loss=0.1705  lr=6.88e-06
[16:09:16 INFO] Epoch 45/50  iter 250/743  loss=0.1089  lr=6.79e-06
[16:09:32 INFO] Epoch 45/50  iter 300/743  loss=0.1631  lr=6.71e-06
[16:09:48 INFO] Epoch 45/50  iter 350/743  loss=0.1677  lr=6.63e-06
[16:10:08 INFO] Epoch 45/50  iter 400/743  loss=0.1198  lr=6.55e-06
[16:10:26 INFO] Epoch 45/50  iter 450/743  loss=0.0877  lr=6.47e-06
[16:10:41 INFO] Epoch 45/50  iter 500/743  loss=0.1825  lr=6.39e-06
[16:10:58 INFO] Epoch 45/50  iter 550/743  loss=0.0639  lr=6.31e-06
[16:11:15 INFO] Epoch 45/50  iter 600/743  loss=0.1368  lr=6.23e-06
[16:11:30 INFO] Epoch 45/50  iter 650/743  loss=0.0408  lr=6.15e-06
[16:11:46 INFO] Epoch 45/50  iter 700/743  loss=0.1032  lr=6.07e-06
[16:11:58 INFO] Epoch 45 complete — avg_loss=0.1275  time=239s
[16:14:02 INFO]   val mIoU = 0.7676
[16:14:03 INFO]   ★ New best val mIoU: 0.7676
[16:14:22 INFO] Epoch 46/50  iter 50/743  loss=0.1781  lr=5.92e-06
[16:14:39 INFO] Epoch 46/50  iter 100/743  loss=0.0550  lr=5.84e-06
[16:14:57 INFO] Epoch 46/50  iter 150/743  loss=0.0757  lr=5.76e-06
[16:15:12 INFO] Epoch 46/50  iter 200/743  loss=0.0698  lr=5.68e-06
[16:15:27 INFO] Epoch 46/50  iter 250/743  loss=0.1326  lr=5.59e-06
[16:15:43 INFO] Epoch 46/50  iter 300/743  loss=0.0980  lr=5.51e-06
[16:15:59 INFO] Epoch 46/50  iter 350/743  loss=0.1549  lr=5.43e-06
[16:16:14 INFO] Epoch 46/50  iter 400/743  loss=0.1765  lr=5.35e-06
[16:16:32 INFO] Epoch 46/50  iter 450/743  loss=0.1260  lr=5.27e-06
[16:16:49 INFO] Epoch 46/50  iter 500/743  loss=0.0410  lr=5.19e-06
[16:17:04 INFO] Epoch 46/50  iter 550/743  loss=0.0153  lr=5.11e-06
[16:17:21 INFO] Epoch 46/50  iter 600/743  loss=0.1971  lr=5.03e-06
[16:17:39 INFO] Epoch 46/50  iter 650/743  loss=0.1364  lr=4.95e-06
[16:17:55 INFO] Epoch 46/50  iter 700/743  loss=0.0346  lr=4.87e-06
[16:18:10 INFO] Epoch 46 complete — avg_loss=0.1311  time=247s
[16:18:29 INFO] Epoch 47/50  iter 50/743  loss=0.1093  lr=4.72e-06
[16:18:44 INFO] Epoch 47/50  iter 100/743  loss=0.0763  lr=4.64e-06
[16:18:59 INFO] Epoch 47/50  iter 150/743  loss=0.1456  lr=4.56e-06
[16:19:14 INFO] Epoch 47/50  iter 200/743  loss=0.0915  lr=4.48e-06
[16:19:30 INFO] Epoch 47/50  iter 250/743  loss=0.0615  lr=4.39e-06
[16:19:48 INFO] Epoch 47/50  iter 300/743  loss=0.1029  lr=4.31e-06
[16:20:07 INFO] Epoch 47/50  iter 350/743  loss=0.1750  lr=4.23e-06
[16:20:24 INFO] Epoch 47/50  iter 400/743  loss=0.2200  lr=4.15e-06
[16:20:43 INFO] Epoch 47/50  iter 450/743  loss=0.1415  lr=4.07e-06
[16:21:00 INFO] Epoch 47/50  iter 500/743  loss=0.2087  lr=3.99e-06
[16:21:17 INFO] Epoch 47/50  iter 550/743  loss=0.1474  lr=3.91e-06
[16:21:35 INFO] Epoch 47/50  iter 600/743  loss=0.0725  lr=3.83e-06
[16:21:51 INFO] Epoch 47/50  iter 650/743  loss=0.0914  lr=3.75e-06
[16:22:09 INFO] Epoch 47/50  iter 700/743  loss=0.1232  lr=3.67e-06
[16:22:23 INFO] Epoch 47 complete — avg_loss=0.1340  time=252s
[16:22:43 INFO] Epoch 48/50  iter 50/743  loss=0.1317  lr=3.52e-06
[16:23:02 INFO] Epoch 48/50  iter 100/743  loss=0.1265  lr=3.44e-06
[16:23:20 INFO] Epoch 48/50  iter 150/743  loss=0.1871  lr=3.36e-06
[16:23:36 INFO] Epoch 48/50  iter 200/743  loss=0.2258  lr=3.28e-06
[16:23:54 INFO] Epoch 48/50  iter 250/743  loss=0.1960  lr=3.19e-06
[16:24:12 INFO] Epoch 48/50  iter 300/743  loss=0.0550  lr=3.11e-06
[16:24:28 INFO] Epoch 48/50  iter 350/743  loss=0.2435  lr=3.03e-06
[16:24:47 INFO] Epoch 48/50  iter 400/743  loss=0.2026  lr=2.95e-06
[16:25:03 INFO] Epoch 48/50  iter 450/743  loss=0.0936  lr=2.87e-06
[16:25:20 INFO] Epoch 48/50  iter 500/743  loss=0.1790  lr=2.79e-06
[16:25:38 INFO] Epoch 48/50  iter 550/743  loss=0.0872  lr=2.71e-06
[16:25:54 INFO] Epoch 48/50  iter 600/743  loss=0.1603  lr=2.63e-06
[16:26:11 INFO] Epoch 48/50  iter 650/743  loss=0.1591  lr=2.55e-06
[16:26:28 INFO] Epoch 48/50  iter 700/743  loss=0.1593  lr=2.47e-06
[16:26:43 INFO] Epoch 48 complete — avg_loss=0.1278  time=260s
[16:27:03 INFO] Epoch 49/50  iter 50/743  loss=0.1620  lr=2.32e-06
[16:27:21 INFO] Epoch 49/50  iter 100/743  loss=0.1789  lr=2.24e-06
[16:27:40 INFO] Epoch 49/50  iter 150/743  loss=0.1056  lr=2.16e-06
[16:27:54 INFO] Epoch 49/50  iter 200/743  loss=0.2011  lr=2.08e-06
[16:28:10 INFO] Epoch 49/50  iter 250/743  loss=0.2022  lr=1.99e-06
[16:28:28 INFO] Epoch 49/50  iter 300/743  loss=0.0893  lr=1.91e-06
[16:28:45 INFO] Epoch 49/50  iter 350/743  loss=0.0966  lr=1.83e-06
[16:29:00 INFO] Epoch 49/50  iter 400/743  loss=0.0565  lr=1.75e-06
[16:29:16 INFO] Epoch 49/50  iter 450/743  loss=0.1348  lr=1.67e-06
[16:29:33 INFO] Epoch 49/50  iter 500/743  loss=0.1030  lr=1.59e-06
[16:29:52 INFO] Epoch 49/50  iter 550/743  loss=0.1131  lr=1.51e-06
[16:30:06 INFO] Epoch 49/50  iter 600/743  loss=0.1887  lr=1.43e-06
[16:30:22 INFO] Epoch 49/50  iter 650/743  loss=0.1015  lr=1.35e-06
[16:30:42 INFO] Epoch 49/50  iter 700/743  loss=0.1171  lr=1.27e-06
[16:30:56 INFO] Epoch 49 complete — avg_loss=0.1233  time=252s
[16:31:15 INFO] Epoch 50/50  iter 50/743  loss=0.1243  lr=1.12e-06
[16:31:32 INFO] Epoch 50/50  iter 100/743  loss=0.0869  lr=1.04e-06
[16:31:47 INFO] Epoch 50/50  iter 150/743  loss=0.1298  lr=9.56e-07
[16:32:05 INFO] Epoch 50/50  iter 200/743  loss=0.1319  lr=8.75e-07
[16:32:22 INFO] Epoch 50/50  iter 250/743  loss=0.1007  lr=7.95e-07
[16:32:38 INFO] Epoch 50/50  iter 300/743  loss=0.1229  lr=7.14e-07
[16:32:56 INFO] Epoch 50/50  iter 350/743  loss=0.1452  lr=6.33e-07
[16:33:14 INFO] Epoch 50/50  iter 400/743  loss=0.0752  lr=5.52e-07
[16:33:30 INFO] Epoch 50/50  iter 450/743  loss=0.1826  lr=4.72e-07
[16:33:48 INFO] Epoch 50/50  iter 500/743  loss=0.1770  lr=3.91e-07
[16:34:05 INFO] Epoch 50/50  iter 550/743  loss=0.1657  lr=3.10e-07
[16:34:22 INFO] Epoch 50/50  iter 600/743  loss=0.1340  lr=2.29e-07
[16:34:41 INFO] Epoch 50/50  iter 650/743  loss=0.1733  lr=1.49e-07
[16:35:04 INFO] Epoch 50/50  iter 700/743  loss=0.1816  lr=6.78e-08
[16:35:18 INFO] Epoch 50 complete — avg_loss=0.1248  time=261s
[16:37:22 INFO]   val mIoU = 0.7691
[16:37:23 INFO]   ★ New best val mIoU: 0.7691
[16:37:24 INFO] Training complete. Best val mIoU = 0.7691
