[21:37:33 INFO] Device: cuda
[21:37:35 INFO] fog_prob: 0.7
[21:37:37 INFO] Train: 2975 samples  |  Val: 500 samples
[21:38:07 INFO] Epoch 1/50  iter 50/743  loss=2.3651  lr=5.99e-05
[21:38:35 INFO] Epoch 1/50  iter 100/743  loss=0.9310  lr=5.98e-05
[21:39:01 INFO] Epoch 1/50  iter 150/743  loss=0.6015  lr=5.98e-05
[21:39:29 INFO] Epoch 1/50  iter 200/743  loss=0.3735  lr=5.97e-05
[21:39:57 INFO] Epoch 1/50  iter 250/743  loss=0.5867  lr=5.96e-05
[21:40:26 INFO] Epoch 1/50  iter 300/743  loss=0.4325  lr=5.95e-05
[21:40:54 INFO] Epoch 1/50  iter 350/743  loss=0.5995  lr=5.94e-05
[21:41:19 INFO] Epoch 1/50  iter 400/743  loss=0.6546  lr=5.94e-05
[21:41:50 INFO] Epoch 1/50  iter 450/743  loss=0.2205  lr=5.93e-05
[21:42:16 INFO] Epoch 1/50  iter 500/743  loss=0.7292  lr=5.92e-05
[21:42:40 INFO] Epoch 1/50  iter 550/743  loss=0.7261  lr=5.91e-05
[21:43:05 INFO] Epoch 1/50  iter 600/743  loss=0.3458  lr=5.90e-05
[21:43:30 INFO] Epoch 1/50  iter 650/743  loss=0.3228  lr=5.89e-05
[21:43:56 INFO] Epoch 1/50  iter 700/743  loss=0.4214  lr=5.89e-05
[21:44:17 INFO] Epoch 1 complete — avg_loss=0.7200  time=400s
[21:44:45 INFO] Epoch 2/50  iter 50/743  loss=0.3048  lr=5.87e-05
[21:45:14 INFO] Epoch 2/50  iter 100/743  loss=0.2602  lr=5.86e-05
[21:45:42 INFO] Epoch 2/50  iter 150/743  loss=0.4173  lr=5.86e-05
[21:46:09 INFO] Epoch 2/50  iter 200/743  loss=0.3347  lr=5.85e-05
[21:46:36 INFO] Epoch 2/50  iter 250/743  loss=0.5502  lr=5.84e-05
[21:47:02 INFO] Epoch 2/50  iter 300/743  loss=0.2582  lr=5.83e-05
[21:47:30 INFO] Epoch 2/50  iter 350/743  loss=0.2737  lr=5.82e-05
[21:47:56 INFO] Epoch 2/50  iter 400/743  loss=0.4582  lr=5.82e-05
[21:48:20 INFO] Epoch 2/50  iter 450/743  loss=0.2796  lr=5.81e-05
[21:48:45 INFO] Epoch 2/50  iter 500/743  loss=0.2721  lr=5.80e-05
[21:49:12 INFO] Epoch 2/50  iter 550/743  loss=0.4392  lr=5.79e-05
[21:49:40 INFO] Epoch 2/50  iter 600/743  loss=0.2641  lr=5.78e-05
[21:50:04 INFO] Epoch 2/50  iter 650/743  loss=0.3910  lr=5.77e-05
[21:50:29 INFO] Epoch 2/50  iter 700/743  loss=0.1824  lr=5.77e-05
[21:50:48 INFO] Epoch 2 complete — avg_loss=0.4105  time=390s
[21:51:22 INFO] Epoch 3/50  iter 50/743  loss=0.3604  lr=5.75e-05
[21:51:46 INFO] Epoch 3/50  iter 100/743  loss=0.2613  lr=5.74e-05
[21:52:16 INFO] Epoch 3/50  iter 150/743  loss=0.4379  lr=5.74e-05
[21:52:43 INFO] Epoch 3/50  iter 200/743  loss=0.3089  lr=5.73e-05
[21:53:12 INFO] Epoch 3/50  iter 250/743  loss=0.9492  lr=5.72e-05
[21:53:40 INFO] Epoch 3/50  iter 300/743  loss=0.4169  lr=5.71e-05
[21:54:07 INFO] Epoch 3/50  iter 350/743  loss=0.1138  lr=5.70e-05
[21:54:36 INFO] Epoch 3/50  iter 400/743  loss=0.3306  lr=5.70e-05
[21:55:06 INFO] Epoch 3/50  iter 450/743  loss=0.1608  lr=5.69e-05
[21:55:35 INFO] Epoch 3/50  iter 500/743  loss=0.1748  lr=5.68e-05
[21:56:06 INFO] Epoch 3/50  iter 550/743  loss=0.1550  lr=5.67e-05
[21:56:34 INFO] Epoch 3/50  iter 600/743  loss=0.2919  lr=5.66e-05
[21:57:04 INFO] Epoch 3/50  iter 650/743  loss=0.3528  lr=5.65e-05
[21:57:31 INFO] Epoch 3/50  iter 700/743  loss=0.2228  lr=5.65e-05
[21:57:54 INFO] Epoch 3 complete — avg_loss=0.3559  time=425s
[21:58:24 INFO] Epoch 4/50  iter 50/743  loss=0.1674  lr=5.63e-05
[21:58:51 INFO] Epoch 4/50  iter 100/743  loss=0.1256  lr=5.62e-05
[21:59:18 INFO] Epoch 4/50  iter 150/743  loss=0.4139  lr=5.62e-05
[21:59:46 INFO] Epoch 4/50  iter 200/743  loss=0.2358  lr=5.61e-05
[22:00:10 INFO] Epoch 4/50  iter 250/743  loss=0.3163  lr=5.60e-05
[22:00:37 INFO] Epoch 4/50  iter 300/743  loss=0.1941  lr=5.59e-05
[22:01:04 INFO] Epoch 4/50  iter 350/743  loss=0.2435  lr=5.58e-05
[22:01:31 INFO] Epoch 4/50  iter 400/743  loss=0.2640  lr=5.58e-05
[22:01:56 INFO] Epoch 4/50  iter 450/743  loss=0.1125  lr=5.57e-05
[22:02:20 INFO] Epoch 4/50  iter 500/743  loss=0.1860  lr=5.56e-05
[22:02:47 INFO] Epoch 4/50  iter 550/743  loss=0.2986  lr=5.55e-05
[22:03:11 INFO] Epoch 4/50  iter 600/743  loss=0.3217  lr=5.54e-05
[22:03:37 INFO] Epoch 4/50  iter 650/743  loss=0.2116  lr=5.53e-05
[22:04:00 INFO] Epoch 4/50  iter 700/743  loss=0.3110  lr=5.53e-05
[22:04:24 INFO] Epoch 4 complete — avg_loss=0.3136  time=389s
[22:04:52 INFO] Epoch 5/50  iter 50/743  loss=0.3341  lr=5.51e-05
[22:05:19 INFO] Epoch 5/50  iter 100/743  loss=0.1788  lr=5.50e-05
[22:05:47 INFO] Epoch 5/50  iter 150/743  loss=0.4276  lr=5.50e-05
[22:06:13 INFO] Epoch 5/50  iter 200/743  loss=0.3222  lr=5.49e-05
[22:06:38 INFO] Epoch 5/50  iter 250/743  loss=0.1354  lr=5.48e-05
[22:07:02 INFO] Epoch 5/50  iter 300/743  loss=0.3083  lr=5.47e-05
[22:07:27 INFO] Epoch 5/50  iter 350/743  loss=0.1806  lr=5.46e-05
[22:07:52 INFO] Epoch 5/50  iter 400/743  loss=0.4369  lr=5.46e-05
[22:08:17 INFO] Epoch 5/50  iter 450/743  loss=0.3713  lr=5.45e-05
[22:08:46 INFO] Epoch 5/50  iter 500/743  loss=0.0760  lr=5.44e-05
[22:09:11 INFO] Epoch 5/50  iter 550/743  loss=0.1602  lr=5.43e-05
[22:09:41 INFO] Epoch 5/50  iter 600/743  loss=0.1207  lr=5.42e-05
[22:10:05 INFO] Epoch 5/50  iter 650/743  loss=0.3143  lr=5.41e-05
[22:10:30 INFO] Epoch 5/50  iter 700/743  loss=0.2812  lr=5.41e-05
[22:10:54 INFO] Epoch 5 complete — avg_loss=0.2874  time=390s
[22:12:57 INFO]   val mIoU = 0.5889
[22:12:58 INFO]   ★ New best val mIoU: 0.5889
[22:13:25 INFO] Epoch 6/50  iter 50/743  loss=0.3198  lr=5.39e-05
[22:13:52 INFO] Epoch 6/50  iter 100/743  loss=0.2117  lr=5.38e-05
[22:14:16 INFO] Epoch 6/50  iter 150/743  loss=0.3636  lr=5.38e-05
[22:14:43 INFO] Epoch 6/50  iter 200/743  loss=0.1583  lr=5.37e-05
[22:15:07 INFO] Epoch 6/50  iter 250/743  loss=0.2089  lr=5.36e-05
[22:15:32 INFO] Epoch 6/50  iter 300/743  loss=0.1480  lr=5.35e-05
[22:15:57 INFO] Epoch 6/50  iter 350/743  loss=0.1941  lr=5.34e-05
[22:16:20 INFO] Epoch 6/50  iter 400/743  loss=0.1111  lr=5.34e-05
[22:16:45 INFO] Epoch 6/50  iter 450/743  loss=0.2083  lr=5.33e-05
[22:17:10 INFO] Epoch 6/50  iter 500/743  loss=0.1777  lr=5.32e-05
[22:17:35 INFO] Epoch 6/50  iter 550/743  loss=0.0943  lr=5.31e-05
[22:17:58 INFO] Epoch 6/50  iter 600/743  loss=0.1857  lr=5.30e-05
[22:18:25 INFO] Epoch 6/50  iter 650/743  loss=0.2453  lr=5.29e-05
[22:18:50 INFO] Epoch 6/50  iter 700/743  loss=0.2292  lr=5.29e-05
[22:19:14 INFO] Epoch 6 complete — avg_loss=0.2626  time=375s
[22:19:44 INFO] Epoch 7/50  iter 50/743  loss=0.1531  lr=5.27e-05
[22:20:12 INFO] Epoch 7/50  iter 100/743  loss=0.1149  lr=5.26e-05
[22:20:38 INFO] Epoch 7/50  iter 150/743  loss=0.0940  lr=5.26e-05
[22:21:03 INFO] Epoch 7/50  iter 200/743  loss=0.2517  lr=5.25e-05
[22:21:28 INFO] Epoch 7/50  iter 250/743  loss=0.3796  lr=5.24e-05
[22:21:52 INFO] Epoch 7/50  iter 300/743  loss=0.1789  lr=5.23e-05
[22:22:15 INFO] Epoch 7/50  iter 350/743  loss=0.2645  lr=5.22e-05
[22:22:42 INFO] Epoch 7/50  iter 400/743  loss=0.3173  lr=5.22e-05
[22:23:05 INFO] Epoch 7/50  iter 450/743  loss=0.3276  lr=5.21e-05
[22:23:31 INFO] Epoch 7/50  iter 500/743  loss=0.2397  lr=5.20e-05
[22:23:55 INFO] Epoch 7/50  iter 550/743  loss=0.1716  lr=5.19e-05
[22:24:22 INFO] Epoch 7/50  iter 600/743  loss=0.5500  lr=5.18e-05
[22:24:46 INFO] Epoch 7/50  iter 650/743  loss=0.1653  lr=5.17e-05
[22:25:08 INFO] Epoch 7/50  iter 700/743  loss=0.1879  lr=5.17e-05
[22:25:29 INFO] Epoch 7 complete — avg_loss=0.2592  time=374s
[22:25:57 INFO] Epoch 8/50  iter 50/743  loss=0.3100  lr=5.15e-05
[22:26:21 INFO] Epoch 8/50  iter 100/743  loss=0.2661  lr=5.14e-05
[22:26:47 INFO] Epoch 8/50  iter 150/743  loss=0.2230  lr=5.14e-05
[22:27:11 INFO] Epoch 8/50  iter 200/743  loss=0.1478  lr=5.13e-05
[22:27:38 INFO] Epoch 8/50  iter 250/743  loss=0.3725  lr=5.12e-05
[22:28:03 INFO] Epoch 8/50  iter 300/743  loss=0.2250  lr=5.11e-05
[22:28:27 INFO] Epoch 8/50  iter 350/743  loss=0.2267  lr=5.10e-05
[22:28:51 INFO] Epoch 8/50  iter 400/743  loss=0.2365  lr=5.10e-05
[22:29:17 INFO] Epoch 8/50  iter 450/743  loss=0.4198  lr=5.09e-05
[22:29:43 INFO] Epoch 8/50  iter 500/743  loss=0.1800  lr=5.08e-05
[22:30:11 INFO] Epoch 8/50  iter 550/743  loss=0.3505  lr=5.07e-05
[22:30:37 INFO] Epoch 8/50  iter 600/743  loss=0.1767  lr=5.06e-05
[22:31:03 INFO] Epoch 8/50  iter 650/743  loss=0.1990  lr=5.05e-05
[22:31:32 INFO] Epoch 8/50  iter 700/743  loss=0.1849  lr=5.05e-05
[22:31:54 INFO] Epoch 8 complete — avg_loss=0.2365  time=385s
[22:32:22 INFO] Epoch 9/50  iter 50/743  loss=0.1002  lr=5.03e-05
[22:32:48 INFO] Epoch 9/50  iter 100/743  loss=0.1798  lr=5.02e-05
[22:33:14 INFO] Epoch 9/50  iter 150/743  loss=0.1446  lr=5.02e-05
[22:33:42 INFO] Epoch 9/50  iter 200/743  loss=0.2993  lr=5.01e-05
[22:34:07 INFO] Epoch 9/50  iter 250/743  loss=0.1739  lr=5.00e-05
[22:34:32 INFO] Epoch 9/50  iter 300/743  loss=0.1988  lr=4.99e-05
[22:34:58 INFO] Epoch 9/50  iter 350/743  loss=0.2484  lr=4.98e-05
[22:35:24 INFO] Epoch 9/50  iter 400/743  loss=0.2010  lr=4.98e-05
[22:35:48 INFO] Epoch 9/50  iter 450/743  loss=0.5947  lr=4.97e-05
[22:36:12 INFO] Epoch 9/50  iter 500/743  loss=0.1642  lr=4.96e-05
[22:36:39 INFO] Epoch 9/50  iter 550/743  loss=0.1898  lr=4.95e-05
[22:37:04 INFO] Epoch 9/50  iter 600/743  loss=0.2882  lr=4.94e-05
[22:37:31 INFO] Epoch 9/50  iter 650/743  loss=0.1539  lr=4.93e-05
[22:37:56 INFO] Epoch 9/50  iter 700/743  loss=0.2372  lr=4.93e-05
[22:38:16 INFO] Epoch 9 complete — avg_loss=0.2468  time=382s
[22:38:45 INFO] Epoch 10/50  iter 50/743  loss=0.2623  lr=4.91e-05
[22:39:12 INFO] Epoch 10/50  iter 100/743  loss=0.1684  lr=4.90e-05
[22:39:43 INFO] Epoch 10/50  iter 150/743  loss=0.1612  lr=4.90e-05
[22:40:10 INFO] Epoch 10/50  iter 200/743  loss=0.1477  lr=4.89e-05
[22:40:37 INFO] Epoch 10/50  iter 250/743  loss=0.1972  lr=4.88e-05
[22:41:02 INFO] Epoch 10/50  iter 300/743  loss=0.0871  lr=4.87e-05
[22:41:26 INFO] Epoch 10/50  iter 350/743  loss=0.1559  lr=4.86e-05
[22:41:53 INFO] Epoch 10/50  iter 400/743  loss=0.3388  lr=4.86e-05
[22:42:20 INFO] Epoch 10/50  iter 450/743  loss=0.2396  lr=4.85e-05
[22:42:47 INFO] Epoch 10/50  iter 500/743  loss=0.1189  lr=4.84e-05
[22:43:13 INFO] Epoch 10/50  iter 550/743  loss=0.2312  lr=4.83e-05
[22:43:37 INFO] Epoch 10/50  iter 600/743  loss=0.1988  lr=4.82e-05
[22:44:02 INFO] Epoch 10/50  iter 650/743  loss=0.5116  lr=4.81e-05
[22:44:29 INFO] Epoch 10/50  iter 700/743  loss=0.2265  lr=4.81e-05
[22:44:52 INFO] Epoch 10 complete — avg_loss=0.2344  time=395s
[22:46:56 INFO]   val mIoU = 0.6711
[22:46:57 INFO]   ★ New best val mIoU: 0.6711
[22:47:30 INFO] Epoch 11/50  iter 50/743  loss=0.1383  lr=4.79e-05
[22:48:02 INFO] Epoch 11/50  iter 100/743  loss=0.2078  lr=4.78e-05
[22:48:31 INFO] Epoch 11/50  iter 150/743  loss=0.1806  lr=4.78e-05
[22:48:58 INFO] Epoch 11/50  iter 200/743  loss=0.1967  lr=4.77e-05
[22:49:25 INFO] Epoch 11/50  iter 250/743  loss=0.1491  lr=4.76e-05
[22:49:51 INFO] Epoch 11/50  iter 300/743  loss=0.1797  lr=4.75e-05
[22:50:19 INFO] Epoch 11/50  iter 350/743  loss=0.2546  lr=4.74e-05
[22:50:47 INFO] Epoch 11/50  iter 400/743  loss=0.0538  lr=4.74e-05
[22:51:16 INFO] Epoch 11/50  iter 450/743  loss=0.2079  lr=4.73e-05
[22:51:42 INFO] Epoch 11/50  iter 500/743  loss=0.1513  lr=4.72e-05
[22:52:10 INFO] Epoch 11/50  iter 550/743  loss=0.2722  lr=4.71e-05
[22:52:39 INFO] Epoch 11/50  iter 600/743  loss=0.2920  lr=4.70e-05
[22:53:06 INFO] Epoch 11/50  iter 650/743  loss=0.2532  lr=4.69e-05
[22:53:35 INFO] Epoch 11/50  iter 700/743  loss=0.2964  lr=4.69e-05
[22:53:56 INFO] Epoch 11 complete — avg_loss=0.2297  time=418s
[22:54:27 INFO] Epoch 12/50  iter 50/743  loss=0.2216  lr=4.67e-05
[22:54:53 INFO] Epoch 12/50  iter 100/743  loss=0.1360  lr=4.66e-05
[22:55:22 INFO] Epoch 12/50  iter 150/743  loss=0.1870  lr=4.66e-05
[22:55:48 INFO] Epoch 12/50  iter 200/743  loss=0.1749  lr=4.65e-05
[22:56:15 INFO] Epoch 12/50  iter 250/743  loss=0.1753  lr=4.64e-05
[22:56:41 INFO] Epoch 12/50  iter 300/743  loss=0.0970  lr=4.63e-05
[22:57:10 INFO] Epoch 12/50  iter 350/743  loss=0.0792  lr=4.62e-05
[22:57:37 INFO] Epoch 12/50  iter 400/743  loss=0.0827  lr=4.62e-05
[22:58:06 INFO] Epoch 12/50  iter 450/743  loss=0.1904  lr=4.61e-05
[22:58:36 INFO] Epoch 12/50  iter 500/743  loss=0.0489  lr=4.60e-05
[22:59:03 INFO] Epoch 12/50  iter 550/743  loss=0.1815  lr=4.59e-05
[22:59:34 INFO] Epoch 12/50  iter 600/743  loss=0.1423  lr=4.58e-05
[23:00:01 INFO] Epoch 12/50  iter 650/743  loss=0.1545  lr=4.57e-05
[23:00:28 INFO] Epoch 12/50  iter 700/743  loss=0.1365  lr=4.57e-05
[23:00:50 INFO] Epoch 12 complete — avg_loss=0.2197  time=414s
[23:01:21 INFO] Epoch 13/50  iter 50/743  loss=0.1844  lr=4.55e-05
[23:01:46 INFO] Epoch 13/50  iter 100/743  loss=0.3057  lr=4.54e-05
[23:02:13 INFO] Epoch 13/50  iter 150/743  loss=0.2124  lr=4.54e-05
[23:02:39 INFO] Epoch 13/50  iter 200/743  loss=0.2047  lr=4.53e-05
[23:03:09 INFO] Epoch 13/50  iter 250/743  loss=0.1592  lr=4.52e-05
[23:03:35 INFO] Epoch 13/50  iter 300/743  loss=0.2119  lr=4.51e-05
[23:04:02 INFO] Epoch 13/50  iter 350/743  loss=0.1659  lr=4.50e-05
[23:04:29 INFO] Epoch 13/50  iter 400/743  loss=0.3073  lr=4.50e-05
[23:04:54 INFO] Epoch 13/50  iter 450/743  loss=0.1706  lr=4.49e-05
[23:05:21 INFO] Epoch 13/50  iter 500/743  loss=0.5344  lr=4.48e-05
[23:05:50 INFO] Epoch 13/50  iter 550/743  loss=0.1547  lr=4.47e-05
[23:06:16 INFO] Epoch 13/50  iter 600/743  loss=0.1787  lr=4.46e-05
[23:06:46 INFO] Epoch 13/50  iter 650/743  loss=0.3298  lr=4.45e-05
[23:07:16 INFO] Epoch 13/50  iter 700/743  loss=0.2255  lr=4.45e-05
[23:07:37 INFO] Epoch 13 complete — avg_loss=0.2247  time=406s
[23:08:07 INFO] Epoch 14/50  iter 50/743  loss=0.1829  lr=4.43e-05
[23:08:32 INFO] Epoch 14/50  iter 100/743  loss=0.1722  lr=4.42e-05
[23:09:01 INFO] Epoch 14/50  iter 150/743  loss=0.1547  lr=4.42e-05
[23:09:28 INFO] Epoch 14/50  iter 200/743  loss=0.1088  lr=4.41e-05
[23:09:53 INFO] Epoch 14/50  iter 250/743  loss=0.1301  lr=4.40e-05
[23:10:22 INFO] Epoch 14/50  iter 300/743  loss=0.2115  lr=4.39e-05
[23:10:49 INFO] Epoch 14/50  iter 350/743  loss=0.1500  lr=4.38e-05
[23:11:18 INFO] Epoch 14/50  iter 400/743  loss=0.2354  lr=4.38e-05
[23:11:43 INFO] Epoch 14/50  iter 450/743  loss=0.1851  lr=4.37e-05
[23:12:09 INFO] Epoch 14/50  iter 500/743  loss=0.0904  lr=4.36e-05
[23:12:33 INFO] Epoch 14/50  iter 550/743  loss=0.1422  lr=4.35e-05
[23:12:57 INFO] Epoch 14/50  iter 600/743  loss=0.1169  lr=4.34e-05
[23:13:25 INFO] Epoch 14/50  iter 650/743  loss=0.2158  lr=4.33e-05
[23:13:53 INFO] Epoch 14/50  iter 700/743  loss=0.1769  lr=4.33e-05
[23:14:15 INFO] Epoch 14 complete — avg_loss=0.2108  time=398s
[23:14:45 INFO] Epoch 15/50  iter 50/743  loss=0.1264  lr=4.31e-05
[23:15:13 INFO] Epoch 15/50  iter 100/743  loss=0.4365  lr=4.30e-05
[23:15:40 INFO] Epoch 15/50  iter 150/743  loss=0.0952  lr=4.30e-05
[23:16:10 INFO] Epoch 15/50  iter 200/743  loss=0.2743  lr=4.29e-05
[23:16:35 INFO] Epoch 15/50  iter 250/743  loss=0.1441  lr=4.28e-05
[23:17:02 INFO] Epoch 15/50  iter 300/743  loss=0.2195  lr=4.27e-05
[23:17:31 INFO] Epoch 15/50  iter 350/743  loss=0.1811  lr=4.26e-05
[23:17:59 INFO] Epoch 15/50  iter 400/743  loss=0.2536  lr=4.26e-05
[23:18:26 INFO] Epoch 15/50  iter 450/743  loss=0.1652  lr=4.25e-05
[23:18:49 INFO] Epoch 15/50  iter 500/743  loss=0.5436  lr=4.24e-05
[23:19:19 INFO] Epoch 15/50  iter 550/743  loss=0.2095  lr=4.23e-05
[23:19:49 INFO] Epoch 15/50  iter 600/743  loss=0.3421  lr=4.22e-05
[23:20:14 INFO] Epoch 15/50  iter 650/743  loss=0.1584  lr=4.21e-05
[23:20:41 INFO] Epoch 15/50  iter 700/743  loss=0.1552  lr=4.21e-05
[23:21:03 INFO] Epoch 15 complete — avg_loss=0.2033  time=407s
[23:23:07 INFO]   val mIoU = 0.6877
[23:23:07 INFO]   ★ New best val mIoU: 0.6877
[23:23:37 INFO] Epoch 16/50  iter 50/743  loss=0.1104  lr=4.19e-05
[23:24:03 INFO] Epoch 16/50  iter 100/743  loss=0.2130  lr=4.18e-05
[23:24:30 INFO] Epoch 16/50  iter 150/743  loss=0.1175  lr=4.18e-05
[23:24:59 INFO] Epoch 16/50  iter 200/743  loss=0.1765  lr=4.17e-05
[23:25:23 INFO] Epoch 16/50  iter 250/743  loss=0.2623  lr=4.16e-05
[23:25:54 INFO] Epoch 16/50  iter 300/743  loss=0.1471  lr=4.15e-05
[23:26:22 INFO] Epoch 16/50  iter 350/743  loss=0.1366  lr=4.14e-05
[23:26:50 INFO] Epoch 16/50  iter 400/743  loss=0.2528  lr=4.14e-05
[23:27:14 INFO] Epoch 16/50  iter 450/743  loss=0.1250  lr=4.13e-05
[23:27:43 INFO] Epoch 16/50  iter 500/743  loss=0.1440  lr=4.12e-05
[23:28:08 INFO] Epoch 16/50  iter 550/743  loss=0.0974  lr=4.11e-05
[23:28:39 INFO] Epoch 16/50  iter 600/743  loss=0.1469  lr=4.10e-05
[23:29:04 INFO] Epoch 16/50  iter 650/743  loss=0.3224  lr=4.09e-05
[23:29:30 INFO] Epoch 16/50  iter 700/743  loss=0.1649  lr=4.09e-05
[23:29:51 INFO] Epoch 16 complete — avg_loss=0.1965  time=403s
[23:30:22 INFO] Epoch 17/50  iter 50/743  loss=0.1267  lr=4.07e-05
[23:30:52 INFO] Epoch 17/50  iter 100/743  loss=0.2027  lr=4.06e-05
[23:31:19 INFO] Epoch 17/50  iter 150/743  loss=0.2570  lr=4.06e-05
[23:31:46 INFO] Epoch 17/50  iter 200/743  loss=0.2662  lr=4.05e-05
[23:32:16 INFO] Epoch 17/50  iter 250/743  loss=0.1276  lr=4.04e-05
[23:32:44 INFO] Epoch 17/50  iter 300/743  loss=0.1433  lr=4.03e-05
[23:33:10 INFO] Epoch 17/50  iter 350/743  loss=0.1914  lr=4.02e-05
[23:33:39 INFO] Epoch 17/50  iter 400/743  loss=0.1374  lr=4.02e-05
[23:34:06 INFO] Epoch 17/50  iter 450/743  loss=0.2681  lr=4.01e-05
[23:34:35 INFO] Epoch 17/50  iter 500/743  loss=0.3496  lr=4.00e-05
[23:35:03 INFO] Epoch 17/50  iter 550/743  loss=0.1475  lr=3.99e-05
[23:35:28 INFO] Epoch 17/50  iter 600/743  loss=0.3080  lr=3.98e-05
[23:35:54 INFO] Epoch 17/50  iter 650/743  loss=0.2829  lr=3.97e-05
[23:36:21 INFO] Epoch 17/50  iter 700/743  loss=0.2071  lr=3.97e-05
[23:36:45 INFO] Epoch 17 complete — avg_loss=0.1950  time=413s
[23:37:16 INFO] Epoch 18/50  iter 50/743  loss=0.1530  lr=3.95e-05
[23:37:43 INFO] Epoch 18/50  iter 100/743  loss=0.0748  lr=3.94e-05
[23:38:11 INFO] Epoch 18/50  iter 150/743  loss=0.1091  lr=3.94e-05
[23:38:39 INFO] Epoch 18/50  iter 200/743  loss=0.1396  lr=3.93e-05
[23:39:04 INFO] Epoch 18/50  iter 250/743  loss=0.2266  lr=3.92e-05
[23:39:30 INFO] Epoch 18/50  iter 300/743  loss=0.2529  lr=3.91e-05
[23:39:57 INFO] Epoch 18/50  iter 350/743  loss=0.1940  lr=3.90e-05
[23:40:26 INFO] Epoch 18/50  iter 400/743  loss=0.1144  lr=3.90e-05
[23:40:55 INFO] Epoch 18/50  iter 450/743  loss=0.2934  lr=3.89e-05
[23:41:23 INFO] Epoch 18/50  iter 500/743  loss=0.1464  lr=3.88e-05
[23:41:54 INFO] Epoch 18/50  iter 550/743  loss=0.0575  lr=3.87e-05
[23:42:21 INFO] Epoch 18/50  iter 600/743  loss=0.3319  lr=3.86e-05
[23:42:49 INFO] Epoch 18/50  iter 650/743  loss=0.1859  lr=3.85e-05
[23:43:20 INFO] Epoch 18/50  iter 700/743  loss=0.2440  lr=3.85e-05
[23:43:45 INFO] Epoch 18 complete — avg_loss=0.2017  time=419s
[23:44:13 INFO] Epoch 19/50  iter 50/743  loss=0.2188  lr=3.83e-05
[23:44:42 INFO] Epoch 19/50  iter 100/743  loss=0.3242  lr=3.82e-05
[23:45:10 INFO] Epoch 19/50  iter 150/743  loss=0.2238  lr=3.82e-05
[23:45:36 INFO] Epoch 19/50  iter 200/743  loss=0.1104  lr=3.81e-05
[23:46:03 INFO] Epoch 19/50  iter 250/743  loss=0.6060  lr=3.80e-05
[23:46:30 INFO] Epoch 19/50  iter 300/743  loss=0.1889  lr=3.79e-05
[23:46:59 INFO] Epoch 19/50  iter 350/743  loss=1.0163  lr=3.78e-05
[23:47:26 INFO] Epoch 19/50  iter 400/743  loss=0.2533  lr=3.78e-05
[23:47:52 INFO] Epoch 19/50  iter 450/743  loss=0.1258  lr=3.77e-05
[23:48:20 INFO] Epoch 19/50  iter 500/743  loss=0.1736  lr=3.76e-05
[23:48:45 INFO] Epoch 19/50  iter 550/743  loss=0.1241  lr=3.75e-05
[23:49:14 INFO] Epoch 19/50  iter 600/743  loss=0.1507  lr=3.74e-05
[23:49:40 INFO] Epoch 19/50  iter 650/743  loss=0.2265  lr=3.73e-05
[23:50:06 INFO] Epoch 19/50  iter 700/743  loss=0.2152  lr=3.73e-05
[23:50:30 INFO] Epoch 19 complete — avg_loss=0.1999  time=405s
[23:51:02 INFO] Epoch 20/50  iter 50/743  loss=0.1821  lr=3.71e-05
[23:51:31 INFO] Epoch 20/50  iter 100/743  loss=0.1351  lr=3.70e-05
[23:52:02 INFO] Epoch 20/50  iter 150/743  loss=0.1992  lr=3.70e-05
[23:52:30 INFO] Epoch 20/50  iter 200/743  loss=0.2535  lr=3.69e-05
[23:53:00 INFO] Epoch 20/50  iter 250/743  loss=0.1424  lr=3.68e-05
[23:53:26 INFO] Epoch 20/50  iter 300/743  loss=0.1254  lr=3.67e-05
[23:53:56 INFO] Epoch 20/50  iter 350/743  loss=0.1464  lr=3.66e-05
[23:54:23 INFO] Epoch 20/50  iter 400/743  loss=0.1574  lr=3.66e-05
[23:54:50 INFO] Epoch 20/50  iter 450/743  loss=0.1413  lr=3.65e-05
[23:55:18 INFO] Epoch 20/50  iter 500/743  loss=0.1789  lr=3.64e-05
[23:55:45 INFO] Epoch 20/50  iter 550/743  loss=0.2023  lr=3.63e-05
[23:56:12 INFO] Epoch 20/50  iter 600/743  loss=0.0779  lr=3.62e-05
[23:56:40 INFO] Epoch 20/50  iter 650/743  loss=0.1034  lr=3.61e-05
[23:57:08 INFO] Epoch 20/50  iter 700/743  loss=0.1308  lr=3.61e-05
[23:57:31 INFO] Epoch 20 complete — avg_loss=0.1940  time=421s
[23:59:32 INFO]   val mIoU = 0.7198
[23:59:33 INFO]   ★ New best val mIoU: 0.7198
[00:00:03 INFO] Epoch 21/50  iter 50/743  loss=1.0197  lr=3.59e-05
[00:00:30 INFO] Epoch 21/50  iter 100/743  loss=0.3769  lr=3.58e-05
[00:00:59 INFO] Epoch 21/50  iter 150/743  loss=0.1868  lr=3.58e-05
[00:01:25 INFO] Epoch 21/50  iter 200/743  loss=0.1783  lr=3.57e-05
[00:01:54 INFO] Epoch 21/50  iter 250/743  loss=0.1746  lr=3.56e-05
[00:02:20 INFO] Epoch 21/50  iter 300/743  loss=0.1126  lr=3.55e-05
[00:02:49 INFO] Epoch 21/50  iter 350/743  loss=0.1443  lr=3.54e-05
[00:03:13 INFO] Epoch 21/50  iter 400/743  loss=0.3657  lr=3.54e-05
[00:03:40 INFO] Epoch 21/50  iter 450/743  loss=0.2836  lr=3.53e-05
[00:04:06 INFO] Epoch 21/50  iter 500/743  loss=0.1575  lr=3.52e-05
[00:04:33 INFO] Epoch 21/50  iter 550/743  loss=0.0926  lr=3.51e-05
[00:05:01 INFO] Epoch 21/50  iter 600/743  loss=0.1536  lr=3.50e-05
[00:05:26 INFO] Epoch 21/50  iter 650/743  loss=0.2420  lr=3.49e-05
[00:05:51 INFO] Epoch 21/50  iter 700/743  loss=0.1054  lr=3.49e-05
[00:06:16 INFO] Epoch 21 complete — avg_loss=0.1964  time=402s
[00:06:47 INFO] Epoch 22/50  iter 50/743  loss=0.1669  lr=3.47e-05
[00:07:16 INFO] Epoch 22/50  iter 100/743  loss=0.1269  lr=3.46e-05
[00:07:44 INFO] Epoch 22/50  iter 150/743  loss=0.3126  lr=3.46e-05
[00:08:12 INFO] Epoch 22/50  iter 200/743  loss=0.1941  lr=3.45e-05
[00:08:38 INFO] Epoch 22/50  iter 250/743  loss=0.1389  lr=3.44e-05
[00:09:06 INFO] Epoch 22/50  iter 300/743  loss=0.1600  lr=3.43e-05
[00:09:33 INFO] Epoch 22/50  iter 350/743  loss=0.1390  lr=3.42e-05
[00:10:01 INFO] Epoch 22/50  iter 400/743  loss=0.3382  lr=3.42e-05
[00:10:28 INFO] Epoch 22/50  iter 450/743  loss=0.2200  lr=3.41e-05
[00:10:54 INFO] Epoch 22/50  iter 500/743  loss=0.1669  lr=3.40e-05
[00:11:20 INFO] Epoch 22/50  iter 550/743  loss=0.1045  lr=3.39e-05
[00:11:46 INFO] Epoch 22/50  iter 600/743  loss=0.1718  lr=3.38e-05
[00:12:13 INFO] Epoch 22/50  iter 650/743  loss=0.1791  lr=3.37e-05
[00:12:43 INFO] Epoch 22/50  iter 700/743  loss=0.2518  lr=3.37e-05
[00:13:08 INFO] Epoch 22 complete — avg_loss=0.1893  time=412s
[00:13:37 INFO] Epoch 23/50  iter 50/743  loss=0.1186  lr=3.35e-05
[00:14:03 INFO] Epoch 23/50  iter 100/743  loss=0.1648  lr=3.34e-05
[00:14:32 INFO] Epoch 23/50  iter 150/743  loss=0.1631  lr=3.34e-05
[00:15:01 INFO] Epoch 23/50  iter 200/743  loss=0.1480  lr=3.33e-05
[00:15:30 INFO] Epoch 23/50  iter 250/743  loss=0.1815  lr=3.32e-05
[00:15:58 INFO] Epoch 23/50  iter 300/743  loss=0.1217  lr=3.31e-05
[00:16:25 INFO] Epoch 23/50  iter 350/743  loss=0.1763  lr=3.30e-05
[00:16:50 INFO] Epoch 23/50  iter 400/743  loss=0.1639  lr=3.30e-05
[00:17:17 INFO] Epoch 23/50  iter 450/743  loss=0.1411  lr=3.29e-05
[00:17:42 INFO] Epoch 23/50  iter 500/743  loss=0.0990  lr=3.28e-05
[00:18:09 INFO] Epoch 23/50  iter 550/743  loss=0.1352  lr=3.27e-05
[00:18:35 INFO] Epoch 23/50  iter 600/743  loss=0.3972  lr=3.26e-05
[00:19:01 INFO] Epoch 23/50  iter 650/743  loss=0.0452  lr=3.25e-05
[00:19:26 INFO] Epoch 23/50  iter 700/743  loss=0.3248  lr=3.25e-05
[00:19:47 INFO] Epoch 23 complete — avg_loss=0.1826  time=398s
[00:20:15 INFO] Epoch 24/50  iter 50/743  loss=0.1200  lr=3.23e-05
[00:20:42 INFO] Epoch 24/50  iter 100/743  loss=0.0883  lr=3.22e-05
[00:21:10 INFO] Epoch 24/50  iter 150/743  loss=0.1549  lr=3.22e-05
[00:21:38 INFO] Epoch 24/50  iter 200/743  loss=0.0720  lr=3.21e-05
[00:22:07 INFO] Epoch 24/50  iter 250/743  loss=0.1130  lr=3.20e-05
[00:22:36 INFO] Epoch 24/50  iter 300/743  loss=0.0681  lr=3.19e-05
[00:23:03 INFO] Epoch 24/50  iter 350/743  loss=0.1455  lr=3.18e-05
[00:23:32 INFO] Epoch 24/50  iter 400/743  loss=0.1914  lr=3.18e-05
[00:23:58 INFO] Epoch 24/50  iter 450/743  loss=0.1153  lr=3.17e-05
[00:24:24 INFO] Epoch 24/50  iter 500/743  loss=0.1140  lr=3.16e-05
[00:24:51 INFO] Epoch 24/50  iter 550/743  loss=0.3008  lr=3.15e-05
[00:25:16 INFO] Epoch 24/50  iter 600/743  loss=0.5131  lr=3.14e-05
[00:25:45 INFO] Epoch 24/50  iter 650/743  loss=0.0883  lr=3.13e-05
[00:26:11 INFO] Epoch 24/50  iter 700/743  loss=0.1327  lr=3.13e-05
[00:26:37 INFO] Epoch 24 complete — avg_loss=0.1790  time=409s
[00:27:08 INFO] Epoch 25/50  iter 50/743  loss=0.0713  lr=3.11e-05
[00:27:36 INFO] Epoch 25/50  iter 100/743  loss=0.1150  lr=3.10e-05
[00:28:01 INFO] Epoch 25/50  iter 150/743  loss=0.1935  lr=3.10e-05
[00:28:27 INFO] Epoch 25/50  iter 200/743  loss=0.1065  lr=3.09e-05
[00:28:54 INFO] Epoch 25/50  iter 250/743  loss=0.1260  lr=3.08e-05
[00:29:22 INFO] Epoch 25/50  iter 300/743  loss=0.0695  lr=3.07e-05
[00:29:50 INFO] Epoch 25/50  iter 350/743  loss=0.1375  lr=3.06e-05
[00:30:16 INFO] Epoch 25/50  iter 400/743  loss=0.1262  lr=3.06e-05
[00:30:46 INFO] Epoch 25/50  iter 450/743  loss=0.1780  lr=3.05e-05
[00:31:16 INFO] Epoch 25/50  iter 500/743  loss=0.0603  lr=3.04e-05
[00:31:46 INFO] Epoch 25/50  iter 550/743  loss=0.1105  lr=3.03e-05
[00:32:11 INFO] Epoch 25/50  iter 600/743  loss=0.1579  lr=3.02e-05
[00:32:38 INFO] Epoch 25/50  iter 650/743  loss=0.0878  lr=3.01e-05
[00:33:04 INFO] Epoch 25/50  iter 700/743  loss=0.2075  lr=3.01e-05
[00:33:30 INFO] Epoch 25 complete — avg_loss=0.1835  time=413s
[00:35:52 INFO]   val mIoU = 0.7395
[00:35:53 INFO]   ★ New best val mIoU: 0.7395
[00:36:23 INFO] Epoch 26/50  iter 50/743  loss=0.2196  lr=2.99e-05
[00:36:50 INFO] Epoch 26/50  iter 100/743  loss=0.0614  lr=2.98e-05
[00:37:15 INFO] Epoch 26/50  iter 150/743  loss=0.1055  lr=2.98e-05
[00:37:43 INFO] Epoch 26/50  iter 200/743  loss=0.2030  lr=2.97e-05
[00:38:10 INFO] Epoch 26/50  iter 250/743  loss=0.1309  lr=2.96e-05
[00:38:37 INFO] Epoch 26/50  iter 300/743  loss=0.0458  lr=2.95e-05
[00:39:05 INFO] Epoch 26/50  iter 350/743  loss=0.0909  lr=2.94e-05
[00:39:31 INFO] Epoch 26/50  iter 400/743  loss=0.0440  lr=2.94e-05
[00:39:55 INFO] Epoch 26/50  iter 450/743  loss=0.1872  lr=2.93e-05
[00:40:21 INFO] Epoch 26/50  iter 500/743  loss=0.1694  lr=2.92e-05
[00:40:45 INFO] Epoch 26/50  iter 550/743  loss=0.1790  lr=2.91e-05
[00:41:12 INFO] Epoch 26/50  iter 600/743  loss=0.1684  lr=2.90e-05
[00:41:39 INFO] Epoch 26/50  iter 650/743  loss=0.1286  lr=2.89e-05
[00:42:03 INFO] Epoch 26/50  iter 700/743  loss=0.2719  lr=2.89e-05
[00:42:27 INFO] Epoch 26 complete — avg_loss=0.1780  time=393s
[00:42:59 INFO] Epoch 27/50  iter 50/743  loss=0.2334  lr=2.87e-05
[00:43:29 INFO] Epoch 27/50  iter 100/743  loss=0.0936  lr=2.86e-05
[00:44:02 INFO] Epoch 27/50  iter 150/743  loss=0.2073  lr=2.86e-05
[00:44:30 INFO] Epoch 27/50  iter 200/743  loss=0.1614  lr=2.85e-05
[00:44:56 INFO] Epoch 27/50  iter 250/743  loss=0.1270  lr=2.84e-05
[00:45:25 INFO] Epoch 27/50  iter 300/743  loss=0.1694  lr=2.83e-05
[00:45:52 INFO] Epoch 27/50  iter 350/743  loss=0.0390  lr=2.82e-05
[00:46:18 INFO] Epoch 27/50  iter 400/743  loss=0.1998  lr=2.82e-05
[00:46:46 INFO] Epoch 27/50  iter 450/743  loss=0.2155  lr=2.81e-05
[00:47:15 INFO] Epoch 27/50  iter 500/743  loss=0.1690  lr=2.80e-05
[00:47:42 INFO] Epoch 27/50  iter 550/743  loss=0.1323  lr=2.79e-05
[00:48:07 INFO] Epoch 27/50  iter 600/743  loss=0.1224  lr=2.78e-05
[00:48:35 INFO] Epoch 27/50  iter 650/743  loss=0.4697  lr=2.77e-05
[00:49:04 INFO] Epoch 27/50  iter 700/743  loss=0.0987  lr=2.77e-05
[00:49:24 INFO] Epoch 27 complete — avg_loss=0.1682  time=417s
[00:49:54 INFO] Epoch 28/50  iter 50/743  loss=0.1996  lr=2.75e-05
[00:50:20 INFO] Epoch 28/50  iter 100/743  loss=0.3396  lr=2.74e-05
[00:50:44 INFO] Epoch 28/50  iter 150/743  loss=0.0863  lr=2.74e-05
[00:51:09 INFO] Epoch 28/50  iter 200/743  loss=0.1656  lr=2.73e-05
[00:51:40 INFO] Epoch 28/50  iter 250/743  loss=0.1310  lr=2.72e-05
[00:52:09 INFO] Epoch 28/50  iter 300/743  loss=0.1618  lr=2.71e-05
[00:52:37 INFO] Epoch 28/50  iter 350/743  loss=0.0924  lr=2.70e-05
[00:53:05 INFO] Epoch 28/50  iter 400/743  loss=0.1407  lr=2.70e-05
[00:53:34 INFO] Epoch 28/50  iter 450/743  loss=0.1426  lr=2.69e-05
[00:54:00 INFO] Epoch 28/50  iter 500/743  loss=0.4185  lr=2.68e-05
[00:54:27 INFO] Epoch 28/50  iter 550/743  loss=0.1983  lr=2.67e-05
[00:54:55 INFO] Epoch 28/50  iter 600/743  loss=0.2116  lr=2.66e-05
[00:55:22 INFO] Epoch 28/50  iter 650/743  loss=0.1215  lr=2.65e-05
[00:55:49 INFO] Epoch 28/50  iter 700/743  loss=0.3406  lr=2.65e-05
[00:56:14 INFO] Epoch 28 complete — avg_loss=0.1625  time=410s
[00:56:45 INFO] Epoch 29/50  iter 50/743  loss=0.0581  lr=2.63e-05
[00:57:12 INFO] Epoch 29/50  iter 100/743  loss=0.1189  lr=2.62e-05
[00:57:38 INFO] Epoch 29/50  iter 150/743  loss=0.1301  lr=2.62e-05
[00:58:04 INFO] Epoch 29/50  iter 200/743  loss=0.1917  lr=2.61e-05
[00:58:28 INFO] Epoch 29/50  iter 250/743  loss=0.0602  lr=2.60e-05
[00:58:53 INFO] Epoch 29/50  iter 300/743  loss=0.0973  lr=2.59e-05
[00:59:28 INFO] Epoch 29/50  iter 350/743  loss=0.0965  lr=2.58e-05
[00:59:55 INFO] Epoch 29/50  iter 400/743  loss=0.1936  lr=2.58e-05
[01:00:24 INFO] Epoch 29/50  iter 450/743  loss=0.1829  lr=2.57e-05
[01:00:52 INFO] Epoch 29/50  iter 500/743  loss=0.1622  lr=2.56e-05
[01:01:19 INFO] Epoch 29/50  iter 550/743  loss=0.2336  lr=2.55e-05
[01:01:45 INFO] Epoch 29/50  iter 600/743  loss=0.1466  lr=2.54e-05
[01:02:13 INFO] Epoch 29/50  iter 650/743  loss=0.0703  lr=2.53e-05
[01:02:35 INFO] Epoch 29/50  iter 700/743  loss=0.1434  lr=2.53e-05
[01:02:54 INFO] Epoch 29 complete — avg_loss=0.1624  time=399s
[01:03:27 INFO] Epoch 30/50  iter 50/743  loss=0.1665  lr=2.51e-05
[01:03:55 INFO] Epoch 30/50  iter 100/743  loss=0.1790  lr=2.50e-05
[01:04:24 INFO] Epoch 30/50  iter 150/743  loss=0.1169  lr=2.50e-05
[01:04:52 INFO] Epoch 30/50  iter 200/743  loss=0.2313  lr=2.49e-05
[01:05:17 INFO] Epoch 30/50  iter 250/743  loss=0.0887  lr=2.48e-05
[01:05:45 INFO] Epoch 30/50  iter 300/743  loss=0.0682  lr=2.47e-05
[01:06:10 INFO] Epoch 30/50  iter 350/743  loss=0.0467  lr=2.46e-05
[01:06:35 INFO] Epoch 30/50  iter 400/743  loss=0.1530  lr=2.46e-05
[01:07:00 INFO] Epoch 30/50  iter 450/743  loss=0.1078  lr=2.45e-05
[01:07:26 INFO] Epoch 30/50  iter 500/743  loss=0.1544  lr=2.44e-05
[01:07:52 INFO] Epoch 30/50  iter 550/743  loss=0.1356  lr=2.43e-05
[01:08:15 INFO] Epoch 30/50  iter 600/743  loss=0.3704  lr=2.42e-05
[01:08:41 INFO] Epoch 30/50  iter 650/743  loss=0.0881  lr=2.41e-05
[01:09:07 INFO] Epoch 30/50  iter 700/743  loss=0.1378  lr=2.41e-05
[01:09:30 INFO] Epoch 30 complete — avg_loss=0.1637  time=395s
[01:11:51 INFO]   val mIoU = 0.7492
[01:11:52 INFO]   ★ New best val mIoU: 0.7492
[01:12:22 INFO] Epoch 31/50  iter 50/743  loss=0.2679  lr=2.39e-05
[01:12:51 INFO] Epoch 31/50  iter 100/743  loss=0.1200  lr=2.38e-05
[01:13:19 INFO] Epoch 31/50  iter 150/743  loss=0.2279  lr=2.38e-05
[01:13:49 INFO] Epoch 31/50  iter 200/743  loss=0.1702  lr=2.37e-05
[01:14:18 INFO] Epoch 31/50  iter 250/743  loss=0.1965  lr=2.36e-05
[01:14:45 INFO] Epoch 31/50  iter 300/743  loss=0.1656  lr=2.35e-05
[01:15:16 INFO] Epoch 31/50  iter 350/743  loss=0.3363  lr=2.34e-05
[01:15:45 INFO] Epoch 31/50  iter 400/743  loss=0.1488  lr=2.34e-05
[01:16:14 INFO] Epoch 31/50  iter 450/743  loss=0.2139  lr=2.33e-05
[01:16:43 INFO] Epoch 31/50  iter 500/743  loss=0.1907  lr=2.32e-05
[01:17:12 INFO] Epoch 31/50  iter 550/743  loss=0.0882  lr=2.31e-05
[01:17:39 INFO] Epoch 31/50  iter 600/743  loss=0.1124  lr=2.30e-05
[01:18:07 INFO] Epoch 31/50  iter 650/743  loss=0.1437  lr=2.29e-05
[01:18:37 INFO] Epoch 31/50  iter 700/743  loss=0.1597  lr=2.29e-05
[01:18:58 INFO] Epoch 31 complete — avg_loss=0.1610  time=426s
[01:19:31 INFO] Epoch 32/50  iter 50/743  loss=0.0710  lr=2.27e-05
[01:19:57 INFO] Epoch 32/50  iter 100/743  loss=0.1668  lr=2.26e-05
[01:20:25 INFO] Epoch 32/50  iter 150/743  loss=0.0856  lr=2.26e-05
[01:20:57 INFO] Epoch 32/50  iter 200/743  loss=0.1400  lr=2.25e-05
[01:21:25 INFO] Epoch 32/50  iter 250/743  loss=0.1999  lr=2.24e-05
[01:21:55 INFO] Epoch 32/50  iter 300/743  loss=0.1043  lr=2.23e-05
[01:22:26 INFO] Epoch 32/50  iter 350/743  loss=0.2112  lr=2.22e-05
[01:22:57 INFO] Epoch 32/50  iter 400/743  loss=0.1426  lr=2.22e-05
[01:23:27 INFO] Epoch 32/50  iter 450/743  loss=0.0799  lr=2.21e-05
[01:23:56 INFO] Epoch 32/50  iter 500/743  loss=0.2175  lr=2.20e-05
[01:24:28 INFO] Epoch 32/50  iter 550/743  loss=0.0862  lr=2.19e-05
[01:24:56 INFO] Epoch 32/50  iter 600/743  loss=0.1825  lr=2.18e-05
[01:25:26 INFO] Epoch 32/50  iter 650/743  loss=0.1875  lr=2.17e-05
[01:25:54 INFO] Epoch 32/50  iter 700/743  loss=0.1131  lr=2.17e-05
[01:26:17 INFO] Epoch 32 complete — avg_loss=0.1648  time=438s
[01:26:48 INFO] Epoch 33/50  iter 50/743  loss=0.5748  lr=2.15e-05
[01:27:16 INFO] Epoch 33/50  iter 100/743  loss=0.1254  lr=2.14e-05
[01:27:51 INFO] Epoch 33/50  iter 150/743  loss=0.1264  lr=2.14e-05
[01:28:25 INFO] Epoch 33/50  iter 200/743  loss=0.0859  lr=2.13e-05
[01:28:58 INFO] Epoch 33/50  iter 250/743  loss=0.2031  lr=2.12e-05
[01:29:27 INFO] Epoch 33/50  iter 300/743  loss=0.1456  lr=2.11e-05
[01:29:58 INFO] Epoch 33/50  iter 350/743  loss=0.1270  lr=2.10e-05
[01:30:26 INFO] Epoch 33/50  iter 400/743  loss=0.2615  lr=2.10e-05
[01:30:55 INFO] Epoch 33/50  iter 450/743  loss=0.0711  lr=2.09e-05
[01:31:23 INFO] Epoch 33/50  iter 500/743  loss=0.1074  lr=2.08e-05
[01:31:48 INFO] Epoch 33/50  iter 550/743  loss=0.1018  lr=2.07e-05
[01:32:14 INFO] Epoch 33/50  iter 600/743  loss=0.1179  lr=2.06e-05
[01:32:41 INFO] Epoch 33/50  iter 650/743  loss=0.0933  lr=2.05e-05
[01:33:06 INFO] Epoch 33/50  iter 700/743  loss=0.1389  lr=2.05e-05
[01:33:27 INFO] Epoch 33 complete — avg_loss=0.1640  time=429s
[01:33:59 INFO] Epoch 34/50  iter 50/743  loss=0.0847  lr=2.03e-05
[01:34:27 INFO] Epoch 34/50  iter 100/743  loss=0.1423  lr=2.02e-05
[01:34:52 INFO] Epoch 34/50  iter 150/743  loss=0.1579  lr=2.02e-05
[01:35:16 INFO] Epoch 34/50  iter 200/743  loss=0.1083  lr=2.01e-05
[01:35:41 INFO] Epoch 34/50  iter 250/743  loss=0.2045  lr=2.00e-05
[01:36:08 INFO] Epoch 34/50  iter 300/743  loss=0.2638  lr=1.99e-05
[01:36:35 INFO] Epoch 34/50  iter 350/743  loss=0.1429  lr=1.98e-05
[01:37:00 INFO] Epoch 34/50  iter 400/743  loss=0.1204  lr=1.98e-05
[01:37:25 INFO] Epoch 34/50  iter 450/743  loss=0.0717  lr=1.97e-05
[01:37:51 INFO] Epoch 34/50  iter 500/743  loss=0.0752  lr=1.96e-05
[01:38:16 INFO] Epoch 34/50  iter 550/743  loss=0.1460  lr=1.95e-05
[01:38:40 INFO] Epoch 34/50  iter 600/743  loss=0.6248  lr=1.94e-05
[01:39:05 INFO] Epoch 34/50  iter 650/743  loss=0.1360  lr=1.93e-05
[01:39:29 INFO] Epoch 34/50  iter 700/743  loss=0.1809  lr=1.93e-05
[01:39:49 INFO] Epoch 34 complete — avg_loss=0.1615  time=382s
[01:40:16 INFO] Epoch 35/50  iter 50/743  loss=0.0927  lr=1.91e-05
[01:40:42 INFO] Epoch 35/50  iter 100/743  loss=0.1747  lr=1.90e-05
[01:41:10 INFO] Epoch 35/50  iter 150/743  loss=0.1640  lr=1.90e-05
[01:41:40 INFO] Epoch 35/50  iter 200/743  loss=0.1470  lr=1.89e-05
[01:42:05 INFO] Epoch 35/50  iter 250/743  loss=0.2170  lr=1.88e-05
[01:42:32 INFO] Epoch 35/50  iter 300/743  loss=0.3456  lr=1.87e-05
[01:43:01 INFO] Epoch 35/50  iter 350/743  loss=0.1647  lr=1.86e-05
[01:43:27 INFO] Epoch 35/50  iter 400/743  loss=0.1177  lr=1.86e-05
[01:43:52 INFO] Epoch 35/50  iter 450/743  loss=0.2875  lr=1.85e-05
[01:44:20 INFO] Epoch 35/50  iter 500/743  loss=0.1159  lr=1.84e-05
[01:44:48 INFO] Epoch 35/50  iter 550/743  loss=0.2043  lr=1.83e-05
[01:45:12 INFO] Epoch 35/50  iter 600/743  loss=0.1992  lr=1.82e-05
[01:45:38 INFO] Epoch 35/50  iter 650/743  loss=0.1583  lr=1.81e-05
[01:46:07 INFO] Epoch 35/50  iter 700/743  loss=0.1600  lr=1.81e-05
[01:46:27 INFO] Epoch 35 complete — avg_loss=0.1529  time=397s
[01:49:09 INFO]   val mIoU = 0.7477
[01:49:41 INFO] Epoch 36/50  iter 50/743  loss=0.1799  lr=1.79e-05
[01:50:08 INFO] Epoch 36/50  iter 100/743  loss=0.0882  lr=1.78e-05
[01:50:35 INFO] Epoch 36/50  iter 150/743  loss=0.1081  lr=1.78e-05
[01:51:02 INFO] Epoch 36/50  iter 200/743  loss=0.1285  lr=1.77e-05
[01:51:32 INFO] Epoch 36/50  iter 250/743  loss=0.2794  lr=1.76e-05
[01:51:57 INFO] Epoch 36/50  iter 300/743  loss=0.1879  lr=1.75e-05
[01:52:23 INFO] Epoch 36/50  iter 350/743  loss=0.4060  lr=1.74e-05
[01:52:49 INFO] Epoch 36/50  iter 400/743  loss=0.0406  lr=1.74e-05
[01:53:18 INFO] Epoch 36/50  iter 450/743  loss=0.1365  lr=1.73e-05
[01:53:46 INFO] Epoch 36/50  iter 500/743  loss=0.0555  lr=1.72e-05
[01:54:17 INFO] Epoch 36/50  iter 550/743  loss=0.1081  lr=1.71e-05
[01:54:48 INFO] Epoch 36/50  iter 600/743  loss=0.0308  lr=1.70e-05
[01:55:17 INFO] Epoch 36/50  iter 650/743  loss=0.1091  lr=1.69e-05
[01:55:47 INFO] Epoch 36/50  iter 700/743  loss=0.1698  lr=1.69e-05
[01:56:11 INFO] Epoch 36 complete — avg_loss=0.1546  time=422s
[01:56:42 INFO] Epoch 37/50  iter 50/743  loss=0.0481  lr=1.67e-05
[01:57:10 INFO] Epoch 37/50  iter 100/743  loss=0.1301  lr=1.66e-05
[01:57:37 INFO] Epoch 37/50  iter 150/743  loss=0.1381  lr=1.66e-05
[01:58:04 INFO] Epoch 37/50  iter 200/743  loss=0.2448  lr=1.65e-05
[01:58:29 INFO] Epoch 37/50  iter 250/743  loss=0.1399  lr=1.64e-05
[01:58:56 INFO] Epoch 37/50  iter 300/743  loss=0.1693  lr=1.63e-05
[01:59:24 INFO] Epoch 37/50  iter 350/743  loss=0.1088  lr=1.62e-05
[01:59:48 INFO] Epoch 37/50  iter 400/743  loss=0.3372  lr=1.62e-05
[02:00:16 INFO] Epoch 37/50  iter 450/743  loss=0.0895  lr=1.61e-05
[02:00:48 INFO] Epoch 37/50  iter 500/743  loss=0.2277  lr=1.60e-05
[02:01:18 INFO] Epoch 37/50  iter 550/743  loss=0.1626  lr=1.59e-05
[02:01:46 INFO] Epoch 37/50  iter 600/743  loss=0.1609  lr=1.58e-05
[02:02:17 INFO] Epoch 37/50  iter 650/743  loss=0.1397  lr=1.57e-05
[02:02:46 INFO] Epoch 37/50  iter 700/743  loss=0.0955  lr=1.57e-05
[02:03:10 INFO] Epoch 37 complete — avg_loss=0.1557  time=418s
[02:03:40 INFO] Epoch 38/50  iter 50/743  loss=0.2421  lr=1.55e-05
[02:04:08 INFO] Epoch 38/50  iter 100/743  loss=0.1144  lr=1.54e-05
[02:04:30 INFO] Epoch 38/50  iter 150/743  loss=0.2025  lr=1.54e-05
[02:04:57 INFO] Epoch 38/50  iter 200/743  loss=0.0760  lr=1.53e-05
[02:05:23 INFO] Epoch 38/50  iter 250/743  loss=0.1044  lr=1.52e-05
[02:05:49 INFO] Epoch 38/50  iter 300/743  loss=0.0895  lr=1.51e-05
[02:06:17 INFO] Epoch 38/50  iter 350/743  loss=0.1182  lr=1.50e-05
[02:06:43 INFO] Epoch 38/50  iter 400/743  loss=0.1591  lr=1.50e-05
[02:07:11 INFO] Epoch 38/50  iter 450/743  loss=0.2571  lr=1.49e-05
[02:07:37 INFO] Epoch 38/50  iter 500/743  loss=0.2019  lr=1.48e-05
[02:08:06 INFO] Epoch 38/50  iter 550/743  loss=0.1702  lr=1.47e-05
[02:08:34 INFO] Epoch 38/50  iter 600/743  loss=0.1681  lr=1.46e-05
[02:09:04 INFO] Epoch 38/50  iter 650/743  loss=0.1152  lr=1.45e-05
[02:09:32 INFO] Epoch 38/50  iter 700/743  loss=0.1382  lr=1.45e-05
[02:09:55 INFO] Epoch 38 complete — avg_loss=0.1478  time=404s
[02:10:24 INFO] Epoch 39/50  iter 50/743  loss=0.0958  lr=1.43e-05
[02:10:50 INFO] Epoch 39/50  iter 100/743  loss=0.2114  lr=1.42e-05
[02:11:17 INFO] Epoch 39/50  iter 150/743  loss=0.1035  lr=1.42e-05
[02:11:44 INFO] Epoch 39/50  iter 200/743  loss=0.1228  lr=1.41e-05
[02:12:11 INFO] Epoch 39/50  iter 250/743  loss=0.1731  lr=1.40e-05
[02:12:38 INFO] Epoch 39/50  iter 300/743  loss=0.2346  lr=1.39e-05
[02:13:07 INFO] Epoch 39/50  iter 350/743  loss=0.1911  lr=1.38e-05
[02:13:32 INFO] Epoch 39/50  iter 400/743  loss=0.2247  lr=1.38e-05
[02:13:58 INFO] Epoch 39/50  iter 450/743  loss=0.2384  lr=1.37e-05
[02:14:23 INFO] Epoch 39/50  iter 500/743  loss=0.1376  lr=1.36e-05
[02:14:48 INFO] Epoch 39/50  iter 550/743  loss=0.5066  lr=1.35e-05
[02:15:12 INFO] Epoch 39/50  iter 600/743  loss=0.0813  lr=1.34e-05
[02:15:36 INFO] Epoch 39/50  iter 650/743  loss=0.0737  lr=1.33e-05
[02:16:04 INFO] Epoch 39/50  iter 700/743  loss=0.1342  lr=1.33e-05
[02:16:26 INFO] Epoch 39 complete — avg_loss=0.1533  time=391s
[02:16:55 INFO] Epoch 40/50  iter 50/743  loss=0.0793  lr=1.31e-05
[02:17:26 INFO] Epoch 40/50  iter 100/743  loss=0.0711  lr=1.30e-05
[02:17:52 INFO] Epoch 40/50  iter 150/743  loss=0.0554  lr=1.30e-05
[02:18:22 INFO] Epoch 40/50  iter 200/743  loss=0.0956  lr=1.29e-05
[02:18:48 INFO] Epoch 40/50  iter 250/743  loss=0.1474  lr=1.28e-05
[02:19:13 INFO] Epoch 40/50  iter 300/743  loss=0.1080  lr=1.27e-05
[02:19:41 INFO] Epoch 40/50  iter 350/743  loss=0.1401  lr=1.26e-05
[02:20:08 INFO] Epoch 40/50  iter 400/743  loss=0.1733  lr=1.26e-05
[02:20:34 INFO] Epoch 40/50  iter 450/743  loss=0.0499  lr=1.25e-05
[02:20:58 INFO] Epoch 40/50  iter 500/743  loss=0.1814  lr=1.24e-05
[02:21:23 INFO] Epoch 40/50  iter 550/743  loss=0.2775  lr=1.23e-05
[02:21:53 INFO] Epoch 40/50  iter 600/743  loss=0.2669  lr=1.22e-05
[02:22:26 INFO] Epoch 40/50  iter 650/743  loss=0.1087  lr=1.21e-05
[02:22:55 INFO] Epoch 40/50  iter 700/743  loss=0.1631  lr=1.21e-05
[02:23:21 INFO] Epoch 40 complete — avg_loss=0.1499  time=414s
[02:26:01 INFO]   val mIoU = 0.7557
[02:26:02 INFO]   ★ New best val mIoU: 0.7557
[02:26:29 INFO] Epoch 41/50  iter 50/743  loss=0.1221  lr=1.19e-05
[02:26:55 INFO] Epoch 41/50  iter 100/743  loss=0.1673  lr=1.18e-05
[02:27:22 INFO] Epoch 41/50  iter 150/743  loss=0.1389  lr=1.18e-05
[02:27:52 INFO] Epoch 41/50  iter 200/743  loss=0.1496  lr=1.17e-05
[02:28:21 INFO] Epoch 41/50  iter 250/743  loss=0.1503  lr=1.16e-05
[02:28:47 INFO] Epoch 41/50  iter 300/743  loss=0.1630  lr=1.15e-05
[02:29:16 INFO] Epoch 41/50  iter 350/743  loss=0.0728  lr=1.14e-05
[02:29:42 INFO] Epoch 41/50  iter 400/743  loss=0.0614  lr=1.14e-05
[02:30:10 INFO] Epoch 41/50  iter 450/743  loss=0.0929  lr=1.13e-05
[02:30:37 INFO] Epoch 41/50  iter 500/743  loss=0.0669  lr=1.12e-05
[02:31:08 INFO] Epoch 41/50  iter 550/743  loss=0.1098  lr=1.11e-05
[02:31:40 INFO] Epoch 41/50  iter 600/743  loss=0.0998  lr=1.10e-05
[02:32:08 INFO] Epoch 41/50  iter 650/743  loss=0.2667  lr=1.09e-05
[02:32:39 INFO] Epoch 41/50  iter 700/743  loss=0.2645  lr=1.09e-05
[02:33:00 INFO] Epoch 41 complete — avg_loss=0.1526  time=417s
[02:33:31 INFO] Epoch 42/50  iter 50/743  loss=0.3267  lr=1.07e-05
[02:33:58 INFO] Epoch 42/50  iter 100/743  loss=0.0974  lr=1.06e-05
[02:34:23 INFO] Epoch 42/50  iter 150/743  loss=0.1262  lr=1.06e-05
[02:34:52 INFO] Epoch 42/50  iter 200/743  loss=0.1537  lr=1.05e-05
[02:35:15 INFO] Epoch 42/50  iter 250/743  loss=0.2089  lr=1.04e-05
[02:35:44 INFO] Epoch 42/50  iter 300/743  loss=0.2474  lr=1.03e-05
[02:36:13 INFO] Epoch 42/50  iter 350/743  loss=0.1781  lr=1.02e-05
[02:36:39 INFO] Epoch 42/50  iter 400/743  loss=0.0619  lr=1.02e-05
[02:37:05 INFO] Epoch 42/50  iter 450/743  loss=0.1066  lr=1.01e-05
[02:37:30 INFO] Epoch 42/50  iter 500/743  loss=0.0747  lr=9.99e-06
[02:37:56 INFO] Epoch 42/50  iter 550/743  loss=0.2786  lr=9.91e-06
[02:38:24 INFO] Epoch 42/50  iter 600/743  loss=0.1484  lr=9.83e-06
[02:38:50 INFO] Epoch 42/50  iter 650/743  loss=0.1019  lr=9.75e-06
[02:39:17 INFO] Epoch 42/50  iter 700/743  loss=0.1926  lr=9.67e-06
[02:39:37 INFO] Epoch 42 complete — avg_loss=0.1421  time=396s
[02:40:05 INFO] Epoch 43/50  iter 50/743  loss=0.1131  lr=9.52e-06
[02:40:31 INFO] Epoch 43/50  iter 100/743  loss=0.1765  lr=9.44e-06
[02:41:00 INFO] Epoch 43/50  iter 150/743  loss=0.1120  lr=9.36e-06
[02:41:29 INFO] Epoch 43/50  iter 200/743  loss=0.1410  lr=9.28e-06
[02:41:59 INFO] Epoch 43/50  iter 250/743  loss=0.2036  lr=9.19e-06
[02:42:32 INFO] Epoch 43/50  iter 300/743  loss=0.1527  lr=9.11e-06
[02:42:59 INFO] Epoch 43/50  iter 350/743  loss=0.1481  lr=9.03e-06
[02:43:30 INFO] Epoch 43/50  iter 400/743  loss=0.2517  lr=8.95e-06
[02:43:58 INFO] Epoch 43/50  iter 450/743  loss=0.1388  lr=8.87e-06
[02:44:30 INFO] Epoch 43/50  iter 500/743  loss=0.2208  lr=8.79e-06
[02:44:57 INFO] Epoch 43/50  iter 550/743  loss=0.1154  lr=8.71e-06
[02:45:28 INFO] Epoch 43/50  iter 600/743  loss=0.1096  lr=8.63e-06
[02:45:55 INFO] Epoch 43/50  iter 650/743  loss=0.2583  lr=8.55e-06
[02:46:28 INFO] Epoch 43/50  iter 700/743  loss=0.1072  lr=8.47e-06
[02:46:54 INFO] Epoch 43 complete — avg_loss=0.1488  time=437s
[02:47:25 INFO] Epoch 44/50  iter 50/743  loss=0.0616  lr=8.32e-06
[02:47:50 INFO] Epoch 44/50  iter 100/743  loss=0.1471  lr=8.24e-06
[02:48:16 INFO] Epoch 44/50  iter 150/743  loss=0.0600  lr=8.16e-06
[02:48:40 INFO] Epoch 44/50  iter 200/743  loss=0.1279  lr=8.08e-06
[02:49:07 INFO] Epoch 44/50  iter 250/743  loss=0.1087  lr=7.99e-06
[02:49:32 INFO] Epoch 44/50  iter 300/743  loss=0.1093  lr=7.91e-06
[02:49:56 INFO] Epoch 44/50  iter 350/743  loss=0.1322  lr=7.83e-06
[02:50:21 INFO] Epoch 44/50  iter 400/743  loss=0.1308  lr=7.75e-06
[02:50:46 INFO] Epoch 44/50  iter 450/743  loss=0.1086  lr=7.67e-06
[02:51:13 INFO] Epoch 44/50  iter 500/743  loss=0.1606  lr=7.59e-06
[02:51:38 INFO] Epoch 44/50  iter 550/743  loss=0.2070  lr=7.51e-06
[02:52:04 INFO] Epoch 44/50  iter 600/743  loss=0.0863  lr=7.43e-06
[02:52:29 INFO] Epoch 44/50  iter 650/743  loss=0.1170  lr=7.35e-06
[02:52:53 INFO] Epoch 44/50  iter 700/743  loss=0.1381  lr=7.27e-06
[02:53:16 INFO] Epoch 44 complete — avg_loss=0.1491  time=381s
[02:53:44 INFO] Epoch 45/50  iter 50/743  loss=0.1256  lr=7.12e-06
[02:54:10 INFO] Epoch 45/50  iter 100/743  loss=0.1184  lr=7.04e-06
[02:54:35 INFO] Epoch 45/50  iter 150/743  loss=0.1327  lr=6.96e-06
[02:55:00 INFO] Epoch 45/50  iter 200/743  loss=0.0998  lr=6.88e-06
[02:55:24 INFO] Epoch 45/50  iter 250/743  loss=0.1790  lr=6.79e-06
[02:55:53 INFO] Epoch 45/50  iter 300/743  loss=0.1823  lr=6.71e-06
[02:56:19 INFO] Epoch 45/50  iter 350/743  loss=0.1295  lr=6.63e-06
[02:56:47 INFO] Epoch 45/50  iter 400/743  loss=0.1279  lr=6.55e-06
[02:57:12 INFO] Epoch 45/50  iter 450/743  loss=0.1951  lr=6.47e-06
[02:57:38 INFO] Epoch 45/50  iter 500/743  loss=0.1144  lr=6.39e-06
[02:58:05 INFO] Epoch 45/50  iter 550/743  loss=0.0808  lr=6.31e-06
[02:58:31 INFO] Epoch 45/50  iter 600/743  loss=0.0484  lr=6.23e-06
[02:58:58 INFO] Epoch 45/50  iter 650/743  loss=0.1337  lr=6.15e-06
[02:59:23 INFO] Epoch 45/50  iter 700/743  loss=0.0834  lr=6.07e-06
[02:59:49 INFO] Epoch 45 complete — avg_loss=0.1442  time=392s
[03:02:30 INFO]   val mIoU = 0.7613
[03:02:30 INFO]   ★ New best val mIoU: 0.7613
[03:02:59 INFO] Epoch 46/50  iter 50/743  loss=0.1170  lr=5.92e-06
[03:03:25 INFO] Epoch 46/50  iter 100/743  loss=0.1025  lr=5.84e-06
[03:03:51 INFO] Epoch 46/50  iter 150/743  loss=0.0737  lr=5.76e-06
[03:04:16 INFO] Epoch 46/50  iter 200/743  loss=0.0904  lr=5.68e-06
[03:04:41 INFO] Epoch 46/50  iter 250/743  loss=0.1243  lr=5.59e-06
[03:05:09 INFO] Epoch 46/50  iter 300/743  loss=0.2194  lr=5.51e-06
[03:05:33 INFO] Epoch 46/50  iter 350/743  loss=0.0903  lr=5.43e-06
[03:06:00 INFO] Epoch 46/50  iter 400/743  loss=0.3414  lr=5.35e-06
[03:06:27 INFO] Epoch 46/50  iter 450/743  loss=0.1409  lr=5.27e-06
[03:06:55 INFO] Epoch 46/50  iter 500/743  loss=0.0673  lr=5.19e-06
[03:07:21 INFO] Epoch 46/50  iter 550/743  loss=0.1109  lr=5.11e-06
[03:07:45 INFO] Epoch 46/50  iter 600/743  loss=0.2383  lr=5.03e-06
[03:08:11 INFO] Epoch 46/50  iter 650/743  loss=0.1814  lr=4.95e-06
[03:08:37 INFO] Epoch 46/50  iter 700/743  loss=0.0764  lr=4.87e-06
[03:08:56 INFO] Epoch 46 complete — avg_loss=0.1402  time=385s
[03:09:26 INFO] Epoch 47/50  iter 50/743  loss=0.0683  lr=4.72e-06
[03:09:51 INFO] Epoch 47/50  iter 100/743  loss=0.0965  lr=4.64e-06
[03:10:18 INFO] Epoch 47/50  iter 150/743  loss=0.2305  lr=4.56e-06
[03:10:42 INFO] Epoch 47/50  iter 200/743  loss=0.1365  lr=4.48e-06
[03:11:09 INFO] Epoch 47/50  iter 250/743  loss=0.0707  lr=4.39e-06
[03:11:35 INFO] Epoch 47/50  iter 300/743  loss=0.0877  lr=4.31e-06
[03:12:03 INFO] Epoch 47/50  iter 350/743  loss=0.0867  lr=4.23e-06
[03:12:31 INFO] Epoch 47/50  iter 400/743  loss=0.1168  lr=4.15e-06
[03:13:02 INFO] Epoch 47/50  iter 450/743  loss=0.1051  lr=4.07e-06
[03:13:28 INFO] Epoch 47/50  iter 500/743  loss=0.1592  lr=3.99e-06
[03:13:54 INFO] Epoch 47/50  iter 550/743  loss=0.1472  lr=3.91e-06
[03:14:21 INFO] Epoch 47/50  iter 600/743  loss=0.1724  lr=3.83e-06
[03:14:46 INFO] Epoch 47/50  iter 650/743  loss=0.1492  lr=3.75e-06
[03:15:14 INFO] Epoch 47/50  iter 700/743  loss=0.1020  lr=3.67e-06
[03:15:34 INFO] Epoch 47 complete — avg_loss=0.1372  time=397s
[03:16:05 INFO] Epoch 48/50  iter 50/743  loss=0.1192  lr=3.52e-06
[03:16:29 INFO] Epoch 48/50  iter 100/743  loss=0.1145  lr=3.44e-06
[03:16:58 INFO] Epoch 48/50  iter 150/743  loss=0.0696  lr=3.36e-06
[03:17:27 INFO] Epoch 48/50  iter 200/743  loss=0.1613  lr=3.28e-06
[03:17:55 INFO] Epoch 48/50  iter 250/743  loss=0.3118  lr=3.19e-06
[03:18:22 INFO] Epoch 48/50  iter 300/743  loss=0.0581  lr=3.11e-06
[03:18:51 INFO] Epoch 48/50  iter 350/743  loss=0.1651  lr=3.03e-06
[03:19:17 INFO] Epoch 48/50  iter 400/743  loss=0.2242  lr=2.95e-06
[03:19:46 INFO] Epoch 48/50  iter 450/743  loss=0.1148  lr=2.87e-06
[03:20:13 INFO] Epoch 48/50  iter 500/743  loss=0.1169  lr=2.79e-06
[03:20:40 INFO] Epoch 48/50  iter 550/743  loss=0.0859  lr=2.71e-06
[03:21:08 INFO] Epoch 48/50  iter 600/743  loss=0.0775  lr=2.63e-06
[03:21:37 INFO] Epoch 48/50  iter 650/743  loss=0.1900  lr=2.55e-06
[03:22:07 INFO] Epoch 48/50  iter 700/743  loss=0.1952  lr=2.47e-06
[03:22:32 INFO] Epoch 48 complete — avg_loss=0.1388  time=418s
[03:23:00 INFO] Epoch 49/50  iter 50/743  loss=0.2804  lr=2.32e-06
[03:23:27 INFO] Epoch 49/50  iter 100/743  loss=0.2317  lr=2.24e-06
[03:23:53 INFO] Epoch 49/50  iter 150/743  loss=0.0806  lr=2.16e-06
[03:24:21 INFO] Epoch 49/50  iter 200/743  loss=0.1102  lr=2.08e-06
[03:24:47 INFO] Epoch 49/50  iter 250/743  loss=0.1800  lr=1.99e-06
[03:25:15 INFO] Epoch 49/50  iter 300/743  loss=0.0363  lr=1.91e-06
[03:25:43 INFO] Epoch 49/50  iter 350/743  loss=0.0626  lr=1.83e-06
[03:26:10 INFO] Epoch 49/50  iter 400/743  loss=0.0790  lr=1.75e-06
[03:26:35 INFO] Epoch 49/50  iter 450/743  loss=0.1384  lr=1.67e-06
[03:27:04 INFO] Epoch 49/50  iter 500/743  loss=0.0701  lr=1.59e-06
[03:27:32 INFO] Epoch 49/50  iter 550/743  loss=0.1235  lr=1.51e-06
[03:28:00 INFO] Epoch 49/50  iter 600/743  loss=0.1786  lr=1.43e-06
[03:28:25 INFO] Epoch 49/50  iter 650/743  loss=0.0634  lr=1.35e-06
[03:28:53 INFO] Epoch 49/50  iter 700/743  loss=0.2066  lr=1.27e-06
[03:29:18 INFO] Epoch 49 complete — avg_loss=0.1382  time=406s
[03:29:53 INFO] Epoch 50/50  iter 50/743  loss=0.0931  lr=1.12e-06
[03:30:22 INFO] Epoch 50/50  iter 100/743  loss=0.1331  lr=1.04e-06
[03:30:49 INFO] Epoch 50/50  iter 150/743  loss=0.1956  lr=9.56e-07
[03:31:18 INFO] Epoch 50/50  iter 200/743  loss=0.0938  lr=8.75e-07
[03:31:46 INFO] Epoch 50/50  iter 250/743  loss=0.1396  lr=7.95e-07
[03:32:13 INFO] Epoch 50/50  iter 300/743  loss=0.0956  lr=7.14e-07
[03:32:40 INFO] Epoch 50/50  iter 350/743  loss=0.1151  lr=6.33e-07
[03:33:07 INFO] Epoch 50/50  iter 400/743  loss=0.1315  lr=5.52e-07
[03:33:35 INFO] Epoch 50/50  iter 450/743  loss=0.0890  lr=4.72e-07
[03:34:02 INFO] Epoch 50/50  iter 500/743  loss=0.1479  lr=3.91e-07
[03:34:27 INFO] Epoch 50/50  iter 550/743  loss=0.1199  lr=3.10e-07
[03:34:53 INFO] Epoch 50/50  iter 600/743  loss=0.2388  lr=2.29e-07
[03:35:19 INFO] Epoch 50/50  iter 650/743  loss=0.1704  lr=1.49e-07
[03:35:44 INFO] Epoch 50/50  iter 700/743  loss=0.0667  lr=6.78e-08
[03:36:05 INFO] Epoch 50 complete — avg_loss=0.1411  time=407s
[03:38:45 INFO]   val mIoU = 0.7651
[03:38:46 INFO]   ★ New best val mIoU: 0.7651
[03:38:47 INFO] Training complete. Best val mIoU = 0.7651
