[07:29:53 INFO] Device: cuda
[07:29:55 INFO] Using fog cache: data/fog_cache/depthaware_b001
[07:29:57 INFO] Train: 2975 samples  |  Val: 500 samples
[07:30:10 INFO] Epoch 1/50  iter 50/743  loss=1.6128  lr=5.99e-05
[07:30:22 INFO] Epoch 1/50  iter 100/743  loss=1.1072  lr=5.98e-05
[07:30:35 INFO] Epoch 1/50  iter 150/743  loss=1.2107  lr=5.98e-05
[07:30:47 INFO] Epoch 1/50  iter 200/743  loss=0.7438  lr=5.97e-05
[07:30:59 INFO] Epoch 1/50  iter 250/743  loss=1.2504  lr=5.96e-05
[07:31:12 INFO] Epoch 1/50  iter 300/743  loss=0.7126  lr=5.95e-05
[07:31:24 INFO] Epoch 1/50  iter 350/743  loss=1.4136  lr=5.94e-05
[07:31:37 INFO] Epoch 1/50  iter 400/743  loss=0.4362  lr=5.94e-05
[07:31:49 INFO] Epoch 1/50  iter 450/743  loss=0.5922  lr=5.93e-05
[07:32:01 INFO] Epoch 1/50  iter 500/743  loss=0.5337  lr=5.92e-05
[07:32:14 INFO] Epoch 1/50  iter 550/743  loss=0.3236  lr=5.91e-05
[07:32:26 INFO] Epoch 1/50  iter 600/743  loss=0.4945  lr=5.90e-05
[07:32:38 INFO] Epoch 1/50  iter 650/743  loss=0.8139  lr=5.89e-05
[07:32:51 INFO] Epoch 1/50  iter 700/743  loss=0.6075  lr=5.89e-05
[07:33:02 INFO] Epoch 1 complete — avg_loss=0.8524  time=185s
[07:33:15 INFO] Epoch 2/50  iter 50/743  loss=0.8184  lr=5.87e-05
[07:33:28 INFO] Epoch 2/50  iter 100/743  loss=0.2571  lr=5.86e-05
[07:33:40 INFO] Epoch 2/50  iter 150/743  loss=0.2830  lr=5.86e-05
[07:33:52 INFO] Epoch 2/50  iter 200/743  loss=0.4402  lr=5.85e-05
[07:34:05 INFO] Epoch 2/50  iter 250/743  loss=0.5461  lr=5.84e-05
[07:34:17 INFO] Epoch 2/50  iter 300/743  loss=0.4540  lr=5.83e-05
[07:34:29 INFO] Epoch 2/50  iter 350/743  loss=0.3137  lr=5.82e-05
[07:34:42 INFO] Epoch 2/50  iter 400/743  loss=0.4254  lr=5.82e-05
[07:34:54 INFO] Epoch 2/50  iter 450/743  loss=0.3254  lr=5.81e-05
[07:35:07 INFO] Epoch 2/50  iter 500/743  loss=0.9200  lr=5.80e-05
[07:35:19 INFO] Epoch 2/50  iter 550/743  loss=0.3303  lr=5.79e-05
[07:35:31 INFO] Epoch 2/50  iter 600/743  loss=0.3176  lr=5.78e-05
[07:35:44 INFO] Epoch 2/50  iter 650/743  loss=0.6967  lr=5.77e-05
[07:35:56 INFO] Epoch 2/50  iter 700/743  loss=0.2314  lr=5.77e-05
[07:36:07 INFO] Epoch 2 complete — avg_loss=0.4546  time=185s
[07:36:21 INFO] Epoch 3/50  iter 50/743  loss=0.3156  lr=5.75e-05
[07:36:33 INFO] Epoch 3/50  iter 100/743  loss=0.3823  lr=5.74e-05
[07:36:45 INFO] Epoch 3/50  iter 150/743  loss=0.3292  lr=5.74e-05
[07:36:58 INFO] Epoch 3/50  iter 200/743  loss=0.3381  lr=5.73e-05
[07:37:10 INFO] Epoch 3/50  iter 250/743  loss=0.3382  lr=5.72e-05
[07:37:23 INFO] Epoch 3/50  iter 300/743  loss=0.3504  lr=5.71e-05
[07:37:35 INFO] Epoch 3/50  iter 350/743  loss=0.2481  lr=5.70e-05
[07:37:47 INFO] Epoch 3/50  iter 400/743  loss=0.2968  lr=5.70e-05
[07:38:00 INFO] Epoch 3/50  iter 450/743  loss=0.2890  lr=5.69e-05
[07:38:12 INFO] Epoch 3/50  iter 500/743  loss=0.2390  lr=5.68e-05
[07:38:24 INFO] Epoch 3/50  iter 550/743  loss=0.4308  lr=5.67e-05
[07:38:37 INFO] Epoch 3/50  iter 600/743  loss=0.4720  lr=5.66e-05
[07:38:49 INFO] Epoch 3/50  iter 650/743  loss=0.3196  lr=5.65e-05
[07:39:02 INFO] Epoch 3/50  iter 700/743  loss=0.5819  lr=5.65e-05
[07:39:12 INFO] Epoch 3 complete — avg_loss=0.3782  time=185s
[07:39:26 INFO] Epoch 4/50  iter 50/743  loss=0.2592  lr=5.63e-05
[07:39:38 INFO] Epoch 4/50  iter 100/743  loss=0.2288  lr=5.62e-05
[07:39:50 INFO] Epoch 4/50  iter 150/743  loss=0.2611  lr=5.62e-05
[07:40:03 INFO] Epoch 4/50  iter 200/743  loss=0.2754  lr=5.61e-05
[07:40:15 INFO] Epoch 4/50  iter 250/743  loss=0.4219  lr=5.60e-05
[07:40:28 INFO] Epoch 4/50  iter 300/743  loss=0.3006  lr=5.59e-05
[07:40:40 INFO] Epoch 4/50  iter 350/743  loss=0.2610  lr=5.58e-05
[07:40:52 INFO] Epoch 4/50  iter 400/743  loss=0.3556  lr=5.58e-05
[07:41:05 INFO] Epoch 4/50  iter 450/743  loss=0.2101  lr=5.57e-05
[07:41:17 INFO] Epoch 4/50  iter 500/743  loss=0.2339  lr=5.56e-05
[07:41:30 INFO] Epoch 4/50  iter 550/743  loss=0.5672  lr=5.55e-05
[07:41:42 INFO] Epoch 4/50  iter 600/743  loss=0.2070  lr=5.54e-05
[07:41:54 INFO] Epoch 4/50  iter 650/743  loss=0.2972  lr=5.53e-05
[07:42:07 INFO] Epoch 4/50  iter 700/743  loss=0.3082  lr=5.53e-05
[07:42:17 INFO] Epoch 4 complete — avg_loss=0.3390  time=185s
[07:42:31 INFO] Epoch 5/50  iter 50/743  loss=0.2274  lr=5.51e-05
[07:42:43 INFO] Epoch 5/50  iter 100/743  loss=0.2151  lr=5.50e-05
[07:42:56 INFO] Epoch 5/50  iter 150/743  loss=0.1648  lr=5.50e-05
[07:43:08 INFO] Epoch 5/50  iter 200/743  loss=0.1735  lr=5.49e-05
[07:43:21 INFO] Epoch 5/50  iter 250/743  loss=0.2913  lr=5.48e-05
[07:43:33 INFO] Epoch 5/50  iter 300/743  loss=0.3395  lr=5.47e-05
[07:43:45 INFO] Epoch 5/50  iter 350/743  loss=0.2001  lr=5.46e-05
[07:43:58 INFO] Epoch 5/50  iter 400/743  loss=0.3647  lr=5.46e-05
[07:44:10 INFO] Epoch 5/50  iter 450/743  loss=0.6233  lr=5.45e-05
[07:44:22 INFO] Epoch 5/50  iter 500/743  loss=0.3640  lr=5.44e-05
[07:44:35 INFO] Epoch 5/50  iter 550/743  loss=1.4300  lr=5.43e-05
[07:44:47 INFO] Epoch 5/50  iter 600/743  loss=0.2983  lr=5.42e-05
[07:45:00 INFO] Epoch 5/50  iter 650/743  loss=0.2872  lr=5.41e-05
[07:45:12 INFO] Epoch 5/50  iter 700/743  loss=0.2225  lr=5.41e-05
[07:45:23 INFO] Epoch 5 complete — avg_loss=0.3072  time=184s
[07:46:16 INFO]   val mIoU = 0.4668
[07:46:17 INFO]   ★ New best val mIoU: 0.4668
[07:46:30 INFO] Epoch 6/50  iter 50/743  loss=0.2477  lr=5.39e-05
[07:46:43 INFO] Epoch 6/50  iter 100/743  loss=0.4643  lr=5.38e-05
[07:46:55 INFO] Epoch 6/50  iter 150/743  loss=0.3604  lr=5.38e-05
[07:47:07 INFO] Epoch 6/50  iter 200/743  loss=0.2418  lr=5.37e-05
[07:47:20 INFO] Epoch 6/50  iter 250/743  loss=0.1960  lr=5.36e-05
[07:47:32 INFO] Epoch 6/50  iter 300/743  loss=0.2162  lr=5.35e-05
[07:47:44 INFO] Epoch 6/50  iter 350/743  loss=0.1548  lr=5.34e-05
[07:47:57 INFO] Epoch 6/50  iter 400/743  loss=0.3252  lr=5.34e-05
[07:48:09 INFO] Epoch 6/50  iter 450/743  loss=0.1448  lr=5.33e-05
[07:48:22 INFO] Epoch 6/50  iter 500/743  loss=0.4502  lr=5.32e-05
[07:48:34 INFO] Epoch 6/50  iter 550/743  loss=0.3438  lr=5.31e-05
[07:48:46 INFO] Epoch 6/50  iter 600/743  loss=0.2026  lr=5.30e-05
[07:48:59 INFO] Epoch 6/50  iter 650/743  loss=0.2880  lr=5.29e-05
[07:49:11 INFO] Epoch 6/50  iter 700/743  loss=0.1610  lr=5.29e-05
[07:49:22 INFO] Epoch 6 complete — avg_loss=0.2909  time=185s
[07:49:36 INFO] Epoch 7/50  iter 50/743  loss=0.2987  lr=5.27e-05
[07:49:48 INFO] Epoch 7/50  iter 100/743  loss=0.3247  lr=5.26e-05
[07:50:01 INFO] Epoch 7/50  iter 150/743  loss=0.2396  lr=5.26e-05
[07:50:13 INFO] Epoch 7/50  iter 200/743  loss=0.3036  lr=5.25e-05
[07:50:25 INFO] Epoch 7/50  iter 250/743  loss=0.3145  lr=5.24e-05
[07:50:38 INFO] Epoch 7/50  iter 300/743  loss=0.2954  lr=5.23e-05
[07:50:50 INFO] Epoch 7/50  iter 350/743  loss=0.2301  lr=5.22e-05
[07:51:02 INFO] Epoch 7/50  iter 400/743  loss=0.3901  lr=5.22e-05
[07:51:15 INFO] Epoch 7/50  iter 450/743  loss=0.2061  lr=5.21e-05
[07:51:27 INFO] Epoch 7/50  iter 500/743  loss=0.1691  lr=5.20e-05
[07:51:39 INFO] Epoch 7/50  iter 550/743  loss=0.1192  lr=5.19e-05
[07:51:52 INFO] Epoch 7/50  iter 600/743  loss=0.0883  lr=5.18e-05
[07:52:04 INFO] Epoch 7/50  iter 650/743  loss=0.1568  lr=5.17e-05
[07:52:16 INFO] Epoch 7/50  iter 700/743  loss=0.2432  lr=5.17e-05
[07:52:27 INFO] Epoch 7 complete — avg_loss=0.2742  time=184s
[07:52:41 INFO] Epoch 8/50  iter 50/743  loss=0.3908  lr=5.15e-05
[07:52:53 INFO] Epoch 8/50  iter 100/743  loss=0.2291  lr=5.14e-05
[07:53:05 INFO] Epoch 8/50  iter 150/743  loss=0.3940  lr=5.14e-05
[07:53:18 INFO] Epoch 8/50  iter 200/743  loss=0.1229  lr=5.13e-05
[07:53:30 INFO] Epoch 8/50  iter 250/743  loss=0.4985  lr=5.12e-05
[07:53:42 INFO] Epoch 8/50  iter 300/743  loss=0.2257  lr=5.11e-05
[07:53:55 INFO] Epoch 8/50  iter 350/743  loss=0.1202  lr=5.10e-05
[07:54:07 INFO] Epoch 8/50  iter 400/743  loss=0.2450  lr=5.10e-05
[07:54:20 INFO] Epoch 8/50  iter 450/743  loss=0.1564  lr=5.09e-05
[07:54:32 INFO] Epoch 8/50  iter 500/743  loss=0.1915  lr=5.08e-05
[07:54:44 INFO] Epoch 8/50  iter 550/743  loss=0.1266  lr=5.07e-05
[07:54:57 INFO] Epoch 8/50  iter 600/743  loss=0.8218  lr=5.06e-05
[07:55:09 INFO] Epoch 8/50  iter 650/743  loss=0.1721  lr=5.05e-05
[07:55:22 INFO] Epoch 8/50  iter 700/743  loss=0.1821  lr=5.05e-05
[07:55:32 INFO] Epoch 8 complete — avg_loss=0.2636  time=185s
[07:55:46 INFO] Epoch 9/50  iter 50/743  loss=0.2502  lr=5.03e-05
[07:55:58 INFO] Epoch 9/50  iter 100/743  loss=0.1917  lr=5.02e-05
[07:56:10 INFO] Epoch 9/50  iter 150/743  loss=0.1709  lr=5.02e-05
[07:56:23 INFO] Epoch 9/50  iter 200/743  loss=0.1933  lr=5.01e-05
[07:56:35 INFO] Epoch 9/50  iter 250/743  loss=0.2463  lr=5.00e-05
[07:56:48 INFO] Epoch 9/50  iter 300/743  loss=0.3874  lr=4.99e-05
[07:57:00 INFO] Epoch 9/50  iter 350/743  loss=0.2475  lr=4.98e-05
[07:57:12 INFO] Epoch 9/50  iter 400/743  loss=0.3173  lr=4.98e-05
[07:57:25 INFO] Epoch 9/50  iter 450/743  loss=0.5114  lr=4.97e-05
[07:57:37 INFO] Epoch 9/50  iter 500/743  loss=0.2630  lr=4.96e-05
[07:57:49 INFO] Epoch 9/50  iter 550/743  loss=0.4778  lr=4.95e-05
[07:58:02 INFO] Epoch 9/50  iter 600/743  loss=0.1939  lr=4.94e-05
[07:58:14 INFO] Epoch 9/50  iter 650/743  loss=0.2399  lr=4.93e-05
[07:58:27 INFO] Epoch 9/50  iter 700/743  loss=0.2410  lr=4.93e-05
[07:58:37 INFO] Epoch 9 complete — avg_loss=0.2666  time=184s
[07:58:51 INFO] Epoch 10/50  iter 50/743  loss=0.1243  lr=4.91e-05
[07:59:03 INFO] Epoch 10/50  iter 100/743  loss=0.1672  lr=4.90e-05
[07:59:15 INFO] Epoch 10/50  iter 150/743  loss=0.2611  lr=4.90e-05
[07:59:28 INFO] Epoch 10/50  iter 200/743  loss=0.0528  lr=4.89e-05
[07:59:40 INFO] Epoch 10/50  iter 250/743  loss=0.3123  lr=4.88e-05
[07:59:53 INFO] Epoch 10/50  iter 300/743  loss=0.0924  lr=4.87e-05
[08:00:05 INFO] Epoch 10/50  iter 350/743  loss=0.3203  lr=4.86e-05
[08:00:17 INFO] Epoch 10/50  iter 400/743  loss=0.2189  lr=4.86e-05
[08:00:30 INFO] Epoch 10/50  iter 450/743  loss=0.2059  lr=4.85e-05
[08:00:42 INFO] Epoch 10/50  iter 500/743  loss=0.1072  lr=4.84e-05
[08:00:54 INFO] Epoch 10/50  iter 550/743  loss=0.1988  lr=4.83e-05
[08:01:07 INFO] Epoch 10/50  iter 600/743  loss=0.5302  lr=4.82e-05
[08:01:19 INFO] Epoch 10/50  iter 650/743  loss=0.3547  lr=4.81e-05
[08:01:32 INFO] Epoch 10/50  iter 700/743  loss=0.2193  lr=4.81e-05
[08:01:42 INFO] Epoch 10 complete — avg_loss=0.2464  time=184s
[08:02:35 INFO]   val mIoU = 0.5603
[08:02:36 INFO]   ★ New best val mIoU: 0.5603
[08:02:49 INFO] Epoch 11/50  iter 50/743  loss=0.5338  lr=4.79e-05
[08:03:02 INFO] Epoch 11/50  iter 100/743  loss=0.2247  lr=4.78e-05
[08:03:14 INFO] Epoch 11/50  iter 150/743  loss=0.3915  lr=4.78e-05
[08:03:27 INFO] Epoch 11/50  iter 200/743  loss=0.3982  lr=4.77e-05
[08:03:39 INFO] Epoch 11/50  iter 250/743  loss=0.2046  lr=4.76e-05
[08:03:51 INFO] Epoch 11/50  iter 300/743  loss=0.6721  lr=4.75e-05
[08:04:04 INFO] Epoch 11/50  iter 350/743  loss=0.1083  lr=4.74e-05
[08:04:16 INFO] Epoch 11/50  iter 400/743  loss=0.1983  lr=4.74e-05
[08:04:28 INFO] Epoch 11/50  iter 450/743  loss=0.2391  lr=4.73e-05
[08:04:41 INFO] Epoch 11/50  iter 500/743  loss=0.1651  lr=4.72e-05
[08:04:53 INFO] Epoch 11/50  iter 550/743  loss=0.5417  lr=4.71e-05
[08:05:06 INFO] Epoch 11/50  iter 600/743  loss=0.2846  lr=4.70e-05
[08:05:18 INFO] Epoch 11/50  iter 650/743  loss=0.2658  lr=4.69e-05
[08:05:30 INFO] Epoch 11/50  iter 700/743  loss=0.1272  lr=4.69e-05
[08:05:41 INFO] Epoch 11 complete — avg_loss=0.2320  time=185s
[08:05:55 INFO] Epoch 12/50  iter 50/743  loss=0.2170  lr=4.67e-05
[08:06:07 INFO] Epoch 12/50  iter 100/743  loss=0.1437  lr=4.66e-05
[08:06:19 INFO] Epoch 12/50  iter 150/743  loss=0.2724  lr=4.66e-05
[08:06:32 INFO] Epoch 12/50  iter 200/743  loss=0.2471  lr=4.65e-05
[08:06:44 INFO] Epoch 12/50  iter 250/743  loss=0.3945  lr=4.64e-05
[08:06:57 INFO] Epoch 12/50  iter 300/743  loss=0.2058  lr=4.63e-05
[08:07:09 INFO] Epoch 12/50  iter 350/743  loss=0.2583  lr=4.62e-05
[08:07:21 INFO] Epoch 12/50  iter 400/743  loss=0.4155  lr=4.62e-05
[08:07:34 INFO] Epoch 12/50  iter 450/743  loss=0.0831  lr=4.61e-05
[08:07:46 INFO] Epoch 12/50  iter 500/743  loss=0.1615  lr=4.60e-05
[08:07:59 INFO] Epoch 12/50  iter 550/743  loss=0.1831  lr=4.59e-05
[08:08:11 INFO] Epoch 12/50  iter 600/743  loss=0.2031  lr=4.58e-05
[08:08:23 INFO] Epoch 12/50  iter 650/743  loss=0.1549  lr=4.57e-05
[08:08:36 INFO] Epoch 12/50  iter 700/743  loss=0.1480  lr=4.57e-05
[08:08:46 INFO] Epoch 12 complete — avg_loss=0.2297  time=185s
[08:09:00 INFO] Epoch 13/50  iter 50/743  loss=0.1990  lr=4.55e-05
[08:09:12 INFO] Epoch 13/50  iter 100/743  loss=0.0638  lr=4.54e-05
[08:09:25 INFO] Epoch 13/50  iter 150/743  loss=0.2337  lr=4.54e-05
[08:09:37 INFO] Epoch 13/50  iter 200/743  loss=0.1268  lr=4.53e-05
[08:09:49 INFO] Epoch 13/50  iter 250/743  loss=0.1831  lr=4.52e-05
[08:10:02 INFO] Epoch 13/50  iter 300/743  loss=0.1798  lr=4.51e-05
[08:10:14 INFO] Epoch 13/50  iter 350/743  loss=0.1316  lr=4.50e-05
[08:10:27 INFO] Epoch 13/50  iter 400/743  loss=0.1611  lr=4.50e-05
[08:10:39 INFO] Epoch 13/50  iter 450/743  loss=0.3790  lr=4.49e-05
[08:10:51 INFO] Epoch 13/50  iter 500/743  loss=0.1290  lr=4.48e-05
[08:11:04 INFO] Epoch 13/50  iter 550/743  loss=0.1456  lr=4.47e-05
[08:11:16 INFO] Epoch 13/50  iter 600/743  loss=0.1578  lr=4.46e-05
[08:11:28 INFO] Epoch 13/50  iter 650/743  loss=0.1331  lr=4.45e-05
[08:11:41 INFO] Epoch 13/50  iter 700/743  loss=0.1521  lr=4.45e-05
[08:11:52 INFO] Epoch 13 complete — avg_loss=0.2352  time=185s
[08:12:05 INFO] Epoch 14/50  iter 50/743  loss=0.1240  lr=4.43e-05
[08:12:17 INFO] Epoch 14/50  iter 100/743  loss=0.2138  lr=4.42e-05
[08:12:30 INFO] Epoch 14/50  iter 150/743  loss=0.1548  lr=4.42e-05
[08:12:42 INFO] Epoch 14/50  iter 200/743  loss=0.1845  lr=4.41e-05
[08:12:55 INFO] Epoch 14/50  iter 250/743  loss=0.2181  lr=4.40e-05
[08:13:07 INFO] Epoch 14/50  iter 300/743  loss=0.2180  lr=4.39e-05
[08:13:19 INFO] Epoch 14/50  iter 350/743  loss=0.1559  lr=4.38e-05
[08:13:32 INFO] Epoch 14/50  iter 400/743  loss=0.5835  lr=4.38e-05
[08:13:44 INFO] Epoch 14/50  iter 450/743  loss=0.2367  lr=4.37e-05
[08:13:57 INFO] Epoch 14/50  iter 500/743  loss=0.1421  lr=4.36e-05
[08:14:09 INFO] Epoch 14/50  iter 550/743  loss=0.3082  lr=4.35e-05
[08:14:21 INFO] Epoch 14/50  iter 600/743  loss=0.2137  lr=4.34e-05
[08:14:34 INFO] Epoch 14/50  iter 650/743  loss=0.1385  lr=4.33e-05
[08:14:46 INFO] Epoch 14/50  iter 700/743  loss=0.4439  lr=4.33e-05
[08:14:57 INFO] Epoch 14 complete — avg_loss=0.2211  time=185s
[08:15:10 INFO] Epoch 15/50  iter 50/743  loss=0.1715  lr=4.31e-05
[08:15:23 INFO] Epoch 15/50  iter 100/743  loss=0.1897  lr=4.30e-05
[08:15:35 INFO] Epoch 15/50  iter 150/743  loss=0.2999  lr=4.30e-05
[08:15:48 INFO] Epoch 15/50  iter 200/743  loss=0.1848  lr=4.29e-05
[08:16:00 INFO] Epoch 15/50  iter 250/743  loss=0.2176  lr=4.28e-05
[08:16:12 INFO] Epoch 15/50  iter 300/743  loss=0.3180  lr=4.27e-05
[08:16:25 INFO] Epoch 15/50  iter 350/743  loss=0.1566  lr=4.26e-05
[08:16:37 INFO] Epoch 15/50  iter 400/743  loss=0.2416  lr=4.26e-05
[08:16:49 INFO] Epoch 15/50  iter 450/743  loss=0.1373  lr=4.25e-05
[08:17:02 INFO] Epoch 15/50  iter 500/743  loss=0.2336  lr=4.24e-05
[08:17:14 INFO] Epoch 15/50  iter 550/743  loss=0.2304  lr=4.23e-05
[08:17:27 INFO] Epoch 15/50  iter 600/743  loss=0.1857  lr=4.22e-05
[08:17:39 INFO] Epoch 15/50  iter 650/743  loss=0.1638  lr=4.21e-05
[08:17:51 INFO] Epoch 15/50  iter 700/743  loss=0.1055  lr=4.21e-05
[08:18:02 INFO] Epoch 15 complete — avg_loss=0.2250  time=185s
[08:18:56 INFO]   val mIoU = 0.5883
[08:18:57 INFO]   ★ New best val mIoU: 0.5883
[08:19:10 INFO] Epoch 16/50  iter 50/743  loss=0.1259  lr=4.19e-05
[08:19:23 INFO] Epoch 16/50  iter 100/743  loss=0.2501  lr=4.18e-05
[08:19:35 INFO] Epoch 16/50  iter 150/743  loss=0.1341  lr=4.18e-05
[08:19:48 INFO] Epoch 16/50  iter 200/743  loss=0.1000  lr=4.17e-05
[08:20:00 INFO] Epoch 16/50  iter 250/743  loss=0.1604  lr=4.16e-05
[08:20:12 INFO] Epoch 16/50  iter 300/743  loss=0.1494  lr=4.15e-05
[08:20:25 INFO] Epoch 16/50  iter 350/743  loss=0.3097  lr=4.14e-05
[08:20:37 INFO] Epoch 16/50  iter 400/743  loss=0.0779  lr=4.14e-05
[08:20:49 INFO] Epoch 16/50  iter 450/743  loss=0.1669  lr=4.13e-05
[08:21:02 INFO] Epoch 16/50  iter 500/743  loss=0.2260  lr=4.12e-05
[08:21:14 INFO] Epoch 16/50  iter 550/743  loss=0.2184  lr=4.11e-05
[08:21:27 INFO] Epoch 16/50  iter 600/743  loss=0.2345  lr=4.10e-05
[08:21:39 INFO] Epoch 16/50  iter 650/743  loss=0.1393  lr=4.09e-05
[08:21:51 INFO] Epoch 16/50  iter 700/743  loss=0.1799  lr=4.09e-05
[08:22:02 INFO] Epoch 16 complete — avg_loss=0.2089  time=185s
[08:22:16 INFO] Epoch 17/50  iter 50/743  loss=0.1092  lr=4.07e-05
[08:22:28 INFO] Epoch 17/50  iter 100/743  loss=0.1244  lr=4.06e-05
[08:22:40 INFO] Epoch 17/50  iter 150/743  loss=0.1812  lr=4.06e-05
[08:22:53 INFO] Epoch 17/50  iter 200/743  loss=0.0792  lr=4.05e-05
[08:23:05 INFO] Epoch 17/50  iter 250/743  loss=0.1126  lr=4.04e-05
[08:23:18 INFO] Epoch 17/50  iter 300/743  loss=0.1767  lr=4.03e-05
[08:23:30 INFO] Epoch 17/50  iter 350/743  loss=0.1290  lr=4.02e-05
[08:23:42 INFO] Epoch 17/50  iter 400/743  loss=0.1751  lr=4.02e-05
[08:23:55 INFO] Epoch 17/50  iter 450/743  loss=0.2247  lr=4.01e-05
[08:24:07 INFO] Epoch 17/50  iter 500/743  loss=0.2640  lr=4.00e-05
[08:24:20 INFO] Epoch 17/50  iter 550/743  loss=0.2922  lr=3.99e-05
[08:24:32 INFO] Epoch 17/50  iter 600/743  loss=0.1152  lr=3.98e-05
[08:24:44 INFO] Epoch 17/50  iter 650/743  loss=0.1148  lr=3.97e-05
[08:24:57 INFO] Epoch 17/50  iter 700/743  loss=0.0870  lr=3.97e-05
[08:25:07 INFO] Epoch 17 complete — avg_loss=0.2067  time=185s
[08:25:21 INFO] Epoch 18/50  iter 50/743  loss=0.1629  lr=3.95e-05
[08:25:34 INFO] Epoch 18/50  iter 100/743  loss=0.4129  lr=3.94e-05
[08:25:46 INFO] Epoch 18/50  iter 150/743  loss=0.2297  lr=3.94e-05
[08:25:58 INFO] Epoch 18/50  iter 200/743  loss=0.1819  lr=3.93e-05
[08:26:11 INFO] Epoch 18/50  iter 250/743  loss=0.1768  lr=3.92e-05
[08:26:23 INFO] Epoch 18/50  iter 300/743  loss=0.2197  lr=3.91e-05
[08:26:35 INFO] Epoch 18/50  iter 350/743  loss=0.2355  lr=3.90e-05
[08:26:48 INFO] Epoch 18/50  iter 400/743  loss=0.1625  lr=3.90e-05
[08:27:00 INFO] Epoch 18/50  iter 450/743  loss=0.0860  lr=3.89e-05
[08:27:13 INFO] Epoch 18/50  iter 500/743  loss=0.0802  lr=3.88e-05
[08:27:25 INFO] Epoch 18/50  iter 550/743  loss=0.1037  lr=3.87e-05
[08:27:37 INFO] Epoch 18/50  iter 600/743  loss=0.2550  lr=3.86e-05
[08:27:50 INFO] Epoch 18/50  iter 650/743  loss=0.1625  lr=3.85e-05
[08:28:02 INFO] Epoch 18/50  iter 700/743  loss=0.2748  lr=3.85e-05
[08:28:13 INFO] Epoch 18 complete — avg_loss=0.1964  time=185s
[08:28:26 INFO] Epoch 19/50  iter 50/743  loss=0.2373  lr=3.83e-05
[08:28:39 INFO] Epoch 19/50  iter 100/743  loss=0.1467  lr=3.82e-05
[08:28:51 INFO] Epoch 19/50  iter 150/743  loss=0.1614  lr=3.82e-05
[08:29:04 INFO] Epoch 19/50  iter 200/743  loss=0.1388  lr=3.81e-05
[08:29:16 INFO] Epoch 19/50  iter 250/743  loss=0.1711  lr=3.80e-05
[08:29:28 INFO] Epoch 19/50  iter 300/743  loss=0.1021  lr=3.79e-05
[08:29:41 INFO] Epoch 19/50  iter 350/743  loss=0.1613  lr=3.78e-05
[08:29:53 INFO] Epoch 19/50  iter 400/743  loss=0.1499  lr=3.78e-05
[08:30:06 INFO] Epoch 19/50  iter 450/743  loss=0.1912  lr=3.77e-05
[08:30:18 INFO] Epoch 19/50  iter 500/743  loss=0.0925  lr=3.76e-05
[08:30:30 INFO] Epoch 19/50  iter 550/743  loss=0.1784  lr=3.75e-05
[08:30:43 INFO] Epoch 19/50  iter 600/743  loss=0.5342  lr=3.74e-05
[08:30:55 INFO] Epoch 19/50  iter 650/743  loss=0.1239  lr=3.73e-05
[08:31:08 INFO] Epoch 19/50  iter 700/743  loss=0.1773  lr=3.73e-05
[08:31:18 INFO] Epoch 19 complete — avg_loss=0.2008  time=185s
[08:31:32 INFO] Epoch 20/50  iter 50/743  loss=0.2348  lr=3.71e-05
[08:31:44 INFO] Epoch 20/50  iter 100/743  loss=0.1282  lr=3.70e-05
[08:31:56 INFO] Epoch 20/50  iter 150/743  loss=0.1407  lr=3.70e-05
[08:32:09 INFO] Epoch 20/50  iter 200/743  loss=0.2069  lr=3.69e-05
[08:32:21 INFO] Epoch 20/50  iter 250/743  loss=0.1712  lr=3.68e-05
[08:32:34 INFO] Epoch 20/50  iter 300/743  loss=0.0913  lr=3.67e-05
[08:32:46 INFO] Epoch 20/50  iter 350/743  loss=0.1113  lr=3.66e-05
[08:32:58 INFO] Epoch 20/50  iter 400/743  loss=0.1353  lr=3.66e-05
[08:33:11 INFO] Epoch 20/50  iter 450/743  loss=0.3367  lr=3.65e-05
[08:33:23 INFO] Epoch 20/50  iter 500/743  loss=0.2166  lr=3.64e-05
[08:33:35 INFO] Epoch 20/50  iter 550/743  loss=0.1863  lr=3.63e-05
[08:33:48 INFO] Epoch 20/50  iter 600/743  loss=0.0832  lr=3.62e-05
[08:34:00 INFO] Epoch 20/50  iter 650/743  loss=0.1929  lr=3.61e-05
[08:34:13 INFO] Epoch 20/50  iter 700/743  loss=0.1540  lr=3.61e-05
[08:34:23 INFO] Epoch 20 complete — avg_loss=0.1976  time=185s
[08:35:18 INFO]   val mIoU = 0.6239
[08:35:18 INFO]   ★ New best val mIoU: 0.6239
[08:35:32 INFO] Epoch 21/50  iter 50/743  loss=0.1346  lr=3.59e-05
[08:35:44 INFO] Epoch 21/50  iter 100/743  loss=0.1365  lr=3.58e-05
[08:35:57 INFO] Epoch 21/50  iter 150/743  loss=0.0966  lr=3.58e-05
[08:36:09 INFO] Epoch 21/50  iter 200/743  loss=1.6391  lr=3.57e-05
[08:36:22 INFO] Epoch 21/50  iter 250/743  loss=0.1739  lr=3.56e-05
[08:36:34 INFO] Epoch 21/50  iter 300/743  loss=0.1317  lr=3.55e-05
[08:36:46 INFO] Epoch 21/50  iter 350/743  loss=0.0826  lr=3.54e-05
[08:36:59 INFO] Epoch 21/50  iter 400/743  loss=0.2005  lr=3.54e-05
[08:37:11 INFO] Epoch 21/50  iter 450/743  loss=0.1645  lr=3.53e-05
[08:37:23 INFO] Epoch 21/50  iter 500/743  loss=0.1081  lr=3.52e-05
[08:37:36 INFO] Epoch 21/50  iter 550/743  loss=0.1196  lr=3.51e-05
[08:37:48 INFO] Epoch 21/50  iter 600/743  loss=0.1684  lr=3.50e-05
[08:38:01 INFO] Epoch 21/50  iter 650/743  loss=0.2311  lr=3.49e-05
[08:38:13 INFO] Epoch 21/50  iter 700/743  loss=0.1417  lr=3.49e-05
[08:38:24 INFO] Epoch 21 complete — avg_loss=0.1897  time=185s
[08:38:37 INFO] Epoch 22/50  iter 50/743  loss=0.1501  lr=3.47e-05
[08:38:50 INFO] Epoch 22/50  iter 100/743  loss=0.1067  lr=3.46e-05
[08:39:02 INFO] Epoch 22/50  iter 150/743  loss=0.0965  lr=3.46e-05
[08:39:14 INFO] Epoch 22/50  iter 200/743  loss=0.1509  lr=3.45e-05
[08:39:27 INFO] Epoch 22/50  iter 250/743  loss=0.1940  lr=3.44e-05
[08:39:39 INFO] Epoch 22/50  iter 300/743  loss=0.1459  lr=3.43e-05
[08:39:52 INFO] Epoch 22/50  iter 350/743  loss=0.2158  lr=3.42e-05
[08:40:04 INFO] Epoch 22/50  iter 400/743  loss=0.1498  lr=3.42e-05
[08:40:16 INFO] Epoch 22/50  iter 450/743  loss=0.1186  lr=3.41e-05
[08:40:29 INFO] Epoch 22/50  iter 500/743  loss=0.1491  lr=3.40e-05
[08:40:41 INFO] Epoch 22/50  iter 550/743  loss=0.1231  lr=3.39e-05
[08:40:53 INFO] Epoch 22/50  iter 600/743  loss=0.1333  lr=3.38e-05
[08:41:06 INFO] Epoch 22/50  iter 650/743  loss=0.1932  lr=3.37e-05
[08:41:18 INFO] Epoch 22/50  iter 700/743  loss=0.2352  lr=3.37e-05
[08:41:29 INFO] Epoch 22 complete — avg_loss=0.1816  time=185s
[08:41:42 INFO] Epoch 23/50  iter 50/743  loss=0.1482  lr=3.35e-05
[08:41:55 INFO] Epoch 23/50  iter 100/743  loss=0.1041  lr=3.34e-05
[08:42:07 INFO] Epoch 23/50  iter 150/743  loss=0.5948  lr=3.34e-05
[08:42:20 INFO] Epoch 23/50  iter 200/743  loss=0.1301  lr=3.33e-05
[08:42:32 INFO] Epoch 23/50  iter 250/743  loss=0.2455  lr=3.32e-05
[08:42:44 INFO] Epoch 23/50  iter 300/743  loss=0.1209  lr=3.31e-05
[08:42:57 INFO] Epoch 23/50  iter 350/743  loss=0.0477  lr=3.30e-05
[08:43:09 INFO] Epoch 23/50  iter 400/743  loss=0.1651  lr=3.30e-05
[08:43:22 INFO] Epoch 23/50  iter 450/743  loss=0.1893  lr=3.29e-05
[08:43:34 INFO] Epoch 23/50  iter 500/743  loss=0.1679  lr=3.28e-05
[08:43:46 INFO] Epoch 23/50  iter 550/743  loss=0.1534  lr=3.27e-05
[08:43:59 INFO] Epoch 23/50  iter 600/743  loss=0.1185  lr=3.26e-05
[08:44:11 INFO] Epoch 23/50  iter 650/743  loss=0.2039  lr=3.25e-05
[08:44:24 INFO] Epoch 23/50  iter 700/743  loss=0.0735  lr=3.25e-05
[08:44:34 INFO] Epoch 23 complete — avg_loss=0.1770  time=185s
[08:44:48 INFO] Epoch 24/50  iter 50/743  loss=0.0977  lr=3.23e-05
[08:45:00 INFO] Epoch 24/50  iter 100/743  loss=0.2008  lr=3.22e-05
[08:45:13 INFO] Epoch 24/50  iter 150/743  loss=0.1336  lr=3.22e-05
[08:45:25 INFO] Epoch 24/50  iter 200/743  loss=0.0949  lr=3.21e-05
[08:45:37 INFO] Epoch 24/50  iter 250/743  loss=0.0668  lr=3.20e-05
[08:45:50 INFO] Epoch 24/50  iter 300/743  loss=0.1360  lr=3.19e-05
[08:46:02 INFO] Epoch 24/50  iter 350/743  loss=0.1044  lr=3.18e-05
[08:46:15 INFO] Epoch 24/50  iter 400/743  loss=0.2034  lr=3.18e-05
[08:46:27 INFO] Epoch 24/50  iter 450/743  loss=0.1021  lr=3.17e-05
[08:46:39 INFO] Epoch 24/50  iter 500/743  loss=0.1298  lr=3.16e-05
[08:46:52 INFO] Epoch 24/50  iter 550/743  loss=0.1310  lr=3.15e-05
[08:47:04 INFO] Epoch 24/50  iter 600/743  loss=0.0938  lr=3.14e-05
[08:47:17 INFO] Epoch 24/50  iter 650/743  loss=0.1926  lr=3.13e-05
[08:47:29 INFO] Epoch 24/50  iter 700/743  loss=0.1156  lr=3.13e-05
[08:47:40 INFO] Epoch 24 complete — avg_loss=0.1772  time=185s
[08:47:53 INFO] Epoch 25/50  iter 50/743  loss=0.0878  lr=3.11e-05
[08:48:05 INFO] Epoch 25/50  iter 100/743  loss=0.2038  lr=3.10e-05
[08:48:18 INFO] Epoch 25/50  iter 150/743  loss=0.1366  lr=3.10e-05
[08:48:30 INFO] Epoch 25/50  iter 200/743  loss=0.1174  lr=3.09e-05
[08:48:43 INFO] Epoch 25/50  iter 250/743  loss=0.1640  lr=3.08e-05
[08:48:55 INFO] Epoch 25/50  iter 300/743  loss=0.1440  lr=3.07e-05
[08:49:07 INFO] Epoch 25/50  iter 350/743  loss=0.2040  lr=3.06e-05
[08:49:20 INFO] Epoch 25/50  iter 400/743  loss=0.0659  lr=3.06e-05
[08:49:32 INFO] Epoch 25/50  iter 450/743  loss=0.4364  lr=3.05e-05
[08:49:45 INFO] Epoch 25/50  iter 500/743  loss=0.1834  lr=3.04e-05
[08:49:57 INFO] Epoch 25/50  iter 550/743  loss=0.2947  lr=3.03e-05
[08:50:09 INFO] Epoch 25/50  iter 600/743  loss=0.1647  lr=3.02e-05
[08:50:22 INFO] Epoch 25/50  iter 650/743  loss=0.1252  lr=3.01e-05
[08:50:34 INFO] Epoch 25/50  iter 700/743  loss=0.1509  lr=3.01e-05
[08:50:45 INFO] Epoch 25 complete — avg_loss=0.1772  time=185s
[08:51:41 INFO]   val mIoU = 0.6123
[08:51:55 INFO] Epoch 26/50  iter 50/743  loss=0.1676  lr=2.99e-05
[08:52:08 INFO] Epoch 26/50  iter 100/743  loss=0.1020  lr=2.98e-05
[08:52:20 INFO] Epoch 26/50  iter 150/743  loss=0.1559  lr=2.98e-05
[08:52:33 INFO] Epoch 26/50  iter 200/743  loss=0.0800  lr=2.97e-05
[08:52:45 INFO] Epoch 26/50  iter 250/743  loss=0.1251  lr=2.96e-05
[08:52:57 INFO] Epoch 26/50  iter 300/743  loss=0.2129  lr=2.95e-05
[08:53:10 INFO] Epoch 26/50  iter 350/743  loss=0.0919  lr=2.94e-05
[08:53:22 INFO] Epoch 26/50  iter 400/743  loss=0.0951  lr=2.94e-05
[08:53:35 INFO] Epoch 26/50  iter 450/743  loss=0.1004  lr=2.93e-05
[08:53:47 INFO] Epoch 26/50  iter 500/743  loss=0.2050  lr=2.92e-05
[08:53:59 INFO] Epoch 26/50  iter 550/743  loss=0.2073  lr=2.91e-05
[08:54:12 INFO] Epoch 26/50  iter 600/743  loss=0.0789  lr=2.90e-05
[08:54:24 INFO] Epoch 26/50  iter 650/743  loss=0.1011  lr=2.89e-05
[08:54:36 INFO] Epoch 26/50  iter 700/743  loss=0.1627  lr=2.89e-05
[08:54:47 INFO] Epoch 26 complete — avg_loss=0.1743  time=185s
[08:55:01 INFO] Epoch 27/50  iter 50/743  loss=0.0938  lr=2.87e-05
[08:55:13 INFO] Epoch 27/50  iter 100/743  loss=0.1214  lr=2.86e-05
[08:55:26 INFO] Epoch 27/50  iter 150/743  loss=0.0954  lr=2.86e-05
[08:55:38 INFO] Epoch 27/50  iter 200/743  loss=0.0811  lr=2.85e-05
[08:55:50 INFO] Epoch 27/50  iter 250/743  loss=0.2215  lr=2.84e-05
[08:56:03 INFO] Epoch 27/50  iter 300/743  loss=0.1143  lr=2.83e-05
[08:56:15 INFO] Epoch 27/50  iter 350/743  loss=0.1297  lr=2.82e-05
[08:56:28 INFO] Epoch 27/50  iter 400/743  loss=0.1263  lr=2.82e-05
[08:56:40 INFO] Epoch 27/50  iter 450/743  loss=0.1133  lr=2.81e-05
[08:56:52 INFO] Epoch 27/50  iter 500/743  loss=0.1047  lr=2.80e-05
[08:57:05 INFO] Epoch 27/50  iter 550/743  loss=0.1056  lr=2.79e-05
[08:57:17 INFO] Epoch 27/50  iter 600/743  loss=0.1898  lr=2.78e-05
[08:57:29 INFO] Epoch 27/50  iter 650/743  loss=0.0812  lr=2.77e-05
[08:57:42 INFO] Epoch 27/50  iter 700/743  loss=0.2063  lr=2.77e-05
[08:57:53 INFO] Epoch 27 complete — avg_loss=0.1712  time=185s
[08:58:06 INFO] Epoch 28/50  iter 50/743  loss=0.1918  lr=2.75e-05
[08:58:19 INFO] Epoch 28/50  iter 100/743  loss=0.2048  lr=2.74e-05
[08:58:31 INFO] Epoch 28/50  iter 150/743  loss=0.0973  lr=2.74e-05
[08:58:43 INFO] Epoch 28/50  iter 200/743  loss=0.0873  lr=2.73e-05
[08:58:56 INFO] Epoch 28/50  iter 250/743  loss=0.0982  lr=2.72e-05
[08:59:08 INFO] Epoch 28/50  iter 300/743  loss=0.1671  lr=2.71e-05
[08:59:21 INFO] Epoch 28/50  iter 350/743  loss=0.1382  lr=2.70e-05
[08:59:33 INFO] Epoch 28/50  iter 400/743  loss=0.1101  lr=2.70e-05
[08:59:45 INFO] Epoch 28/50  iter 450/743  loss=0.0704  lr=2.69e-05
[08:59:58 INFO] Epoch 28/50  iter 500/743  loss=0.1902  lr=2.68e-05
[09:00:10 INFO] Epoch 28/50  iter 550/743  loss=0.0641  lr=2.67e-05
[09:00:22 INFO] Epoch 28/50  iter 600/743  loss=0.1267  lr=2.66e-05
[09:00:35 INFO] Epoch 28/50  iter 650/743  loss=0.2268  lr=2.65e-05
[09:00:47 INFO] Epoch 28/50  iter 700/743  loss=0.2343  lr=2.65e-05
[09:00:58 INFO] Epoch 28 complete — avg_loss=0.1809  time=185s
[09:01:12 INFO] Epoch 29/50  iter 50/743  loss=0.1345  lr=2.63e-05
[09:01:24 INFO] Epoch 29/50  iter 100/743  loss=0.4397  lr=2.62e-05
[09:01:36 INFO] Epoch 29/50  iter 150/743  loss=0.1446  lr=2.62e-05
[09:01:49 INFO] Epoch 29/50  iter 200/743  loss=0.1949  lr=2.61e-05
[09:02:01 INFO] Epoch 29/50  iter 250/743  loss=0.1082  lr=2.60e-05
[09:02:14 INFO] Epoch 29/50  iter 300/743  loss=0.1095  lr=2.59e-05
[09:02:26 INFO] Epoch 29/50  iter 350/743  loss=0.1843  lr=2.58e-05
[09:02:38 INFO] Epoch 29/50  iter 400/743  loss=0.1468  lr=2.58e-05
[09:02:51 INFO] Epoch 29/50  iter 450/743  loss=0.5293  lr=2.57e-05
[09:03:03 INFO] Epoch 29/50  iter 500/743  loss=0.1793  lr=2.56e-05
[09:03:16 INFO] Epoch 29/50  iter 550/743  loss=0.1177  lr=2.55e-05
[09:03:28 INFO] Epoch 29/50  iter 600/743  loss=0.3044  lr=2.54e-05
[09:03:40 INFO] Epoch 29/50  iter 650/743  loss=0.9133  lr=2.53e-05
[09:03:53 INFO] Epoch 29/50  iter 700/743  loss=0.1819  lr=2.53e-05
[09:04:03 INFO] Epoch 29 complete — avg_loss=0.1687  time=185s
[09:04:17 INFO] Epoch 30/50  iter 50/743  loss=0.0827  lr=2.51e-05
[09:04:29 INFO] Epoch 30/50  iter 100/743  loss=0.2172  lr=2.50e-05
[09:04:42 INFO] Epoch 30/50  iter 150/743  loss=0.1171  lr=2.50e-05
[09:04:54 INFO] Epoch 30/50  iter 200/743  loss=0.3080  lr=2.49e-05
[09:05:06 INFO] Epoch 30/50  iter 250/743  loss=0.1373  lr=2.48e-05
[09:05:19 INFO] Epoch 30/50  iter 300/743  loss=0.2264  lr=2.47e-05
[09:05:31 INFO] Epoch 30/50  iter 350/743  loss=0.2203  lr=2.46e-05
[09:05:44 INFO] Epoch 30/50  iter 400/743  loss=0.1791  lr=2.46e-05
[09:05:56 INFO] Epoch 30/50  iter 450/743  loss=0.1991  lr=2.45e-05
[09:06:08 INFO] Epoch 30/50  iter 500/743  loss=0.1538  lr=2.44e-05
[09:06:21 INFO] Epoch 30/50  iter 550/743  loss=0.1649  lr=2.43e-05
[09:06:33 INFO] Epoch 30/50  iter 600/743  loss=0.1335  lr=2.42e-05
[09:06:46 INFO] Epoch 30/50  iter 650/743  loss=0.2129  lr=2.41e-05
[09:06:58 INFO] Epoch 30/50  iter 700/743  loss=0.1396  lr=2.41e-05
[09:07:09 INFO] Epoch 30 complete — avg_loss=0.1669  time=185s
[09:08:01 INFO]   val mIoU = 0.6332
[09:08:02 INFO]   ★ New best val mIoU: 0.6332
[09:08:15 INFO] Epoch 31/50  iter 50/743  loss=0.1132  lr=2.39e-05
[09:08:28 INFO] Epoch 31/50  iter 100/743  loss=0.1755  lr=2.38e-05
[09:08:40 INFO] Epoch 31/50  iter 150/743  loss=0.1769  lr=2.38e-05
[09:08:53 INFO] Epoch 31/50  iter 200/743  loss=0.2782  lr=2.37e-05
[09:09:05 INFO] Epoch 31/50  iter 250/743  loss=0.1349  lr=2.36e-05
[09:09:17 INFO] Epoch 31/50  iter 300/743  loss=0.5264  lr=2.35e-05
[09:09:30 INFO] Epoch 31/50  iter 350/743  loss=0.0803  lr=2.34e-05
[09:09:42 INFO] Epoch 31/50  iter 400/743  loss=0.1498  lr=2.34e-05
[09:09:54 INFO] Epoch 31/50  iter 450/743  loss=0.1553  lr=2.33e-05
[09:10:07 INFO] Epoch 31/50  iter 500/743  loss=0.1909  lr=2.32e-05
[09:10:19 INFO] Epoch 31/50  iter 550/743  loss=0.1902  lr=2.31e-05
[09:10:32 INFO] Epoch 31/50  iter 600/743  loss=0.0734  lr=2.30e-05
[09:10:44 INFO] Epoch 31/50  iter 650/743  loss=0.1679  lr=2.29e-05
[09:10:56 INFO] Epoch 31/50  iter 700/743  loss=0.0862  lr=2.29e-05
[09:11:07 INFO] Epoch 31 complete — avg_loss=0.1588  time=185s
[09:11:21 INFO] Epoch 32/50  iter 50/743  loss=0.0801  lr=2.27e-05
[09:11:33 INFO] Epoch 32/50  iter 100/743  loss=0.2657  lr=2.26e-05
[09:11:45 INFO] Epoch 32/50  iter 150/743  loss=0.1812  lr=2.26e-05
[09:11:58 INFO] Epoch 32/50  iter 200/743  loss=0.1927  lr=2.25e-05
[09:12:10 INFO] Epoch 32/50  iter 250/743  loss=0.1806  lr=2.24e-05
[09:12:23 INFO] Epoch 32/50  iter 300/743  loss=0.1448  lr=2.23e-05
[09:12:35 INFO] Epoch 32/50  iter 350/743  loss=0.0895  lr=2.22e-05
[09:12:47 INFO] Epoch 32/50  iter 400/743  loss=0.2840  lr=2.22e-05
[09:13:00 INFO] Epoch 32/50  iter 450/743  loss=0.0697  lr=2.21e-05
[09:13:12 INFO] Epoch 32/50  iter 500/743  loss=0.0833  lr=2.20e-05
[09:13:25 INFO] Epoch 32/50  iter 550/743  loss=0.1610  lr=2.19e-05
[09:13:37 INFO] Epoch 32/50  iter 600/743  loss=0.2922  lr=2.18e-05
[09:13:49 INFO] Epoch 32/50  iter 650/743  loss=0.1367  lr=2.17e-05
[09:14:02 INFO] Epoch 32/50  iter 700/743  loss=0.0832  lr=2.17e-05
[09:14:12 INFO] Epoch 32 complete — avg_loss=0.1562  time=185s
[09:14:26 INFO] Epoch 33/50  iter 50/743  loss=0.1888  lr=2.15e-05
[09:14:38 INFO] Epoch 33/50  iter 100/743  loss=0.2015  lr=2.14e-05
[09:14:51 INFO] Epoch 33/50  iter 150/743  loss=0.1225  lr=2.14e-05
[09:15:03 INFO] Epoch 33/50  iter 200/743  loss=0.1061  lr=2.13e-05
[09:15:16 INFO] Epoch 33/50  iter 250/743  loss=0.0910  lr=2.12e-05
[09:15:28 INFO] Epoch 33/50  iter 300/743  loss=0.1459  lr=2.11e-05
[09:15:40 INFO] Epoch 33/50  iter 350/743  loss=0.1030  lr=2.10e-05
[09:15:53 INFO] Epoch 33/50  iter 400/743  loss=0.1621  lr=2.10e-05
[09:16:05 INFO] Epoch 33/50  iter 450/743  loss=0.2990  lr=2.09e-05
[09:16:17 INFO] Epoch 33/50  iter 500/743  loss=0.1386  lr=2.08e-05
[09:16:30 INFO] Epoch 33/50  iter 550/743  loss=0.1445  lr=2.07e-05
[09:16:42 INFO] Epoch 33/50  iter 600/743  loss=0.1796  lr=2.06e-05
[09:16:55 INFO] Epoch 33/50  iter 650/743  loss=0.3164  lr=2.05e-05
[09:17:07 INFO] Epoch 33/50  iter 700/743  loss=0.1967  lr=2.05e-05
[09:17:18 INFO] Epoch 33 complete — avg_loss=0.1554  time=185s
[09:17:31 INFO] Epoch 34/50  iter 50/743  loss=0.1587  lr=2.03e-05
[09:17:44 INFO] Epoch 34/50  iter 100/743  loss=0.1251  lr=2.02e-05
[09:17:56 INFO] Epoch 34/50  iter 150/743  loss=0.3780  lr=2.02e-05
[09:18:09 INFO] Epoch 34/50  iter 200/743  loss=0.1036  lr=2.01e-05
[09:18:21 INFO] Epoch 34/50  iter 250/743  loss=0.0865  lr=2.00e-05
[09:18:33 INFO] Epoch 34/50  iter 300/743  loss=0.0902  lr=1.99e-05
[09:18:46 INFO] Epoch 34/50  iter 350/743  loss=0.1216  lr=1.98e-05
[09:18:58 INFO] Epoch 34/50  iter 400/743  loss=0.1043  lr=1.98e-05
[09:19:10 INFO] Epoch 34/50  iter 450/743  loss=0.1331  lr=1.97e-05
[09:19:23 INFO] Epoch 34/50  iter 500/743  loss=0.1617  lr=1.96e-05
[09:19:35 INFO] Epoch 34/50  iter 550/743  loss=0.1845  lr=1.95e-05
[09:19:48 INFO] Epoch 34/50  iter 600/743  loss=0.2031  lr=1.94e-05
[09:20:00 INFO] Epoch 34/50  iter 650/743  loss=0.2385  lr=1.93e-05
[09:20:12 INFO] Epoch 34/50  iter 700/743  loss=0.1050  lr=1.93e-05
[09:20:23 INFO] Epoch 34 complete — avg_loss=0.1626  time=185s
[09:20:37 INFO] Epoch 35/50  iter 50/743  loss=0.1705  lr=1.91e-05
[09:20:49 INFO] Epoch 35/50  iter 100/743  loss=0.1250  lr=1.90e-05
[09:21:01 INFO] Epoch 35/50  iter 150/743  loss=0.0879  lr=1.90e-05
[09:21:14 INFO] Epoch 35/50  iter 200/743  loss=0.1755  lr=1.89e-05
[09:21:26 INFO] Epoch 35/50  iter 250/743  loss=0.0718  lr=1.88e-05
[09:21:39 INFO] Epoch 35/50  iter 300/743  loss=0.1320  lr=1.87e-05
[09:21:51 INFO] Epoch 35/50  iter 350/743  loss=0.2182  lr=1.86e-05
[09:22:03 INFO] Epoch 35/50  iter 400/743  loss=0.3621  lr=1.86e-05
[09:22:16 INFO] Epoch 35/50  iter 450/743  loss=0.1098  lr=1.85e-05
[09:22:28 INFO] Epoch 35/50  iter 500/743  loss=0.1578  lr=1.84e-05
[09:22:40 INFO] Epoch 35/50  iter 550/743  loss=0.0810  lr=1.83e-05
[09:22:53 INFO] Epoch 35/50  iter 600/743  loss=0.1467  lr=1.82e-05
[09:23:05 INFO] Epoch 35/50  iter 650/743  loss=0.0645  lr=1.81e-05
[09:23:18 INFO] Epoch 35/50  iter 700/743  loss=0.1640  lr=1.81e-05
[09:23:28 INFO] Epoch 35 complete — avg_loss=0.1556  time=185s
[09:24:22 INFO]   val mIoU = 0.6592
[09:24:23 INFO]   ★ New best val mIoU: 0.6592
[09:24:36 INFO] Epoch 36/50  iter 50/743  loss=0.0835  lr=1.79e-05
[09:24:49 INFO] Epoch 36/50  iter 100/743  loss=0.0560  lr=1.78e-05
[09:25:01 INFO] Epoch 36/50  iter 150/743  loss=0.3723  lr=1.78e-05
[09:25:14 INFO] Epoch 36/50  iter 200/743  loss=0.1234  lr=1.77e-05
[09:25:26 INFO] Epoch 36/50  iter 250/743  loss=0.1745  lr=1.76e-05
[09:25:38 INFO] Epoch 36/50  iter 300/743  loss=0.1001  lr=1.75e-05
[09:25:51 INFO] Epoch 36/50  iter 350/743  loss=0.1334  lr=1.74e-05
[09:26:03 INFO] Epoch 36/50  iter 400/743  loss=0.1983  lr=1.74e-05
[09:26:16 INFO] Epoch 36/50  iter 450/743  loss=0.1588  lr=1.73e-05
[09:26:28 INFO] Epoch 36/50  iter 500/743  loss=0.1288  lr=1.72e-05
[09:26:40 INFO] Epoch 36/50  iter 550/743  loss=0.1509  lr=1.71e-05
[09:26:53 INFO] Epoch 36/50  iter 600/743  loss=0.1049  lr=1.70e-05
[09:27:05 INFO] Epoch 36/50  iter 650/743  loss=0.1046  lr=1.69e-05
[09:27:18 INFO] Epoch 36/50  iter 700/743  loss=0.1443  lr=1.69e-05
[09:27:28 INFO] Epoch 36 complete — avg_loss=0.1542  time=185s
[09:27:42 INFO] Epoch 37/50  iter 50/743  loss=0.1766  lr=1.67e-05
[09:27:54 INFO] Epoch 37/50  iter 100/743  loss=0.2279  lr=1.66e-05
[09:28:06 INFO] Epoch 37/50  iter 150/743  loss=0.1453  lr=1.66e-05
[09:28:19 INFO] Epoch 37/50  iter 200/743  loss=0.1032  lr=1.65e-05
[09:28:31 INFO] Epoch 37/50  iter 250/743  loss=0.1177  lr=1.64e-05
[09:28:44 INFO] Epoch 37/50  iter 300/743  loss=0.1244  lr=1.63e-05
[09:28:56 INFO] Epoch 37/50  iter 350/743  loss=0.1735  lr=1.62e-05
[09:29:08 INFO] Epoch 37/50  iter 400/743  loss=0.1080  lr=1.62e-05
[09:29:21 INFO] Epoch 37/50  iter 450/743  loss=0.1000  lr=1.61e-05
[09:29:33 INFO] Epoch 37/50  iter 500/743  loss=0.3095  lr=1.60e-05
[09:29:46 INFO] Epoch 37/50  iter 550/743  loss=0.0603  lr=1.59e-05
[09:29:58 INFO] Epoch 37/50  iter 600/743  loss=0.0677  lr=1.58e-05
[09:30:10 INFO] Epoch 37/50  iter 650/743  loss=0.1571  lr=1.57e-05
[09:30:23 INFO] Epoch 37/50  iter 700/743  loss=0.1462  lr=1.57e-05
[09:30:33 INFO] Epoch 37 complete — avg_loss=0.1487  time=185s
[09:30:47 INFO] Epoch 38/50  iter 50/743  loss=0.1872  lr=1.55e-05
[09:31:00 INFO] Epoch 38/50  iter 100/743  loss=0.1956  lr=1.54e-05
[09:31:12 INFO] Epoch 38/50  iter 150/743  loss=0.1410  lr=1.54e-05
[09:31:24 INFO] Epoch 38/50  iter 200/743  loss=0.0702  lr=1.53e-05
[09:31:37 INFO] Epoch 38/50  iter 250/743  loss=0.1435  lr=1.52e-05
[09:31:49 INFO] Epoch 38/50  iter 300/743  loss=0.1196  lr=1.51e-05
[09:32:01 INFO] Epoch 38/50  iter 350/743  loss=0.1430  lr=1.50e-05
[09:32:14 INFO] Epoch 38/50  iter 400/743  loss=0.1730  lr=1.50e-05
[09:32:26 INFO] Epoch 38/50  iter 450/743  loss=0.2046  lr=1.49e-05
[09:32:39 INFO] Epoch 38/50  iter 500/743  loss=0.0765  lr=1.48e-05
[09:32:51 INFO] Epoch 38/50  iter 550/743  loss=0.0683  lr=1.47e-05
[09:33:03 INFO] Epoch 38/50  iter 600/743  loss=0.1688  lr=1.46e-05
[09:33:16 INFO] Epoch 38/50  iter 650/743  loss=0.1626  lr=1.45e-05
[09:33:28 INFO] Epoch 38/50  iter 700/743  loss=0.1055  lr=1.45e-05
[09:33:39 INFO] Epoch 38 complete — avg_loss=0.1466  time=185s
[09:33:53 INFO] Epoch 39/50  iter 50/743  loss=0.6276  lr=1.43e-05
[09:34:05 INFO] Epoch 39/50  iter 100/743  loss=0.1751  lr=1.42e-05
[09:34:17 INFO] Epoch 39/50  iter 150/743  loss=0.0877  lr=1.42e-05
[09:34:30 INFO] Epoch 39/50  iter 200/743  loss=0.1689  lr=1.41e-05
[09:34:42 INFO] Epoch 39/50  iter 250/743  loss=0.1291  lr=1.40e-05
[09:34:54 INFO] Epoch 39/50  iter 300/743  loss=0.0968  lr=1.39e-05
[09:35:07 INFO] Epoch 39/50  iter 350/743  loss=0.3056  lr=1.38e-05
[09:35:19 INFO] Epoch 39/50  iter 400/743  loss=0.2609  lr=1.38e-05
[09:35:32 INFO] Epoch 39/50  iter 450/743  loss=0.1279  lr=1.37e-05
[09:35:44 INFO] Epoch 39/50  iter 500/743  loss=0.0882  lr=1.36e-05
[09:35:56 INFO] Epoch 39/50  iter 550/743  loss=0.1796  lr=1.35e-05
[09:36:09 INFO] Epoch 39/50  iter 600/743  loss=0.1203  lr=1.34e-05
[09:36:21 INFO] Epoch 39/50  iter 650/743  loss=0.1096  lr=1.33e-05
[09:36:34 INFO] Epoch 39/50  iter 700/743  loss=0.1161  lr=1.33e-05
[09:36:44 INFO] Epoch 39 complete — avg_loss=0.1477  time=185s
[09:36:58 INFO] Epoch 40/50  iter 50/743  loss=0.0672  lr=1.31e-05
[09:37:10 INFO] Epoch 40/50  iter 100/743  loss=0.2529  lr=1.30e-05
[09:37:23 INFO] Epoch 40/50  iter 150/743  loss=0.1506  lr=1.30e-05
[09:37:35 INFO] Epoch 40/50  iter 200/743  loss=0.0647  lr=1.29e-05
[09:37:48 INFO] Epoch 40/50  iter 250/743  loss=0.1942  lr=1.28e-05
[09:38:00 INFO] Epoch 40/50  iter 300/743  loss=0.0856  lr=1.27e-05
[09:38:12 INFO] Epoch 40/50  iter 350/743  loss=0.1400  lr=1.26e-05
[09:38:25 INFO] Epoch 40/50  iter 400/743  loss=0.0871  lr=1.26e-05
[09:38:37 INFO] Epoch 40/50  iter 450/743  loss=0.1525  lr=1.25e-05
[09:38:50 INFO] Epoch 40/50  iter 500/743  loss=0.2307  lr=1.24e-05
[09:39:02 INFO] Epoch 40/50  iter 550/743  loss=0.1531  lr=1.23e-05
[09:39:14 INFO] Epoch 40/50  iter 600/743  loss=0.0571  lr=1.22e-05
[09:39:27 INFO] Epoch 40/50  iter 650/743  loss=0.2487  lr=1.21e-05
[09:39:39 INFO] Epoch 40/50  iter 700/743  loss=0.0782  lr=1.21e-05
[09:39:50 INFO] Epoch 40 complete — avg_loss=0.1487  time=185s
[09:40:45 INFO]   val mIoU = 0.6665
[09:40:46 INFO]   ★ New best val mIoU: 0.6665
[09:40:59 INFO] Epoch 41/50  iter 50/743  loss=0.1634  lr=1.19e-05
[09:41:12 INFO] Epoch 41/50  iter 100/743  loss=0.2253  lr=1.18e-05
[09:41:24 INFO] Epoch 41/50  iter 150/743  loss=0.1047  lr=1.18e-05
[09:41:36 INFO] Epoch 41/50  iter 200/743  loss=0.0716  lr=1.17e-05
[09:41:49 INFO] Epoch 41/50  iter 250/743  loss=0.1172  lr=1.16e-05
[09:42:01 INFO] Epoch 41/50  iter 300/743  loss=0.0669  lr=1.15e-05
[09:42:14 INFO] Epoch 41/50  iter 350/743  loss=0.1103  lr=1.14e-05
[09:42:26 INFO] Epoch 41/50  iter 400/743  loss=0.1568  lr=1.14e-05
[09:42:38 INFO] Epoch 41/50  iter 450/743  loss=0.1016  lr=1.13e-05
[09:42:51 INFO] Epoch 41/50  iter 500/743  loss=0.0855  lr=1.12e-05
[09:43:03 INFO] Epoch 41/50  iter 550/743  loss=0.1084  lr=1.11e-05
[09:43:15 INFO] Epoch 41/50  iter 600/743  loss=0.0515  lr=1.10e-05
[09:43:28 INFO] Epoch 41/50  iter 650/743  loss=0.1154  lr=1.09e-05
[09:43:40 INFO] Epoch 41/50  iter 700/743  loss=0.1766  lr=1.09e-05
[09:43:51 INFO] Epoch 41 complete — avg_loss=0.1420  time=185s
[09:44:04 INFO] Epoch 42/50  iter 50/743  loss=0.1268  lr=1.07e-05
[09:44:17 INFO] Epoch 42/50  iter 100/743  loss=0.2211  lr=1.06e-05
[09:44:29 INFO] Epoch 42/50  iter 150/743  loss=0.1448  lr=1.06e-05
[09:44:42 INFO] Epoch 42/50  iter 200/743  loss=0.4860  lr=1.05e-05
[09:44:54 INFO] Epoch 42/50  iter 250/743  loss=0.1534  lr=1.04e-05
[09:45:06 INFO] Epoch 42/50  iter 300/743  loss=0.1253  lr=1.03e-05
[09:45:19 INFO] Epoch 42/50  iter 350/743  loss=0.1512  lr=1.02e-05
[09:45:31 INFO] Epoch 42/50  iter 400/743  loss=0.1682  lr=1.02e-05
[09:45:43 INFO] Epoch 42/50  iter 450/743  loss=0.1139  lr=1.01e-05
[09:45:56 INFO] Epoch 42/50  iter 500/743  loss=0.1135  lr=9.99e-06
[09:46:08 INFO] Epoch 42/50  iter 550/743  loss=0.0711  lr=9.91e-06
[09:46:21 INFO] Epoch 42/50  iter 600/743  loss=0.1825  lr=9.83e-06
[09:46:33 INFO] Epoch 42/50  iter 650/743  loss=0.1027  lr=9.75e-06
[09:46:45 INFO] Epoch 42/50  iter 700/743  loss=0.1135  lr=9.67e-06
[09:46:56 INFO] Epoch 42 complete — avg_loss=0.1426  time=185s
[09:47:10 INFO] Epoch 43/50  iter 50/743  loss=0.2096  lr=9.52e-06
[09:47:22 INFO] Epoch 43/50  iter 100/743  loss=0.1463  lr=9.44e-06
[09:47:34 INFO] Epoch 43/50  iter 150/743  loss=0.0785  lr=9.36e-06
[09:47:47 INFO] Epoch 43/50  iter 200/743  loss=0.1247  lr=9.28e-06
[09:47:59 INFO] Epoch 43/50  iter 250/743  loss=0.1021  lr=9.19e-06
[09:48:12 INFO] Epoch 43/50  iter 300/743  loss=0.0972  lr=9.11e-06
[09:48:24 INFO] Epoch 43/50  iter 350/743  loss=0.0765  lr=9.03e-06
[09:48:36 INFO] Epoch 43/50  iter 400/743  loss=0.1668  lr=8.95e-06
[09:48:49 INFO] Epoch 43/50  iter 450/743  loss=0.1622  lr=8.87e-06
[09:49:01 INFO] Epoch 43/50  iter 500/743  loss=0.1060  lr=8.79e-06
[09:49:14 INFO] Epoch 43/50  iter 550/743  loss=0.0600  lr=8.71e-06
[09:49:26 INFO] Epoch 43/50  iter 600/743  loss=0.0727  lr=8.63e-06
[09:49:38 INFO] Epoch 43/50  iter 650/743  loss=0.0831  lr=8.55e-06
[09:49:51 INFO] Epoch 43/50  iter 700/743  loss=0.1593  lr=8.47e-06
[09:50:01 INFO] Epoch 43 complete — avg_loss=0.1404  time=185s
[09:50:15 INFO] Epoch 44/50  iter 50/743  loss=0.1828  lr=8.32e-06
[09:50:27 INFO] Epoch 44/50  iter 100/743  loss=0.0718  lr=8.24e-06
[09:50:40 INFO] Epoch 44/50  iter 150/743  loss=0.0622  lr=8.16e-06
[09:50:52 INFO] Epoch 44/50  iter 200/743  loss=0.1618  lr=8.08e-06
[09:51:04 INFO] Epoch 44/50  iter 250/743  loss=0.1346  lr=7.99e-06
[09:51:17 INFO] Epoch 44/50  iter 300/743  loss=0.2270  lr=7.91e-06
[09:51:29 INFO] Epoch 44/50  iter 350/743  loss=0.1226  lr=7.83e-06
[09:51:42 INFO] Epoch 44/50  iter 400/743  loss=0.1397  lr=7.75e-06
[09:51:54 INFO] Epoch 44/50  iter 450/743  loss=0.0915  lr=7.67e-06
[09:52:06 INFO] Epoch 44/50  iter 500/743  loss=0.0523  lr=7.59e-06
[09:52:19 INFO] Epoch 44/50  iter 550/743  loss=0.0941  lr=7.51e-06
[09:52:31 INFO] Epoch 44/50  iter 600/743  loss=0.1185  lr=7.43e-06
[09:52:44 INFO] Epoch 44/50  iter 650/743  loss=0.3198  lr=7.35e-06
[09:52:56 INFO] Epoch 44/50  iter 700/743  loss=0.1078  lr=7.27e-06
[09:53:07 INFO] Epoch 44 complete — avg_loss=0.1388  time=185s
[09:53:20 INFO] Epoch 45/50  iter 50/743  loss=0.0933  lr=7.12e-06
[09:53:33 INFO] Epoch 45/50  iter 100/743  loss=0.0766  lr=7.04e-06
[09:53:45 INFO] Epoch 45/50  iter 150/743  loss=0.0999  lr=6.96e-06
[09:53:57 INFO] Epoch 45/50  iter 200/743  loss=0.0608  lr=6.88e-06
[09:54:10 INFO] Epoch 45/50  iter 250/743  loss=0.1710  lr=6.79e-06
[09:54:22 INFO] Epoch 45/50  iter 300/743  loss=0.1608  lr=6.71e-06
[09:54:35 INFO] Epoch 45/50  iter 350/743  loss=0.0881  lr=6.63e-06
[09:54:47 INFO] Epoch 45/50  iter 400/743  loss=0.1130  lr=6.55e-06
[09:54:59 INFO] Epoch 45/50  iter 450/743  loss=0.0205  lr=6.47e-06
[09:55:12 INFO] Epoch 45/50  iter 500/743  loss=0.1421  lr=6.39e-06
[09:55:24 INFO] Epoch 45/50  iter 550/743  loss=0.0596  lr=6.31e-06
[09:55:37 INFO] Epoch 45/50  iter 600/743  loss=0.1054  lr=6.23e-06
[09:55:49 INFO] Epoch 45/50  iter 650/743  loss=0.1009  lr=6.15e-06
[09:56:01 INFO] Epoch 45/50  iter 700/743  loss=0.1251  lr=6.07e-06
[09:56:12 INFO] Epoch 45 complete — avg_loss=0.1356  time=185s
[09:57:08 INFO]   val mIoU = 0.6663
[09:57:22 INFO] Epoch 46/50  iter 50/743  loss=0.1057  lr=5.92e-06
[09:57:35 INFO] Epoch 46/50  iter 100/743  loss=0.1165  lr=5.84e-06
[09:57:47 INFO] Epoch 46/50  iter 150/743  loss=0.0874  lr=5.76e-06
[09:57:59 INFO] Epoch 46/50  iter 200/743  loss=0.0661  lr=5.68e-06
[09:58:12 INFO] Epoch 46/50  iter 250/743  loss=0.1120  lr=5.59e-06
[09:58:24 INFO] Epoch 46/50  iter 300/743  loss=0.1050  lr=5.51e-06
[09:58:37 INFO] Epoch 46/50  iter 350/743  loss=0.3890  lr=5.43e-06
[09:58:49 INFO] Epoch 46/50  iter 400/743  loss=0.1223  lr=5.35e-06
[09:59:02 INFO] Epoch 46/50  iter 450/743  loss=0.1099  lr=5.27e-06
[09:59:14 INFO] Epoch 46/50  iter 500/743  loss=0.1647  lr=5.19e-06
[09:59:26 INFO] Epoch 46/50  iter 550/743  loss=0.0905  lr=5.11e-06
[09:59:39 INFO] Epoch 46/50  iter 600/743  loss=0.1565  lr=5.03e-06
[09:59:51 INFO] Epoch 46/50  iter 650/743  loss=0.1368  lr=4.95e-06
[10:00:04 INFO] Epoch 46/50  iter 700/743  loss=0.2594  lr=4.87e-06
[10:00:14 INFO] Epoch 46 complete — avg_loss=0.1308  time=185s
[10:00:28 INFO] Epoch 47/50  iter 50/743  loss=0.1464  lr=4.72e-06
[10:00:40 INFO] Epoch 47/50  iter 100/743  loss=0.0948  lr=4.64e-06
[10:00:53 INFO] Epoch 47/50  iter 150/743  loss=0.0979  lr=4.56e-06
[10:01:05 INFO] Epoch 47/50  iter 200/743  loss=0.1229  lr=4.48e-06
[10:01:17 INFO] Epoch 47/50  iter 250/743  loss=0.1479  lr=4.39e-06
[10:01:30 INFO] Epoch 47/50  iter 300/743  loss=0.1416  lr=4.31e-06
[10:01:42 INFO] Epoch 47/50  iter 350/743  loss=0.1286  lr=4.23e-06
[10:01:55 INFO] Epoch 47/50  iter 400/743  loss=0.1100  lr=4.15e-06
[10:02:07 INFO] Epoch 47/50  iter 450/743  loss=0.0744  lr=4.07e-06
[10:02:19 INFO] Epoch 47/50  iter 500/743  loss=0.2726  lr=3.99e-06
[10:02:32 INFO] Epoch 47/50  iter 550/743  loss=0.1244  lr=3.91e-06
[10:02:44 INFO] Epoch 47/50  iter 600/743  loss=0.1944  lr=3.83e-06
[10:02:57 INFO] Epoch 47/50  iter 650/743  loss=0.1205  lr=3.75e-06
[10:03:09 INFO] Epoch 47/50  iter 700/743  loss=0.1455  lr=3.67e-06
[10:03:20 INFO] Epoch 47 complete — avg_loss=0.1444  time=185s
[10:03:33 INFO] Epoch 48/50  iter 50/743  loss=0.1137  lr=3.52e-06
[10:03:46 INFO] Epoch 48/50  iter 100/743  loss=0.1256  lr=3.44e-06
[10:03:58 INFO] Epoch 48/50  iter 150/743  loss=0.0668  lr=3.36e-06
[10:04:11 INFO] Epoch 48/50  iter 200/743  loss=0.1075  lr=3.28e-06
[10:04:23 INFO] Epoch 48/50  iter 250/743  loss=0.0860  lr=3.19e-06
[10:04:35 INFO] Epoch 48/50  iter 300/743  loss=0.1574  lr=3.11e-06
[10:04:48 INFO] Epoch 48/50  iter 350/743  loss=0.0813  lr=3.03e-06
[10:05:00 INFO] Epoch 48/50  iter 400/743  loss=0.1572  lr=2.95e-06
[10:05:13 INFO] Epoch 48/50  iter 450/743  loss=0.0482  lr=2.87e-06
[10:05:25 INFO] Epoch 48/50  iter 500/743  loss=0.0725  lr=2.79e-06
[10:05:37 INFO] Epoch 48/50  iter 550/743  loss=0.0963  lr=2.71e-06
[10:05:50 INFO] Epoch 48/50  iter 600/743  loss=0.1606  lr=2.63e-06
[10:06:02 INFO] Epoch 48/50  iter 650/743  loss=0.1221  lr=2.55e-06
[10:06:15 INFO] Epoch 48/50  iter 700/743  loss=0.1061  lr=2.47e-06
[10:06:25 INFO] Epoch 48 complete — avg_loss=0.1387  time=185s
[10:06:39 INFO] Epoch 49/50  iter 50/743  loss=0.0591  lr=2.32e-06
[10:06:51 INFO] Epoch 49/50  iter 100/743  loss=0.1133  lr=2.24e-06
[10:07:04 INFO] Epoch 49/50  iter 150/743  loss=0.1382  lr=2.16e-06
[10:07:16 INFO] Epoch 49/50  iter 200/743  loss=0.0809  lr=2.08e-06
[10:07:28 INFO] Epoch 49/50  iter 250/743  loss=0.1036  lr=1.99e-06
[10:07:41 INFO] Epoch 49/50  iter 300/743  loss=0.0991  lr=1.91e-06
[10:07:53 INFO] Epoch 49/50  iter 350/743  loss=0.1720  lr=1.83e-06
[10:08:06 INFO] Epoch 49/50  iter 400/743  loss=0.2236  lr=1.75e-06
[10:08:18 INFO] Epoch 49/50  iter 450/743  loss=0.0487  lr=1.67e-06
[10:08:30 INFO] Epoch 49/50  iter 500/743  loss=0.1836  lr=1.59e-06
[10:08:43 INFO] Epoch 49/50  iter 550/743  loss=0.0680  lr=1.51e-06
[10:08:55 INFO] Epoch 49/50  iter 600/743  loss=0.1722  lr=1.43e-06
[10:09:08 INFO] Epoch 49/50  iter 650/743  loss=0.0904  lr=1.35e-06
[10:09:20 INFO] Epoch 49/50  iter 700/743  loss=0.1536  lr=1.27e-06
[10:09:31 INFO] Epoch 49 complete — avg_loss=0.1316  time=185s
[10:09:44 INFO] Epoch 50/50  iter 50/743  loss=0.1267  lr=1.12e-06
[10:09:57 INFO] Epoch 50/50  iter 100/743  loss=0.0792  lr=1.04e-06
[10:10:09 INFO] Epoch 50/50  iter 150/743  loss=0.1271  lr=9.56e-07
[10:10:21 INFO] Epoch 50/50  iter 200/743  loss=0.1934  lr=8.75e-07
[10:10:34 INFO] Epoch 50/50  iter 250/743  loss=0.1241  lr=7.95e-07
[10:10:46 INFO] Epoch 50/50  iter 300/743  loss=0.1543  lr=7.14e-07
[10:10:59 INFO] Epoch 50/50  iter 350/743  loss=0.1435  lr=6.33e-07
[10:11:11 INFO] Epoch 50/50  iter 400/743  loss=0.1464  lr=5.52e-07
[10:11:23 INFO] Epoch 50/50  iter 450/743  loss=0.0744  lr=4.72e-07
[10:11:36 INFO] Epoch 50/50  iter 500/743  loss=0.1191  lr=3.91e-07
[10:11:48 INFO] Epoch 50/50  iter 550/743  loss=0.1072  lr=3.10e-07
[10:12:01 INFO] Epoch 50/50  iter 600/743  loss=0.1768  lr=2.29e-07
[10:12:13 INFO] Epoch 50/50  iter 650/743  loss=0.0928  lr=1.49e-07
[10:12:25 INFO] Epoch 50/50  iter 700/743  loss=0.1308  lr=6.78e-08
[10:12:36 INFO] Epoch 50 complete — avg_loss=0.1338  time=185s
[10:13:31 INFO]   val mIoU = 0.6589
[10:13:31 INFO] Training complete. Best val mIoU = 0.6665
