[15:45:16 INFO] Device: cuda
[15:45:19 INFO] Using fog cache: data/fog_cache/nn_depth_base_b0005
[15:45:19 INFO] fog_prob: 0.3
[15:45:19 INFO] Train: 2975 samples  |  Val: 500 samples
[15:45:50 INFO] Epoch 1/10  iter 50/743  loss=1.5994  lr=5.96e-05
[15:46:20 INFO] Epoch 1/10  iter 100/743  loss=0.8961  lr=5.92e-05
[15:46:49 INFO] Epoch 1/10  iter 150/743  loss=0.5195  lr=5.88e-05
[15:47:19 INFO] Epoch 1/10  iter 200/743  loss=0.8452  lr=5.84e-05
[15:47:49 INFO] Epoch 1/10  iter 250/743  loss=0.4534  lr=5.80e-05
[15:48:18 INFO] Epoch 1/10  iter 300/743  loss=0.2873  lr=5.76e-05
[15:48:48 INFO] Epoch 1/10  iter 350/743  loss=0.9374  lr=5.72e-05
[15:49:04 INFO] Epoch 1/10  iter 400/743  loss=0.4019  lr=5.68e-05
[15:49:20 INFO] Epoch 1/10  iter 450/743  loss=0.3939  lr=5.64e-05
[15:49:38 INFO] Epoch 1/10  iter 500/743  loss=0.2427  lr=5.60e-05
[15:50:07 INFO] Epoch 1/10  iter 550/743  loss=1.0316  lr=5.56e-05
[15:50:37 INFO] Epoch 1/10  iter 600/743  loss=0.2287  lr=5.51e-05
[15:51:06 INFO] Epoch 1/10  iter 650/743  loss=0.3717  lr=5.47e-05
[15:51:36 INFO] Epoch 1/10  iter 700/743  loss=0.4151  lr=5.43e-05
[15:52:02 INFO] Epoch 1 complete — avg_loss=0.6374  time=403s
[15:52:32 INFO] Epoch 2/10  iter 50/743  loss=0.1968  lr=5.36e-05
[15:53:02 INFO] Epoch 2/10  iter 100/743  loss=0.2653  lr=5.32e-05
[15:53:31 INFO] Epoch 2/10  iter 150/743  loss=0.2237  lr=5.28e-05
[15:54:01 INFO] Epoch 2/10  iter 200/743  loss=0.3995  lr=5.24e-05
[15:54:31 INFO] Epoch 2/10  iter 250/743  loss=0.2637  lr=5.20e-05
[15:55:00 INFO] Epoch 2/10  iter 300/743  loss=0.2004  lr=5.16e-05
[15:55:30 INFO] Epoch 2/10  iter 350/743  loss=0.1933  lr=5.12e-05
[15:55:59 INFO] Epoch 2/10  iter 400/743  loss=0.2193  lr=5.08e-05
[15:56:29 INFO] Epoch 2/10  iter 450/743  loss=0.5238  lr=5.04e-05
[15:56:59 INFO] Epoch 2/10  iter 500/743  loss=0.2927  lr=5.00e-05
[15:57:28 INFO] Epoch 2/10  iter 550/743  loss=0.2975  lr=4.96e-05
[15:57:58 INFO] Epoch 2/10  iter 600/743  loss=0.4435  lr=4.91e-05
[15:58:28 INFO] Epoch 2/10  iter 650/743  loss=0.1862  lr=4.87e-05
[15:58:57 INFO] Epoch 2/10  iter 700/743  loss=0.4904  lr=4.83e-05
[15:59:23 INFO] Epoch 2 complete — avg_loss=0.3276  time=441s
[16:03:24 INFO]   val mIoU = 0.5700
[16:03:24 INFO]   ★ New best val mIoU: 0.5700
[16:03:55 INFO] Epoch 3/10  iter 50/743  loss=0.2365  lr=4.76e-05
[16:04:25 INFO] Epoch 3/10  iter 100/743  loss=0.1929  lr=4.72e-05
[16:04:54 INFO] Epoch 3/10  iter 150/743  loss=0.2863  lr=4.68e-05
[16:05:24 INFO] Epoch 3/10  iter 200/743  loss=0.6392  lr=4.64e-05
[16:05:54 INFO] Epoch 3/10  iter 250/743  loss=0.3079  lr=4.60e-05
[16:06:23 INFO] Epoch 3/10  iter 300/743  loss=0.3352  lr=4.56e-05
[16:06:53 INFO] Epoch 3/10  iter 350/743  loss=0.2647  lr=4.52e-05
[16:07:23 INFO] Epoch 3/10  iter 400/743  loss=0.3033  lr=4.48e-05
[16:07:52 INFO] Epoch 3/10  iter 450/743  loss=0.2331  lr=4.44e-05
[16:08:22 INFO] Epoch 3/10  iter 500/743  loss=0.4760  lr=4.40e-05
[16:08:51 INFO] Epoch 3/10  iter 550/743  loss=0.0896  lr=4.36e-05
[16:09:21 INFO] Epoch 3/10  iter 600/743  loss=0.3287  lr=4.31e-05
[16:09:51 INFO] Epoch 3/10  iter 650/743  loss=0.1875  lr=4.27e-05
[16:10:20 INFO] Epoch 3/10  iter 700/743  loss=0.3500  lr=4.23e-05
[16:10:46 INFO] Epoch 3 complete — avg_loss=0.2787  time=441s
[16:11:16 INFO] Epoch 4/10  iter 50/743  loss=0.2363  lr=4.16e-05
[16:11:46 INFO] Epoch 4/10  iter 100/743  loss=0.2454  lr=4.12e-05
[16:12:15 INFO] Epoch 4/10  iter 150/743  loss=0.1672  lr=4.08e-05
[16:12:43 INFO] Epoch 4/10  iter 200/743  loss=0.2359  lr=4.04e-05
[16:13:11 INFO] Epoch 4/10  iter 250/743  loss=0.2243  lr=4.00e-05
[16:13:38 INFO] Epoch 4/10  iter 300/743  loss=0.2749  lr=3.96e-05
[16:14:06 INFO] Epoch 4/10  iter 350/743  loss=0.6405  lr=3.92e-05
[16:14:34 INFO] Epoch 4/10  iter 400/743  loss=0.1647  lr=3.88e-05
[16:15:02 INFO] Epoch 4/10  iter 450/743  loss=0.1804  lr=3.84e-05
[16:15:30 INFO] Epoch 4/10  iter 500/743  loss=0.2132  lr=3.80e-05
[16:15:57 INFO] Epoch 4/10  iter 550/743  loss=0.2549  lr=3.76e-05
[16:16:25 INFO] Epoch 4/10  iter 600/743  loss=0.3050  lr=3.71e-05
[16:16:53 INFO] Epoch 4/10  iter 650/743  loss=0.1747  lr=3.67e-05
[16:17:21 INFO] Epoch 4/10  iter 700/743  loss=0.2621  lr=3.63e-05
[16:17:45 INFO] Epoch 4 complete — avg_loss=0.2446  time=418s
[16:21:40 INFO]   val mIoU = 0.6408
[16:21:40 INFO]   ★ New best val mIoU: 0.6408
[16:22:09 INFO] Epoch 5/10  iter 50/743  loss=0.1353  lr=3.56e-05
[16:22:36 INFO] Epoch 5/10  iter 100/743  loss=0.2029  lr=3.52e-05
[16:23:04 INFO] Epoch 5/10  iter 150/743  loss=0.2434  lr=3.48e-05
[16:23:32 INFO] Epoch 5/10  iter 200/743  loss=0.1964  lr=3.44e-05
[16:24:00 INFO] Epoch 5/10  iter 250/743  loss=0.1723  lr=3.40e-05
[16:24:28 INFO] Epoch 5/10  iter 300/743  loss=0.2068  lr=3.36e-05
[16:24:55 INFO] Epoch 5/10  iter 350/743  loss=0.2063  lr=3.32e-05
[16:25:23 INFO] Epoch 5/10  iter 400/743  loss=0.3131  lr=3.28e-05
[16:25:51 INFO] Epoch 5/10  iter 450/743  loss=0.8864  lr=3.24e-05
[16:26:19 INFO] Epoch 5/10  iter 500/743  loss=0.1334  lr=3.20e-05
[16:26:47 INFO] Epoch 5/10  iter 550/743  loss=0.2968  lr=3.16e-05
[16:27:15 INFO] Epoch 5/10  iter 600/743  loss=0.1647  lr=3.11e-05
[16:27:43 INFO] Epoch 5/10  iter 650/743  loss=0.1710  lr=3.07e-05
[16:28:10 INFO] Epoch 5/10  iter 700/743  loss=0.2436  lr=3.03e-05
[16:28:34 INFO] Epoch 5 complete — avg_loss=0.2295  time=414s
[16:29:03 INFO] Epoch 6/10  iter 50/743  loss=0.1144  lr=2.96e-05
[16:29:31 INFO] Epoch 6/10  iter 100/743  loss=0.0929  lr=2.92e-05
[16:29:59 INFO] Epoch 6/10  iter 150/743  loss=0.0586  lr=2.88e-05
[16:30:27 INFO] Epoch 6/10  iter 200/743  loss=0.0882  lr=2.84e-05
[16:30:55 INFO] Epoch 6/10  iter 250/743  loss=0.1797  lr=2.80e-05
[16:31:23 INFO] Epoch 6/10  iter 300/743  loss=0.3464  lr=2.76e-05
[16:31:51 INFO] Epoch 6/10  iter 350/743  loss=0.2749  lr=2.72e-05
[16:32:19 INFO] Epoch 6/10  iter 400/743  loss=0.2361  lr=2.68e-05
[16:32:46 INFO] Epoch 6/10  iter 450/743  loss=0.1143  lr=2.64e-05
[16:33:14 INFO] Epoch 6/10  iter 500/743  loss=0.1964  lr=2.60e-05
[16:33:42 INFO] Epoch 6/10  iter 550/743  loss=0.1086  lr=2.56e-05
[16:34:10 INFO] Epoch 6/10  iter 600/743  loss=0.2947  lr=2.51e-05
[16:34:38 INFO] Epoch 6/10  iter 650/743  loss=0.2280  lr=2.47e-05
[16:35:05 INFO] Epoch 6/10  iter 700/743  loss=0.1228  lr=2.43e-05
[16:35:29 INFO] Epoch 6 complete — avg_loss=0.2182  time=415s
[16:39:17 INFO]   val mIoU = 0.6555
[16:39:18 INFO]   ★ New best val mIoU: 0.6555
[16:39:46 INFO] Epoch 7/10  iter 50/743  loss=0.1988  lr=2.36e-05
[16:40:14 INFO] Epoch 7/10  iter 100/743  loss=0.2091  lr=2.32e-05
[16:40:42 INFO] Epoch 7/10  iter 150/743  loss=0.1488  lr=2.28e-05
[16:41:10 INFO] Epoch 7/10  iter 200/743  loss=0.1478  lr=2.24e-05
[16:41:37 INFO] Epoch 7/10  iter 250/743  loss=0.1640  lr=2.20e-05
[16:42:05 INFO] Epoch 7/10  iter 300/743  loss=0.2074  lr=2.16e-05
[16:42:33 INFO] Epoch 7/10  iter 350/743  loss=0.1892  lr=2.12e-05
[16:43:00 INFO] Epoch 7/10  iter 400/743  loss=0.2935  lr=2.08e-05
[16:43:28 INFO] Epoch 7/10  iter 450/743  loss=0.1433  lr=2.04e-05
[16:43:55 INFO] Epoch 7/10  iter 500/743  loss=0.1423  lr=2.00e-05
[16:44:23 INFO] Epoch 7/10  iter 550/743  loss=0.1756  lr=1.96e-05
[16:44:51 INFO] Epoch 7/10  iter 600/743  loss=0.0608  lr=1.91e-05
[16:45:18 INFO] Epoch 7/10  iter 650/743  loss=0.2360  lr=1.87e-05
[16:45:46 INFO] Epoch 7/10  iter 700/743  loss=0.0605  lr=1.83e-05
[16:46:10 INFO] Epoch 7 complete — avg_loss=0.2044  time=412s
[16:46:39 INFO] Epoch 8/10  iter 50/743  loss=0.1623  lr=1.76e-05
[16:47:06 INFO] Epoch 8/10  iter 100/743  loss=0.1286  lr=1.72e-05
[16:47:34 INFO] Epoch 8/10  iter 150/743  loss=0.1576  lr=1.68e-05
[16:48:02 INFO] Epoch 8/10  iter 200/743  loss=0.2662  lr=1.64e-05
[16:48:30 INFO] Epoch 8/10  iter 250/743  loss=0.2459  lr=1.60e-05
[16:48:58 INFO] Epoch 8/10  iter 300/743  loss=0.0843  lr=1.56e-05
[16:49:25 INFO] Epoch 8/10  iter 350/743  loss=0.1717  lr=1.52e-05
[16:49:53 INFO] Epoch 8/10  iter 400/743  loss=0.0993  lr=1.48e-05
[16:50:21 INFO] Epoch 8/10  iter 450/743  loss=0.1491  lr=1.44e-05
[16:50:49 INFO] Epoch 8/10  iter 500/743  loss=0.1847  lr=1.40e-05
[16:51:16 INFO] Epoch 8/10  iter 550/743  loss=0.1547  lr=1.36e-05
[16:51:44 INFO] Epoch 8/10  iter 600/743  loss=0.2533  lr=1.31e-05
[16:52:12 INFO] Epoch 8/10  iter 650/743  loss=0.1283  lr=1.27e-05
[16:52:40 INFO] Epoch 8/10  iter 700/743  loss=0.2291  lr=1.23e-05
[16:53:04 INFO] Epoch 8 complete — avg_loss=0.2004  time=413s
[16:56:52 INFO]   val mIoU = 0.6961
[16:56:52 INFO]   ★ New best val mIoU: 0.6961
[16:57:21 INFO] Epoch 9/10  iter 50/743  loss=0.1484  lr=1.16e-05
[16:57:49 INFO] Epoch 9/10  iter 100/743  loss=0.1541  lr=1.12e-05
[16:58:17 INFO] Epoch 9/10  iter 150/743  loss=0.3041  lr=1.08e-05
[16:58:45 INFO] Epoch 9/10  iter 200/743  loss=0.1263  lr=1.04e-05
[16:59:12 INFO] Epoch 9/10  iter 250/743  loss=0.2291  lr=9.97e-06
[16:59:40 INFO] Epoch 9/10  iter 300/743  loss=0.2174  lr=9.57e-06
[17:00:07 INFO] Epoch 9/10  iter 350/743  loss=0.0745  lr=9.17e-06
[17:00:35 INFO] Epoch 9/10  iter 400/743  loss=0.1285  lr=8.76e-06
[17:01:03 INFO] Epoch 9/10  iter 450/743  loss=0.3038  lr=8.36e-06
[17:01:31 INFO] Epoch 9/10  iter 500/743  loss=0.1446  lr=7.95e-06
[17:01:59 INFO] Epoch 9/10  iter 550/743  loss=0.1193  lr=7.55e-06
[17:02:27 INFO] Epoch 9/10  iter 600/743  loss=0.1239  lr=7.15e-06
[17:02:54 INFO] Epoch 9/10  iter 650/743  loss=0.2544  lr=6.74e-06
[17:03:22 INFO] Epoch 9/10  iter 700/743  loss=0.1538  lr=6.34e-06
[17:03:46 INFO] Epoch 9 complete — avg_loss=0.1850  time=413s
[17:04:15 INFO] Epoch 10/10  iter 50/743  loss=0.1708  lr=5.59e-06
[17:04:42 INFO] Epoch 10/10  iter 100/743  loss=0.2457  lr=5.18e-06
[17:05:10 INFO] Epoch 10/10  iter 150/743  loss=0.2011  lr=4.78e-06
[17:05:38 INFO] Epoch 10/10  iter 200/743  loss=0.2102  lr=4.38e-06
[17:06:06 INFO] Epoch 10/10  iter 250/743  loss=0.1564  lr=3.97e-06
[17:06:33 INFO] Epoch 10/10  iter 300/743  loss=0.1955  lr=3.57e-06
[17:07:01 INFO] Epoch 10/10  iter 350/743  loss=0.1549  lr=3.17e-06
[17:07:29 INFO] Epoch 10/10  iter 400/743  loss=0.3354  lr=2.76e-06
[17:07:57 INFO] Epoch 10/10  iter 450/743  loss=0.1137  lr=2.36e-06
[17:08:24 INFO] Epoch 10/10  iter 500/743  loss=0.0822  lr=1.95e-06
[17:08:52 INFO] Epoch 10/10  iter 550/743  loss=0.1156  lr=1.55e-06
[17:09:20 INFO] Epoch 10/10  iter 600/743  loss=0.1065  lr=1.15e-06
[17:09:48 INFO] Epoch 10/10  iter 650/743  loss=0.2000  lr=7.43e-07
[17:10:15 INFO] Epoch 10/10  iter 700/743  loss=0.2398  lr=3.39e-07
[17:10:39 INFO] Epoch 10 complete — avg_loss=0.1790  time=413s
[17:14:24 INFO]   val mIoU = 0.7059
[17:14:24 INFO]   ★ New best val mIoU: 0.7059
[17:14:25 INFO] Training complete. Best val mIoU = 0.7059
