[21:10:02 INFO] Device: cuda
[21:10:04 INFO] Using fog cache: data/fog_cache/nn_depth_b001
[21:10:06 INFO] Train: 2975 samples  |  Val: 500 samples
[21:10:19 INFO] Epoch 1/50  iter 50/743  loss=1.6064  lr=5.99e-05
[21:10:31 INFO] Epoch 1/50  iter 100/743  loss=1.1698  lr=5.98e-05
[21:10:44 INFO] Epoch 1/50  iter 150/743  loss=1.2446  lr=5.98e-05
[21:10:56 INFO] Epoch 1/50  iter 200/743  loss=0.6949  lr=5.97e-05
[21:11:08 INFO] Epoch 1/50  iter 250/743  loss=1.2217  lr=5.96e-05
[21:11:21 INFO] Epoch 1/50  iter 300/743  loss=0.7163  lr=5.95e-05
[21:11:33 INFO] Epoch 1/50  iter 350/743  loss=1.3606  lr=5.94e-05
[21:11:45 INFO] Epoch 1/50  iter 400/743  loss=0.4380  lr=5.94e-05
[21:11:58 INFO] Epoch 1/50  iter 450/743  loss=0.5600  lr=5.93e-05
[21:12:10 INFO] Epoch 1/50  iter 500/743  loss=0.5324  lr=5.92e-05
[21:12:23 INFO] Epoch 1/50  iter 550/743  loss=0.3741  lr=5.91e-05
[21:12:35 INFO] Epoch 1/50  iter 600/743  loss=0.4703  lr=5.90e-05
[21:12:47 INFO] Epoch 1/50  iter 650/743  loss=0.9486  lr=5.89e-05
[21:13:00 INFO] Epoch 1/50  iter 700/743  loss=0.7020  lr=5.89e-05
[21:13:10 INFO] Epoch 1 complete — avg_loss=0.8698  time=185s
[21:13:24 INFO] Epoch 2/50  iter 50/743  loss=0.8526  lr=5.87e-05
[21:13:36 INFO] Epoch 2/50  iter 100/743  loss=0.2793  lr=5.86e-05
[21:13:49 INFO] Epoch 2/50  iter 150/743  loss=0.2879  lr=5.86e-05
[21:14:01 INFO] Epoch 2/50  iter 200/743  loss=0.3459  lr=5.85e-05
[21:14:13 INFO] Epoch 2/50  iter 250/743  loss=0.5815  lr=5.84e-05
[21:14:26 INFO] Epoch 2/50  iter 300/743  loss=0.4663  lr=5.83e-05
[21:14:38 INFO] Epoch 2/50  iter 350/743  loss=0.4311  lr=5.82e-05
[21:14:51 INFO] Epoch 2/50  iter 400/743  loss=0.4255  lr=5.82e-05
[21:15:03 INFO] Epoch 2/50  iter 450/743  loss=0.3334  lr=5.81e-05
[21:15:15 INFO] Epoch 2/50  iter 500/743  loss=0.9145  lr=5.80e-05
[21:15:28 INFO] Epoch 2/50  iter 550/743  loss=0.3364  lr=5.79e-05
[21:15:40 INFO] Epoch 2/50  iter 600/743  loss=0.3491  lr=5.78e-05
[21:15:53 INFO] Epoch 2/50  iter 650/743  loss=0.7651  lr=5.77e-05
[21:16:05 INFO] Epoch 2/50  iter 700/743  loss=0.2587  lr=5.77e-05
[21:16:16 INFO] Epoch 2 complete — avg_loss=0.4688  time=185s
[21:16:29 INFO] Epoch 3/50  iter 50/743  loss=0.4444  lr=5.75e-05
[21:16:42 INFO] Epoch 3/50  iter 100/743  loss=0.3651  lr=5.74e-05
[21:16:54 INFO] Epoch 3/50  iter 150/743  loss=0.3476  lr=5.74e-05
[21:17:06 INFO] Epoch 3/50  iter 200/743  loss=0.2723  lr=5.73e-05
[21:17:19 INFO] Epoch 3/50  iter 250/743  loss=0.3887  lr=5.72e-05
[21:17:31 INFO] Epoch 3/50  iter 300/743  loss=0.3995  lr=5.71e-05
[21:17:44 INFO] Epoch 3/50  iter 350/743  loss=0.2920  lr=5.70e-05
[21:17:56 INFO] Epoch 3/50  iter 400/743  loss=0.2373  lr=5.70e-05
[21:18:08 INFO] Epoch 3/50  iter 450/743  loss=0.2879  lr=5.69e-05
[21:18:21 INFO] Epoch 3/50  iter 500/743  loss=0.2637  lr=5.68e-05
[21:18:33 INFO] Epoch 3/50  iter 550/743  loss=0.4101  lr=5.67e-05
[21:18:46 INFO] Epoch 3/50  iter 600/743  loss=0.5729  lr=5.66e-05
[21:18:58 INFO] Epoch 3/50  iter 650/743  loss=0.4532  lr=5.65e-05
[21:19:10 INFO] Epoch 3/50  iter 700/743  loss=0.5071  lr=5.65e-05
[21:19:21 INFO] Epoch 3 complete — avg_loss=0.3882  time=185s
[21:19:34 INFO] Epoch 4/50  iter 50/743  loss=0.3062  lr=5.63e-05
[21:19:47 INFO] Epoch 4/50  iter 100/743  loss=0.2180  lr=5.62e-05
[21:19:59 INFO] Epoch 4/50  iter 150/743  loss=0.2224  lr=5.62e-05
[21:20:12 INFO] Epoch 4/50  iter 200/743  loss=0.2629  lr=5.61e-05
[21:20:24 INFO] Epoch 4/50  iter 250/743  loss=0.3941  lr=5.60e-05
[21:20:36 INFO] Epoch 4/50  iter 300/743  loss=0.2811  lr=5.59e-05
[21:20:49 INFO] Epoch 4/50  iter 350/743  loss=0.3349  lr=5.58e-05
[21:21:01 INFO] Epoch 4/50  iter 400/743  loss=0.3499  lr=5.58e-05
[21:21:14 INFO] Epoch 4/50  iter 450/743  loss=0.1941  lr=5.57e-05
[21:21:26 INFO] Epoch 4/50  iter 500/743  loss=0.2145  lr=5.56e-05
[21:21:38 INFO] Epoch 4/50  iter 550/743  loss=0.4831  lr=5.55e-05
[21:21:51 INFO] Epoch 4/50  iter 600/743  loss=0.2599  lr=5.54e-05
[21:22:03 INFO] Epoch 4/50  iter 650/743  loss=0.3525  lr=5.53e-05
[21:22:16 INFO] Epoch 4/50  iter 700/743  loss=0.3379  lr=5.53e-05
[21:22:26 INFO] Epoch 4 complete — avg_loss=0.3503  time=185s
[21:22:40 INFO] Epoch 5/50  iter 50/743  loss=0.2261  lr=5.51e-05
[21:22:52 INFO] Epoch 5/50  iter 100/743  loss=0.2615  lr=5.50e-05
[21:23:05 INFO] Epoch 5/50  iter 150/743  loss=0.1426  lr=5.50e-05
[21:23:17 INFO] Epoch 5/50  iter 200/743  loss=0.1969  lr=5.49e-05
[21:23:29 INFO] Epoch 5/50  iter 250/743  loss=0.2698  lr=5.48e-05
[21:23:42 INFO] Epoch 5/50  iter 300/743  loss=0.3784  lr=5.47e-05
[21:23:54 INFO] Epoch 5/50  iter 350/743  loss=0.1736  lr=5.46e-05
[21:24:06 INFO] Epoch 5/50  iter 400/743  loss=0.4532  lr=5.46e-05
[21:24:19 INFO] Epoch 5/50  iter 450/743  loss=0.7597  lr=5.45e-05
[21:24:31 INFO] Epoch 5/50  iter 500/743  loss=0.3104  lr=5.44e-05
[21:24:44 INFO] Epoch 5/50  iter 550/743  loss=1.5082  lr=5.43e-05
[21:24:56 INFO] Epoch 5/50  iter 600/743  loss=0.3277  lr=5.42e-05
[21:25:08 INFO] Epoch 5/50  iter 650/743  loss=0.2780  lr=5.41e-05
[21:25:21 INFO] Epoch 5/50  iter 700/743  loss=0.2753  lr=5.41e-05
[21:25:31 INFO] Epoch 5 complete — avg_loss=0.3226  time=185s
[21:26:25 INFO]   val mIoU = 0.3593
[21:26:25 INFO]   ★ New best val mIoU: 0.3593
[21:26:39 INFO] Epoch 6/50  iter 50/743  loss=0.2792  lr=5.39e-05
[21:26:51 INFO] Epoch 6/50  iter 100/743  loss=0.4786  lr=5.38e-05
[21:27:04 INFO] Epoch 6/50  iter 150/743  loss=0.3642  lr=5.38e-05
[21:27:16 INFO] Epoch 6/50  iter 200/743  loss=0.2975  lr=5.37e-05
[21:27:28 INFO] Epoch 6/50  iter 250/743  loss=0.2186  lr=5.36e-05
[21:27:41 INFO] Epoch 6/50  iter 300/743  loss=0.1982  lr=5.35e-05
[21:27:53 INFO] Epoch 6/50  iter 350/743  loss=0.1625  lr=5.34e-05
[21:28:06 INFO] Epoch 6/50  iter 400/743  loss=0.3252  lr=5.34e-05
[21:28:18 INFO] Epoch 6/50  iter 450/743  loss=0.2135  lr=5.33e-05
[21:28:30 INFO] Epoch 6/50  iter 500/743  loss=0.3910  lr=5.32e-05
[21:28:43 INFO] Epoch 6/50  iter 550/743  loss=0.3893  lr=5.31e-05
[21:28:55 INFO] Epoch 6/50  iter 600/743  loss=0.2054  lr=5.30e-05
[21:29:07 INFO] Epoch 6/50  iter 650/743  loss=0.3013  lr=5.29e-05
[21:29:20 INFO] Epoch 6/50  iter 700/743  loss=0.2248  lr=5.29e-05
[21:29:31 INFO] Epoch 6 complete — avg_loss=0.3053  time=184s
[21:29:44 INFO] Epoch 7/50  iter 50/743  loss=0.3302  lr=5.27e-05
[21:29:57 INFO] Epoch 7/50  iter 100/743  loss=0.3228  lr=5.26e-05
[21:30:09 INFO] Epoch 7/50  iter 150/743  loss=0.2906  lr=5.26e-05
[21:30:21 INFO] Epoch 7/50  iter 200/743  loss=0.3402  lr=5.25e-05
[21:30:34 INFO] Epoch 7/50  iter 250/743  loss=0.2926  lr=5.24e-05
[21:30:46 INFO] Epoch 7/50  iter 300/743  loss=0.3604  lr=5.23e-05
[21:30:59 INFO] Epoch 7/50  iter 350/743  loss=0.2030  lr=5.22e-05
[21:31:11 INFO] Epoch 7/50  iter 400/743  loss=0.3363  lr=5.22e-05
[21:31:24 INFO] Epoch 7/50  iter 450/743  loss=0.2314  lr=5.21e-05
[21:31:36 INFO] Epoch 7/50  iter 500/743  loss=0.1947  lr=5.20e-05
[21:31:48 INFO] Epoch 7/50  iter 550/743  loss=0.1308  lr=5.19e-05
[21:32:01 INFO] Epoch 7/50  iter 600/743  loss=0.0986  lr=5.18e-05
[21:32:13 INFO] Epoch 7/50  iter 650/743  loss=0.1507  lr=5.17e-05
[21:32:26 INFO] Epoch 7/50  iter 700/743  loss=0.2927  lr=5.17e-05
[21:32:36 INFO] Epoch 7 complete — avg_loss=0.2884  time=185s
[21:32:50 INFO] Epoch 8/50  iter 50/743  loss=0.3781  lr=5.15e-05
[21:33:02 INFO] Epoch 8/50  iter 100/743  loss=0.1822  lr=5.14e-05
[21:33:15 INFO] Epoch 8/50  iter 150/743  loss=0.5245  lr=5.14e-05
[21:33:27 INFO] Epoch 8/50  iter 200/743  loss=0.1308  lr=5.13e-05
[21:33:40 INFO] Epoch 8/50  iter 250/743  loss=0.5663  lr=5.12e-05
[21:33:52 INFO] Epoch 8/50  iter 300/743  loss=0.2604  lr=5.11e-05
[21:34:04 INFO] Epoch 8/50  iter 350/743  loss=0.1344  lr=5.10e-05
[21:34:17 INFO] Epoch 8/50  iter 400/743  loss=0.4124  lr=5.10e-05
[21:34:29 INFO] Epoch 8/50  iter 450/743  loss=0.1794  lr=5.09e-05
[21:34:42 INFO] Epoch 8/50  iter 500/743  loss=0.1980  lr=5.08e-05
[21:34:54 INFO] Epoch 8/50  iter 550/743  loss=0.1387  lr=5.07e-05
[21:35:06 INFO] Epoch 8/50  iter 600/743  loss=0.6895  lr=5.06e-05
[21:35:19 INFO] Epoch 8/50  iter 650/743  loss=0.1702  lr=5.05e-05
[21:35:31 INFO] Epoch 8/50  iter 700/743  loss=0.2035  lr=5.05e-05
[21:35:42 INFO] Epoch 8 complete — avg_loss=0.2759  time=185s
[21:35:55 INFO] Epoch 9/50  iter 50/743  loss=0.2431  lr=5.03e-05
[21:36:08 INFO] Epoch 9/50  iter 100/743  loss=0.2606  lr=5.02e-05
[21:36:20 INFO] Epoch 9/50  iter 150/743  loss=0.1778  lr=5.02e-05
[21:36:32 INFO] Epoch 9/50  iter 200/743  loss=0.2314  lr=5.01e-05
[21:36:45 INFO] Epoch 9/50  iter 250/743  loss=0.2440  lr=5.00e-05
[21:36:57 INFO] Epoch 9/50  iter 300/743  loss=0.2350  lr=4.99e-05
[21:37:10 INFO] Epoch 9/50  iter 350/743  loss=0.3202  lr=4.98e-05
[21:37:22 INFO] Epoch 9/50  iter 400/743  loss=0.2584  lr=4.98e-05
[21:37:34 INFO] Epoch 9/50  iter 450/743  loss=0.4443  lr=4.97e-05
[21:37:47 INFO] Epoch 9/50  iter 500/743  loss=0.3466  lr=4.96e-05
[21:37:59 INFO] Epoch 9/50  iter 550/743  loss=0.4005  lr=4.95e-05
[21:38:11 INFO] Epoch 9/50  iter 600/743  loss=0.2132  lr=4.94e-05
[21:38:24 INFO] Epoch 9/50  iter 650/743  loss=0.2727  lr=4.93e-05
[21:38:36 INFO] Epoch 9/50  iter 700/743  loss=0.2799  lr=4.93e-05
[21:38:47 INFO] Epoch 9 complete — avg_loss=0.2730  time=184s
[21:39:00 INFO] Epoch 10/50  iter 50/743  loss=0.1372  lr=4.91e-05
[21:39:13 INFO] Epoch 10/50  iter 100/743  loss=0.1650  lr=4.90e-05
[21:39:25 INFO] Epoch 10/50  iter 150/743  loss=0.2466  lr=4.90e-05
[21:39:38 INFO] Epoch 10/50  iter 200/743  loss=0.0490  lr=4.89e-05
[21:39:50 INFO] Epoch 10/50  iter 250/743  loss=0.3398  lr=4.88e-05
[21:40:03 INFO] Epoch 10/50  iter 300/743  loss=0.0950  lr=4.87e-05
[21:40:15 INFO] Epoch 10/50  iter 350/743  loss=0.3041  lr=4.86e-05
[21:40:27 INFO] Epoch 10/50  iter 400/743  loss=0.2505  lr=4.86e-05
[21:40:40 INFO] Epoch 10/50  iter 450/743  loss=0.1952  lr=4.85e-05
[21:40:52 INFO] Epoch 10/50  iter 500/743  loss=0.1038  lr=4.84e-05
[21:41:05 INFO] Epoch 10/50  iter 550/743  loss=0.2114  lr=4.83e-05
[21:41:17 INFO] Epoch 10/50  iter 600/743  loss=0.4321  lr=4.82e-05
[21:41:30 INFO] Epoch 10/50  iter 650/743  loss=0.3459  lr=4.81e-05
[21:41:42 INFO] Epoch 10/50  iter 700/743  loss=0.1388  lr=4.81e-05
[21:41:53 INFO] Epoch 10 complete — avg_loss=0.2563  time=185s
[21:42:47 INFO]   val mIoU = 0.5005
[21:42:47 INFO]   ★ New best val mIoU: 0.5005
[21:43:01 INFO] Epoch 11/50  iter 50/743  loss=0.5199  lr=4.79e-05
[21:43:13 INFO] Epoch 11/50  iter 100/743  loss=0.2326  lr=4.78e-05
[21:43:26 INFO] Epoch 11/50  iter 150/743  loss=0.3423  lr=4.78e-05
[21:43:38 INFO] Epoch 11/50  iter 200/743  loss=0.5803  lr=4.77e-05
[21:43:50 INFO] Epoch 11/50  iter 250/743  loss=0.3271  lr=4.76e-05
[21:44:03 INFO] Epoch 11/50  iter 300/743  loss=0.6157  lr=4.75e-05
[21:44:15 INFO] Epoch 11/50  iter 350/743  loss=0.1566  lr=4.74e-05
[21:44:28 INFO] Epoch 11/50  iter 400/743  loss=0.1852  lr=4.74e-05
[21:44:40 INFO] Epoch 11/50  iter 450/743  loss=0.2689  lr=4.73e-05
[21:44:52 INFO] Epoch 11/50  iter 500/743  loss=0.1945  lr=4.72e-05
[21:45:05 INFO] Epoch 11/50  iter 550/743  loss=0.5575  lr=4.71e-05
[21:45:17 INFO] Epoch 11/50  iter 600/743  loss=0.2979  lr=4.70e-05
[21:45:30 INFO] Epoch 11/50  iter 650/743  loss=0.4007  lr=4.69e-05
[21:45:42 INFO] Epoch 11/50  iter 700/743  loss=0.1525  lr=4.69e-05
[21:45:53 INFO] Epoch 11 complete — avg_loss=0.2447  time=185s
[21:46:06 INFO] Epoch 12/50  iter 50/743  loss=0.2122  lr=4.67e-05
[21:46:19 INFO] Epoch 12/50  iter 100/743  loss=0.1372  lr=4.66e-05
[21:46:31 INFO] Epoch 12/50  iter 150/743  loss=0.2950  lr=4.66e-05
[21:46:44 INFO] Epoch 12/50  iter 200/743  loss=0.3106  lr=4.65e-05
[21:46:56 INFO] Epoch 12/50  iter 250/743  loss=0.3934  lr=4.64e-05
[21:47:08 INFO] Epoch 12/50  iter 300/743  loss=0.2522  lr=4.63e-05
[21:47:21 INFO] Epoch 12/50  iter 350/743  loss=0.4018  lr=4.62e-05
[21:47:33 INFO] Epoch 12/50  iter 400/743  loss=0.2924  lr=4.62e-05
[21:47:45 INFO] Epoch 12/50  iter 450/743  loss=0.0705  lr=4.61e-05
[21:47:58 INFO] Epoch 12/50  iter 500/743  loss=0.1456  lr=4.60e-05
[21:48:10 INFO] Epoch 12/50  iter 550/743  loss=0.1809  lr=4.59e-05
[21:48:23 INFO] Epoch 12/50  iter 600/743  loss=0.2163  lr=4.58e-05
[21:48:35 INFO] Epoch 12/50  iter 650/743  loss=0.1465  lr=4.57e-05
[21:48:47 INFO] Epoch 12/50  iter 700/743  loss=0.1428  lr=4.57e-05
[21:48:58 INFO] Epoch 12 complete — avg_loss=0.2393  time=185s
[21:49:12 INFO] Epoch 13/50  iter 50/743  loss=0.1917  lr=4.55e-05
[21:49:24 INFO] Epoch 13/50  iter 100/743  loss=0.0513  lr=4.54e-05
[21:49:36 INFO] Epoch 13/50  iter 150/743  loss=0.2628  lr=4.54e-05
[21:49:49 INFO] Epoch 13/50  iter 200/743  loss=0.1177  lr=4.53e-05
[21:50:01 INFO] Epoch 13/50  iter 250/743  loss=0.1851  lr=4.52e-05
[21:50:14 INFO] Epoch 13/50  iter 300/743  loss=0.2122  lr=4.51e-05
[21:50:26 INFO] Epoch 13/50  iter 350/743  loss=0.2045  lr=4.50e-05
[21:50:38 INFO] Epoch 13/50  iter 400/743  loss=0.1460  lr=4.50e-05
[21:50:51 INFO] Epoch 13/50  iter 450/743  loss=0.3607  lr=4.49e-05
[21:51:03 INFO] Epoch 13/50  iter 500/743  loss=0.1328  lr=4.48e-05
[21:51:15 INFO] Epoch 13/50  iter 550/743  loss=0.1410  lr=4.47e-05
[21:51:28 INFO] Epoch 13/50  iter 600/743  loss=0.1709  lr=4.46e-05
[21:51:40 INFO] Epoch 13/50  iter 650/743  loss=0.1349  lr=4.45e-05
[21:51:53 INFO] Epoch 13/50  iter 700/743  loss=0.1689  lr=4.45e-05
[21:52:03 INFO] Epoch 13 complete — avg_loss=0.2424  time=184s
[21:52:17 INFO] Epoch 14/50  iter 50/743  loss=0.1301  lr=4.43e-05
[21:52:29 INFO] Epoch 14/50  iter 100/743  loss=0.2065  lr=4.42e-05
[21:52:42 INFO] Epoch 14/50  iter 150/743  loss=0.1649  lr=4.42e-05
[21:52:54 INFO] Epoch 14/50  iter 200/743  loss=0.1981  lr=4.41e-05
[21:53:06 INFO] Epoch 14/50  iter 250/743  loss=0.2272  lr=4.40e-05
[21:53:19 INFO] Epoch 14/50  iter 300/743  loss=0.2398  lr=4.39e-05
[21:53:31 INFO] Epoch 14/50  iter 350/743  loss=0.1936  lr=4.38e-05
[21:53:44 INFO] Epoch 14/50  iter 400/743  loss=0.6390  lr=4.38e-05
[21:53:56 INFO] Epoch 14/50  iter 450/743  loss=0.2327  lr=4.37e-05
[21:54:09 INFO] Epoch 14/50  iter 500/743  loss=0.1430  lr=4.36e-05
[21:54:21 INFO] Epoch 14/50  iter 550/743  loss=0.3588  lr=4.35e-05
[21:54:33 INFO] Epoch 14/50  iter 600/743  loss=0.2358  lr=4.34e-05
[21:54:46 INFO] Epoch 14/50  iter 650/743  loss=0.1226  lr=4.33e-05
[21:54:58 INFO] Epoch 14/50  iter 700/743  loss=0.2053  lr=4.33e-05
[21:55:09 INFO] Epoch 14 complete — avg_loss=0.2330  time=185s
[21:55:23 INFO] Epoch 15/50  iter 50/743  loss=0.1372  lr=4.31e-05
[21:55:35 INFO] Epoch 15/50  iter 100/743  loss=0.1851  lr=4.30e-05
[21:55:47 INFO] Epoch 15/50  iter 150/743  loss=0.3219  lr=4.30e-05
[21:56:00 INFO] Epoch 15/50  iter 200/743  loss=0.1647  lr=4.29e-05
[21:56:12 INFO] Epoch 15/50  iter 250/743  loss=0.2390  lr=4.28e-05
[21:56:25 INFO] Epoch 15/50  iter 300/743  loss=0.3211  lr=4.27e-05
[21:56:37 INFO] Epoch 15/50  iter 350/743  loss=0.1697  lr=4.26e-05
[21:56:49 INFO] Epoch 15/50  iter 400/743  loss=0.1766  lr=4.26e-05
[21:57:02 INFO] Epoch 15/50  iter 450/743  loss=0.1561  lr=4.25e-05
[21:57:14 INFO] Epoch 15/50  iter 500/743  loss=0.3189  lr=4.24e-05
[21:57:27 INFO] Epoch 15/50  iter 550/743  loss=0.2394  lr=4.23e-05
[21:57:39 INFO] Epoch 15/50  iter 600/743  loss=0.1625  lr=4.22e-05
[21:57:51 INFO] Epoch 15/50  iter 650/743  loss=0.1639  lr=4.21e-05
[21:58:04 INFO] Epoch 15/50  iter 700/743  loss=0.1099  lr=4.21e-05
[21:58:14 INFO] Epoch 15 complete — avg_loss=0.2362  time=185s
[21:59:08 INFO]   val mIoU = 0.4961
[21:59:21 INFO] Epoch 16/50  iter 50/743  loss=0.1456  lr=4.19e-05
[21:59:34 INFO] Epoch 16/50  iter 100/743  loss=0.2090  lr=4.18e-05
[21:59:46 INFO] Epoch 16/50  iter 150/743  loss=0.1548  lr=4.18e-05
[21:59:58 INFO] Epoch 16/50  iter 200/743  loss=0.1139  lr=4.17e-05
[22:00:11 INFO] Epoch 16/50  iter 250/743  loss=0.1673  lr=4.16e-05
[22:00:23 INFO] Epoch 16/50  iter 300/743  loss=0.1438  lr=4.15e-05
[22:00:35 INFO] Epoch 16/50  iter 350/743  loss=0.3693  lr=4.14e-05
[22:00:48 INFO] Epoch 16/50  iter 400/743  loss=0.0712  lr=4.14e-05
[22:01:00 INFO] Epoch 16/50  iter 450/743  loss=0.1620  lr=4.13e-05
[22:01:13 INFO] Epoch 16/50  iter 500/743  loss=0.2343  lr=4.12e-05
[22:01:25 INFO] Epoch 16/50  iter 550/743  loss=0.1644  lr=4.11e-05
[22:01:37 INFO] Epoch 16/50  iter 600/743  loss=0.3349  lr=4.10e-05
[22:01:50 INFO] Epoch 16/50  iter 650/743  loss=0.1520  lr=4.09e-05
[22:02:02 INFO] Epoch 16/50  iter 700/743  loss=0.1816  lr=4.09e-05
[22:02:13 INFO] Epoch 16 complete — avg_loss=0.2188  time=185s
[22:02:26 INFO] Epoch 17/50  iter 50/743  loss=0.1190  lr=4.07e-05
[22:02:39 INFO] Epoch 17/50  iter 100/743  loss=0.1505  lr=4.06e-05
[22:02:51 INFO] Epoch 17/50  iter 150/743  loss=0.1748  lr=4.06e-05
[22:03:04 INFO] Epoch 17/50  iter 200/743  loss=0.0704  lr=4.05e-05
[22:03:16 INFO] Epoch 17/50  iter 250/743  loss=0.1164  lr=4.04e-05
[22:03:29 INFO] Epoch 17/50  iter 300/743  loss=0.1854  lr=4.03e-05
[22:03:41 INFO] Epoch 17/50  iter 350/743  loss=0.1466  lr=4.02e-05
[22:03:53 INFO] Epoch 17/50  iter 400/743  loss=0.2110  lr=4.02e-05
[22:04:06 INFO] Epoch 17/50  iter 450/743  loss=0.2049  lr=4.01e-05
[22:04:18 INFO] Epoch 17/50  iter 500/743  loss=0.2435  lr=4.00e-05
[22:04:31 INFO] Epoch 17/50  iter 550/743  loss=0.3506  lr=3.99e-05
[22:04:43 INFO] Epoch 17/50  iter 600/743  loss=0.1148  lr=3.98e-05
[22:04:56 INFO] Epoch 17/50  iter 650/743  loss=0.1302  lr=3.97e-05
[22:05:08 INFO] Epoch 17/50  iter 700/743  loss=0.0939  lr=3.97e-05
[22:05:19 INFO] Epoch 17 complete — avg_loss=0.2156  time=185s
[22:05:32 INFO] Epoch 18/50  iter 50/743  loss=0.2178  lr=3.95e-05
[22:05:45 INFO] Epoch 18/50  iter 100/743  loss=0.5098  lr=3.94e-05
[22:05:57 INFO] Epoch 18/50  iter 150/743  loss=0.2376  lr=3.94e-05
[22:06:09 INFO] Epoch 18/50  iter 200/743  loss=0.2019  lr=3.93e-05
[22:06:22 INFO] Epoch 18/50  iter 250/743  loss=0.2133  lr=3.92e-05
[22:06:34 INFO] Epoch 18/50  iter 300/743  loss=0.2477  lr=3.91e-05
[22:06:47 INFO] Epoch 18/50  iter 350/743  loss=0.2371  lr=3.90e-05
[22:06:59 INFO] Epoch 18/50  iter 400/743  loss=0.1870  lr=3.90e-05
[22:07:11 INFO] Epoch 18/50  iter 450/743  loss=0.0961  lr=3.89e-05
[22:07:24 INFO] Epoch 18/50  iter 500/743  loss=0.0933  lr=3.88e-05
[22:07:36 INFO] Epoch 18/50  iter 550/743  loss=0.1133  lr=3.87e-05
[22:07:48 INFO] Epoch 18/50  iter 600/743  loss=0.2848  lr=3.86e-05
[22:08:01 INFO] Epoch 18/50  iter 650/743  loss=0.1278  lr=3.85e-05
[22:08:13 INFO] Epoch 18/50  iter 700/743  loss=0.3019  lr=3.85e-05
[22:08:24 INFO] Epoch 18 complete — avg_loss=0.2064  time=184s
[22:08:38 INFO] Epoch 19/50  iter 50/743  loss=0.2569  lr=3.83e-05
[22:08:50 INFO] Epoch 19/50  iter 100/743  loss=0.1651  lr=3.82e-05
[22:09:02 INFO] Epoch 19/50  iter 150/743  loss=0.1917  lr=3.82e-05
[22:09:15 INFO] Epoch 19/50  iter 200/743  loss=0.1460  lr=3.81e-05
[22:09:27 INFO] Epoch 19/50  iter 250/743  loss=0.1373  lr=3.80e-05
[22:09:40 INFO] Epoch 19/50  iter 300/743  loss=0.1150  lr=3.79e-05
[22:09:52 INFO] Epoch 19/50  iter 350/743  loss=0.1603  lr=3.78e-05
[22:10:05 INFO] Epoch 19/50  iter 400/743  loss=0.1314  lr=3.78e-05
[22:10:17 INFO] Epoch 19/50  iter 450/743  loss=0.3121  lr=3.77e-05
[22:10:29 INFO] Epoch 19/50  iter 500/743  loss=0.0911  lr=3.76e-05
[22:10:42 INFO] Epoch 19/50  iter 550/743  loss=0.2449  lr=3.75e-05
[22:10:54 INFO] Epoch 19/50  iter 600/743  loss=0.3629  lr=3.74e-05
[22:11:07 INFO] Epoch 19/50  iter 650/743  loss=0.1349  lr=3.73e-05
[22:11:19 INFO] Epoch 19/50  iter 700/743  loss=0.1551  lr=3.73e-05
[22:11:30 INFO] Epoch 19 complete — avg_loss=0.2140  time=185s
[22:11:44 INFO] Epoch 20/50  iter 50/743  loss=0.2464  lr=3.71e-05
[22:11:56 INFO] Epoch 20/50  iter 100/743  loss=0.1337  lr=3.70e-05
[22:12:08 INFO] Epoch 20/50  iter 150/743  loss=0.1426  lr=3.70e-05
[22:12:21 INFO] Epoch 20/50  iter 200/743  loss=0.2026  lr=3.69e-05
[22:12:33 INFO] Epoch 20/50  iter 250/743  loss=0.1821  lr=3.68e-05
[22:12:46 INFO] Epoch 20/50  iter 300/743  loss=0.0990  lr=3.67e-05
[22:12:58 INFO] Epoch 20/50  iter 350/743  loss=0.1175  lr=3.66e-05
[22:13:10 INFO] Epoch 20/50  iter 400/743  loss=0.1352  lr=3.66e-05
[22:13:23 INFO] Epoch 20/50  iter 450/743  loss=0.2787  lr=3.65e-05
[22:13:35 INFO] Epoch 20/50  iter 500/743  loss=0.2393  lr=3.64e-05
[22:13:47 INFO] Epoch 20/50  iter 550/743  loss=0.1461  lr=3.63e-05
[22:14:00 INFO] Epoch 20/50  iter 600/743  loss=0.0915  lr=3.62e-05
[22:14:12 INFO] Epoch 20/50  iter 650/743  loss=0.2482  lr=3.61e-05
[22:14:25 INFO] Epoch 20/50  iter 700/743  loss=0.1753  lr=3.61e-05
[22:14:35 INFO] Epoch 20 complete — avg_loss=0.2104  time=184s
[22:15:29 INFO]   val mIoU = 0.5090
[22:15:30 INFO]   ★ New best val mIoU: 0.5090
[22:15:43 INFO] Epoch 21/50  iter 50/743  loss=0.1543  lr=3.59e-05
[22:15:56 INFO] Epoch 21/50  iter 100/743  loss=0.1522  lr=3.58e-05
[22:16:08 INFO] Epoch 21/50  iter 150/743  loss=0.0807  lr=3.58e-05
[22:16:21 INFO] Epoch 21/50  iter 200/743  loss=1.2420  lr=3.57e-05
[22:16:33 INFO] Epoch 21/50  iter 250/743  loss=0.1731  lr=3.56e-05
[22:16:45 INFO] Epoch 21/50  iter 300/743  loss=0.1592  lr=3.55e-05
[22:16:58 INFO] Epoch 21/50  iter 350/743  loss=0.1319  lr=3.54e-05
[22:17:10 INFO] Epoch 21/50  iter 400/743  loss=0.2136  lr=3.54e-05
[22:17:22 INFO] Epoch 21/50  iter 450/743  loss=0.1473  lr=3.53e-05
[22:17:35 INFO] Epoch 21/50  iter 500/743  loss=0.1222  lr=3.52e-05
[22:17:47 INFO] Epoch 21/50  iter 550/743  loss=0.1136  lr=3.51e-05
[22:17:59 INFO] Epoch 21/50  iter 600/743  loss=0.1580  lr=3.50e-05
[22:18:12 INFO] Epoch 21/50  iter 650/743  loss=0.2837  lr=3.49e-05
[22:18:24 INFO] Epoch 21/50  iter 700/743  loss=0.1380  lr=3.49e-05
[22:18:35 INFO] Epoch 21 complete — avg_loss=0.1958  time=184s
[22:18:49 INFO] Epoch 22/50  iter 50/743  loss=0.1549  lr=3.47e-05
[22:19:01 INFO] Epoch 22/50  iter 100/743  loss=0.1108  lr=3.46e-05
[22:19:13 INFO] Epoch 22/50  iter 150/743  loss=0.1006  lr=3.46e-05
[22:19:26 INFO] Epoch 22/50  iter 200/743  loss=0.4245  lr=3.45e-05
[22:19:38 INFO] Epoch 22/50  iter 250/743  loss=0.1901  lr=3.44e-05
[22:19:51 INFO] Epoch 22/50  iter 300/743  loss=0.1415  lr=3.43e-05
[22:20:03 INFO] Epoch 22/50  iter 350/743  loss=0.2224  lr=3.42e-05
[22:20:16 INFO] Epoch 22/50  iter 400/743  loss=0.1539  lr=3.42e-05
[22:20:28 INFO] Epoch 22/50  iter 450/743  loss=0.1276  lr=3.41e-05
[22:20:40 INFO] Epoch 22/50  iter 500/743  loss=0.2013  lr=3.40e-05
[22:20:53 INFO] Epoch 22/50  iter 550/743  loss=0.2007  lr=3.39e-05
[22:21:05 INFO] Epoch 22/50  iter 600/743  loss=0.1256  lr=3.38e-05
[22:21:18 INFO] Epoch 22/50  iter 650/743  loss=0.2374  lr=3.37e-05
[22:21:30 INFO] Epoch 22/50  iter 700/743  loss=0.2435  lr=3.37e-05
[22:21:41 INFO] Epoch 22 complete — avg_loss=0.1924  time=185s
[22:21:55 INFO] Epoch 23/50  iter 50/743  loss=0.1413  lr=3.35e-05
[22:22:07 INFO] Epoch 23/50  iter 100/743  loss=0.1089  lr=3.34e-05
[22:22:20 INFO] Epoch 23/50  iter 150/743  loss=0.7235  lr=3.34e-05
[22:22:32 INFO] Epoch 23/50  iter 200/743  loss=0.1553  lr=3.33e-05
[22:22:44 INFO] Epoch 23/50  iter 250/743  loss=0.2781  lr=3.32e-05
[22:22:57 INFO] Epoch 23/50  iter 300/743  loss=0.1297  lr=3.31e-05
[22:23:09 INFO] Epoch 23/50  iter 350/743  loss=0.0549  lr=3.30e-05
[22:23:22 INFO] Epoch 23/50  iter 400/743  loss=0.1962  lr=3.30e-05
[22:23:34 INFO] Epoch 23/50  iter 450/743  loss=0.1808  lr=3.29e-05
[22:23:47 INFO] Epoch 23/50  iter 500/743  loss=0.1812  lr=3.28e-05
[22:23:59 INFO] Epoch 23/50  iter 550/743  loss=0.1584  lr=3.27e-05
[22:24:11 INFO] Epoch 23/50  iter 600/743  loss=0.1137  lr=3.26e-05
[22:24:24 INFO] Epoch 23/50  iter 650/743  loss=0.2063  lr=3.25e-05
[22:24:36 INFO] Epoch 23/50  iter 700/743  loss=0.1029  lr=3.25e-05
[22:24:47 INFO] Epoch 23 complete — avg_loss=0.1880  time=185s
[22:25:01 INFO] Epoch 24/50  iter 50/743  loss=0.1066  lr=3.23e-05
[22:25:13 INFO] Epoch 24/50  iter 100/743  loss=0.2016  lr=3.22e-05
[22:25:26 INFO] Epoch 24/50  iter 150/743  loss=0.1461  lr=3.22e-05
[22:25:38 INFO] Epoch 24/50  iter 200/743  loss=0.1116  lr=3.21e-05
[22:25:51 INFO] Epoch 24/50  iter 250/743  loss=0.0710  lr=3.20e-05
[22:26:03 INFO] Epoch 24/50  iter 300/743  loss=0.1372  lr=3.19e-05
[22:26:15 INFO] Epoch 24/50  iter 350/743  loss=0.0966  lr=3.18e-05
[22:26:28 INFO] Epoch 24/50  iter 400/743  loss=0.2218  lr=3.18e-05
[22:26:40 INFO] Epoch 24/50  iter 450/743  loss=0.1137  lr=3.17e-05
[22:26:53 INFO] Epoch 24/50  iter 500/743  loss=0.1400  lr=3.16e-05
[22:27:05 INFO] Epoch 24/50  iter 550/743  loss=0.1284  lr=3.15e-05
[22:27:18 INFO] Epoch 24/50  iter 600/743  loss=0.1078  lr=3.14e-05
[22:27:30 INFO] Epoch 24/50  iter 650/743  loss=0.2378  lr=3.13e-05
[22:27:42 INFO] Epoch 24/50  iter 700/743  loss=0.1386  lr=3.13e-05
[22:27:53 INFO] Epoch 24 complete — avg_loss=0.1881  time=185s
[22:28:07 INFO] Epoch 25/50  iter 50/743  loss=0.0961  lr=3.11e-05
[22:28:19 INFO] Epoch 25/50  iter 100/743  loss=0.2373  lr=3.10e-05
[22:28:32 INFO] Epoch 25/50  iter 150/743  loss=0.1211  lr=3.10e-05
[22:28:44 INFO] Epoch 25/50  iter 200/743  loss=0.1167  lr=3.09e-05
[22:28:57 INFO] Epoch 25/50  iter 250/743  loss=0.1885  lr=3.08e-05
[22:29:09 INFO] Epoch 25/50  iter 300/743  loss=0.1498  lr=3.07e-05
[22:29:22 INFO] Epoch 25/50  iter 350/743  loss=0.2164  lr=3.06e-05
[22:29:34 INFO] Epoch 25/50  iter 400/743  loss=0.1014  lr=3.06e-05
[22:29:46 INFO] Epoch 25/50  iter 450/743  loss=0.4156  lr=3.05e-05
[22:29:59 INFO] Epoch 25/50  iter 500/743  loss=0.1408  lr=3.04e-05
[22:30:11 INFO] Epoch 25/50  iter 550/743  loss=0.2744  lr=3.03e-05
[22:30:24 INFO] Epoch 25/50  iter 600/743  loss=0.1622  lr=3.02e-05
[22:30:36 INFO] Epoch 25/50  iter 650/743  loss=0.1262  lr=3.01e-05
[22:30:49 INFO] Epoch 25/50  iter 700/743  loss=0.1530  lr=3.01e-05
[22:30:59 INFO] Epoch 25 complete — avg_loss=0.1855  time=185s
[22:31:53 INFO]   val mIoU = 0.5740
[22:31:54 INFO]   ★ New best val mIoU: 0.5740
[22:32:08 INFO] Epoch 26/50  iter 50/743  loss=0.1776  lr=2.99e-05
[22:32:20 INFO] Epoch 26/50  iter 100/743  loss=0.1255  lr=2.98e-05
[22:32:33 INFO] Epoch 26/50  iter 150/743  loss=0.1464  lr=2.98e-05
[22:32:45 INFO] Epoch 26/50  iter 200/743  loss=0.0956  lr=2.97e-05
[22:32:58 INFO] Epoch 26/50  iter 250/743  loss=0.1388  lr=2.96e-05
[22:33:10 INFO] Epoch 26/50  iter 300/743  loss=0.2518  lr=2.95e-05
[22:33:22 INFO] Epoch 26/50  iter 350/743  loss=0.0969  lr=2.94e-05
[22:33:35 INFO] Epoch 26/50  iter 400/743  loss=0.1097  lr=2.94e-05
[22:33:47 INFO] Epoch 26/50  iter 450/743  loss=0.1006  lr=2.93e-05
[22:33:59 INFO] Epoch 26/50  iter 500/743  loss=0.2002  lr=2.92e-05
[22:34:12 INFO] Epoch 26/50  iter 550/743  loss=0.2067  lr=2.91e-05
[22:34:24 INFO] Epoch 26/50  iter 600/743  loss=0.0940  lr=2.90e-05
[22:34:37 INFO] Epoch 26/50  iter 650/743  loss=0.0924  lr=2.89e-05
[22:34:49 INFO] Epoch 26/50  iter 700/743  loss=0.1858  lr=2.89e-05
[22:35:00 INFO] Epoch 26 complete — avg_loss=0.1850  time=185s
[22:35:13 INFO] Epoch 27/50  iter 50/743  loss=0.1050  lr=2.87e-05
[22:35:26 INFO] Epoch 27/50  iter 100/743  loss=0.1172  lr=2.86e-05
[22:35:38 INFO] Epoch 27/50  iter 150/743  loss=0.0960  lr=2.86e-05
[22:35:51 INFO] Epoch 27/50  iter 200/743  loss=0.0924  lr=2.85e-05
[22:36:03 INFO] Epoch 27/50  iter 250/743  loss=0.1926  lr=2.84e-05
[22:36:15 INFO] Epoch 27/50  iter 300/743  loss=0.1152  lr=2.83e-05
[22:36:28 INFO] Epoch 27/50  iter 350/743  loss=0.1159  lr=2.82e-05
[22:36:40 INFO] Epoch 27/50  iter 400/743  loss=0.1258  lr=2.82e-05
[22:36:53 INFO] Epoch 27/50  iter 450/743  loss=0.1840  lr=2.81e-05
[22:37:05 INFO] Epoch 27/50  iter 500/743  loss=0.1154  lr=2.80e-05
[22:37:18 INFO] Epoch 27/50  iter 550/743  loss=0.1435  lr=2.79e-05
[22:37:30 INFO] Epoch 27/50  iter 600/743  loss=0.4073  lr=2.78e-05
[22:37:43 INFO] Epoch 27/50  iter 650/743  loss=0.0978  lr=2.77e-05
[22:37:55 INFO] Epoch 27/50  iter 700/743  loss=0.2297  lr=2.77e-05
[22:38:06 INFO] Epoch 27 complete — avg_loss=0.1811  time=185s
[22:38:19 INFO] Epoch 28/50  iter 50/743  loss=0.1731  lr=2.75e-05
[22:38:32 INFO] Epoch 28/50  iter 100/743  loss=0.2563  lr=2.74e-05
[22:38:44 INFO] Epoch 28/50  iter 150/743  loss=0.1371  lr=2.74e-05
[22:38:57 INFO] Epoch 28/50  iter 200/743  loss=0.0754  lr=2.73e-05
[22:39:09 INFO] Epoch 28/50  iter 250/743  loss=0.0817  lr=2.72e-05
[22:39:22 INFO] Epoch 28/50  iter 300/743  loss=0.1628  lr=2.71e-05
[22:39:34 INFO] Epoch 28/50  iter 350/743  loss=0.2139  lr=2.70e-05
[22:39:47 INFO] Epoch 28/50  iter 400/743  loss=0.1250  lr=2.70e-05
[22:39:59 INFO] Epoch 28/50  iter 450/743  loss=0.0761  lr=2.69e-05
[22:40:11 INFO] Epoch 28/50  iter 500/743  loss=0.1883  lr=2.68e-05
[22:40:24 INFO] Epoch 28/50  iter 550/743  loss=0.0631  lr=2.67e-05
[22:40:36 INFO] Epoch 28/50  iter 600/743  loss=0.1101  lr=2.66e-05
[22:40:49 INFO] Epoch 28/50  iter 650/743  loss=0.1996  lr=2.65e-05
[22:41:01 INFO] Epoch 28/50  iter 700/743  loss=0.2071  lr=2.65e-05
[22:41:12 INFO] Epoch 28 complete — avg_loss=0.1848  time=185s
[22:41:26 INFO] Epoch 29/50  iter 50/743  loss=0.1740  lr=2.63e-05
[22:41:38 INFO] Epoch 29/50  iter 100/743  loss=0.3643  lr=2.62e-05
[22:41:51 INFO] Epoch 29/50  iter 150/743  loss=0.1570  lr=2.62e-05
[22:42:03 INFO] Epoch 29/50  iter 200/743  loss=0.2019  lr=2.61e-05
[22:42:15 INFO] Epoch 29/50  iter 250/743  loss=0.1153  lr=2.60e-05
[22:42:28 INFO] Epoch 29/50  iter 300/743  loss=0.1151  lr=2.59e-05
[22:42:40 INFO] Epoch 29/50  iter 350/743  loss=0.2303  lr=2.58e-05
[22:42:53 INFO] Epoch 29/50  iter 400/743  loss=0.1514  lr=2.58e-05
[22:43:05 INFO] Epoch 29/50  iter 450/743  loss=0.7500  lr=2.57e-05
[22:43:18 INFO] Epoch 29/50  iter 500/743  loss=0.1466  lr=2.56e-05
[22:43:30 INFO] Epoch 29/50  iter 550/743  loss=0.1296  lr=2.55e-05
[22:43:42 INFO] Epoch 29/50  iter 600/743  loss=0.2117  lr=2.54e-05
[22:43:55 INFO] Epoch 29/50  iter 650/743  loss=0.8839  lr=2.53e-05
[22:44:07 INFO] Epoch 29/50  iter 700/743  loss=0.1552  lr=2.53e-05
[22:44:18 INFO] Epoch 29 complete — avg_loss=0.1786  time=185s
[22:44:32 INFO] Epoch 30/50  iter 50/743  loss=0.0793  lr=2.51e-05
[22:44:44 INFO] Epoch 30/50  iter 100/743  loss=0.1968  lr=2.50e-05
[22:44:57 INFO] Epoch 30/50  iter 150/743  loss=0.1081  lr=2.50e-05
[22:45:09 INFO] Epoch 30/50  iter 200/743  loss=0.2992  lr=2.49e-05
[22:45:21 INFO] Epoch 30/50  iter 250/743  loss=0.1420  lr=2.48e-05
[22:45:34 INFO] Epoch 30/50  iter 300/743  loss=0.2262  lr=2.47e-05
[22:45:46 INFO] Epoch 30/50  iter 350/743  loss=0.2108  lr=2.46e-05
[22:45:59 INFO] Epoch 30/50  iter 400/743  loss=0.1806  lr=2.46e-05
[22:46:11 INFO] Epoch 30/50  iter 450/743  loss=0.2101  lr=2.45e-05
[22:46:24 INFO] Epoch 30/50  iter 500/743  loss=0.1547  lr=2.44e-05
[22:46:36 INFO] Epoch 30/50  iter 550/743  loss=0.1788  lr=2.43e-05
[22:46:48 INFO] Epoch 30/50  iter 600/743  loss=0.1971  lr=2.42e-05
[22:47:01 INFO] Epoch 30/50  iter 650/743  loss=0.2094  lr=2.41e-05
[22:47:13 INFO] Epoch 30/50  iter 700/743  loss=0.1459  lr=2.41e-05
[22:47:24 INFO] Epoch 30 complete — avg_loss=0.1726  time=185s
[22:48:17 INFO]   val mIoU = 0.5300
[22:48:31 INFO] Epoch 31/50  iter 50/743  loss=0.1054  lr=2.39e-05
[22:48:43 INFO] Epoch 31/50  iter 100/743  loss=0.1999  lr=2.38e-05
[22:48:56 INFO] Epoch 31/50  iter 150/743  loss=0.1946  lr=2.38e-05
[22:49:08 INFO] Epoch 31/50  iter 200/743  loss=0.2323  lr=2.37e-05
[22:49:20 INFO] Epoch 31/50  iter 250/743  loss=0.1267  lr=2.36e-05
[22:49:33 INFO] Epoch 31/50  iter 300/743  loss=0.5809  lr=2.35e-05
[22:49:45 INFO] Epoch 31/50  iter 350/743  loss=0.0689  lr=2.34e-05
[22:49:58 INFO] Epoch 31/50  iter 400/743  loss=0.1332  lr=2.34e-05
[22:50:10 INFO] Epoch 31/50  iter 450/743  loss=0.1763  lr=2.33e-05
[22:50:22 INFO] Epoch 31/50  iter 500/743  loss=0.2019  lr=2.32e-05
[22:50:35 INFO] Epoch 31/50  iter 550/743  loss=0.2026  lr=2.31e-05
[22:50:47 INFO] Epoch 31/50  iter 600/743  loss=0.0658  lr=2.30e-05
[22:51:00 INFO] Epoch 31/50  iter 650/743  loss=0.1829  lr=2.29e-05
[22:51:12 INFO] Epoch 31/50  iter 700/743  loss=0.0864  lr=2.29e-05
[22:51:23 INFO] Epoch 31 complete — avg_loss=0.1675  time=185s
[22:51:36 INFO] Epoch 32/50  iter 50/743  loss=0.0941  lr=2.27e-05
[22:51:49 INFO] Epoch 32/50  iter 100/743  loss=0.2174  lr=2.26e-05
[22:52:01 INFO] Epoch 32/50  iter 150/743  loss=0.1928  lr=2.26e-05
[22:52:14 INFO] Epoch 32/50  iter 200/743  loss=0.2089  lr=2.25e-05
[22:52:26 INFO] Epoch 32/50  iter 250/743  loss=0.1689  lr=2.24e-05
[22:52:39 INFO] Epoch 32/50  iter 300/743  loss=0.1299  lr=2.23e-05
[22:52:51 INFO] Epoch 32/50  iter 350/743  loss=0.1080  lr=2.22e-05
[22:53:04 INFO] Epoch 32/50  iter 400/743  loss=0.3487  lr=2.22e-05
[22:53:16 INFO] Epoch 32/50  iter 450/743  loss=0.0643  lr=2.21e-05
[22:53:28 INFO] Epoch 32/50  iter 500/743  loss=0.0877  lr=2.20e-05
[22:53:41 INFO] Epoch 32/50  iter 550/743  loss=0.1644  lr=2.19e-05
[22:53:53 INFO] Epoch 32/50  iter 600/743  loss=0.3011  lr=2.18e-05
[22:54:06 INFO] Epoch 32/50  iter 650/743  loss=0.1358  lr=2.17e-05
[22:54:18 INFO] Epoch 32/50  iter 700/743  loss=0.0883  lr=2.17e-05
[22:54:29 INFO] Epoch 32 complete — avg_loss=0.1669  time=185s
[22:54:43 INFO] Epoch 33/50  iter 50/743  loss=0.2250  lr=2.15e-05
[22:54:55 INFO] Epoch 33/50  iter 100/743  loss=0.2201  lr=2.14e-05
[22:55:08 INFO] Epoch 33/50  iter 150/743  loss=0.1265  lr=2.14e-05
[22:55:20 INFO] Epoch 33/50  iter 200/743  loss=0.1211  lr=2.13e-05
[22:55:33 INFO] Epoch 33/50  iter 250/743  loss=0.0952  lr=2.12e-05
[22:55:45 INFO] Epoch 33/50  iter 300/743  loss=0.1415  lr=2.11e-05
[22:55:57 INFO] Epoch 33/50  iter 350/743  loss=0.1346  lr=2.10e-05
[22:56:10 INFO] Epoch 33/50  iter 400/743  loss=0.1637  lr=2.10e-05
[22:56:22 INFO] Epoch 33/50  iter 450/743  loss=0.2722  lr=2.09e-05
[22:56:35 INFO] Epoch 33/50  iter 500/743  loss=0.1854  lr=2.08e-05
[22:56:47 INFO] Epoch 33/50  iter 550/743  loss=0.1641  lr=2.07e-05
[22:57:00 INFO] Epoch 33/50  iter 600/743  loss=0.2067  lr=2.06e-05
[22:57:12 INFO] Epoch 33/50  iter 650/743  loss=0.5601  lr=2.05e-05
[22:57:24 INFO] Epoch 33/50  iter 700/743  loss=0.2071  lr=2.05e-05
[22:57:35 INFO] Epoch 33 complete — avg_loss=0.1658  time=185s
[22:57:49 INFO] Epoch 34/50  iter 50/743  loss=0.1692  lr=2.03e-05
[22:58:01 INFO] Epoch 34/50  iter 100/743  loss=0.1621  lr=2.02e-05
[22:58:14 INFO] Epoch 34/50  iter 150/743  loss=0.3423  lr=2.02e-05
[22:58:26 INFO] Epoch 34/50  iter 200/743  loss=0.1242  lr=2.01e-05
[22:58:39 INFO] Epoch 34/50  iter 250/743  loss=0.0871  lr=2.00e-05
[22:58:51 INFO] Epoch 34/50  iter 300/743  loss=0.1044  lr=1.99e-05
[22:59:04 INFO] Epoch 34/50  iter 350/743  loss=0.1158  lr=1.98e-05
[22:59:16 INFO] Epoch 34/50  iter 400/743  loss=0.0927  lr=1.98e-05
[22:59:28 INFO] Epoch 34/50  iter 450/743  loss=0.1434  lr=1.97e-05
[22:59:41 INFO] Epoch 34/50  iter 500/743  loss=0.1807  lr=1.96e-05
[22:59:53 INFO] Epoch 34/50  iter 550/743  loss=0.1948  lr=1.95e-05
[23:00:06 INFO] Epoch 34/50  iter 600/743  loss=0.3649  lr=1.94e-05
[23:00:18 INFO] Epoch 34/50  iter 650/743  loss=0.2225  lr=1.93e-05
[23:00:31 INFO] Epoch 34/50  iter 700/743  loss=0.1037  lr=1.93e-05
[23:00:41 INFO] Epoch 34 complete — avg_loss=0.1698  time=186s
[23:00:55 INFO] Epoch 35/50  iter 50/743  loss=0.1691  lr=1.91e-05
[23:01:08 INFO] Epoch 35/50  iter 100/743  loss=0.1383  lr=1.90e-05
[23:01:20 INFO] Epoch 35/50  iter 150/743  loss=0.1025  lr=1.90e-05
[23:01:32 INFO] Epoch 35/50  iter 200/743  loss=0.1661  lr=1.89e-05
[23:01:45 INFO] Epoch 35/50  iter 250/743  loss=0.0688  lr=1.88e-05
[23:01:57 INFO] Epoch 35/50  iter 300/743  loss=0.1346  lr=1.87e-05
[23:02:09 INFO] Epoch 35/50  iter 350/743  loss=0.2222  lr=1.86e-05
[23:02:22 INFO] Epoch 35/50  iter 400/743  loss=0.3448  lr=1.86e-05
[23:02:34 INFO] Epoch 35/50  iter 450/743  loss=0.1249  lr=1.85e-05
[23:02:46 INFO] Epoch 35/50  iter 500/743  loss=0.1973  lr=1.84e-05
[23:02:59 INFO] Epoch 35/50  iter 550/743  loss=0.0877  lr=1.83e-05
[23:03:11 INFO] Epoch 35/50  iter 600/743  loss=0.1621  lr=1.82e-05
[23:03:24 INFO] Epoch 35/50  iter 650/743  loss=0.0550  lr=1.81e-05
[23:03:36 INFO] Epoch 35/50  iter 700/743  loss=0.1604  lr=1.81e-05
[23:03:47 INFO] Epoch 35 complete — avg_loss=0.1642  time=184s
[23:04:41 INFO]   val mIoU = 0.5547
[23:04:54 INFO] Epoch 36/50  iter 50/743  loss=0.0848  lr=1.79e-05
[23:05:07 INFO] Epoch 36/50  iter 100/743  loss=0.0624  lr=1.78e-05
[23:05:19 INFO] Epoch 36/50  iter 150/743  loss=0.2196  lr=1.78e-05
[23:05:32 INFO] Epoch 36/50  iter 200/743  loss=0.1221  lr=1.77e-05
[23:05:44 INFO] Epoch 36/50  iter 250/743  loss=0.2164  lr=1.76e-05
[23:05:56 INFO] Epoch 36/50  iter 300/743  loss=0.1003  lr=1.75e-05
[23:06:09 INFO] Epoch 36/50  iter 350/743  loss=0.1424  lr=1.74e-05
[23:06:21 INFO] Epoch 36/50  iter 400/743  loss=0.2073  lr=1.74e-05
[23:06:33 INFO] Epoch 36/50  iter 450/743  loss=0.1597  lr=1.73e-05
[23:06:46 INFO] Epoch 36/50  iter 500/743  loss=0.1440  lr=1.72e-05
[23:06:58 INFO] Epoch 36/50  iter 550/743  loss=0.1728  lr=1.71e-05
[23:07:11 INFO] Epoch 36/50  iter 600/743  loss=0.0954  lr=1.70e-05
[23:07:23 INFO] Epoch 36/50  iter 650/743  loss=0.1032  lr=1.69e-05
[23:07:35 INFO] Epoch 36/50  iter 700/743  loss=0.1496  lr=1.69e-05
[23:07:46 INFO] Epoch 36 complete — avg_loss=0.1607  time=184s
[23:08:00 INFO] Epoch 37/50  iter 50/743  loss=0.1787  lr=1.67e-05
[23:08:12 INFO] Epoch 37/50  iter 100/743  loss=0.2345  lr=1.66e-05
[23:08:24 INFO] Epoch 37/50  iter 150/743  loss=0.1155  lr=1.66e-05
[23:08:37 INFO] Epoch 37/50  iter 200/743  loss=0.0957  lr=1.65e-05
[23:08:49 INFO] Epoch 37/50  iter 250/743  loss=0.1381  lr=1.64e-05
[23:09:02 INFO] Epoch 37/50  iter 300/743  loss=0.1261  lr=1.63e-05
[23:09:14 INFO] Epoch 37/50  iter 350/743  loss=0.1635  lr=1.62e-05
[23:09:26 INFO] Epoch 37/50  iter 400/743  loss=0.1227  lr=1.62e-05
[23:09:39 INFO] Epoch 37/50  iter 450/743  loss=0.0859  lr=1.61e-05
[23:09:51 INFO] Epoch 37/50  iter 500/743  loss=0.3360  lr=1.60e-05
[23:10:04 INFO] Epoch 37/50  iter 550/743  loss=0.0663  lr=1.59e-05
[23:10:16 INFO] Epoch 37/50  iter 600/743  loss=0.0894  lr=1.58e-05
[23:10:28 INFO] Epoch 37/50  iter 650/743  loss=0.1116  lr=1.57e-05
[23:10:41 INFO] Epoch 37/50  iter 700/743  loss=0.1637  lr=1.57e-05
[23:10:51 INFO] Epoch 37 complete — avg_loss=0.1566  time=185s
[23:11:05 INFO] Epoch 38/50  iter 50/743  loss=0.2206  lr=1.55e-05
[23:11:17 INFO] Epoch 38/50  iter 100/743  loss=0.1994  lr=1.54e-05
[23:11:30 INFO] Epoch 38/50  iter 150/743  loss=0.1415  lr=1.54e-05
[23:11:42 INFO] Epoch 38/50  iter 200/743  loss=0.0791  lr=1.53e-05
[23:11:54 INFO] Epoch 38/50  iter 250/743  loss=0.1588  lr=1.52e-05
[23:12:07 INFO] Epoch 38/50  iter 300/743  loss=0.1318  lr=1.51e-05
[23:12:19 INFO] Epoch 38/50  iter 350/743  loss=0.1687  lr=1.50e-05
[23:12:31 INFO] Epoch 38/50  iter 400/743  loss=0.1842  lr=1.50e-05
[23:12:44 INFO] Epoch 38/50  iter 450/743  loss=0.1769  lr=1.49e-05
[23:12:56 INFO] Epoch 38/50  iter 500/743  loss=0.0745  lr=1.48e-05
[23:13:09 INFO] Epoch 38/50  iter 550/743  loss=0.0719  lr=1.47e-05
[23:13:21 INFO] Epoch 38/50  iter 600/743  loss=0.1281  lr=1.46e-05
[23:13:33 INFO] Epoch 38/50  iter 650/743  loss=0.1641  lr=1.45e-05
[23:13:46 INFO] Epoch 38/50  iter 700/743  loss=0.1203  lr=1.45e-05
[23:13:57 INFO] Epoch 38 complete — avg_loss=0.1526  time=185s
[23:14:10 INFO] Epoch 39/50  iter 50/743  loss=0.5354  lr=1.43e-05
[23:14:23 INFO] Epoch 39/50  iter 100/743  loss=0.1860  lr=1.42e-05
[23:14:35 INFO] Epoch 39/50  iter 150/743  loss=0.1072  lr=1.42e-05
[23:14:48 INFO] Epoch 39/50  iter 200/743  loss=0.2087  lr=1.41e-05
[23:15:00 INFO] Epoch 39/50  iter 250/743  loss=0.1388  lr=1.40e-05
[23:15:12 INFO] Epoch 39/50  iter 300/743  loss=0.1005  lr=1.39e-05
[23:15:25 INFO] Epoch 39/50  iter 350/743  loss=0.2488  lr=1.38e-05
[23:15:37 INFO] Epoch 39/50  iter 400/743  loss=0.2349  lr=1.38e-05
[23:15:50 INFO] Epoch 39/50  iter 450/743  loss=0.1412  lr=1.37e-05
[23:16:02 INFO] Epoch 39/50  iter 500/743  loss=0.0728  lr=1.36e-05
[23:16:15 INFO] Epoch 39/50  iter 550/743  loss=0.1483  lr=1.35e-05
[23:16:27 INFO] Epoch 39/50  iter 600/743  loss=0.1396  lr=1.34e-05
[23:16:40 INFO] Epoch 39/50  iter 650/743  loss=0.1244  lr=1.33e-05
[23:16:52 INFO] Epoch 39/50  iter 700/743  loss=0.1140  lr=1.33e-05
[23:17:03 INFO] Epoch 39 complete — avg_loss=0.1554  time=185s
[23:17:17 INFO] Epoch 40/50  iter 50/743  loss=0.0754  lr=1.31e-05
[23:17:29 INFO] Epoch 40/50  iter 100/743  loss=0.2707  lr=1.30e-05
[23:17:41 INFO] Epoch 40/50  iter 150/743  loss=0.1662  lr=1.30e-05
[23:17:54 INFO] Epoch 40/50  iter 200/743  loss=0.0783  lr=1.29e-05
[23:18:06 INFO] Epoch 40/50  iter 250/743  loss=0.2850  lr=1.28e-05
[23:18:19 INFO] Epoch 40/50  iter 300/743  loss=0.0940  lr=1.27e-05
[23:18:31 INFO] Epoch 40/50  iter 350/743  loss=0.1533  lr=1.26e-05
[23:18:44 INFO] Epoch 40/50  iter 400/743  loss=0.0967  lr=1.26e-05
[23:18:56 INFO] Epoch 40/50  iter 450/743  loss=0.1725  lr=1.25e-05
[23:19:08 INFO] Epoch 40/50  iter 500/743  loss=0.2068  lr=1.24e-05
[23:19:21 INFO] Epoch 40/50  iter 550/743  loss=0.1611  lr=1.23e-05
[23:19:33 INFO] Epoch 40/50  iter 600/743  loss=0.0676  lr=1.22e-05
[23:19:46 INFO] Epoch 40/50  iter 650/743  loss=0.2857  lr=1.21e-05
[23:19:58 INFO] Epoch 40/50  iter 700/743  loss=0.0785  lr=1.21e-05
[23:20:09 INFO] Epoch 40 complete — avg_loss=0.1553  time=185s
[23:21:03 INFO]   val mIoU = 0.5741
[23:21:04 INFO]   ★ New best val mIoU: 0.5741
[23:21:17 INFO] Epoch 41/50  iter 50/743  loss=0.1666  lr=1.19e-05
[23:21:30 INFO] Epoch 41/50  iter 100/743  loss=0.2430  lr=1.18e-05
[23:21:42 INFO] Epoch 41/50  iter 150/743  loss=0.1062  lr=1.18e-05
[23:21:54 INFO] Epoch 41/50  iter 200/743  loss=0.0794  lr=1.17e-05
[23:22:07 INFO] Epoch 41/50  iter 250/743  loss=0.1263  lr=1.16e-05
[23:22:19 INFO] Epoch 41/50  iter 300/743  loss=0.0641  lr=1.15e-05
[23:22:31 INFO] Epoch 41/50  iter 350/743  loss=0.1204  lr=1.14e-05
[23:22:44 INFO] Epoch 41/50  iter 400/743  loss=0.2017  lr=1.14e-05
[23:22:56 INFO] Epoch 41/50  iter 450/743  loss=0.1127  lr=1.13e-05
[23:23:09 INFO] Epoch 41/50  iter 500/743  loss=0.0918  lr=1.12e-05
[23:23:21 INFO] Epoch 41/50  iter 550/743  loss=0.1141  lr=1.11e-05
[23:23:33 INFO] Epoch 41/50  iter 600/743  loss=0.0536  lr=1.10e-05
[23:23:46 INFO] Epoch 41/50  iter 650/743  loss=0.1180  lr=1.09e-05
[23:23:58 INFO] Epoch 41/50  iter 700/743  loss=0.1676  lr=1.09e-05
[23:24:09 INFO] Epoch 41 complete — avg_loss=0.1505  time=185s
[23:24:22 INFO] Epoch 42/50  iter 50/743  loss=0.1316  lr=1.07e-05
[23:24:35 INFO] Epoch 42/50  iter 100/743  loss=0.2325  lr=1.06e-05
[23:24:47 INFO] Epoch 42/50  iter 150/743  loss=0.1419  lr=1.06e-05
[23:25:00 INFO] Epoch 42/50  iter 200/743  loss=0.5796  lr=1.05e-05
[23:25:12 INFO] Epoch 42/50  iter 250/743  loss=0.1837  lr=1.04e-05
[23:25:24 INFO] Epoch 42/50  iter 300/743  loss=0.1447  lr=1.03e-05
[23:25:37 INFO] Epoch 42/50  iter 350/743  loss=0.1925  lr=1.02e-05
[23:25:49 INFO] Epoch 42/50  iter 400/743  loss=0.1821  lr=1.02e-05
[23:26:02 INFO] Epoch 42/50  iter 450/743  loss=0.1269  lr=1.01e-05
[23:26:14 INFO] Epoch 42/50  iter 500/743  loss=0.1356  lr=9.99e-06
[23:26:26 INFO] Epoch 42/50  iter 550/743  loss=0.0773  lr=9.91e-06
[23:26:39 INFO] Epoch 42/50  iter 600/743  loss=0.1397  lr=9.83e-06
[23:26:51 INFO] Epoch 42/50  iter 650/743  loss=0.0955  lr=9.75e-06
[23:27:04 INFO] Epoch 42/50  iter 700/743  loss=0.1054  lr=9.67e-06
[23:27:14 INFO] Epoch 42 complete — avg_loss=0.1497  time=185s
[23:27:28 INFO] Epoch 43/50  iter 50/743  loss=0.1427  lr=9.52e-06
[23:27:40 INFO] Epoch 43/50  iter 100/743  loss=0.1551  lr=9.44e-06
[23:27:53 INFO] Epoch 43/50  iter 150/743  loss=0.0741  lr=9.36e-06
[23:28:05 INFO] Epoch 43/50  iter 200/743  loss=0.1297  lr=9.28e-06
[23:28:18 INFO] Epoch 43/50  iter 250/743  loss=0.0794  lr=9.19e-06
[23:28:30 INFO] Epoch 43/50  iter 300/743  loss=0.0968  lr=9.11e-06
[23:28:43 INFO] Epoch 43/50  iter 350/743  loss=0.0881  lr=9.03e-06
[23:28:55 INFO] Epoch 43/50  iter 400/743  loss=0.1769  lr=8.95e-06
[23:29:08 INFO] Epoch 43/50  iter 450/743  loss=0.2099  lr=8.87e-06
[23:29:20 INFO] Epoch 43/50  iter 500/743  loss=0.1109  lr=8.79e-06
[23:29:32 INFO] Epoch 43/50  iter 550/743  loss=0.0684  lr=8.71e-06
[23:29:45 INFO] Epoch 43/50  iter 600/743  loss=0.0768  lr=8.63e-06
[23:29:57 INFO] Epoch 43/50  iter 650/743  loss=0.0843  lr=8.55e-06
[23:30:10 INFO] Epoch 43/50  iter 700/743  loss=0.1830  lr=8.47e-06
[23:30:20 INFO] Epoch 43 complete — avg_loss=0.1481  time=185s
[23:30:34 INFO] Epoch 44/50  iter 50/743  loss=0.2101  lr=8.32e-06
[23:30:46 INFO] Epoch 44/50  iter 100/743  loss=0.0909  lr=8.24e-06
[23:30:59 INFO] Epoch 44/50  iter 150/743  loss=0.0961  lr=8.16e-06
[23:31:11 INFO] Epoch 44/50  iter 200/743  loss=0.1517  lr=8.08e-06
[23:31:24 INFO] Epoch 44/50  iter 250/743  loss=0.1309  lr=7.99e-06
[23:31:36 INFO] Epoch 44/50  iter 300/743  loss=0.2736  lr=7.91e-06
[23:31:49 INFO] Epoch 44/50  iter 350/743  loss=0.1363  lr=7.83e-06
[23:32:01 INFO] Epoch 44/50  iter 400/743  loss=0.1774  lr=7.75e-06
[23:32:13 INFO] Epoch 44/50  iter 450/743  loss=0.0867  lr=7.67e-06
[23:32:26 INFO] Epoch 44/50  iter 500/743  loss=0.0666  lr=7.59e-06
[23:32:38 INFO] Epoch 44/50  iter 550/743  loss=0.1013  lr=7.51e-06
[23:32:51 INFO] Epoch 44/50  iter 600/743  loss=0.1271  lr=7.43e-06
[23:33:03 INFO] Epoch 44/50  iter 650/743  loss=0.2914  lr=7.35e-06
[23:33:16 INFO] Epoch 44/50  iter 700/743  loss=0.1522  lr=7.27e-06
[23:33:26 INFO] Epoch 44 complete — avg_loss=0.1468  time=185s
[23:33:40 INFO] Epoch 45/50  iter 50/743  loss=0.0897  lr=7.12e-06
[23:33:53 INFO] Epoch 45/50  iter 100/743  loss=0.0885  lr=7.04e-06
[23:34:05 INFO] Epoch 45/50  iter 150/743  loss=0.1000  lr=6.96e-06
[23:34:17 INFO] Epoch 45/50  iter 200/743  loss=0.0588  lr=6.88e-06
[23:34:30 INFO] Epoch 45/50  iter 250/743  loss=0.1669  lr=6.79e-06
[23:34:42 INFO] Epoch 45/50  iter 300/743  loss=0.1948  lr=6.71e-06
[23:34:55 INFO] Epoch 45/50  iter 350/743  loss=0.1042  lr=6.63e-06
[23:35:07 INFO] Epoch 45/50  iter 400/743  loss=0.0972  lr=6.55e-06
[23:35:20 INFO] Epoch 45/50  iter 450/743  loss=0.0235  lr=6.47e-06
[23:35:32 INFO] Epoch 45/50  iter 500/743  loss=0.1342  lr=6.39e-06
[23:35:45 INFO] Epoch 45/50  iter 550/743  loss=0.0727  lr=6.31e-06
[23:35:57 INFO] Epoch 45/50  iter 600/743  loss=0.1084  lr=6.23e-06
[23:36:09 INFO] Epoch 45/50  iter 650/743  loss=0.1080  lr=6.15e-06
[23:36:22 INFO] Epoch 45/50  iter 700/743  loss=0.1218  lr=6.07e-06
[23:36:33 INFO] Epoch 45 complete — avg_loss=0.1427  time=185s
[23:37:26 INFO]   val mIoU = 0.5810
[23:37:26 INFO]   ★ New best val mIoU: 0.5810
[23:37:40 INFO] Epoch 46/50  iter 50/743  loss=0.1059  lr=5.92e-06
[23:37:53 INFO] Epoch 46/50  iter 100/743  loss=0.1247  lr=5.84e-06
[23:38:05 INFO] Epoch 46/50  iter 150/743  loss=0.0834  lr=5.76e-06
[23:38:17 INFO] Epoch 46/50  iter 200/743  loss=0.0696  lr=5.68e-06
[23:38:30 INFO] Epoch 46/50  iter 250/743  loss=0.1121  lr=5.59e-06
[23:38:42 INFO] Epoch 46/50  iter 300/743  loss=0.1006  lr=5.51e-06
[23:38:54 INFO] Epoch 46/50  iter 350/743  loss=0.3742  lr=5.43e-06
[23:39:07 INFO] Epoch 46/50  iter 400/743  loss=0.1276  lr=5.35e-06
[23:39:19 INFO] Epoch 46/50  iter 450/743  loss=0.1317  lr=5.27e-06
[23:39:32 INFO] Epoch 46/50  iter 500/743  loss=0.1711  lr=5.19e-06
[23:39:44 INFO] Epoch 46/50  iter 550/743  loss=0.1057  lr=5.11e-06
[23:39:56 INFO] Epoch 46/50  iter 600/743  loss=0.1770  lr=5.03e-06
[23:40:09 INFO] Epoch 46/50  iter 650/743  loss=0.1256  lr=4.95e-06
[23:40:21 INFO] Epoch 46/50  iter 700/743  loss=0.2787  lr=4.87e-06
[23:40:32 INFO] Epoch 46 complete — avg_loss=0.1381  time=184s
[23:40:45 INFO] Epoch 47/50  iter 50/743  loss=0.1944  lr=4.72e-06
[23:40:58 INFO] Epoch 47/50  iter 100/743  loss=0.1047  lr=4.64e-06
[23:41:10 INFO] Epoch 47/50  iter 150/743  loss=0.1260  lr=4.56e-06
[23:41:23 INFO] Epoch 47/50  iter 200/743  loss=0.1259  lr=4.48e-06
[23:41:35 INFO] Epoch 47/50  iter 250/743  loss=0.1261  lr=4.39e-06
[23:41:47 INFO] Epoch 47/50  iter 300/743  loss=0.1544  lr=4.31e-06
[23:42:00 INFO] Epoch 47/50  iter 350/743  loss=0.1371  lr=4.23e-06
[23:42:12 INFO] Epoch 47/50  iter 400/743  loss=0.1080  lr=4.15e-06
[23:42:25 INFO] Epoch 47/50  iter 450/743  loss=0.0630  lr=4.07e-06
[23:42:37 INFO] Epoch 47/50  iter 500/743  loss=0.2984  lr=3.99e-06
[23:42:50 INFO] Epoch 47/50  iter 550/743  loss=0.1343  lr=3.91e-06
[23:43:02 INFO] Epoch 47/50  iter 600/743  loss=0.1869  lr=3.83e-06
[23:43:14 INFO] Epoch 47/50  iter 650/743  loss=0.1310  lr=3.75e-06
[23:43:27 INFO] Epoch 47/50  iter 700/743  loss=0.1489  lr=3.67e-06
[23:43:38 INFO] Epoch 47 complete — avg_loss=0.1524  time=185s
[23:43:51 INFO] Epoch 48/50  iter 50/743  loss=0.1092  lr=3.52e-06
[23:44:04 INFO] Epoch 48/50  iter 100/743  loss=0.1325  lr=3.44e-06
[23:44:16 INFO] Epoch 48/50  iter 150/743  loss=0.0805  lr=3.36e-06
[23:44:29 INFO] Epoch 48/50  iter 200/743  loss=0.1022  lr=3.28e-06
[23:44:41 INFO] Epoch 48/50  iter 250/743  loss=0.0846  lr=3.19e-06
[23:44:53 INFO] Epoch 48/50  iter 300/743  loss=0.1403  lr=3.11e-06
[23:45:06 INFO] Epoch 48/50  iter 350/743  loss=0.0729  lr=3.03e-06
[23:45:18 INFO] Epoch 48/50  iter 400/743  loss=0.1134  lr=2.95e-06
[23:45:31 INFO] Epoch 48/50  iter 450/743  loss=0.0518  lr=2.87e-06
[23:45:43 INFO] Epoch 48/50  iter 500/743  loss=0.0802  lr=2.79e-06
[23:45:56 INFO] Epoch 48/50  iter 550/743  loss=0.0983  lr=2.71e-06
[23:46:08 INFO] Epoch 48/50  iter 600/743  loss=0.1901  lr=2.63e-06
[23:46:20 INFO] Epoch 48/50  iter 650/743  loss=0.1393  lr=2.55e-06
[23:46:33 INFO] Epoch 48/50  iter 700/743  loss=0.1276  lr=2.47e-06
[23:46:44 INFO] Epoch 48 complete — avg_loss=0.1440  time=185s
[23:46:57 INFO] Epoch 49/50  iter 50/743  loss=0.0537  lr=2.32e-06
[23:47:10 INFO] Epoch 49/50  iter 100/743  loss=0.1180  lr=2.24e-06
[23:47:22 INFO] Epoch 49/50  iter 150/743  loss=0.1556  lr=2.16e-06
[23:47:35 INFO] Epoch 49/50  iter 200/743  loss=0.0924  lr=2.08e-06
[23:47:47 INFO] Epoch 49/50  iter 250/743  loss=0.1943  lr=1.99e-06
[23:47:59 INFO] Epoch 49/50  iter 300/743  loss=0.0995  lr=1.91e-06
[23:48:12 INFO] Epoch 49/50  iter 350/743  loss=0.2364  lr=1.83e-06
[23:48:24 INFO] Epoch 49/50  iter 400/743  loss=0.2152  lr=1.75e-06
[23:48:37 INFO] Epoch 49/50  iter 450/743  loss=0.0523  lr=1.67e-06
[23:48:49 INFO] Epoch 49/50  iter 500/743  loss=0.1733  lr=1.59e-06
[23:49:02 INFO] Epoch 49/50  iter 550/743  loss=0.0684  lr=1.51e-06
[23:49:14 INFO] Epoch 49/50  iter 600/743  loss=0.1653  lr=1.43e-06
[23:49:26 INFO] Epoch 49/50  iter 650/743  loss=0.0834  lr=1.35e-06
[23:49:39 INFO] Epoch 49/50  iter 700/743  loss=0.1391  lr=1.27e-06
[23:49:50 INFO] Epoch 49 complete — avg_loss=0.1392  time=185s
[23:50:04 INFO] Epoch 50/50  iter 50/743  loss=0.1846  lr=1.12e-06
[23:50:16 INFO] Epoch 50/50  iter 100/743  loss=0.0858  lr=1.04e-06
[23:50:28 INFO] Epoch 50/50  iter 150/743  loss=0.1098  lr=9.56e-07
[23:50:41 INFO] Epoch 50/50  iter 200/743  loss=0.2366  lr=8.75e-07
[23:50:53 INFO] Epoch 50/50  iter 250/743  loss=0.1197  lr=7.95e-07
[23:51:06 INFO] Epoch 50/50  iter 300/743  loss=0.1560  lr=7.14e-07
[23:51:18 INFO] Epoch 50/50  iter 350/743  loss=0.1490  lr=6.33e-07
[23:51:31 INFO] Epoch 50/50  iter 400/743  loss=0.1447  lr=5.52e-07
[23:51:43 INFO] Epoch 50/50  iter 450/743  loss=0.0769  lr=4.72e-07
[23:51:56 INFO] Epoch 50/50  iter 500/743  loss=0.1224  lr=3.91e-07
[23:52:08 INFO] Epoch 50/50  iter 550/743  loss=0.1117  lr=3.10e-07
[23:52:20 INFO] Epoch 50/50  iter 600/743  loss=0.1916  lr=2.29e-07
[23:52:33 INFO] Epoch 50/50  iter 650/743  loss=0.1014  lr=1.49e-07
[23:52:45 INFO] Epoch 50/50  iter 700/743  loss=0.1252  lr=6.78e-08
[23:52:56 INFO] Epoch 50 complete — avg_loss=0.1414  time=185s
[23:53:50 INFO]   val mIoU = 0.5670
[23:53:51 INFO] Training complete. Best val mIoU = 0.5810
