[06:56:24 INFO] Device: cuda
[06:56:26 INFO] Using fog cache: data/fog_cache/nn_depth_base_b0005
[06:56:26 INFO] fog_prob: 0.1
[06:56:28 INFO] Train: 2975 samples  |  Val: 500 samples
[06:56:42 INFO] Epoch 1/50  iter 50/743  loss=1.4616  lr=5.99e-05
[06:56:55 INFO] Epoch 1/50  iter 100/743  loss=0.8706  lr=5.98e-05
[06:57:09 INFO] Epoch 1/50  iter 150/743  loss=0.5099  lr=5.98e-05
[06:57:22 INFO] Epoch 1/50  iter 200/743  loss=0.7940  lr=5.97e-05
[06:57:35 INFO] Epoch 1/50  iter 250/743  loss=0.3596  lr=5.96e-05
[06:57:49 INFO] Epoch 1/50  iter 300/743  loss=0.2957  lr=5.95e-05
[06:58:02 INFO] Epoch 1/50  iter 350/743  loss=0.6952  lr=5.94e-05
[06:58:16 INFO] Epoch 1/50  iter 400/743  loss=0.3984  lr=5.94e-05
[06:58:29 INFO] Epoch 1/50  iter 450/743  loss=0.3555  lr=5.93e-05
[06:58:42 INFO] Epoch 1/50  iter 500/743  loss=0.2248  lr=5.92e-05
[06:58:56 INFO] Epoch 1/50  iter 550/743  loss=0.9922  lr=5.91e-05
[06:59:09 INFO] Epoch 1/50  iter 600/743  loss=0.2365  lr=5.90e-05
[06:59:23 INFO] Epoch 1/50  iter 650/743  loss=0.3698  lr=5.89e-05
[06:59:36 INFO] Epoch 1/50  iter 700/743  loss=0.4571  lr=5.89e-05
[06:59:48 INFO] Epoch 1 complete — avg_loss=0.6224  time=200s
[07:00:02 INFO] Epoch 2/50  iter 50/743  loss=0.2038  lr=5.87e-05
[07:00:16 INFO] Epoch 2/50  iter 100/743  loss=0.2786  lr=5.86e-05
[07:00:29 INFO] Epoch 2/50  iter 150/743  loss=0.2053  lr=5.86e-05
[07:00:43 INFO] Epoch 2/50  iter 200/743  loss=0.3954  lr=5.85e-05
[07:00:56 INFO] Epoch 2/50  iter 250/743  loss=0.2530  lr=5.84e-05
[07:01:09 INFO] Epoch 2/50  iter 300/743  loss=0.2036  lr=5.83e-05
[07:01:23 INFO] Epoch 2/50  iter 350/743  loss=0.1712  lr=5.82e-05
[07:01:36 INFO] Epoch 2/50  iter 400/743  loss=0.2113  lr=5.82e-05
[07:01:50 INFO] Epoch 2/50  iter 450/743  loss=0.5828  lr=5.81e-05
[07:02:03 INFO] Epoch 2/50  iter 500/743  loss=0.2999  lr=5.80e-05
[07:02:16 INFO] Epoch 2/50  iter 550/743  loss=0.3224  lr=5.79e-05
[07:02:30 INFO] Epoch 2/50  iter 600/743  loss=0.4585  lr=5.78e-05
[07:02:43 INFO] Epoch 2/50  iter 650/743  loss=0.1949  lr=5.77e-05
[07:02:57 INFO] Epoch 2/50  iter 700/743  loss=0.4824  lr=5.77e-05
[07:03:08 INFO] Epoch 2 complete — avg_loss=0.3225  time=200s
[07:03:23 INFO] Epoch 3/50  iter 50/743  loss=0.2660  lr=5.75e-05
[07:03:36 INFO] Epoch 3/50  iter 100/743  loss=0.2626  lr=5.74e-05
[07:03:49 INFO] Epoch 3/50  iter 150/743  loss=0.2213  lr=5.74e-05
[07:04:03 INFO] Epoch 3/50  iter 200/743  loss=0.2030  lr=5.73e-05
[07:04:16 INFO] Epoch 3/50  iter 250/743  loss=0.3528  lr=5.72e-05
[07:04:30 INFO] Epoch 3/50  iter 300/743  loss=1.1055  lr=5.71e-05
[07:04:43 INFO] Epoch 3/50  iter 350/743  loss=0.0995  lr=5.70e-05
[07:04:56 INFO] Epoch 3/50  iter 400/743  loss=0.4577  lr=5.70e-05
[07:05:10 INFO] Epoch 3/50  iter 450/743  loss=0.3694  lr=5.69e-05
[07:05:23 INFO] Epoch 3/50  iter 500/743  loss=0.1833  lr=5.68e-05
[07:05:37 INFO] Epoch 3/50  iter 550/743  loss=0.2582  lr=5.67e-05
[07:05:50 INFO] Epoch 3/50  iter 600/743  loss=0.2160  lr=5.66e-05
[07:06:03 INFO] Epoch 3/50  iter 650/743  loss=0.1619  lr=5.65e-05
[07:06:17 INFO] Epoch 3/50  iter 700/743  loss=0.1229  lr=5.65e-05
[07:06:28 INFO] Epoch 3 complete — avg_loss=0.2704  time=200s
[07:06:43 INFO] Epoch 4/50  iter 50/743  loss=0.1614  lr=5.63e-05
[07:06:56 INFO] Epoch 4/50  iter 100/743  loss=0.1718  lr=5.62e-05
[07:07:10 INFO] Epoch 4/50  iter 150/743  loss=1.0259  lr=5.62e-05
[07:07:23 INFO] Epoch 4/50  iter 200/743  loss=0.2183  lr=5.61e-05
[07:07:36 INFO] Epoch 4/50  iter 250/743  loss=0.2461  lr=5.60e-05
[07:07:50 INFO] Epoch 4/50  iter 300/743  loss=0.1780  lr=5.59e-05
[07:08:03 INFO] Epoch 4/50  iter 350/743  loss=0.0383  lr=5.58e-05
[07:08:17 INFO] Epoch 4/50  iter 400/743  loss=0.1110  lr=5.58e-05
[07:08:30 INFO] Epoch 4/50  iter 450/743  loss=0.0632  lr=5.57e-05
[07:08:43 INFO] Epoch 4/50  iter 500/743  loss=0.1865  lr=5.56e-05
[07:08:57 INFO] Epoch 4/50  iter 550/743  loss=0.2494  lr=5.55e-05
[07:09:10 INFO] Epoch 4/50  iter 600/743  loss=0.2916  lr=5.54e-05
[07:09:23 INFO] Epoch 4/50  iter 650/743  loss=0.1947  lr=5.53e-05
[07:09:37 INFO] Epoch 4/50  iter 700/743  loss=0.1280  lr=5.53e-05
[07:09:48 INFO] Epoch 4 complete — avg_loss=0.2554  time=200s
[07:10:03 INFO] Epoch 5/50  iter 50/743  loss=0.1071  lr=5.51e-05
[07:10:16 INFO] Epoch 5/50  iter 100/743  loss=0.1491  lr=5.50e-05
[07:10:30 INFO] Epoch 5/50  iter 150/743  loss=0.2365  lr=5.50e-05
[07:10:43 INFO] Epoch 5/50  iter 200/743  loss=0.1609  lr=5.49e-05
[07:10:56 INFO] Epoch 5/50  iter 250/743  loss=0.1830  lr=5.48e-05
[07:11:10 INFO] Epoch 5/50  iter 300/743  loss=1.1308  lr=5.47e-05
[07:11:23 INFO] Epoch 5/50  iter 350/743  loss=0.0531  lr=5.46e-05
[07:11:37 INFO] Epoch 5/50  iter 400/743  loss=0.2116  lr=5.46e-05
[07:11:50 INFO] Epoch 5/50  iter 450/743  loss=0.1540  lr=5.45e-05
[07:12:03 INFO] Epoch 5/50  iter 500/743  loss=0.2558  lr=5.44e-05
[07:12:17 INFO] Epoch 5/50  iter 550/743  loss=0.0695  lr=5.43e-05
[07:12:30 INFO] Epoch 5/50  iter 600/743  loss=0.0206  lr=5.42e-05
[07:12:43 INFO] Epoch 5/50  iter 650/743  loss=0.4274  lr=5.41e-05
[07:12:57 INFO] Epoch 5/50  iter 700/743  loss=0.1261  lr=5.41e-05
[07:13:08 INFO] Epoch 5 complete — avg_loss=0.2326  time=199s
[07:15:11 INFO]   val mIoU = 0.6329
[07:15:11 INFO]   ★ New best val mIoU: 0.6329
[07:15:26 INFO] Epoch 6/50  iter 50/743  loss=0.3099  lr=5.39e-05
[07:15:39 INFO] Epoch 6/50  iter 100/743  loss=0.0586  lr=5.38e-05
[07:15:53 INFO] Epoch 6/50  iter 150/743  loss=0.2894  lr=5.38e-05
[07:16:06 INFO] Epoch 6/50  iter 200/743  loss=0.1095  lr=5.37e-05
[07:16:19 INFO] Epoch 6/50  iter 250/743  loss=0.2333  lr=5.36e-05
[07:16:33 INFO] Epoch 6/50  iter 300/743  loss=0.2182  lr=5.35e-05
[07:16:46 INFO] Epoch 6/50  iter 350/743  loss=0.0995  lr=5.34e-05
[07:16:59 INFO] Epoch 6/50  iter 400/743  loss=0.1162  lr=5.34e-05
[07:17:13 INFO] Epoch 6/50  iter 450/743  loss=0.1929  lr=5.33e-05
[07:17:26 INFO] Epoch 6/50  iter 500/743  loss=0.1929  lr=5.32e-05
[07:17:39 INFO] Epoch 6/50  iter 550/743  loss=0.2436  lr=5.31e-05
[07:17:53 INFO] Epoch 6/50  iter 600/743  loss=0.1309  lr=5.30e-05
[07:18:06 INFO] Epoch 6/50  iter 650/743  loss=0.3903  lr=5.29e-05
[07:18:20 INFO] Epoch 6/50  iter 700/743  loss=0.2682  lr=5.29e-05
[07:18:31 INFO] Epoch 6 complete — avg_loss=0.2153  time=199s
[07:18:46 INFO] Epoch 7/50  iter 50/743  loss=0.1905  lr=5.27e-05
[07:18:59 INFO] Epoch 7/50  iter 100/743  loss=0.1156  lr=5.26e-05
[07:19:12 INFO] Epoch 7/50  iter 150/743  loss=0.2426  lr=5.26e-05
[07:19:26 INFO] Epoch 7/50  iter 200/743  loss=0.3643  lr=5.25e-05
[07:19:39 INFO] Epoch 7/50  iter 250/743  loss=0.2179  lr=5.24e-05
[07:19:53 INFO] Epoch 7/50  iter 300/743  loss=0.1306  lr=5.23e-05
[07:20:06 INFO] Epoch 7/50  iter 350/743  loss=0.1825  lr=5.22e-05
[07:20:19 INFO] Epoch 7/50  iter 400/743  loss=0.1072  lr=5.22e-05
[07:20:33 INFO] Epoch 7/50  iter 450/743  loss=0.6005  lr=5.21e-05
[07:20:46 INFO] Epoch 7/50  iter 500/743  loss=0.2908  lr=5.20e-05
[07:20:59 INFO] Epoch 7/50  iter 550/743  loss=0.2126  lr=5.19e-05
[07:21:13 INFO] Epoch 7/50  iter 600/743  loss=0.3344  lr=5.18e-05
[07:21:26 INFO] Epoch 7/50  iter 650/743  loss=0.0251  lr=5.17e-05
[07:21:40 INFO] Epoch 7/50  iter 700/743  loss=0.2374  lr=5.17e-05
[07:21:51 INFO] Epoch 7 complete — avg_loss=0.2056  time=199s
[07:22:06 INFO] Epoch 8/50  iter 50/743  loss=0.1646  lr=5.15e-05
[07:22:19 INFO] Epoch 8/50  iter 100/743  loss=0.2342  lr=5.14e-05
[07:22:32 INFO] Epoch 8/50  iter 150/743  loss=0.0970  lr=5.14e-05
[07:22:46 INFO] Epoch 8/50  iter 200/743  loss=0.1349  lr=5.13e-05
[07:22:59 INFO] Epoch 8/50  iter 250/743  loss=0.1805  lr=5.12e-05
[07:23:13 INFO] Epoch 8/50  iter 300/743  loss=0.2230  lr=5.11e-05
[07:23:26 INFO] Epoch 8/50  iter 350/743  loss=0.1997  lr=5.10e-05
[07:23:39 INFO] Epoch 8/50  iter 400/743  loss=0.2633  lr=5.10e-05
[07:23:53 INFO] Epoch 8/50  iter 450/743  loss=0.1185  lr=5.09e-05
[07:24:06 INFO] Epoch 8/50  iter 500/743  loss=0.1387  lr=5.08e-05
[07:24:20 INFO] Epoch 8/50  iter 550/743  loss=0.1732  lr=5.07e-05
[07:24:33 INFO] Epoch 8/50  iter 600/743  loss=0.0484  lr=5.06e-05
[07:24:47 INFO] Epoch 8/50  iter 650/743  loss=0.1810  lr=5.05e-05
[07:25:00 INFO] Epoch 8/50  iter 700/743  loss=0.0675  lr=5.05e-05
[07:25:12 INFO] Epoch 8 complete — avg_loss=0.2046  time=200s
[07:25:26 INFO] Epoch 9/50  iter 50/743  loss=0.1794  lr=5.03e-05
[07:25:39 INFO] Epoch 9/50  iter 100/743  loss=0.1128  lr=5.02e-05
[07:25:53 INFO] Epoch 9/50  iter 150/743  loss=0.1809  lr=5.02e-05
[07:26:06 INFO] Epoch 9/50  iter 200/743  loss=0.2761  lr=5.01e-05
[07:26:20 INFO] Epoch 9/50  iter 250/743  loss=0.2182  lr=5.00e-05
[07:26:33 INFO] Epoch 9/50  iter 300/743  loss=0.0865  lr=4.99e-05
[07:26:46 INFO] Epoch 9/50  iter 350/743  loss=0.1798  lr=4.98e-05
[07:27:00 INFO] Epoch 9/50  iter 400/743  loss=0.0892  lr=4.98e-05
[07:27:13 INFO] Epoch 9/50  iter 450/743  loss=0.1366  lr=4.97e-05
[07:27:27 INFO] Epoch 9/50  iter 500/743  loss=0.1655  lr=4.96e-05
[07:27:40 INFO] Epoch 9/50  iter 550/743  loss=0.1585  lr=4.95e-05
[07:27:53 INFO] Epoch 9/50  iter 600/743  loss=0.2746  lr=4.94e-05
[07:28:07 INFO] Epoch 9/50  iter 650/743  loss=0.1492  lr=4.93e-05
[07:28:20 INFO] Epoch 9/50  iter 700/743  loss=0.2047  lr=4.93e-05
[07:28:32 INFO] Epoch 9 complete — avg_loss=0.1955  time=200s
[07:28:46 INFO] Epoch 10/50  iter 50/743  loss=0.1916  lr=4.91e-05
[07:29:00 INFO] Epoch 10/50  iter 100/743  loss=0.1777  lr=4.90e-05
[07:29:13 INFO] Epoch 10/50  iter 150/743  loss=0.1306  lr=4.90e-05
[07:29:26 INFO] Epoch 10/50  iter 200/743  loss=0.0753  lr=4.89e-05
[07:29:40 INFO] Epoch 10/50  iter 250/743  loss=0.1061  lr=4.88e-05
[07:29:53 INFO] Epoch 10/50  iter 300/743  loss=0.0740  lr=4.87e-05
[07:30:06 INFO] Epoch 10/50  iter 350/743  loss=0.1949  lr=4.86e-05
[07:30:20 INFO] Epoch 10/50  iter 400/743  loss=0.2411  lr=4.86e-05
[07:30:33 INFO] Epoch 10/50  iter 450/743  loss=0.1970  lr=4.85e-05
[07:30:47 INFO] Epoch 10/50  iter 500/743  loss=0.1541  lr=4.84e-05
[07:31:00 INFO] Epoch 10/50  iter 550/743  loss=0.1935  lr=4.83e-05
[07:31:13 INFO] Epoch 10/50  iter 600/743  loss=0.2358  lr=4.82e-05
[07:31:27 INFO] Epoch 10/50  iter 650/743  loss=0.2710  lr=4.81e-05
[07:31:40 INFO] Epoch 10/50  iter 700/743  loss=0.1001  lr=4.81e-05
[07:31:52 INFO] Epoch 10 complete — avg_loss=0.1926  time=199s
[07:33:53 INFO]   val mIoU = 0.6817
[07:33:54 INFO]   ★ New best val mIoU: 0.6817
[07:34:08 INFO] Epoch 11/50  iter 50/743  loss=0.1442  lr=4.79e-05
[07:34:22 INFO] Epoch 11/50  iter 100/743  loss=0.3876  lr=4.78e-05
[07:34:35 INFO] Epoch 11/50  iter 150/743  loss=0.1714  lr=4.78e-05
[07:34:48 INFO] Epoch 11/50  iter 200/743  loss=0.2675  lr=4.77e-05
[07:35:02 INFO] Epoch 11/50  iter 250/743  loss=0.1457  lr=4.76e-05
[07:35:15 INFO] Epoch 11/50  iter 300/743  loss=0.1952  lr=4.75e-05
[07:35:28 INFO] Epoch 11/50  iter 350/743  loss=0.1461  lr=4.74e-05
[07:35:42 INFO] Epoch 11/50  iter 400/743  loss=0.1583  lr=4.74e-05
[07:35:55 INFO] Epoch 11/50  iter 450/743  loss=0.1334  lr=4.73e-05
[07:36:09 INFO] Epoch 11/50  iter 500/743  loss=0.0849  lr=4.72e-05
[07:36:22 INFO] Epoch 11/50  iter 550/743  loss=0.1149  lr=4.71e-05
[07:36:35 INFO] Epoch 11/50  iter 600/743  loss=0.0779  lr=4.70e-05
[07:36:49 INFO] Epoch 11/50  iter 650/743  loss=0.1548  lr=4.69e-05
[07:37:02 INFO] Epoch 11/50  iter 700/743  loss=0.2321  lr=4.69e-05
[07:37:14 INFO] Epoch 11 complete — avg_loss=0.1773  time=199s
[07:37:28 INFO] Epoch 12/50  iter 50/743  loss=0.0930  lr=4.67e-05
[07:37:42 INFO] Epoch 12/50  iter 100/743  loss=0.1844  lr=4.66e-05
[07:37:55 INFO] Epoch 12/50  iter 150/743  loss=0.1274  lr=4.66e-05
[07:38:08 INFO] Epoch 12/50  iter 200/743  loss=0.0961  lr=4.65e-05
[07:38:22 INFO] Epoch 12/50  iter 250/743  loss=0.1812  lr=4.64e-05
[07:38:35 INFO] Epoch 12/50  iter 300/743  loss=0.0852  lr=4.63e-05
[07:38:49 INFO] Epoch 12/50  iter 350/743  loss=0.2498  lr=4.62e-05
[07:39:02 INFO] Epoch 12/50  iter 400/743  loss=0.0956  lr=4.62e-05
[07:39:16 INFO] Epoch 12/50  iter 450/743  loss=0.1148  lr=4.61e-05
[07:39:29 INFO] Epoch 12/50  iter 500/743  loss=0.0928  lr=4.60e-05
[07:39:42 INFO] Epoch 12/50  iter 550/743  loss=0.1306  lr=4.59e-05
[07:39:56 INFO] Epoch 12/50  iter 600/743  loss=0.1130  lr=4.58e-05
[07:40:09 INFO] Epoch 12/50  iter 650/743  loss=0.2399  lr=4.57e-05
[07:40:23 INFO] Epoch 12/50  iter 700/743  loss=0.1190  lr=4.57e-05
[07:40:34 INFO] Epoch 12 complete — avg_loss=0.1750  time=200s
[07:40:49 INFO] Epoch 13/50  iter 50/743  loss=0.0652  lr=4.55e-05
[07:41:02 INFO] Epoch 13/50  iter 100/743  loss=0.1264  lr=4.54e-05
[07:41:15 INFO] Epoch 13/50  iter 150/743  loss=0.0758  lr=4.54e-05
[07:41:29 INFO] Epoch 13/50  iter 200/743  loss=0.0319  lr=4.53e-05
[07:41:42 INFO] Epoch 13/50  iter 250/743  loss=0.1961  lr=4.52e-05
[07:41:56 INFO] Epoch 13/50  iter 300/743  loss=0.1793  lr=4.51e-05
[07:42:09 INFO] Epoch 13/50  iter 350/743  loss=0.1253  lr=4.50e-05
[07:42:23 INFO] Epoch 13/50  iter 400/743  loss=0.2115  lr=4.50e-05
[07:42:36 INFO] Epoch 13/50  iter 450/743  loss=0.0459  lr=4.49e-05
[07:42:49 INFO] Epoch 13/50  iter 500/743  loss=0.2761  lr=4.48e-05
[07:43:03 INFO] Epoch 13/50  iter 550/743  loss=0.1160  lr=4.47e-05
[07:43:16 INFO] Epoch 13/50  iter 600/743  loss=0.1386  lr=4.46e-05
[07:43:30 INFO] Epoch 13/50  iter 650/743  loss=0.1228  lr=4.45e-05
[07:43:43 INFO] Epoch 13/50  iter 700/743  loss=0.1434  lr=4.45e-05
[07:43:55 INFO] Epoch 13 complete — avg_loss=0.1653  time=200s
[07:44:09 INFO] Epoch 14/50  iter 50/743  loss=0.1502  lr=4.43e-05
[07:44:23 INFO] Epoch 14/50  iter 100/743  loss=0.1471  lr=4.42e-05
[07:44:36 INFO] Epoch 14/50  iter 150/743  loss=0.1651  lr=4.42e-05
[07:44:49 INFO] Epoch 14/50  iter 200/743  loss=0.0889  lr=4.41e-05
[07:45:03 INFO] Epoch 14/50  iter 250/743  loss=0.1592  lr=4.40e-05
[07:45:16 INFO] Epoch 14/50  iter 300/743  loss=0.2025  lr=4.39e-05
[07:45:30 INFO] Epoch 14/50  iter 350/743  loss=0.1078  lr=4.38e-05
[07:45:43 INFO] Epoch 14/50  iter 400/743  loss=0.0829  lr=4.38e-05
[07:45:56 INFO] Epoch 14/50  iter 450/743  loss=0.1297  lr=4.37e-05
[07:46:10 INFO] Epoch 14/50  iter 500/743  loss=0.1002  lr=4.36e-05
[07:46:23 INFO] Epoch 14/50  iter 550/743  loss=0.0288  lr=4.35e-05
[07:46:37 INFO] Epoch 14/50  iter 600/743  loss=0.1368  lr=4.34e-05
[07:46:50 INFO] Epoch 14/50  iter 650/743  loss=0.1462  lr=4.33e-05
[07:47:03 INFO] Epoch 14/50  iter 700/743  loss=0.2156  lr=4.33e-05
[07:47:15 INFO] Epoch 14 complete — avg_loss=0.1725  time=200s
[07:47:30 INFO] Epoch 15/50  iter 50/743  loss=0.1305  lr=4.31e-05
[07:47:43 INFO] Epoch 15/50  iter 100/743  loss=0.1124  lr=4.30e-05
[07:47:56 INFO] Epoch 15/50  iter 150/743  loss=0.1529  lr=4.30e-05
[07:48:10 INFO] Epoch 15/50  iter 200/743  loss=0.1503  lr=4.29e-05
[07:48:23 INFO] Epoch 15/50  iter 250/743  loss=0.0827  lr=4.28e-05
[07:48:36 INFO] Epoch 15/50  iter 300/743  loss=0.1839  lr=4.27e-05
[07:48:50 INFO] Epoch 15/50  iter 350/743  loss=0.1834  lr=4.26e-05
[07:49:03 INFO] Epoch 15/50  iter 400/743  loss=0.1711  lr=4.26e-05
[07:49:17 INFO] Epoch 15/50  iter 450/743  loss=0.1292  lr=4.25e-05
[07:49:30 INFO] Epoch 15/50  iter 500/743  loss=0.1294  lr=4.24e-05
[07:49:43 INFO] Epoch 15/50  iter 550/743  loss=0.0800  lr=4.23e-05
[07:49:57 INFO] Epoch 15/50  iter 600/743  loss=0.1987  lr=4.22e-05
[07:50:10 INFO] Epoch 15/50  iter 650/743  loss=0.1994  lr=4.21e-05
[07:50:24 INFO] Epoch 15/50  iter 700/743  loss=0.1392  lr=4.21e-05
[07:50:35 INFO] Epoch 15 complete — avg_loss=0.1651  time=200s
[07:52:38 INFO]   val mIoU = 0.7331
[07:52:39 INFO]   ★ New best val mIoU: 0.7331
[07:52:53 INFO] Epoch 16/50  iter 50/743  loss=0.1998  lr=4.19e-05
[07:53:06 INFO] Epoch 16/50  iter 100/743  loss=0.1291  lr=4.18e-05
[07:53:20 INFO] Epoch 16/50  iter 150/743  loss=0.1257  lr=4.18e-05
[07:53:33 INFO] Epoch 16/50  iter 200/743  loss=0.0891  lr=4.17e-05
[07:53:46 INFO] Epoch 16/50  iter 250/743  loss=0.2282  lr=4.16e-05
[07:54:00 INFO] Epoch 16/50  iter 300/743  loss=0.1477  lr=4.15e-05
[07:54:13 INFO] Epoch 16/50  iter 350/743  loss=0.1259  lr=4.14e-05
[07:54:27 INFO] Epoch 16/50  iter 400/743  loss=0.0953  lr=4.14e-05
[07:54:40 INFO] Epoch 16/50  iter 450/743  loss=0.2164  lr=4.13e-05
[07:54:53 INFO] Epoch 16/50  iter 500/743  loss=0.1376  lr=4.12e-05
[07:55:07 INFO] Epoch 16/50  iter 550/743  loss=0.1162  lr=4.11e-05
[07:55:20 INFO] Epoch 16/50  iter 600/743  loss=0.1543  lr=4.10e-05
[07:55:34 INFO] Epoch 16/50  iter 650/743  loss=0.1526  lr=4.09e-05
[07:55:47 INFO] Epoch 16/50  iter 700/743  loss=0.0513  lr=4.09e-05
[07:55:58 INFO] Epoch 16 complete — avg_loss=0.1598  time=199s
[07:56:13 INFO] Epoch 17/50  iter 50/743  loss=0.0616  lr=4.07e-05
[07:56:26 INFO] Epoch 17/50  iter 100/743  loss=0.1387  lr=4.06e-05
[07:56:40 INFO] Epoch 17/50  iter 150/743  loss=0.2229  lr=4.06e-05
[07:56:53 INFO] Epoch 17/50  iter 200/743  loss=0.0895  lr=4.05e-05
[07:57:07 INFO] Epoch 17/50  iter 250/743  loss=0.1687  lr=4.04e-05
[07:57:20 INFO] Epoch 17/50  iter 300/743  loss=0.1541  lr=4.03e-05
[07:57:33 INFO] Epoch 17/50  iter 350/743  loss=0.1011  lr=4.02e-05
[07:57:47 INFO] Epoch 17/50  iter 400/743  loss=0.1017  lr=4.02e-05
[07:58:00 INFO] Epoch 17/50  iter 450/743  loss=0.1861  lr=4.01e-05
[07:58:14 INFO] Epoch 17/50  iter 500/743  loss=0.1107  lr=4.00e-05
[07:58:27 INFO] Epoch 17/50  iter 550/743  loss=0.2036  lr=3.99e-05
[07:58:40 INFO] Epoch 17/50  iter 600/743  loss=0.0619  lr=3.98e-05
[07:58:54 INFO] Epoch 17/50  iter 650/743  loss=0.1346  lr=3.97e-05
[07:59:07 INFO] Epoch 17/50  iter 700/743  loss=0.1066  lr=3.97e-05
[07:59:19 INFO] Epoch 17 complete — avg_loss=0.1590  time=200s
[07:59:33 INFO] Epoch 18/50  iter 50/743  loss=0.1714  lr=3.95e-05
[07:59:47 INFO] Epoch 18/50  iter 100/743  loss=0.1618  lr=3.94e-05
[08:00:00 INFO] Epoch 18/50  iter 150/743  loss=0.1395  lr=3.94e-05
[08:00:13 INFO] Epoch 18/50  iter 200/743  loss=0.1066  lr=3.93e-05
[08:00:27 INFO] Epoch 18/50  iter 250/743  loss=0.1044  lr=3.92e-05
[08:00:40 INFO] Epoch 18/50  iter 300/743  loss=0.2346  lr=3.91e-05
[08:00:54 INFO] Epoch 18/50  iter 350/743  loss=0.6326  lr=3.90e-05
[08:01:07 INFO] Epoch 18/50  iter 400/743  loss=0.1211  lr=3.90e-05
[08:01:21 INFO] Epoch 18/50  iter 450/743  loss=0.4344  lr=3.89e-05
[08:01:34 INFO] Epoch 18/50  iter 500/743  loss=0.0882  lr=3.88e-05
[08:01:47 INFO] Epoch 18/50  iter 550/743  loss=0.1116  lr=3.87e-05
[08:02:01 INFO] Epoch 18/50  iter 600/743  loss=1.0766  lr=3.86e-05
[08:02:14 INFO] Epoch 18/50  iter 650/743  loss=0.1803  lr=3.85e-05
[08:02:28 INFO] Epoch 18/50  iter 700/743  loss=0.1012  lr=3.85e-05
[08:02:39 INFO] Epoch 18 complete — avg_loss=0.1547  time=200s
[08:02:54 INFO] Epoch 19/50  iter 50/743  loss=0.1055  lr=3.83e-05
[08:03:07 INFO] Epoch 19/50  iter 100/743  loss=0.1707  lr=3.82e-05
[08:03:20 INFO] Epoch 19/50  iter 150/743  loss=0.1787  lr=3.82e-05
[08:03:34 INFO] Epoch 19/50  iter 200/743  loss=0.1732  lr=3.81e-05
[08:03:47 INFO] Epoch 19/50  iter 250/743  loss=0.0895  lr=3.80e-05
[08:04:01 INFO] Epoch 19/50  iter 300/743  loss=0.1137  lr=3.79e-05
[08:04:14 INFO] Epoch 19/50  iter 350/743  loss=0.1507  lr=3.78e-05
[08:04:27 INFO] Epoch 19/50  iter 400/743  loss=0.2654  lr=3.78e-05
[08:04:41 INFO] Epoch 19/50  iter 450/743  loss=0.1296  lr=3.77e-05
[08:04:54 INFO] Epoch 19/50  iter 500/743  loss=0.0833  lr=3.76e-05
[08:05:08 INFO] Epoch 19/50  iter 550/743  loss=0.0991  lr=3.75e-05
[08:05:21 INFO] Epoch 19/50  iter 600/743  loss=0.1216  lr=3.74e-05
[08:05:34 INFO] Epoch 19/50  iter 650/743  loss=0.1680  lr=3.73e-05
[08:05:48 INFO] Epoch 19/50  iter 700/743  loss=0.1354  lr=3.73e-05
[08:05:59 INFO] Epoch 19 complete — avg_loss=0.1528  time=200s
[08:06:14 INFO] Epoch 20/50  iter 50/743  loss=0.1322  lr=3.71e-05
[08:06:27 INFO] Epoch 20/50  iter 100/743  loss=0.0718  lr=3.70e-05
[08:06:41 INFO] Epoch 20/50  iter 150/743  loss=0.0702  lr=3.70e-05
[08:06:54 INFO] Epoch 20/50  iter 200/743  loss=0.1271  lr=3.69e-05
[08:07:07 INFO] Epoch 20/50  iter 250/743  loss=0.1178  lr=3.68e-05
[08:07:21 INFO] Epoch 20/50  iter 300/743  loss=0.0739  lr=3.67e-05
[08:07:34 INFO] Epoch 20/50  iter 350/743  loss=0.1536  lr=3.66e-05
[08:07:47 INFO] Epoch 20/50  iter 400/743  loss=0.1009  lr=3.66e-05
[08:08:01 INFO] Epoch 20/50  iter 450/743  loss=0.1962  lr=3.65e-05
[08:08:14 INFO] Epoch 20/50  iter 500/743  loss=0.1376  lr=3.64e-05
[08:08:28 INFO] Epoch 20/50  iter 550/743  loss=0.1347  lr=3.63e-05
[08:08:41 INFO] Epoch 20/50  iter 600/743  loss=0.0759  lr=3.62e-05
[08:08:54 INFO] Epoch 20/50  iter 650/743  loss=0.1043  lr=3.61e-05
[08:09:08 INFO] Epoch 20/50  iter 700/743  loss=0.1732  lr=3.61e-05
[08:09:19 INFO] Epoch 20 complete — avg_loss=0.1459  time=200s
[08:11:22 INFO]   val mIoU = 0.7406
[08:11:23 INFO]   ★ New best val mIoU: 0.7406
[08:11:37 INFO] Epoch 21/50  iter 50/743  loss=0.0963  lr=3.59e-05
[08:11:51 INFO] Epoch 21/50  iter 100/743  loss=0.0967  lr=3.58e-05
[08:12:04 INFO] Epoch 21/50  iter 150/743  loss=0.3625  lr=3.58e-05
[08:12:17 INFO] Epoch 21/50  iter 200/743  loss=0.1331  lr=3.57e-05
[08:12:31 INFO] Epoch 21/50  iter 250/743  loss=0.1394  lr=3.56e-05
[08:12:44 INFO] Epoch 21/50  iter 300/743  loss=0.1111  lr=3.55e-05
[08:12:57 INFO] Epoch 21/50  iter 350/743  loss=0.0721  lr=3.54e-05
[08:13:11 INFO] Epoch 21/50  iter 400/743  loss=0.1158  lr=3.54e-05
[08:13:24 INFO] Epoch 21/50  iter 450/743  loss=0.4016  lr=3.53e-05
[08:13:38 INFO] Epoch 21/50  iter 500/743  loss=0.1870  lr=3.52e-05
[08:13:51 INFO] Epoch 21/50  iter 550/743  loss=0.0861  lr=3.51e-05
[08:14:04 INFO] Epoch 21/50  iter 600/743  loss=0.1185  lr=3.50e-05
[08:14:18 INFO] Epoch 21/50  iter 650/743  loss=0.2552  lr=3.49e-05
[08:14:31 INFO] Epoch 21/50  iter 700/743  loss=0.0842  lr=3.49e-05
[08:14:43 INFO] Epoch 21 complete — avg_loss=0.1497  time=199s
[08:14:57 INFO] Epoch 22/50  iter 50/743  loss=0.1561  lr=3.47e-05
[08:15:11 INFO] Epoch 22/50  iter 100/743  loss=0.0400  lr=3.46e-05
[08:15:24 INFO] Epoch 22/50  iter 150/743  loss=0.0862  lr=3.46e-05
[08:15:38 INFO] Epoch 22/50  iter 200/743  loss=0.0670  lr=3.45e-05
[08:15:51 INFO] Epoch 22/50  iter 250/743  loss=0.1007  lr=3.44e-05
[08:16:05 INFO] Epoch 22/50  iter 300/743  loss=0.1113  lr=3.43e-05
[08:16:18 INFO] Epoch 22/50  iter 350/743  loss=0.0402  lr=3.42e-05
[08:16:32 INFO] Epoch 22/50  iter 400/743  loss=0.2193  lr=3.42e-05
[08:16:45 INFO] Epoch 22/50  iter 450/743  loss=0.2694  lr=3.41e-05
[08:16:59 INFO] Epoch 22/50  iter 500/743  loss=0.1668  lr=3.40e-05
[08:17:12 INFO] Epoch 22/50  iter 550/743  loss=0.1718  lr=3.39e-05
[08:17:26 INFO] Epoch 22/50  iter 600/743  loss=0.1012  lr=3.38e-05
[08:17:39 INFO] Epoch 22/50  iter 650/743  loss=0.1820  lr=3.37e-05
[08:17:53 INFO] Epoch 22/50  iter 700/743  loss=0.1718  lr=3.37e-05
[08:18:04 INFO] Epoch 22 complete — avg_loss=0.1389  time=201s
[08:18:19 INFO] Epoch 23/50  iter 50/743  loss=0.1021  lr=3.35e-05
[08:18:32 INFO] Epoch 23/50  iter 100/743  loss=1.2872  lr=3.34e-05
[08:18:46 INFO] Epoch 23/50  iter 150/743  loss=0.2713  lr=3.34e-05
[08:18:59 INFO] Epoch 23/50  iter 200/743  loss=0.1042  lr=3.33e-05
[08:19:13 INFO] Epoch 23/50  iter 250/743  loss=0.1376  lr=3.32e-05
[08:19:26 INFO] Epoch 23/50  iter 300/743  loss=0.5053  lr=3.31e-05
[08:19:40 INFO] Epoch 23/50  iter 350/743  loss=0.1516  lr=3.30e-05
[08:19:53 INFO] Epoch 23/50  iter 400/743  loss=0.1363  lr=3.30e-05
[08:20:07 INFO] Epoch 23/50  iter 450/743  loss=0.1322  lr=3.29e-05
[08:20:20 INFO] Epoch 23/50  iter 500/743  loss=0.0948  lr=3.28e-05
[08:20:34 INFO] Epoch 23/50  iter 550/743  loss=0.0847  lr=3.27e-05
[08:20:47 INFO] Epoch 23/50  iter 600/743  loss=0.1526  lr=3.26e-05
[08:21:01 INFO] Epoch 23/50  iter 650/743  loss=0.1130  lr=3.25e-05
[08:21:14 INFO] Epoch 23/50  iter 700/743  loss=0.1089  lr=3.25e-05
[08:21:28 INFO] Epoch 23 complete — avg_loss=0.1457  time=203s
[08:21:45 INFO] Epoch 24/50  iter 50/743  loss=0.1067  lr=3.23e-05
[08:22:01 INFO] Epoch 24/50  iter 100/743  loss=0.0889  lr=3.22e-05
[08:22:16 INFO] Epoch 24/50  iter 150/743  loss=0.1958  lr=3.22e-05
[08:22:32 INFO] Epoch 24/50  iter 200/743  loss=0.1030  lr=3.21e-05
[08:22:48 INFO] Epoch 24/50  iter 250/743  loss=0.1014  lr=3.20e-05
[08:23:04 INFO] Epoch 24/50  iter 300/743  loss=0.1147  lr=3.19e-05
[08:23:19 INFO] Epoch 24/50  iter 350/743  loss=0.0698  lr=3.18e-05
[08:23:33 INFO] Epoch 24/50  iter 400/743  loss=0.1016  lr=3.18e-05
[08:23:46 INFO] Epoch 24/50  iter 450/743  loss=0.0630  lr=3.17e-05
[08:24:00 INFO] Epoch 24/50  iter 500/743  loss=0.2205  lr=3.16e-05
[08:24:15 INFO] Epoch 24/50  iter 550/743  loss=0.5632  lr=3.15e-05
[08:24:30 INFO] Epoch 24/50  iter 600/743  loss=0.3158  lr=3.14e-05
[08:24:45 INFO] Epoch 24/50  iter 650/743  loss=0.0879  lr=3.13e-05
[08:25:01 INFO] Epoch 24/50  iter 700/743  loss=0.1672  lr=3.13e-05
[08:25:14 INFO] Epoch 24 complete — avg_loss=0.1394  time=225s
[08:25:30 INFO] Epoch 25/50  iter 50/743  loss=0.1492  lr=3.11e-05
[08:25:45 INFO] Epoch 25/50  iter 100/743  loss=0.0451  lr=3.10e-05
[08:26:01 INFO] Epoch 25/50  iter 150/743  loss=0.1324  lr=3.10e-05
[08:26:16 INFO] Epoch 25/50  iter 200/743  loss=0.1491  lr=3.09e-05
[08:26:31 INFO] Epoch 25/50  iter 250/743  loss=0.0989  lr=3.08e-05
[08:26:46 INFO] Epoch 25/50  iter 300/743  loss=0.1156  lr=3.07e-05
[08:27:01 INFO] Epoch 25/50  iter 350/743  loss=0.1507  lr=3.06e-05
[08:27:16 INFO] Epoch 25/50  iter 400/743  loss=0.0974  lr=3.06e-05
[08:27:32 INFO] Epoch 25/50  iter 450/743  loss=0.1072  lr=3.05e-05
[08:27:46 INFO] Epoch 25/50  iter 500/743  loss=0.0312  lr=3.04e-05
[08:28:01 INFO] Epoch 25/50  iter 550/743  loss=0.1270  lr=3.03e-05
[08:28:16 INFO] Epoch 25/50  iter 600/743  loss=0.1213  lr=3.02e-05
[08:28:32 INFO] Epoch 25/50  iter 650/743  loss=0.3003  lr=3.01e-05
[08:28:47 INFO] Epoch 25/50  iter 700/743  loss=0.0927  lr=3.01e-05
[08:29:00 INFO] Epoch 25 complete — avg_loss=0.1433  time=225s
[08:31:13 INFO]   val mIoU = 0.7412
[08:31:13 INFO]   ★ New best val mIoU: 0.7412
[08:31:29 INFO] Epoch 26/50  iter 50/743  loss=0.1525  lr=2.99e-05
[08:31:44 INFO] Epoch 26/50  iter 100/743  loss=0.0798  lr=2.98e-05
[08:31:59 INFO] Epoch 26/50  iter 150/743  loss=0.1142  lr=2.98e-05
[08:32:15 INFO] Epoch 26/50  iter 200/743  loss=0.1754  lr=2.97e-05
[08:32:30 INFO] Epoch 26/50  iter 250/743  loss=0.2048  lr=2.96e-05
[08:32:45 INFO] Epoch 26/50  iter 300/743  loss=0.1798  lr=2.95e-05
[08:32:59 INFO] Epoch 26/50  iter 350/743  loss=0.2190  lr=2.94e-05
[08:33:14 INFO] Epoch 26/50  iter 400/743  loss=0.1266  lr=2.94e-05
[08:33:29 INFO] Epoch 26/50  iter 450/743  loss=0.1684  lr=2.93e-05
[08:33:44 INFO] Epoch 26/50  iter 500/743  loss=0.2481  lr=2.92e-05
[08:33:59 INFO] Epoch 26/50  iter 550/743  loss=0.1393  lr=2.91e-05
[08:34:14 INFO] Epoch 26/50  iter 600/743  loss=0.1430  lr=2.90e-05
[08:34:30 INFO] Epoch 26/50  iter 650/743  loss=0.1217  lr=2.89e-05
[08:34:45 INFO] Epoch 26/50  iter 700/743  loss=0.1540  lr=2.89e-05
[08:34:58 INFO] Epoch 26 complete — avg_loss=0.1481  time=224s
[08:35:14 INFO] Epoch 27/50  iter 50/743  loss=0.1197  lr=2.87e-05
[08:35:29 INFO] Epoch 27/50  iter 100/743  loss=0.1287  lr=2.86e-05
[08:35:44 INFO] Epoch 27/50  iter 150/743  loss=0.1316  lr=2.86e-05
[08:35:59 INFO] Epoch 27/50  iter 200/743  loss=0.0843  lr=2.85e-05
[08:36:14 INFO] Epoch 27/50  iter 250/743  loss=0.1137  lr=2.84e-05
[08:36:29 INFO] Epoch 27/50  iter 300/743  loss=0.1877  lr=2.83e-05
[08:36:44 INFO] Epoch 27/50  iter 350/743  loss=0.1657  lr=2.82e-05
[08:36:59 INFO] Epoch 27/50  iter 400/743  loss=0.1906  lr=2.82e-05
[08:37:14 INFO] Epoch 27/50  iter 450/743  loss=0.0615  lr=2.81e-05
[08:37:29 INFO] Epoch 27/50  iter 500/743  loss=0.2107  lr=2.80e-05
[08:37:44 INFO] Epoch 27/50  iter 550/743  loss=0.1350  lr=2.79e-05
[08:37:59 INFO] Epoch 27/50  iter 600/743  loss=0.0869  lr=2.78e-05
[08:38:14 INFO] Epoch 27/50  iter 650/743  loss=0.2431  lr=2.77e-05
[08:38:29 INFO] Epoch 27/50  iter 700/743  loss=0.0995  lr=2.77e-05
[08:38:42 INFO] Epoch 27 complete — avg_loss=0.1338  time=224s
[08:38:59 INFO] Epoch 28/50  iter 50/743  loss=0.1159  lr=2.75e-05
[08:39:13 INFO] Epoch 28/50  iter 100/743  loss=0.1305  lr=2.74e-05
[08:39:29 INFO] Epoch 28/50  iter 150/743  loss=0.0990  lr=2.74e-05
[08:39:44 INFO] Epoch 28/50  iter 200/743  loss=0.1251  lr=2.73e-05
[08:39:59 INFO] Epoch 28/50  iter 250/743  loss=0.1207  lr=2.72e-05
[08:40:14 INFO] Epoch 28/50  iter 300/743  loss=0.2013  lr=2.71e-05
[08:40:29 INFO] Epoch 28/50  iter 350/743  loss=0.1363  lr=2.70e-05
[08:40:43 INFO] Epoch 28/50  iter 400/743  loss=0.1014  lr=2.70e-05
[08:40:57 INFO] Epoch 28/50  iter 450/743  loss=0.1015  lr=2.69e-05
[08:41:13 INFO] Epoch 28/50  iter 500/743  loss=0.1373  lr=2.68e-05
[08:41:28 INFO] Epoch 28/50  iter 550/743  loss=0.1767  lr=2.67e-05
[08:41:43 INFO] Epoch 28/50  iter 600/743  loss=0.3641  lr=2.66e-05
[08:41:58 INFO] Epoch 28/50  iter 650/743  loss=0.0676  lr=2.65e-05
[08:42:12 INFO] Epoch 28/50  iter 700/743  loss=0.1133  lr=2.65e-05
[08:42:24 INFO] Epoch 28 complete — avg_loss=0.1328  time=221s
[08:42:38 INFO] Epoch 29/50  iter 50/743  loss=0.1356  lr=2.63e-05
[08:42:52 INFO] Epoch 29/50  iter 100/743  loss=0.1679  lr=2.62e-05
[08:43:05 INFO] Epoch 29/50  iter 150/743  loss=0.1116  lr=2.62e-05
[08:43:19 INFO] Epoch 29/50  iter 200/743  loss=0.1222  lr=2.61e-05
[08:43:32 INFO] Epoch 29/50  iter 250/743  loss=0.0802  lr=2.60e-05
[08:43:46 INFO] Epoch 29/50  iter 300/743  loss=0.1315  lr=2.59e-05
[08:43:59 INFO] Epoch 29/50  iter 350/743  loss=0.1560  lr=2.58e-05
[08:44:13 INFO] Epoch 29/50  iter 400/743  loss=0.1069  lr=2.58e-05
[08:44:26 INFO] Epoch 29/50  iter 450/743  loss=0.1411  lr=2.57e-05
[08:44:40 INFO] Epoch 29/50  iter 500/743  loss=0.0588  lr=2.56e-05
[08:44:53 INFO] Epoch 29/50  iter 550/743  loss=0.1080  lr=2.55e-05
[08:45:07 INFO] Epoch 29/50  iter 600/743  loss=0.0617  lr=2.54e-05
[08:45:21 INFO] Epoch 29/50  iter 650/743  loss=0.0914  lr=2.53e-05
[08:45:34 INFO] Epoch 29/50  iter 700/743  loss=0.0887  lr=2.53e-05
[08:45:46 INFO] Epoch 29 complete — avg_loss=0.1351  time=201s
[08:46:00 INFO] Epoch 30/50  iter 50/743  loss=0.1746  lr=2.51e-05
[08:46:14 INFO] Epoch 30/50  iter 100/743  loss=0.0776  lr=2.50e-05
[08:46:27 INFO] Epoch 30/50  iter 150/743  loss=0.0356  lr=2.50e-05
[08:46:41 INFO] Epoch 30/50  iter 200/743  loss=0.0544  lr=2.49e-05
[08:46:54 INFO] Epoch 30/50  iter 250/743  loss=0.0700  lr=2.48e-05
[08:47:08 INFO] Epoch 30/50  iter 300/743  loss=0.1297  lr=2.47e-05
[08:47:21 INFO] Epoch 30/50  iter 350/743  loss=0.0661  lr=2.46e-05
[08:47:35 INFO] Epoch 30/50  iter 400/743  loss=0.1702  lr=2.46e-05
[08:47:48 INFO] Epoch 30/50  iter 450/743  loss=0.0573  lr=2.45e-05
[08:48:02 INFO] Epoch 30/50  iter 500/743  loss=0.0911  lr=2.44e-05
[08:48:15 INFO] Epoch 30/50  iter 550/743  loss=0.1983  lr=2.43e-05
[08:48:29 INFO] Epoch 30/50  iter 600/743  loss=0.0839  lr=2.42e-05
[08:48:42 INFO] Epoch 30/50  iter 650/743  loss=0.1431  lr=2.41e-05
[08:48:56 INFO] Epoch 30/50  iter 700/743  loss=0.1127  lr=2.41e-05
[08:49:08 INFO] Epoch 30 complete — avg_loss=0.1342  time=201s
[08:51:10 INFO]   val mIoU = 0.7640
[08:51:11 INFO]   ★ New best val mIoU: 0.7640
[08:51:25 INFO] Epoch 31/50  iter 50/743  loss=0.1081  lr=2.39e-05
[08:51:39 INFO] Epoch 31/50  iter 100/743  loss=0.1299  lr=2.38e-05
[08:51:52 INFO] Epoch 31/50  iter 150/743  loss=0.1553  lr=2.38e-05
[08:52:05 INFO] Epoch 31/50  iter 200/743  loss=0.5896  lr=2.37e-05
[08:52:19 INFO] Epoch 31/50  iter 250/743  loss=0.0790  lr=2.36e-05
[08:52:32 INFO] Epoch 31/50  iter 300/743  loss=0.3041  lr=2.35e-05
[08:52:45 INFO] Epoch 31/50  iter 350/743  loss=0.2599  lr=2.34e-05
[08:52:59 INFO] Epoch 31/50  iter 400/743  loss=0.0718  lr=2.34e-05
[08:53:12 INFO] Epoch 31/50  iter 450/743  loss=0.1544  lr=2.33e-05
[08:53:26 INFO] Epoch 31/50  iter 500/743  loss=0.1070  lr=2.32e-05
[08:53:39 INFO] Epoch 31/50  iter 550/743  loss=0.4678  lr=2.31e-05
[08:53:52 INFO] Epoch 31/50  iter 600/743  loss=0.0825  lr=2.30e-05
[08:54:06 INFO] Epoch 31/50  iter 650/743  loss=0.1467  lr=2.29e-05
[08:54:19 INFO] Epoch 31/50  iter 700/743  loss=0.0809  lr=2.29e-05
[08:54:31 INFO] Epoch 31 complete — avg_loss=0.1307  time=199s
[08:54:45 INFO] Epoch 32/50  iter 50/743  loss=0.1489  lr=2.27e-05
[08:54:59 INFO] Epoch 32/50  iter 100/743  loss=0.1916  lr=2.26e-05
[08:55:12 INFO] Epoch 32/50  iter 150/743  loss=0.0750  lr=2.26e-05
[08:55:26 INFO] Epoch 32/50  iter 200/743  loss=0.1019  lr=2.25e-05
[08:55:39 INFO] Epoch 32/50  iter 250/743  loss=0.1470  lr=2.24e-05
[08:55:53 INFO] Epoch 32/50  iter 300/743  loss=0.0371  lr=2.23e-05
[08:56:06 INFO] Epoch 32/50  iter 350/743  loss=0.1823  lr=2.22e-05
[08:56:20 INFO] Epoch 32/50  iter 400/743  loss=0.0948  lr=2.22e-05
[08:56:33 INFO] Epoch 32/50  iter 450/743  loss=0.0686  lr=2.21e-05
[08:56:47 INFO] Epoch 32/50  iter 500/743  loss=0.1413  lr=2.20e-05
[08:57:00 INFO] Epoch 32/50  iter 550/743  loss=0.0575  lr=2.19e-05
[08:57:14 INFO] Epoch 32/50  iter 600/743  loss=0.1491  lr=2.18e-05
[08:57:27 INFO] Epoch 32/50  iter 650/743  loss=0.1285  lr=2.17e-05
[08:57:41 INFO] Epoch 32/50  iter 700/743  loss=0.1654  lr=2.17e-05
[08:57:53 INFO] Epoch 32 complete — avg_loss=0.1275  time=201s
[08:58:07 INFO] Epoch 33/50  iter 50/743  loss=0.1350  lr=2.15e-05
[08:58:21 INFO] Epoch 33/50  iter 100/743  loss=0.0873  lr=2.14e-05
[08:58:34 INFO] Epoch 33/50  iter 150/743  loss=0.0828  lr=2.14e-05
[08:58:48 INFO] Epoch 33/50  iter 200/743  loss=0.0522  lr=2.13e-05
[08:59:01 INFO] Epoch 33/50  iter 250/743  loss=0.0582  lr=2.12e-05
[08:59:15 INFO] Epoch 33/50  iter 300/743  loss=0.1114  lr=2.11e-05
[08:59:28 INFO] Epoch 33/50  iter 350/743  loss=0.1917  lr=2.10e-05
[08:59:42 INFO] Epoch 33/50  iter 400/743  loss=0.1324  lr=2.10e-05
[08:59:55 INFO] Epoch 33/50  iter 450/743  loss=0.1326  lr=2.09e-05
[09:00:09 INFO] Epoch 33/50  iter 500/743  loss=0.0869  lr=2.08e-05
[09:00:22 INFO] Epoch 33/50  iter 550/743  loss=0.0974  lr=2.07e-05
[09:00:36 INFO] Epoch 33/50  iter 600/743  loss=0.0489  lr=2.06e-05
[09:00:49 INFO] Epoch 33/50  iter 650/743  loss=0.0852  lr=2.05e-05
[09:01:03 INFO] Epoch 33/50  iter 700/743  loss=0.0441  lr=2.05e-05
[09:01:14 INFO] Epoch 33 complete — avg_loss=0.1285  time=201s
[09:01:29 INFO] Epoch 34/50  iter 50/743  loss=0.0386  lr=2.03e-05
[09:01:42 INFO] Epoch 34/50  iter 100/743  loss=0.1275  lr=2.02e-05
[09:01:56 INFO] Epoch 34/50  iter 150/743  loss=0.1425  lr=2.02e-05
[09:02:09 INFO] Epoch 34/50  iter 200/743  loss=0.1377  lr=2.01e-05
[09:02:23 INFO] Epoch 34/50  iter 250/743  loss=0.1732  lr=2.00e-05
[09:02:36 INFO] Epoch 34/50  iter 300/743  loss=0.1706  lr=1.99e-05
[09:02:50 INFO] Epoch 34/50  iter 350/743  loss=0.1955  lr=1.98e-05
[09:03:03 INFO] Epoch 34/50  iter 400/743  loss=0.1174  lr=1.98e-05
[09:03:17 INFO] Epoch 34/50  iter 450/743  loss=0.1002  lr=1.97e-05
[09:03:30 INFO] Epoch 34/50  iter 500/743  loss=0.1281  lr=1.96e-05
[09:03:44 INFO] Epoch 34/50  iter 550/743  loss=0.1316  lr=1.95e-05
[09:03:57 INFO] Epoch 34/50  iter 600/743  loss=0.7686  lr=1.94e-05
[09:04:11 INFO] Epoch 34/50  iter 650/743  loss=0.1113  lr=1.93e-05
[09:04:24 INFO] Epoch 34/50  iter 700/743  loss=0.0700  lr=1.93e-05
[09:04:36 INFO] Epoch 34 complete — avg_loss=0.1329  time=201s
[09:04:50 INFO] Epoch 35/50  iter 50/743  loss=0.0745  lr=1.91e-05
[09:05:04 INFO] Epoch 35/50  iter 100/743  loss=0.1687  lr=1.90e-05
[09:05:17 INFO] Epoch 35/50  iter 150/743  loss=0.1339  lr=1.90e-05
[09:05:31 INFO] Epoch 35/50  iter 200/743  loss=0.1332  lr=1.89e-05
[09:05:44 INFO] Epoch 35/50  iter 250/743  loss=0.0898  lr=1.88e-05
[09:05:58 INFO] Epoch 35/50  iter 300/743  loss=0.1656  lr=1.87e-05
[09:06:11 INFO] Epoch 35/50  iter 350/743  loss=0.0976  lr=1.86e-05
[09:06:25 INFO] Epoch 35/50  iter 400/743  loss=0.0804  lr=1.86e-05
[09:06:38 INFO] Epoch 35/50  iter 450/743  loss=0.1767  lr=1.85e-05
[09:06:52 INFO] Epoch 35/50  iter 500/743  loss=0.1733  lr=1.84e-05
[09:07:05 INFO] Epoch 35/50  iter 550/743  loss=0.7878  lr=1.83e-05
[09:07:19 INFO] Epoch 35/50  iter 600/743  loss=0.1100  lr=1.82e-05
[09:07:32 INFO] Epoch 35/50  iter 650/743  loss=0.1177  lr=1.81e-05
[09:07:46 INFO] Epoch 35/50  iter 700/743  loss=0.0880  lr=1.81e-05
[09:07:57 INFO] Epoch 35 complete — avg_loss=0.1248  time=201s
[09:10:02 INFO]   val mIoU = 0.7620
[09:10:16 INFO] Epoch 36/50  iter 50/743  loss=0.1281  lr=1.79e-05
[09:10:30 INFO] Epoch 36/50  iter 100/743  loss=0.1781  lr=1.78e-05
[09:10:43 INFO] Epoch 36/50  iter 150/743  loss=0.1062  lr=1.78e-05
[09:10:57 INFO] Epoch 36/50  iter 200/743  loss=0.0844  lr=1.77e-05
[09:11:10 INFO] Epoch 36/50  iter 250/743  loss=0.0710  lr=1.76e-05
[09:11:24 INFO] Epoch 36/50  iter 300/743  loss=0.1095  lr=1.75e-05
[09:11:37 INFO] Epoch 36/50  iter 350/743  loss=0.1073  lr=1.74e-05
[09:11:51 INFO] Epoch 36/50  iter 400/743  loss=0.0686  lr=1.74e-05
[09:12:05 INFO] Epoch 36/50  iter 450/743  loss=0.0908  lr=1.73e-05
[09:12:18 INFO] Epoch 36/50  iter 500/743  loss=0.1011  lr=1.72e-05
[09:12:32 INFO] Epoch 36/50  iter 550/743  loss=0.1038  lr=1.71e-05
[09:12:45 INFO] Epoch 36/50  iter 600/743  loss=0.1166  lr=1.70e-05
[09:12:59 INFO] Epoch 36/50  iter 650/743  loss=0.0470  lr=1.69e-05
[09:13:12 INFO] Epoch 36/50  iter 700/743  loss=0.1743  lr=1.69e-05
[09:13:24 INFO] Epoch 36 complete — avg_loss=0.1210  time=202s
[09:13:39 INFO] Epoch 37/50  iter 50/743  loss=0.0896  lr=1.67e-05
[09:13:52 INFO] Epoch 37/50  iter 100/743  loss=0.1373  lr=1.66e-05
[09:14:06 INFO] Epoch 37/50  iter 150/743  loss=0.0705  lr=1.66e-05
[09:14:19 INFO] Epoch 37/50  iter 200/743  loss=0.2007  lr=1.65e-05
[09:14:33 INFO] Epoch 37/50  iter 250/743  loss=0.0663  lr=1.64e-05
[09:14:47 INFO] Epoch 37/50  iter 300/743  loss=0.1197  lr=1.63e-05
[09:15:00 INFO] Epoch 37/50  iter 350/743  loss=0.1255  lr=1.62e-05
[09:15:14 INFO] Epoch 37/50  iter 400/743  loss=0.2675  lr=1.62e-05
[09:15:27 INFO] Epoch 37/50  iter 450/743  loss=0.0855  lr=1.61e-05
[09:15:41 INFO] Epoch 37/50  iter 500/743  loss=0.1423  lr=1.60e-05
[09:15:54 INFO] Epoch 37/50  iter 550/743  loss=0.1703  lr=1.59e-05
[09:16:08 INFO] Epoch 37/50  iter 600/743  loss=0.1078  lr=1.58e-05
[09:16:22 INFO] Epoch 37/50  iter 650/743  loss=0.1401  lr=1.57e-05
[09:16:35 INFO] Epoch 37/50  iter 700/743  loss=0.1268  lr=1.57e-05
[09:16:47 INFO] Epoch 37 complete — avg_loss=0.1252  time=202s
[09:17:01 INFO] Epoch 38/50  iter 50/743  loss=0.1507  lr=1.55e-05
[09:17:15 INFO] Epoch 38/50  iter 100/743  loss=0.0479  lr=1.54e-05
[09:17:29 INFO] Epoch 38/50  iter 150/743  loss=0.1061  lr=1.54e-05
[09:17:42 INFO] Epoch 38/50  iter 200/743  loss=0.0672  lr=1.53e-05
[09:17:56 INFO] Epoch 38/50  iter 250/743  loss=0.1116  lr=1.52e-05
[09:18:09 INFO] Epoch 38/50  iter 300/743  loss=0.1081  lr=1.51e-05
[09:18:23 INFO] Epoch 38/50  iter 350/743  loss=0.1662  lr=1.50e-05
[09:18:37 INFO] Epoch 38/50  iter 400/743  loss=0.0502  lr=1.50e-05
[09:18:50 INFO] Epoch 38/50  iter 450/743  loss=0.1476  lr=1.49e-05
[09:19:04 INFO] Epoch 38/50  iter 500/743  loss=0.2023  lr=1.48e-05
[09:19:17 INFO] Epoch 38/50  iter 550/743  loss=0.1409  lr=1.47e-05
[09:19:31 INFO] Epoch 38/50  iter 600/743  loss=0.1441  lr=1.46e-05
[09:19:44 INFO] Epoch 38/50  iter 650/743  loss=0.0924  lr=1.45e-05
[09:19:58 INFO] Epoch 38/50  iter 700/743  loss=0.0753  lr=1.45e-05
[09:20:10 INFO] Epoch 38 complete — avg_loss=0.1207  time=202s
[09:20:24 INFO] Epoch 39/50  iter 50/743  loss=0.0604  lr=1.43e-05
[09:20:38 INFO] Epoch 39/50  iter 100/743  loss=0.0806  lr=1.42e-05
[09:20:51 INFO] Epoch 39/50  iter 150/743  loss=0.0750  lr=1.42e-05
[09:21:05 INFO] Epoch 39/50  iter 200/743  loss=0.6046  lr=1.41e-05
[09:21:19 INFO] Epoch 39/50  iter 250/743  loss=0.1245  lr=1.40e-05
[09:21:32 INFO] Epoch 39/50  iter 300/743  loss=0.1053  lr=1.39e-05
[09:21:46 INFO] Epoch 39/50  iter 350/743  loss=0.1866  lr=1.38e-05
[09:22:00 INFO] Epoch 39/50  iter 400/743  loss=0.1251  lr=1.38e-05
[09:22:13 INFO] Epoch 39/50  iter 450/743  loss=0.1972  lr=1.37e-05
[09:22:27 INFO] Epoch 39/50  iter 500/743  loss=0.0882  lr=1.36e-05
[09:22:40 INFO] Epoch 39/50  iter 550/743  loss=0.1101  lr=1.35e-05
[09:22:54 INFO] Epoch 39/50  iter 600/743  loss=0.2889  lr=1.34e-05
[09:23:07 INFO] Epoch 39/50  iter 650/743  loss=0.1194  lr=1.33e-05
[09:23:21 INFO] Epoch 39/50  iter 700/743  loss=0.0778  lr=1.33e-05
[09:23:33 INFO] Epoch 39 complete — avg_loss=0.1254  time=202s
[09:23:47 INFO] Epoch 40/50  iter 50/743  loss=0.0867  lr=1.31e-05
[09:24:01 INFO] Epoch 40/50  iter 100/743  loss=0.1096  lr=1.30e-05
[09:24:15 INFO] Epoch 40/50  iter 150/743  loss=0.0474  lr=1.30e-05
[09:24:28 INFO] Epoch 40/50  iter 200/743  loss=0.1127  lr=1.29e-05
[09:24:42 INFO] Epoch 40/50  iter 250/743  loss=0.1498  lr=1.28e-05
[09:24:55 INFO] Epoch 40/50  iter 300/743  loss=0.1198  lr=1.27e-05
[09:25:09 INFO] Epoch 40/50  iter 350/743  loss=0.2377  lr=1.26e-05
[09:25:22 INFO] Epoch 40/50  iter 400/743  loss=0.1027  lr=1.26e-05
[09:25:35 INFO] Epoch 40/50  iter 450/743  loss=0.1096  lr=1.25e-05
[09:25:49 INFO] Epoch 40/50  iter 500/743  loss=0.1839  lr=1.24e-05
[09:26:02 INFO] Epoch 40/50  iter 550/743  loss=0.1742  lr=1.23e-05
[09:26:16 INFO] Epoch 40/50  iter 600/743  loss=0.2018  lr=1.22e-05
[09:26:29 INFO] Epoch 40/50  iter 650/743  loss=0.1133  lr=1.21e-05
[09:26:43 INFO] Epoch 40/50  iter 700/743  loss=0.0730  lr=1.21e-05
[09:26:55 INFO] Epoch 40 complete — avg_loss=0.1191  time=201s
[09:28:57 INFO]   val mIoU = 0.7707
[09:28:58 INFO]   ★ New best val mIoU: 0.7707
[09:29:13 INFO] Epoch 41/50  iter 50/743  loss=0.0976  lr=1.19e-05
[09:29:26 INFO] Epoch 41/50  iter 100/743  loss=0.0943  lr=1.18e-05
[09:29:39 INFO] Epoch 41/50  iter 150/743  loss=0.0675  lr=1.18e-05
[09:29:53 INFO] Epoch 41/50  iter 200/743  loss=0.0540  lr=1.17e-05
[09:30:06 INFO] Epoch 41/50  iter 250/743  loss=0.1229  lr=1.16e-05
[09:30:19 INFO] Epoch 41/50  iter 300/743  loss=0.0756  lr=1.15e-05
[09:30:33 INFO] Epoch 41/50  iter 350/743  loss=0.0790  lr=1.14e-05
[09:30:46 INFO] Epoch 41/50  iter 400/743  loss=0.1183  lr=1.14e-05
[09:31:00 INFO] Epoch 41/50  iter 450/743  loss=0.1399  lr=1.13e-05
[09:31:13 INFO] Epoch 41/50  iter 500/743  loss=0.0687  lr=1.12e-05
[09:31:26 INFO] Epoch 41/50  iter 550/743  loss=0.0560  lr=1.11e-05
[09:31:40 INFO] Epoch 41/50  iter 600/743  loss=0.0827  lr=1.10e-05
[09:31:53 INFO] Epoch 41/50  iter 650/743  loss=0.1593  lr=1.09e-05
[09:32:06 INFO] Epoch 41/50  iter 700/743  loss=0.0804  lr=1.09e-05
[09:32:18 INFO] Epoch 41 complete — avg_loss=0.1167  time=199s
[09:32:33 INFO] Epoch 42/50  iter 50/743  loss=0.0849  lr=1.07e-05
[09:32:46 INFO] Epoch 42/50  iter 100/743  loss=0.1371  lr=1.06e-05
[09:33:00 INFO] Epoch 42/50  iter 150/743  loss=0.1600  lr=1.06e-05
[09:33:13 INFO] Epoch 42/50  iter 200/743  loss=0.1277  lr=1.05e-05
[09:33:27 INFO] Epoch 42/50  iter 250/743  loss=0.0656  lr=1.04e-05
[09:33:40 INFO] Epoch 42/50  iter 300/743  loss=0.1457  lr=1.03e-05
[09:33:54 INFO] Epoch 42/50  iter 350/743  loss=0.1116  lr=1.02e-05
[09:34:07 INFO] Epoch 42/50  iter 400/743  loss=0.0981  lr=1.02e-05
[09:34:21 INFO] Epoch 42/50  iter 450/743  loss=0.0741  lr=1.01e-05
[09:34:34 INFO] Epoch 42/50  iter 500/743  loss=0.0802  lr=9.99e-06
[09:34:47 INFO] Epoch 42/50  iter 550/743  loss=0.0901  lr=9.91e-06
[09:35:01 INFO] Epoch 42/50  iter 600/743  loss=0.1035  lr=9.83e-06
[09:35:14 INFO] Epoch 42/50  iter 650/743  loss=0.0734  lr=9.75e-06
[09:35:28 INFO] Epoch 42/50  iter 700/743  loss=0.1177  lr=9.67e-06
[09:35:40 INFO] Epoch 42 complete — avg_loss=0.1161  time=201s
[09:35:54 INFO] Epoch 43/50  iter 50/743  loss=0.0503  lr=9.52e-06
[09:36:08 INFO] Epoch 43/50  iter 100/743  loss=0.1794  lr=9.44e-06
[09:36:21 INFO] Epoch 43/50  iter 150/743  loss=0.1335  lr=9.36e-06
[09:36:35 INFO] Epoch 43/50  iter 200/743  loss=0.0650  lr=9.28e-06
[09:36:48 INFO] Epoch 43/50  iter 250/743  loss=0.0853  lr=9.19e-06
[09:37:02 INFO] Epoch 43/50  iter 300/743  loss=0.0999  lr=9.11e-06
[09:37:15 INFO] Epoch 43/50  iter 350/743  loss=0.0957  lr=9.03e-06
[09:37:28 INFO] Epoch 43/50  iter 400/743  loss=0.0880  lr=8.95e-06
[09:37:42 INFO] Epoch 43/50  iter 450/743  loss=0.0827  lr=8.87e-06
[09:37:55 INFO] Epoch 43/50  iter 500/743  loss=0.0739  lr=8.79e-06
[09:38:09 INFO] Epoch 43/50  iter 550/743  loss=0.0901  lr=8.71e-06
[09:38:22 INFO] Epoch 43/50  iter 600/743  loss=0.0620  lr=8.63e-06
[09:38:36 INFO] Epoch 43/50  iter 650/743  loss=0.1631  lr=8.55e-06
[09:38:49 INFO] Epoch 43/50  iter 700/743  loss=0.0656  lr=8.47e-06
[09:39:01 INFO] Epoch 43 complete — avg_loss=0.1194  time=201s
[09:39:16 INFO] Epoch 44/50  iter 50/743  loss=0.0805  lr=8.32e-06
[09:39:29 INFO] Epoch 44/50  iter 100/743  loss=0.1223  lr=8.24e-06
[09:39:43 INFO] Epoch 44/50  iter 150/743  loss=0.1159  lr=8.16e-06
[09:39:56 INFO] Epoch 44/50  iter 200/743  loss=0.0915  lr=8.08e-06
[09:40:10 INFO] Epoch 44/50  iter 250/743  loss=0.0860  lr=7.99e-06
[09:40:23 INFO] Epoch 44/50  iter 300/743  loss=0.0993  lr=7.91e-06
[09:40:37 INFO] Epoch 44/50  iter 350/743  loss=0.0827  lr=7.83e-06
[09:40:50 INFO] Epoch 44/50  iter 400/743  loss=0.1630  lr=7.75e-06
[09:41:04 INFO] Epoch 44/50  iter 450/743  loss=0.1116  lr=7.67e-06
[09:41:17 INFO] Epoch 44/50  iter 500/743  loss=0.1116  lr=7.59e-06
[09:41:31 INFO] Epoch 44/50  iter 550/743  loss=0.1582  lr=7.51e-06
[09:41:44 INFO] Epoch 44/50  iter 600/743  loss=0.1251  lr=7.43e-06
[09:41:57 INFO] Epoch 44/50  iter 650/743  loss=0.1044  lr=7.35e-06
[09:42:11 INFO] Epoch 44/50  iter 700/743  loss=0.0722  lr=7.27e-06
[09:42:23 INFO] Epoch 44 complete — avg_loss=0.1149  time=201s
[09:42:37 INFO] Epoch 45/50  iter 50/743  loss=0.0482  lr=7.12e-06
[09:42:51 INFO] Epoch 45/50  iter 100/743  loss=0.1238  lr=7.04e-06
[09:43:04 INFO] Epoch 45/50  iter 150/743  loss=0.1058  lr=6.96e-06
[09:43:18 INFO] Epoch 45/50  iter 200/743  loss=0.1540  lr=6.88e-06
[09:43:31 INFO] Epoch 45/50  iter 250/743  loss=0.1113  lr=6.79e-06
[09:43:45 INFO] Epoch 45/50  iter 300/743  loss=0.1367  lr=6.71e-06
[09:43:58 INFO] Epoch 45/50  iter 350/743  loss=0.0922  lr=6.63e-06
[09:44:12 INFO] Epoch 45/50  iter 400/743  loss=0.1583  lr=6.55e-06
[09:44:25 INFO] Epoch 45/50  iter 450/743  loss=0.0735  lr=6.47e-06
[09:44:38 INFO] Epoch 45/50  iter 500/743  loss=0.1671  lr=6.39e-06
[09:44:52 INFO] Epoch 45/50  iter 550/743  loss=0.2093  lr=6.31e-06
[09:45:05 INFO] Epoch 45/50  iter 600/743  loss=0.1213  lr=6.23e-06
[09:45:19 INFO] Epoch 45/50  iter 650/743  loss=0.0822  lr=6.15e-06
[09:45:32 INFO] Epoch 45/50  iter 700/743  loss=0.0862  lr=6.07e-06
[09:45:44 INFO] Epoch 45 complete — avg_loss=0.1152  time=201s
[09:47:47 INFO]   val mIoU = 0.7734
[09:47:48 INFO]   ★ New best val mIoU: 0.7734
[09:48:03 INFO] Epoch 46/50  iter 50/743  loss=0.1011  lr=5.92e-06
[09:48:16 INFO] Epoch 46/50  iter 100/743  loss=0.0817  lr=5.84e-06
[09:48:29 INFO] Epoch 46/50  iter 150/743  loss=0.1523  lr=5.76e-06
[09:48:43 INFO] Epoch 46/50  iter 200/743  loss=0.1010  lr=5.68e-06
[09:48:56 INFO] Epoch 46/50  iter 250/743  loss=0.1408  lr=5.59e-06
[09:49:10 INFO] Epoch 46/50  iter 300/743  loss=0.1190  lr=5.51e-06
[09:49:23 INFO] Epoch 46/50  iter 350/743  loss=0.1416  lr=5.43e-06
[09:49:36 INFO] Epoch 46/50  iter 400/743  loss=0.1402  lr=5.35e-06
[09:49:50 INFO] Epoch 46/50  iter 450/743  loss=0.0769  lr=5.27e-06
[09:50:03 INFO] Epoch 46/50  iter 500/743  loss=0.0535  lr=5.19e-06
[09:50:16 INFO] Epoch 46/50  iter 550/743  loss=0.7159  lr=5.11e-06
[09:50:30 INFO] Epoch 46/50  iter 600/743  loss=0.1176  lr=5.03e-06
[09:50:43 INFO] Epoch 46/50  iter 650/743  loss=0.1999  lr=4.95e-06
[09:50:57 INFO] Epoch 46/50  iter 700/743  loss=0.0631  lr=4.87e-06
[09:51:08 INFO] Epoch 46 complete — avg_loss=0.1166  time=199s
[09:51:23 INFO] Epoch 47/50  iter 50/743  loss=0.1425  lr=4.72e-06
[09:51:36 INFO] Epoch 47/50  iter 100/743  loss=0.0605  lr=4.64e-06
[09:51:50 INFO] Epoch 47/50  iter 150/743  loss=0.0830  lr=4.56e-06
[09:52:03 INFO] Epoch 47/50  iter 200/743  loss=0.1083  lr=4.48e-06
[09:52:17 INFO] Epoch 47/50  iter 250/743  loss=0.0907  lr=4.39e-06
[09:52:30 INFO] Epoch 47/50  iter 300/743  loss=0.1110  lr=4.31e-06
[09:52:44 INFO] Epoch 47/50  iter 350/743  loss=0.1259  lr=4.23e-06
[09:52:57 INFO] Epoch 47/50  iter 400/743  loss=0.0899  lr=4.15e-06
[09:53:11 INFO] Epoch 47/50  iter 450/743  loss=0.1460  lr=4.07e-06
[09:53:24 INFO] Epoch 47/50  iter 500/743  loss=0.1066  lr=3.99e-06
[09:53:38 INFO] Epoch 47/50  iter 550/743  loss=0.1203  lr=3.91e-06
[09:53:51 INFO] Epoch 47/50  iter 600/743  loss=0.2363  lr=3.83e-06
[09:54:05 INFO] Epoch 47/50  iter 650/743  loss=0.0776  lr=3.75e-06
[09:54:18 INFO] Epoch 47/50  iter 700/743  loss=0.1105  lr=3.67e-06
[09:54:30 INFO] Epoch 47 complete — avg_loss=0.1149  time=201s
[09:54:45 INFO] Epoch 48/50  iter 50/743  loss=0.0883  lr=3.52e-06
[09:54:58 INFO] Epoch 48/50  iter 100/743  loss=0.0580  lr=3.44e-06
[09:55:12 INFO] Epoch 48/50  iter 150/743  loss=0.1081  lr=3.36e-06
[09:55:25 INFO] Epoch 48/50  iter 200/743  loss=0.2138  lr=3.28e-06
[09:55:39 INFO] Epoch 48/50  iter 250/743  loss=0.0770  lr=3.19e-06
[09:55:52 INFO] Epoch 48/50  iter 300/743  loss=0.0720  lr=3.11e-06
[09:56:06 INFO] Epoch 48/50  iter 350/743  loss=0.1394  lr=3.03e-06
[09:56:19 INFO] Epoch 48/50  iter 400/743  loss=0.2068  lr=2.95e-06
[09:56:33 INFO] Epoch 48/50  iter 450/743  loss=0.0930  lr=2.87e-06
[09:56:46 INFO] Epoch 48/50  iter 500/743  loss=0.0526  lr=2.79e-06
[09:57:00 INFO] Epoch 48/50  iter 550/743  loss=0.1051  lr=2.71e-06
[09:57:13 INFO] Epoch 48/50  iter 600/743  loss=0.1308  lr=2.63e-06
[09:57:27 INFO] Epoch 48/50  iter 650/743  loss=0.0920  lr=2.55e-06
[09:57:40 INFO] Epoch 48/50  iter 700/743  loss=0.1530  lr=2.47e-06
[09:57:52 INFO] Epoch 48 complete — avg_loss=0.1132  time=201s
[09:58:06 INFO] Epoch 49/50  iter 50/743  loss=0.0964  lr=2.32e-06
[09:58:20 INFO] Epoch 49/50  iter 100/743  loss=0.1278  lr=2.24e-06
[09:58:33 INFO] Epoch 49/50  iter 150/743  loss=0.1234  lr=2.16e-06
[09:58:47 INFO] Epoch 49/50  iter 200/743  loss=0.1237  lr=2.08e-06
[09:59:00 INFO] Epoch 49/50  iter 250/743  loss=0.2071  lr=1.99e-06
[09:59:14 INFO] Epoch 49/50  iter 300/743  loss=0.0984  lr=1.91e-06
[09:59:27 INFO] Epoch 49/50  iter 350/743  loss=0.1433  lr=1.83e-06
[09:59:41 INFO] Epoch 49/50  iter 400/743  loss=0.0664  lr=1.75e-06
[09:59:54 INFO] Epoch 49/50  iter 450/743  loss=0.0735  lr=1.67e-06
[10:00:08 INFO] Epoch 49/50  iter 500/743  loss=0.0738  lr=1.59e-06
[10:00:21 INFO] Epoch 49/50  iter 550/743  loss=0.1752  lr=1.51e-06
[10:00:35 INFO] Epoch 49/50  iter 600/743  loss=0.0650  lr=1.43e-06
[10:00:48 INFO] Epoch 49/50  iter 650/743  loss=0.1062  lr=1.35e-06
[10:01:02 INFO] Epoch 49/50  iter 700/743  loss=0.0901  lr=1.27e-06
[10:01:13 INFO] Epoch 49 complete — avg_loss=0.1116  time=201s
[10:01:28 INFO] Epoch 50/50  iter 50/743  loss=0.0975  lr=1.12e-06
[10:01:41 INFO] Epoch 50/50  iter 100/743  loss=0.1554  lr=1.04e-06
[10:01:55 INFO] Epoch 50/50  iter 150/743  loss=0.0468  lr=9.56e-07
[10:02:08 INFO] Epoch 50/50  iter 200/743  loss=0.1224  lr=8.75e-07
[10:02:22 INFO] Epoch 50/50  iter 250/743  loss=0.0847  lr=7.95e-07
[10:02:35 INFO] Epoch 50/50  iter 300/743  loss=0.0807  lr=7.14e-07
[10:02:49 INFO] Epoch 50/50  iter 350/743  loss=0.1326  lr=6.33e-07
[10:03:02 INFO] Epoch 50/50  iter 400/743  loss=0.0973  lr=5.52e-07
[10:03:16 INFO] Epoch 50/50  iter 450/743  loss=0.0735  lr=4.72e-07
[10:03:29 INFO] Epoch 50/50  iter 500/743  loss=0.1041  lr=3.91e-07
[10:03:43 INFO] Epoch 50/50  iter 550/743  loss=0.1037  lr=3.10e-07
[10:03:56 INFO] Epoch 50/50  iter 600/743  loss=0.0709  lr=2.29e-07
[10:04:10 INFO] Epoch 50/50  iter 650/743  loss=0.1115  lr=1.49e-07
[10:04:23 INFO] Epoch 50/50  iter 700/743  loss=0.1436  lr=6.78e-08
[10:04:35 INFO] Epoch 50 complete — avg_loss=0.1195  time=201s
[10:06:37 INFO]   val mIoU = 0.7767
[10:06:38 INFO]   ★ New best val mIoU: 0.7767
[10:06:39 INFO] Training complete. Best val mIoU = 0.7767
