[08:42:08 INFO] Device: cuda
[08:42:11 INFO] fog_prob: 0.1
[08:42:13 INFO] Train: 2975 samples  |  Val: 500 samples
[08:42:28 INFO] Epoch 1/50  iter 50/743  loss=1.0131  lr=5.99e-05
[08:42:42 INFO] Epoch 1/50  iter 100/743  loss=1.0005  lr=5.98e-05
[08:42:55 INFO] Epoch 1/50  iter 150/743  loss=0.4222  lr=5.98e-05
[08:43:08 INFO] Epoch 1/50  iter 200/743  loss=0.5802  lr=5.97e-05
[08:43:22 INFO] Epoch 1/50  iter 250/743  loss=0.7310  lr=5.96e-05
[08:43:35 INFO] Epoch 1/50  iter 300/743  loss=0.3430  lr=5.95e-05
[08:43:49 INFO] Epoch 1/50  iter 350/743  loss=1.4311  lr=5.94e-05
[08:44:02 INFO] Epoch 1/50  iter 400/743  loss=0.4330  lr=5.94e-05
[08:44:15 INFO] Epoch 1/50  iter 450/743  loss=0.2712  lr=5.93e-05
[08:44:29 INFO] Epoch 1/50  iter 500/743  loss=0.3342  lr=5.92e-05
[08:44:42 INFO] Epoch 1/50  iter 550/743  loss=0.6083  lr=5.91e-05
[08:44:56 INFO] Epoch 1/50  iter 600/743  loss=0.2842  lr=5.90e-05
[08:45:09 INFO] Epoch 1/50  iter 650/743  loss=0.2437  lr=5.89e-05
[08:45:23 INFO] Epoch 1/50  iter 700/743  loss=0.6391  lr=5.89e-05
[08:45:34 INFO] Epoch 1 complete — avg_loss=0.6401  time=201s
[08:45:50 INFO] Epoch 2/50  iter 50/743  loss=0.3233  lr=5.87e-05
[08:46:03 INFO] Epoch 2/50  iter 100/743  loss=0.2693  lr=5.86e-05
[08:46:17 INFO] Epoch 2/50  iter 150/743  loss=0.3742  lr=5.86e-05
[08:46:31 INFO] Epoch 2/50  iter 200/743  loss=0.3538  lr=5.85e-05
[08:46:44 INFO] Epoch 2/50  iter 250/743  loss=0.4117  lr=5.84e-05
[08:46:57 INFO] Epoch 2/50  iter 300/743  loss=0.3968  lr=5.83e-05
[08:47:11 INFO] Epoch 2/50  iter 350/743  loss=0.4370  lr=5.82e-05
[08:47:25 INFO] Epoch 2/50  iter 400/743  loss=0.2377  lr=5.82e-05
[08:47:38 INFO] Epoch 2/50  iter 450/743  loss=0.3211  lr=5.81e-05
[08:47:52 INFO] Epoch 2/50  iter 500/743  loss=0.3432  lr=5.80e-05
[08:48:05 INFO] Epoch 2/50  iter 550/743  loss=0.4102  lr=5.79e-05
[08:48:19 INFO] Epoch 2/50  iter 600/743  loss=0.5824  lr=5.78e-05
[08:48:32 INFO] Epoch 2/50  iter 650/743  loss=0.2714  lr=5.77e-05
[08:48:46 INFO] Epoch 2/50  iter 700/743  loss=0.2732  lr=5.77e-05
[08:48:57 INFO] Epoch 2 complete — avg_loss=0.3434  time=202s
[08:49:12 INFO] Epoch 3/50  iter 50/743  loss=0.4093  lr=5.75e-05
[08:49:25 INFO] Epoch 3/50  iter 100/743  loss=0.2427  lr=5.74e-05
[08:49:39 INFO] Epoch 3/50  iter 150/743  loss=0.3398  lr=5.74e-05
[08:49:52 INFO] Epoch 3/50  iter 200/743  loss=0.2295  lr=5.73e-05
[08:50:05 INFO] Epoch 3/50  iter 250/743  loss=0.7894  lr=5.72e-05
[08:50:19 INFO] Epoch 3/50  iter 300/743  loss=0.6066  lr=5.71e-05
[08:50:32 INFO] Epoch 3/50  iter 350/743  loss=0.1378  lr=5.70e-05
[08:50:45 INFO] Epoch 3/50  iter 400/743  loss=0.0863  lr=5.70e-05
[08:50:59 INFO] Epoch 3/50  iter 450/743  loss=0.2597  lr=5.69e-05
[08:51:12 INFO] Epoch 3/50  iter 500/743  loss=0.2245  lr=5.68e-05
[08:51:26 INFO] Epoch 3/50  iter 550/743  loss=0.1456  lr=5.67e-05
[08:51:39 INFO] Epoch 3/50  iter 600/743  loss=0.5455  lr=5.66e-05
[08:51:53 INFO] Epoch 3/50  iter 650/743  loss=0.7426  lr=5.65e-05
[08:52:06 INFO] Epoch 3/50  iter 700/743  loss=0.0657  lr=5.65e-05
[08:52:17 INFO] Epoch 3 complete — avg_loss=0.2988  time=200s
[08:52:32 INFO] Epoch 4/50  iter 50/743  loss=0.1887  lr=5.63e-05
[08:52:46 INFO] Epoch 4/50  iter 100/743  loss=0.1726  lr=5.62e-05
[08:52:59 INFO] Epoch 4/50  iter 150/743  loss=0.1858  lr=5.62e-05
[08:53:13 INFO] Epoch 4/50  iter 200/743  loss=0.3397  lr=5.61e-05
[08:53:26 INFO] Epoch 4/50  iter 250/743  loss=0.2257  lr=5.60e-05
[08:53:39 INFO] Epoch 4/50  iter 300/743  loss=0.2411  lr=5.59e-05
[08:53:53 INFO] Epoch 4/50  iter 350/743  loss=0.3922  lr=5.58e-05
[08:54:06 INFO] Epoch 4/50  iter 400/743  loss=0.4748  lr=5.58e-05
[08:54:19 INFO] Epoch 4/50  iter 450/743  loss=0.1918  lr=5.57e-05
[08:54:33 INFO] Epoch 4/50  iter 500/743  loss=0.3475  lr=5.56e-05
[08:54:46 INFO] Epoch 4/50  iter 550/743  loss=0.1925  lr=5.55e-05
[08:55:00 INFO] Epoch 4/50  iter 600/743  loss=0.1908  lr=5.54e-05
[08:55:13 INFO] Epoch 4/50  iter 650/743  loss=0.2643  lr=5.53e-05
[08:55:26 INFO] Epoch 4/50  iter 700/743  loss=0.2301  lr=5.53e-05
[08:55:38 INFO] Epoch 4 complete — avg_loss=0.2774  time=200s
[08:55:53 INFO] Epoch 5/50  iter 50/743  loss=0.3213  lr=5.51e-05
[08:56:07 INFO] Epoch 5/50  iter 100/743  loss=0.1734  lr=5.50e-05
[08:56:20 INFO] Epoch 5/50  iter 150/743  loss=0.4105  lr=5.50e-05
[08:56:33 INFO] Epoch 5/50  iter 200/743  loss=0.4011  lr=5.49e-05
[08:56:47 INFO] Epoch 5/50  iter 250/743  loss=0.2850  lr=5.48e-05
[08:57:00 INFO] Epoch 5/50  iter 300/743  loss=0.5374  lr=5.47e-05
[08:57:14 INFO] Epoch 5/50  iter 350/743  loss=0.1062  lr=5.46e-05
[08:57:27 INFO] Epoch 5/50  iter 400/743  loss=0.2579  lr=5.46e-05
[08:57:40 INFO] Epoch 5/50  iter 450/743  loss=0.4612  lr=5.45e-05
[08:57:54 INFO] Epoch 5/50  iter 500/743  loss=0.1846  lr=5.44e-05
[08:58:07 INFO] Epoch 5/50  iter 550/743  loss=0.1452  lr=5.43e-05
[08:58:20 INFO] Epoch 5/50  iter 600/743  loss=0.2695  lr=5.42e-05
[08:58:34 INFO] Epoch 5/50  iter 650/743  loss=0.2002  lr=5.41e-05
[08:58:47 INFO] Epoch 5/50  iter 700/743  loss=0.1214  lr=5.41e-05
[08:58:59 INFO] Epoch 5 complete — avg_loss=0.2469  time=200s
[09:01:02 INFO]   val mIoU = 0.6461
[09:01:03 INFO]   ★ New best val mIoU: 0.6461
[09:01:18 INFO] Epoch 6/50  iter 50/743  loss=0.3220  lr=5.39e-05
[09:01:32 INFO] Epoch 6/50  iter 100/743  loss=0.1509  lr=5.38e-05
[09:01:45 INFO] Epoch 6/50  iter 150/743  loss=0.1726  lr=5.38e-05
[09:01:58 INFO] Epoch 6/50  iter 200/743  loss=0.1469  lr=5.37e-05
[09:02:12 INFO] Epoch 6/50  iter 250/743  loss=0.1635  lr=5.36e-05
[09:02:25 INFO] Epoch 6/50  iter 300/743  loss=0.1330  lr=5.35e-05
[09:02:39 INFO] Epoch 6/50  iter 350/743  loss=0.2545  lr=5.34e-05
[09:02:52 INFO] Epoch 6/50  iter 400/743  loss=0.1249  lr=5.34e-05
[09:03:05 INFO] Epoch 6/50  iter 450/743  loss=0.1924  lr=5.33e-05
[09:03:19 INFO] Epoch 6/50  iter 500/743  loss=0.0817  lr=5.32e-05
[09:03:32 INFO] Epoch 6/50  iter 550/743  loss=0.1192  lr=5.31e-05
[09:03:46 INFO] Epoch 6/50  iter 600/743  loss=0.2521  lr=5.30e-05
[09:03:59 INFO] Epoch 6/50  iter 650/743  loss=0.2413  lr=5.29e-05
[09:04:12 INFO] Epoch 6/50  iter 700/743  loss=0.1760  lr=5.29e-05
[09:04:24 INFO] Epoch 6 complete — avg_loss=0.2278  time=200s
[09:04:39 INFO] Epoch 7/50  iter 50/743  loss=0.3159  lr=5.27e-05
[09:04:53 INFO] Epoch 7/50  iter 100/743  loss=0.1502  lr=5.26e-05
[09:05:06 INFO] Epoch 7/50  iter 150/743  loss=0.7074  lr=5.26e-05
[09:05:20 INFO] Epoch 7/50  iter 200/743  loss=0.2019  lr=5.25e-05
[09:05:33 INFO] Epoch 7/50  iter 250/743  loss=0.3481  lr=5.24e-05
[09:05:47 INFO] Epoch 7/50  iter 300/743  loss=0.1125  lr=5.23e-05
[09:06:00 INFO] Epoch 7/50  iter 350/743  loss=0.4100  lr=5.22e-05
[09:06:14 INFO] Epoch 7/50  iter 400/743  loss=0.4552  lr=5.22e-05
[09:06:27 INFO] Epoch 7/50  iter 450/743  loss=0.6141  lr=5.21e-05
[09:06:41 INFO] Epoch 7/50  iter 500/743  loss=0.2401  lr=5.20e-05
[09:06:54 INFO] Epoch 7/50  iter 550/743  loss=0.1430  lr=5.19e-05
[09:07:07 INFO] Epoch 7/50  iter 600/743  loss=0.3960  lr=5.18e-05
[09:07:21 INFO] Epoch 7/50  iter 650/743  loss=0.1394  lr=5.17e-05
[09:07:34 INFO] Epoch 7/50  iter 700/743  loss=0.1583  lr=5.17e-05
[09:07:46 INFO] Epoch 7 complete — avg_loss=0.2232  time=201s
[09:08:01 INFO] Epoch 8/50  iter 50/743  loss=0.1215  lr=5.15e-05
[09:08:15 INFO] Epoch 8/50  iter 100/743  loss=0.1835  lr=5.14e-05
[09:08:28 INFO] Epoch 8/50  iter 150/743  loss=0.0718  lr=5.14e-05
[09:08:42 INFO] Epoch 8/50  iter 200/743  loss=0.0664  lr=5.13e-05
[09:08:55 INFO] Epoch 8/50  iter 250/743  loss=0.1970  lr=5.12e-05
[09:09:09 INFO] Epoch 8/50  iter 300/743  loss=0.1384  lr=5.11e-05
[09:09:22 INFO] Epoch 8/50  iter 350/743  loss=0.1205  lr=5.10e-05
[09:09:35 INFO] Epoch 8/50  iter 400/743  loss=0.1426  lr=5.10e-05
[09:09:49 INFO] Epoch 8/50  iter 450/743  loss=0.1934  lr=5.09e-05
[09:10:03 INFO] Epoch 8/50  iter 500/743  loss=0.1611  lr=5.08e-05
[09:10:16 INFO] Epoch 8/50  iter 550/743  loss=0.2604  lr=5.07e-05
[09:10:29 INFO] Epoch 8/50  iter 600/743  loss=0.2205  lr=5.06e-05
[09:10:43 INFO] Epoch 8/50  iter 650/743  loss=0.2235  lr=5.05e-05
[09:10:56 INFO] Epoch 8/50  iter 700/743  loss=0.3072  lr=5.05e-05
[09:11:08 INFO] Epoch 8 complete — avg_loss=0.2128  time=201s
[09:11:23 INFO] Epoch 9/50  iter 50/743  loss=0.0931  lr=5.03e-05
[09:11:36 INFO] Epoch 9/50  iter 100/743  loss=0.1491  lr=5.02e-05
[09:11:50 INFO] Epoch 9/50  iter 150/743  loss=0.2019  lr=5.02e-05
[09:12:03 INFO] Epoch 9/50  iter 200/743  loss=0.2952  lr=5.01e-05
[09:12:17 INFO] Epoch 9/50  iter 250/743  loss=0.1317  lr=5.00e-05
[09:12:30 INFO] Epoch 9/50  iter 300/743  loss=0.1150  lr=4.99e-05
[09:12:43 INFO] Epoch 9/50  iter 350/743  loss=0.1474  lr=4.98e-05
[09:12:57 INFO] Epoch 9/50  iter 400/743  loss=0.1255  lr=4.98e-05
[09:13:10 INFO] Epoch 9/50  iter 450/743  loss=0.1773  lr=4.97e-05
[09:13:24 INFO] Epoch 9/50  iter 500/743  loss=0.1329  lr=4.96e-05
[09:13:37 INFO] Epoch 9/50  iter 550/743  loss=0.2165  lr=4.95e-05
[09:13:50 INFO] Epoch 9/50  iter 600/743  loss=0.2758  lr=4.94e-05
[09:14:04 INFO] Epoch 9/50  iter 650/743  loss=0.0733  lr=4.93e-05
[09:14:18 INFO] Epoch 9/50  iter 700/743  loss=0.1183  lr=4.93e-05
[09:14:29 INFO] Epoch 9 complete — avg_loss=0.2050  time=201s
[09:14:44 INFO] Epoch 10/50  iter 50/743  loss=0.1258  lr=4.91e-05
[09:14:58 INFO] Epoch 10/50  iter 100/743  loss=0.1324  lr=4.90e-05
[09:15:11 INFO] Epoch 10/50  iter 150/743  loss=0.1463  lr=4.90e-05
[09:15:25 INFO] Epoch 10/50  iter 200/743  loss=0.1730  lr=4.89e-05
[09:15:38 INFO] Epoch 10/50  iter 250/743  loss=0.1503  lr=4.88e-05
[09:15:52 INFO] Epoch 10/50  iter 300/743  loss=0.1061  lr=4.87e-05
[09:16:05 INFO] Epoch 10/50  iter 350/743  loss=0.1408  lr=4.86e-05
[09:16:18 INFO] Epoch 10/50  iter 400/743  loss=0.2085  lr=4.86e-05
[09:16:32 INFO] Epoch 10/50  iter 450/743  loss=0.1377  lr=4.85e-05
[09:16:45 INFO] Epoch 10/50  iter 500/743  loss=0.1727  lr=4.84e-05
[09:16:59 INFO] Epoch 10/50  iter 550/743  loss=0.1364  lr=4.83e-05
[09:17:12 INFO] Epoch 10/50  iter 600/743  loss=0.1830  lr=4.82e-05
[09:17:25 INFO] Epoch 10/50  iter 650/743  loss=0.2728  lr=4.81e-05
[09:17:39 INFO] Epoch 10/50  iter 700/743  loss=0.1225  lr=4.81e-05
[09:17:50 INFO] Epoch 10 complete — avg_loss=0.2029  time=200s
[09:19:53 INFO]   val mIoU = 0.6681
[09:19:54 INFO]   ★ New best val mIoU: 0.6681
[09:20:09 INFO] Epoch 11/50  iter 50/743  loss=0.1616  lr=4.79e-05
[09:20:23 INFO] Epoch 11/50  iter 100/743  loss=0.2005  lr=4.78e-05
[09:20:36 INFO] Epoch 11/50  iter 150/743  loss=0.1254  lr=4.78e-05
[09:20:50 INFO] Epoch 11/50  iter 200/743  loss=0.2519  lr=4.77e-05
[09:21:04 INFO] Epoch 11/50  iter 250/743  loss=0.0608  lr=4.76e-05
[09:21:17 INFO] Epoch 11/50  iter 300/743  loss=0.2075  lr=4.75e-05
[09:21:31 INFO] Epoch 11/50  iter 350/743  loss=0.1420  lr=4.74e-05
[09:21:44 INFO] Epoch 11/50  iter 400/743  loss=0.1781  lr=4.74e-05
[09:21:57 INFO] Epoch 11/50  iter 450/743  loss=0.2173  lr=4.73e-05
[09:22:11 INFO] Epoch 11/50  iter 500/743  loss=0.1658  lr=4.72e-05
[09:22:25 INFO] Epoch 11/50  iter 550/743  loss=1.3119  lr=4.71e-05
[09:22:38 INFO] Epoch 11/50  iter 600/743  loss=0.0772  lr=4.70e-05
[09:22:53 INFO] Epoch 11/50  iter 650/743  loss=0.0956  lr=4.69e-05
[09:23:06 INFO] Epoch 11/50  iter 700/743  loss=0.4701  lr=4.69e-05
[09:23:18 INFO] Epoch 11 complete — avg_loss=0.1961  time=203s
[09:23:33 INFO] Epoch 12/50  iter 50/743  loss=0.1462  lr=4.67e-05
[09:23:48 INFO] Epoch 12/50  iter 100/743  loss=0.1670  lr=4.66e-05
[09:24:01 INFO] Epoch 12/50  iter 150/743  loss=0.1622  lr=4.66e-05
[09:24:14 INFO] Epoch 12/50  iter 200/743  loss=0.1085  lr=4.65e-05
[09:24:28 INFO] Epoch 12/50  iter 250/743  loss=0.2115  lr=4.64e-05
[09:24:41 INFO] Epoch 12/50  iter 300/743  loss=0.1834  lr=4.63e-05
[09:24:55 INFO] Epoch 12/50  iter 350/743  loss=0.0696  lr=4.62e-05
[09:25:08 INFO] Epoch 12/50  iter 400/743  loss=0.1242  lr=4.62e-05
[09:25:21 INFO] Epoch 12/50  iter 450/743  loss=0.1122  lr=4.61e-05
[09:25:35 INFO] Epoch 12/50  iter 500/743  loss=0.1608  lr=4.60e-05
[09:25:48 INFO] Epoch 12/50  iter 550/743  loss=0.2417  lr=4.59e-05
[09:26:02 INFO] Epoch 12/50  iter 600/743  loss=0.1382  lr=4.58e-05
[09:26:15 INFO] Epoch 12/50  iter 650/743  loss=0.2691  lr=4.57e-05
[09:26:29 INFO] Epoch 12/50  iter 700/743  loss=0.1445  lr=4.57e-05
[09:26:40 INFO] Epoch 12 complete — avg_loss=0.1924  time=202s
[09:26:55 INFO] Epoch 13/50  iter 50/743  loss=0.1672  lr=4.55e-05
[09:27:08 INFO] Epoch 13/50  iter 100/743  loss=0.1739  lr=4.54e-05
[09:27:22 INFO] Epoch 13/50  iter 150/743  loss=0.1353  lr=4.54e-05
[09:27:35 INFO] Epoch 13/50  iter 200/743  loss=0.1508  lr=4.53e-05
[09:27:49 INFO] Epoch 13/50  iter 250/743  loss=0.1771  lr=4.52e-05
[09:28:02 INFO] Epoch 13/50  iter 300/743  loss=0.3609  lr=4.51e-05
[09:28:15 INFO] Epoch 13/50  iter 350/743  loss=0.1481  lr=4.50e-05
[09:28:29 INFO] Epoch 13/50  iter 400/743  loss=0.2833  lr=4.50e-05
[09:28:42 INFO] Epoch 13/50  iter 450/743  loss=0.2076  lr=4.49e-05
[09:28:56 INFO] Epoch 13/50  iter 500/743  loss=0.2073  lr=4.48e-05
[09:29:09 INFO] Epoch 13/50  iter 550/743  loss=0.1785  lr=4.47e-05
[09:29:23 INFO] Epoch 13/50  iter 600/743  loss=0.1054  lr=4.46e-05
[09:29:36 INFO] Epoch 13/50  iter 650/743  loss=0.1362  lr=4.45e-05
[09:29:50 INFO] Epoch 13/50  iter 700/743  loss=0.1330  lr=4.45e-05
[09:30:01 INFO] Epoch 13 complete — avg_loss=0.1777  time=200s
[09:30:16 INFO] Epoch 14/50  iter 50/743  loss=0.0741  lr=4.43e-05
[09:30:29 INFO] Epoch 14/50  iter 100/743  loss=0.1603  lr=4.42e-05
[09:30:43 INFO] Epoch 14/50  iter 150/743  loss=0.0739  lr=4.42e-05
[09:30:56 INFO] Epoch 14/50  iter 200/743  loss=0.1421  lr=4.41e-05
[09:31:10 INFO] Epoch 14/50  iter 250/743  loss=0.1497  lr=4.40e-05
[09:31:23 INFO] Epoch 14/50  iter 300/743  loss=0.2899  lr=4.39e-05
[09:31:37 INFO] Epoch 14/50  iter 350/743  loss=0.0872  lr=4.38e-05
[09:31:50 INFO] Epoch 14/50  iter 400/743  loss=0.1630  lr=4.38e-05
[09:32:03 INFO] Epoch 14/50  iter 450/743  loss=0.2210  lr=4.37e-05
[09:32:17 INFO] Epoch 14/50  iter 500/743  loss=0.1090  lr=4.36e-05
[09:32:30 INFO] Epoch 14/50  iter 550/743  loss=0.2255  lr=4.35e-05
[09:32:44 INFO] Epoch 14/50  iter 600/743  loss=0.0798  lr=4.34e-05
[09:32:57 INFO] Epoch 14/50  iter 650/743  loss=0.2310  lr=4.33e-05
[09:33:10 INFO] Epoch 14/50  iter 700/743  loss=0.1475  lr=4.33e-05
[09:33:22 INFO] Epoch 14 complete — avg_loss=0.1783  time=200s
[09:33:37 INFO] Epoch 15/50  iter 50/743  loss=0.1741  lr=4.31e-05
[09:33:51 INFO] Epoch 15/50  iter 100/743  loss=0.1412  lr=4.30e-05
[09:34:05 INFO] Epoch 15/50  iter 150/743  loss=0.1496  lr=4.30e-05
[09:34:19 INFO] Epoch 15/50  iter 200/743  loss=0.1506  lr=4.29e-05
[09:34:32 INFO] Epoch 15/50  iter 250/743  loss=0.2034  lr=4.28e-05
[09:34:46 INFO] Epoch 15/50  iter 300/743  loss=0.1568  lr=4.27e-05
[09:34:59 INFO] Epoch 15/50  iter 350/743  loss=0.1786  lr=4.26e-05
[09:35:12 INFO] Epoch 15/50  iter 400/743  loss=0.2564  lr=4.26e-05
[09:35:26 INFO] Epoch 15/50  iter 450/743  loss=0.2571  lr=4.25e-05
[09:35:39 INFO] Epoch 15/50  iter 500/743  loss=0.1883  lr=4.24e-05
[09:35:53 INFO] Epoch 15/50  iter 550/743  loss=0.0751  lr=4.23e-05
[09:36:06 INFO] Epoch 15/50  iter 600/743  loss=0.1921  lr=4.22e-05
[09:36:20 INFO] Epoch 15/50  iter 650/743  loss=0.0519  lr=4.21e-05
[09:36:33 INFO] Epoch 15/50  iter 700/743  loss=0.1547  lr=4.21e-05
[09:36:45 INFO] Epoch 15 complete — avg_loss=0.1673  time=202s
[09:38:50 INFO]   val mIoU = 0.7054
[09:38:50 INFO]   ★ New best val mIoU: 0.7054
[09:39:05 INFO] Epoch 16/50  iter 50/743  loss=0.1904  lr=4.19e-05
[09:39:19 INFO] Epoch 16/50  iter 100/743  loss=0.6884  lr=4.18e-05
[09:39:32 INFO] Epoch 16/50  iter 150/743  loss=0.1093  lr=4.18e-05
[09:39:45 INFO] Epoch 16/50  iter 200/743  loss=0.1348  lr=4.17e-05
[09:39:59 INFO] Epoch 16/50  iter 250/743  loss=0.2097  lr=4.16e-05
[09:40:12 INFO] Epoch 16/50  iter 300/743  loss=0.1590  lr=4.15e-05
[09:40:26 INFO] Epoch 16/50  iter 350/743  loss=0.2255  lr=4.14e-05
[09:40:39 INFO] Epoch 16/50  iter 400/743  loss=0.3202  lr=4.14e-05
[09:40:52 INFO] Epoch 16/50  iter 450/743  loss=0.0813  lr=4.13e-05
[09:41:06 INFO] Epoch 16/50  iter 500/743  loss=0.0517  lr=4.12e-05
[09:41:19 INFO] Epoch 16/50  iter 550/743  loss=0.1410  lr=4.11e-05
[09:41:33 INFO] Epoch 16/50  iter 600/743  loss=0.1654  lr=4.10e-05
[09:41:46 INFO] Epoch 16/50  iter 650/743  loss=0.1046  lr=4.09e-05
[09:41:59 INFO] Epoch 16/50  iter 700/743  loss=0.2639  lr=4.09e-05
[09:42:11 INFO] Epoch 16 complete — avg_loss=0.1803  time=200s
[09:42:26 INFO] Epoch 17/50  iter 50/743  loss=0.1192  lr=4.07e-05
[09:42:40 INFO] Epoch 17/50  iter 100/743  loss=0.1470  lr=4.06e-05
[09:42:53 INFO] Epoch 17/50  iter 150/743  loss=0.1128  lr=4.06e-05
[09:43:06 INFO] Epoch 17/50  iter 200/743  loss=0.2501  lr=4.05e-05
[09:43:20 INFO] Epoch 17/50  iter 250/743  loss=0.1576  lr=4.04e-05
[09:43:33 INFO] Epoch 17/50  iter 300/743  loss=0.0581  lr=4.03e-05
[09:43:47 INFO] Epoch 17/50  iter 350/743  loss=0.1181  lr=4.02e-05
[09:44:00 INFO] Epoch 17/50  iter 400/743  loss=0.0915  lr=4.02e-05
[09:44:13 INFO] Epoch 17/50  iter 450/743  loss=0.2207  lr=4.01e-05
[09:44:27 INFO] Epoch 17/50  iter 500/743  loss=0.1435  lr=4.00e-05
[09:44:40 INFO] Epoch 17/50  iter 550/743  loss=0.2052  lr=3.99e-05
[09:44:54 INFO] Epoch 17/50  iter 600/743  loss=0.1647  lr=3.98e-05
[09:45:07 INFO] Epoch 17/50  iter 650/743  loss=0.0535  lr=3.97e-05
[09:45:20 INFO] Epoch 17/50  iter 700/743  loss=0.2028  lr=3.97e-05
[09:45:32 INFO] Epoch 17 complete — avg_loss=0.1632  time=200s
[09:45:47 INFO] Epoch 18/50  iter 50/743  loss=0.1019  lr=3.95e-05
[09:46:00 INFO] Epoch 18/50  iter 100/743  loss=0.0875  lr=3.94e-05
[09:46:14 INFO] Epoch 18/50  iter 150/743  loss=0.1506  lr=3.94e-05
[09:46:27 INFO] Epoch 18/50  iter 200/743  loss=0.1050  lr=3.93e-05
[09:46:41 INFO] Epoch 18/50  iter 250/743  loss=0.1487  lr=3.92e-05
[09:46:55 INFO] Epoch 18/50  iter 300/743  loss=0.1449  lr=3.91e-05
[09:47:08 INFO] Epoch 18/50  iter 350/743  loss=0.1114  lr=3.90e-05
[09:47:21 INFO] Epoch 18/50  iter 400/743  loss=0.1358  lr=3.90e-05
[09:47:35 INFO] Epoch 18/50  iter 450/743  loss=0.1676  lr=3.89e-05
[09:47:48 INFO] Epoch 18/50  iter 500/743  loss=0.1668  lr=3.88e-05
[09:48:02 INFO] Epoch 18/50  iter 550/743  loss=0.1548  lr=3.87e-05
[09:48:15 INFO] Epoch 18/50  iter 600/743  loss=1.5618  lr=3.86e-05
[09:48:28 INFO] Epoch 18/50  iter 650/743  loss=0.2439  lr=3.85e-05
[09:48:42 INFO] Epoch 18/50  iter 700/743  loss=0.1931  lr=3.85e-05
[09:48:53 INFO] Epoch 18 complete — avg_loss=0.1659  time=201s
[09:49:08 INFO] Epoch 19/50  iter 50/743  loss=0.2685  lr=3.83e-05
[09:49:21 INFO] Epoch 19/50  iter 100/743  loss=0.6272  lr=3.82e-05
[09:49:35 INFO] Epoch 19/50  iter 150/743  loss=0.2125  lr=3.82e-05
[09:49:48 INFO] Epoch 19/50  iter 200/743  loss=0.1620  lr=3.81e-05
[09:50:01 INFO] Epoch 19/50  iter 250/743  loss=0.2072  lr=3.80e-05
[09:50:15 INFO] Epoch 19/50  iter 300/743  loss=0.0851  lr=3.79e-05
[09:50:28 INFO] Epoch 19/50  iter 350/743  loss=0.1698  lr=3.78e-05
[09:50:42 INFO] Epoch 19/50  iter 400/743  loss=0.3790  lr=3.78e-05
[09:50:55 INFO] Epoch 19/50  iter 450/743  loss=0.1703  lr=3.77e-05
[09:51:09 INFO] Epoch 19/50  iter 500/743  loss=0.1084  lr=3.76e-05
[09:51:22 INFO] Epoch 19/50  iter 550/743  loss=0.0712  lr=3.75e-05
[09:51:35 INFO] Epoch 19/50  iter 600/743  loss=0.1756  lr=3.74e-05
[09:51:49 INFO] Epoch 19/50  iter 650/743  loss=0.1734  lr=3.73e-05
[09:52:02 INFO] Epoch 19/50  iter 700/743  loss=0.1115  lr=3.73e-05
[09:52:15 INFO] Epoch 19 complete — avg_loss=0.1586  time=201s
[09:52:30 INFO] Epoch 20/50  iter 50/743  loss=0.1160  lr=3.71e-05
[09:52:43 INFO] Epoch 20/50  iter 100/743  loss=0.1164  lr=3.70e-05
[09:52:56 INFO] Epoch 20/50  iter 150/743  loss=0.0538  lr=3.70e-05
[09:53:10 INFO] Epoch 20/50  iter 200/743  loss=0.1341  lr=3.69e-05
[09:53:23 INFO] Epoch 20/50  iter 250/743  loss=0.1102  lr=3.68e-05
[09:53:37 INFO] Epoch 20/50  iter 300/743  loss=0.1166  lr=3.67e-05
[09:53:51 INFO] Epoch 20/50  iter 350/743  loss=0.1820  lr=3.66e-05
[09:54:05 INFO] Epoch 20/50  iter 400/743  loss=0.1743  lr=3.66e-05
[09:54:18 INFO] Epoch 20/50  iter 450/743  loss=0.1066  lr=3.65e-05
[09:54:32 INFO] Epoch 20/50  iter 500/743  loss=0.1301  lr=3.64e-05
[09:54:46 INFO] Epoch 20/50  iter 550/743  loss=0.1461  lr=3.63e-05
[09:54:59 INFO] Epoch 20/50  iter 600/743  loss=0.0981  lr=3.62e-05
[09:55:13 INFO] Epoch 20/50  iter 650/743  loss=0.0996  lr=3.61e-05
[09:55:26 INFO] Epoch 20/50  iter 700/743  loss=0.1506  lr=3.61e-05
[09:55:38 INFO] Epoch 20 complete — avg_loss=0.1579  time=202s
[09:57:39 INFO]   val mIoU = 0.7285
[09:57:40 INFO]   ★ New best val mIoU: 0.7285
[09:57:56 INFO] Epoch 21/50  iter 50/743  loss=0.0953  lr=3.59e-05
[09:58:09 INFO] Epoch 21/50  iter 100/743  loss=0.0844  lr=3.58e-05
[09:58:22 INFO] Epoch 21/50  iter 150/743  loss=0.4086  lr=3.58e-05
[09:58:36 INFO] Epoch 21/50  iter 200/743  loss=0.1332  lr=3.57e-05
[09:58:49 INFO] Epoch 21/50  iter 250/743  loss=0.1440  lr=3.56e-05
[09:59:03 INFO] Epoch 21/50  iter 300/743  loss=0.0478  lr=3.55e-05
[09:59:16 INFO] Epoch 21/50  iter 350/743  loss=0.0957  lr=3.54e-05
[09:59:29 INFO] Epoch 21/50  iter 400/743  loss=0.1177  lr=3.54e-05
[09:59:43 INFO] Epoch 21/50  iter 450/743  loss=0.2029  lr=3.53e-05
[09:59:56 INFO] Epoch 21/50  iter 500/743  loss=0.0507  lr=3.52e-05
[10:00:09 INFO] Epoch 21/50  iter 550/743  loss=0.1408  lr=3.51e-05
[10:00:24 INFO] Epoch 21/50  iter 600/743  loss=0.2450  lr=3.50e-05
[10:00:38 INFO] Epoch 21/50  iter 650/743  loss=0.3240  lr=3.49e-05
[10:00:52 INFO] Epoch 21/50  iter 700/743  loss=0.1000  lr=3.49e-05
[10:01:03 INFO] Epoch 21 complete — avg_loss=0.1532  time=203s
[10:01:18 INFO] Epoch 22/50  iter 50/743  loss=0.1398  lr=3.47e-05
[10:01:32 INFO] Epoch 22/50  iter 100/743  loss=0.2035  lr=3.46e-05
[10:01:46 INFO] Epoch 22/50  iter 150/743  loss=0.1393  lr=3.46e-05
[10:01:59 INFO] Epoch 22/50  iter 200/743  loss=0.1322  lr=3.45e-05
[10:02:13 INFO] Epoch 22/50  iter 250/743  loss=0.0423  lr=3.44e-05
[10:02:26 INFO] Epoch 22/50  iter 300/743  loss=0.0946  lr=3.43e-05
[10:02:40 INFO] Epoch 22/50  iter 350/743  loss=0.1082  lr=3.42e-05
[10:02:53 INFO] Epoch 22/50  iter 400/743  loss=0.1557  lr=3.42e-05
[10:03:07 INFO] Epoch 22/50  iter 450/743  loss=0.1380  lr=3.41e-05
[10:03:20 INFO] Epoch 22/50  iter 500/743  loss=0.0790  lr=3.40e-05
[10:03:33 INFO] Epoch 22/50  iter 550/743  loss=0.1367  lr=3.39e-05
[10:03:47 INFO] Epoch 22/50  iter 600/743  loss=0.1652  lr=3.38e-05
[10:04:00 INFO] Epoch 22/50  iter 650/743  loss=0.0942  lr=3.37e-05
[10:04:14 INFO] Epoch 22/50  iter 700/743  loss=0.1947  lr=3.37e-05
[10:04:26 INFO] Epoch 22 complete — avg_loss=0.1536  time=201s
[10:04:40 INFO] Epoch 23/50  iter 50/743  loss=0.0706  lr=3.35e-05
[10:04:53 INFO] Epoch 23/50  iter 100/743  loss=0.0954  lr=3.34e-05
[10:05:07 INFO] Epoch 23/50  iter 150/743  loss=0.0678  lr=3.34e-05
[10:05:20 INFO] Epoch 23/50  iter 200/743  loss=0.0989  lr=3.33e-05
[10:05:34 INFO] Epoch 23/50  iter 250/743  loss=0.1872  lr=3.32e-05
[10:05:47 INFO] Epoch 23/50  iter 300/743  loss=0.1841  lr=3.31e-05
[10:06:01 INFO] Epoch 23/50  iter 350/743  loss=0.0859  lr=3.30e-05
[10:06:14 INFO] Epoch 23/50  iter 400/743  loss=0.1481  lr=3.30e-05
[10:06:28 INFO] Epoch 23/50  iter 450/743  loss=0.0528  lr=3.29e-05
[10:06:41 INFO] Epoch 23/50  iter 500/743  loss=0.1707  lr=3.28e-05
[10:06:54 INFO] Epoch 23/50  iter 550/743  loss=0.0993  lr=3.27e-05
[10:07:08 INFO] Epoch 23/50  iter 600/743  loss=0.1007  lr=3.26e-05
[10:07:21 INFO] Epoch 23/50  iter 650/743  loss=0.1853  lr=3.25e-05
[10:07:35 INFO] Epoch 23/50  iter 700/743  loss=0.1343  lr=3.25e-05
[10:07:46 INFO] Epoch 23 complete — avg_loss=0.1502  time=200s
[10:08:01 INFO] Epoch 24/50  iter 50/743  loss=0.1123  lr=3.23e-05
[10:08:15 INFO] Epoch 24/50  iter 100/743  loss=0.0748  lr=3.22e-05
[10:08:28 INFO] Epoch 24/50  iter 150/743  loss=0.0977  lr=3.22e-05
[10:08:42 INFO] Epoch 24/50  iter 200/743  loss=0.1249  lr=3.21e-05
[10:08:55 INFO] Epoch 24/50  iter 250/743  loss=0.0936  lr=3.20e-05
[10:09:08 INFO] Epoch 24/50  iter 300/743  loss=0.0878  lr=3.19e-05
[10:09:22 INFO] Epoch 24/50  iter 350/743  loss=0.1289  lr=3.18e-05
[10:09:36 INFO] Epoch 24/50  iter 400/743  loss=0.1918  lr=3.18e-05
[10:09:50 INFO] Epoch 24/50  iter 450/743  loss=0.1790  lr=3.17e-05
[10:10:03 INFO] Epoch 24/50  iter 500/743  loss=0.0695  lr=3.16e-05
[10:10:16 INFO] Epoch 24/50  iter 550/743  loss=0.1335  lr=3.15e-05
[10:10:30 INFO] Epoch 24/50  iter 600/743  loss=0.1081  lr=3.14e-05
[10:10:44 INFO] Epoch 24/50  iter 650/743  loss=0.0757  lr=3.13e-05
[10:10:57 INFO] Epoch 24/50  iter 700/743  loss=0.1151  lr=3.13e-05
[10:11:09 INFO] Epoch 24 complete — avg_loss=0.1511  time=202s
[10:11:24 INFO] Epoch 25/50  iter 50/743  loss=0.0976  lr=3.11e-05
[10:11:37 INFO] Epoch 25/50  iter 100/743  loss=0.0944  lr=3.10e-05
[10:11:51 INFO] Epoch 25/50  iter 150/743  loss=0.1735  lr=3.10e-05
[10:12:04 INFO] Epoch 25/50  iter 200/743  loss=0.2133  lr=3.09e-05
[10:12:17 INFO] Epoch 25/50  iter 250/743  loss=0.1147  lr=3.08e-05
[10:12:31 INFO] Epoch 25/50  iter 300/743  loss=0.1448  lr=3.07e-05
[10:12:44 INFO] Epoch 25/50  iter 350/743  loss=0.0546  lr=3.06e-05
[10:12:58 INFO] Epoch 25/50  iter 400/743  loss=0.1482  lr=3.06e-05
[10:13:11 INFO] Epoch 25/50  iter 450/743  loss=0.0820  lr=3.05e-05
[10:13:24 INFO] Epoch 25/50  iter 500/743  loss=0.0828  lr=3.04e-05
[10:13:38 INFO] Epoch 25/50  iter 550/743  loss=0.0995  lr=3.03e-05
[10:13:51 INFO] Epoch 25/50  iter 600/743  loss=0.1560  lr=3.02e-05
[10:14:04 INFO] Epoch 25/50  iter 650/743  loss=0.1765  lr=3.01e-05
[10:14:18 INFO] Epoch 25/50  iter 700/743  loss=0.2016  lr=3.01e-05
[10:14:30 INFO] Epoch 25 complete — avg_loss=0.1441  time=200s
[10:16:33 INFO]   val mIoU = 0.7454
[10:16:34 INFO]   ★ New best val mIoU: 0.7454
[10:16:49 INFO] Epoch 26/50  iter 50/743  loss=0.2285  lr=2.99e-05
[10:17:03 INFO] Epoch 26/50  iter 100/743  loss=0.0810  lr=2.98e-05
[10:17:16 INFO] Epoch 26/50  iter 150/743  loss=0.0509  lr=2.98e-05
[10:17:29 INFO] Epoch 26/50  iter 200/743  loss=0.1834  lr=2.97e-05
[10:17:43 INFO] Epoch 26/50  iter 250/743  loss=0.1951  lr=2.96e-05
[10:17:56 INFO] Epoch 26/50  iter 300/743  loss=0.7214  lr=2.95e-05
[10:18:10 INFO] Epoch 26/50  iter 350/743  loss=0.1010  lr=2.94e-05
[10:18:23 INFO] Epoch 26/50  iter 400/743  loss=0.0587  lr=2.94e-05
[10:18:36 INFO] Epoch 26/50  iter 450/743  loss=0.1154  lr=2.93e-05
[10:18:50 INFO] Epoch 26/50  iter 500/743  loss=0.4113  lr=2.92e-05
[10:19:03 INFO] Epoch 26/50  iter 550/743  loss=0.0820  lr=2.91e-05
[10:19:17 INFO] Epoch 26/50  iter 600/743  loss=0.1328  lr=2.90e-05
[10:19:30 INFO] Epoch 26/50  iter 650/743  loss=0.1594  lr=2.89e-05
[10:19:43 INFO] Epoch 26/50  iter 700/743  loss=0.2024  lr=2.89e-05
[10:19:55 INFO] Epoch 26 complete — avg_loss=0.1463  time=200s
[10:20:10 INFO] Epoch 27/50  iter 50/743  loss=0.0589  lr=2.87e-05
[10:20:23 INFO] Epoch 27/50  iter 100/743  loss=0.1680  lr=2.86e-05
[10:20:37 INFO] Epoch 27/50  iter 150/743  loss=0.1322  lr=2.86e-05
[10:20:51 INFO] Epoch 27/50  iter 200/743  loss=0.1798  lr=2.85e-05
[10:21:04 INFO] Epoch 27/50  iter 250/743  loss=0.1135  lr=2.84e-05
[10:21:18 INFO] Epoch 27/50  iter 300/743  loss=0.0809  lr=2.83e-05
[10:21:31 INFO] Epoch 27/50  iter 350/743  loss=0.1107  lr=2.82e-05
[10:21:44 INFO] Epoch 27/50  iter 400/743  loss=0.0904  lr=2.82e-05
[10:21:58 INFO] Epoch 27/50  iter 450/743  loss=0.1274  lr=2.81e-05
[10:22:11 INFO] Epoch 27/50  iter 500/743  loss=0.2156  lr=2.80e-05
[10:22:25 INFO] Epoch 27/50  iter 550/743  loss=0.1957  lr=2.79e-05
[10:22:38 INFO] Epoch 27/50  iter 600/743  loss=0.0767  lr=2.78e-05
[10:22:51 INFO] Epoch 27/50  iter 650/743  loss=0.1439  lr=2.77e-05
[10:23:05 INFO] Epoch 27/50  iter 700/743  loss=0.1128  lr=2.77e-05
[10:23:16 INFO] Epoch 27 complete — avg_loss=0.1428  time=201s
[10:23:32 INFO] Epoch 28/50  iter 50/743  loss=0.0656  lr=2.75e-05
[10:23:45 INFO] Epoch 28/50  iter 100/743  loss=0.0710  lr=2.74e-05
[10:23:59 INFO] Epoch 28/50  iter 150/743  loss=0.0811  lr=2.74e-05
[10:24:12 INFO] Epoch 28/50  iter 200/743  loss=0.1138  lr=2.73e-05
[10:24:25 INFO] Epoch 28/50  iter 250/743  loss=0.1617  lr=2.72e-05
[10:24:39 INFO] Epoch 28/50  iter 300/743  loss=0.1312  lr=2.71e-05
[10:24:52 INFO] Epoch 28/50  iter 350/743  loss=0.1241  lr=2.70e-05
[10:25:06 INFO] Epoch 28/50  iter 400/743  loss=0.1273  lr=2.70e-05
[10:25:19 INFO] Epoch 28/50  iter 450/743  loss=0.1500  lr=2.69e-05
[10:25:32 INFO] Epoch 28/50  iter 500/743  loss=0.2124  lr=2.68e-05
[10:25:46 INFO] Epoch 28/50  iter 550/743  loss=0.1197  lr=2.67e-05
[10:25:59 INFO] Epoch 28/50  iter 600/743  loss=0.1326  lr=2.66e-05
[10:26:13 INFO] Epoch 28/50  iter 650/743  loss=0.0939  lr=2.65e-05
[10:26:26 INFO] Epoch 28/50  iter 700/743  loss=0.1448  lr=2.65e-05
[10:26:38 INFO] Epoch 28 complete — avg_loss=0.1399  time=201s
[10:26:52 INFO] Epoch 29/50  iter 50/743  loss=0.0901  lr=2.63e-05
[10:27:05 INFO] Epoch 29/50  iter 100/743  loss=0.0832  lr=2.62e-05
[10:27:19 INFO] Epoch 29/50  iter 150/743  loss=0.0919  lr=2.62e-05
[10:27:32 INFO] Epoch 29/50  iter 200/743  loss=0.1945  lr=2.61e-05
[10:27:46 INFO] Epoch 29/50  iter 250/743  loss=0.1060  lr=2.60e-05
[10:27:59 INFO] Epoch 29/50  iter 300/743  loss=0.1227  lr=2.59e-05
[10:28:12 INFO] Epoch 29/50  iter 350/743  loss=0.1922  lr=2.58e-05
[10:28:26 INFO] Epoch 29/50  iter 400/743  loss=0.0767  lr=2.58e-05
[10:28:39 INFO] Epoch 29/50  iter 450/743  loss=0.2310  lr=2.57e-05
[10:28:52 INFO] Epoch 29/50  iter 500/743  loss=0.1295  lr=2.56e-05
[10:29:06 INFO] Epoch 29/50  iter 550/743  loss=0.0475  lr=2.55e-05
[10:29:19 INFO] Epoch 29/50  iter 600/743  loss=0.0983  lr=2.54e-05
[10:29:33 INFO] Epoch 29/50  iter 650/743  loss=0.0777  lr=2.53e-05
[10:29:46 INFO] Epoch 29/50  iter 700/743  loss=0.1442  lr=2.53e-05
[10:29:58 INFO] Epoch 29 complete — avg_loss=0.1443  time=200s
[10:30:13 INFO] Epoch 30/50  iter 50/743  loss=0.1890  lr=2.51e-05
[10:30:26 INFO] Epoch 30/50  iter 100/743  loss=0.0534  lr=2.50e-05
[10:30:39 INFO] Epoch 30/50  iter 150/743  loss=0.0830  lr=2.50e-05
[10:30:53 INFO] Epoch 30/50  iter 200/743  loss=0.1290  lr=2.49e-05
[10:31:07 INFO] Epoch 30/50  iter 250/743  loss=0.0241  lr=2.48e-05
[10:31:20 INFO] Epoch 30/50  iter 300/743  loss=0.1282  lr=2.47e-05
[10:31:33 INFO] Epoch 30/50  iter 350/743  loss=0.1354  lr=2.46e-05
[10:31:47 INFO] Epoch 30/50  iter 400/743  loss=0.1502  lr=2.46e-05
[10:32:01 INFO] Epoch 30/50  iter 450/743  loss=0.1252  lr=2.45e-05
[10:32:14 INFO] Epoch 30/50  iter 500/743  loss=0.1413  lr=2.44e-05
[10:32:27 INFO] Epoch 30/50  iter 550/743  loss=0.0736  lr=2.43e-05
[10:32:41 INFO] Epoch 30/50  iter 600/743  loss=0.0962  lr=2.42e-05
[10:32:54 INFO] Epoch 30/50  iter 650/743  loss=0.0697  lr=2.41e-05
[10:33:08 INFO] Epoch 30/50  iter 700/743  loss=0.0478  lr=2.41e-05
[10:33:19 INFO] Epoch 30 complete — avg_loss=0.1318  time=201s
[10:35:21 INFO]   val mIoU = 0.7556
[10:35:22 INFO]   ★ New best val mIoU: 0.7556
[10:35:37 INFO] Epoch 31/50  iter 50/743  loss=0.1327  lr=2.39e-05
[10:35:50 INFO] Epoch 31/50  iter 100/743  loss=0.0843  lr=2.38e-05
[10:36:04 INFO] Epoch 31/50  iter 150/743  loss=0.2103  lr=2.38e-05
[10:36:18 INFO] Epoch 31/50  iter 200/743  loss=0.0464  lr=2.37e-05
[10:36:31 INFO] Epoch 31/50  iter 250/743  loss=0.0741  lr=2.36e-05
[10:36:45 INFO] Epoch 31/50  iter 300/743  loss=0.0962  lr=2.35e-05
[10:36:58 INFO] Epoch 31/50  iter 350/743  loss=0.1919  lr=2.34e-05
[10:37:12 INFO] Epoch 31/50  iter 400/743  loss=0.1229  lr=2.34e-05
[10:37:25 INFO] Epoch 31/50  iter 450/743  loss=0.1120  lr=2.33e-05
[10:37:38 INFO] Epoch 31/50  iter 500/743  loss=0.0945  lr=2.32e-05
[10:37:52 INFO] Epoch 31/50  iter 550/743  loss=0.3034  lr=2.31e-05
[10:38:05 INFO] Epoch 31/50  iter 600/743  loss=0.1332  lr=2.30e-05
[10:38:19 INFO] Epoch 31/50  iter 650/743  loss=0.1262  lr=2.29e-05
[10:38:32 INFO] Epoch 31/50  iter 700/743  loss=0.1536  lr=2.29e-05
[10:38:44 INFO] Epoch 31 complete — avg_loss=0.1338  time=201s
[10:38:58 INFO] Epoch 32/50  iter 50/743  loss=0.1057  lr=2.27e-05
[10:39:12 INFO] Epoch 32/50  iter 100/743  loss=0.1127  lr=2.26e-05
[10:39:25 INFO] Epoch 32/50  iter 150/743  loss=0.1230  lr=2.26e-05
[10:39:39 INFO] Epoch 32/50  iter 200/743  loss=0.0485  lr=2.25e-05
[10:39:52 INFO] Epoch 32/50  iter 250/743  loss=0.2092  lr=2.24e-05
[10:40:06 INFO] Epoch 32/50  iter 300/743  loss=0.1006  lr=2.23e-05
[10:40:19 INFO] Epoch 32/50  iter 350/743  loss=0.0091  lr=2.22e-05
[10:40:33 INFO] Epoch 32/50  iter 400/743  loss=0.1554  lr=2.22e-05
[10:40:46 INFO] Epoch 32/50  iter 450/743  loss=0.2203  lr=2.21e-05
[10:40:59 INFO] Epoch 32/50  iter 500/743  loss=0.1422  lr=2.20e-05
[10:41:13 INFO] Epoch 32/50  iter 550/743  loss=0.1069  lr=2.19e-05
[10:41:26 INFO] Epoch 32/50  iter 600/743  loss=0.0855  lr=2.18e-05
[10:41:40 INFO] Epoch 32/50  iter 650/743  loss=0.0549  lr=2.17e-05
[10:41:53 INFO] Epoch 32/50  iter 700/743  loss=0.0346  lr=2.17e-05
[10:42:05 INFO] Epoch 32 complete — avg_loss=0.1371  time=200s
[10:42:20 INFO] Epoch 33/50  iter 50/743  loss=0.1765  lr=2.15e-05
[10:42:34 INFO] Epoch 33/50  iter 100/743  loss=0.1155  lr=2.14e-05
[10:42:47 INFO] Epoch 33/50  iter 150/743  loss=0.0707  lr=2.14e-05
[10:43:00 INFO] Epoch 33/50  iter 200/743  loss=0.1147  lr=2.13e-05
[10:43:14 INFO] Epoch 33/50  iter 250/743  loss=0.1166  lr=2.12e-05
[10:43:27 INFO] Epoch 33/50  iter 300/743  loss=0.1080  lr=2.11e-05
[10:43:41 INFO] Epoch 33/50  iter 350/743  loss=0.1171  lr=2.10e-05
[10:43:54 INFO] Epoch 33/50  iter 400/743  loss=0.1685  lr=2.10e-05
[10:44:07 INFO] Epoch 33/50  iter 450/743  loss=0.4212  lr=2.09e-05
[10:44:21 INFO] Epoch 33/50  iter 500/743  loss=0.0505  lr=2.08e-05
[10:44:34 INFO] Epoch 33/50  iter 550/743  loss=0.1607  lr=2.07e-05
[10:44:48 INFO] Epoch 33/50  iter 600/743  loss=0.0720  lr=2.06e-05
[10:45:01 INFO] Epoch 33/50  iter 650/743  loss=0.1294  lr=2.05e-05
[10:45:14 INFO] Epoch 33/50  iter 700/743  loss=0.1503  lr=2.05e-05
[10:45:26 INFO] Epoch 33 complete — avg_loss=0.1357  time=201s
[10:45:41 INFO] Epoch 34/50  iter 50/743  loss=0.0908  lr=2.03e-05
[10:45:55 INFO] Epoch 34/50  iter 100/743  loss=0.0302  lr=2.02e-05
[10:46:08 INFO] Epoch 34/50  iter 150/743  loss=0.1438  lr=2.02e-05
[10:46:21 INFO] Epoch 34/50  iter 200/743  loss=0.1213  lr=2.01e-05
[10:46:35 INFO] Epoch 34/50  iter 250/743  loss=0.1290  lr=2.00e-05
[10:46:48 INFO] Epoch 34/50  iter 300/743  loss=0.3384  lr=1.99e-05
[10:47:01 INFO] Epoch 34/50  iter 350/743  loss=0.1113  lr=1.98e-05
[10:47:15 INFO] Epoch 34/50  iter 400/743  loss=0.1080  lr=1.98e-05
[10:47:28 INFO] Epoch 34/50  iter 450/743  loss=0.0694  lr=1.97e-05
[10:47:42 INFO] Epoch 34/50  iter 500/743  loss=0.1011  lr=1.96e-05
[10:47:55 INFO] Epoch 34/50  iter 550/743  loss=0.0772  lr=1.95e-05
[10:48:09 INFO] Epoch 34/50  iter 600/743  loss=0.2513  lr=1.94e-05
[10:48:22 INFO] Epoch 34/50  iter 650/743  loss=0.0830  lr=1.93e-05
[10:48:35 INFO] Epoch 34/50  iter 700/743  loss=0.2789  lr=1.93e-05
[10:48:47 INFO] Epoch 34 complete — avg_loss=0.1356  time=200s
[10:49:01 INFO] Epoch 35/50  iter 50/743  loss=0.2023  lr=1.91e-05
[10:49:15 INFO] Epoch 35/50  iter 100/743  loss=0.1779  lr=1.90e-05
[10:49:28 INFO] Epoch 35/50  iter 150/743  loss=0.1560  lr=1.90e-05
[10:49:42 INFO] Epoch 35/50  iter 200/743  loss=0.1663  lr=1.89e-05
[10:49:55 INFO] Epoch 35/50  iter 250/743  loss=0.0855  lr=1.88e-05
[10:50:09 INFO] Epoch 35/50  iter 300/743  loss=0.1833  lr=1.87e-05
[10:50:22 INFO] Epoch 35/50  iter 350/743  loss=0.1724  lr=1.86e-05
[10:50:35 INFO] Epoch 35/50  iter 400/743  loss=0.1118  lr=1.86e-05
[10:50:49 INFO] Epoch 35/50  iter 450/743  loss=0.1442  lr=1.85e-05
[10:51:02 INFO] Epoch 35/50  iter 500/743  loss=0.2187  lr=1.84e-05
[10:51:16 INFO] Epoch 35/50  iter 550/743  loss=0.1597  lr=1.83e-05
[10:51:30 INFO] Epoch 35/50  iter 600/743  loss=0.0757  lr=1.82e-05
[10:51:43 INFO] Epoch 35/50  iter 650/743  loss=0.0726  lr=1.81e-05
[10:51:57 INFO] Epoch 35/50  iter 700/743  loss=0.1234  lr=1.81e-05
[10:52:08 INFO] Epoch 35 complete — avg_loss=0.1269  time=201s
[10:54:14 INFO]   val mIoU = 0.7580
[10:54:14 INFO]   ★ New best val mIoU: 0.7580
[10:54:41 INFO] Epoch 36/50  iter 50/743  loss=0.0719  lr=1.79e-05
[10:55:06 INFO] Epoch 36/50  iter 100/743  loss=0.1585  lr=1.78e-05
[10:55:31 INFO] Epoch 36/50  iter 150/743  loss=0.1449  lr=1.78e-05
[10:55:56 INFO] Epoch 36/50  iter 200/743  loss=0.1074  lr=1.77e-05
[10:56:21 INFO] Epoch 36/50  iter 250/743  loss=0.1052  lr=1.76e-05
[10:56:46 INFO] Epoch 36/50  iter 300/743  loss=0.1004  lr=1.75e-05
[10:57:11 INFO] Epoch 36/50  iter 350/743  loss=0.0564  lr=1.74e-05
[10:57:36 INFO] Epoch 36/50  iter 400/743  loss=0.2220  lr=1.74e-05
[10:58:01 INFO] Epoch 36/50  iter 450/743  loss=0.1729  lr=1.73e-05
[10:58:26 INFO] Epoch 36/50  iter 500/743  loss=0.0701  lr=1.72e-05
[10:58:51 INFO] Epoch 36/50  iter 550/743  loss=0.1004  lr=1.71e-05
[10:59:16 INFO] Epoch 36/50  iter 600/743  loss=0.0837  lr=1.70e-05
[10:59:41 INFO] Epoch 36/50  iter 650/743  loss=0.0989  lr=1.69e-05
[11:00:06 INFO] Epoch 36/50  iter 700/743  loss=0.3558  lr=1.69e-05
[11:00:28 INFO] Epoch 36 complete — avg_loss=0.1301  time=373s
[11:00:53 INFO] Epoch 37/50  iter 50/743  loss=0.0398  lr=1.67e-05
[11:01:19 INFO] Epoch 37/50  iter 100/743  loss=0.1818  lr=1.66e-05
[11:01:43 INFO] Epoch 37/50  iter 150/743  loss=0.0775  lr=1.66e-05
[11:02:09 INFO] Epoch 37/50  iter 200/743  loss=0.2385  lr=1.65e-05
[11:02:33 INFO] Epoch 37/50  iter 250/743  loss=0.0486  lr=1.64e-05
[11:02:59 INFO] Epoch 37/50  iter 300/743  loss=0.1245  lr=1.63e-05
[11:03:23 INFO] Epoch 37/50  iter 350/743  loss=0.0711  lr=1.62e-05
[11:03:48 INFO] Epoch 37/50  iter 400/743  loss=0.3265  lr=1.62e-05
[11:04:13 INFO] Epoch 37/50  iter 450/743  loss=0.1813  lr=1.61e-05
[11:04:38 INFO] Epoch 37/50  iter 500/743  loss=0.1286  lr=1.60e-05
[11:05:03 INFO] Epoch 37/50  iter 550/743  loss=0.1571  lr=1.59e-05
[11:05:27 INFO] Epoch 37/50  iter 600/743  loss=0.1180  lr=1.58e-05
[11:05:52 INFO] Epoch 37/50  iter 650/743  loss=0.1164  lr=1.57e-05
[11:06:17 INFO] Epoch 37/50  iter 700/743  loss=0.1207  lr=1.57e-05
[11:06:38 INFO] Epoch 37 complete — avg_loss=0.1237  time=370s
[11:07:04 INFO] Epoch 38/50  iter 50/743  loss=0.1316  lr=1.55e-05
[11:07:29 INFO] Epoch 38/50  iter 100/743  loss=0.0851  lr=1.54e-05
[11:07:54 INFO] Epoch 38/50  iter 150/743  loss=0.0840  lr=1.54e-05
[11:08:18 INFO] Epoch 38/50  iter 200/743  loss=0.0203  lr=1.53e-05
[11:08:43 INFO] Epoch 38/50  iter 250/743  loss=0.0898  lr=1.52e-05
[11:09:08 INFO] Epoch 38/50  iter 300/743  loss=0.1042  lr=1.51e-05
[11:09:33 INFO] Epoch 38/50  iter 350/743  loss=0.1155  lr=1.50e-05
[11:09:57 INFO] Epoch 38/50  iter 400/743  loss=0.1180  lr=1.50e-05
[11:10:22 INFO] Epoch 38/50  iter 450/743  loss=0.0927  lr=1.49e-05
[11:10:47 INFO] Epoch 38/50  iter 500/743  loss=0.1587  lr=1.48e-05
[11:11:12 INFO] Epoch 38/50  iter 550/743  loss=0.1712  lr=1.47e-05
[11:11:36 INFO] Epoch 38/50  iter 600/743  loss=0.2123  lr=1.46e-05
[11:12:01 INFO] Epoch 38/50  iter 650/743  loss=0.0455  lr=1.45e-05
[11:12:26 INFO] Epoch 38/50  iter 700/743  loss=0.1547  lr=1.45e-05
[11:12:47 INFO] Epoch 38 complete — avg_loss=0.1217  time=369s
[11:13:13 INFO] Epoch 39/50  iter 50/743  loss=0.1041  lr=1.43e-05
[11:13:38 INFO] Epoch 39/50  iter 100/743  loss=0.1431  lr=1.42e-05
[11:14:03 INFO] Epoch 39/50  iter 150/743  loss=0.1178  lr=1.42e-05
[11:14:28 INFO] Epoch 39/50  iter 200/743  loss=0.2208  lr=1.41e-05
[11:14:53 INFO] Epoch 39/50  iter 250/743  loss=0.1306  lr=1.40e-05
[11:15:18 INFO] Epoch 39/50  iter 300/743  loss=0.0865  lr=1.39e-05
[11:15:43 INFO] Epoch 39/50  iter 350/743  loss=0.0886  lr=1.38e-05
[11:16:08 INFO] Epoch 39/50  iter 400/743  loss=0.1481  lr=1.38e-05
[11:16:32 INFO] Epoch 39/50  iter 450/743  loss=0.1713  lr=1.37e-05
[11:16:58 INFO] Epoch 39/50  iter 500/743  loss=0.1037  lr=1.36e-05
[11:17:23 INFO] Epoch 39/50  iter 550/743  loss=0.3253  lr=1.35e-05
[11:17:47 INFO] Epoch 39/50  iter 600/743  loss=0.1160  lr=1.34e-05
[11:18:13 INFO] Epoch 39/50  iter 650/743  loss=0.0787  lr=1.33e-05
[11:18:37 INFO] Epoch 39/50  iter 700/743  loss=0.1068  lr=1.33e-05
[11:18:59 INFO] Epoch 39 complete — avg_loss=0.1290  time=371s
[11:19:25 INFO] Epoch 40/50  iter 50/743  loss=0.1838  lr=1.31e-05
[11:19:50 INFO] Epoch 40/50  iter 100/743  loss=0.1782  lr=1.30e-05
[11:20:15 INFO] Epoch 40/50  iter 150/743  loss=0.1267  lr=1.30e-05
[11:20:41 INFO] Epoch 40/50  iter 200/743  loss=0.1274  lr=1.29e-05
[11:21:05 INFO] Epoch 40/50  iter 250/743  loss=0.0837  lr=1.28e-05
[11:21:30 INFO] Epoch 40/50  iter 300/743  loss=0.1200  lr=1.27e-05
[11:21:55 INFO] Epoch 40/50  iter 350/743  loss=0.1526  lr=1.26e-05
[11:22:20 INFO] Epoch 40/50  iter 400/743  loss=0.1567  lr=1.26e-05
[11:22:45 INFO] Epoch 40/50  iter 450/743  loss=0.1163  lr=1.25e-05
[11:23:10 INFO] Epoch 40/50  iter 500/743  loss=0.1411  lr=1.24e-05
[11:23:35 INFO] Epoch 40/50  iter 550/743  loss=0.0881  lr=1.23e-05
[11:24:00 INFO] Epoch 40/50  iter 600/743  loss=0.1734  lr=1.22e-05
[11:24:24 INFO] Epoch 40/50  iter 650/743  loss=0.0838  lr=1.21e-05
[11:24:49 INFO] Epoch 40/50  iter 700/743  loss=0.1397  lr=1.21e-05
[11:25:10 INFO] Epoch 40 complete — avg_loss=0.1229  time=370s
[11:28:37 INFO]   val mIoU = 0.7732
[11:28:38 INFO]   ★ New best val mIoU: 0.7732
[11:29:05 INFO] Epoch 41/50  iter 50/743  loss=0.1900  lr=1.19e-05
[11:29:30 INFO] Epoch 41/50  iter 100/743  loss=0.1859  lr=1.18e-05
[11:29:55 INFO] Epoch 41/50  iter 150/743  loss=0.1073  lr=1.18e-05
[11:30:20 INFO] Epoch 41/50  iter 200/743  loss=0.1360  lr=1.17e-05
[11:30:45 INFO] Epoch 41/50  iter 250/743  loss=0.0511  lr=1.16e-05
[11:31:10 INFO] Epoch 41/50  iter 300/743  loss=0.0884  lr=1.15e-05
[11:31:35 INFO] Epoch 41/50  iter 350/743  loss=0.0719  lr=1.14e-05
[11:32:00 INFO] Epoch 41/50  iter 400/743  loss=0.2869  lr=1.14e-05
[11:32:25 INFO] Epoch 41/50  iter 450/743  loss=0.1762  lr=1.13e-05
[11:32:50 INFO] Epoch 41/50  iter 500/743  loss=0.1129  lr=1.12e-05
[11:33:15 INFO] Epoch 41/50  iter 550/743  loss=0.1146  lr=1.11e-05
[11:33:40 INFO] Epoch 41/50  iter 600/743  loss=0.2242  lr=1.10e-05
[11:34:05 INFO] Epoch 41/50  iter 650/743  loss=0.1140  lr=1.09e-05
[11:34:30 INFO] Epoch 41/50  iter 700/743  loss=0.1673  lr=1.09e-05
[11:34:51 INFO] Epoch 41 complete — avg_loss=0.1225  time=372s
[11:35:17 INFO] Epoch 42/50  iter 50/743  loss=0.3012  lr=1.07e-05
[11:35:42 INFO] Epoch 42/50  iter 100/743  loss=0.0617  lr=1.06e-05
[11:36:07 INFO] Epoch 42/50  iter 150/743  loss=0.1857  lr=1.06e-05
[11:36:32 INFO] Epoch 42/50  iter 200/743  loss=0.1125  lr=1.05e-05
[11:36:56 INFO] Epoch 42/50  iter 250/743  loss=0.1105  lr=1.04e-05
[11:37:21 INFO] Epoch 42/50  iter 300/743  loss=0.1922  lr=1.03e-05
[11:37:46 INFO] Epoch 42/50  iter 350/743  loss=0.1195  lr=1.02e-05
[11:38:11 INFO] Epoch 42/50  iter 400/743  loss=0.0824  lr=1.02e-05
[11:38:36 INFO] Epoch 42/50  iter 450/743  loss=0.1005  lr=1.01e-05
[11:39:00 INFO] Epoch 42/50  iter 500/743  loss=0.0743  lr=9.99e-06
[11:39:25 INFO] Epoch 42/50  iter 550/743  loss=0.1201  lr=9.91e-06
[11:39:50 INFO] Epoch 42/50  iter 600/743  loss=0.0752  lr=9.83e-06
[11:40:15 INFO] Epoch 42/50  iter 650/743  loss=0.0998  lr=9.75e-06
[11:40:39 INFO] Epoch 42/50  iter 700/743  loss=0.1319  lr=9.67e-06
[11:41:01 INFO] Epoch 42 complete — avg_loss=0.1220  time=369s
[11:41:28 INFO] Epoch 43/50  iter 50/743  loss=0.1452  lr=9.52e-06
[11:41:52 INFO] Epoch 43/50  iter 100/743  loss=0.1442  lr=9.44e-06
[11:42:17 INFO] Epoch 43/50  iter 150/743  loss=0.1293  lr=9.36e-06
[11:42:42 INFO] Epoch 43/50  iter 200/743  loss=0.0967  lr=9.28e-06
[11:43:07 INFO] Epoch 43/50  iter 250/743  loss=0.3259  lr=9.19e-06
[11:43:31 INFO] Epoch 43/50  iter 300/743  loss=0.0991  lr=9.11e-06
[11:43:56 INFO] Epoch 43/50  iter 350/743  loss=0.1043  lr=9.03e-06
[11:44:21 INFO] Epoch 43/50  iter 400/743  loss=0.1565  lr=8.95e-06
[11:44:46 INFO] Epoch 43/50  iter 450/743  loss=0.1469  lr=8.87e-06
[11:45:10 INFO] Epoch 43/50  iter 500/743  loss=0.1198  lr=8.79e-06
[11:45:35 INFO] Epoch 43/50  iter 550/743  loss=0.0933  lr=8.71e-06
[11:46:00 INFO] Epoch 43/50  iter 600/743  loss=0.1157  lr=8.63e-06
[11:46:25 INFO] Epoch 43/50  iter 650/743  loss=0.0734  lr=8.55e-06
[11:46:50 INFO] Epoch 43/50  iter 700/743  loss=0.1113  lr=8.47e-06
[11:47:12 INFO] Epoch 43 complete — avg_loss=0.1218  time=371s
[11:47:39 INFO] Epoch 44/50  iter 50/743  loss=0.0154  lr=8.32e-06
[11:48:04 INFO] Epoch 44/50  iter 100/743  loss=0.0677  lr=8.24e-06
[11:48:29 INFO] Epoch 44/50  iter 150/743  loss=0.0869  lr=8.16e-06
[11:48:54 INFO] Epoch 44/50  iter 200/743  loss=0.0711  lr=8.08e-06
[11:49:19 INFO] Epoch 44/50  iter 250/743  loss=0.0435  lr=7.99e-06
[11:49:43 INFO] Epoch 44/50  iter 300/743  loss=0.2230  lr=7.91e-06
[11:50:08 INFO] Epoch 44/50  iter 350/743  loss=0.1397  lr=7.83e-06
[11:50:33 INFO] Epoch 44/50  iter 400/743  loss=0.1846  lr=7.75e-06
[11:50:58 INFO] Epoch 44/50  iter 450/743  loss=0.1130  lr=7.67e-06
[11:51:23 INFO] Epoch 44/50  iter 500/743  loss=0.1146  lr=7.59e-06
[11:51:48 INFO] Epoch 44/50  iter 550/743  loss=0.0868  lr=7.51e-06
[11:52:13 INFO] Epoch 44/50  iter 600/743  loss=0.1548  lr=7.43e-06
[11:52:38 INFO] Epoch 44/50  iter 650/743  loss=0.0723  lr=7.35e-06
[11:53:02 INFO] Epoch 44/50  iter 700/743  loss=0.1247  lr=7.27e-06
[11:53:24 INFO] Epoch 44 complete — avg_loss=0.1229  time=371s
[11:53:50 INFO] Epoch 45/50  iter 50/743  loss=0.1000  lr=7.12e-06
[11:54:15 INFO] Epoch 45/50  iter 100/743  loss=0.0621  lr=7.04e-06
[11:54:40 INFO] Epoch 45/50  iter 150/743  loss=0.1633  lr=6.96e-06
[11:55:05 INFO] Epoch 45/50  iter 200/743  loss=0.1012  lr=6.88e-06
[11:55:30 INFO] Epoch 45/50  iter 250/743  loss=0.1201  lr=6.79e-06
[11:55:55 INFO] Epoch 45/50  iter 300/743  loss=0.0876  lr=6.71e-06
[11:56:20 INFO] Epoch 45/50  iter 350/743  loss=0.0945  lr=6.63e-06
[11:56:45 INFO] Epoch 45/50  iter 400/743  loss=0.0149  lr=6.55e-06
[11:57:09 INFO] Epoch 45/50  iter 450/743  loss=0.1200  lr=6.47e-06
[11:57:34 INFO] Epoch 45/50  iter 500/743  loss=0.1198  lr=6.39e-06
[11:57:59 INFO] Epoch 45/50  iter 550/743  loss=0.1033  lr=6.31e-06
[11:58:24 INFO] Epoch 45/50  iter 600/743  loss=0.0331  lr=6.23e-06
[11:58:49 INFO] Epoch 45/50  iter 650/743  loss=0.1330  lr=6.15e-06
[11:59:14 INFO] Epoch 45/50  iter 700/743  loss=0.0526  lr=6.07e-06
[11:59:35 INFO] Epoch 45 complete — avg_loss=0.1251  time=370s
[12:03:05 INFO]   val mIoU = 0.7724
[12:03:32 INFO] Epoch 46/50  iter 50/743  loss=0.1578  lr=5.92e-06
[12:03:56 INFO] Epoch 46/50  iter 100/743  loss=0.0978  lr=5.84e-06
[12:04:21 INFO] Epoch 46/50  iter 150/743  loss=0.1902  lr=5.76e-06
[12:04:46 INFO] Epoch 46/50  iter 200/743  loss=0.0813  lr=5.68e-06
[12:05:11 INFO] Epoch 46/50  iter 250/743  loss=0.1216  lr=5.59e-06
[12:05:36 INFO] Epoch 46/50  iter 300/743  loss=0.2023  lr=5.51e-06
[12:06:01 INFO] Epoch 46/50  iter 350/743  loss=0.0865  lr=5.43e-06
[12:06:26 INFO] Epoch 46/50  iter 400/743  loss=0.2071  lr=5.35e-06
[12:06:51 INFO] Epoch 46/50  iter 450/743  loss=0.0685  lr=5.27e-06
[12:07:15 INFO] Epoch 46/50  iter 500/743  loss=0.0386  lr=5.19e-06
[12:07:40 INFO] Epoch 46/50  iter 550/743  loss=0.0441  lr=5.11e-06
[12:08:05 INFO] Epoch 46/50  iter 600/743  loss=0.1032  lr=5.03e-06
[12:08:30 INFO] Epoch 46/50  iter 650/743  loss=0.1074  lr=4.95e-06
[12:08:55 INFO] Epoch 46/50  iter 700/743  loss=0.0614  lr=4.87e-06
[12:09:16 INFO] Epoch 46 complete — avg_loss=0.1220  time=371s
[12:09:44 INFO] Epoch 47/50  iter 50/743  loss=0.0565  lr=4.72e-06
[12:10:09 INFO] Epoch 47/50  iter 100/743  loss=0.1063  lr=4.64e-06
[12:10:34 INFO] Epoch 47/50  iter 150/743  loss=0.0693  lr=4.56e-06
[12:10:58 INFO] Epoch 47/50  iter 200/743  loss=0.1194  lr=4.48e-06
[12:11:23 INFO] Epoch 47/50  iter 250/743  loss=0.0957  lr=4.39e-06
[12:11:48 INFO] Epoch 47/50  iter 300/743  loss=0.0396  lr=4.31e-06
[12:12:13 INFO] Epoch 47/50  iter 350/743  loss=0.1145  lr=4.23e-06
[12:12:38 INFO] Epoch 47/50  iter 400/743  loss=0.2213  lr=4.15e-06
[12:13:03 INFO] Epoch 47/50  iter 450/743  loss=0.0488  lr=4.07e-06
[12:13:28 INFO] Epoch 47/50  iter 500/743  loss=0.1182  lr=3.99e-06
[12:13:53 INFO] Epoch 47/50  iter 550/743  loss=0.1010  lr=3.91e-06
[12:14:18 INFO] Epoch 47/50  iter 600/743  loss=0.0438  lr=3.83e-06
[12:14:43 INFO] Epoch 47/50  iter 650/743  loss=0.0980  lr=3.75e-06
[12:15:08 INFO] Epoch 47/50  iter 700/743  loss=0.0588  lr=3.67e-06
[12:15:30 INFO] Epoch 47 complete — avg_loss=0.1216  time=372s
[12:15:55 INFO] Epoch 48/50  iter 50/743  loss=0.4588  lr=3.52e-06
[12:16:20 INFO] Epoch 48/50  iter 100/743  loss=0.0785  lr=3.44e-06
[12:16:45 INFO] Epoch 48/50  iter 150/743  loss=0.0892  lr=3.36e-06
[12:17:10 INFO] Epoch 48/50  iter 200/743  loss=0.2039  lr=3.28e-06
[12:17:35 INFO] Epoch 48/50  iter 250/743  loss=0.1434  lr=3.19e-06
[12:18:00 INFO] Epoch 48/50  iter 300/743  loss=0.0748  lr=3.11e-06
[12:18:25 INFO] Epoch 48/50  iter 350/743  loss=0.1679  lr=3.03e-06
[12:18:50 INFO] Epoch 48/50  iter 400/743  loss=0.1326  lr=2.95e-06
[12:19:14 INFO] Epoch 48/50  iter 450/743  loss=0.1099  lr=2.87e-06
[12:19:39 INFO] Epoch 48/50  iter 500/743  loss=0.1162  lr=2.79e-06
[12:20:04 INFO] Epoch 48/50  iter 550/743  loss=0.0958  lr=2.71e-06
[12:20:28 INFO] Epoch 48/50  iter 600/743  loss=0.0993  lr=2.63e-06
[12:20:53 INFO] Epoch 48/50  iter 650/743  loss=0.0844  lr=2.55e-06
[12:21:18 INFO] Epoch 48/50  iter 700/743  loss=0.1218  lr=2.47e-06
[12:21:39 INFO] Epoch 48 complete — avg_loss=0.1195  time=369s
[12:22:05 INFO] Epoch 49/50  iter 50/743  loss=0.1520  lr=2.32e-06
[12:22:30 INFO] Epoch 49/50  iter 100/743  loss=0.1896  lr=2.24e-06
[12:22:55 INFO] Epoch 49/50  iter 150/743  loss=0.0521  lr=2.16e-06
[12:23:20 INFO] Epoch 49/50  iter 200/743  loss=0.1271  lr=2.08e-06
[12:23:45 INFO] Epoch 49/50  iter 250/743  loss=0.1112  lr=1.99e-06
[12:24:10 INFO] Epoch 49/50  iter 300/743  loss=0.1288  lr=1.91e-06
[12:24:35 INFO] Epoch 49/50  iter 350/743  loss=0.0573  lr=1.83e-06
[12:24:59 INFO] Epoch 49/50  iter 400/743  loss=0.1209  lr=1.75e-06
[12:25:24 INFO] Epoch 49/50  iter 450/743  loss=0.1243  lr=1.67e-06
[12:25:49 INFO] Epoch 49/50  iter 500/743  loss=0.1140  lr=1.59e-06
[12:26:14 INFO] Epoch 49/50  iter 550/743  loss=0.1030  lr=1.51e-06
[12:26:39 INFO] Epoch 49/50  iter 600/743  loss=0.2421  lr=1.43e-06
[12:27:04 INFO] Epoch 49/50  iter 650/743  loss=0.0961  lr=1.35e-06
[12:27:29 INFO] Epoch 49/50  iter 700/743  loss=0.0807  lr=1.27e-06
[12:27:51 INFO] Epoch 49 complete — avg_loss=0.1159  time=371s
[12:28:17 INFO] Epoch 50/50  iter 50/743  loss=0.1070  lr=1.12e-06
[12:28:42 INFO] Epoch 50/50  iter 100/743  loss=0.0950  lr=1.04e-06
[12:29:07 INFO] Epoch 50/50  iter 150/743  loss=0.1260  lr=9.56e-07
[12:29:32 INFO] Epoch 50/50  iter 200/743  loss=0.1448  lr=8.75e-07
[12:29:57 INFO] Epoch 50/50  iter 250/743  loss=0.1264  lr=7.95e-07
[12:30:22 INFO] Epoch 50/50  iter 300/743  loss=0.0643  lr=7.14e-07
[12:30:47 INFO] Epoch 50/50  iter 350/743  loss=0.1127  lr=6.33e-07
[12:31:12 INFO] Epoch 50/50  iter 400/743  loss=0.0454  lr=5.52e-07
[12:31:37 INFO] Epoch 50/50  iter 450/743  loss=0.0986  lr=4.72e-07
[12:32:02 INFO] Epoch 50/50  iter 500/743  loss=0.1785  lr=3.91e-07
[12:32:27 INFO] Epoch 50/50  iter 550/743  loss=0.1326  lr=3.10e-07
[12:32:51 INFO] Epoch 50/50  iter 600/743  loss=0.0713  lr=2.29e-07
[12:33:16 INFO] Epoch 50/50  iter 650/743  loss=0.1450  lr=1.49e-07
[12:33:41 INFO] Epoch 50/50  iter 700/743  loss=0.2232  lr=6.78e-08
[12:34:02 INFO] Epoch 50 complete — avg_loss=0.1173  time=371s
[12:37:31 INFO]   val mIoU = 0.7725
[12:37:31 INFO] Training complete. Best val mIoU = 0.7732
