[00:40:54 INFO] Device: cuda
[00:40:56 INFO] Using fog cache: data/fog_cache/depthaware_b002
[00:40:56 INFO] fog_prob: 0.3
[00:40:58 INFO] Train: 2975 samples  |  Val: 500 samples
[00:41:13 INFO] Epoch 1/50  iter 50/743  loss=1.5988  lr=5.99e-05
[00:41:26 INFO] Epoch 1/50  iter 100/743  loss=1.0752  lr=5.98e-05
[00:41:39 INFO] Epoch 1/50  iter 150/743  loss=0.6550  lr=5.98e-05
[00:41:52 INFO] Epoch 1/50  iter 200/743  loss=0.8322  lr=5.97e-05
[00:42:06 INFO] Epoch 1/50  iter 250/743  loss=0.5510  lr=5.96e-05
[00:42:19 INFO] Epoch 1/50  iter 300/743  loss=0.3016  lr=5.95e-05
[00:42:33 INFO] Epoch 1/50  iter 350/743  loss=1.0180  lr=5.94e-05
[00:42:46 INFO] Epoch 1/50  iter 400/743  loss=0.5220  lr=5.94e-05
[00:42:59 INFO] Epoch 1/50  iter 450/743  loss=0.3321  lr=5.93e-05
[00:43:13 INFO] Epoch 1/50  iter 500/743  loss=0.2881  lr=5.92e-05
[00:43:26 INFO] Epoch 1/50  iter 550/743  loss=1.2458  lr=5.91e-05
[00:43:39 INFO] Epoch 1/50  iter 600/743  loss=0.2559  lr=5.90e-05
[00:43:53 INFO] Epoch 1/50  iter 650/743  loss=0.3926  lr=5.89e-05
[00:44:06 INFO] Epoch 1/50  iter 700/743  loss=0.4702  lr=5.89e-05
[00:44:18 INFO] Epoch 1 complete — avg_loss=0.6945  time=199s
[00:44:32 INFO] Epoch 2/50  iter 50/743  loss=0.2366  lr=5.87e-05
[00:44:46 INFO] Epoch 2/50  iter 100/743  loss=0.3744  lr=5.86e-05
[00:44:59 INFO] Epoch 2/50  iter 150/743  loss=0.2145  lr=5.86e-05
[00:45:12 INFO] Epoch 2/50  iter 200/743  loss=0.3609  lr=5.85e-05
[00:45:26 INFO] Epoch 2/50  iter 250/743  loss=0.2679  lr=5.84e-05
[00:45:39 INFO] Epoch 2/50  iter 300/743  loss=0.2942  lr=5.83e-05
[00:45:53 INFO] Epoch 2/50  iter 350/743  loss=0.2236  lr=5.82e-05
[00:46:06 INFO] Epoch 2/50  iter 400/743  loss=0.2181  lr=5.82e-05
[00:46:19 INFO] Epoch 2/50  iter 450/743  loss=0.5666  lr=5.81e-05
[00:46:33 INFO] Epoch 2/50  iter 500/743  loss=0.3398  lr=5.80e-05
[00:46:46 INFO] Epoch 2/50  iter 550/743  loss=0.2812  lr=5.79e-05
[00:46:59 INFO] Epoch 2/50  iter 600/743  loss=0.5497  lr=5.78e-05
[00:47:13 INFO] Epoch 2/50  iter 650/743  loss=0.2156  lr=5.77e-05
[00:47:26 INFO] Epoch 2/50  iter 700/743  loss=0.4772  lr=5.77e-05
[00:47:38 INFO] Epoch 2 complete — avg_loss=0.3645  time=199s
[00:47:52 INFO] Epoch 3/50  iter 50/743  loss=0.2909  lr=5.75e-05
[00:48:06 INFO] Epoch 3/50  iter 100/743  loss=0.2635  lr=5.74e-05
[00:48:19 INFO] Epoch 3/50  iter 150/743  loss=0.2532  lr=5.74e-05
[00:48:32 INFO] Epoch 3/50  iter 200/743  loss=0.2478  lr=5.73e-05
[00:48:46 INFO] Epoch 3/50  iter 250/743  loss=0.4472  lr=5.72e-05
[00:48:59 INFO] Epoch 3/50  iter 300/743  loss=1.0336  lr=5.71e-05
[00:49:13 INFO] Epoch 3/50  iter 350/743  loss=0.1438  lr=5.70e-05
[00:49:26 INFO] Epoch 3/50  iter 400/743  loss=0.5443  lr=5.70e-05
[00:49:39 INFO] Epoch 3/50  iter 450/743  loss=0.3163  lr=5.69e-05
[00:49:53 INFO] Epoch 3/50  iter 500/743  loss=0.1919  lr=5.68e-05
[00:50:06 INFO] Epoch 3/50  iter 550/743  loss=0.2682  lr=5.67e-05
[00:50:19 INFO] Epoch 3/50  iter 600/743  loss=0.2423  lr=5.66e-05
[00:50:33 INFO] Epoch 3/50  iter 650/743  loss=0.2078  lr=5.65e-05
[00:50:46 INFO] Epoch 3/50  iter 700/743  loss=0.1281  lr=5.65e-05
[00:50:58 INFO] Epoch 3 complete — avg_loss=0.2989  time=199s
[00:51:12 INFO] Epoch 4/50  iter 50/743  loss=0.1670  lr=5.63e-05
[00:51:26 INFO] Epoch 4/50  iter 100/743  loss=0.2127  lr=5.62e-05
[00:51:39 INFO] Epoch 4/50  iter 150/743  loss=0.5660  lr=5.62e-05
[00:51:52 INFO] Epoch 4/50  iter 200/743  loss=0.2416  lr=5.61e-05
[00:52:06 INFO] Epoch 4/50  iter 250/743  loss=0.2817  lr=5.60e-05
[00:52:19 INFO] Epoch 4/50  iter 300/743  loss=0.2230  lr=5.59e-05
[00:52:33 INFO] Epoch 4/50  iter 350/743  loss=0.0369  lr=5.58e-05
[00:52:46 INFO] Epoch 4/50  iter 400/743  loss=0.1243  lr=5.58e-05
[00:52:59 INFO] Epoch 4/50  iter 450/743  loss=0.0673  lr=5.57e-05
[00:53:13 INFO] Epoch 4/50  iter 500/743  loss=0.1971  lr=5.56e-05
[00:53:26 INFO] Epoch 4/50  iter 550/743  loss=0.3491  lr=5.55e-05
[00:53:39 INFO] Epoch 4/50  iter 600/743  loss=0.3370  lr=5.54e-05
[00:53:53 INFO] Epoch 4/50  iter 650/743  loss=0.2544  lr=5.53e-05
[00:54:06 INFO] Epoch 4/50  iter 700/743  loss=0.1429  lr=5.53e-05
[00:54:18 INFO] Epoch 4 complete — avg_loss=0.2821  time=199s
[00:54:32 INFO] Epoch 5/50  iter 50/743  loss=0.1221  lr=5.51e-05
[00:54:46 INFO] Epoch 5/50  iter 100/743  loss=0.1514  lr=5.50e-05
[00:54:59 INFO] Epoch 5/50  iter 150/743  loss=0.1868  lr=5.50e-05
[00:55:12 INFO] Epoch 5/50  iter 200/743  loss=0.2058  lr=5.49e-05
[00:55:26 INFO] Epoch 5/50  iter 250/743  loss=0.1935  lr=5.48e-05
[00:55:39 INFO] Epoch 5/50  iter 300/743  loss=1.0349  lr=5.47e-05
[00:55:53 INFO] Epoch 5/50  iter 350/743  loss=0.6771  lr=5.46e-05
[00:56:06 INFO] Epoch 5/50  iter 400/743  loss=0.2454  lr=5.46e-05
[00:56:19 INFO] Epoch 5/50  iter 450/743  loss=0.1713  lr=5.45e-05
[00:56:33 INFO] Epoch 5/50  iter 500/743  loss=0.2913  lr=5.44e-05
[00:56:46 INFO] Epoch 5/50  iter 550/743  loss=0.0661  lr=5.43e-05
[00:56:59 INFO] Epoch 5/50  iter 600/743  loss=0.0152  lr=5.42e-05
[00:57:13 INFO] Epoch 5/50  iter 650/743  loss=0.3311  lr=5.41e-05
[00:57:26 INFO] Epoch 5/50  iter 700/743  loss=0.1350  lr=5.41e-05
[00:57:38 INFO] Epoch 5 complete — avg_loss=0.2629  time=199s
[00:59:31 INFO]   val mIoU = 0.6340
[00:59:32 INFO]   ★ New best val mIoU: 0.6340
[00:59:46 INFO] Epoch 6/50  iter 50/743  loss=0.3197  lr=5.39e-05
[01:00:00 INFO] Epoch 6/50  iter 100/743  loss=0.0559  lr=5.38e-05
[01:00:13 INFO] Epoch 6/50  iter 150/743  loss=0.2893  lr=5.38e-05
[01:00:26 INFO] Epoch 6/50  iter 200/743  loss=0.1263  lr=5.37e-05
[01:00:40 INFO] Epoch 6/50  iter 250/743  loss=0.2770  lr=5.36e-05
[01:00:53 INFO] Epoch 6/50  iter 300/743  loss=0.2680  lr=5.35e-05
[01:01:06 INFO] Epoch 6/50  iter 350/743  loss=0.1182  lr=5.34e-05
[01:01:20 INFO] Epoch 6/50  iter 400/743  loss=0.1080  lr=5.34e-05
[01:01:33 INFO] Epoch 6/50  iter 450/743  loss=0.2125  lr=5.33e-05
[01:01:46 INFO] Epoch 6/50  iter 500/743  loss=0.2231  lr=5.32e-05
[01:02:00 INFO] Epoch 6/50  iter 550/743  loss=0.2896  lr=5.31e-05
[01:02:13 INFO] Epoch 6/50  iter 600/743  loss=0.1755  lr=5.30e-05
[01:02:27 INFO] Epoch 6/50  iter 650/743  loss=0.5064  lr=5.29e-05
[01:02:40 INFO] Epoch 6/50  iter 700/743  loss=0.3286  lr=5.29e-05
[01:02:51 INFO] Epoch 6 complete — avg_loss=0.2385  time=199s
[01:03:06 INFO] Epoch 7/50  iter 50/743  loss=0.1953  lr=5.27e-05
[01:03:19 INFO] Epoch 7/50  iter 100/743  loss=0.1208  lr=5.26e-05
[01:03:33 INFO] Epoch 7/50  iter 150/743  loss=0.2620  lr=5.26e-05
[01:03:46 INFO] Epoch 7/50  iter 200/743  loss=0.6074  lr=5.25e-05
[01:03:59 INFO] Epoch 7/50  iter 250/743  loss=0.3057  lr=5.24e-05
[01:04:13 INFO] Epoch 7/50  iter 300/743  loss=0.1579  lr=5.23e-05
[01:04:26 INFO] Epoch 7/50  iter 350/743  loss=0.2319  lr=5.22e-05
[01:04:40 INFO] Epoch 7/50  iter 400/743  loss=0.1353  lr=5.22e-05
[01:04:53 INFO] Epoch 7/50  iter 450/743  loss=0.9587  lr=5.21e-05
[01:05:06 INFO] Epoch 7/50  iter 500/743  loss=0.3607  lr=5.20e-05
[01:05:20 INFO] Epoch 7/50  iter 550/743  loss=0.2433  lr=5.19e-05
[01:05:33 INFO] Epoch 7/50  iter 600/743  loss=0.4096  lr=5.18e-05
[01:05:46 INFO] Epoch 7/50  iter 650/743  loss=0.0278  lr=5.17e-05
[01:06:00 INFO] Epoch 7/50  iter 700/743  loss=0.2368  lr=5.17e-05
[01:06:11 INFO] Epoch 7 complete — avg_loss=0.2271  time=199s
[01:06:26 INFO] Epoch 8/50  iter 50/743  loss=0.1785  lr=5.15e-05
[01:06:39 INFO] Epoch 8/50  iter 100/743  loss=0.3214  lr=5.14e-05
[01:06:53 INFO] Epoch 8/50  iter 150/743  loss=0.1102  lr=5.14e-05
[01:07:06 INFO] Epoch 8/50  iter 200/743  loss=0.1649  lr=5.13e-05
[01:07:19 INFO] Epoch 8/50  iter 250/743  loss=0.2492  lr=5.12e-05
[01:07:33 INFO] Epoch 8/50  iter 300/743  loss=0.2426  lr=5.11e-05
[01:07:46 INFO] Epoch 8/50  iter 350/743  loss=0.1845  lr=5.10e-05
[01:07:59 INFO] Epoch 8/50  iter 400/743  loss=0.3289  lr=5.10e-05
[01:08:13 INFO] Epoch 8/50  iter 450/743  loss=0.1472  lr=5.09e-05
[01:08:26 INFO] Epoch 8/50  iter 500/743  loss=0.1897  lr=5.08e-05
[01:08:39 INFO] Epoch 8/50  iter 550/743  loss=0.2042  lr=5.07e-05
[01:08:53 INFO] Epoch 8/50  iter 600/743  loss=0.0854  lr=5.06e-05
[01:09:06 INFO] Epoch 8/50  iter 650/743  loss=0.3000  lr=5.05e-05
[01:09:20 INFO] Epoch 8/50  iter 700/743  loss=0.0586  lr=5.05e-05
[01:09:31 INFO] Epoch 8 complete — avg_loss=0.2296  time=199s
[01:09:46 INFO] Epoch 9/50  iter 50/743  loss=0.2776  lr=5.03e-05
[01:09:59 INFO] Epoch 9/50  iter 100/743  loss=0.1162  lr=5.02e-05
[01:10:12 INFO] Epoch 9/50  iter 150/743  loss=0.1765  lr=5.02e-05
[01:10:26 INFO] Epoch 9/50  iter 200/743  loss=0.3692  lr=5.01e-05
[01:10:39 INFO] Epoch 9/50  iter 250/743  loss=0.2873  lr=5.00e-05
[01:10:52 INFO] Epoch 9/50  iter 300/743  loss=0.0940  lr=4.99e-05
[01:11:06 INFO] Epoch 9/50  iter 350/743  loss=0.1809  lr=4.98e-05
[01:11:19 INFO] Epoch 9/50  iter 400/743  loss=0.0941  lr=4.98e-05
[01:11:32 INFO] Epoch 9/50  iter 450/743  loss=0.1764  lr=4.97e-05
[01:11:46 INFO] Epoch 9/50  iter 500/743  loss=0.2034  lr=4.96e-05
[01:11:59 INFO] Epoch 9/50  iter 550/743  loss=0.1758  lr=4.95e-05
[01:12:13 INFO] Epoch 9/50  iter 600/743  loss=0.3105  lr=4.94e-05
[01:12:26 INFO] Epoch 9/50  iter 650/743  loss=0.1819  lr=4.93e-05
[01:12:39 INFO] Epoch 9/50  iter 700/743  loss=0.2523  lr=4.93e-05
[01:12:51 INFO] Epoch 9 complete — avg_loss=0.2175  time=199s
[01:13:05 INFO] Epoch 10/50  iter 50/743  loss=0.2159  lr=4.91e-05
[01:13:19 INFO] Epoch 10/50  iter 100/743  loss=0.2008  lr=4.90e-05
[01:13:32 INFO] Epoch 10/50  iter 150/743  loss=0.1499  lr=4.90e-05
[01:13:45 INFO] Epoch 10/50  iter 200/743  loss=0.4012  lr=4.89e-05
[01:13:59 INFO] Epoch 10/50  iter 250/743  loss=0.1193  lr=4.88e-05
[01:14:12 INFO] Epoch 10/50  iter 300/743  loss=0.0823  lr=4.87e-05
[01:14:26 INFO] Epoch 10/50  iter 350/743  loss=0.1941  lr=4.86e-05
[01:14:39 INFO] Epoch 10/50  iter 400/743  loss=0.2660  lr=4.86e-05
[01:14:52 INFO] Epoch 10/50  iter 450/743  loss=0.2372  lr=4.85e-05
[01:15:06 INFO] Epoch 10/50  iter 500/743  loss=0.1762  lr=4.84e-05
[01:15:19 INFO] Epoch 10/50  iter 550/743  loss=0.2373  lr=4.83e-05
[01:15:32 INFO] Epoch 10/50  iter 600/743  loss=0.3310  lr=4.82e-05
[01:15:46 INFO] Epoch 10/50  iter 650/743  loss=0.2596  lr=4.81e-05
[01:15:59 INFO] Epoch 10/50  iter 700/743  loss=0.1293  lr=4.81e-05
[01:16:11 INFO] Epoch 10 complete — avg_loss=0.2139  time=199s
[01:18:10 INFO]   val mIoU = 0.6737
[01:18:11 INFO]   ★ New best val mIoU: 0.6737
[01:18:25 INFO] Epoch 11/50  iter 50/743  loss=0.1456  lr=4.79e-05
[01:18:38 INFO] Epoch 11/50  iter 100/743  loss=0.4546  lr=4.78e-05
[01:18:52 INFO] Epoch 11/50  iter 150/743  loss=0.2663  lr=4.78e-05
[01:19:05 INFO] Epoch 11/50  iter 200/743  loss=0.2723  lr=4.77e-05
[01:19:19 INFO] Epoch 11/50  iter 250/743  loss=0.1769  lr=4.76e-05
[01:19:32 INFO] Epoch 11/50  iter 300/743  loss=0.2498  lr=4.75e-05
[01:19:45 INFO] Epoch 11/50  iter 350/743  loss=0.1928  lr=4.74e-05
[01:19:59 INFO] Epoch 11/50  iter 400/743  loss=0.1915  lr=4.74e-05
[01:20:12 INFO] Epoch 11/50  iter 450/743  loss=0.1531  lr=4.73e-05
[01:20:25 INFO] Epoch 11/50  iter 500/743  loss=0.0916  lr=4.72e-05
[01:20:39 INFO] Epoch 11/50  iter 550/743  loss=0.1271  lr=4.71e-05
[01:20:52 INFO] Epoch 11/50  iter 600/743  loss=0.0935  lr=4.70e-05
[01:21:05 INFO] Epoch 11/50  iter 650/743  loss=0.1574  lr=4.69e-05
[01:21:19 INFO] Epoch 11/50  iter 700/743  loss=0.2559  lr=4.69e-05
[01:21:30 INFO] Epoch 11 complete — avg_loss=0.2007  time=199s
[01:21:45 INFO] Epoch 12/50  iter 50/743  loss=0.1035  lr=4.67e-05
[01:21:58 INFO] Epoch 12/50  iter 100/743  loss=0.2325  lr=4.66e-05
[01:22:12 INFO] Epoch 12/50  iter 150/743  loss=0.1306  lr=4.66e-05
[01:22:25 INFO] Epoch 12/50  iter 200/743  loss=0.1045  lr=4.65e-05
[01:22:38 INFO] Epoch 12/50  iter 250/743  loss=0.1751  lr=4.64e-05
[01:22:52 INFO] Epoch 12/50  iter 300/743  loss=0.0900  lr=4.63e-05
[01:23:05 INFO] Epoch 12/50  iter 350/743  loss=0.2583  lr=4.62e-05
[01:23:18 INFO] Epoch 12/50  iter 400/743  loss=0.1030  lr=4.62e-05
[01:23:32 INFO] Epoch 12/50  iter 450/743  loss=0.1471  lr=4.61e-05
[01:23:45 INFO] Epoch 12/50  iter 500/743  loss=0.0821  lr=4.60e-05
[01:23:58 INFO] Epoch 12/50  iter 550/743  loss=0.2264  lr=4.59e-05
[01:24:12 INFO] Epoch 12/50  iter 600/743  loss=0.1239  lr=4.58e-05
[01:24:25 INFO] Epoch 12/50  iter 650/743  loss=0.2426  lr=4.57e-05
[01:24:39 INFO] Epoch 12/50  iter 700/743  loss=0.1581  lr=4.57e-05
[01:24:50 INFO] Epoch 12 complete — avg_loss=0.1939  time=199s
[01:25:05 INFO] Epoch 13/50  iter 50/743  loss=0.0695  lr=4.55e-05
[01:25:18 INFO] Epoch 13/50  iter 100/743  loss=0.1539  lr=4.54e-05
[01:25:31 INFO] Epoch 13/50  iter 150/743  loss=0.0886  lr=4.54e-05
[01:25:45 INFO] Epoch 13/50  iter 200/743  loss=0.0278  lr=4.53e-05
[01:25:58 INFO] Epoch 13/50  iter 250/743  loss=0.2151  lr=4.52e-05
[01:26:11 INFO] Epoch 13/50  iter 300/743  loss=0.2154  lr=4.51e-05
[01:26:25 INFO] Epoch 13/50  iter 350/743  loss=0.1375  lr=4.50e-05
[01:26:38 INFO] Epoch 13/50  iter 400/743  loss=0.2176  lr=4.50e-05
[01:26:52 INFO] Epoch 13/50  iter 450/743  loss=0.0499  lr=4.49e-05
[01:27:05 INFO] Epoch 13/50  iter 500/743  loss=0.3121  lr=4.48e-05
[01:27:18 INFO] Epoch 13/50  iter 550/743  loss=0.1464  lr=4.47e-05
[01:27:32 INFO] Epoch 13/50  iter 600/743  loss=0.2468  lr=4.46e-05
[01:27:45 INFO] Epoch 13/50  iter 650/743  loss=0.1326  lr=4.45e-05
[01:27:58 INFO] Epoch 13/50  iter 700/743  loss=0.1444  lr=4.45e-05
[01:28:10 INFO] Epoch 13 complete — avg_loss=0.1879  time=199s
[01:28:25 INFO] Epoch 14/50  iter 50/743  loss=0.1967  lr=4.43e-05
[01:28:38 INFO] Epoch 14/50  iter 100/743  loss=0.1497  lr=4.42e-05
[01:28:51 INFO] Epoch 14/50  iter 150/743  loss=0.1586  lr=4.42e-05
[01:29:05 INFO] Epoch 14/50  iter 200/743  loss=0.0931  lr=4.41e-05
[01:29:18 INFO] Epoch 14/50  iter 250/743  loss=0.1669  lr=4.40e-05
[01:29:31 INFO] Epoch 14/50  iter 300/743  loss=0.1794  lr=4.39e-05
[01:29:45 INFO] Epoch 14/50  iter 350/743  loss=0.1308  lr=4.38e-05
[01:29:58 INFO] Epoch 14/50  iter 400/743  loss=0.0824  lr=4.38e-05
[01:30:11 INFO] Epoch 14/50  iter 450/743  loss=0.1825  lr=4.37e-05
[01:30:25 INFO] Epoch 14/50  iter 500/743  loss=0.1250  lr=4.36e-05
[01:30:38 INFO] Epoch 14/50  iter 550/743  loss=0.0328  lr=4.35e-05
[01:30:52 INFO] Epoch 14/50  iter 600/743  loss=0.1307  lr=4.34e-05
[01:31:05 INFO] Epoch 14/50  iter 650/743  loss=0.1621  lr=4.33e-05
[01:31:18 INFO] Epoch 14/50  iter 700/743  loss=0.1810  lr=4.33e-05
[01:31:30 INFO] Epoch 14 complete — avg_loss=0.1901  time=199s
[01:31:44 INFO] Epoch 15/50  iter 50/743  loss=0.1978  lr=4.31e-05
[01:31:58 INFO] Epoch 15/50  iter 100/743  loss=0.1339  lr=4.30e-05
[01:32:11 INFO] Epoch 15/50  iter 150/743  loss=0.1700  lr=4.30e-05
[01:32:24 INFO] Epoch 15/50  iter 200/743  loss=0.2273  lr=4.29e-05
[01:32:38 INFO] Epoch 15/50  iter 250/743  loss=0.1274  lr=4.28e-05
[01:32:51 INFO] Epoch 15/50  iter 300/743  loss=0.1844  lr=4.27e-05
[01:33:05 INFO] Epoch 15/50  iter 350/743  loss=0.2085  lr=4.26e-05
[01:33:18 INFO] Epoch 15/50  iter 400/743  loss=0.2505  lr=4.26e-05
[01:33:31 INFO] Epoch 15/50  iter 450/743  loss=0.1848  lr=4.25e-05
[01:33:45 INFO] Epoch 15/50  iter 500/743  loss=0.2029  lr=4.24e-05
[01:33:58 INFO] Epoch 15/50  iter 550/743  loss=0.0792  lr=4.23e-05
[01:34:11 INFO] Epoch 15/50  iter 600/743  loss=0.1946  lr=4.22e-05
[01:34:25 INFO] Epoch 15/50  iter 650/743  loss=0.1620  lr=4.21e-05
[01:34:38 INFO] Epoch 15/50  iter 700/743  loss=0.1432  lr=4.21e-05
[01:34:50 INFO] Epoch 15 complete — avg_loss=0.1829  time=199s
[01:36:49 INFO]   val mIoU = 0.7212
[01:36:50 INFO]   ★ New best val mIoU: 0.7212
[01:37:04 INFO] Epoch 16/50  iter 50/743  loss=0.2111  lr=4.19e-05
[01:37:18 INFO] Epoch 16/50  iter 100/743  loss=0.1354  lr=4.18e-05
[01:37:31 INFO] Epoch 16/50  iter 150/743  loss=0.1308  lr=4.18e-05
[01:37:44 INFO] Epoch 16/50  iter 200/743  loss=0.1013  lr=4.17e-05
[01:37:58 INFO] Epoch 16/50  iter 250/743  loss=0.2887  lr=4.16e-05
[01:38:11 INFO] Epoch 16/50  iter 300/743  loss=0.1950  lr=4.15e-05
[01:38:24 INFO] Epoch 16/50  iter 350/743  loss=0.1619  lr=4.14e-05
[01:38:38 INFO] Epoch 16/50  iter 400/743  loss=0.1124  lr=4.14e-05
[01:38:51 INFO] Epoch 16/50  iter 450/743  loss=0.2645  lr=4.13e-05
[01:39:04 INFO] Epoch 16/50  iter 500/743  loss=0.1401  lr=4.12e-05
[01:39:18 INFO] Epoch 16/50  iter 550/743  loss=0.1491  lr=4.11e-05
[01:39:31 INFO] Epoch 16/50  iter 600/743  loss=0.1719  lr=4.10e-05
[01:39:44 INFO] Epoch 16/50  iter 650/743  loss=0.1547  lr=4.09e-05
[01:39:58 INFO] Epoch 16/50  iter 700/743  loss=0.0554  lr=4.09e-05
[01:40:09 INFO] Epoch 16 complete — avg_loss=0.1771  time=199s
[01:40:24 INFO] Epoch 17/50  iter 50/743  loss=0.0653  lr=4.07e-05
[01:40:37 INFO] Epoch 17/50  iter 100/743  loss=0.1810  lr=4.06e-05
[01:40:51 INFO] Epoch 17/50  iter 150/743  loss=0.2315  lr=4.06e-05
[01:41:04 INFO] Epoch 17/50  iter 200/743  loss=0.0997  lr=4.05e-05
[01:41:17 INFO] Epoch 17/50  iter 250/743  loss=0.1652  lr=4.04e-05
[01:41:31 INFO] Epoch 17/50  iter 300/743  loss=0.1673  lr=4.03e-05
[01:41:44 INFO] Epoch 17/50  iter 350/743  loss=0.1248  lr=4.02e-05
[01:41:57 INFO] Epoch 17/50  iter 400/743  loss=0.0970  lr=4.02e-05
[01:42:11 INFO] Epoch 17/50  iter 450/743  loss=0.2263  lr=4.01e-05
[01:42:24 INFO] Epoch 17/50  iter 500/743  loss=0.1404  lr=4.00e-05
[01:42:38 INFO] Epoch 17/50  iter 550/743  loss=0.2629  lr=3.99e-05
[01:42:51 INFO] Epoch 17/50  iter 600/743  loss=0.0947  lr=3.98e-05
[01:43:04 INFO] Epoch 17/50  iter 650/743  loss=0.1594  lr=3.97e-05
[01:43:18 INFO] Epoch 17/50  iter 700/743  loss=0.1027  lr=3.97e-05
[01:43:29 INFO] Epoch 17 complete — avg_loss=0.1741  time=199s
[01:43:44 INFO] Epoch 18/50  iter 50/743  loss=0.2050  lr=3.95e-05
[01:43:57 INFO] Epoch 18/50  iter 100/743  loss=0.1925  lr=3.94e-05
[01:44:11 INFO] Epoch 18/50  iter 150/743  loss=0.1394  lr=3.94e-05
[01:44:24 INFO] Epoch 18/50  iter 200/743  loss=0.1082  lr=3.93e-05
[01:44:37 INFO] Epoch 18/50  iter 250/743  loss=0.1067  lr=3.92e-05
[01:44:51 INFO] Epoch 18/50  iter 300/743  loss=0.2553  lr=3.91e-05
[01:45:04 INFO] Epoch 18/50  iter 350/743  loss=0.7196  lr=3.90e-05
[01:45:17 INFO] Epoch 18/50  iter 400/743  loss=0.1055  lr=3.90e-05
[01:45:31 INFO] Epoch 18/50  iter 450/743  loss=0.3415  lr=3.89e-05
[01:45:44 INFO] Epoch 18/50  iter 500/743  loss=0.1058  lr=3.88e-05
[01:45:58 INFO] Epoch 18/50  iter 550/743  loss=0.1304  lr=3.87e-05
[01:46:11 INFO] Epoch 18/50  iter 600/743  loss=1.2155  lr=3.86e-05
[01:46:24 INFO] Epoch 18/50  iter 650/743  loss=0.1760  lr=3.85e-05
[01:46:38 INFO] Epoch 18/50  iter 700/743  loss=0.1114  lr=3.85e-05
[01:46:49 INFO] Epoch 18 complete — avg_loss=0.1750  time=199s
[01:47:04 INFO] Epoch 19/50  iter 50/743  loss=0.1183  lr=3.83e-05
[01:47:17 INFO] Epoch 19/50  iter 100/743  loss=0.1898  lr=3.82e-05
[01:47:30 INFO] Epoch 19/50  iter 150/743  loss=0.1986  lr=3.82e-05
[01:47:44 INFO] Epoch 19/50  iter 200/743  loss=0.1917  lr=3.81e-05
[01:47:57 INFO] Epoch 19/50  iter 250/743  loss=0.0895  lr=3.80e-05
[01:48:11 INFO] Epoch 19/50  iter 300/743  loss=0.3590  lr=3.79e-05
[01:48:24 INFO] Epoch 19/50  iter 350/743  loss=0.2337  lr=3.78e-05
[01:48:37 INFO] Epoch 19/50  iter 400/743  loss=0.2593  lr=3.78e-05
[01:48:51 INFO] Epoch 19/50  iter 450/743  loss=0.1425  lr=3.77e-05
[01:49:04 INFO] Epoch 19/50  iter 500/743  loss=0.0890  lr=3.76e-05
[01:49:17 INFO] Epoch 19/50  iter 550/743  loss=0.1085  lr=3.75e-05
[01:49:31 INFO] Epoch 19/50  iter 600/743  loss=0.1339  lr=3.74e-05
[01:49:44 INFO] Epoch 19/50  iter 650/743  loss=0.1972  lr=3.73e-05
[01:49:58 INFO] Epoch 19/50  iter 700/743  loss=0.1428  lr=3.73e-05
[01:50:09 INFO] Epoch 19 complete — avg_loss=0.1718  time=199s
[01:50:24 INFO] Epoch 20/50  iter 50/743  loss=0.1304  lr=3.71e-05
[01:50:37 INFO] Epoch 20/50  iter 100/743  loss=0.0822  lr=3.70e-05
[01:50:50 INFO] Epoch 20/50  iter 150/743  loss=0.0754  lr=3.70e-05
[01:51:04 INFO] Epoch 20/50  iter 200/743  loss=0.1863  lr=3.69e-05
[01:51:17 INFO] Epoch 20/50  iter 250/743  loss=0.1970  lr=3.68e-05
[01:51:30 INFO] Epoch 20/50  iter 300/743  loss=0.0677  lr=3.67e-05
[01:51:44 INFO] Epoch 20/50  iter 350/743  loss=0.1832  lr=3.66e-05
[01:51:57 INFO] Epoch 20/50  iter 400/743  loss=0.1236  lr=3.66e-05
[01:52:11 INFO] Epoch 20/50  iter 450/743  loss=0.1664  lr=3.65e-05
[01:52:24 INFO] Epoch 20/50  iter 500/743  loss=0.1516  lr=3.64e-05
[01:52:37 INFO] Epoch 20/50  iter 550/743  loss=0.1392  lr=3.63e-05
[01:52:51 INFO] Epoch 20/50  iter 600/743  loss=0.0940  lr=3.62e-05
[01:53:04 INFO] Epoch 20/50  iter 650/743  loss=0.1391  lr=3.61e-05
[01:53:17 INFO] Epoch 20/50  iter 700/743  loss=0.1843  lr=3.61e-05
[01:53:29 INFO] Epoch 20 complete — avg_loss=0.1629  time=199s
[01:55:27 INFO]   val mIoU = 0.7338
[01:55:27 INFO]   ★ New best val mIoU: 0.7338
[01:55:42 INFO] Epoch 21/50  iter 50/743  loss=0.1015  lr=3.59e-05
[01:55:55 INFO] Epoch 21/50  iter 100/743  loss=0.1028  lr=3.58e-05
[01:56:09 INFO] Epoch 21/50  iter 150/743  loss=0.4089  lr=3.58e-05
[01:56:22 INFO] Epoch 21/50  iter 200/743  loss=0.1517  lr=3.57e-05
[01:56:35 INFO] Epoch 21/50  iter 250/743  loss=0.1498  lr=3.56e-05
[01:56:49 INFO] Epoch 21/50  iter 300/743  loss=0.1161  lr=3.55e-05
[01:57:02 INFO] Epoch 21/50  iter 350/743  loss=0.0759  lr=3.54e-05
[01:57:15 INFO] Epoch 21/50  iter 400/743  loss=0.1067  lr=3.54e-05
[01:57:29 INFO] Epoch 21/50  iter 450/743  loss=0.2886  lr=3.53e-05
[01:57:42 INFO] Epoch 21/50  iter 500/743  loss=0.2952  lr=3.52e-05
[01:57:56 INFO] Epoch 21/50  iter 550/743  loss=0.1196  lr=3.51e-05
[01:58:09 INFO] Epoch 21/50  iter 600/743  loss=0.1241  lr=3.50e-05
[01:58:22 INFO] Epoch 21/50  iter 650/743  loss=0.2998  lr=3.49e-05
[01:58:36 INFO] Epoch 21/50  iter 700/743  loss=0.0930  lr=3.49e-05
[01:58:47 INFO] Epoch 21 complete — avg_loss=0.1647  time=199s
[01:59:02 INFO] Epoch 22/50  iter 50/743  loss=0.1797  lr=3.47e-05
[01:59:15 INFO] Epoch 22/50  iter 100/743  loss=0.0441  lr=3.46e-05
[01:59:28 INFO] Epoch 22/50  iter 150/743  loss=0.2453  lr=3.46e-05
[01:59:42 INFO] Epoch 22/50  iter 200/743  loss=0.0700  lr=3.45e-05
[01:59:55 INFO] Epoch 22/50  iter 250/743  loss=0.1337  lr=3.44e-05
[02:00:08 INFO] Epoch 22/50  iter 300/743  loss=0.1204  lr=3.43e-05
[02:00:22 INFO] Epoch 22/50  iter 350/743  loss=0.0482  lr=3.42e-05
[02:00:35 INFO] Epoch 22/50  iter 400/743  loss=0.2403  lr=3.42e-05
[02:00:49 INFO] Epoch 22/50  iter 450/743  loss=0.3025  lr=3.41e-05
[02:01:02 INFO] Epoch 22/50  iter 500/743  loss=0.1690  lr=3.40e-05
[02:01:15 INFO] Epoch 22/50  iter 550/743  loss=0.1812  lr=3.39e-05
[02:01:29 INFO] Epoch 22/50  iter 600/743  loss=0.1174  lr=3.38e-05
[02:01:42 INFO] Epoch 22/50  iter 650/743  loss=0.1662  lr=3.37e-05
[02:01:55 INFO] Epoch 22/50  iter 700/743  loss=0.1712  lr=3.37e-05
[02:02:07 INFO] Epoch 22 complete — avg_loss=0.1584  time=199s
[02:02:21 INFO] Epoch 23/50  iter 50/743  loss=0.0988  lr=3.35e-05
[02:02:35 INFO] Epoch 23/50  iter 100/743  loss=1.0346  lr=3.34e-05
[02:02:48 INFO] Epoch 23/50  iter 150/743  loss=0.2303  lr=3.34e-05
[02:03:02 INFO] Epoch 23/50  iter 200/743  loss=0.1048  lr=3.33e-05
[02:03:15 INFO] Epoch 23/50  iter 250/743  loss=0.1394  lr=3.32e-05
[02:03:28 INFO] Epoch 23/50  iter 300/743  loss=0.4122  lr=3.31e-05
[02:03:42 INFO] Epoch 23/50  iter 350/743  loss=0.1478  lr=3.30e-05
[02:03:55 INFO] Epoch 23/50  iter 400/743  loss=0.1465  lr=3.30e-05
[02:04:09 INFO] Epoch 23/50  iter 450/743  loss=0.1439  lr=3.29e-05
[02:04:22 INFO] Epoch 23/50  iter 500/743  loss=0.1075  lr=3.28e-05
[02:04:35 INFO] Epoch 23/50  iter 550/743  loss=0.0854  lr=3.27e-05
[02:04:49 INFO] Epoch 23/50  iter 600/743  loss=0.2275  lr=3.26e-05
[02:05:02 INFO] Epoch 23/50  iter 650/743  loss=0.1393  lr=3.25e-05
[02:05:16 INFO] Epoch 23/50  iter 700/743  loss=0.1646  lr=3.25e-05
[02:05:27 INFO] Epoch 23 complete — avg_loss=0.1608  time=200s
[02:05:42 INFO] Epoch 24/50  iter 50/743  loss=0.1174  lr=3.23e-05
[02:05:55 INFO] Epoch 24/50  iter 100/743  loss=0.0975  lr=3.22e-05
[02:06:08 INFO] Epoch 24/50  iter 150/743  loss=0.2494  lr=3.22e-05
[02:06:22 INFO] Epoch 24/50  iter 200/743  loss=0.1075  lr=3.21e-05
[02:06:35 INFO] Epoch 24/50  iter 250/743  loss=0.1107  lr=3.20e-05
[02:06:49 INFO] Epoch 24/50  iter 300/743  loss=0.1376  lr=3.19e-05
[02:07:02 INFO] Epoch 24/50  iter 350/743  loss=0.0729  lr=3.18e-05
[02:07:15 INFO] Epoch 24/50  iter 400/743  loss=0.1275  lr=3.18e-05
[02:07:29 INFO] Epoch 24/50  iter 450/743  loss=0.0697  lr=3.17e-05
[02:07:42 INFO] Epoch 24/50  iter 500/743  loss=0.2466  lr=3.16e-05
[02:07:56 INFO] Epoch 24/50  iter 550/743  loss=0.5259  lr=3.15e-05
[02:08:09 INFO] Epoch 24/50  iter 600/743  loss=0.2434  lr=3.14e-05
[02:08:22 INFO] Epoch 24/50  iter 650/743  loss=0.0729  lr=3.13e-05
[02:08:36 INFO] Epoch 24/50  iter 700/743  loss=0.1687  lr=3.13e-05
[02:08:47 INFO] Epoch 24 complete — avg_loss=0.1590  time=200s
[02:09:02 INFO] Epoch 25/50  iter 50/743  loss=0.1561  lr=3.11e-05
[02:09:15 INFO] Epoch 25/50  iter 100/743  loss=0.0521  lr=3.10e-05
[02:09:29 INFO] Epoch 25/50  iter 150/743  loss=0.2260  lr=3.10e-05
[02:09:42 INFO] Epoch 25/50  iter 200/743  loss=0.1486  lr=3.09e-05
[02:09:55 INFO] Epoch 25/50  iter 250/743  loss=0.1052  lr=3.08e-05
[02:10:09 INFO] Epoch 25/50  iter 300/743  loss=0.1722  lr=3.07e-05
[02:10:22 INFO] Epoch 25/50  iter 350/743  loss=0.2803  lr=3.06e-05
[02:10:36 INFO] Epoch 25/50  iter 400/743  loss=0.0967  lr=3.06e-05
[02:10:49 INFO] Epoch 25/50  iter 450/743  loss=0.1225  lr=3.05e-05
[02:11:02 INFO] Epoch 25/50  iter 500/743  loss=0.0331  lr=3.04e-05
[02:11:16 INFO] Epoch 25/50  iter 550/743  loss=0.1326  lr=3.03e-05
[02:11:29 INFO] Epoch 25/50  iter 600/743  loss=0.1512  lr=3.02e-05
[02:11:42 INFO] Epoch 25/50  iter 650/743  loss=0.3849  lr=3.01e-05
[02:11:56 INFO] Epoch 25/50  iter 700/743  loss=0.0951  lr=3.01e-05
[02:12:07 INFO] Epoch 25 complete — avg_loss=0.1583  time=199s
[02:14:06 INFO]   val mIoU = 0.7475
[02:14:07 INFO]   ★ New best val mIoU: 0.7475
[02:14:21 INFO] Epoch 26/50  iter 50/743  loss=0.1326  lr=2.99e-05
[02:14:35 INFO] Epoch 26/50  iter 100/743  loss=0.0885  lr=2.98e-05
[02:14:48 INFO] Epoch 26/50  iter 150/743  loss=0.2447  lr=2.98e-05
[02:15:01 INFO] Epoch 26/50  iter 200/743  loss=0.2058  lr=2.97e-05
[02:15:15 INFO] Epoch 26/50  iter 250/743  loss=0.1869  lr=2.96e-05
[02:15:28 INFO] Epoch 26/50  iter 300/743  loss=0.1444  lr=2.95e-05
[02:15:41 INFO] Epoch 26/50  iter 350/743  loss=0.1346  lr=2.94e-05
[02:15:55 INFO] Epoch 26/50  iter 400/743  loss=0.1583  lr=2.94e-05
[02:16:08 INFO] Epoch 26/50  iter 450/743  loss=0.1810  lr=2.93e-05
[02:16:21 INFO] Epoch 26/50  iter 500/743  loss=0.2019  lr=2.92e-05
[02:16:35 INFO] Epoch 26/50  iter 550/743  loss=0.1331  lr=2.91e-05
[02:16:48 INFO] Epoch 26/50  iter 600/743  loss=0.1551  lr=2.90e-05
[02:17:02 INFO] Epoch 26/50  iter 650/743  loss=0.1299  lr=2.89e-05
[02:17:15 INFO] Epoch 26/50  iter 700/743  loss=0.1947  lr=2.89e-05
[02:17:26 INFO] Epoch 26 complete — avg_loss=0.1655  time=199s
[02:17:41 INFO] Epoch 27/50  iter 50/743  loss=0.1225  lr=2.87e-05
[02:17:54 INFO] Epoch 27/50  iter 100/743  loss=0.1475  lr=2.86e-05
[02:18:08 INFO] Epoch 27/50  iter 150/743  loss=0.1230  lr=2.86e-05
[02:18:21 INFO] Epoch 27/50  iter 200/743  loss=0.0981  lr=2.85e-05
[02:18:34 INFO] Epoch 27/50  iter 250/743  loss=0.1271  lr=2.84e-05
[02:18:48 INFO] Epoch 27/50  iter 300/743  loss=0.2683  lr=2.83e-05
[02:19:01 INFO] Epoch 27/50  iter 350/743  loss=0.1672  lr=2.82e-05
[02:19:14 INFO] Epoch 27/50  iter 400/743  loss=0.2388  lr=2.82e-05
[02:19:28 INFO] Epoch 27/50  iter 450/743  loss=0.0662  lr=2.81e-05
[02:19:41 INFO] Epoch 27/50  iter 500/743  loss=0.2262  lr=2.80e-05
[02:19:55 INFO] Epoch 27/50  iter 550/743  loss=0.2012  lr=2.79e-05
[02:20:08 INFO] Epoch 27/50  iter 600/743  loss=0.1248  lr=2.78e-05
[02:20:21 INFO] Epoch 27/50  iter 650/743  loss=0.9251  lr=2.77e-05
[02:20:35 INFO] Epoch 27/50  iter 700/743  loss=0.1116  lr=2.77e-05
[02:20:46 INFO] Epoch 27 complete — avg_loss=0.1512  time=199s
[02:21:01 INFO] Epoch 28/50  iter 50/743  loss=0.1268  lr=2.75e-05
[02:21:14 INFO] Epoch 28/50  iter 100/743  loss=0.1326  lr=2.74e-05
[02:21:27 INFO] Epoch 28/50  iter 150/743  loss=0.1242  lr=2.74e-05
[02:21:41 INFO] Epoch 28/50  iter 200/743  loss=0.1445  lr=2.73e-05
[02:21:54 INFO] Epoch 28/50  iter 250/743  loss=0.1244  lr=2.72e-05
[02:22:07 INFO] Epoch 28/50  iter 300/743  loss=0.2075  lr=2.71e-05
[02:22:21 INFO] Epoch 28/50  iter 350/743  loss=0.1449  lr=2.70e-05
[02:22:34 INFO] Epoch 28/50  iter 400/743  loss=0.1134  lr=2.70e-05
[02:22:48 INFO] Epoch 28/50  iter 450/743  loss=0.1123  lr=2.69e-05
[02:23:01 INFO] Epoch 28/50  iter 500/743  loss=0.2143  lr=2.68e-05
[02:23:14 INFO] Epoch 28/50  iter 550/743  loss=0.2036  lr=2.67e-05
[02:23:28 INFO] Epoch 28/50  iter 600/743  loss=0.3104  lr=2.66e-05
[02:23:41 INFO] Epoch 28/50  iter 650/743  loss=0.0766  lr=2.65e-05
[02:23:54 INFO] Epoch 28/50  iter 700/743  loss=0.1129  lr=2.65e-05
[02:24:06 INFO] Epoch 28 complete — avg_loss=0.1480  time=199s
[02:24:20 INFO] Epoch 29/50  iter 50/743  loss=0.2039  lr=2.63e-05
[02:24:34 INFO] Epoch 29/50  iter 100/743  loss=0.1719  lr=2.62e-05
[02:24:47 INFO] Epoch 29/50  iter 150/743  loss=0.1346  lr=2.62e-05
[02:25:00 INFO] Epoch 29/50  iter 200/743  loss=0.1343  lr=2.61e-05
[02:25:14 INFO] Epoch 29/50  iter 250/743  loss=0.0827  lr=2.60e-05
[02:25:27 INFO] Epoch 29/50  iter 300/743  loss=0.1535  lr=2.59e-05
[02:25:41 INFO] Epoch 29/50  iter 350/743  loss=0.1713  lr=2.58e-05
[02:25:54 INFO] Epoch 29/50  iter 400/743  loss=0.1520  lr=2.58e-05
[02:26:07 INFO] Epoch 29/50  iter 450/743  loss=0.1618  lr=2.57e-05
[02:26:21 INFO] Epoch 29/50  iter 500/743  loss=0.0629  lr=2.56e-05
[02:26:34 INFO] Epoch 29/50  iter 550/743  loss=0.1481  lr=2.55e-05
[02:26:47 INFO] Epoch 29/50  iter 600/743  loss=0.0612  lr=2.54e-05
[02:27:01 INFO] Epoch 29/50  iter 650/743  loss=0.1232  lr=2.53e-05
[02:27:14 INFO] Epoch 29/50  iter 700/743  loss=0.0895  lr=2.53e-05
[02:27:26 INFO] Epoch 29 complete — avg_loss=0.1505  time=199s
[02:27:40 INFO] Epoch 30/50  iter 50/743  loss=0.2105  lr=2.51e-05
[02:27:54 INFO] Epoch 30/50  iter 100/743  loss=0.0793  lr=2.50e-05
[02:28:07 INFO] Epoch 30/50  iter 150/743  loss=0.0344  lr=2.50e-05
[02:28:20 INFO] Epoch 30/50  iter 200/743  loss=0.0569  lr=2.49e-05
[02:28:34 INFO] Epoch 30/50  iter 250/743  loss=0.0695  lr=2.48e-05
[02:28:47 INFO] Epoch 30/50  iter 300/743  loss=0.1296  lr=2.47e-05
[02:29:01 INFO] Epoch 30/50  iter 350/743  loss=0.0693  lr=2.46e-05
[02:29:14 INFO] Epoch 30/50  iter 400/743  loss=0.1205  lr=2.46e-05
[02:29:27 INFO] Epoch 30/50  iter 450/743  loss=0.0764  lr=2.45e-05
[02:29:41 INFO] Epoch 30/50  iter 500/743  loss=0.1032  lr=2.44e-05
[02:29:54 INFO] Epoch 30/50  iter 550/743  loss=0.2481  lr=2.43e-05
[02:30:07 INFO] Epoch 30/50  iter 600/743  loss=0.0991  lr=2.42e-05
[02:30:21 INFO] Epoch 30/50  iter 650/743  loss=0.1780  lr=2.41e-05
[02:30:34 INFO] Epoch 30/50  iter 700/743  loss=0.1408  lr=2.41e-05
[02:30:46 INFO] Epoch 30 complete — avg_loss=0.1477  time=199s
[02:32:46 INFO]   val mIoU = 0.7555
[02:32:47 INFO]   ★ New best val mIoU: 0.7555
[02:33:01 INFO] Epoch 31/50  iter 50/743  loss=0.1088  lr=2.39e-05
[02:33:14 INFO] Epoch 31/50  iter 100/743  loss=0.1422  lr=2.38e-05
[02:33:28 INFO] Epoch 31/50  iter 150/743  loss=0.1449  lr=2.38e-05
[02:33:41 INFO] Epoch 31/50  iter 200/743  loss=0.5622  lr=2.37e-05
[02:33:55 INFO] Epoch 31/50  iter 250/743  loss=0.0847  lr=2.36e-05
[02:34:08 INFO] Epoch 31/50  iter 300/743  loss=0.4724  lr=2.35e-05
[02:34:21 INFO] Epoch 31/50  iter 350/743  loss=0.3251  lr=2.34e-05
[02:34:35 INFO] Epoch 31/50  iter 400/743  loss=0.0677  lr=2.34e-05
[02:34:48 INFO] Epoch 31/50  iter 450/743  loss=0.1603  lr=2.33e-05
[02:35:01 INFO] Epoch 31/50  iter 500/743  loss=0.1093  lr=2.32e-05
[02:35:15 INFO] Epoch 31/50  iter 550/743  loss=0.4751  lr=2.31e-05
[02:35:28 INFO] Epoch 31/50  iter 600/743  loss=0.0877  lr=2.30e-05
[02:35:41 INFO] Epoch 31/50  iter 650/743  loss=0.1649  lr=2.29e-05
[02:35:55 INFO] Epoch 31/50  iter 700/743  loss=0.1055  lr=2.29e-05
[02:36:06 INFO] Epoch 31 complete — avg_loss=0.1453  time=199s
[02:36:21 INFO] Epoch 32/50  iter 50/743  loss=0.1416  lr=2.27e-05
[02:36:34 INFO] Epoch 32/50  iter 100/743  loss=0.2347  lr=2.26e-05
[02:36:48 INFO] Epoch 32/50  iter 150/743  loss=0.0693  lr=2.26e-05
[02:37:01 INFO] Epoch 32/50  iter 200/743  loss=0.1392  lr=2.25e-05
[02:37:14 INFO] Epoch 32/50  iter 250/743  loss=0.1448  lr=2.24e-05
[02:37:28 INFO] Epoch 32/50  iter 300/743  loss=0.0399  lr=2.23e-05
[02:37:41 INFO] Epoch 32/50  iter 350/743  loss=0.2107  lr=2.22e-05
[02:37:54 INFO] Epoch 32/50  iter 400/743  loss=0.0997  lr=2.22e-05
[02:38:08 INFO] Epoch 32/50  iter 450/743  loss=0.0689  lr=2.21e-05
[02:38:21 INFO] Epoch 32/50  iter 500/743  loss=0.1674  lr=2.20e-05
[02:38:35 INFO] Epoch 32/50  iter 550/743  loss=0.0783  lr=2.19e-05
[02:38:48 INFO] Epoch 32/50  iter 600/743  loss=0.0826  lr=2.18e-05
[02:39:01 INFO] Epoch 32/50  iter 650/743  loss=0.1354  lr=2.17e-05
[02:39:15 INFO] Epoch 32/50  iter 700/743  loss=0.1866  lr=2.17e-05
[02:39:26 INFO] Epoch 32 complete — avg_loss=0.1466  time=199s
[02:39:41 INFO] Epoch 33/50  iter 50/743  loss=0.4053  lr=2.15e-05
[02:39:54 INFO] Epoch 33/50  iter 100/743  loss=0.0881  lr=2.14e-05
[02:40:07 INFO] Epoch 33/50  iter 150/743  loss=0.1060  lr=2.14e-05
[02:40:21 INFO] Epoch 33/50  iter 200/743  loss=0.0596  lr=2.13e-05
[02:40:34 INFO] Epoch 33/50  iter 250/743  loss=0.0580  lr=2.12e-05
[02:40:48 INFO] Epoch 33/50  iter 300/743  loss=0.1129  lr=2.11e-05
[02:41:01 INFO] Epoch 33/50  iter 350/743  loss=0.2672  lr=2.10e-05
[02:41:14 INFO] Epoch 33/50  iter 400/743  loss=0.1590  lr=2.10e-05
[02:41:28 INFO] Epoch 33/50  iter 450/743  loss=0.1756  lr=2.09e-05
[02:41:41 INFO] Epoch 33/50  iter 500/743  loss=0.0898  lr=2.08e-05
[02:41:54 INFO] Epoch 33/50  iter 550/743  loss=0.1179  lr=2.07e-05
[02:42:08 INFO] Epoch 33/50  iter 600/743  loss=0.0615  lr=2.06e-05
[02:42:21 INFO] Epoch 33/50  iter 650/743  loss=0.1001  lr=2.05e-05
[02:42:35 INFO] Epoch 33/50  iter 700/743  loss=0.0490  lr=2.05e-05
[02:42:46 INFO] Epoch 33 complete — avg_loss=0.1434  time=199s
[02:43:01 INFO] Epoch 34/50  iter 50/743  loss=0.0542  lr=2.03e-05
[02:43:14 INFO] Epoch 34/50  iter 100/743  loss=0.1554  lr=2.02e-05
[02:43:27 INFO] Epoch 34/50  iter 150/743  loss=0.1294  lr=2.02e-05
[02:43:41 INFO] Epoch 34/50  iter 200/743  loss=0.1452  lr=2.01e-05
[02:43:54 INFO] Epoch 34/50  iter 250/743  loss=0.1688  lr=2.00e-05
[02:44:08 INFO] Epoch 34/50  iter 300/743  loss=0.1823  lr=1.99e-05
[02:44:21 INFO] Epoch 34/50  iter 350/743  loss=0.2195  lr=1.98e-05
[02:44:34 INFO] Epoch 34/50  iter 400/743  loss=0.1134  lr=1.98e-05
[02:44:48 INFO] Epoch 34/50  iter 450/743  loss=0.1160  lr=1.97e-05
[02:45:01 INFO] Epoch 34/50  iter 500/743  loss=0.1305  lr=1.96e-05
[02:45:15 INFO] Epoch 34/50  iter 550/743  loss=0.1384  lr=1.95e-05
[02:45:28 INFO] Epoch 34/50  iter 600/743  loss=0.3343  lr=1.94e-05
[02:45:41 INFO] Epoch 34/50  iter 650/743  loss=0.1200  lr=1.93e-05
[02:45:55 INFO] Epoch 34/50  iter 700/743  loss=0.0790  lr=1.93e-05
[02:46:06 INFO] Epoch 34 complete — avg_loss=0.1475  time=200s
[02:46:21 INFO] Epoch 35/50  iter 50/743  loss=0.0798  lr=1.91e-05
[02:46:34 INFO] Epoch 35/50  iter 100/743  loss=0.1627  lr=1.90e-05
[02:46:48 INFO] Epoch 35/50  iter 150/743  loss=0.1396  lr=1.90e-05
[02:47:01 INFO] Epoch 35/50  iter 200/743  loss=0.1417  lr=1.89e-05
[02:47:14 INFO] Epoch 35/50  iter 250/743  loss=0.0979  lr=1.88e-05
[02:47:28 INFO] Epoch 35/50  iter 300/743  loss=0.2209  lr=1.87e-05
[02:47:41 INFO] Epoch 35/50  iter 350/743  loss=0.1010  lr=1.86e-05
[02:47:55 INFO] Epoch 35/50  iter 400/743  loss=0.0931  lr=1.86e-05
[02:48:08 INFO] Epoch 35/50  iter 450/743  loss=0.3068  lr=1.85e-05
[02:48:21 INFO] Epoch 35/50  iter 500/743  loss=0.1851  lr=1.84e-05
[02:48:35 INFO] Epoch 35/50  iter 550/743  loss=0.6574  lr=1.83e-05
[02:48:48 INFO] Epoch 35/50  iter 600/743  loss=0.1242  lr=1.82e-05
[02:49:01 INFO] Epoch 35/50  iter 650/743  loss=0.1225  lr=1.81e-05
[02:49:15 INFO] Epoch 35/50  iter 700/743  loss=0.0944  lr=1.81e-05
[02:49:26 INFO] Epoch 35 complete — avg_loss=0.1411  time=199s
[02:51:26 INFO]   val mIoU = 0.7559
[02:51:27 INFO]   ★ New best val mIoU: 0.7559
[02:51:42 INFO] Epoch 36/50  iter 50/743  loss=0.1356  lr=1.79e-05
[02:51:55 INFO] Epoch 36/50  iter 100/743  loss=0.2005  lr=1.78e-05
[02:52:08 INFO] Epoch 36/50  iter 150/743  loss=0.1410  lr=1.78e-05
[02:52:22 INFO] Epoch 36/50  iter 200/743  loss=0.0913  lr=1.77e-05
[02:52:35 INFO] Epoch 36/50  iter 250/743  loss=0.0782  lr=1.76e-05
[02:52:49 INFO] Epoch 36/50  iter 300/743  loss=0.1166  lr=1.75e-05
[02:53:02 INFO] Epoch 36/50  iter 350/743  loss=0.0766  lr=1.74e-05
[02:53:15 INFO] Epoch 36/50  iter 400/743  loss=0.0754  lr=1.74e-05
[02:53:29 INFO] Epoch 36/50  iter 450/743  loss=0.0986  lr=1.73e-05
[02:53:42 INFO] Epoch 36/50  iter 500/743  loss=0.1207  lr=1.72e-05
[02:53:55 INFO] Epoch 36/50  iter 550/743  loss=0.1219  lr=1.71e-05
[02:54:09 INFO] Epoch 36/50  iter 600/743  loss=0.0617  lr=1.70e-05
[02:54:22 INFO] Epoch 36/50  iter 650/743  loss=0.0475  lr=1.69e-05
[02:54:36 INFO] Epoch 36/50  iter 700/743  loss=0.2052  lr=1.69e-05
[02:54:47 INFO] Epoch 36 complete — avg_loss=0.1335  time=199s
[02:55:02 INFO] Epoch 37/50  iter 50/743  loss=0.0897  lr=1.67e-05
[02:55:15 INFO] Epoch 37/50  iter 100/743  loss=0.1458  lr=1.66e-05
[02:55:28 INFO] Epoch 37/50  iter 150/743  loss=0.1181  lr=1.66e-05
[02:55:42 INFO] Epoch 37/50  iter 200/743  loss=0.1728  lr=1.65e-05
[02:55:55 INFO] Epoch 37/50  iter 250/743  loss=0.0654  lr=1.64e-05
[02:56:09 INFO] Epoch 37/50  iter 300/743  loss=0.1402  lr=1.63e-05
[02:56:22 INFO] Epoch 37/50  iter 350/743  loss=0.1499  lr=1.62e-05
[02:56:35 INFO] Epoch 37/50  iter 400/743  loss=0.2685  lr=1.62e-05
[02:56:49 INFO] Epoch 37/50  iter 450/743  loss=0.1053  lr=1.61e-05
[02:57:02 INFO] Epoch 37/50  iter 500/743  loss=0.1537  lr=1.60e-05
[02:57:15 INFO] Epoch 37/50  iter 550/743  loss=0.1735  lr=1.59e-05
[02:57:29 INFO] Epoch 37/50  iter 600/743  loss=0.1331  lr=1.58e-05
[02:57:42 INFO] Epoch 37/50  iter 650/743  loss=0.1405  lr=1.57e-05
[02:57:56 INFO] Epoch 37/50  iter 700/743  loss=0.1367  lr=1.57e-05
[02:58:07 INFO] Epoch 37 complete — avg_loss=0.1416  time=199s
[02:58:22 INFO] Epoch 38/50  iter 50/743  loss=0.1729  lr=1.55e-05
[02:58:35 INFO] Epoch 38/50  iter 100/743  loss=0.0596  lr=1.54e-05
[02:58:48 INFO] Epoch 38/50  iter 150/743  loss=0.1077  lr=1.54e-05
[02:59:02 INFO] Epoch 38/50  iter 200/743  loss=0.0661  lr=1.53e-05
[02:59:15 INFO] Epoch 38/50  iter 250/743  loss=0.1455  lr=1.52e-05
[02:59:29 INFO] Epoch 38/50  iter 300/743  loss=0.1353  lr=1.51e-05
[02:59:42 INFO] Epoch 38/50  iter 350/743  loss=1.3666  lr=1.50e-05
[02:59:55 INFO] Epoch 38/50  iter 400/743  loss=0.0517  lr=1.50e-05
[03:00:09 INFO] Epoch 38/50  iter 450/743  loss=0.1568  lr=1.49e-05
[03:00:22 INFO] Epoch 38/50  iter 500/743  loss=0.2315  lr=1.48e-05
[03:00:35 INFO] Epoch 38/50  iter 550/743  loss=0.1841  lr=1.47e-05
[03:00:49 INFO] Epoch 38/50  iter 600/743  loss=0.1823  lr=1.46e-05
[03:01:02 INFO] Epoch 38/50  iter 650/743  loss=0.1014  lr=1.45e-05
[03:01:15 INFO] Epoch 38/50  iter 700/743  loss=0.0944  lr=1.45e-05
[03:01:27 INFO] Epoch 38 complete — avg_loss=0.1388  time=199s
[03:01:42 INFO] Epoch 39/50  iter 50/743  loss=0.0598  lr=1.43e-05
[03:01:55 INFO] Epoch 39/50  iter 100/743  loss=0.0511  lr=1.42e-05
[03:02:08 INFO] Epoch 39/50  iter 150/743  loss=0.0934  lr=1.42e-05
[03:02:22 INFO] Epoch 39/50  iter 200/743  loss=0.8419  lr=1.41e-05
[03:02:35 INFO] Epoch 39/50  iter 250/743  loss=0.1268  lr=1.40e-05
[03:02:48 INFO] Epoch 39/50  iter 300/743  loss=0.1100  lr=1.39e-05
[03:03:02 INFO] Epoch 39/50  iter 350/743  loss=0.2288  lr=1.38e-05
[03:03:15 INFO] Epoch 39/50  iter 400/743  loss=0.1334  lr=1.38e-05
[03:03:28 INFO] Epoch 39/50  iter 450/743  loss=0.2186  lr=1.37e-05
[03:03:42 INFO] Epoch 39/50  iter 500/743  loss=0.1000  lr=1.36e-05
[03:03:55 INFO] Epoch 39/50  iter 550/743  loss=0.1821  lr=1.35e-05
[03:04:09 INFO] Epoch 39/50  iter 600/743  loss=0.3155  lr=1.34e-05
[03:04:22 INFO] Epoch 39/50  iter 650/743  loss=0.1277  lr=1.33e-05
[03:04:35 INFO] Epoch 39/50  iter 700/743  loss=0.0886  lr=1.33e-05
[03:04:47 INFO] Epoch 39 complete — avg_loss=0.1388  time=199s
[03:05:01 INFO] Epoch 40/50  iter 50/743  loss=0.3477  lr=1.31e-05
[03:05:15 INFO] Epoch 40/50  iter 100/743  loss=0.1130  lr=1.30e-05
[03:05:28 INFO] Epoch 40/50  iter 150/743  loss=0.0464  lr=1.30e-05
[03:05:42 INFO] Epoch 40/50  iter 200/743  loss=0.1088  lr=1.29e-05
[03:05:55 INFO] Epoch 40/50  iter 250/743  loss=0.1737  lr=1.28e-05
[03:06:08 INFO] Epoch 40/50  iter 300/743  loss=0.1369  lr=1.27e-05
[03:06:22 INFO] Epoch 40/50  iter 350/743  loss=0.2952  lr=1.26e-05
[03:06:35 INFO] Epoch 40/50  iter 400/743  loss=0.1152  lr=1.26e-05
[03:06:48 INFO] Epoch 40/50  iter 450/743  loss=0.1311  lr=1.25e-05
[03:07:02 INFO] Epoch 40/50  iter 500/743  loss=0.2545  lr=1.24e-05
[03:07:15 INFO] Epoch 40/50  iter 550/743  loss=0.1920  lr=1.23e-05
[03:07:29 INFO] Epoch 40/50  iter 600/743  loss=0.1915  lr=1.22e-05
[03:07:42 INFO] Epoch 40/50  iter 650/743  loss=0.1988  lr=1.21e-05
[03:07:55 INFO] Epoch 40/50  iter 700/743  loss=0.0725  lr=1.21e-05
[03:08:07 INFO] Epoch 40 complete — avg_loss=0.1346  time=199s
[03:10:07 INFO]   val mIoU = 0.7677
[03:10:08 INFO]   ★ New best val mIoU: 0.7677
[03:10:22 INFO] Epoch 41/50  iter 50/743  loss=0.1031  lr=1.19e-05
[03:10:36 INFO] Epoch 41/50  iter 100/743  loss=0.1060  lr=1.18e-05
[03:10:49 INFO] Epoch 41/50  iter 150/743  loss=0.0655  lr=1.18e-05
[03:11:02 INFO] Epoch 41/50  iter 200/743  loss=0.0576  lr=1.17e-05
[03:11:16 INFO] Epoch 41/50  iter 250/743  loss=0.1535  lr=1.16e-05
[03:11:29 INFO] Epoch 41/50  iter 300/743  loss=0.0917  lr=1.15e-05
[03:11:43 INFO] Epoch 41/50  iter 350/743  loss=0.0951  lr=1.14e-05
[03:11:56 INFO] Epoch 41/50  iter 400/743  loss=0.1281  lr=1.14e-05
[03:12:09 INFO] Epoch 41/50  iter 450/743  loss=0.1572  lr=1.13e-05
[03:12:23 INFO] Epoch 41/50  iter 500/743  loss=0.0786  lr=1.12e-05
[03:12:36 INFO] Epoch 41/50  iter 550/743  loss=0.0641  lr=1.11e-05
[03:12:49 INFO] Epoch 41/50  iter 600/743  loss=0.0959  lr=1.10e-05
[03:13:03 INFO] Epoch 41/50  iter 650/743  loss=0.1785  lr=1.09e-05
[03:13:16 INFO] Epoch 41/50  iter 700/743  loss=0.0849  lr=1.09e-05
[03:13:28 INFO] Epoch 41 complete — avg_loss=0.1312  time=199s
[03:13:42 INFO] Epoch 42/50  iter 50/743  loss=0.0873  lr=1.07e-05
[03:13:56 INFO] Epoch 42/50  iter 100/743  loss=0.1353  lr=1.06e-05
[03:14:09 INFO] Epoch 42/50  iter 150/743  loss=0.1779  lr=1.06e-05
[03:14:22 INFO] Epoch 42/50  iter 200/743  loss=0.1581  lr=1.05e-05
[03:14:36 INFO] Epoch 42/50  iter 250/743  loss=0.0651  lr=1.04e-05
[03:14:49 INFO] Epoch 42/50  iter 300/743  loss=0.1874  lr=1.03e-05
[03:15:03 INFO] Epoch 42/50  iter 350/743  loss=0.1122  lr=1.02e-05
[03:15:16 INFO] Epoch 42/50  iter 400/743  loss=0.1025  lr=1.02e-05
[03:15:29 INFO] Epoch 42/50  iter 450/743  loss=0.0782  lr=1.01e-05
[03:15:43 INFO] Epoch 42/50  iter 500/743  loss=0.0829  lr=9.99e-06
[03:15:56 INFO] Epoch 42/50  iter 550/743  loss=0.0923  lr=9.91e-06
[03:16:09 INFO] Epoch 42/50  iter 600/743  loss=0.1124  lr=9.83e-06
[03:16:23 INFO] Epoch 42/50  iter 650/743  loss=0.0710  lr=9.75e-06
[03:16:36 INFO] Epoch 42/50  iter 700/743  loss=0.1239  lr=9.67e-06
[03:16:48 INFO] Epoch 42 complete — avg_loss=0.1292  time=199s
[03:17:02 INFO] Epoch 43/50  iter 50/743  loss=0.0540  lr=9.52e-06
[03:17:16 INFO] Epoch 43/50  iter 100/743  loss=0.1880  lr=9.44e-06
[03:17:29 INFO] Epoch 43/50  iter 150/743  loss=0.1378  lr=9.36e-06
[03:17:42 INFO] Epoch 43/50  iter 200/743  loss=0.0775  lr=9.28e-06
[03:17:56 INFO] Epoch 43/50  iter 250/743  loss=0.0851  lr=9.19e-06
[03:18:09 INFO] Epoch 43/50  iter 300/743  loss=0.1173  lr=9.11e-06
[03:18:22 INFO] Epoch 43/50  iter 350/743  loss=0.1068  lr=9.03e-06
[03:18:36 INFO] Epoch 43/50  iter 400/743  loss=0.0902  lr=8.95e-06
[03:18:49 INFO] Epoch 43/50  iter 450/743  loss=0.0921  lr=8.87e-06
[03:19:03 INFO] Epoch 43/50  iter 500/743  loss=0.0869  lr=8.79e-06
[03:19:16 INFO] Epoch 43/50  iter 550/743  loss=0.0996  lr=8.71e-06
[03:19:29 INFO] Epoch 43/50  iter 600/743  loss=0.0781  lr=8.63e-06
[03:19:43 INFO] Epoch 43/50  iter 650/743  loss=0.1809  lr=8.55e-06
[03:19:56 INFO] Epoch 43/50  iter 700/743  loss=0.0802  lr=8.47e-06
[03:20:08 INFO] Epoch 43 complete — avg_loss=0.1359  time=199s
[03:20:22 INFO] Epoch 44/50  iter 50/743  loss=0.0846  lr=8.32e-06
[03:20:35 INFO] Epoch 44/50  iter 100/743  loss=0.1284  lr=8.24e-06
[03:20:49 INFO] Epoch 44/50  iter 150/743  loss=0.1259  lr=8.16e-06
[03:21:02 INFO] Epoch 44/50  iter 200/743  loss=0.1344  lr=8.08e-06
[03:21:16 INFO] Epoch 44/50  iter 250/743  loss=0.0910  lr=7.99e-06
[03:21:29 INFO] Epoch 44/50  iter 300/743  loss=0.1075  lr=7.91e-06
[03:21:42 INFO] Epoch 44/50  iter 350/743  loss=0.0835  lr=7.83e-06
[03:21:56 INFO] Epoch 44/50  iter 400/743  loss=0.1888  lr=7.75e-06
[03:22:09 INFO] Epoch 44/50  iter 450/743  loss=0.1026  lr=7.67e-06
[03:22:22 INFO] Epoch 44/50  iter 500/743  loss=0.1300  lr=7.59e-06
[03:22:36 INFO] Epoch 44/50  iter 550/743  loss=0.2007  lr=7.51e-06
[03:22:49 INFO] Epoch 44/50  iter 600/743  loss=0.1462  lr=7.43e-06
[03:23:03 INFO] Epoch 44/50  iter 650/743  loss=0.1152  lr=7.35e-06
[03:23:16 INFO] Epoch 44/50  iter 700/743  loss=0.0833  lr=7.27e-06
[03:23:27 INFO] Epoch 44 complete — avg_loss=0.1295  time=199s
[03:23:42 INFO] Epoch 45/50  iter 50/743  loss=0.0414  lr=7.12e-06
[03:23:55 INFO] Epoch 45/50  iter 100/743  loss=0.1337  lr=7.04e-06
[03:24:09 INFO] Epoch 45/50  iter 150/743  loss=0.1107  lr=6.96e-06
[03:24:22 INFO] Epoch 45/50  iter 200/743  loss=0.1808  lr=6.88e-06
[03:24:35 INFO] Epoch 45/50  iter 250/743  loss=0.1253  lr=6.79e-06
[03:24:49 INFO] Epoch 45/50  iter 300/743  loss=0.1525  lr=6.71e-06
[03:25:02 INFO] Epoch 45/50  iter 350/743  loss=0.0962  lr=6.63e-06
[03:25:16 INFO] Epoch 45/50  iter 400/743  loss=0.1627  lr=6.55e-06
[03:25:29 INFO] Epoch 45/50  iter 450/743  loss=0.0725  lr=6.47e-06
[03:25:42 INFO] Epoch 45/50  iter 500/743  loss=0.1718  lr=6.39e-06
[03:25:56 INFO] Epoch 45/50  iter 550/743  loss=0.2714  lr=6.31e-06
[03:26:09 INFO] Epoch 45/50  iter 600/743  loss=0.1617  lr=6.23e-06
[03:26:22 INFO] Epoch 45/50  iter 650/743  loss=0.0830  lr=6.15e-06
[03:26:36 INFO] Epoch 45/50  iter 700/743  loss=0.0877  lr=6.07e-06
[03:26:47 INFO] Epoch 45 complete — avg_loss=0.1285  time=199s
[03:28:47 INFO]   val mIoU = 0.7692
[03:28:48 INFO]   ★ New best val mIoU: 0.7692
[03:29:03 INFO] Epoch 46/50  iter 50/743  loss=0.1033  lr=5.92e-06
[03:29:16 INFO] Epoch 46/50  iter 100/743  loss=0.0852  lr=5.84e-06
[03:29:29 INFO] Epoch 46/50  iter 150/743  loss=0.1600  lr=5.76e-06
[03:29:43 INFO] Epoch 46/50  iter 200/743  loss=0.1129  lr=5.68e-06
[03:29:56 INFO] Epoch 46/50  iter 250/743  loss=0.1544  lr=5.59e-06
[03:30:09 INFO] Epoch 46/50  iter 300/743  loss=0.1211  lr=5.51e-06
[03:30:23 INFO] Epoch 46/50  iter 350/743  loss=0.1375  lr=5.43e-06
[03:30:36 INFO] Epoch 46/50  iter 400/743  loss=0.1297  lr=5.35e-06
[03:30:49 INFO] Epoch 46/50  iter 450/743  loss=0.0829  lr=5.27e-06
[03:31:03 INFO] Epoch 46/50  iter 500/743  loss=0.0661  lr=5.19e-06
[03:31:16 INFO] Epoch 46/50  iter 550/743  loss=0.8719  lr=5.11e-06
[03:31:30 INFO] Epoch 46/50  iter 600/743  loss=0.2017  lr=5.03e-06
[03:31:43 INFO] Epoch 46/50  iter 650/743  loss=0.2496  lr=4.95e-06
[03:31:56 INFO] Epoch 46/50  iter 700/743  loss=0.0656  lr=4.87e-06
[03:32:08 INFO] Epoch 46 complete — avg_loss=0.1308  time=199s
[03:32:22 INFO] Epoch 47/50  iter 50/743  loss=0.1377  lr=4.72e-06
[03:32:36 INFO] Epoch 47/50  iter 100/743  loss=0.0639  lr=4.64e-06
[03:32:49 INFO] Epoch 47/50  iter 150/743  loss=0.0857  lr=4.56e-06
[03:33:02 INFO] Epoch 47/50  iter 200/743  loss=0.1385  lr=4.48e-06
[03:33:16 INFO] Epoch 47/50  iter 250/743  loss=0.0994  lr=4.39e-06
[03:33:29 INFO] Epoch 47/50  iter 300/743  loss=0.1299  lr=4.31e-06
[03:33:42 INFO] Epoch 47/50  iter 350/743  loss=0.1555  lr=4.23e-06
[03:33:56 INFO] Epoch 47/50  iter 400/743  loss=0.1178  lr=4.15e-06
[03:34:09 INFO] Epoch 47/50  iter 450/743  loss=0.1757  lr=4.07e-06
[03:34:22 INFO] Epoch 47/50  iter 500/743  loss=0.1189  lr=3.99e-06
[03:34:36 INFO] Epoch 47/50  iter 550/743  loss=0.1277  lr=3.91e-06
[03:34:49 INFO] Epoch 47/50  iter 600/743  loss=0.3192  lr=3.83e-06
[03:35:03 INFO] Epoch 47/50  iter 650/743  loss=0.1039  lr=3.75e-06
[03:35:16 INFO] Epoch 47/50  iter 700/743  loss=0.0981  lr=3.67e-06
[03:35:27 INFO] Epoch 47 complete — avg_loss=0.1284  time=199s
[03:35:42 INFO] Epoch 48/50  iter 50/743  loss=0.0859  lr=3.52e-06
[03:35:55 INFO] Epoch 48/50  iter 100/743  loss=0.0677  lr=3.44e-06
[03:36:09 INFO] Epoch 48/50  iter 150/743  loss=0.1135  lr=3.36e-06
[03:36:22 INFO] Epoch 48/50  iter 200/743  loss=0.2672  lr=3.28e-06
[03:36:35 INFO] Epoch 48/50  iter 250/743  loss=0.0839  lr=3.19e-06
[03:36:49 INFO] Epoch 48/50  iter 300/743  loss=0.0821  lr=3.11e-06
[03:37:02 INFO] Epoch 48/50  iter 350/743  loss=0.1433  lr=3.03e-06
[03:37:16 INFO] Epoch 48/50  iter 400/743  loss=0.2202  lr=2.95e-06
[03:37:29 INFO] Epoch 48/50  iter 450/743  loss=0.0952  lr=2.87e-06
[03:37:42 INFO] Epoch 48/50  iter 500/743  loss=0.0555  lr=2.79e-06
[03:37:56 INFO] Epoch 48/50  iter 550/743  loss=0.1081  lr=2.71e-06
[03:38:09 INFO] Epoch 48/50  iter 600/743  loss=0.1480  lr=2.63e-06
[03:38:22 INFO] Epoch 48/50  iter 650/743  loss=0.0969  lr=2.55e-06
[03:38:36 INFO] Epoch 48/50  iter 700/743  loss=0.1812  lr=2.47e-06
[03:38:47 INFO] Epoch 48 complete — avg_loss=0.1277  time=199s
[03:39:02 INFO] Epoch 49/50  iter 50/743  loss=0.1038  lr=2.32e-06
[03:39:15 INFO] Epoch 49/50  iter 100/743  loss=0.1493  lr=2.24e-06
[03:39:29 INFO] Epoch 49/50  iter 150/743  loss=0.1500  lr=2.16e-06
[03:39:42 INFO] Epoch 49/50  iter 200/743  loss=0.1405  lr=2.08e-06
[03:39:55 INFO] Epoch 49/50  iter 250/743  loss=0.2084  lr=1.99e-06
[03:40:09 INFO] Epoch 49/50  iter 300/743  loss=0.1112  lr=1.91e-06
[03:40:22 INFO] Epoch 49/50  iter 350/743  loss=0.1581  lr=1.83e-06
[03:40:35 INFO] Epoch 49/50  iter 400/743  loss=0.1288  lr=1.75e-06
[03:40:49 INFO] Epoch 49/50  iter 450/743  loss=0.0675  lr=1.67e-06
[03:41:02 INFO] Epoch 49/50  iter 500/743  loss=0.0819  lr=1.59e-06
[03:41:16 INFO] Epoch 49/50  iter 550/743  loss=0.1539  lr=1.51e-06
[03:41:29 INFO] Epoch 49/50  iter 600/743  loss=0.0672  lr=1.43e-06
[03:41:42 INFO] Epoch 49/50  iter 650/743  loss=0.1102  lr=1.35e-06
[03:41:56 INFO] Epoch 49/50  iter 700/743  loss=0.1055  lr=1.27e-06
[03:42:07 INFO] Epoch 49 complete — avg_loss=0.1246  time=199s
[03:42:22 INFO] Epoch 50/50  iter 50/743  loss=0.1147  lr=1.12e-06
[03:42:35 INFO] Epoch 50/50  iter 100/743  loss=0.1628  lr=1.04e-06
[03:42:48 INFO] Epoch 50/50  iter 150/743  loss=0.0467  lr=9.56e-07
[03:43:02 INFO] Epoch 50/50  iter 200/743  loss=0.1374  lr=8.75e-07
[03:43:15 INFO] Epoch 50/50  iter 250/743  loss=0.0948  lr=7.95e-07
[03:43:29 INFO] Epoch 50/50  iter 300/743  loss=0.0908  lr=7.14e-07
[03:43:42 INFO] Epoch 50/50  iter 350/743  loss=0.1593  lr=6.33e-07
[03:43:55 INFO] Epoch 50/50  iter 400/743  loss=0.1102  lr=5.52e-07
[03:44:09 INFO] Epoch 50/50  iter 450/743  loss=0.0784  lr=4.72e-07
[03:44:22 INFO] Epoch 50/50  iter 500/743  loss=0.1245  lr=3.91e-07
[03:44:35 INFO] Epoch 50/50  iter 550/743  loss=0.1032  lr=3.10e-07
[03:44:49 INFO] Epoch 50/50  iter 600/743  loss=0.0738  lr=2.29e-07
[03:45:02 INFO] Epoch 50/50  iter 650/743  loss=0.1143  lr=1.49e-07
[03:45:16 INFO] Epoch 50/50  iter 700/743  loss=0.1514  lr=6.78e-08
[03:45:27 INFO] Epoch 50 complete — avg_loss=0.1309  time=199s
[03:47:27 INFO]   val mIoU = 0.7736
[03:47:28 INFO]   ★ New best val mIoU: 0.7736
[03:47:28 INFO] Training complete. Best val mIoU = 0.7736
