[08:28:35 INFO] Device: cuda
[08:28:37 INFO] Using fog cache: data/fog_cache/depthaware_b0005
[08:28:37 INFO] fog_prob: 0.1
[08:28:39 INFO] Train: 2975 samples  |  Val: 500 samples
[08:28:53 INFO] Epoch 1/50  iter 50/743  loss=1.4658  lr=5.99e-05
[08:29:06 INFO] Epoch 1/50  iter 100/743  loss=0.8666  lr=5.98e-05
[08:29:19 INFO] Epoch 1/50  iter 150/743  loss=0.4724  lr=5.98e-05
[08:29:33 INFO] Epoch 1/50  iter 200/743  loss=0.6334  lr=5.97e-05
[08:29:46 INFO] Epoch 1/50  iter 250/743  loss=0.3553  lr=5.96e-05
[08:29:59 INFO] Epoch 1/50  iter 300/743  loss=0.2985  lr=5.95e-05
[08:30:13 INFO] Epoch 1/50  iter 350/743  loss=0.6785  lr=5.94e-05
[08:30:26 INFO] Epoch 1/50  iter 400/743  loss=0.3619  lr=5.94e-05
[08:30:39 INFO] Epoch 1/50  iter 450/743  loss=0.3792  lr=5.93e-05
[08:30:53 INFO] Epoch 1/50  iter 500/743  loss=0.2253  lr=5.92e-05
[08:31:06 INFO] Epoch 1/50  iter 550/743  loss=0.8908  lr=5.91e-05
[08:31:19 INFO] Epoch 1/50  iter 600/743  loss=0.2197  lr=5.90e-05
[08:31:33 INFO] Epoch 1/50  iter 650/743  loss=0.3274  lr=5.89e-05
[08:31:46 INFO] Epoch 1/50  iter 700/743  loss=0.4483  lr=5.89e-05
[08:31:57 INFO] Epoch 1 complete — avg_loss=0.6198  time=199s
[08:32:12 INFO] Epoch 2/50  iter 50/743  loss=0.2388  lr=5.87e-05
[08:32:25 INFO] Epoch 2/50  iter 100/743  loss=0.2908  lr=5.86e-05
[08:32:38 INFO] Epoch 2/50  iter 150/743  loss=0.1991  lr=5.86e-05
[08:32:51 INFO] Epoch 2/50  iter 200/743  loss=0.3491  lr=5.85e-05
[08:33:05 INFO] Epoch 2/50  iter 250/743  loss=0.2525  lr=5.84e-05
[08:33:18 INFO] Epoch 2/50  iter 300/743  loss=0.2045  lr=5.83e-05
[08:33:31 INFO] Epoch 2/50  iter 350/743  loss=0.1684  lr=5.82e-05
[08:33:45 INFO] Epoch 2/50  iter 400/743  loss=0.1970  lr=5.82e-05
[08:33:58 INFO] Epoch 2/50  iter 450/743  loss=0.5895  lr=5.81e-05
[08:34:11 INFO] Epoch 2/50  iter 500/743  loss=0.3058  lr=5.80e-05
[08:34:25 INFO] Epoch 2/50  iter 550/743  loss=0.2720  lr=5.79e-05
[08:34:38 INFO] Epoch 2/50  iter 600/743  loss=0.4743  lr=5.78e-05
[08:34:51 INFO] Epoch 2/50  iter 650/743  loss=0.2024  lr=5.77e-05
[08:35:05 INFO] Epoch 2/50  iter 700/743  loss=0.4515  lr=5.77e-05
[08:35:16 INFO] Epoch 2 complete — avg_loss=0.3213  time=198s
[08:35:30 INFO] Epoch 3/50  iter 50/743  loss=0.2983  lr=5.75e-05
[08:35:44 INFO] Epoch 3/50  iter 100/743  loss=0.2527  lr=5.74e-05
[08:35:57 INFO] Epoch 3/50  iter 150/743  loss=0.2744  lr=5.74e-05
[08:36:10 INFO] Epoch 3/50  iter 200/743  loss=0.2166  lr=5.73e-05
[08:36:24 INFO] Epoch 3/50  iter 250/743  loss=0.3670  lr=5.72e-05
[08:36:37 INFO] Epoch 3/50  iter 300/743  loss=1.0510  lr=5.71e-05
[08:36:50 INFO] Epoch 3/50  iter 350/743  loss=0.0977  lr=5.70e-05
[08:37:04 INFO] Epoch 3/50  iter 400/743  loss=0.4423  lr=5.70e-05
[08:37:17 INFO] Epoch 3/50  iter 450/743  loss=0.3742  lr=5.69e-05
[08:37:30 INFO] Epoch 3/50  iter 500/743  loss=0.1691  lr=5.68e-05
[08:37:44 INFO] Epoch 3/50  iter 550/743  loss=0.2708  lr=5.67e-05
[08:37:57 INFO] Epoch 3/50  iter 600/743  loss=0.2176  lr=5.66e-05
[08:38:10 INFO] Epoch 3/50  iter 650/743  loss=0.1695  lr=5.65e-05
[08:38:23 INFO] Epoch 3/50  iter 700/743  loss=0.1262  lr=5.65e-05
[08:38:35 INFO] Epoch 3 complete — avg_loss=0.2708  time=198s
[08:38:49 INFO] Epoch 4/50  iter 50/743  loss=0.1490  lr=5.63e-05
[08:39:02 INFO] Epoch 4/50  iter 100/743  loss=0.1714  lr=5.62e-05
[08:39:16 INFO] Epoch 4/50  iter 150/743  loss=0.5340  lr=5.62e-05
[08:39:29 INFO] Epoch 4/50  iter 200/743  loss=0.2266  lr=5.61e-05
[08:39:42 INFO] Epoch 4/50  iter 250/743  loss=0.2415  lr=5.60e-05
[08:39:56 INFO] Epoch 4/50  iter 300/743  loss=0.1750  lr=5.59e-05
[08:40:09 INFO] Epoch 4/50  iter 350/743  loss=0.0356  lr=5.58e-05
[08:40:22 INFO] Epoch 4/50  iter 400/743  loss=0.1103  lr=5.58e-05
[08:40:36 INFO] Epoch 4/50  iter 450/743  loss=0.0624  lr=5.57e-05
[08:40:49 INFO] Epoch 4/50  iter 500/743  loss=0.1759  lr=5.56e-05
[08:41:02 INFO] Epoch 4/50  iter 550/743  loss=0.2455  lr=5.55e-05
[08:41:16 INFO] Epoch 4/50  iter 600/743  loss=0.3046  lr=5.54e-05
[08:41:29 INFO] Epoch 4/50  iter 650/743  loss=0.1845  lr=5.53e-05
[08:41:42 INFO] Epoch 4/50  iter 700/743  loss=0.1313  lr=5.53e-05
[08:41:54 INFO] Epoch 4 complete — avg_loss=0.2529  time=199s
[08:42:08 INFO] Epoch 5/50  iter 50/743  loss=0.1090  lr=5.51e-05
[08:42:22 INFO] Epoch 5/50  iter 100/743  loss=0.1492  lr=5.50e-05
[08:42:35 INFO] Epoch 5/50  iter 150/743  loss=0.1528  lr=5.50e-05
[08:42:48 INFO] Epoch 5/50  iter 200/743  loss=0.1958  lr=5.49e-05
[08:43:02 INFO] Epoch 5/50  iter 250/743  loss=0.1799  lr=5.48e-05
[08:43:15 INFO] Epoch 5/50  iter 300/743  loss=1.0890  lr=5.47e-05
[08:43:28 INFO] Epoch 5/50  iter 350/743  loss=0.0495  lr=5.46e-05
[08:43:42 INFO] Epoch 5/50  iter 400/743  loss=0.2123  lr=5.46e-05
[08:43:55 INFO] Epoch 5/50  iter 450/743  loss=0.1566  lr=5.45e-05
[08:44:08 INFO] Epoch 5/50  iter 500/743  loss=0.2825  lr=5.44e-05
[08:44:22 INFO] Epoch 5/50  iter 550/743  loss=0.0853  lr=5.43e-05
[08:44:35 INFO] Epoch 5/50  iter 600/743  loss=0.0355  lr=5.42e-05
[08:44:48 INFO] Epoch 5/50  iter 650/743  loss=0.3628  lr=5.41e-05
[08:45:02 INFO] Epoch 5/50  iter 700/743  loss=0.1238  lr=5.41e-05
[08:45:13 INFO] Epoch 5 complete — avg_loss=0.2326  time=199s
[08:47:05 INFO]   val mIoU = 0.6325
[08:47:05 INFO]   ★ New best val mIoU: 0.6325
[08:47:19 INFO] Epoch 6/50  iter 50/743  loss=0.3225  lr=5.39e-05
[08:47:33 INFO] Epoch 6/50  iter 100/743  loss=0.0534  lr=5.38e-05
[08:47:46 INFO] Epoch 6/50  iter 150/743  loss=0.2862  lr=5.38e-05
[08:47:59 INFO] Epoch 6/50  iter 200/743  loss=0.1100  lr=5.37e-05
[08:48:13 INFO] Epoch 6/50  iter 250/743  loss=0.2339  lr=5.36e-05
[08:48:26 INFO] Epoch 6/50  iter 300/743  loss=0.2326  lr=5.35e-05
[08:48:39 INFO] Epoch 6/50  iter 350/743  loss=0.0958  lr=5.34e-05
[08:48:52 INFO] Epoch 6/50  iter 400/743  loss=0.1105  lr=5.34e-05
[08:49:06 INFO] Epoch 6/50  iter 450/743  loss=0.1825  lr=5.33e-05
[08:49:19 INFO] Epoch 6/50  iter 500/743  loss=0.1605  lr=5.32e-05
[08:49:32 INFO] Epoch 6/50  iter 550/743  loss=0.2331  lr=5.31e-05
[08:49:46 INFO] Epoch 6/50  iter 600/743  loss=0.1360  lr=5.30e-05
[08:49:59 INFO] Epoch 6/50  iter 650/743  loss=0.5278  lr=5.29e-05
[08:50:12 INFO] Epoch 6/50  iter 700/743  loss=0.2760  lr=5.29e-05
[08:50:24 INFO] Epoch 6 complete — avg_loss=0.2163  time=198s
[08:50:38 INFO] Epoch 7/50  iter 50/743  loss=0.2001  lr=5.27e-05
[08:50:51 INFO] Epoch 7/50  iter 100/743  loss=0.1205  lr=5.26e-05
[08:51:05 INFO] Epoch 7/50  iter 150/743  loss=0.2796  lr=5.26e-05
[08:51:18 INFO] Epoch 7/50  iter 200/743  loss=0.3414  lr=5.25e-05
[08:51:31 INFO] Epoch 7/50  iter 250/743  loss=0.2187  lr=5.24e-05
[08:51:45 INFO] Epoch 7/50  iter 300/743  loss=0.1468  lr=5.23e-05
[08:51:58 INFO] Epoch 7/50  iter 350/743  loss=0.1850  lr=5.22e-05
[08:52:11 INFO] Epoch 7/50  iter 400/743  loss=0.1114  lr=5.22e-05
[08:52:25 INFO] Epoch 7/50  iter 450/743  loss=0.5510  lr=5.21e-05
[08:52:38 INFO] Epoch 7/50  iter 500/743  loss=0.2743  lr=5.20e-05
[08:52:51 INFO] Epoch 7/50  iter 550/743  loss=0.1987  lr=5.19e-05
[08:53:05 INFO] Epoch 7/50  iter 600/743  loss=0.3142  lr=5.18e-05
[08:53:18 INFO] Epoch 7/50  iter 650/743  loss=0.0247  lr=5.17e-05
[08:53:31 INFO] Epoch 7/50  iter 700/743  loss=0.2227  lr=5.17e-05
[08:53:43 INFO] Epoch 7 complete — avg_loss=0.2041  time=199s
[08:53:57 INFO] Epoch 8/50  iter 50/743  loss=0.1608  lr=5.15e-05
[08:54:10 INFO] Epoch 8/50  iter 100/743  loss=0.2538  lr=5.14e-05
[08:54:24 INFO] Epoch 8/50  iter 150/743  loss=0.0787  lr=5.14e-05
[08:54:37 INFO] Epoch 8/50  iter 200/743  loss=0.1377  lr=5.13e-05
[08:54:50 INFO] Epoch 8/50  iter 250/743  loss=0.1822  lr=5.12e-05
[08:55:04 INFO] Epoch 8/50  iter 300/743  loss=0.2292  lr=5.11e-05
[08:55:17 INFO] Epoch 8/50  iter 350/743  loss=0.1762  lr=5.10e-05
[08:55:30 INFO] Epoch 8/50  iter 400/743  loss=0.2601  lr=5.10e-05
[08:55:44 INFO] Epoch 8/50  iter 450/743  loss=0.1466  lr=5.09e-05
[08:55:57 INFO] Epoch 8/50  iter 500/743  loss=0.1405  lr=5.08e-05
[08:56:10 INFO] Epoch 8/50  iter 550/743  loss=0.1804  lr=5.07e-05
[08:56:24 INFO] Epoch 8/50  iter 600/743  loss=0.0505  lr=5.06e-05
[08:56:37 INFO] Epoch 8/50  iter 650/743  loss=0.1576  lr=5.05e-05
[08:56:50 INFO] Epoch 8/50  iter 700/743  loss=0.0599  lr=5.05e-05
[08:57:02 INFO] Epoch 8 complete — avg_loss=0.2037  time=198s
[08:57:16 INFO] Epoch 9/50  iter 50/743  loss=0.1915  lr=5.03e-05
[08:57:29 INFO] Epoch 9/50  iter 100/743  loss=0.1063  lr=5.02e-05
[08:57:43 INFO] Epoch 9/50  iter 150/743  loss=0.1431  lr=5.02e-05
[08:57:56 INFO] Epoch 9/50  iter 200/743  loss=0.2874  lr=5.01e-05
[08:58:09 INFO] Epoch 9/50  iter 250/743  loss=0.2065  lr=5.00e-05
[08:58:22 INFO] Epoch 9/50  iter 300/743  loss=0.0891  lr=4.99e-05
[08:58:36 INFO] Epoch 9/50  iter 350/743  loss=0.1488  lr=4.98e-05
[08:58:49 INFO] Epoch 9/50  iter 400/743  loss=0.0911  lr=4.98e-05
[08:59:02 INFO] Epoch 9/50  iter 450/743  loss=0.1400  lr=4.97e-05
[08:59:16 INFO] Epoch 9/50  iter 500/743  loss=0.1661  lr=4.96e-05
[08:59:29 INFO] Epoch 9/50  iter 550/743  loss=0.1576  lr=4.95e-05
[08:59:42 INFO] Epoch 9/50  iter 600/743  loss=0.3026  lr=4.94e-05
[08:59:56 INFO] Epoch 9/50  iter 650/743  loss=0.1615  lr=4.93e-05
[09:00:09 INFO] Epoch 9/50  iter 700/743  loss=0.2081  lr=4.93e-05
[09:00:21 INFO] Epoch 9 complete — avg_loss=0.1934  time=198s
[09:00:35 INFO] Epoch 10/50  iter 50/743  loss=0.1857  lr=4.91e-05
[09:00:48 INFO] Epoch 10/50  iter 100/743  loss=0.1857  lr=4.90e-05
[09:01:01 INFO] Epoch 10/50  iter 150/743  loss=0.1318  lr=4.90e-05
[09:01:15 INFO] Epoch 10/50  iter 200/743  loss=0.0790  lr=4.89e-05
[09:01:28 INFO] Epoch 10/50  iter 250/743  loss=0.1093  lr=4.88e-05
[09:01:41 INFO] Epoch 10/50  iter 300/743  loss=0.0732  lr=4.87e-05
[09:01:55 INFO] Epoch 10/50  iter 350/743  loss=0.1893  lr=4.86e-05
[09:02:08 INFO] Epoch 10/50  iter 400/743  loss=0.2260  lr=4.86e-05
[09:02:21 INFO] Epoch 10/50  iter 450/743  loss=0.1964  lr=4.85e-05
[09:02:35 INFO] Epoch 10/50  iter 500/743  loss=0.1574  lr=4.84e-05
[09:02:48 INFO] Epoch 10/50  iter 550/743  loss=0.1964  lr=4.83e-05
[09:03:01 INFO] Epoch 10/50  iter 600/743  loss=0.2584  lr=4.82e-05
[09:03:14 INFO] Epoch 10/50  iter 650/743  loss=0.2928  lr=4.81e-05
[09:03:28 INFO] Epoch 10/50  iter 700/743  loss=0.1089  lr=4.81e-05
[09:03:39 INFO] Epoch 10 complete — avg_loss=0.1939  time=198s
[09:05:37 INFO]   val mIoU = 0.6783
[09:05:37 INFO]   ★ New best val mIoU: 0.6783
[09:05:52 INFO] Epoch 11/50  iter 50/743  loss=0.1413  lr=4.79e-05
[09:06:05 INFO] Epoch 11/50  iter 100/743  loss=0.4580  lr=4.78e-05
[09:06:18 INFO] Epoch 11/50  iter 150/743  loss=0.1694  lr=4.78e-05
[09:06:31 INFO] Epoch 11/50  iter 200/743  loss=0.2306  lr=4.77e-05
[09:06:45 INFO] Epoch 11/50  iter 250/743  loss=0.1466  lr=4.76e-05
[09:06:58 INFO] Epoch 11/50  iter 300/743  loss=0.1990  lr=4.75e-05
[09:07:11 INFO] Epoch 11/50  iter 350/743  loss=0.1442  lr=4.74e-05
[09:07:25 INFO] Epoch 11/50  iter 400/743  loss=0.1515  lr=4.74e-05
[09:07:38 INFO] Epoch 11/50  iter 450/743  loss=0.1865  lr=4.73e-05
[09:07:51 INFO] Epoch 11/50  iter 500/743  loss=0.0835  lr=4.72e-05
[09:08:05 INFO] Epoch 11/50  iter 550/743  loss=0.1159  lr=4.71e-05
[09:08:18 INFO] Epoch 11/50  iter 600/743  loss=0.0793  lr=4.70e-05
[09:08:31 INFO] Epoch 11/50  iter 650/743  loss=0.1524  lr=4.69e-05
[09:08:45 INFO] Epoch 11/50  iter 700/743  loss=0.2384  lr=4.69e-05
[09:08:56 INFO] Epoch 11 complete — avg_loss=0.1777  time=198s
[09:09:10 INFO] Epoch 12/50  iter 50/743  loss=0.0892  lr=4.67e-05
[09:09:24 INFO] Epoch 12/50  iter 100/743  loss=0.2399  lr=4.66e-05
[09:09:37 INFO] Epoch 12/50  iter 150/743  loss=0.1264  lr=4.66e-05
[09:09:50 INFO] Epoch 12/50  iter 200/743  loss=0.1065  lr=4.65e-05
[09:10:04 INFO] Epoch 12/50  iter 250/743  loss=0.1679  lr=4.64e-05
[09:10:17 INFO] Epoch 12/50  iter 300/743  loss=0.0858  lr=4.63e-05
[09:10:30 INFO] Epoch 12/50  iter 350/743  loss=0.2499  lr=4.62e-05
[09:10:44 INFO] Epoch 12/50  iter 400/743  loss=0.0904  lr=4.62e-05
[09:10:57 INFO] Epoch 12/50  iter 450/743  loss=0.1143  lr=4.61e-05
[09:11:10 INFO] Epoch 12/50  iter 500/743  loss=0.0742  lr=4.60e-05
[09:11:24 INFO] Epoch 12/50  iter 550/743  loss=0.1282  lr=4.59e-05
[09:11:37 INFO] Epoch 12/50  iter 600/743  loss=0.1069  lr=4.58e-05
[09:11:50 INFO] Epoch 12/50  iter 650/743  loss=0.2080  lr=4.57e-05
[09:12:04 INFO] Epoch 12/50  iter 700/743  loss=0.1187  lr=4.57e-05
[09:12:15 INFO] Epoch 12 complete — avg_loss=0.1738  time=199s
[09:12:29 INFO] Epoch 13/50  iter 50/743  loss=0.0658  lr=4.55e-05
[09:12:43 INFO] Epoch 13/50  iter 100/743  loss=0.1309  lr=4.54e-05
[09:12:56 INFO] Epoch 13/50  iter 150/743  loss=0.0786  lr=4.54e-05
[09:13:09 INFO] Epoch 13/50  iter 200/743  loss=0.0491  lr=4.53e-05
[09:13:23 INFO] Epoch 13/50  iter 250/743  loss=0.2017  lr=4.52e-05
[09:13:36 INFO] Epoch 13/50  iter 300/743  loss=0.2004  lr=4.51e-05
[09:13:49 INFO] Epoch 13/50  iter 350/743  loss=0.1122  lr=4.50e-05
[09:14:03 INFO] Epoch 13/50  iter 400/743  loss=0.1862  lr=4.50e-05
[09:14:16 INFO] Epoch 13/50  iter 450/743  loss=0.0446  lr=4.49e-05
[09:14:29 INFO] Epoch 13/50  iter 500/743  loss=0.2733  lr=4.48e-05
[09:14:43 INFO] Epoch 13/50  iter 550/743  loss=0.1161  lr=4.47e-05
[09:14:56 INFO] Epoch 13/50  iter 600/743  loss=0.1535  lr=4.46e-05
[09:15:09 INFO] Epoch 13/50  iter 650/743  loss=0.1174  lr=4.45e-05
[09:15:23 INFO] Epoch 13/50  iter 700/743  loss=0.1618  lr=4.45e-05
[09:15:34 INFO] Epoch 13 complete — avg_loss=0.1691  time=199s
[09:15:48 INFO] Epoch 14/50  iter 50/743  loss=0.1430  lr=4.43e-05
[09:16:02 INFO] Epoch 14/50  iter 100/743  loss=0.1529  lr=4.42e-05
[09:16:15 INFO] Epoch 14/50  iter 150/743  loss=0.1804  lr=4.42e-05
[09:16:28 INFO] Epoch 14/50  iter 200/743  loss=0.0903  lr=4.41e-05
[09:16:42 INFO] Epoch 14/50  iter 250/743  loss=0.1630  lr=4.40e-05
[09:16:55 INFO] Epoch 14/50  iter 300/743  loss=0.2083  lr=4.39e-05
[09:17:08 INFO] Epoch 14/50  iter 350/743  loss=0.1363  lr=4.38e-05
[09:17:22 INFO] Epoch 14/50  iter 400/743  loss=0.0742  lr=4.38e-05
[09:17:35 INFO] Epoch 14/50  iter 450/743  loss=0.1693  lr=4.37e-05
[09:17:48 INFO] Epoch 14/50  iter 500/743  loss=0.1068  lr=4.36e-05
[09:18:02 INFO] Epoch 14/50  iter 550/743  loss=0.0282  lr=4.35e-05
[09:18:15 INFO] Epoch 14/50  iter 600/743  loss=0.1239  lr=4.34e-05
[09:18:28 INFO] Epoch 14/50  iter 650/743  loss=0.1439  lr=4.33e-05
[09:18:42 INFO] Epoch 14/50  iter 700/743  loss=0.1708  lr=4.33e-05
[09:18:53 INFO] Epoch 14 complete — avg_loss=0.1733  time=199s
[09:19:07 INFO] Epoch 15/50  iter 50/743  loss=0.1337  lr=4.31e-05
[09:19:21 INFO] Epoch 15/50  iter 100/743  loss=0.1127  lr=4.30e-05
[09:19:34 INFO] Epoch 15/50  iter 150/743  loss=0.1587  lr=4.30e-05
[09:19:47 INFO] Epoch 15/50  iter 200/743  loss=0.1417  lr=4.29e-05
[09:20:01 INFO] Epoch 15/50  iter 250/743  loss=0.0939  lr=4.28e-05
[09:20:14 INFO] Epoch 15/50  iter 300/743  loss=0.2076  lr=4.27e-05
[09:20:27 INFO] Epoch 15/50  iter 350/743  loss=0.2261  lr=4.26e-05
[09:20:41 INFO] Epoch 15/50  iter 400/743  loss=0.1527  lr=4.26e-05
[09:20:54 INFO] Epoch 15/50  iter 450/743  loss=0.1323  lr=4.25e-05
[09:21:07 INFO] Epoch 15/50  iter 500/743  loss=0.1284  lr=4.24e-05
[09:21:21 INFO] Epoch 15/50  iter 550/743  loss=0.0757  lr=4.23e-05
[09:21:34 INFO] Epoch 15/50  iter 600/743  loss=0.1760  lr=4.22e-05
[09:21:47 INFO] Epoch 15/50  iter 650/743  loss=0.1893  lr=4.21e-05
[09:22:01 INFO] Epoch 15/50  iter 700/743  loss=0.1440  lr=4.21e-05
[09:22:12 INFO] Epoch 15 complete — avg_loss=0.1625  time=199s
[09:24:09 INFO]   val mIoU = 0.7388
[09:24:09 INFO]   ★ New best val mIoU: 0.7388
[09:24:23 INFO] Epoch 16/50  iter 50/743  loss=0.1987  lr=4.19e-05
[09:24:37 INFO] Epoch 16/50  iter 100/743  loss=0.1206  lr=4.18e-05
[09:24:50 INFO] Epoch 16/50  iter 150/743  loss=0.1227  lr=4.18e-05
[09:25:03 INFO] Epoch 16/50  iter 200/743  loss=0.0888  lr=4.17e-05
[09:25:17 INFO] Epoch 16/50  iter 250/743  loss=0.2138  lr=4.16e-05
[09:25:30 INFO] Epoch 16/50  iter 300/743  loss=0.1542  lr=4.15e-05
[09:25:43 INFO] Epoch 16/50  iter 350/743  loss=0.1207  lr=4.14e-05
[09:25:57 INFO] Epoch 16/50  iter 400/743  loss=0.0990  lr=4.14e-05
[09:26:10 INFO] Epoch 16/50  iter 450/743  loss=0.1668  lr=4.13e-05
[09:26:23 INFO] Epoch 16/50  iter 500/743  loss=0.1362  lr=4.12e-05
[09:26:37 INFO] Epoch 16/50  iter 550/743  loss=0.0955  lr=4.11e-05
[09:26:50 INFO] Epoch 16/50  iter 600/743  loss=0.1559  lr=4.10e-05
[09:27:03 INFO] Epoch 16/50  iter 650/743  loss=0.1484  lr=4.09e-05
[09:27:17 INFO] Epoch 16/50  iter 700/743  loss=0.0512  lr=4.09e-05
[09:27:28 INFO] Epoch 16 complete — avg_loss=0.1593  time=198s
[09:27:42 INFO] Epoch 17/50  iter 50/743  loss=0.0666  lr=4.07e-05
[09:27:56 INFO] Epoch 17/50  iter 100/743  loss=0.1417  lr=4.06e-05
[09:28:09 INFO] Epoch 17/50  iter 150/743  loss=0.2084  lr=4.06e-05
[09:28:22 INFO] Epoch 17/50  iter 200/743  loss=0.0908  lr=4.05e-05
[09:28:36 INFO] Epoch 17/50  iter 250/743  loss=0.1863  lr=4.04e-05
[09:28:49 INFO] Epoch 17/50  iter 300/743  loss=0.1321  lr=4.03e-05
[09:29:02 INFO] Epoch 17/50  iter 350/743  loss=0.1048  lr=4.02e-05
[09:29:16 INFO] Epoch 17/50  iter 400/743  loss=0.0871  lr=4.02e-05
[09:29:29 INFO] Epoch 17/50  iter 450/743  loss=0.1740  lr=4.01e-05
[09:29:42 INFO] Epoch 17/50  iter 500/743  loss=0.1087  lr=4.00e-05
[09:29:55 INFO] Epoch 17/50  iter 550/743  loss=0.2062  lr=3.99e-05
[09:30:09 INFO] Epoch 17/50  iter 600/743  loss=0.0614  lr=3.98e-05
[09:30:22 INFO] Epoch 17/50  iter 650/743  loss=0.1360  lr=3.97e-05
[09:30:35 INFO] Epoch 17/50  iter 700/743  loss=0.0972  lr=3.97e-05
[09:30:47 INFO] Epoch 17 complete — avg_loss=0.1597  time=198s
[09:31:01 INFO] Epoch 18/50  iter 50/743  loss=0.1662  lr=3.95e-05
[09:31:14 INFO] Epoch 18/50  iter 100/743  loss=0.1571  lr=3.94e-05
[09:31:28 INFO] Epoch 18/50  iter 150/743  loss=0.1406  lr=3.94e-05
[09:31:41 INFO] Epoch 18/50  iter 200/743  loss=0.1045  lr=3.93e-05
[09:31:54 INFO] Epoch 18/50  iter 250/743  loss=0.1071  lr=3.92e-05
[09:32:08 INFO] Epoch 18/50  iter 300/743  loss=0.2182  lr=3.91e-05
[09:32:21 INFO] Epoch 18/50  iter 350/743  loss=0.6451  lr=3.90e-05
[09:32:34 INFO] Epoch 18/50  iter 400/743  loss=0.1301  lr=3.90e-05
[09:32:48 INFO] Epoch 18/50  iter 450/743  loss=0.2483  lr=3.89e-05
[09:33:01 INFO] Epoch 18/50  iter 500/743  loss=0.0888  lr=3.88e-05
[09:33:14 INFO] Epoch 18/50  iter 550/743  loss=0.1139  lr=3.87e-05
[09:33:28 INFO] Epoch 18/50  iter 600/743  loss=1.1233  lr=3.86e-05
[09:33:41 INFO] Epoch 18/50  iter 650/743  loss=0.1630  lr=3.85e-05
[09:33:54 INFO] Epoch 18/50  iter 700/743  loss=0.1043  lr=3.85e-05
[09:34:06 INFO] Epoch 18 complete — avg_loss=0.1551  time=198s
[09:34:20 INFO] Epoch 19/50  iter 50/743  loss=0.1002  lr=3.83e-05
[09:34:33 INFO] Epoch 19/50  iter 100/743  loss=0.1733  lr=3.82e-05
[09:34:47 INFO] Epoch 19/50  iter 150/743  loss=0.2163  lr=3.82e-05
[09:35:00 INFO] Epoch 19/50  iter 200/743  loss=0.1690  lr=3.81e-05
[09:35:13 INFO] Epoch 19/50  iter 250/743  loss=0.0876  lr=3.80e-05
[09:35:26 INFO] Epoch 19/50  iter 300/743  loss=0.1154  lr=3.79e-05
[09:35:40 INFO] Epoch 19/50  iter 350/743  loss=0.1539  lr=3.78e-05
[09:35:53 INFO] Epoch 19/50  iter 400/743  loss=0.2600  lr=3.78e-05
[09:36:06 INFO] Epoch 19/50  iter 450/743  loss=0.1291  lr=3.77e-05
[09:36:20 INFO] Epoch 19/50  iter 500/743  loss=0.0826  lr=3.76e-05
[09:36:33 INFO] Epoch 19/50  iter 550/743  loss=0.0995  lr=3.75e-05
[09:36:46 INFO] Epoch 19/50  iter 600/743  loss=0.1180  lr=3.74e-05
[09:37:00 INFO] Epoch 19/50  iter 650/743  loss=0.1716  lr=3.73e-05
[09:37:13 INFO] Epoch 19/50  iter 700/743  loss=0.1314  lr=3.73e-05
[09:37:24 INFO] Epoch 19 complete — avg_loss=0.1551  time=198s
[09:37:39 INFO] Epoch 20/50  iter 50/743  loss=0.1261  lr=3.71e-05
[09:37:52 INFO] Epoch 20/50  iter 100/743  loss=0.0698  lr=3.70e-05
[09:38:05 INFO] Epoch 20/50  iter 150/743  loss=0.0697  lr=3.70e-05
[09:38:19 INFO] Epoch 20/50  iter 200/743  loss=0.1522  lr=3.69e-05
[09:38:32 INFO] Epoch 20/50  iter 250/743  loss=0.1128  lr=3.68e-05
[09:38:45 INFO] Epoch 20/50  iter 300/743  loss=0.0702  lr=3.67e-05
[09:38:59 INFO] Epoch 20/50  iter 350/743  loss=0.1634  lr=3.66e-05
[09:39:12 INFO] Epoch 20/50  iter 400/743  loss=0.1014  lr=3.66e-05
[09:39:25 INFO] Epoch 20/50  iter 450/743  loss=0.1673  lr=3.65e-05
[09:39:39 INFO] Epoch 20/50  iter 500/743  loss=0.1386  lr=3.64e-05
[09:39:52 INFO] Epoch 20/50  iter 550/743  loss=0.1333  lr=3.63e-05
[09:40:05 INFO] Epoch 20/50  iter 600/743  loss=0.0859  lr=3.62e-05
[09:40:19 INFO] Epoch 20/50  iter 650/743  loss=0.1029  lr=3.61e-05
[09:40:32 INFO] Epoch 20/50  iter 700/743  loss=0.1714  lr=3.61e-05
[09:40:43 INFO] Epoch 20 complete — avg_loss=0.1472  time=199s
[09:42:41 INFO]   val mIoU = 0.7351
[09:42:55 INFO] Epoch 21/50  iter 50/743  loss=0.0972  lr=3.59e-05
[09:43:09 INFO] Epoch 21/50  iter 100/743  loss=0.0845  lr=3.58e-05
[09:43:22 INFO] Epoch 21/50  iter 150/743  loss=0.3752  lr=3.58e-05
[09:43:35 INFO] Epoch 21/50  iter 200/743  loss=0.1357  lr=3.57e-05
[09:43:49 INFO] Epoch 21/50  iter 250/743  loss=0.1482  lr=3.56e-05
[09:44:02 INFO] Epoch 21/50  iter 300/743  loss=0.1144  lr=3.55e-05
[09:44:15 INFO] Epoch 21/50  iter 350/743  loss=0.0739  lr=3.54e-05
[09:44:29 INFO] Epoch 21/50  iter 400/743  loss=0.1097  lr=3.54e-05
[09:44:42 INFO] Epoch 21/50  iter 450/743  loss=0.3496  lr=3.53e-05
[09:44:55 INFO] Epoch 21/50  iter 500/743  loss=0.2367  lr=3.52e-05
[09:45:09 INFO] Epoch 21/50  iter 550/743  loss=0.0814  lr=3.51e-05
[09:45:22 INFO] Epoch 21/50  iter 600/743  loss=0.1189  lr=3.50e-05
[09:45:35 INFO] Epoch 21/50  iter 650/743  loss=0.2496  lr=3.49e-05
[09:45:48 INFO] Epoch 21/50  iter 700/743  loss=0.0869  lr=3.49e-05
[09:46:00 INFO] Epoch 21 complete — avg_loss=0.1509  time=198s
[09:46:14 INFO] Epoch 22/50  iter 50/743  loss=0.1581  lr=3.47e-05
[09:46:28 INFO] Epoch 22/50  iter 100/743  loss=0.0378  lr=3.46e-05
[09:46:41 INFO] Epoch 22/50  iter 150/743  loss=0.1551  lr=3.46e-05
[09:46:54 INFO] Epoch 22/50  iter 200/743  loss=0.0690  lr=3.45e-05
[09:47:08 INFO] Epoch 22/50  iter 250/743  loss=0.1191  lr=3.44e-05
[09:47:21 INFO] Epoch 22/50  iter 300/743  loss=0.1191  lr=3.43e-05
[09:47:34 INFO] Epoch 22/50  iter 350/743  loss=0.0477  lr=3.42e-05
[09:47:48 INFO] Epoch 22/50  iter 400/743  loss=0.2387  lr=3.42e-05
[09:48:01 INFO] Epoch 22/50  iter 450/743  loss=0.2501  lr=3.41e-05
[09:48:14 INFO] Epoch 22/50  iter 500/743  loss=0.1696  lr=3.40e-05
[09:48:28 INFO] Epoch 22/50  iter 550/743  loss=0.1670  lr=3.39e-05
[09:48:41 INFO] Epoch 22/50  iter 600/743  loss=0.1015  lr=3.38e-05
[09:48:54 INFO] Epoch 22/50  iter 650/743  loss=0.2178  lr=3.37e-05
[09:49:08 INFO] Epoch 22/50  iter 700/743  loss=0.1754  lr=3.37e-05
[09:49:19 INFO] Epoch 22 complete — avg_loss=0.1396  time=199s
[09:49:33 INFO] Epoch 23/50  iter 50/743  loss=0.0878  lr=3.35e-05
[09:49:47 INFO] Epoch 23/50  iter 100/743  loss=0.9848  lr=3.34e-05
[09:50:00 INFO] Epoch 23/50  iter 150/743  loss=0.2650  lr=3.34e-05
[09:50:13 INFO] Epoch 23/50  iter 200/743  loss=0.0989  lr=3.33e-05
[09:50:27 INFO] Epoch 23/50  iter 250/743  loss=0.1374  lr=3.32e-05
[09:50:40 INFO] Epoch 23/50  iter 300/743  loss=0.5339  lr=3.31e-05
[09:50:53 INFO] Epoch 23/50  iter 350/743  loss=0.1511  lr=3.30e-05
[09:51:06 INFO] Epoch 23/50  iter 400/743  loss=0.1443  lr=3.30e-05
[09:51:20 INFO] Epoch 23/50  iter 450/743  loss=0.1407  lr=3.29e-05
[09:51:33 INFO] Epoch 23/50  iter 500/743  loss=0.0932  lr=3.28e-05
[09:51:46 INFO] Epoch 23/50  iter 550/743  loss=0.0855  lr=3.27e-05
[09:52:00 INFO] Epoch 23/50  iter 600/743  loss=0.1448  lr=3.26e-05
[09:52:13 INFO] Epoch 23/50  iter 650/743  loss=0.1150  lr=3.25e-05
[09:52:26 INFO] Epoch 23/50  iter 700/743  loss=0.1246  lr=3.25e-05
[09:52:38 INFO] Epoch 23 complete — avg_loss=0.1451  time=198s
[09:52:52 INFO] Epoch 24/50  iter 50/743  loss=0.1080  lr=3.23e-05
[09:53:06 INFO] Epoch 24/50  iter 100/743  loss=0.0882  lr=3.22e-05
[09:53:19 INFO] Epoch 24/50  iter 150/743  loss=0.1813  lr=3.22e-05
[09:53:32 INFO] Epoch 24/50  iter 200/743  loss=0.1019  lr=3.21e-05
[09:53:45 INFO] Epoch 24/50  iter 250/743  loss=0.1035  lr=3.20e-05
[09:53:59 INFO] Epoch 24/50  iter 300/743  loss=0.1117  lr=3.19e-05
[09:54:12 INFO] Epoch 24/50  iter 350/743  loss=0.0751  lr=3.18e-05
[09:54:25 INFO] Epoch 24/50  iter 400/743  loss=0.1012  lr=3.18e-05
[09:54:39 INFO] Epoch 24/50  iter 450/743  loss=0.0601  lr=3.17e-05
[09:54:52 INFO] Epoch 24/50  iter 500/743  loss=0.2361  lr=3.16e-05
[09:55:05 INFO] Epoch 24/50  iter 550/743  loss=0.5530  lr=3.15e-05
[09:55:19 INFO] Epoch 24/50  iter 600/743  loss=0.3043  lr=3.14e-05
[09:55:32 INFO] Epoch 24/50  iter 650/743  loss=0.0709  lr=3.13e-05
[09:55:45 INFO] Epoch 24/50  iter 700/743  loss=0.1541  lr=3.13e-05
[09:55:57 INFO] Epoch 24 complete — avg_loss=0.1406  time=198s
[09:56:11 INFO] Epoch 25/50  iter 50/743  loss=0.1503  lr=3.11e-05
[09:56:24 INFO] Epoch 25/50  iter 100/743  loss=0.0441  lr=3.10e-05
[09:56:38 INFO] Epoch 25/50  iter 150/743  loss=0.1171  lr=3.10e-05
[09:56:51 INFO] Epoch 25/50  iter 200/743  loss=0.1530  lr=3.09e-05
[09:57:04 INFO] Epoch 25/50  iter 250/743  loss=0.1019  lr=3.08e-05
[09:57:18 INFO] Epoch 25/50  iter 300/743  loss=0.1222  lr=3.07e-05
[09:57:31 INFO] Epoch 25/50  iter 350/743  loss=0.1906  lr=3.06e-05
[09:57:44 INFO] Epoch 25/50  iter 400/743  loss=0.0978  lr=3.06e-05
[09:57:57 INFO] Epoch 25/50  iter 450/743  loss=0.1094  lr=3.05e-05
[09:58:11 INFO] Epoch 25/50  iter 500/743  loss=0.0327  lr=3.04e-05
[09:58:24 INFO] Epoch 25/50  iter 550/743  loss=0.1351  lr=3.03e-05
[09:58:37 INFO] Epoch 25/50  iter 600/743  loss=0.1161  lr=3.02e-05
[09:58:51 INFO] Epoch 25/50  iter 650/743  loss=0.3735  lr=3.01e-05
[09:59:04 INFO] Epoch 25/50  iter 700/743  loss=0.0972  lr=3.01e-05
[09:59:16 INFO] Epoch 25 complete — avg_loss=0.1412  time=198s
[10:01:12 INFO]   val mIoU = 0.7555
[10:01:13 INFO]   ★ New best val mIoU: 0.7555
[10:01:27 INFO] Epoch 26/50  iter 50/743  loss=0.1726  lr=2.99e-05
[10:01:40 INFO] Epoch 26/50  iter 100/743  loss=0.0803  lr=2.98e-05
[10:01:54 INFO] Epoch 26/50  iter 150/743  loss=0.1121  lr=2.98e-05
[10:02:07 INFO] Epoch 26/50  iter 200/743  loss=0.1696  lr=2.97e-05
[10:02:20 INFO] Epoch 26/50  iter 250/743  loss=0.1905  lr=2.96e-05
[10:02:34 INFO] Epoch 26/50  iter 300/743  loss=0.1489  lr=2.95e-05
[10:02:47 INFO] Epoch 26/50  iter 350/743  loss=0.2324  lr=2.94e-05
[10:03:00 INFO] Epoch 26/50  iter 400/743  loss=0.1322  lr=2.94e-05
[10:03:14 INFO] Epoch 26/50  iter 450/743  loss=0.1705  lr=2.93e-05
[10:03:27 INFO] Epoch 26/50  iter 500/743  loss=0.2227  lr=2.92e-05
[10:03:40 INFO] Epoch 26/50  iter 550/743  loss=0.1269  lr=2.91e-05
[10:03:54 INFO] Epoch 26/50  iter 600/743  loss=0.1407  lr=2.90e-05
[10:04:07 INFO] Epoch 26/50  iter 650/743  loss=0.1321  lr=2.89e-05
[10:04:20 INFO] Epoch 26/50  iter 700/743  loss=0.1540  lr=2.89e-05
[10:04:32 INFO] Epoch 26 complete — avg_loss=0.1502  time=199s
[10:04:46 INFO] Epoch 27/50  iter 50/743  loss=0.1201  lr=2.87e-05
[10:05:00 INFO] Epoch 27/50  iter 100/743  loss=0.1290  lr=2.86e-05
[10:05:13 INFO] Epoch 27/50  iter 150/743  loss=0.1314  lr=2.86e-05
[10:05:26 INFO] Epoch 27/50  iter 200/743  loss=0.0811  lr=2.85e-05
[10:05:39 INFO] Epoch 27/50  iter 250/743  loss=0.1237  lr=2.84e-05
[10:05:53 INFO] Epoch 27/50  iter 300/743  loss=0.2382  lr=2.83e-05
[10:06:06 INFO] Epoch 27/50  iter 350/743  loss=0.1670  lr=2.82e-05
[10:06:19 INFO] Epoch 27/50  iter 400/743  loss=0.2029  lr=2.82e-05
[10:06:33 INFO] Epoch 27/50  iter 450/743  loss=0.0649  lr=2.81e-05
[10:06:46 INFO] Epoch 27/50  iter 500/743  loss=0.1940  lr=2.80e-05
[10:06:59 INFO] Epoch 27/50  iter 550/743  loss=0.1411  lr=2.79e-05
[10:07:13 INFO] Epoch 27/50  iter 600/743  loss=0.0894  lr=2.78e-05
[10:07:26 INFO] Epoch 27/50  iter 650/743  loss=0.3060  lr=2.77e-05
[10:07:39 INFO] Epoch 27/50  iter 700/743  loss=0.1047  lr=2.77e-05
[10:07:51 INFO] Epoch 27 complete — avg_loss=0.1344  time=199s
[10:08:05 INFO] Epoch 28/50  iter 50/743  loss=0.1267  lr=2.75e-05
[10:08:18 INFO] Epoch 28/50  iter 100/743  loss=0.1294  lr=2.74e-05
[10:08:32 INFO] Epoch 28/50  iter 150/743  loss=0.1016  lr=2.74e-05
[10:08:45 INFO] Epoch 28/50  iter 200/743  loss=0.1257  lr=2.73e-05
[10:08:58 INFO] Epoch 28/50  iter 250/743  loss=0.1216  lr=2.72e-05
[10:09:12 INFO] Epoch 28/50  iter 300/743  loss=0.2181  lr=2.71e-05
[10:09:25 INFO] Epoch 28/50  iter 350/743  loss=0.1371  lr=2.70e-05
[10:09:38 INFO] Epoch 28/50  iter 400/743  loss=0.1015  lr=2.70e-05
[10:09:52 INFO] Epoch 28/50  iter 450/743  loss=0.1033  lr=2.69e-05
[10:10:05 INFO] Epoch 28/50  iter 500/743  loss=0.1340  lr=2.68e-05
[10:10:18 INFO] Epoch 28/50  iter 550/743  loss=0.1777  lr=2.67e-05
[10:10:32 INFO] Epoch 28/50  iter 600/743  loss=0.3729  lr=2.66e-05
[10:10:45 INFO] Epoch 28/50  iter 650/743  loss=0.0708  lr=2.65e-05
[10:10:58 INFO] Epoch 28/50  iter 700/743  loss=0.1134  lr=2.65e-05
[10:11:10 INFO] Epoch 28 complete — avg_loss=0.1335  time=199s
[10:11:24 INFO] Epoch 29/50  iter 50/743  loss=0.1138  lr=2.63e-05
[10:11:37 INFO] Epoch 29/50  iter 100/743  loss=0.1638  lr=2.62e-05
[10:11:51 INFO] Epoch 29/50  iter 150/743  loss=0.1195  lr=2.62e-05
[10:12:04 INFO] Epoch 29/50  iter 200/743  loss=0.1207  lr=2.61e-05
[10:12:17 INFO] Epoch 29/50  iter 250/743  loss=0.0788  lr=2.60e-05
[10:12:31 INFO] Epoch 29/50  iter 300/743  loss=0.1331  lr=2.59e-05
[10:12:44 INFO] Epoch 29/50  iter 350/743  loss=0.1539  lr=2.58e-05
[10:12:57 INFO] Epoch 29/50  iter 400/743  loss=0.1053  lr=2.58e-05
[10:13:11 INFO] Epoch 29/50  iter 450/743  loss=0.1390  lr=2.57e-05
[10:13:24 INFO] Epoch 29/50  iter 500/743  loss=0.0584  lr=2.56e-05
[10:13:37 INFO] Epoch 29/50  iter 550/743  loss=0.1121  lr=2.55e-05
[10:13:51 INFO] Epoch 29/50  iter 600/743  loss=0.0602  lr=2.54e-05
[10:14:04 INFO] Epoch 29/50  iter 650/743  loss=0.1039  lr=2.53e-05
[10:14:17 INFO] Epoch 29/50  iter 700/743  loss=0.0895  lr=2.53e-05
[10:14:29 INFO] Epoch 29 complete — avg_loss=0.1345  time=198s
[10:14:43 INFO] Epoch 30/50  iter 50/743  loss=0.1834  lr=2.51e-05
[10:14:56 INFO] Epoch 30/50  iter 100/743  loss=0.0751  lr=2.50e-05
[10:15:09 INFO] Epoch 30/50  iter 150/743  loss=0.0327  lr=2.50e-05
[10:15:23 INFO] Epoch 30/50  iter 200/743  loss=0.0550  lr=2.49e-05
[10:15:36 INFO] Epoch 30/50  iter 250/743  loss=0.0670  lr=2.48e-05
[10:15:49 INFO] Epoch 30/50  iter 300/743  loss=0.1260  lr=2.47e-05
[10:16:03 INFO] Epoch 30/50  iter 350/743  loss=0.0657  lr=2.46e-05
[10:16:16 INFO] Epoch 30/50  iter 400/743  loss=0.1570  lr=2.46e-05
[10:16:29 INFO] Epoch 30/50  iter 450/743  loss=0.0612  lr=2.45e-05
[10:16:43 INFO] Epoch 30/50  iter 500/743  loss=0.0952  lr=2.44e-05
[10:16:56 INFO] Epoch 30/50  iter 550/743  loss=0.1900  lr=2.43e-05
[10:17:09 INFO] Epoch 30/50  iter 600/743  loss=0.0846  lr=2.42e-05
[10:17:23 INFO] Epoch 30/50  iter 650/743  loss=0.1426  lr=2.41e-05
[10:17:36 INFO] Epoch 30/50  iter 700/743  loss=0.1149  lr=2.41e-05
[10:17:47 INFO] Epoch 30 complete — avg_loss=0.1319  time=198s
[10:19:44 INFO]   val mIoU = 0.7618
[10:19:44 INFO]   ★ New best val mIoU: 0.7618
[10:19:59 INFO] Epoch 31/50  iter 50/743  loss=0.1088  lr=2.39e-05
[10:20:12 INFO] Epoch 31/50  iter 100/743  loss=0.1658  lr=2.38e-05
[10:20:25 INFO] Epoch 31/50  iter 150/743  loss=0.1491  lr=2.38e-05
[10:20:38 INFO] Epoch 31/50  iter 200/743  loss=0.6016  lr=2.37e-05
[10:20:52 INFO] Epoch 31/50  iter 250/743  loss=0.1092  lr=2.36e-05
[10:21:05 INFO] Epoch 31/50  iter 300/743  loss=0.3707  lr=2.35e-05
[10:21:18 INFO] Epoch 31/50  iter 350/743  loss=0.2621  lr=2.34e-05
[10:21:32 INFO] Epoch 31/50  iter 400/743  loss=0.0627  lr=2.34e-05
[10:21:45 INFO] Epoch 31/50  iter 450/743  loss=0.1537  lr=2.33e-05
[10:21:58 INFO] Epoch 31/50  iter 500/743  loss=0.1041  lr=2.32e-05
[10:22:12 INFO] Epoch 31/50  iter 550/743  loss=0.4297  lr=2.31e-05
[10:22:25 INFO] Epoch 31/50  iter 600/743  loss=0.0805  lr=2.30e-05
[10:22:38 INFO] Epoch 31/50  iter 650/743  loss=0.1288  lr=2.29e-05
[10:22:52 INFO] Epoch 31/50  iter 700/743  loss=0.0802  lr=2.29e-05
[10:23:03 INFO] Epoch 31 complete — avg_loss=0.1319  time=198s
[10:23:18 INFO] Epoch 32/50  iter 50/743  loss=0.1454  lr=2.27e-05
[10:23:31 INFO] Epoch 32/50  iter 100/743  loss=0.1933  lr=2.26e-05
[10:23:44 INFO] Epoch 32/50  iter 150/743  loss=0.0685  lr=2.26e-05
[10:23:58 INFO] Epoch 32/50  iter 200/743  loss=0.0997  lr=2.25e-05
[10:24:11 INFO] Epoch 32/50  iter 250/743  loss=0.1434  lr=2.24e-05
[10:24:24 INFO] Epoch 32/50  iter 300/743  loss=0.0347  lr=2.23e-05
[10:24:38 INFO] Epoch 32/50  iter 350/743  loss=0.2016  lr=2.22e-05
[10:24:51 INFO] Epoch 32/50  iter 400/743  loss=0.0953  lr=2.22e-05
[10:25:04 INFO] Epoch 32/50  iter 450/743  loss=0.0833  lr=2.21e-05
[10:25:18 INFO] Epoch 32/50  iter 500/743  loss=0.1430  lr=2.20e-05
[10:25:31 INFO] Epoch 32/50  iter 550/743  loss=0.0546  lr=2.19e-05
[10:25:44 INFO] Epoch 32/50  iter 600/743  loss=0.1312  lr=2.18e-05
[10:25:58 INFO] Epoch 32/50  iter 650/743  loss=0.1272  lr=2.17e-05
[10:26:11 INFO] Epoch 32/50  iter 700/743  loss=0.1707  lr=2.17e-05
[10:26:23 INFO] Epoch 32 complete — avg_loss=0.1269  time=199s
[10:26:37 INFO] Epoch 33/50  iter 50/743  loss=0.1404  lr=2.15e-05
[10:26:50 INFO] Epoch 33/50  iter 100/743  loss=0.0854  lr=2.14e-05
[10:27:04 INFO] Epoch 33/50  iter 150/743  loss=0.0846  lr=2.14e-05
[10:27:17 INFO] Epoch 33/50  iter 200/743  loss=0.0517  lr=2.13e-05
[10:27:30 INFO] Epoch 33/50  iter 250/743  loss=0.0566  lr=2.12e-05
[10:27:44 INFO] Epoch 33/50  iter 300/743  loss=0.1085  lr=2.11e-05
[10:27:57 INFO] Epoch 33/50  iter 350/743  loss=0.2069  lr=2.10e-05
[10:28:10 INFO] Epoch 33/50  iter 400/743  loss=0.1385  lr=2.10e-05
[10:28:24 INFO] Epoch 33/50  iter 450/743  loss=0.1502  lr=2.09e-05
[10:28:37 INFO] Epoch 33/50  iter 500/743  loss=0.0757  lr=2.08e-05
[10:28:50 INFO] Epoch 33/50  iter 550/743  loss=0.0985  lr=2.07e-05
[10:29:04 INFO] Epoch 33/50  iter 600/743  loss=0.0497  lr=2.06e-05
[10:29:17 INFO] Epoch 33/50  iter 650/743  loss=0.0882  lr=2.05e-05
[10:29:30 INFO] Epoch 33/50  iter 700/743  loss=0.0470  lr=2.05e-05
[10:29:42 INFO] Epoch 33 complete — avg_loss=0.1279  time=199s
[10:29:56 INFO] Epoch 34/50  iter 50/743  loss=0.0376  lr=2.03e-05
[10:30:10 INFO] Epoch 34/50  iter 100/743  loss=0.1244  lr=2.02e-05
[10:30:23 INFO] Epoch 34/50  iter 150/743  loss=0.1445  lr=2.02e-05
[10:30:36 INFO] Epoch 34/50  iter 200/743  loss=0.1371  lr=2.01e-05
[10:30:50 INFO] Epoch 34/50  iter 250/743  loss=0.1582  lr=2.00e-05
[10:31:03 INFO] Epoch 34/50  iter 300/743  loss=0.1721  lr=1.99e-05
[10:31:16 INFO] Epoch 34/50  iter 350/743  loss=0.1928  lr=1.98e-05
[10:31:30 INFO] Epoch 34/50  iter 400/743  loss=0.1185  lr=1.98e-05
[10:31:43 INFO] Epoch 34/50  iter 450/743  loss=0.1007  lr=1.97e-05
[10:31:56 INFO] Epoch 34/50  iter 500/743  loss=0.1232  lr=1.96e-05
[10:32:10 INFO] Epoch 34/50  iter 550/743  loss=0.1305  lr=1.95e-05
[10:32:23 INFO] Epoch 34/50  iter 600/743  loss=0.1488  lr=1.94e-05
[10:32:36 INFO] Epoch 34/50  iter 650/743  loss=0.1076  lr=1.93e-05
[10:32:50 INFO] Epoch 34/50  iter 700/743  loss=0.0661  lr=1.93e-05
[10:33:01 INFO] Epoch 34 complete — avg_loss=0.1311  time=199s
[10:33:16 INFO] Epoch 35/50  iter 50/743  loss=0.0740  lr=1.91e-05
[10:33:29 INFO] Epoch 35/50  iter 100/743  loss=0.1578  lr=1.90e-05
[10:33:42 INFO] Epoch 35/50  iter 150/743  loss=0.1335  lr=1.90e-05
[10:33:56 INFO] Epoch 35/50  iter 200/743  loss=0.1418  lr=1.89e-05
[10:34:09 INFO] Epoch 35/50  iter 250/743  loss=0.0915  lr=1.88e-05
[10:34:22 INFO] Epoch 35/50  iter 300/743  loss=0.1374  lr=1.87e-05
[10:34:36 INFO] Epoch 35/50  iter 350/743  loss=0.0956  lr=1.86e-05
[10:34:49 INFO] Epoch 35/50  iter 400/743  loss=0.0791  lr=1.86e-05
[10:35:02 INFO] Epoch 35/50  iter 450/743  loss=0.4570  lr=1.85e-05
[10:35:16 INFO] Epoch 35/50  iter 500/743  loss=0.1683  lr=1.84e-05
[10:35:29 INFO] Epoch 35/50  iter 550/743  loss=0.8602  lr=1.83e-05
[10:35:42 INFO] Epoch 35/50  iter 600/743  loss=0.1168  lr=1.82e-05
[10:35:56 INFO] Epoch 35/50  iter 650/743  loss=0.0909  lr=1.81e-05
[10:36:09 INFO] Epoch 35/50  iter 700/743  loss=0.0863  lr=1.81e-05
[10:36:21 INFO] Epoch 35 complete — avg_loss=0.1252  time=199s
[10:38:19 INFO]   val mIoU = 0.7592
[10:38:33 INFO] Epoch 36/50  iter 50/743  loss=0.1245  lr=1.79e-05
[10:38:46 INFO] Epoch 36/50  iter 100/743  loss=0.1791  lr=1.78e-05
[10:38:59 INFO] Epoch 36/50  iter 150/743  loss=0.1057  lr=1.78e-05
[10:39:13 INFO] Epoch 36/50  iter 200/743  loss=0.0826  lr=1.77e-05
[10:39:26 INFO] Epoch 36/50  iter 250/743  loss=0.0696  lr=1.76e-05
[10:39:39 INFO] Epoch 36/50  iter 300/743  loss=0.1103  lr=1.75e-05
[10:39:53 INFO] Epoch 36/50  iter 350/743  loss=0.0738  lr=1.74e-05
[10:40:06 INFO] Epoch 36/50  iter 400/743  loss=0.0684  lr=1.74e-05
[10:40:19 INFO] Epoch 36/50  iter 450/743  loss=0.0911  lr=1.73e-05
[10:40:33 INFO] Epoch 36/50  iter 500/743  loss=0.0978  lr=1.72e-05
[10:40:46 INFO] Epoch 36/50  iter 550/743  loss=0.1058  lr=1.71e-05
[10:40:59 INFO] Epoch 36/50  iter 600/743  loss=0.0884  lr=1.70e-05
[10:41:13 INFO] Epoch 36/50  iter 650/743  loss=0.0462  lr=1.69e-05
[10:41:26 INFO] Epoch 36/50  iter 700/743  loss=0.1890  lr=1.69e-05
[10:41:38 INFO] Epoch 36 complete — avg_loss=0.1210  time=199s
[10:41:52 INFO] Epoch 37/50  iter 50/743  loss=0.0948  lr=1.67e-05
[10:42:05 INFO] Epoch 37/50  iter 100/743  loss=0.1357  lr=1.66e-05
[10:42:19 INFO] Epoch 37/50  iter 150/743  loss=0.0922  lr=1.66e-05
[10:42:32 INFO] Epoch 37/50  iter 200/743  loss=0.1572  lr=1.65e-05
[10:42:45 INFO] Epoch 37/50  iter 250/743  loss=0.0471  lr=1.64e-05
[10:42:59 INFO] Epoch 37/50  iter 300/743  loss=0.1212  lr=1.63e-05
[10:43:12 INFO] Epoch 37/50  iter 350/743  loss=0.1270  lr=1.62e-05
[10:43:25 INFO] Epoch 37/50  iter 400/743  loss=0.2656  lr=1.62e-05
[10:43:39 INFO] Epoch 37/50  iter 450/743  loss=0.0844  lr=1.61e-05
[10:43:52 INFO] Epoch 37/50  iter 500/743  loss=0.1434  lr=1.60e-05
[10:44:05 INFO] Epoch 37/50  iter 550/743  loss=0.1834  lr=1.59e-05
[10:44:19 INFO] Epoch 37/50  iter 600/743  loss=0.1093  lr=1.58e-05
[10:44:32 INFO] Epoch 37/50  iter 650/743  loss=0.1389  lr=1.57e-05
[10:44:45 INFO] Epoch 37/50  iter 700/743  loss=0.1250  lr=1.57e-05
[10:44:57 INFO] Epoch 37 complete — avg_loss=0.1256  time=199s
[10:45:11 INFO] Epoch 38/50  iter 50/743  loss=0.1457  lr=1.55e-05
[10:45:24 INFO] Epoch 38/50  iter 100/743  loss=0.0479  lr=1.54e-05
[10:45:38 INFO] Epoch 38/50  iter 150/743  loss=0.1070  lr=1.54e-05
[10:45:51 INFO] Epoch 38/50  iter 200/743  loss=0.0671  lr=1.53e-05
[10:46:04 INFO] Epoch 38/50  iter 250/743  loss=0.1133  lr=1.52e-05
[10:46:18 INFO] Epoch 38/50  iter 300/743  loss=0.1067  lr=1.51e-05
[10:46:31 INFO] Epoch 38/50  iter 350/743  loss=0.2733  lr=1.50e-05
[10:46:44 INFO] Epoch 38/50  iter 400/743  loss=0.0514  lr=1.50e-05
[10:46:58 INFO] Epoch 38/50  iter 450/743  loss=0.1404  lr=1.49e-05
[10:47:11 INFO] Epoch 38/50  iter 500/743  loss=0.1977  lr=1.48e-05
[10:47:24 INFO] Epoch 38/50  iter 550/743  loss=0.1489  lr=1.47e-05
[10:47:38 INFO] Epoch 38/50  iter 600/743  loss=0.1497  lr=1.46e-05
[10:47:51 INFO] Epoch 38/50  iter 650/743  loss=0.0988  lr=1.45e-05
[10:48:04 INFO] Epoch 38/50  iter 700/743  loss=0.0786  lr=1.45e-05
[10:48:16 INFO] Epoch 38 complete — avg_loss=0.1219  time=199s
[10:48:30 INFO] Epoch 39/50  iter 50/743  loss=0.0588  lr=1.43e-05
[10:48:43 INFO] Epoch 39/50  iter 100/743  loss=0.0595  lr=1.42e-05
[10:48:57 INFO] Epoch 39/50  iter 150/743  loss=0.0791  lr=1.42e-05
[10:49:10 INFO] Epoch 39/50  iter 200/743  loss=0.5496  lr=1.41e-05
[10:49:23 INFO] Epoch 39/50  iter 250/743  loss=0.1215  lr=1.40e-05
[10:49:37 INFO] Epoch 39/50  iter 300/743  loss=0.1079  lr=1.39e-05
[10:49:50 INFO] Epoch 39/50  iter 350/743  loss=0.1953  lr=1.38e-05
[10:50:03 INFO] Epoch 39/50  iter 400/743  loss=0.1200  lr=1.38e-05
[10:50:17 INFO] Epoch 39/50  iter 450/743  loss=0.2039  lr=1.37e-05
[10:50:30 INFO] Epoch 39/50  iter 500/743  loss=0.0868  lr=1.36e-05
[10:50:43 INFO] Epoch 39/50  iter 550/743  loss=0.1143  lr=1.35e-05
[10:50:57 INFO] Epoch 39/50  iter 600/743  loss=0.2423  lr=1.34e-05
[10:51:10 INFO] Epoch 39/50  iter 650/743  loss=0.1233  lr=1.33e-05
[10:51:23 INFO] Epoch 39/50  iter 700/743  loss=0.0787  lr=1.33e-05
[10:51:35 INFO] Epoch 39 complete — avg_loss=0.1255  time=199s
[10:51:49 INFO] Epoch 40/50  iter 50/743  loss=0.0924  lr=1.31e-05
[10:52:02 INFO] Epoch 40/50  iter 100/743  loss=0.1115  lr=1.30e-05
[10:52:16 INFO] Epoch 40/50  iter 150/743  loss=0.0456  lr=1.30e-05
[10:52:29 INFO] Epoch 40/50  iter 200/743  loss=0.1132  lr=1.29e-05
[10:52:43 INFO] Epoch 40/50  iter 250/743  loss=0.1521  lr=1.28e-05
[10:52:56 INFO] Epoch 40/50  iter 300/743  loss=0.1199  lr=1.27e-05
[10:53:09 INFO] Epoch 40/50  iter 350/743  loss=0.1484  lr=1.26e-05
[10:53:22 INFO] Epoch 40/50  iter 400/743  loss=0.1009  lr=1.26e-05
[10:53:36 INFO] Epoch 40/50  iter 450/743  loss=0.1094  lr=1.25e-05
[10:53:49 INFO] Epoch 40/50  iter 500/743  loss=0.1893  lr=1.24e-05
[10:54:02 INFO] Epoch 40/50  iter 550/743  loss=0.1719  lr=1.23e-05
[10:54:16 INFO] Epoch 40/50  iter 600/743  loss=0.1898  lr=1.22e-05
[10:54:29 INFO] Epoch 40/50  iter 650/743  loss=0.1728  lr=1.21e-05
[10:54:42 INFO] Epoch 40/50  iter 700/743  loss=0.0743  lr=1.21e-05
[10:54:54 INFO] Epoch 40 complete — avg_loss=0.1199  time=199s
[10:56:52 INFO]   val mIoU = 0.7666
[10:56:52 INFO]   ★ New best val mIoU: 0.7666
[10:57:06 INFO] Epoch 41/50  iter 50/743  loss=0.0959  lr=1.19e-05
[10:57:20 INFO] Epoch 41/50  iter 100/743  loss=0.0937  lr=1.18e-05
[10:57:33 INFO] Epoch 41/50  iter 150/743  loss=0.0673  lr=1.18e-05
[10:57:46 INFO] Epoch 41/50  iter 200/743  loss=0.0545  lr=1.17e-05
[10:58:00 INFO] Epoch 41/50  iter 250/743  loss=0.1336  lr=1.16e-05
[10:58:13 INFO] Epoch 41/50  iter 300/743  loss=0.0717  lr=1.15e-05
[10:58:26 INFO] Epoch 41/50  iter 350/743  loss=0.0766  lr=1.14e-05
[10:58:40 INFO] Epoch 41/50  iter 400/743  loss=0.1185  lr=1.14e-05
[10:58:53 INFO] Epoch 41/50  iter 450/743  loss=0.1422  lr=1.13e-05
[10:59:07 INFO] Epoch 41/50  iter 500/743  loss=0.0671  lr=1.12e-05
[10:59:20 INFO] Epoch 41/50  iter 550/743  loss=0.0559  lr=1.11e-05
[10:59:33 INFO] Epoch 41/50  iter 600/743  loss=0.0835  lr=1.10e-05
[10:59:47 INFO] Epoch 41/50  iter 650/743  loss=0.1546  lr=1.09e-05
[11:00:00 INFO] Epoch 41/50  iter 700/743  loss=0.0786  lr=1.09e-05
[11:00:12 INFO] Epoch 41 complete — avg_loss=0.1158  time=199s
[11:00:26 INFO] Epoch 42/50  iter 50/743  loss=0.0848  lr=1.07e-05
[11:00:39 INFO] Epoch 42/50  iter 100/743  loss=0.1082  lr=1.06e-05
[11:00:53 INFO] Epoch 42/50  iter 150/743  loss=0.1573  lr=1.06e-05
[11:01:06 INFO] Epoch 42/50  iter 200/743  loss=0.1223  lr=1.05e-05
[11:01:19 INFO] Epoch 42/50  iter 250/743  loss=0.0641  lr=1.04e-05
[11:01:33 INFO] Epoch 42/50  iter 300/743  loss=0.1528  lr=1.03e-05
[11:01:46 INFO] Epoch 42/50  iter 350/743  loss=0.1128  lr=1.02e-05
[11:01:59 INFO] Epoch 42/50  iter 400/743  loss=0.1022  lr=1.02e-05
[11:02:13 INFO] Epoch 42/50  iter 450/743  loss=0.0749  lr=1.01e-05
[11:02:26 INFO] Epoch 42/50  iter 500/743  loss=0.0778  lr=9.99e-06
[11:02:39 INFO] Epoch 42/50  iter 550/743  loss=0.0921  lr=9.91e-06
[11:02:53 INFO] Epoch 42/50  iter 600/743  loss=0.1032  lr=9.83e-06
[11:03:06 INFO] Epoch 42/50  iter 650/743  loss=0.0743  lr=9.75e-06
[11:03:19 INFO] Epoch 42/50  iter 700/743  loss=0.1192  lr=9.67e-06
[11:03:31 INFO] Epoch 42 complete — avg_loss=0.1150  time=199s
[11:03:45 INFO] Epoch 43/50  iter 50/743  loss=0.0491  lr=9.52e-06
[11:03:58 INFO] Epoch 43/50  iter 100/743  loss=0.1759  lr=9.44e-06
[11:04:12 INFO] Epoch 43/50  iter 150/743  loss=0.1324  lr=9.36e-06
[11:04:25 INFO] Epoch 43/50  iter 200/743  loss=0.0660  lr=9.28e-06
[11:04:38 INFO] Epoch 43/50  iter 250/743  loss=0.0843  lr=9.19e-06
[11:04:52 INFO] Epoch 43/50  iter 300/743  loss=0.0987  lr=9.11e-06
[11:05:05 INFO] Epoch 43/50  iter 350/743  loss=0.0980  lr=9.03e-06
[11:05:18 INFO] Epoch 43/50  iter 400/743  loss=0.0858  lr=8.95e-06
[11:05:32 INFO] Epoch 43/50  iter 450/743  loss=0.0834  lr=8.87e-06
[11:05:45 INFO] Epoch 43/50  iter 500/743  loss=0.0731  lr=8.79e-06
[11:05:58 INFO] Epoch 43/50  iter 550/743  loss=0.0905  lr=8.71e-06
[11:06:12 INFO] Epoch 43/50  iter 600/743  loss=0.0618  lr=8.63e-06
[11:06:25 INFO] Epoch 43/50  iter 650/743  loss=0.1640  lr=8.55e-06
[11:06:38 INFO] Epoch 43/50  iter 700/743  loss=0.0644  lr=8.47e-06
[11:06:50 INFO] Epoch 43 complete — avg_loss=0.1210  time=199s
[11:07:04 INFO] Epoch 44/50  iter 50/743  loss=0.0876  lr=8.32e-06
[11:07:18 INFO] Epoch 44/50  iter 100/743  loss=0.1208  lr=8.24e-06
[11:07:31 INFO] Epoch 44/50  iter 150/743  loss=0.1136  lr=8.16e-06
[11:07:44 INFO] Epoch 44/50  iter 200/743  loss=0.0919  lr=8.08e-06
[11:07:58 INFO] Epoch 44/50  iter 250/743  loss=0.0838  lr=7.99e-06
[11:08:11 INFO] Epoch 44/50  iter 300/743  loss=0.0989  lr=7.91e-06
[11:08:24 INFO] Epoch 44/50  iter 350/743  loss=0.0826  lr=7.83e-06
[11:08:38 INFO] Epoch 44/50  iter 400/743  loss=0.1663  lr=7.75e-06
[11:08:51 INFO] Epoch 44/50  iter 450/743  loss=0.0955  lr=7.67e-06
[11:09:04 INFO] Epoch 44/50  iter 500/743  loss=0.1104  lr=7.59e-06
[11:09:18 INFO] Epoch 44/50  iter 550/743  loss=0.1600  lr=7.51e-06
[11:09:31 INFO] Epoch 44/50  iter 600/743  loss=0.1234  lr=7.43e-06
[11:09:44 INFO] Epoch 44/50  iter 650/743  loss=0.1095  lr=7.35e-06
[11:09:58 INFO] Epoch 44/50  iter 700/743  loss=0.0719  lr=7.27e-06
[11:10:09 INFO] Epoch 44 complete — avg_loss=0.1146  time=199s
[11:10:23 INFO] Epoch 45/50  iter 50/743  loss=0.0454  lr=7.12e-06
[11:10:37 INFO] Epoch 45/50  iter 100/743  loss=0.1194  lr=7.04e-06
[11:10:50 INFO] Epoch 45/50  iter 150/743  loss=0.1052  lr=6.96e-06
[11:11:03 INFO] Epoch 45/50  iter 200/743  loss=0.1258  lr=6.88e-06
[11:11:17 INFO] Epoch 45/50  iter 250/743  loss=0.1113  lr=6.79e-06
[11:11:30 INFO] Epoch 45/50  iter 300/743  loss=0.1356  lr=6.71e-06
[11:11:43 INFO] Epoch 45/50  iter 350/743  loss=0.0874  lr=6.63e-06
[11:11:57 INFO] Epoch 45/50  iter 400/743  loss=0.1549  lr=6.55e-06
[11:12:10 INFO] Epoch 45/50  iter 450/743  loss=0.0799  lr=6.47e-06
[11:12:23 INFO] Epoch 45/50  iter 500/743  loss=0.1391  lr=6.39e-06
[11:12:37 INFO] Epoch 45/50  iter 550/743  loss=0.3221  lr=6.31e-06
[11:12:50 INFO] Epoch 45/50  iter 600/743  loss=0.1344  lr=6.23e-06
[11:13:03 INFO] Epoch 45/50  iter 650/743  loss=0.0857  lr=6.15e-06
[11:13:17 INFO] Epoch 45/50  iter 700/743  loss=0.0861  lr=6.07e-06
[11:13:28 INFO] Epoch 45 complete — avg_loss=0.1157  time=199s
[11:15:25 INFO]   val mIoU = 0.7704
[11:15:25 INFO]   ★ New best val mIoU: 0.7704
[11:15:39 INFO] Epoch 46/50  iter 50/743  loss=0.1016  lr=5.92e-06
[11:15:53 INFO] Epoch 46/50  iter 100/743  loss=0.0807  lr=5.84e-06
[11:16:06 INFO] Epoch 46/50  iter 150/743  loss=0.1510  lr=5.76e-06
[11:16:19 INFO] Epoch 46/50  iter 200/743  loss=0.1005  lr=5.68e-06
[11:16:33 INFO] Epoch 46/50  iter 250/743  loss=0.1402  lr=5.59e-06
[11:16:46 INFO] Epoch 46/50  iter 300/743  loss=0.1192  lr=5.51e-06
[11:16:59 INFO] Epoch 46/50  iter 350/743  loss=0.1339  lr=5.43e-06
[11:17:13 INFO] Epoch 46/50  iter 400/743  loss=0.1382  lr=5.35e-06
[11:17:26 INFO] Epoch 46/50  iter 450/743  loss=0.0752  lr=5.27e-06
[11:17:39 INFO] Epoch 46/50  iter 500/743  loss=0.0525  lr=5.19e-06
[11:17:53 INFO] Epoch 46/50  iter 550/743  loss=0.7135  lr=5.11e-06
[11:18:06 INFO] Epoch 46/50  iter 600/743  loss=0.1228  lr=5.03e-06
[11:18:19 INFO] Epoch 46/50  iter 650/743  loss=0.1893  lr=4.95e-06
[11:18:33 INFO] Epoch 46/50  iter 700/743  loss=0.0645  lr=4.87e-06
[11:18:44 INFO] Epoch 46 complete — avg_loss=0.1167  time=199s
[11:18:59 INFO] Epoch 47/50  iter 50/743  loss=0.1422  lr=4.72e-06
[11:19:12 INFO] Epoch 47/50  iter 100/743  loss=0.0611  lr=4.64e-06
[11:19:25 INFO] Epoch 47/50  iter 150/743  loss=0.0834  lr=4.56e-06
[11:19:38 INFO] Epoch 47/50  iter 200/743  loss=0.1142  lr=4.48e-06
[11:19:52 INFO] Epoch 47/50  iter 250/743  loss=0.0913  lr=4.39e-06
[11:20:05 INFO] Epoch 47/50  iter 300/743  loss=0.1039  lr=4.31e-06
[11:20:18 INFO] Epoch 47/50  iter 350/743  loss=0.1237  lr=4.23e-06
[11:20:32 INFO] Epoch 47/50  iter 400/743  loss=0.0953  lr=4.15e-06
[11:20:45 INFO] Epoch 47/50  iter 450/743  loss=0.1456  lr=4.07e-06
[11:20:58 INFO] Epoch 47/50  iter 500/743  loss=0.1040  lr=3.99e-06
[11:21:12 INFO] Epoch 47/50  iter 550/743  loss=0.1173  lr=3.91e-06
[11:21:25 INFO] Epoch 47/50  iter 600/743  loss=0.2781  lr=3.83e-06
[11:21:38 INFO] Epoch 47/50  iter 650/743  loss=0.0798  lr=3.75e-06
[11:21:52 INFO] Epoch 47/50  iter 700/743  loss=0.0840  lr=3.67e-06
[11:22:03 INFO] Epoch 47 complete — avg_loss=0.1152  time=199s
[11:22:18 INFO] Epoch 48/50  iter 50/743  loss=0.0808  lr=3.52e-06
[11:22:31 INFO] Epoch 48/50  iter 100/743  loss=0.0600  lr=3.44e-06
[11:22:44 INFO] Epoch 48/50  iter 150/743  loss=0.1099  lr=3.36e-06
[11:22:58 INFO] Epoch 48/50  iter 200/743  loss=0.2166  lr=3.28e-06
[11:23:11 INFO] Epoch 48/50  iter 250/743  loss=0.0804  lr=3.19e-06
[11:23:24 INFO] Epoch 48/50  iter 300/743  loss=0.0735  lr=3.11e-06
[11:23:38 INFO] Epoch 48/50  iter 350/743  loss=0.1412  lr=3.03e-06
[11:23:51 INFO] Epoch 48/50  iter 400/743  loss=0.1883  lr=2.95e-06
[11:24:04 INFO] Epoch 48/50  iter 450/743  loss=0.0969  lr=2.87e-06
[11:24:18 INFO] Epoch 48/50  iter 500/743  loss=0.0499  lr=2.79e-06
[11:24:31 INFO] Epoch 48/50  iter 550/743  loss=0.1027  lr=2.71e-06
[11:24:44 INFO] Epoch 48/50  iter 600/743  loss=0.1314  lr=2.63e-06
[11:24:57 INFO] Epoch 48/50  iter 650/743  loss=0.0946  lr=2.55e-06
[11:25:11 INFO] Epoch 48/50  iter 700/743  loss=0.1525  lr=2.47e-06
[11:25:22 INFO] Epoch 48 complete — avg_loss=0.1128  time=199s
[11:25:37 INFO] Epoch 49/50  iter 50/743  loss=0.0989  lr=2.32e-06
[11:25:50 INFO] Epoch 49/50  iter 100/743  loss=0.1309  lr=2.24e-06
[11:26:03 INFO] Epoch 49/50  iter 150/743  loss=0.1198  lr=2.16e-06
[11:26:17 INFO] Epoch 49/50  iter 200/743  loss=0.1133  lr=2.08e-06
[11:26:30 INFO] Epoch 49/50  iter 250/743  loss=0.1463  lr=1.99e-06
[11:26:43 INFO] Epoch 49/50  iter 300/743  loss=0.0953  lr=1.91e-06
[11:26:57 INFO] Epoch 49/50  iter 350/743  loss=0.1432  lr=1.83e-06
[11:27:10 INFO] Epoch 49/50  iter 400/743  loss=0.0749  lr=1.75e-06
[11:27:23 INFO] Epoch 49/50  iter 450/743  loss=0.0714  lr=1.67e-06
[11:27:36 INFO] Epoch 49/50  iter 500/743  loss=0.0723  lr=1.59e-06
[11:27:50 INFO] Epoch 49/50  iter 550/743  loss=0.1585  lr=1.51e-06
[11:28:03 INFO] Epoch 49/50  iter 600/743  loss=0.0662  lr=1.43e-06
[11:28:16 INFO] Epoch 49/50  iter 650/743  loss=0.1051  lr=1.35e-06
[11:28:30 INFO] Epoch 49/50  iter 700/743  loss=0.0905  lr=1.27e-06
[11:28:41 INFO] Epoch 49 complete — avg_loss=0.1111  time=199s
[11:28:56 INFO] Epoch 50/50  iter 50/743  loss=0.0968  lr=1.12e-06
[11:29:09 INFO] Epoch 50/50  iter 100/743  loss=0.1603  lr=1.04e-06
[11:29:22 INFO] Epoch 50/50  iter 150/743  loss=0.0449  lr=9.56e-07
[11:29:36 INFO] Epoch 50/50  iter 200/743  loss=0.1218  lr=8.75e-07
[11:29:49 INFO] Epoch 50/50  iter 250/743  loss=0.0791  lr=7.95e-07
[11:30:02 INFO] Epoch 50/50  iter 300/743  loss=0.0831  lr=7.14e-07
[11:30:16 INFO] Epoch 50/50  iter 350/743  loss=0.1313  lr=6.33e-07
[11:30:29 INFO] Epoch 50/50  iter 400/743  loss=0.1021  lr=5.52e-07
[11:30:42 INFO] Epoch 50/50  iter 450/743  loss=0.0730  lr=4.72e-07
[11:30:56 INFO] Epoch 50/50  iter 500/743  loss=0.1023  lr=3.91e-07
[11:31:09 INFO] Epoch 50/50  iter 550/743  loss=0.1032  lr=3.10e-07
[11:31:22 INFO] Epoch 50/50  iter 600/743  loss=0.0719  lr=2.29e-07
[11:31:36 INFO] Epoch 50/50  iter 650/743  loss=0.1113  lr=1.49e-07
[11:31:49 INFO] Epoch 50/50  iter 700/743  loss=0.1417  lr=6.78e-08
[11:32:00 INFO] Epoch 50 complete — avg_loss=0.1190  time=199s
[11:33:57 INFO]   val mIoU = 0.7767
[11:33:57 INFO]   ★ New best val mIoU: 0.7767
[11:33:58 INFO] Training complete. Best val mIoU = 0.7767
