[03:39:39 INFO] Device: cuda
[03:39:41 INFO] fog_prob: 0.3
[03:39:43 INFO] Train: 2975 samples  |  Val: 500 samples
[03:40:03 INFO] Epoch 1/50  iter 50/743  loss=0.7518  lr=5.99e-05
[03:40:21 INFO] Epoch 1/50  iter 100/743  loss=0.6094  lr=5.98e-05
[03:40:40 INFO] Epoch 1/50  iter 150/743  loss=0.8693  lr=5.98e-05
[03:40:57 INFO] Epoch 1/50  iter 200/743  loss=0.4328  lr=5.97e-05
[03:41:16 INFO] Epoch 1/50  iter 250/743  loss=0.6539  lr=5.96e-05
[03:41:34 INFO] Epoch 1/50  iter 300/743  loss=0.3695  lr=5.95e-05
[03:41:53 INFO] Epoch 1/50  iter 350/743  loss=1.7154  lr=5.94e-05
[03:42:11 INFO] Epoch 1/50  iter 400/743  loss=0.5634  lr=5.94e-05
[03:42:29 INFO] Epoch 1/50  iter 450/743  loss=0.3268  lr=5.93e-05
[03:42:47 INFO] Epoch 1/50  iter 500/743  loss=0.7081  lr=5.92e-05
[03:43:06 INFO] Epoch 1/50  iter 550/743  loss=2.1789  lr=5.91e-05
[03:43:24 INFO] Epoch 1/50  iter 600/743  loss=0.3083  lr=5.90e-05
[03:43:43 INFO] Epoch 1/50  iter 650/743  loss=0.2527  lr=5.89e-05
[03:44:01 INFO] Epoch 1/50  iter 700/743  loss=0.5828  lr=5.89e-05
[03:44:17 INFO] Epoch 1 complete — avg_loss=0.7944  time=273s
[03:44:37 INFO] Epoch 2/50  iter 50/743  loss=0.2619  lr=5.87e-05
[03:44:55 INFO] Epoch 2/50  iter 100/743  loss=0.5144  lr=5.86e-05
[03:45:14 INFO] Epoch 2/50  iter 150/743  loss=0.3142  lr=5.86e-05
[03:45:32 INFO] Epoch 2/50  iter 200/743  loss=0.5921  lr=5.85e-05
[03:45:50 INFO] Epoch 2/50  iter 250/743  loss=0.1507  lr=5.84e-05
[03:46:08 INFO] Epoch 2/50  iter 300/743  loss=0.2982  lr=5.83e-05
[03:46:27 INFO] Epoch 2/50  iter 350/743  loss=0.2481  lr=5.82e-05
[03:46:45 INFO] Epoch 2/50  iter 400/743  loss=0.3556  lr=5.82e-05
[03:47:03 INFO] Epoch 2/50  iter 450/743  loss=0.2644  lr=5.81e-05
[03:47:22 INFO] Epoch 2/50  iter 500/743  loss=0.1873  lr=5.80e-05
[03:47:40 INFO] Epoch 2/50  iter 550/743  loss=0.1407  lr=5.79e-05
[03:47:58 INFO] Epoch 2/50  iter 600/743  loss=0.2824  lr=5.78e-05
[03:48:16 INFO] Epoch 2/50  iter 650/743  loss=0.2875  lr=5.77e-05
[03:48:35 INFO] Epoch 2/50  iter 700/743  loss=0.2495  lr=5.77e-05
[03:48:51 INFO] Epoch 2 complete — avg_loss=0.4430  time=273s
[03:49:10 INFO] Epoch 3/50  iter 50/743  loss=0.2335  lr=5.75e-05
[03:49:28 INFO] Epoch 3/50  iter 100/743  loss=0.4934  lr=5.74e-05
[03:49:47 INFO] Epoch 3/50  iter 150/743  loss=0.9553  lr=5.74e-05
[03:50:05 INFO] Epoch 3/50  iter 200/743  loss=0.7768  lr=5.73e-05
[03:50:23 INFO] Epoch 3/50  iter 250/743  loss=0.6141  lr=5.72e-05
[03:50:42 INFO] Epoch 3/50  iter 300/743  loss=0.4577  lr=5.71e-05
[03:51:00 INFO] Epoch 3/50  iter 350/743  loss=0.2965  lr=5.70e-05
[03:51:18 INFO] Epoch 3/50  iter 400/743  loss=0.4965  lr=5.70e-05
[03:51:36 INFO] Epoch 3/50  iter 450/743  loss=1.0581  lr=5.69e-05
[03:51:54 INFO] Epoch 3/50  iter 500/743  loss=0.4202  lr=5.68e-05
[03:52:12 INFO] Epoch 3/50  iter 550/743  loss=0.3810  lr=5.67e-05
[03:52:30 INFO] Epoch 3/50  iter 600/743  loss=0.5095  lr=5.66e-05
[03:52:49 INFO] Epoch 3/50  iter 650/743  loss=0.5161  lr=5.65e-05
[03:53:07 INFO] Epoch 3/50  iter 700/743  loss=0.2466  lr=5.65e-05
[03:53:23 INFO] Epoch 3 complete — avg_loss=0.3822  time=271s
[03:53:42 INFO] Epoch 4/50  iter 50/743  loss=0.0877  lr=5.63e-05
[03:54:01 INFO] Epoch 4/50  iter 100/743  loss=0.5365  lr=5.62e-05
[03:54:19 INFO] Epoch 4/50  iter 150/743  loss=0.2872  lr=5.62e-05
[03:54:37 INFO] Epoch 4/50  iter 200/743  loss=0.1450  lr=5.61e-05
[03:54:55 INFO] Epoch 4/50  iter 250/743  loss=0.4712  lr=5.60e-05
[03:55:14 INFO] Epoch 4/50  iter 300/743  loss=0.3049  lr=5.59e-05
[03:55:32 INFO] Epoch 4/50  iter 350/743  loss=0.1736  lr=5.58e-05
[03:55:50 INFO] Epoch 4/50  iter 400/743  loss=0.1110  lr=5.58e-05
[03:56:08 INFO] Epoch 4/50  iter 450/743  loss=0.5039  lr=5.57e-05
[03:56:27 INFO] Epoch 4/50  iter 500/743  loss=0.4509  lr=5.56e-05
[03:56:45 INFO] Epoch 4/50  iter 550/743  loss=0.3387  lr=5.55e-05
[03:57:03 INFO] Epoch 4/50  iter 600/743  loss=0.5089  lr=5.54e-05
[03:57:21 INFO] Epoch 4/50  iter 650/743  loss=0.2877  lr=5.53e-05
[03:57:40 INFO] Epoch 4/50  iter 700/743  loss=0.1141  lr=5.53e-05
[03:57:55 INFO] Epoch 4 complete — avg_loss=0.3457  time=272s
[03:58:16 INFO] Epoch 5/50  iter 50/743  loss=0.1515  lr=5.51e-05
[03:58:34 INFO] Epoch 5/50  iter 100/743  loss=0.2986  lr=5.50e-05
[03:58:52 INFO] Epoch 5/50  iter 150/743  loss=0.4571  lr=5.50e-05
[03:59:10 INFO] Epoch 5/50  iter 200/743  loss=0.3631  lr=5.49e-05
[03:59:29 INFO] Epoch 5/50  iter 250/743  loss=0.3807  lr=5.48e-05
[03:59:47 INFO] Epoch 5/50  iter 300/743  loss=0.3263  lr=5.47e-05
[04:00:05 INFO] Epoch 5/50  iter 350/743  loss=0.5709  lr=5.46e-05
[04:00:23 INFO] Epoch 5/50  iter 400/743  loss=0.3813  lr=5.46e-05
[04:00:42 INFO] Epoch 5/50  iter 450/743  loss=0.2884  lr=5.45e-05
[04:01:00 INFO] Epoch 5/50  iter 500/743  loss=0.2062  lr=5.44e-05
[04:01:18 INFO] Epoch 5/50  iter 550/743  loss=0.1750  lr=5.43e-05
[04:01:36 INFO] Epoch 5/50  iter 600/743  loss=0.3185  lr=5.42e-05
[04:01:55 INFO] Epoch 5/50  iter 650/743  loss=0.2846  lr=5.41e-05
[04:02:13 INFO] Epoch 5/50  iter 700/743  loss=0.2379  lr=5.41e-05
[04:02:29 INFO] Epoch 5 complete — avg_loss=0.3158  time=273s
[04:04:58 INFO]   val mIoU = 0.6050
[04:04:58 INFO]   ★ New best val mIoU: 0.6050
[04:05:19 INFO] Epoch 6/50  iter 50/743  loss=0.3975  lr=5.39e-05
[04:05:37 INFO] Epoch 6/50  iter 100/743  loss=0.2070  lr=5.38e-05
[04:05:55 INFO] Epoch 6/50  iter 150/743  loss=0.2608  lr=5.38e-05
[04:06:13 INFO] Epoch 6/50  iter 200/743  loss=0.1463  lr=5.37e-05
[04:06:32 INFO] Epoch 6/50  iter 250/743  loss=0.6157  lr=5.36e-05
[04:06:50 INFO] Epoch 6/50  iter 300/743  loss=0.1876  lr=5.35e-05
[04:07:08 INFO] Epoch 6/50  iter 350/743  loss=0.3495  lr=5.34e-05
[04:07:26 INFO] Epoch 6/50  iter 400/743  loss=0.1380  lr=5.34e-05
[04:07:45 INFO] Epoch 6/50  iter 450/743  loss=0.2877  lr=5.33e-05
[04:08:03 INFO] Epoch 6/50  iter 500/743  loss=0.3363  lr=5.32e-05
[04:08:21 INFO] Epoch 6/50  iter 550/743  loss=0.0757  lr=5.31e-05
[04:08:39 INFO] Epoch 6/50  iter 600/743  loss=0.1652  lr=5.30e-05
[04:08:57 INFO] Epoch 6/50  iter 650/743  loss=0.6996  lr=5.29e-05
[04:09:16 INFO] Epoch 6/50  iter 700/743  loss=0.2010  lr=5.29e-05
[04:09:32 INFO] Epoch 6 complete — avg_loss=0.3007  time=273s
[04:09:51 INFO] Epoch 7/50  iter 50/743  loss=0.6157  lr=5.27e-05
[04:10:09 INFO] Epoch 7/50  iter 100/743  loss=0.0956  lr=5.26e-05
[04:10:27 INFO] Epoch 7/50  iter 150/743  loss=0.5971  lr=5.26e-05
[04:10:46 INFO] Epoch 7/50  iter 200/743  loss=0.3936  lr=5.25e-05
[04:11:04 INFO] Epoch 7/50  iter 250/743  loss=0.4200  lr=5.24e-05
[04:11:22 INFO] Epoch 7/50  iter 300/743  loss=0.5067  lr=5.23e-05
[04:11:40 INFO] Epoch 7/50  iter 350/743  loss=0.1612  lr=5.22e-05
[04:11:59 INFO] Epoch 7/50  iter 400/743  loss=0.2332  lr=5.22e-05
[04:12:17 INFO] Epoch 7/50  iter 450/743  loss=1.2950  lr=5.21e-05
[04:12:35 INFO] Epoch 7/50  iter 500/743  loss=0.2158  lr=5.20e-05
[04:12:54 INFO] Epoch 7/50  iter 550/743  loss=0.1916  lr=5.19e-05
[04:13:12 INFO] Epoch 7/50  iter 600/743  loss=0.5594  lr=5.18e-05
[04:13:30 INFO] Epoch 7/50  iter 650/743  loss=0.0691  lr=5.17e-05
[04:13:48 INFO] Epoch 7/50  iter 700/743  loss=0.2532  lr=5.17e-05
[04:14:04 INFO] Epoch 7 complete — avg_loss=0.2965  time=272s
[04:14:24 INFO] Epoch 8/50  iter 50/743  loss=0.1133  lr=5.15e-05
[04:14:42 INFO] Epoch 8/50  iter 100/743  loss=0.2182  lr=5.14e-05
[04:15:00 INFO] Epoch 8/50  iter 150/743  loss=0.4248  lr=5.14e-05
[04:15:19 INFO] Epoch 8/50  iter 200/743  loss=0.1779  lr=5.13e-05
[04:15:37 INFO] Epoch 8/50  iter 250/743  loss=0.4101  lr=5.12e-05
[04:15:55 INFO] Epoch 8/50  iter 300/743  loss=0.3225  lr=5.11e-05
[04:16:13 INFO] Epoch 8/50  iter 350/743  loss=0.1388  lr=5.10e-05
[04:16:32 INFO] Epoch 8/50  iter 400/743  loss=0.0282  lr=5.10e-05
[04:16:50 INFO] Epoch 8/50  iter 450/743  loss=0.2017  lr=5.09e-05
[04:17:08 INFO] Epoch 8/50  iter 500/743  loss=0.2070  lr=5.08e-05
[04:17:26 INFO] Epoch 8/50  iter 550/743  loss=0.4528  lr=5.07e-05
[04:17:45 INFO] Epoch 8/50  iter 600/743  loss=0.2409  lr=5.06e-05
[04:18:03 INFO] Epoch 8/50  iter 650/743  loss=0.2740  lr=5.05e-05
[04:18:21 INFO] Epoch 8/50  iter 700/743  loss=0.1927  lr=5.05e-05
[04:18:36 INFO] Epoch 8 complete — avg_loss=0.2733  time=272s
[04:18:57 INFO] Epoch 9/50  iter 50/743  loss=0.1571  lr=5.03e-05
[04:19:15 INFO] Epoch 9/50  iter 100/743  loss=0.2684  lr=5.02e-05
[04:19:33 INFO] Epoch 9/50  iter 150/743  loss=0.1944  lr=5.02e-05
[04:19:51 INFO] Epoch 9/50  iter 200/743  loss=0.4344  lr=5.01e-05
[04:20:09 INFO] Epoch 9/50  iter 250/743  loss=0.2282  lr=5.00e-05
[04:20:28 INFO] Epoch 9/50  iter 300/743  loss=0.1633  lr=4.99e-05
[04:20:46 INFO] Epoch 9/50  iter 350/743  loss=0.1567  lr=4.98e-05
[04:21:04 INFO] Epoch 9/50  iter 400/743  loss=0.2781  lr=4.98e-05
[04:21:22 INFO] Epoch 9/50  iter 450/743  loss=0.3773  lr=4.97e-05
[04:21:41 INFO] Epoch 9/50  iter 500/743  loss=0.1505  lr=4.96e-05
[04:21:59 INFO] Epoch 9/50  iter 550/743  loss=0.2537  lr=4.95e-05
[04:22:17 INFO] Epoch 9/50  iter 600/743  loss=0.3905  lr=4.94e-05
[04:22:35 INFO] Epoch 9/50  iter 650/743  loss=0.3991  lr=4.93e-05
[04:22:53 INFO] Epoch 9/50  iter 700/743  loss=0.1942  lr=4.93e-05
[04:23:09 INFO] Epoch 9 complete — avg_loss=0.2741  time=272s
[04:23:29 INFO] Epoch 10/50  iter 50/743  loss=0.1471  lr=4.91e-05
[04:23:48 INFO] Epoch 10/50  iter 100/743  loss=0.1779  lr=4.90e-05
[04:24:06 INFO] Epoch 10/50  iter 150/743  loss=0.1520  lr=4.90e-05
[04:24:24 INFO] Epoch 10/50  iter 200/743  loss=0.3806  lr=4.89e-05
[04:24:42 INFO] Epoch 10/50  iter 250/743  loss=0.1169  lr=4.88e-05
[04:25:00 INFO] Epoch 10/50  iter 300/743  loss=0.1693  lr=4.87e-05
[04:25:19 INFO] Epoch 10/50  iter 350/743  loss=0.1970  lr=4.86e-05
[04:25:37 INFO] Epoch 10/50  iter 400/743  loss=0.1635  lr=4.86e-05
[04:25:55 INFO] Epoch 10/50  iter 450/743  loss=0.1909  lr=4.85e-05
[04:26:14 INFO] Epoch 10/50  iter 500/743  loss=0.2476  lr=4.84e-05
[04:26:32 INFO] Epoch 10/50  iter 550/743  loss=0.2532  lr=4.83e-05
[04:26:50 INFO] Epoch 10/50  iter 600/743  loss=0.1364  lr=4.82e-05
[04:27:08 INFO] Epoch 10/50  iter 650/743  loss=0.2926  lr=4.81e-05
[04:27:27 INFO] Epoch 10/50  iter 700/743  loss=0.1517  lr=4.81e-05
[04:27:43 INFO] Epoch 10 complete — avg_loss=0.2555  time=273s
[04:30:14 INFO]   val mIoU = 0.6531
[04:30:15 INFO]   ★ New best val mIoU: 0.6531
[04:30:32 INFO] Epoch 11/50  iter 50/743  loss=0.1641  lr=4.79e-05
[04:30:49 INFO] Epoch 11/50  iter 100/743  loss=0.2751  lr=4.78e-05
[04:31:05 INFO] Epoch 11/50  iter 150/743  loss=0.3972  lr=4.78e-05
[04:31:21 INFO] Epoch 11/50  iter 200/743  loss=0.2423  lr=4.77e-05
[04:31:37 INFO] Epoch 11/50  iter 250/743  loss=0.1587  lr=4.76e-05
[04:31:53 INFO] Epoch 11/50  iter 300/743  loss=0.1550  lr=4.75e-05
[04:32:09 INFO] Epoch 11/50  iter 350/743  loss=0.1732  lr=4.74e-05
[04:32:25 INFO] Epoch 11/50  iter 400/743  loss=0.1122  lr=4.74e-05
[04:32:41 INFO] Epoch 11/50  iter 450/743  loss=0.3443  lr=4.73e-05
[04:32:57 INFO] Epoch 11/50  iter 500/743  loss=0.1101  lr=4.72e-05
[04:33:14 INFO] Epoch 11/50  iter 550/743  loss=0.4825  lr=4.71e-05
[04:33:30 INFO] Epoch 11/50  iter 600/743  loss=0.1202  lr=4.70e-05
[04:33:46 INFO] Epoch 11/50  iter 650/743  loss=0.2888  lr=4.69e-05
[04:34:02 INFO] Epoch 11/50  iter 700/743  loss=0.2741  lr=4.69e-05
[04:34:16 INFO] Epoch 11 complete — avg_loss=0.2550  time=240s
[04:34:34 INFO] Epoch 12/50  iter 50/743  loss=0.1004  lr=4.67e-05
[04:34:50 INFO] Epoch 12/50  iter 100/743  loss=0.1890  lr=4.66e-05
[04:35:06 INFO] Epoch 12/50  iter 150/743  loss=0.1145  lr=4.66e-05
[04:35:22 INFO] Epoch 12/50  iter 200/743  loss=0.2400  lr=4.65e-05
[04:35:38 INFO] Epoch 12/50  iter 250/743  loss=0.2650  lr=4.64e-05
[04:35:54 INFO] Epoch 12/50  iter 300/743  loss=0.2738  lr=4.63e-05
[04:36:10 INFO] Epoch 12/50  iter 350/743  loss=0.2025  lr=4.62e-05
[04:36:26 INFO] Epoch 12/50  iter 400/743  loss=0.1810  lr=4.62e-05
[04:36:42 INFO] Epoch 12/50  iter 450/743  loss=0.1961  lr=4.61e-05
[04:36:58 INFO] Epoch 12/50  iter 500/743  loss=0.1910  lr=4.60e-05
[04:37:14 INFO] Epoch 12/50  iter 550/743  loss=0.2324  lr=4.59e-05
[04:37:30 INFO] Epoch 12/50  iter 600/743  loss=0.2368  lr=4.58e-05
[04:37:46 INFO] Epoch 12/50  iter 650/743  loss=0.3081  lr=4.57e-05
[04:38:02 INFO] Epoch 12/50  iter 700/743  loss=0.3365  lr=4.57e-05
[04:38:16 INFO] Epoch 12 complete — avg_loss=0.2442  time=240s
[04:38:33 INFO] Epoch 13/50  iter 50/743  loss=0.2913  lr=4.55e-05
[04:38:49 INFO] Epoch 13/50  iter 100/743  loss=0.1805  lr=4.54e-05
[04:39:06 INFO] Epoch 13/50  iter 150/743  loss=0.1146  lr=4.54e-05
[04:39:22 INFO] Epoch 13/50  iter 200/743  loss=0.0906  lr=4.53e-05
[04:39:38 INFO] Epoch 13/50  iter 250/743  loss=0.1966  lr=4.52e-05
[04:39:54 INFO] Epoch 13/50  iter 300/743  loss=0.1209  lr=4.51e-05
[04:40:10 INFO] Epoch 13/50  iter 350/743  loss=0.2104  lr=4.50e-05
[04:40:26 INFO] Epoch 13/50  iter 400/743  loss=0.3599  lr=4.50e-05
[04:40:42 INFO] Epoch 13/50  iter 450/743  loss=0.3775  lr=4.49e-05
[04:40:58 INFO] Epoch 13/50  iter 500/743  loss=0.2629  lr=4.48e-05
[04:41:14 INFO] Epoch 13/50  iter 550/743  loss=0.1429  lr=4.47e-05
[04:41:30 INFO] Epoch 13/50  iter 600/743  loss=0.3381  lr=4.46e-05
[04:41:47 INFO] Epoch 13/50  iter 650/743  loss=0.2562  lr=4.45e-05
[04:42:03 INFO] Epoch 13/50  iter 700/743  loss=0.1335  lr=4.45e-05
[04:42:16 INFO] Epoch 13 complete — avg_loss=0.2395  time=240s
[04:42:34 INFO] Epoch 14/50  iter 50/743  loss=0.0963  lr=4.43e-05
[04:42:50 INFO] Epoch 14/50  iter 100/743  loss=0.7182  lr=4.42e-05
[04:43:06 INFO] Epoch 14/50  iter 150/743  loss=0.0844  lr=4.42e-05
[04:43:22 INFO] Epoch 14/50  iter 200/743  loss=0.1383  lr=4.41e-05
[04:43:38 INFO] Epoch 14/50  iter 250/743  loss=0.1091  lr=4.40e-05
[04:43:55 INFO] Epoch 14/50  iter 300/743  loss=0.6222  lr=4.39e-05
[04:44:11 INFO] Epoch 14/50  iter 350/743  loss=0.1796  lr=4.38e-05
[04:44:27 INFO] Epoch 14/50  iter 400/743  loss=0.1686  lr=4.38e-05
[04:44:43 INFO] Epoch 14/50  iter 450/743  loss=0.2046  lr=4.37e-05
[04:44:59 INFO] Epoch 14/50  iter 500/743  loss=0.1249  lr=4.36e-05
[04:45:15 INFO] Epoch 14/50  iter 550/743  loss=0.1803  lr=4.35e-05
[04:45:31 INFO] Epoch 14/50  iter 600/743  loss=0.1745  lr=4.34e-05
[04:45:47 INFO] Epoch 14/50  iter 650/743  loss=0.2316  lr=4.33e-05
[04:46:03 INFO] Epoch 14/50  iter 700/743  loss=0.3206  lr=4.33e-05
[04:46:17 INFO] Epoch 14 complete — avg_loss=0.2357  time=240s
[04:46:35 INFO] Epoch 15/50  iter 50/743  loss=0.2130  lr=4.31e-05
[04:46:51 INFO] Epoch 15/50  iter 100/743  loss=0.2915  lr=4.30e-05
[04:47:07 INFO] Epoch 15/50  iter 150/743  loss=0.1118  lr=4.30e-05
[04:47:23 INFO] Epoch 15/50  iter 200/743  loss=0.1562  lr=4.29e-05
[04:47:39 INFO] Epoch 15/50  iter 250/743  loss=0.0978  lr=4.28e-05
[04:47:55 INFO] Epoch 15/50  iter 300/743  loss=1.1778  lr=4.27e-05
[04:48:11 INFO] Epoch 15/50  iter 350/743  loss=0.2944  lr=4.26e-05
[04:48:28 INFO] Epoch 15/50  iter 400/743  loss=0.2084  lr=4.26e-05
[04:48:44 INFO] Epoch 15/50  iter 450/743  loss=0.2025  lr=4.25e-05
[04:49:00 INFO] Epoch 15/50  iter 500/743  loss=0.2899  lr=4.24e-05
[04:49:16 INFO] Epoch 15/50  iter 550/743  loss=0.0964  lr=4.23e-05
[04:49:32 INFO] Epoch 15/50  iter 600/743  loss=0.2040  lr=4.22e-05
[04:49:48 INFO] Epoch 15/50  iter 650/743  loss=0.0919  lr=4.21e-05
[04:50:04 INFO] Epoch 15/50  iter 700/743  loss=0.2178  lr=4.21e-05
[04:50:18 INFO] Epoch 15 complete — avg_loss=0.2359  time=241s
[04:52:42 INFO]   val mIoU = 0.7138
[04:52:43 INFO]   ★ New best val mIoU: 0.7138
[04:53:00 INFO] Epoch 16/50  iter 50/743  loss=0.1579  lr=4.19e-05
[04:53:16 INFO] Epoch 16/50  iter 100/743  loss=0.1994  lr=4.18e-05
[04:53:33 INFO] Epoch 16/50  iter 150/743  loss=0.0902  lr=4.18e-05
[04:53:49 INFO] Epoch 16/50  iter 200/743  loss=0.2111  lr=4.17e-05
[04:54:05 INFO] Epoch 16/50  iter 250/743  loss=0.2408  lr=4.16e-05
[04:54:21 INFO] Epoch 16/50  iter 300/743  loss=0.0890  lr=4.15e-05
[04:54:37 INFO] Epoch 16/50  iter 350/743  loss=0.2135  lr=4.14e-05
[04:54:53 INFO] Epoch 16/50  iter 400/743  loss=0.2622  lr=4.14e-05
[04:55:09 INFO] Epoch 16/50  iter 450/743  loss=0.3228  lr=4.13e-05
[04:55:26 INFO] Epoch 16/50  iter 500/743  loss=0.1023  lr=4.12e-05
[04:55:42 INFO] Epoch 16/50  iter 550/743  loss=0.1076  lr=4.11e-05
[04:55:57 INFO] Epoch 16/50  iter 600/743  loss=0.1630  lr=4.10e-05
[04:56:14 INFO] Epoch 16/50  iter 650/743  loss=0.1884  lr=4.09e-05
[04:56:30 INFO] Epoch 16/50  iter 700/743  loss=0.2382  lr=4.09e-05
[04:56:44 INFO] Epoch 16 complete — avg_loss=0.2233  time=240s
[04:57:02 INFO] Epoch 17/50  iter 50/743  loss=0.1397  lr=4.07e-05
[04:57:18 INFO] Epoch 17/50  iter 100/743  loss=0.1163  lr=4.06e-05
[04:57:34 INFO] Epoch 17/50  iter 150/743  loss=0.2246  lr=4.06e-05
[04:57:50 INFO] Epoch 17/50  iter 200/743  loss=0.0892  lr=4.05e-05
[04:58:06 INFO] Epoch 17/50  iter 250/743  loss=0.1720  lr=4.04e-05
[04:58:23 INFO] Epoch 17/50  iter 300/743  loss=0.4120  lr=4.03e-05
[04:58:39 INFO] Epoch 17/50  iter 350/743  loss=0.1776  lr=4.02e-05
[04:58:55 INFO] Epoch 17/50  iter 400/743  loss=0.0904  lr=4.02e-05
[04:59:11 INFO] Epoch 17/50  iter 450/743  loss=0.1850  lr=4.01e-05
[04:59:27 INFO] Epoch 17/50  iter 500/743  loss=0.1935  lr=4.00e-05
[04:59:43 INFO] Epoch 17/50  iter 550/743  loss=0.2036  lr=3.99e-05
[04:59:59 INFO] Epoch 17/50  iter 600/743  loss=0.0710  lr=3.98e-05
[05:00:15 INFO] Epoch 17/50  iter 650/743  loss=0.3838  lr=3.97e-05
[05:00:32 INFO] Epoch 17/50  iter 700/743  loss=0.1530  lr=3.97e-05
[05:00:46 INFO] Epoch 17 complete — avg_loss=0.2177  time=241s
[05:01:03 INFO] Epoch 18/50  iter 50/743  loss=0.2428  lr=3.95e-05
[05:01:19 INFO] Epoch 18/50  iter 100/743  loss=0.2511  lr=3.94e-05
[05:01:35 INFO] Epoch 18/50  iter 150/743  loss=0.1230  lr=3.94e-05
[05:01:51 INFO] Epoch 18/50  iter 200/743  loss=0.0897  lr=3.93e-05
[05:02:08 INFO] Epoch 18/50  iter 250/743  loss=0.1321  lr=3.92e-05
[05:02:24 INFO] Epoch 18/50  iter 300/743  loss=0.1752  lr=3.91e-05
[05:02:40 INFO] Epoch 18/50  iter 350/743  loss=0.0810  lr=3.90e-05
[05:02:56 INFO] Epoch 18/50  iter 400/743  loss=0.3060  lr=3.90e-05
[05:03:12 INFO] Epoch 18/50  iter 450/743  loss=0.3179  lr=3.89e-05
[05:03:28 INFO] Epoch 18/50  iter 500/743  loss=0.1203  lr=3.88e-05
[05:03:44 INFO] Epoch 18/50  iter 550/743  loss=0.3257  lr=3.87e-05
[05:04:00 INFO] Epoch 18/50  iter 600/743  loss=0.2883  lr=3.86e-05
[05:04:17 INFO] Epoch 18/50  iter 650/743  loss=0.3220  lr=3.85e-05
[05:04:32 INFO] Epoch 18/50  iter 700/743  loss=0.4799  lr=3.85e-05
[05:04:46 INFO] Epoch 18 complete — avg_loss=0.2097  time=240s
[05:05:04 INFO] Epoch 19/50  iter 50/743  loss=0.1531  lr=3.83e-05
[05:05:20 INFO] Epoch 19/50  iter 100/743  loss=0.1847  lr=3.82e-05
[05:05:37 INFO] Epoch 19/50  iter 150/743  loss=0.1830  lr=3.82e-05
[05:05:53 INFO] Epoch 19/50  iter 200/743  loss=0.1118  lr=3.81e-05
[05:06:09 INFO] Epoch 19/50  iter 250/743  loss=0.1704  lr=3.80e-05
[05:06:25 INFO] Epoch 19/50  iter 300/743  loss=0.1124  lr=3.79e-05
[05:06:41 INFO] Epoch 19/50  iter 350/743  loss=0.1099  lr=3.78e-05
[05:06:57 INFO] Epoch 19/50  iter 400/743  loss=0.1945  lr=3.78e-05
[05:07:13 INFO] Epoch 19/50  iter 450/743  loss=0.1447  lr=3.77e-05
[05:07:30 INFO] Epoch 19/50  iter 500/743  loss=0.1377  lr=3.76e-05
[05:07:45 INFO] Epoch 19/50  iter 550/743  loss=0.0455  lr=3.75e-05
[05:08:02 INFO] Epoch 19/50  iter 600/743  loss=0.2955  lr=3.74e-05
[05:08:18 INFO] Epoch 19/50  iter 650/743  loss=0.2299  lr=3.73e-05
[05:08:34 INFO] Epoch 19/50  iter 700/743  loss=0.1989  lr=3.73e-05
[05:08:48 INFO] Epoch 19 complete — avg_loss=0.2208  time=241s
[05:09:06 INFO] Epoch 20/50  iter 50/743  loss=0.6560  lr=3.71e-05
[05:09:22 INFO] Epoch 20/50  iter 100/743  loss=0.2635  lr=3.70e-05
[05:09:38 INFO] Epoch 20/50  iter 150/743  loss=0.1561  lr=3.70e-05
[05:09:54 INFO] Epoch 20/50  iter 200/743  loss=0.1840  lr=3.69e-05
[05:10:10 INFO] Epoch 20/50  iter 250/743  loss=0.1597  lr=3.68e-05
[05:10:27 INFO] Epoch 20/50  iter 300/743  loss=0.2003  lr=3.67e-05
[05:10:43 INFO] Epoch 20/50  iter 350/743  loss=0.0991  lr=3.66e-05
[05:10:59 INFO] Epoch 20/50  iter 400/743  loss=0.1230  lr=3.66e-05
[05:11:15 INFO] Epoch 20/50  iter 450/743  loss=0.1739  lr=3.65e-05
[05:11:31 INFO] Epoch 20/50  iter 500/743  loss=0.1380  lr=3.64e-05
[05:11:47 INFO] Epoch 20/50  iter 550/743  loss=0.5014  lr=3.63e-05
[05:12:03 INFO] Epoch 20/50  iter 600/743  loss=0.1389  lr=3.62e-05
[05:12:19 INFO] Epoch 20/50  iter 650/743  loss=0.3062  lr=3.61e-05
[05:12:36 INFO] Epoch 20/50  iter 700/743  loss=0.1745  lr=3.61e-05
[05:12:49 INFO] Epoch 20 complete — avg_loss=0.2102  time=240s
[05:15:13 INFO]   val mIoU = 0.7238
[05:15:14 INFO]   ★ New best val mIoU: 0.7238
[05:15:32 INFO] Epoch 21/50  iter 50/743  loss=0.0879  lr=3.59e-05
[05:15:48 INFO] Epoch 21/50  iter 100/743  loss=0.3035  lr=3.58e-05
[05:16:04 INFO] Epoch 21/50  iter 150/743  loss=0.2831  lr=3.58e-05
[05:16:20 INFO] Epoch 21/50  iter 200/743  loss=0.2290  lr=3.57e-05
[05:16:36 INFO] Epoch 21/50  iter 250/743  loss=0.1151  lr=3.56e-05
[05:16:52 INFO] Epoch 21/50  iter 300/743  loss=0.0886  lr=3.55e-05
[05:17:09 INFO] Epoch 21/50  iter 350/743  loss=0.1834  lr=3.54e-05
[05:17:25 INFO] Epoch 21/50  iter 400/743  loss=0.1004  lr=3.54e-05
[05:17:41 INFO] Epoch 21/50  iter 450/743  loss=0.1969  lr=3.53e-05
[05:17:57 INFO] Epoch 21/50  iter 500/743  loss=0.1177  lr=3.52e-05
[05:18:13 INFO] Epoch 21/50  iter 550/743  loss=0.1404  lr=3.51e-05
[05:18:29 INFO] Epoch 21/50  iter 600/743  loss=0.2654  lr=3.50e-05
[05:18:45 INFO] Epoch 21/50  iter 650/743  loss=0.3196  lr=3.49e-05
[05:19:02 INFO] Epoch 21/50  iter 700/743  loss=0.1364  lr=3.49e-05
[05:19:16 INFO] Epoch 21 complete — avg_loss=0.2011  time=241s
[05:19:34 INFO] Epoch 22/50  iter 50/743  loss=0.1018  lr=3.47e-05
[05:19:50 INFO] Epoch 22/50  iter 100/743  loss=0.2668  lr=3.46e-05
[05:20:06 INFO] Epoch 22/50  iter 150/743  loss=0.7497  lr=3.46e-05
[05:20:23 INFO] Epoch 22/50  iter 200/743  loss=0.1890  lr=3.45e-05
[05:20:39 INFO] Epoch 22/50  iter 250/743  loss=0.0979  lr=3.44e-05
[05:20:55 INFO] Epoch 22/50  iter 300/743  loss=0.1137  lr=3.43e-05
[05:21:11 INFO] Epoch 22/50  iter 350/743  loss=0.0574  lr=3.42e-05
[05:21:27 INFO] Epoch 22/50  iter 400/743  loss=0.1184  lr=3.42e-05
[05:21:43 INFO] Epoch 22/50  iter 450/743  loss=0.4264  lr=3.41e-05
[05:22:00 INFO] Epoch 22/50  iter 500/743  loss=0.1143  lr=3.40e-05
[05:22:16 INFO] Epoch 22/50  iter 550/743  loss=0.4517  lr=3.39e-05
[05:22:32 INFO] Epoch 22/50  iter 600/743  loss=0.1245  lr=3.38e-05
[05:22:48 INFO] Epoch 22/50  iter 650/743  loss=0.1511  lr=3.37e-05
[05:23:04 INFO] Epoch 22/50  iter 700/743  loss=0.2066  lr=3.37e-05
[05:23:18 INFO] Epoch 22 complete — avg_loss=0.1982  time=242s
[05:23:36 INFO] Epoch 23/50  iter 50/743  loss=0.1382  lr=3.35e-05
[05:23:52 INFO] Epoch 23/50  iter 100/743  loss=0.3662  lr=3.34e-05
[05:24:08 INFO] Epoch 23/50  iter 150/743  loss=0.0925  lr=3.34e-05
[05:24:24 INFO] Epoch 23/50  iter 200/743  loss=0.1984  lr=3.33e-05
[05:24:40 INFO] Epoch 23/50  iter 250/743  loss=0.2045  lr=3.32e-05
[05:24:56 INFO] Epoch 23/50  iter 300/743  loss=0.1118  lr=3.31e-05
[05:25:13 INFO] Epoch 23/50  iter 350/743  loss=0.3971  lr=3.30e-05
[05:25:29 INFO] Epoch 23/50  iter 400/743  loss=0.1397  lr=3.30e-05
[05:25:45 INFO] Epoch 23/50  iter 450/743  loss=0.2236  lr=3.29e-05
[05:26:01 INFO] Epoch 23/50  iter 500/743  loss=0.1915  lr=3.28e-05
[05:26:17 INFO] Epoch 23/50  iter 550/743  loss=0.2066  lr=3.27e-05
[05:26:33 INFO] Epoch 23/50  iter 600/743  loss=0.1882  lr=3.26e-05
[05:26:49 INFO] Epoch 23/50  iter 650/743  loss=0.1070  lr=3.25e-05
[05:27:06 INFO] Epoch 23/50  iter 700/743  loss=0.1621  lr=3.25e-05
[05:27:20 INFO] Epoch 23 complete — avg_loss=0.1959  time=241s
[05:27:37 INFO] Epoch 24/50  iter 50/743  loss=0.2846  lr=3.23e-05
[05:27:53 INFO] Epoch 24/50  iter 100/743  loss=0.0847  lr=3.22e-05
[05:28:09 INFO] Epoch 24/50  iter 150/743  loss=0.1542  lr=3.22e-05
[05:28:26 INFO] Epoch 24/50  iter 200/743  loss=0.1528  lr=3.21e-05
[05:28:42 INFO] Epoch 24/50  iter 250/743  loss=0.2616  lr=3.20e-05
[05:28:58 INFO] Epoch 24/50  iter 300/743  loss=0.1533  lr=3.19e-05
[05:29:14 INFO] Epoch 24/50  iter 350/743  loss=0.2338  lr=3.18e-05
[05:29:30 INFO] Epoch 24/50  iter 400/743  loss=0.3093  lr=3.18e-05
[05:29:46 INFO] Epoch 24/50  iter 450/743  loss=0.2322  lr=3.17e-05
[05:30:02 INFO] Epoch 24/50  iter 500/743  loss=0.1541  lr=3.16e-05
[05:30:19 INFO] Epoch 24/50  iter 550/743  loss=0.1716  lr=3.15e-05
[05:30:35 INFO] Epoch 24/50  iter 600/743  loss=0.1286  lr=3.14e-05
[05:30:51 INFO] Epoch 24/50  iter 650/743  loss=0.0724  lr=3.13e-05
[05:31:07 INFO] Epoch 24/50  iter 700/743  loss=0.0860  lr=3.13e-05
[05:31:21 INFO] Epoch 24 complete — avg_loss=0.1927  time=240s
[05:31:39 INFO] Epoch 25/50  iter 50/743  loss=0.1483  lr=3.11e-05
[05:31:55 INFO] Epoch 25/50  iter 100/743  loss=0.2925  lr=3.10e-05
[05:32:11 INFO] Epoch 25/50  iter 150/743  loss=0.1419  lr=3.10e-05
[05:32:27 INFO] Epoch 25/50  iter 200/743  loss=0.0690  lr=3.09e-05
[05:32:43 INFO] Epoch 25/50  iter 250/743  loss=0.2348  lr=3.08e-05
[05:32:59 INFO] Epoch 25/50  iter 300/743  loss=0.1206  lr=3.07e-05
[05:33:15 INFO] Epoch 25/50  iter 350/743  loss=0.0948  lr=3.06e-05
[05:33:32 INFO] Epoch 25/50  iter 400/743  loss=0.0516  lr=3.06e-05
[05:33:48 INFO] Epoch 25/50  iter 450/743  loss=0.2445  lr=3.05e-05
[05:34:04 INFO] Epoch 25/50  iter 500/743  loss=0.1373  lr=3.04e-05
[05:34:20 INFO] Epoch 25/50  iter 550/743  loss=0.3034  lr=3.03e-05
[05:34:36 INFO] Epoch 25/50  iter 600/743  loss=0.0482  lr=3.02e-05
[05:34:52 INFO] Epoch 25/50  iter 650/743  loss=0.2383  lr=3.01e-05
[05:35:08 INFO] Epoch 25/50  iter 700/743  loss=0.2939  lr=3.01e-05
[05:35:22 INFO] Epoch 25 complete — avg_loss=0.1957  time=241s
[05:37:46 INFO]   val mIoU = 0.7467
[05:37:46 INFO]   ★ New best val mIoU: 0.7467
[05:38:04 INFO] Epoch 26/50  iter 50/743  loss=0.1862  lr=2.99e-05
[05:38:20 INFO] Epoch 26/50  iter 100/743  loss=0.1587  lr=2.98e-05
[05:38:36 INFO] Epoch 26/50  iter 150/743  loss=0.1478  lr=2.98e-05
[05:38:53 INFO] Epoch 26/50  iter 200/743  loss=0.3350  lr=2.97e-05
[05:39:09 INFO] Epoch 26/50  iter 250/743  loss=0.2554  lr=2.96e-05
[05:39:25 INFO] Epoch 26/50  iter 300/743  loss=0.0888  lr=2.95e-05
[05:39:41 INFO] Epoch 26/50  iter 350/743  loss=0.1131  lr=2.94e-05
[05:39:57 INFO] Epoch 26/50  iter 400/743  loss=0.2597  lr=2.94e-05
[05:40:13 INFO] Epoch 26/50  iter 450/743  loss=0.1779  lr=2.93e-05
[05:40:30 INFO] Epoch 26/50  iter 500/743  loss=0.2955  lr=2.92e-05
[05:40:46 INFO] Epoch 26/50  iter 550/743  loss=0.1760  lr=2.91e-05
[05:41:02 INFO] Epoch 26/50  iter 600/743  loss=0.0926  lr=2.90e-05
[05:41:18 INFO] Epoch 26/50  iter 650/743  loss=0.0879  lr=2.89e-05
[05:41:34 INFO] Epoch 26/50  iter 700/743  loss=0.1852  lr=2.89e-05
[05:41:48 INFO] Epoch 26 complete — avg_loss=0.1962  time=241s
[05:42:06 INFO] Epoch 27/50  iter 50/743  loss=0.2092  lr=2.87e-05
[05:42:22 INFO] Epoch 27/50  iter 100/743  loss=0.1540  lr=2.86e-05
[05:42:38 INFO] Epoch 27/50  iter 150/743  loss=0.2135  lr=2.86e-05
[05:42:54 INFO] Epoch 27/50  iter 200/743  loss=0.1917  lr=2.85e-05
[05:43:10 INFO] Epoch 27/50  iter 250/743  loss=0.0996  lr=2.84e-05
[05:43:27 INFO] Epoch 27/50  iter 300/743  loss=0.3333  lr=2.83e-05
[05:43:43 INFO] Epoch 27/50  iter 350/743  loss=0.1241  lr=2.82e-05
[05:43:59 INFO] Epoch 27/50  iter 400/743  loss=0.2188  lr=2.82e-05
[05:44:15 INFO] Epoch 27/50  iter 450/743  loss=0.1973  lr=2.81e-05
[05:44:31 INFO] Epoch 27/50  iter 500/743  loss=0.2131  lr=2.80e-05
[05:44:47 INFO] Epoch 27/50  iter 550/743  loss=0.1933  lr=2.79e-05
[05:45:03 INFO] Epoch 27/50  iter 600/743  loss=0.2666  lr=2.78e-05
[05:45:20 INFO] Epoch 27/50  iter 650/743  loss=0.2311  lr=2.77e-05
[05:45:36 INFO] Epoch 27/50  iter 700/743  loss=0.0234  lr=2.77e-05
[05:45:50 INFO] Epoch 27 complete — avg_loss=0.1939  time=241s
[05:46:06 INFO] Epoch 28/50  iter 50/743  loss=0.0715  lr=2.75e-05
[05:46:23 INFO] Epoch 28/50  iter 100/743  loss=0.2290  lr=2.74e-05
[05:46:39 INFO] Epoch 28/50  iter 150/743  loss=0.1157  lr=2.74e-05
[05:46:55 INFO] Epoch 28/50  iter 200/743  loss=0.1760  lr=2.73e-05
[05:47:11 INFO] Epoch 28/50  iter 250/743  loss=0.1066  lr=2.72e-05
[05:47:27 INFO] Epoch 28/50  iter 300/743  loss=0.0996  lr=2.71e-05
[05:47:43 INFO] Epoch 28/50  iter 350/743  loss=0.1420  lr=2.70e-05
[05:47:59 INFO] Epoch 28/50  iter 400/743  loss=0.1186  lr=2.70e-05
[05:48:15 INFO] Epoch 28/50  iter 450/743  loss=0.3768  lr=2.69e-05
[05:48:32 INFO] Epoch 28/50  iter 500/743  loss=0.4477  lr=2.68e-05
[05:48:48 INFO] Epoch 28/50  iter 550/743  loss=0.1504  lr=2.67e-05
[05:49:04 INFO] Epoch 28/50  iter 600/743  loss=0.2609  lr=2.66e-05
[05:49:20 INFO] Epoch 28/50  iter 650/743  loss=0.1813  lr=2.65e-05
[05:49:36 INFO] Epoch 28/50  iter 700/743  loss=0.1342  lr=2.65e-05
[05:49:50 INFO] Epoch 28 complete — avg_loss=0.1893  time=240s
[05:50:08 INFO] Epoch 29/50  iter 50/743  loss=0.1814  lr=2.63e-05
[05:50:25 INFO] Epoch 29/50  iter 100/743  loss=0.1900  lr=2.62e-05
[05:50:41 INFO] Epoch 29/50  iter 150/743  loss=0.0784  lr=2.62e-05
[05:50:57 INFO] Epoch 29/50  iter 200/743  loss=0.1776  lr=2.61e-05
[05:51:13 INFO] Epoch 29/50  iter 250/743  loss=0.1576  lr=2.60e-05
[05:51:29 INFO] Epoch 29/50  iter 300/743  loss=0.0707  lr=2.59e-05
[05:51:45 INFO] Epoch 29/50  iter 350/743  loss=0.6435  lr=2.58e-05
[05:52:01 INFO] Epoch 29/50  iter 400/743  loss=0.0669  lr=2.58e-05
[05:52:18 INFO] Epoch 29/50  iter 450/743  loss=0.1637  lr=2.57e-05
[05:52:34 INFO] Epoch 29/50  iter 500/743  loss=0.1889  lr=2.56e-05
[05:52:50 INFO] Epoch 29/50  iter 550/743  loss=0.0747  lr=2.55e-05
[05:53:06 INFO] Epoch 29/50  iter 600/743  loss=0.1398  lr=2.54e-05
[05:53:22 INFO] Epoch 29/50  iter 650/743  loss=0.1696  lr=2.53e-05
[05:53:38 INFO] Epoch 29/50  iter 700/743  loss=0.0845  lr=2.53e-05
[05:53:52 INFO] Epoch 29 complete — avg_loss=0.1785  time=242s
[05:54:10 INFO] Epoch 30/50  iter 50/743  loss=0.1830  lr=2.51e-05
[05:54:26 INFO] Epoch 30/50  iter 100/743  loss=0.2141  lr=2.50e-05
[05:54:42 INFO] Epoch 30/50  iter 150/743  loss=0.1146  lr=2.50e-05
[05:54:58 INFO] Epoch 30/50  iter 200/743  loss=0.2880  lr=2.49e-05
[05:55:15 INFO] Epoch 30/50  iter 250/743  loss=0.1300  lr=2.48e-05
[05:55:31 INFO] Epoch 30/50  iter 300/743  loss=0.1272  lr=2.47e-05
[05:55:47 INFO] Epoch 30/50  iter 350/743  loss=0.1833  lr=2.46e-05
[05:56:03 INFO] Epoch 30/50  iter 400/743  loss=0.2130  lr=2.46e-05
[05:56:19 INFO] Epoch 30/50  iter 450/743  loss=0.1595  lr=2.45e-05
[05:56:35 INFO] Epoch 30/50  iter 500/743  loss=0.5505  lr=2.44e-05
[05:56:51 INFO] Epoch 30/50  iter 550/743  loss=0.2118  lr=2.43e-05
[05:57:08 INFO] Epoch 30/50  iter 600/743  loss=0.2459  lr=2.42e-05
[05:57:24 INFO] Epoch 30/50  iter 650/743  loss=0.1870  lr=2.41e-05
[05:57:40 INFO] Epoch 30/50  iter 700/743  loss=0.2117  lr=2.41e-05
[05:57:54 INFO] Epoch 30 complete — avg_loss=0.1831  time=241s
[06:00:19 INFO]   val mIoU = 0.7442
[06:00:37 INFO] Epoch 31/50  iter 50/743  loss=0.1785  lr=2.39e-05
[06:00:53 INFO] Epoch 31/50  iter 100/743  loss=0.2578  lr=2.38e-05
[06:01:09 INFO] Epoch 31/50  iter 150/743  loss=2.7105  lr=2.38e-05
[06:01:25 INFO] Epoch 31/50  iter 200/743  loss=2.3024  lr=2.37e-05
[06:01:41 INFO] Epoch 31/50  iter 250/743  loss=0.0898  lr=2.36e-05
[06:01:57 INFO] Epoch 31/50  iter 300/743  loss=0.3872  lr=2.35e-05
[06:02:14 INFO] Epoch 31/50  iter 350/743  loss=0.2444  lr=2.34e-05
[06:02:30 INFO] Epoch 31/50  iter 400/743  loss=0.0602  lr=2.34e-05
[06:02:46 INFO] Epoch 31/50  iter 450/743  loss=0.1579  lr=2.33e-05
[06:03:02 INFO] Epoch 31/50  iter 500/743  loss=0.0674  lr=2.32e-05
[06:03:18 INFO] Epoch 31/50  iter 550/743  loss=0.2076  lr=2.31e-05
[06:03:34 INFO] Epoch 31/50  iter 600/743  loss=0.0999  lr=2.30e-05
[06:03:51 INFO] Epoch 31/50  iter 650/743  loss=0.2693  lr=2.29e-05
[06:04:07 INFO] Epoch 31/50  iter 700/743  loss=0.2265  lr=2.29e-05
[06:04:20 INFO] Epoch 31 complete — avg_loss=0.1816  time=241s
[06:04:39 INFO] Epoch 32/50  iter 50/743  loss=0.0841  lr=2.27e-05
[06:04:55 INFO] Epoch 32/50  iter 100/743  loss=0.0574  lr=2.26e-05
[06:05:11 INFO] Epoch 32/50  iter 150/743  loss=0.1217  lr=2.26e-05
[06:05:27 INFO] Epoch 32/50  iter 200/743  loss=0.1478  lr=2.25e-05
[06:05:44 INFO] Epoch 32/50  iter 250/743  loss=0.1702  lr=2.24e-05
[06:05:59 INFO] Epoch 32/50  iter 300/743  loss=0.1686  lr=2.23e-05
[06:06:16 INFO] Epoch 32/50  iter 350/743  loss=0.1190  lr=2.22e-05
[06:06:32 INFO] Epoch 32/50  iter 400/743  loss=0.2089  lr=2.22e-05
[06:06:48 INFO] Epoch 32/50  iter 450/743  loss=0.1141  lr=2.21e-05
[06:07:04 INFO] Epoch 32/50  iter 500/743  loss=0.0574  lr=2.20e-05
[06:07:20 INFO] Epoch 32/50  iter 550/743  loss=0.0518  lr=2.19e-05
[06:07:37 INFO] Epoch 32/50  iter 600/743  loss=0.0992  lr=2.18e-05
[06:07:52 INFO] Epoch 32/50  iter 650/743  loss=0.1216  lr=2.17e-05
[06:08:09 INFO] Epoch 32/50  iter 700/743  loss=0.1577  lr=2.17e-05
[06:08:23 INFO] Epoch 32 complete — avg_loss=0.1753  time=242s
[06:08:40 INFO] Epoch 33/50  iter 50/743  loss=0.1563  lr=2.15e-05
[06:08:56 INFO] Epoch 33/50  iter 100/743  loss=0.1309  lr=2.14e-05
[06:09:13 INFO] Epoch 33/50  iter 150/743  loss=0.1667  lr=2.14e-05
[06:09:28 INFO] Epoch 33/50  iter 200/743  loss=0.1208  lr=2.13e-05
[06:09:44 INFO] Epoch 33/50  iter 250/743  loss=0.1643  lr=2.12e-05
[06:10:01 INFO] Epoch 33/50  iter 300/743  loss=0.1549  lr=2.11e-05
[06:10:17 INFO] Epoch 33/50  iter 350/743  loss=0.2893  lr=2.10e-05
[06:10:33 INFO] Epoch 33/50  iter 400/743  loss=0.2788  lr=2.10e-05
[06:10:49 INFO] Epoch 33/50  iter 450/743  loss=0.0958  lr=2.09e-05
[06:11:05 INFO] Epoch 33/50  iter 500/743  loss=0.1260  lr=2.08e-05
[06:11:21 INFO] Epoch 33/50  iter 550/743  loss=0.0609  lr=2.07e-05
[06:11:37 INFO] Epoch 33/50  iter 600/743  loss=0.1669  lr=2.06e-05
[06:11:54 INFO] Epoch 33/50  iter 650/743  loss=0.3680  lr=2.05e-05
[06:12:10 INFO] Epoch 33/50  iter 700/743  loss=0.1235  lr=2.05e-05
[06:12:24 INFO] Epoch 33 complete — avg_loss=0.1832  time=241s
[06:12:41 INFO] Epoch 34/50  iter 50/743  loss=0.1122  lr=2.03e-05
[06:12:57 INFO] Epoch 34/50  iter 100/743  loss=0.1064  lr=2.02e-05
[06:13:13 INFO] Epoch 34/50  iter 150/743  loss=0.2631  lr=2.02e-05
[06:13:29 INFO] Epoch 34/50  iter 200/743  loss=0.0961  lr=2.01e-05
[06:13:46 INFO] Epoch 34/50  iter 250/743  loss=0.2765  lr=2.00e-05
[06:14:02 INFO] Epoch 34/50  iter 300/743  loss=0.1840  lr=1.99e-05
[06:14:18 INFO] Epoch 34/50  iter 350/743  loss=0.1625  lr=1.98e-05
[06:14:34 INFO] Epoch 34/50  iter 400/743  loss=0.1143  lr=1.98e-05
[06:14:50 INFO] Epoch 34/50  iter 450/743  loss=0.1158  lr=1.97e-05
[06:15:06 INFO] Epoch 34/50  iter 500/743  loss=0.2502  lr=1.96e-05
[06:15:22 INFO] Epoch 34/50  iter 550/743  loss=0.1002  lr=1.95e-05
[06:15:39 INFO] Epoch 34/50  iter 600/743  loss=0.2897  lr=1.94e-05
[06:15:55 INFO] Epoch 34/50  iter 650/743  loss=0.1607  lr=1.93e-05
[06:16:11 INFO] Epoch 34/50  iter 700/743  loss=0.2998  lr=1.93e-05
[06:16:25 INFO] Epoch 34 complete — avg_loss=0.1854  time=240s
[06:16:42 INFO] Epoch 35/50  iter 50/743  loss=0.1448  lr=1.91e-05
[06:16:58 INFO] Epoch 35/50  iter 100/743  loss=0.2696  lr=1.90e-05
[06:17:15 INFO] Epoch 35/50  iter 150/743  loss=0.2046  lr=1.90e-05
[06:17:31 INFO] Epoch 35/50  iter 200/743  loss=0.2050  lr=1.89e-05
[06:17:46 INFO] Epoch 35/50  iter 250/743  loss=0.1511  lr=1.88e-05
[06:18:03 INFO] Epoch 35/50  iter 300/743  loss=0.1656  lr=1.87e-05
[06:18:19 INFO] Epoch 35/50  iter 350/743  loss=0.3049  lr=1.86e-05
[06:18:35 INFO] Epoch 35/50  iter 400/743  loss=0.0994  lr=1.86e-05
[06:18:51 INFO] Epoch 35/50  iter 450/743  loss=0.1767  lr=1.85e-05
[06:19:07 INFO] Epoch 35/50  iter 500/743  loss=0.3000  lr=1.84e-05
[06:19:23 INFO] Epoch 35/50  iter 550/743  loss=0.1036  lr=1.83e-05
[06:19:39 INFO] Epoch 35/50  iter 600/743  loss=0.0927  lr=1.82e-05
[06:19:56 INFO] Epoch 35/50  iter 650/743  loss=0.2553  lr=1.81e-05
[06:20:12 INFO] Epoch 35/50  iter 700/743  loss=0.2148  lr=1.81e-05
[06:20:26 INFO] Epoch 35 complete — avg_loss=0.1765  time=241s
[06:22:49 INFO]   val mIoU = 0.7557
[06:22:49 INFO]   ★ New best val mIoU: 0.7557
[06:23:08 INFO] Epoch 36/50  iter 50/743  loss=0.1120  lr=1.79e-05
[06:23:24 INFO] Epoch 36/50  iter 100/743  loss=0.1078  lr=1.78e-05
[06:23:40 INFO] Epoch 36/50  iter 150/743  loss=0.2169  lr=1.78e-05
[06:23:56 INFO] Epoch 36/50  iter 200/743  loss=0.0732  lr=1.77e-05
[06:24:12 INFO] Epoch 36/50  iter 250/743  loss=0.1749  lr=1.76e-05
[06:24:28 INFO] Epoch 36/50  iter 300/743  loss=0.1824  lr=1.75e-05
[06:24:44 INFO] Epoch 36/50  iter 350/743  loss=0.0952  lr=1.74e-05
[06:25:01 INFO] Epoch 36/50  iter 400/743  loss=0.1112  lr=1.74e-05
[06:25:17 INFO] Epoch 36/50  iter 450/743  loss=0.1496  lr=1.73e-05
[06:25:33 INFO] Epoch 36/50  iter 500/743  loss=0.1295  lr=1.72e-05
[06:25:49 INFO] Epoch 36/50  iter 550/743  loss=0.0644  lr=1.71e-05
[06:26:05 INFO] Epoch 36/50  iter 600/743  loss=0.0717  lr=1.70e-05
[06:26:21 INFO] Epoch 36/50  iter 650/743  loss=0.2318  lr=1.69e-05
[06:26:37 INFO] Epoch 36/50  iter 700/743  loss=0.1994  lr=1.69e-05
[06:26:51 INFO] Epoch 36 complete — avg_loss=0.1749  time=241s
[06:27:10 INFO] Epoch 37/50  iter 50/743  loss=0.2205  lr=1.67e-05
[06:27:25 INFO] Epoch 37/50  iter 100/743  loss=0.1041  lr=1.66e-05
[06:27:42 INFO] Epoch 37/50  iter 150/743  loss=0.1249  lr=1.66e-05
[06:27:58 INFO] Epoch 37/50  iter 200/743  loss=0.2513  lr=1.65e-05
[06:28:14 INFO] Epoch 37/50  iter 250/743  loss=0.2389  lr=1.64e-05
[06:28:30 INFO] Epoch 37/50  iter 300/743  loss=0.1699  lr=1.63e-05
[06:28:46 INFO] Epoch 37/50  iter 350/743  loss=0.0450  lr=1.62e-05
[06:29:02 INFO] Epoch 37/50  iter 400/743  loss=0.1697  lr=1.62e-05
[06:29:18 INFO] Epoch 37/50  iter 450/743  loss=0.2041  lr=1.61e-05
[06:29:34 INFO] Epoch 37/50  iter 500/743  loss=0.1918  lr=1.60e-05
[06:29:50 INFO] Epoch 37/50  iter 550/743  loss=0.1120  lr=1.59e-05
[06:30:06 INFO] Epoch 37/50  iter 600/743  loss=0.1271  lr=1.58e-05
[06:30:23 INFO] Epoch 37/50  iter 650/743  loss=0.1515  lr=1.57e-05
[06:30:39 INFO] Epoch 37/50  iter 700/743  loss=0.1201  lr=1.57e-05
[06:30:52 INFO] Epoch 37 complete — avg_loss=0.1702  time=241s
[06:31:10 INFO] Epoch 38/50  iter 50/743  loss=0.2668  lr=1.55e-05
[06:31:26 INFO] Epoch 38/50  iter 100/743  loss=0.1281  lr=1.54e-05
[06:31:42 INFO] Epoch 38/50  iter 150/743  loss=0.1335  lr=1.54e-05
[06:31:58 INFO] Epoch 38/50  iter 200/743  loss=0.2026  lr=1.53e-05
[06:32:14 INFO] Epoch 38/50  iter 250/743  loss=0.0888  lr=1.52e-05
[06:32:31 INFO] Epoch 38/50  iter 300/743  loss=0.0993  lr=1.51e-05
[06:32:47 INFO] Epoch 38/50  iter 350/743  loss=0.2097  lr=1.50e-05
[06:33:03 INFO] Epoch 38/50  iter 400/743  loss=0.0805  lr=1.50e-05
[06:33:19 INFO] Epoch 38/50  iter 450/743  loss=0.1808  lr=1.49e-05
[06:33:35 INFO] Epoch 38/50  iter 500/743  loss=0.2179  lr=1.48e-05
[06:33:51 INFO] Epoch 38/50  iter 550/743  loss=0.3025  lr=1.47e-05
[06:34:07 INFO] Epoch 38/50  iter 600/743  loss=1.2255  lr=1.46e-05
[06:34:23 INFO] Epoch 38/50  iter 650/743  loss=0.1152  lr=1.45e-05
[06:34:39 INFO] Epoch 38/50  iter 700/743  loss=0.1796  lr=1.45e-05
[06:34:53 INFO] Epoch 38 complete — avg_loss=0.1698  time=240s
[06:35:11 INFO] Epoch 39/50  iter 50/743  loss=0.0796  lr=1.43e-05
[06:35:27 INFO] Epoch 39/50  iter 100/743  loss=0.1411  lr=1.42e-05
[06:35:43 INFO] Epoch 39/50  iter 150/743  loss=0.1504  lr=1.42e-05
[06:35:59 INFO] Epoch 39/50  iter 200/743  loss=0.2248  lr=1.41e-05
[06:36:15 INFO] Epoch 39/50  iter 250/743  loss=0.1180  lr=1.40e-05
[06:36:31 INFO] Epoch 39/50  iter 300/743  loss=0.1425  lr=1.39e-05
[06:36:47 INFO] Epoch 39/50  iter 350/743  loss=0.2273  lr=1.38e-05
[06:37:03 INFO] Epoch 39/50  iter 400/743  loss=0.2076  lr=1.38e-05
[06:37:20 INFO] Epoch 39/50  iter 450/743  loss=0.1162  lr=1.37e-05
[06:37:36 INFO] Epoch 39/50  iter 500/743  loss=0.1996  lr=1.36e-05
[06:37:51 INFO] Epoch 39/50  iter 550/743  loss=0.1586  lr=1.35e-05
[06:38:08 INFO] Epoch 39/50  iter 600/743  loss=0.1686  lr=1.34e-05
[06:38:24 INFO] Epoch 39/50  iter 650/743  loss=0.1111  lr=1.33e-05
[06:38:40 INFO] Epoch 39/50  iter 700/743  loss=0.2231  lr=1.33e-05
[06:38:54 INFO] Epoch 39 complete — avg_loss=0.1735  time=240s
[06:39:11 INFO] Epoch 40/50  iter 50/743  loss=0.1352  lr=1.31e-05
[06:39:27 INFO] Epoch 40/50  iter 100/743  loss=0.1649  lr=1.30e-05
[06:39:43 INFO] Epoch 40/50  iter 150/743  loss=0.1606  lr=1.30e-05
[06:39:59 INFO] Epoch 40/50  iter 200/743  loss=0.1511  lr=1.29e-05
[06:40:15 INFO] Epoch 40/50  iter 250/743  loss=0.2052  lr=1.28e-05
[06:40:31 INFO] Epoch 40/50  iter 300/743  loss=0.1150  lr=1.27e-05
[06:40:47 INFO] Epoch 40/50  iter 350/743  loss=0.4173  lr=1.26e-05
[06:41:04 INFO] Epoch 40/50  iter 400/743  loss=0.1648  lr=1.26e-05
[06:41:20 INFO] Epoch 40/50  iter 450/743  loss=0.1081  lr=1.25e-05
[06:41:36 INFO] Epoch 40/50  iter 500/743  loss=0.1604  lr=1.24e-05
[06:41:52 INFO] Epoch 40/50  iter 550/743  loss=0.2428  lr=1.23e-05
[06:42:08 INFO] Epoch 40/50  iter 600/743  loss=0.2151  lr=1.22e-05
[06:42:24 INFO] Epoch 40/50  iter 650/743  loss=0.2013  lr=1.21e-05
[06:42:40 INFO] Epoch 40/50  iter 700/743  loss=0.1512  lr=1.21e-05
[06:42:54 INFO] Epoch 40 complete — avg_loss=0.1639  time=239s
[06:45:17 INFO]   val mIoU = 0.7679
[06:45:18 INFO]   ★ New best val mIoU: 0.7679
[06:45:36 INFO] Epoch 41/50  iter 50/743  loss=0.2121  lr=1.19e-05
[06:45:52 INFO] Epoch 41/50  iter 100/743  loss=0.0699  lr=1.18e-05
[06:46:08 INFO] Epoch 41/50  iter 150/743  loss=0.1974  lr=1.18e-05
[06:46:25 INFO] Epoch 41/50  iter 200/743  loss=0.0388  lr=1.17e-05
[06:46:41 INFO] Epoch 41/50  iter 250/743  loss=0.0485  lr=1.16e-05
[06:46:57 INFO] Epoch 41/50  iter 300/743  loss=0.1540  lr=1.15e-05
[06:47:13 INFO] Epoch 41/50  iter 350/743  loss=0.2288  lr=1.14e-05
[06:47:29 INFO] Epoch 41/50  iter 400/743  loss=0.1533  lr=1.14e-05
[06:47:45 INFO] Epoch 41/50  iter 450/743  loss=0.0563  lr=1.13e-05
[06:48:01 INFO] Epoch 41/50  iter 500/743  loss=0.1127  lr=1.12e-05
[06:48:18 INFO] Epoch 41/50  iter 550/743  loss=0.1438  lr=1.11e-05
[06:48:33 INFO] Epoch 41/50  iter 600/743  loss=0.1043  lr=1.10e-05
[06:48:50 INFO] Epoch 41/50  iter 650/743  loss=0.1275  lr=1.09e-05
[06:49:06 INFO] Epoch 41/50  iter 700/743  loss=0.2158  lr=1.09e-05
[06:49:20 INFO] Epoch 41 complete — avg_loss=0.1692  time=241s
[06:49:37 INFO] Epoch 42/50  iter 50/743  loss=0.3484  lr=1.07e-05
[06:49:53 INFO] Epoch 42/50  iter 100/743  loss=0.1018  lr=1.06e-05
[06:50:09 INFO] Epoch 42/50  iter 150/743  loss=0.2114  lr=1.06e-05
[06:50:25 INFO] Epoch 42/50  iter 200/743  loss=0.1272  lr=1.05e-05
[06:50:41 INFO] Epoch 42/50  iter 250/743  loss=0.1161  lr=1.04e-05
[06:50:57 INFO] Epoch 42/50  iter 300/743  loss=0.2973  lr=1.03e-05
[06:51:14 INFO] Epoch 42/50  iter 350/743  loss=0.0984  lr=1.02e-05
[06:51:30 INFO] Epoch 42/50  iter 400/743  loss=0.1405  lr=1.02e-05
[06:51:46 INFO] Epoch 42/50  iter 450/743  loss=0.0395  lr=1.01e-05
[06:52:02 INFO] Epoch 42/50  iter 500/743  loss=0.1219  lr=9.99e-06
[06:52:18 INFO] Epoch 42/50  iter 550/743  loss=0.1999  lr=9.91e-06
[06:52:34 INFO] Epoch 42/50  iter 600/743  loss=0.1012  lr=9.83e-06
[06:52:50 INFO] Epoch 42/50  iter 650/743  loss=0.1647  lr=9.75e-06
[06:53:06 INFO] Epoch 42/50  iter 700/743  loss=0.1547  lr=9.67e-06
[06:53:20 INFO] Epoch 42 complete — avg_loss=0.1679  time=240s
[06:53:38 INFO] Epoch 43/50  iter 50/743  loss=0.1407  lr=9.52e-06
[06:53:54 INFO] Epoch 43/50  iter 100/743  loss=0.2216  lr=9.44e-06
[06:54:10 INFO] Epoch 43/50  iter 150/743  loss=0.2036  lr=9.36e-06
[06:54:26 INFO] Epoch 43/50  iter 200/743  loss=0.2492  lr=9.28e-06
[06:54:42 INFO] Epoch 43/50  iter 250/743  loss=0.2246  lr=9.19e-06
[06:54:58 INFO] Epoch 43/50  iter 300/743  loss=0.1073  lr=9.11e-06
[06:55:14 INFO] Epoch 43/50  iter 350/743  loss=0.1320  lr=9.03e-06
[06:55:30 INFO] Epoch 43/50  iter 400/743  loss=0.3102  lr=8.95e-06
[06:55:46 INFO] Epoch 43/50  iter 450/743  loss=0.1401  lr=8.87e-06
[06:56:03 INFO] Epoch 43/50  iter 500/743  loss=0.1330  lr=8.79e-06
[06:56:19 INFO] Epoch 43/50  iter 550/743  loss=0.2264  lr=8.71e-06
[06:56:35 INFO] Epoch 43/50  iter 600/743  loss=0.0846  lr=8.63e-06
[06:56:51 INFO] Epoch 43/50  iter 650/743  loss=0.2008  lr=8.55e-06
[06:57:07 INFO] Epoch 43/50  iter 700/743  loss=0.1169  lr=8.47e-06
[06:57:21 INFO] Epoch 43 complete — avg_loss=0.1635  time=240s
[06:57:39 INFO] Epoch 44/50  iter 50/743  loss=0.0871  lr=8.32e-06
[06:57:55 INFO] Epoch 44/50  iter 100/743  loss=0.1504  lr=8.24e-06
[06:58:11 INFO] Epoch 44/50  iter 150/743  loss=0.1110  lr=8.16e-06
[06:58:28 INFO] Epoch 44/50  iter 200/743  loss=0.1086  lr=8.08e-06
[06:58:44 INFO] Epoch 44/50  iter 250/743  loss=0.1438  lr=7.99e-06
[06:59:00 INFO] Epoch 44/50  iter 300/743  loss=0.1032  lr=7.91e-06
[06:59:16 INFO] Epoch 44/50  iter 350/743  loss=0.1613  lr=7.83e-06
[06:59:32 INFO] Epoch 44/50  iter 400/743  loss=0.3472  lr=7.75e-06
[06:59:48 INFO] Epoch 44/50  iter 450/743  loss=0.2025  lr=7.67e-06
[07:00:04 INFO] Epoch 44/50  iter 500/743  loss=0.1629  lr=7.59e-06
[07:00:20 INFO] Epoch 44/50  iter 550/743  loss=0.0790  lr=7.51e-06
[07:00:36 INFO] Epoch 44/50  iter 600/743  loss=0.1276  lr=7.43e-06
[07:00:52 INFO] Epoch 44/50  iter 650/743  loss=0.4068  lr=7.35e-06
[07:01:08 INFO] Epoch 44/50  iter 700/743  loss=0.0692  lr=7.27e-06
[07:01:22 INFO] Epoch 44 complete — avg_loss=0.1670  time=241s
[07:01:40 INFO] Epoch 45/50  iter 50/743  loss=0.1666  lr=7.12e-06
[07:01:56 INFO] Epoch 45/50  iter 100/743  loss=0.1627  lr=7.04e-06
[07:02:12 INFO] Epoch 45/50  iter 150/743  loss=0.4579  lr=6.96e-06
[07:02:27 INFO] Epoch 45/50  iter 200/743  loss=0.4226  lr=6.88e-06
[07:02:44 INFO] Epoch 45/50  iter 250/743  loss=0.0798  lr=6.79e-06
[07:03:00 INFO] Epoch 45/50  iter 300/743  loss=0.1949  lr=6.71e-06
[07:03:16 INFO] Epoch 45/50  iter 350/743  loss=0.0535  lr=6.63e-06
[07:03:32 INFO] Epoch 45/50  iter 400/743  loss=0.1599  lr=6.55e-06
[07:03:48 INFO] Epoch 45/50  iter 450/743  loss=0.0965  lr=6.47e-06
[07:04:04 INFO] Epoch 45/50  iter 500/743  loss=0.0643  lr=6.39e-06
[07:04:20 INFO] Epoch 45/50  iter 550/743  loss=0.1232  lr=6.31e-06
[07:04:36 INFO] Epoch 45/50  iter 600/743  loss=0.1601  lr=6.23e-06
[07:04:52 INFO] Epoch 45/50  iter 650/743  loss=0.1399  lr=6.15e-06
[07:05:08 INFO] Epoch 45/50  iter 700/743  loss=0.0987  lr=6.07e-06
[07:05:22 INFO] Epoch 45 complete — avg_loss=0.1583  time=239s
[07:07:46 INFO]   val mIoU = 0.7648
[07:08:04 INFO] Epoch 46/50  iter 50/743  loss=0.0674  lr=5.92e-06
[07:08:20 INFO] Epoch 46/50  iter 100/743  loss=0.1280  lr=5.84e-06
[07:08:36 INFO] Epoch 46/50  iter 150/743  loss=0.1639  lr=5.76e-06
[07:08:52 INFO] Epoch 46/50  iter 200/743  loss=0.0581  lr=5.68e-06
[07:09:09 INFO] Epoch 46/50  iter 250/743  loss=0.1430  lr=5.59e-06
[07:09:24 INFO] Epoch 46/50  iter 300/743  loss=0.2013  lr=5.51e-06
[07:09:41 INFO] Epoch 46/50  iter 350/743  loss=0.0991  lr=5.43e-06
[07:09:57 INFO] Epoch 46/50  iter 400/743  loss=0.3023  lr=5.35e-06
[07:10:13 INFO] Epoch 46/50  iter 450/743  loss=0.1892  lr=5.27e-06
[07:10:29 INFO] Epoch 46/50  iter 500/743  loss=0.1344  lr=5.19e-06
[07:10:45 INFO] Epoch 46/50  iter 550/743  loss=0.1812  lr=5.11e-06
[07:11:01 INFO] Epoch 46/50  iter 600/743  loss=0.0734  lr=5.03e-06
[07:11:17 INFO] Epoch 46/50  iter 650/743  loss=0.2002  lr=4.95e-06
[07:11:34 INFO] Epoch 46/50  iter 700/743  loss=0.1535  lr=4.87e-06
[07:11:47 INFO] Epoch 46 complete — avg_loss=0.1648  time=240s
[07:12:05 INFO] Epoch 47/50  iter 50/743  loss=0.2084  lr=4.72e-06
[07:12:21 INFO] Epoch 47/50  iter 100/743  loss=0.1589  lr=4.64e-06
[07:12:37 INFO] Epoch 47/50  iter 150/743  loss=0.1056  lr=4.56e-06
[07:12:53 INFO] Epoch 47/50  iter 200/743  loss=0.0625  lr=4.48e-06
[07:13:09 INFO] Epoch 47/50  iter 250/743  loss=0.1399  lr=4.39e-06
[07:13:25 INFO] Epoch 47/50  iter 300/743  loss=0.0820  lr=4.31e-06
[07:13:41 INFO] Epoch 47/50  iter 350/743  loss=0.0940  lr=4.23e-06
[07:13:58 INFO] Epoch 47/50  iter 400/743  loss=0.1457  lr=4.15e-06
[07:14:13 INFO] Epoch 47/50  iter 450/743  loss=0.1019  lr=4.07e-06
[07:14:30 INFO] Epoch 47/50  iter 500/743  loss=0.1422  lr=3.99e-06
[07:14:46 INFO] Epoch 47/50  iter 550/743  loss=0.1932  lr=3.91e-06
[07:15:02 INFO] Epoch 47/50  iter 600/743  loss=0.1417  lr=3.83e-06
[07:15:18 INFO] Epoch 47/50  iter 650/743  loss=0.1026  lr=3.75e-06
[07:15:34 INFO] Epoch 47/50  iter 700/743  loss=0.2395  lr=3.67e-06
[07:15:48 INFO] Epoch 47 complete — avg_loss=0.1537  time=240s
[07:16:06 INFO] Epoch 48/50  iter 50/743  loss=0.1009  lr=3.52e-06
[07:16:22 INFO] Epoch 48/50  iter 100/743  loss=0.2765  lr=3.44e-06
[07:16:38 INFO] Epoch 48/50  iter 150/743  loss=0.1221  lr=3.36e-06
[07:16:54 INFO] Epoch 48/50  iter 200/743  loss=0.1360  lr=3.28e-06
[07:17:10 INFO] Epoch 48/50  iter 250/743  loss=0.1854  lr=3.19e-06
[07:17:26 INFO] Epoch 48/50  iter 300/743  loss=0.0801  lr=3.11e-06
[07:17:42 INFO] Epoch 48/50  iter 350/743  loss=0.2633  lr=3.03e-06
[07:17:58 INFO] Epoch 48/50  iter 400/743  loss=0.6461  lr=2.95e-06
[07:18:14 INFO] Epoch 48/50  iter 450/743  loss=0.2487  lr=2.87e-06
[07:18:30 INFO] Epoch 48/50  iter 500/743  loss=0.1927  lr=2.79e-06
[07:18:46 INFO] Epoch 48/50  iter 550/743  loss=0.1565  lr=2.71e-06
[07:19:02 INFO] Epoch 48/50  iter 600/743  loss=0.1346  lr=2.63e-06
[07:19:18 INFO] Epoch 48/50  iter 650/743  loss=0.1654  lr=2.55e-06
[07:19:35 INFO] Epoch 48/50  iter 700/743  loss=0.1059  lr=2.47e-06
[07:19:49 INFO] Epoch 48 complete — avg_loss=0.1573  time=240s
[07:20:06 INFO] Epoch 49/50  iter 50/743  loss=0.1916  lr=2.32e-06
[07:20:22 INFO] Epoch 49/50  iter 100/743  loss=0.1652  lr=2.24e-06
[07:20:38 INFO] Epoch 49/50  iter 150/743  loss=0.0770  lr=2.16e-06
[07:20:54 INFO] Epoch 49/50  iter 200/743  loss=0.1141  lr=2.08e-06
[07:21:10 INFO] Epoch 49/50  iter 250/743  loss=0.1304  lr=1.99e-06
[07:21:26 INFO] Epoch 49/50  iter 300/743  loss=0.1957  lr=1.91e-06
[07:21:43 INFO] Epoch 49/50  iter 350/743  loss=0.1462  lr=1.83e-06
[07:21:59 INFO] Epoch 49/50  iter 400/743  loss=0.1269  lr=1.75e-06
[07:22:15 INFO] Epoch 49/50  iter 450/743  loss=0.1693  lr=1.67e-06
[07:22:31 INFO] Epoch 49/50  iter 500/743  loss=0.1364  lr=1.59e-06
[07:22:47 INFO] Epoch 49/50  iter 550/743  loss=0.1254  lr=1.51e-06
[07:23:03 INFO] Epoch 49/50  iter 600/743  loss=0.1586  lr=1.43e-06
[07:23:19 INFO] Epoch 49/50  iter 650/743  loss=0.1174  lr=1.35e-06
[07:23:35 INFO] Epoch 49/50  iter 700/743  loss=0.1340  lr=1.27e-06
[07:23:49 INFO] Epoch 49 complete — avg_loss=0.1568  time=240s
[07:24:07 INFO] Epoch 50/50  iter 50/743  loss=0.1716  lr=1.12e-06
[07:24:23 INFO] Epoch 50/50  iter 100/743  loss=0.1021  lr=1.04e-06
[07:24:39 INFO] Epoch 50/50  iter 150/743  loss=0.0635  lr=9.56e-07
[07:24:55 INFO] Epoch 50/50  iter 200/743  loss=0.1027  lr=8.75e-07
[07:25:11 INFO] Epoch 50/50  iter 250/743  loss=0.1970  lr=7.95e-07
[07:25:27 INFO] Epoch 50/50  iter 300/743  loss=0.0634  lr=7.14e-07
[07:25:43 INFO] Epoch 50/50  iter 350/743  loss=0.2481  lr=6.33e-07
[07:25:59 INFO] Epoch 50/50  iter 400/743  loss=0.0982  lr=5.52e-07
[07:26:15 INFO] Epoch 50/50  iter 450/743  loss=0.1995  lr=4.72e-07
[07:26:31 INFO] Epoch 50/50  iter 500/743  loss=0.1880  lr=3.91e-07
[07:26:47 INFO] Epoch 50/50  iter 550/743  loss=0.1431  lr=3.10e-07
[07:27:03 INFO] Epoch 50/50  iter 600/743  loss=0.1813  lr=2.29e-07
[07:27:19 INFO] Epoch 50/50  iter 650/743  loss=0.1251  lr=1.49e-07
[07:27:36 INFO] Epoch 50/50  iter 700/743  loss=0.1647  lr=6.78e-08
[07:27:50 INFO] Epoch 50 complete — avg_loss=0.1561  time=240s
[07:30:13 INFO]   val mIoU = 0.7691
[07:30:14 INFO]   ★ New best val mIoU: 0.7691
[07:30:15 INFO] Training complete. Best val mIoU = 0.7691
