[02:16:38 INFO] Device: cuda
[02:16:41 INFO] Using mixed fog cache (random per sample): [PosixPath('data/fog_cache/nn_depth_base_b0005'), PosixPath('data/fog_cache/nn_depth_base_b001'), PosixPath('data/fog_cache/nn_depth_base_b002')]
[02:16:41 INFO] fog_prob: 0.3
[02:16:42 INFO] Train: 2975 samples  |  Val: 500 samples
[02:16:57 INFO] Epoch 1/50  iter 50/743  loss=0.9384  lr=5.99e-05
[02:17:10 INFO] Epoch 1/50  iter 100/743  loss=0.7780  lr=5.98e-05
[02:17:23 INFO] Epoch 1/50  iter 150/743  loss=0.5609  lr=5.98e-05
[02:17:37 INFO] Epoch 1/50  iter 200/743  loss=0.6903  lr=5.97e-05
[02:17:50 INFO] Epoch 1/50  iter 250/743  loss=0.2973  lr=5.96e-05
[02:18:03 INFO] Epoch 1/50  iter 300/743  loss=0.2221  lr=5.95e-05
[02:18:17 INFO] Epoch 1/50  iter 350/743  loss=0.3764  lr=5.94e-05
[02:18:30 INFO] Epoch 1/50  iter 400/743  loss=0.3978  lr=5.94e-05
[02:18:44 INFO] Epoch 1/50  iter 450/743  loss=0.3979  lr=5.93e-05
[02:18:57 INFO] Epoch 1/50  iter 500/743  loss=0.2462  lr=5.92e-05
[02:19:10 INFO] Epoch 1/50  iter 550/743  loss=1.3514  lr=5.91e-05
[02:19:24 INFO] Epoch 1/50  iter 600/743  loss=0.3828  lr=5.90e-05
[02:19:37 INFO] Epoch 1/50  iter 650/743  loss=0.1584  lr=5.89e-05
[02:19:51 INFO] Epoch 1/50  iter 700/743  loss=0.7312  lr=5.89e-05
[02:20:02 INFO] Epoch 1 complete — avg_loss=0.6841  time=200s
[02:20:17 INFO] Epoch 2/50  iter 50/743  loss=0.5210  lr=5.87e-05
[02:20:30 INFO] Epoch 2/50  iter 100/743  loss=0.2085  lr=5.86e-05
[02:20:43 INFO] Epoch 2/50  iter 150/743  loss=0.2537  lr=5.86e-05
[02:20:57 INFO] Epoch 2/50  iter 200/743  loss=0.5237  lr=5.85e-05
[02:21:10 INFO] Epoch 2/50  iter 250/743  loss=0.3265  lr=5.84e-05
[02:21:24 INFO] Epoch 2/50  iter 300/743  loss=0.2273  lr=5.83e-05
[02:21:37 INFO] Epoch 2/50  iter 350/743  loss=0.2246  lr=5.82e-05
[02:21:50 INFO] Epoch 2/50  iter 400/743  loss=0.2941  lr=5.82e-05
[02:22:04 INFO] Epoch 2/50  iter 450/743  loss=0.2578  lr=5.81e-05
[02:22:17 INFO] Epoch 2/50  iter 500/743  loss=0.5895  lr=5.80e-05
[02:22:31 INFO] Epoch 2/50  iter 550/743  loss=0.2759  lr=5.79e-05
[02:22:44 INFO] Epoch 2/50  iter 600/743  loss=0.6096  lr=5.78e-05
[02:22:57 INFO] Epoch 2/50  iter 650/743  loss=0.4841  lr=5.77e-05
[02:23:11 INFO] Epoch 2/50  iter 700/743  loss=0.3752  lr=5.77e-05
[02:23:22 INFO] Epoch 2 complete — avg_loss=0.3597  time=199s
[02:23:37 INFO] Epoch 3/50  iter 50/743  loss=0.3134  lr=5.75e-05
[02:23:50 INFO] Epoch 3/50  iter 100/743  loss=0.7548  lr=5.74e-05
[02:24:03 INFO] Epoch 3/50  iter 150/743  loss=0.6594  lr=5.74e-05
[02:24:17 INFO] Epoch 3/50  iter 200/743  loss=0.1126  lr=5.73e-05
[02:24:30 INFO] Epoch 3/50  iter 250/743  loss=0.2866  lr=5.72e-05
[02:24:43 INFO] Epoch 3/50  iter 300/743  loss=0.2333  lr=5.71e-05
[02:24:57 INFO] Epoch 3/50  iter 350/743  loss=0.4872  lr=5.70e-05
[02:25:10 INFO] Epoch 3/50  iter 400/743  loss=0.0868  lr=5.70e-05
[02:25:24 INFO] Epoch 3/50  iter 450/743  loss=0.3963  lr=5.69e-05
[02:25:37 INFO] Epoch 3/50  iter 500/743  loss=0.8665  lr=5.68e-05
[02:25:50 INFO] Epoch 3/50  iter 550/743  loss=0.3090  lr=5.67e-05
[02:26:04 INFO] Epoch 3/50  iter 600/743  loss=0.1805  lr=5.66e-05
[02:26:17 INFO] Epoch 3/50  iter 650/743  loss=0.4173  lr=5.65e-05
[02:26:30 INFO] Epoch 3/50  iter 700/743  loss=0.2332  lr=5.65e-05
[02:26:42 INFO] Epoch 3 complete — avg_loss=0.3218  time=199s
[02:26:56 INFO] Epoch 4/50  iter 50/743  loss=0.2083  lr=5.63e-05
[02:27:10 INFO] Epoch 4/50  iter 100/743  loss=0.1879  lr=5.62e-05
[02:27:23 INFO] Epoch 4/50  iter 150/743  loss=0.5326  lr=5.62e-05
[02:27:36 INFO] Epoch 4/50  iter 200/743  loss=0.2605  lr=5.61e-05
[02:27:50 INFO] Epoch 4/50  iter 250/743  loss=0.3239  lr=5.60e-05
[02:28:03 INFO] Epoch 4/50  iter 300/743  loss=0.1270  lr=5.59e-05
[02:28:17 INFO] Epoch 4/50  iter 350/743  loss=0.0941  lr=5.58e-05
[02:28:30 INFO] Epoch 4/50  iter 400/743  loss=0.3402  lr=5.58e-05
[02:28:43 INFO] Epoch 4/50  iter 450/743  loss=0.1497  lr=5.57e-05
[02:28:57 INFO] Epoch 4/50  iter 500/743  loss=0.2125  lr=5.56e-05
[02:29:10 INFO] Epoch 4/50  iter 550/743  loss=0.5166  lr=5.55e-05
[02:29:23 INFO] Epoch 4/50  iter 600/743  loss=0.1788  lr=5.54e-05
[02:29:37 INFO] Epoch 4/50  iter 650/743  loss=0.1135  lr=5.53e-05
[02:29:50 INFO] Epoch 4/50  iter 700/743  loss=0.2078  lr=5.53e-05
[02:30:02 INFO] Epoch 4 complete — avg_loss=0.2810  time=199s
[02:30:16 INFO] Epoch 5/50  iter 50/743  loss=0.1414  lr=5.51e-05
[02:30:30 INFO] Epoch 5/50  iter 100/743  loss=0.2242  lr=5.50e-05
[02:30:43 INFO] Epoch 5/50  iter 150/743  loss=0.2811  lr=5.50e-05
[02:30:56 INFO] Epoch 5/50  iter 200/743  loss=0.3357  lr=5.49e-05
[02:31:10 INFO] Epoch 5/50  iter 250/743  loss=0.0997  lr=5.48e-05
[02:31:23 INFO] Epoch 5/50  iter 300/743  loss=0.2329  lr=5.47e-05
[02:31:36 INFO] Epoch 5/50  iter 350/743  loss=0.1755  lr=5.46e-05
[02:31:50 INFO] Epoch 5/50  iter 400/743  loss=0.3070  lr=5.46e-05
[02:32:03 INFO] Epoch 5/50  iter 450/743  loss=0.1670  lr=5.45e-05
[02:32:17 INFO] Epoch 5/50  iter 500/743  loss=0.0302  lr=5.44e-05
[02:32:30 INFO] Epoch 5/50  iter 550/743  loss=0.2599  lr=5.43e-05
[02:32:43 INFO] Epoch 5/50  iter 600/743  loss=0.2880  lr=5.42e-05
[02:32:57 INFO] Epoch 5/50  iter 650/743  loss=0.7503  lr=5.41e-05
[02:33:10 INFO] Epoch 5/50  iter 700/743  loss=0.0975  lr=5.41e-05
[02:33:22 INFO] Epoch 5 complete — avg_loss=0.2597  time=199s
[02:35:14 INFO]   val mIoU = 0.6340
[02:35:15 INFO]   ★ New best val mIoU: 0.6340
[02:35:29 INFO] Epoch 6/50  iter 50/743  loss=0.2839  lr=5.39e-05
[02:35:43 INFO] Epoch 6/50  iter 100/743  loss=0.1200  lr=5.38e-05
[02:35:56 INFO] Epoch 6/50  iter 150/743  loss=0.2185  lr=5.38e-05
[02:36:09 INFO] Epoch 6/50  iter 200/743  loss=0.0787  lr=5.37e-05
[02:36:23 INFO] Epoch 6/50  iter 250/743  loss=0.4706  lr=5.36e-05
[02:36:36 INFO] Epoch 6/50  iter 300/743  loss=0.3576  lr=5.35e-05
[02:36:50 INFO] Epoch 6/50  iter 350/743  loss=0.1190  lr=5.34e-05
[02:37:03 INFO] Epoch 6/50  iter 400/743  loss=0.1634  lr=5.34e-05
[02:37:16 INFO] Epoch 6/50  iter 450/743  loss=0.1736  lr=5.33e-05
[02:37:30 INFO] Epoch 6/50  iter 500/743  loss=0.2900  lr=5.32e-05
[02:37:43 INFO] Epoch 6/50  iter 550/743  loss=0.2653  lr=5.31e-05
[02:37:56 INFO] Epoch 6/50  iter 600/743  loss=0.1840  lr=5.30e-05
[02:38:10 INFO] Epoch 6/50  iter 650/743  loss=0.1616  lr=5.29e-05
[02:38:23 INFO] Epoch 6/50  iter 700/743  loss=0.0959  lr=5.29e-05
[02:38:35 INFO] Epoch 6 complete — avg_loss=0.2357  time=199s
[02:38:49 INFO] Epoch 7/50  iter 50/743  loss=0.2786  lr=5.27e-05
[02:39:03 INFO] Epoch 7/50  iter 100/743  loss=0.2547  lr=5.26e-05
[02:39:16 INFO] Epoch 7/50  iter 150/743  loss=0.1844  lr=5.26e-05
[02:39:29 INFO] Epoch 7/50  iter 200/743  loss=0.4399  lr=5.25e-05
[02:39:43 INFO] Epoch 7/50  iter 250/743  loss=0.5490  lr=5.24e-05
[02:39:56 INFO] Epoch 7/50  iter 300/743  loss=0.1213  lr=5.23e-05
[02:40:09 INFO] Epoch 7/50  iter 350/743  loss=0.1020  lr=5.22e-05
[02:40:23 INFO] Epoch 7/50  iter 400/743  loss=0.1843  lr=5.22e-05
[02:40:36 INFO] Epoch 7/50  iter 450/743  loss=0.7640  lr=5.21e-05
[02:40:50 INFO] Epoch 7/50  iter 500/743  loss=0.1477  lr=5.20e-05
[02:41:03 INFO] Epoch 7/50  iter 550/743  loss=0.1276  lr=5.19e-05
[02:41:16 INFO] Epoch 7/50  iter 600/743  loss=0.2132  lr=5.18e-05
[02:41:30 INFO] Epoch 7/50  iter 650/743  loss=0.2572  lr=5.17e-05
[02:41:43 INFO] Epoch 7/50  iter 700/743  loss=0.3514  lr=5.17e-05
[02:41:55 INFO] Epoch 7 complete — avg_loss=0.2405  time=199s
[02:42:09 INFO] Epoch 8/50  iter 50/743  loss=0.0779  lr=5.15e-05
[02:42:22 INFO] Epoch 8/50  iter 100/743  loss=0.2644  lr=5.14e-05
[02:42:36 INFO] Epoch 8/50  iter 150/743  loss=0.1709  lr=5.14e-05
[02:42:49 INFO] Epoch 8/50  iter 200/743  loss=0.1232  lr=5.13e-05
[02:43:03 INFO] Epoch 8/50  iter 250/743  loss=0.1784  lr=5.12e-05
[02:43:16 INFO] Epoch 8/50  iter 300/743  loss=0.0974  lr=5.11e-05
[02:43:29 INFO] Epoch 8/50  iter 350/743  loss=0.1537  lr=5.10e-05
[02:43:43 INFO] Epoch 8/50  iter 400/743  loss=0.1770  lr=5.10e-05
[02:43:56 INFO] Epoch 8/50  iter 450/743  loss=0.1187  lr=5.09e-05
[02:44:09 INFO] Epoch 8/50  iter 500/743  loss=0.2693  lr=5.08e-05
[02:44:23 INFO] Epoch 8/50  iter 550/743  loss=0.2421  lr=5.07e-05
[02:44:36 INFO] Epoch 8/50  iter 600/743  loss=0.1414  lr=5.06e-05
[02:44:50 INFO] Epoch 8/50  iter 650/743  loss=0.1661  lr=5.05e-05
[02:45:03 INFO] Epoch 8/50  iter 700/743  loss=0.1820  lr=5.05e-05
[02:45:14 INFO] Epoch 8 complete — avg_loss=0.2269  time=199s
[02:45:29 INFO] Epoch 9/50  iter 50/743  loss=0.1181  lr=5.03e-05
[02:45:42 INFO] Epoch 9/50  iter 100/743  loss=0.1985  lr=5.02e-05
[02:45:56 INFO] Epoch 9/50  iter 150/743  loss=0.1254  lr=5.02e-05
[02:46:09 INFO] Epoch 9/50  iter 200/743  loss=0.1002  lr=5.01e-05
[02:46:22 INFO] Epoch 9/50  iter 250/743  loss=0.3806  lr=5.00e-05
[02:46:36 INFO] Epoch 9/50  iter 300/743  loss=0.1101  lr=4.99e-05
[02:46:49 INFO] Epoch 9/50  iter 350/743  loss=0.1429  lr=4.98e-05
[02:47:03 INFO] Epoch 9/50  iter 400/743  loss=0.2198  lr=4.98e-05
[02:47:16 INFO] Epoch 9/50  iter 450/743  loss=0.1501  lr=4.97e-05
[02:47:29 INFO] Epoch 9/50  iter 500/743  loss=0.2005  lr=4.96e-05
[02:47:43 INFO] Epoch 9/50  iter 550/743  loss=0.8858  lr=4.95e-05
[02:47:56 INFO] Epoch 9/50  iter 600/743  loss=0.2421  lr=4.94e-05
[02:48:09 INFO] Epoch 9/50  iter 650/743  loss=0.1165  lr=4.93e-05
[02:48:23 INFO] Epoch 9/50  iter 700/743  loss=0.0442  lr=4.93e-05
[02:48:34 INFO] Epoch 9 complete — avg_loss=0.2188  time=199s
[02:48:49 INFO] Epoch 10/50  iter 50/743  loss=0.2878  lr=4.91e-05
[02:49:02 INFO] Epoch 10/50  iter 100/743  loss=0.1275  lr=4.90e-05
[02:49:16 INFO] Epoch 10/50  iter 150/743  loss=0.1154  lr=4.90e-05
[02:49:29 INFO] Epoch 10/50  iter 200/743  loss=0.2504  lr=4.89e-05
[02:49:42 INFO] Epoch 10/50  iter 250/743  loss=0.1136  lr=4.88e-05
[02:49:56 INFO] Epoch 10/50  iter 300/743  loss=0.1060  lr=4.87e-05
[02:50:09 INFO] Epoch 10/50  iter 350/743  loss=0.2619  lr=4.86e-05
[02:50:23 INFO] Epoch 10/50  iter 400/743  loss=0.2001  lr=4.86e-05
[02:50:36 INFO] Epoch 10/50  iter 450/743  loss=0.2560  lr=4.85e-05
[02:50:49 INFO] Epoch 10/50  iter 500/743  loss=0.2553  lr=4.84e-05
[02:51:03 INFO] Epoch 10/50  iter 550/743  loss=0.2327  lr=4.83e-05
[02:51:16 INFO] Epoch 10/50  iter 600/743  loss=0.2451  lr=4.82e-05
[02:51:29 INFO] Epoch 10/50  iter 650/743  loss=0.2556  lr=4.81e-05
[02:51:43 INFO] Epoch 10/50  iter 700/743  loss=0.1451  lr=4.81e-05
[02:51:54 INFO] Epoch 10 complete — avg_loss=0.2172  time=199s
[02:53:52 INFO]   val mIoU = 0.7058
[02:53:53 INFO]   ★ New best val mIoU: 0.7058
[02:54:08 INFO] Epoch 11/50  iter 50/743  loss=0.1852  lr=4.79e-05
[02:54:21 INFO] Epoch 11/50  iter 100/743  loss=0.2254  lr=4.78e-05
[02:54:34 INFO] Epoch 11/50  iter 150/743  loss=0.1422  lr=4.78e-05
[02:54:48 INFO] Epoch 11/50  iter 200/743  loss=0.1934  lr=4.77e-05
[02:55:01 INFO] Epoch 11/50  iter 250/743  loss=0.1423  lr=4.76e-05
[02:55:14 INFO] Epoch 11/50  iter 300/743  loss=0.2624  lr=4.75e-05
[02:55:28 INFO] Epoch 11/50  iter 350/743  loss=0.1941  lr=4.74e-05
[02:55:41 INFO] Epoch 11/50  iter 400/743  loss=0.1870  lr=4.74e-05
[02:55:54 INFO] Epoch 11/50  iter 450/743  loss=0.2056  lr=4.73e-05
[02:56:08 INFO] Epoch 11/50  iter 500/743  loss=0.1699  lr=4.72e-05
[02:56:21 INFO] Epoch 11/50  iter 550/743  loss=0.7302  lr=4.71e-05
[02:56:35 INFO] Epoch 11/50  iter 600/743  loss=0.1022  lr=4.70e-05
[02:56:48 INFO] Epoch 11/50  iter 650/743  loss=0.3421  lr=4.69e-05
[02:57:01 INFO] Epoch 11/50  iter 700/743  loss=0.3944  lr=4.69e-05
[02:57:13 INFO] Epoch 11 complete — avg_loss=0.2017  time=199s
[02:57:27 INFO] Epoch 12/50  iter 50/743  loss=0.1656  lr=4.67e-05
[02:57:41 INFO] Epoch 12/50  iter 100/743  loss=0.1599  lr=4.66e-05
[02:57:54 INFO] Epoch 12/50  iter 150/743  loss=0.3658  lr=4.66e-05
[02:58:07 INFO] Epoch 12/50  iter 200/743  loss=0.1704  lr=4.65e-05
[02:58:21 INFO] Epoch 12/50  iter 250/743  loss=0.0488  lr=4.64e-05
[02:58:34 INFO] Epoch 12/50  iter 300/743  loss=0.1355  lr=4.63e-05
[02:58:47 INFO] Epoch 12/50  iter 350/743  loss=0.3415  lr=4.62e-05
[02:59:01 INFO] Epoch 12/50  iter 400/743  loss=0.1244  lr=4.62e-05
[02:59:14 INFO] Epoch 12/50  iter 450/743  loss=0.2247  lr=4.61e-05
[02:59:28 INFO] Epoch 12/50  iter 500/743  loss=0.3538  lr=4.60e-05
[02:59:41 INFO] Epoch 12/50  iter 550/743  loss=0.2113  lr=4.59e-05
[02:59:54 INFO] Epoch 12/50  iter 600/743  loss=0.3253  lr=4.58e-05
[03:00:08 INFO] Epoch 12/50  iter 650/743  loss=0.2412  lr=4.57e-05
[03:00:21 INFO] Epoch 12/50  iter 700/743  loss=0.1722  lr=4.57e-05
[03:00:32 INFO] Epoch 12 complete — avg_loss=0.2085  time=199s
[03:00:47 INFO] Epoch 13/50  iter 50/743  loss=0.3653  lr=4.55e-05
[03:01:00 INFO] Epoch 13/50  iter 100/743  loss=0.2020  lr=4.54e-05
[03:01:14 INFO] Epoch 13/50  iter 150/743  loss=0.2694  lr=4.54e-05
[03:01:27 INFO] Epoch 13/50  iter 200/743  loss=0.1666  lr=4.53e-05
[03:01:40 INFO] Epoch 13/50  iter 250/743  loss=0.2313  lr=4.52e-05
[03:01:54 INFO] Epoch 13/50  iter 300/743  loss=0.1271  lr=4.51e-05
[03:02:07 INFO] Epoch 13/50  iter 350/743  loss=0.1840  lr=4.50e-05
[03:02:20 INFO] Epoch 13/50  iter 400/743  loss=0.2873  lr=4.50e-05
[03:02:34 INFO] Epoch 13/50  iter 450/743  loss=0.2360  lr=4.49e-05
[03:02:47 INFO] Epoch 13/50  iter 500/743  loss=0.2341  lr=4.48e-05
[03:03:01 INFO] Epoch 13/50  iter 550/743  loss=0.0843  lr=4.47e-05
[03:03:14 INFO] Epoch 13/50  iter 600/743  loss=0.1249  lr=4.46e-05
[03:03:27 INFO] Epoch 13/50  iter 650/743  loss=0.1871  lr=4.45e-05
[03:03:41 INFO] Epoch 13/50  iter 700/743  loss=0.1602  lr=4.45e-05
[03:03:52 INFO] Epoch 13 complete — avg_loss=0.1982  time=199s
[03:04:07 INFO] Epoch 14/50  iter 50/743  loss=0.2002  lr=4.43e-05
[03:04:20 INFO] Epoch 14/50  iter 100/743  loss=0.0904  lr=4.42e-05
[03:04:33 INFO] Epoch 14/50  iter 150/743  loss=0.0652  lr=4.42e-05
[03:04:47 INFO] Epoch 14/50  iter 200/743  loss=0.1150  lr=4.41e-05
[03:05:00 INFO] Epoch 14/50  iter 250/743  loss=0.3334  lr=4.40e-05
[03:05:14 INFO] Epoch 14/50  iter 300/743  loss=0.1434  lr=4.39e-05
[03:05:27 INFO] Epoch 14/50  iter 350/743  loss=0.1840  lr=4.38e-05
[03:05:40 INFO] Epoch 14/50  iter 400/743  loss=0.0768  lr=4.38e-05
[03:05:54 INFO] Epoch 14/50  iter 450/743  loss=0.2584  lr=4.37e-05
[03:06:07 INFO] Epoch 14/50  iter 500/743  loss=0.5916  lr=4.36e-05
[03:06:20 INFO] Epoch 14/50  iter 550/743  loss=0.0829  lr=4.35e-05
[03:06:34 INFO] Epoch 14/50  iter 600/743  loss=0.1121  lr=4.34e-05
[03:06:47 INFO] Epoch 14/50  iter 650/743  loss=0.1756  lr=4.33e-05
[03:07:00 INFO] Epoch 14/50  iter 700/743  loss=0.1141  lr=4.33e-05
[03:07:12 INFO] Epoch 14 complete — avg_loss=0.1899  time=199s
[03:07:26 INFO] Epoch 15/50  iter 50/743  loss=0.0947  lr=4.31e-05
[03:07:40 INFO] Epoch 15/50  iter 100/743  loss=0.1423  lr=4.30e-05
[03:07:53 INFO] Epoch 15/50  iter 150/743  loss=0.1470  lr=4.30e-05
[03:08:07 INFO] Epoch 15/50  iter 200/743  loss=0.1333  lr=4.29e-05
[03:08:20 INFO] Epoch 15/50  iter 250/743  loss=0.1649  lr=4.28e-05
[03:08:33 INFO] Epoch 15/50  iter 300/743  loss=0.5107  lr=4.27e-05
[03:08:47 INFO] Epoch 15/50  iter 350/743  loss=0.2693  lr=4.26e-05
[03:09:00 INFO] Epoch 15/50  iter 400/743  loss=0.1949  lr=4.26e-05
[03:09:13 INFO] Epoch 15/50  iter 450/743  loss=0.4960  lr=4.25e-05
[03:09:27 INFO] Epoch 15/50  iter 500/743  loss=0.1225  lr=4.24e-05
[03:09:40 INFO] Epoch 15/50  iter 550/743  loss=0.1670  lr=4.23e-05
[03:09:53 INFO] Epoch 15/50  iter 600/743  loss=0.2378  lr=4.22e-05
[03:10:07 INFO] Epoch 15/50  iter 650/743  loss=0.0961  lr=4.21e-05
[03:10:20 INFO] Epoch 15/50  iter 700/743  loss=0.1592  lr=4.21e-05
[03:10:32 INFO] Epoch 15 complete — avg_loss=0.1823  time=199s
[03:12:32 INFO]   val mIoU = 0.7135
[03:12:32 INFO]   ★ New best val mIoU: 0.7135
[03:12:47 INFO] Epoch 16/50  iter 50/743  loss=0.1457  lr=4.19e-05
[03:13:00 INFO] Epoch 16/50  iter 100/743  loss=0.1850  lr=4.18e-05
[03:13:14 INFO] Epoch 16/50  iter 150/743  loss=0.0585  lr=4.18e-05
[03:13:27 INFO] Epoch 16/50  iter 200/743  loss=0.1656  lr=4.17e-05
[03:13:41 INFO] Epoch 16/50  iter 250/743  loss=0.3047  lr=4.16e-05
[03:13:54 INFO] Epoch 16/50  iter 300/743  loss=0.1092  lr=4.15e-05
[03:14:07 INFO] Epoch 16/50  iter 350/743  loss=0.1807  lr=4.14e-05
[03:14:21 INFO] Epoch 16/50  iter 400/743  loss=0.1698  lr=4.14e-05
[03:14:34 INFO] Epoch 16/50  iter 450/743  loss=0.1113  lr=4.13e-05
[03:14:47 INFO] Epoch 16/50  iter 500/743  loss=0.0675  lr=4.12e-05
[03:15:01 INFO] Epoch 16/50  iter 550/743  loss=0.0967  lr=4.11e-05
[03:15:14 INFO] Epoch 16/50  iter 600/743  loss=0.0815  lr=4.10e-05
[03:15:28 INFO] Epoch 16/50  iter 650/743  loss=0.2157  lr=4.09e-05
[03:15:41 INFO] Epoch 16/50  iter 700/743  loss=0.1477  lr=4.09e-05
[03:15:52 INFO] Epoch 16 complete — avg_loss=0.1853  time=199s
[03:16:07 INFO] Epoch 17/50  iter 50/743  loss=0.0574  lr=4.07e-05
[03:16:20 INFO] Epoch 17/50  iter 100/743  loss=0.1655  lr=4.06e-05
[03:16:34 INFO] Epoch 17/50  iter 150/743  loss=0.1400  lr=4.06e-05
[03:16:47 INFO] Epoch 17/50  iter 200/743  loss=0.1386  lr=4.05e-05
[03:17:00 INFO] Epoch 17/50  iter 250/743  loss=0.2679  lr=4.04e-05
[03:17:14 INFO] Epoch 17/50  iter 300/743  loss=0.1417  lr=4.03e-05
[03:17:27 INFO] Epoch 17/50  iter 350/743  loss=0.0473  lr=4.02e-05
[03:17:40 INFO] Epoch 17/50  iter 400/743  loss=0.2105  lr=4.02e-05
[03:17:54 INFO] Epoch 17/50  iter 450/743  loss=0.2697  lr=4.01e-05
[03:18:07 INFO] Epoch 17/50  iter 500/743  loss=0.2240  lr=4.00e-05
[03:18:21 INFO] Epoch 17/50  iter 550/743  loss=0.1733  lr=3.99e-05
[03:18:34 INFO] Epoch 17/50  iter 600/743  loss=0.2104  lr=3.98e-05
[03:18:47 INFO] Epoch 17/50  iter 650/743  loss=0.2144  lr=3.97e-05
[03:19:01 INFO] Epoch 17/50  iter 700/743  loss=0.1587  lr=3.97e-05
[03:19:12 INFO] Epoch 17 complete — avg_loss=0.1767  time=199s
[03:19:27 INFO] Epoch 18/50  iter 50/743  loss=0.2454  lr=3.95e-05
[03:19:40 INFO] Epoch 18/50  iter 100/743  loss=0.1661  lr=3.94e-05
[03:19:53 INFO] Epoch 18/50  iter 150/743  loss=0.1559  lr=3.94e-05
[03:20:07 INFO] Epoch 18/50  iter 200/743  loss=0.1400  lr=3.93e-05
[03:20:20 INFO] Epoch 18/50  iter 250/743  loss=0.1639  lr=3.92e-05
[03:20:34 INFO] Epoch 18/50  iter 300/743  loss=0.3237  lr=3.91e-05
[03:20:47 INFO] Epoch 18/50  iter 350/743  loss=0.1453  lr=3.90e-05
[03:21:00 INFO] Epoch 18/50  iter 400/743  loss=0.1332  lr=3.90e-05
[03:21:14 INFO] Epoch 18/50  iter 450/743  loss=0.2706  lr=3.89e-05
[03:21:27 INFO] Epoch 18/50  iter 500/743  loss=0.1069  lr=3.88e-05
[03:21:40 INFO] Epoch 18/50  iter 550/743  loss=0.1582  lr=3.87e-05
[03:21:54 INFO] Epoch 18/50  iter 600/743  loss=0.1391  lr=3.86e-05
[03:22:07 INFO] Epoch 18/50  iter 650/743  loss=0.2032  lr=3.85e-05
[03:22:20 INFO] Epoch 18/50  iter 700/743  loss=0.2775  lr=3.85e-05
[03:22:32 INFO] Epoch 18 complete — avg_loss=0.1723  time=199s
[03:22:46 INFO] Epoch 19/50  iter 50/743  loss=0.1473  lr=3.83e-05
[03:23:00 INFO] Epoch 19/50  iter 100/743  loss=0.2831  lr=3.82e-05
[03:23:13 INFO] Epoch 19/50  iter 150/743  loss=0.2387  lr=3.82e-05
[03:23:27 INFO] Epoch 19/50  iter 200/743  loss=0.5787  lr=3.81e-05
[03:23:40 INFO] Epoch 19/50  iter 250/743  loss=0.1738  lr=3.80e-05
[03:23:53 INFO] Epoch 19/50  iter 300/743  loss=0.1474  lr=3.79e-05
[03:24:07 INFO] Epoch 19/50  iter 350/743  loss=0.1113  lr=3.78e-05
[03:24:20 INFO] Epoch 19/50  iter 400/743  loss=0.1667  lr=3.78e-05
[03:24:33 INFO] Epoch 19/50  iter 450/743  loss=0.1968  lr=3.77e-05
[03:24:47 INFO] Epoch 19/50  iter 500/743  loss=0.1414  lr=3.76e-05
[03:25:00 INFO] Epoch 19/50  iter 550/743  loss=0.1414  lr=3.75e-05
[03:25:13 INFO] Epoch 19/50  iter 600/743  loss=0.1547  lr=3.74e-05
[03:25:27 INFO] Epoch 19/50  iter 650/743  loss=0.2518  lr=3.73e-05
[03:25:40 INFO] Epoch 19/50  iter 700/743  loss=0.0983  lr=3.73e-05
[03:25:52 INFO] Epoch 19 complete — avg_loss=0.1754  time=199s
[03:26:06 INFO] Epoch 20/50  iter 50/743  loss=0.2341  lr=3.71e-05
[03:26:19 INFO] Epoch 20/50  iter 100/743  loss=0.1388  lr=3.70e-05
[03:26:33 INFO] Epoch 20/50  iter 150/743  loss=0.0705  lr=3.70e-05
[03:26:46 INFO] Epoch 20/50  iter 200/743  loss=0.1168  lr=3.69e-05
[03:26:59 INFO] Epoch 20/50  iter 250/743  loss=0.0868  lr=3.68e-05
[03:27:13 INFO] Epoch 20/50  iter 300/743  loss=0.1751  lr=3.67e-05
[03:27:26 INFO] Epoch 20/50  iter 350/743  loss=0.1044  lr=3.66e-05
[03:27:40 INFO] Epoch 20/50  iter 400/743  loss=0.1084  lr=3.66e-05
[03:27:53 INFO] Epoch 20/50  iter 450/743  loss=0.1355  lr=3.65e-05
[03:28:06 INFO] Epoch 20/50  iter 500/743  loss=0.1823  lr=3.64e-05
[03:28:20 INFO] Epoch 20/50  iter 550/743  loss=0.1793  lr=3.63e-05
[03:28:33 INFO] Epoch 20/50  iter 600/743  loss=0.1159  lr=3.62e-05
[03:28:46 INFO] Epoch 20/50  iter 650/743  loss=0.2521  lr=3.61e-05
[03:29:00 INFO] Epoch 20/50  iter 700/743  loss=0.1376  lr=3.61e-05
[03:29:11 INFO] Epoch 20 complete — avg_loss=0.1645  time=199s
[03:31:08 INFO]   val mIoU = 0.7298
[03:31:09 INFO]   ★ New best val mIoU: 0.7298
[03:31:23 INFO] Epoch 21/50  iter 50/743  loss=0.0731  lr=3.59e-05
[03:31:37 INFO] Epoch 21/50  iter 100/743  loss=0.2405  lr=3.58e-05
[03:31:50 INFO] Epoch 21/50  iter 150/743  loss=0.2377  lr=3.58e-05
[03:32:04 INFO] Epoch 21/50  iter 200/743  loss=0.1640  lr=3.57e-05
[03:32:17 INFO] Epoch 21/50  iter 250/743  loss=0.2304  lr=3.56e-05
[03:32:30 INFO] Epoch 21/50  iter 300/743  loss=0.1336  lr=3.55e-05
[03:32:44 INFO] Epoch 21/50  iter 350/743  loss=0.1981  lr=3.54e-05
[03:32:57 INFO] Epoch 21/50  iter 400/743  loss=0.1813  lr=3.54e-05
[03:33:10 INFO] Epoch 21/50  iter 450/743  loss=0.2591  lr=3.53e-05
[03:33:24 INFO] Epoch 21/50  iter 500/743  loss=0.0656  lr=3.52e-05
[03:33:37 INFO] Epoch 21/50  iter 550/743  loss=0.1600  lr=3.51e-05
[03:33:50 INFO] Epoch 21/50  iter 600/743  loss=0.0823  lr=3.50e-05
[03:34:04 INFO] Epoch 21/50  iter 650/743  loss=0.1605  lr=3.49e-05
[03:34:17 INFO] Epoch 21/50  iter 700/743  loss=0.0440  lr=3.49e-05
[03:34:29 INFO] Epoch 21 complete — avg_loss=0.1703  time=199s
[03:34:43 INFO] Epoch 22/50  iter 50/743  loss=0.0661  lr=3.47e-05
[03:34:56 INFO] Epoch 22/50  iter 100/743  loss=0.2134  lr=3.46e-05
[03:35:10 INFO] Epoch 22/50  iter 150/743  loss=0.1925  lr=3.46e-05
[03:35:23 INFO] Epoch 22/50  iter 200/743  loss=0.0918  lr=3.45e-05
[03:35:36 INFO] Epoch 22/50  iter 250/743  loss=0.0831  lr=3.44e-05
[03:35:50 INFO] Epoch 22/50  iter 300/743  loss=0.1379  lr=3.43e-05
[03:36:03 INFO] Epoch 22/50  iter 350/743  loss=0.1991  lr=3.42e-05
[03:36:17 INFO] Epoch 22/50  iter 400/743  loss=0.1005  lr=3.42e-05
[03:36:30 INFO] Epoch 22/50  iter 450/743  loss=0.1775  lr=3.41e-05
[03:36:43 INFO] Epoch 22/50  iter 500/743  loss=0.1615  lr=3.40e-05
[03:36:57 INFO] Epoch 22/50  iter 550/743  loss=0.1703  lr=3.39e-05
[03:37:10 INFO] Epoch 22/50  iter 600/743  loss=0.1099  lr=3.38e-05
[03:37:23 INFO] Epoch 22/50  iter 650/743  loss=0.1052  lr=3.37e-05
[03:37:37 INFO] Epoch 22/50  iter 700/743  loss=0.0922  lr=3.37e-05
[03:37:48 INFO] Epoch 22 complete — avg_loss=0.1674  time=199s
[03:38:03 INFO] Epoch 23/50  iter 50/743  loss=0.0821  lr=3.35e-05
[03:38:16 INFO] Epoch 23/50  iter 100/743  loss=0.1285  lr=3.34e-05
[03:38:29 INFO] Epoch 23/50  iter 150/743  loss=0.0931  lr=3.34e-05
[03:38:43 INFO] Epoch 23/50  iter 200/743  loss=0.1246  lr=3.33e-05
[03:38:56 INFO] Epoch 23/50  iter 250/743  loss=0.1743  lr=3.32e-05
[03:39:10 INFO] Epoch 23/50  iter 300/743  loss=0.1768  lr=3.31e-05
[03:39:23 INFO] Epoch 23/50  iter 350/743  loss=0.2516  lr=3.30e-05
[03:39:36 INFO] Epoch 23/50  iter 400/743  loss=0.1260  lr=3.30e-05
[03:39:50 INFO] Epoch 23/50  iter 450/743  loss=0.1514  lr=3.29e-05
[03:40:03 INFO] Epoch 23/50  iter 500/743  loss=0.1499  lr=3.28e-05
[03:40:16 INFO] Epoch 23/50  iter 550/743  loss=0.1398  lr=3.27e-05
[03:40:30 INFO] Epoch 23/50  iter 600/743  loss=0.1394  lr=3.26e-05
[03:40:43 INFO] Epoch 23/50  iter 650/743  loss=0.1445  lr=3.25e-05
[03:40:56 INFO] Epoch 23/50  iter 700/743  loss=0.1476  lr=3.25e-05
[03:41:08 INFO] Epoch 23 complete — avg_loss=0.1597  time=199s
[03:41:22 INFO] Epoch 24/50  iter 50/743  loss=0.0846  lr=3.23e-05
[03:41:36 INFO] Epoch 24/50  iter 100/743  loss=0.0686  lr=3.22e-05
[03:41:49 INFO] Epoch 24/50  iter 150/743  loss=0.0697  lr=3.22e-05
[03:42:03 INFO] Epoch 24/50  iter 200/743  loss=0.1181  lr=3.21e-05
[03:42:16 INFO] Epoch 24/50  iter 250/743  loss=0.1225  lr=3.20e-05
[03:42:29 INFO] Epoch 24/50  iter 300/743  loss=0.2974  lr=3.19e-05
[03:42:43 INFO] Epoch 24/50  iter 350/743  loss=0.3474  lr=3.18e-05
[03:42:56 INFO] Epoch 24/50  iter 400/743  loss=0.2664  lr=3.18e-05
[03:43:09 INFO] Epoch 24/50  iter 450/743  loss=0.1244  lr=3.17e-05
[03:43:23 INFO] Epoch 24/50  iter 500/743  loss=0.1782  lr=3.16e-05
[03:43:36 INFO] Epoch 24/50  iter 550/743  loss=0.1343  lr=3.15e-05
[03:43:49 INFO] Epoch 24/50  iter 600/743  loss=0.1621  lr=3.14e-05
[03:44:03 INFO] Epoch 24/50  iter 650/743  loss=0.1067  lr=3.13e-05
[03:44:16 INFO] Epoch 24/50  iter 700/743  loss=0.1310  lr=3.13e-05
[03:44:28 INFO] Epoch 24 complete — avg_loss=0.1605  time=199s
[03:44:42 INFO] Epoch 25/50  iter 50/743  loss=0.1880  lr=3.11e-05
[03:44:55 INFO] Epoch 25/50  iter 100/743  loss=0.0923  lr=3.10e-05
[03:45:09 INFO] Epoch 25/50  iter 150/743  loss=0.1936  lr=3.10e-05
[03:45:22 INFO] Epoch 25/50  iter 200/743  loss=0.1238  lr=3.09e-05
[03:45:36 INFO] Epoch 25/50  iter 250/743  loss=0.1333  lr=3.08e-05
[03:45:49 INFO] Epoch 25/50  iter 300/743  loss=0.2323  lr=3.07e-05
[03:46:02 INFO] Epoch 25/50  iter 350/743  loss=0.0976  lr=3.06e-05
[03:46:16 INFO] Epoch 25/50  iter 400/743  loss=0.0794  lr=3.06e-05
[03:46:29 INFO] Epoch 25/50  iter 450/743  loss=0.1813  lr=3.05e-05
[03:46:42 INFO] Epoch 25/50  iter 500/743  loss=0.1080  lr=3.04e-05
[03:46:56 INFO] Epoch 25/50  iter 550/743  loss=0.1787  lr=3.03e-05
[03:47:09 INFO] Epoch 25/50  iter 600/743  loss=0.1120  lr=3.02e-05
[03:47:23 INFO] Epoch 25/50  iter 650/743  loss=0.1783  lr=3.01e-05
[03:47:36 INFO] Epoch 25/50  iter 700/743  loss=0.1861  lr=3.01e-05
[03:47:48 INFO] Epoch 25 complete — avg_loss=0.1602  time=199s
[03:49:47 INFO]   val mIoU = 0.7443
[03:49:47 INFO]   ★ New best val mIoU: 0.7443
[03:50:02 INFO] Epoch 26/50  iter 50/743  loss=0.2009  lr=2.99e-05
[03:50:15 INFO] Epoch 26/50  iter 100/743  loss=0.0734  lr=2.98e-05
[03:50:29 INFO] Epoch 26/50  iter 150/743  loss=0.0569  lr=2.98e-05
[03:50:42 INFO] Epoch 26/50  iter 200/743  loss=0.5435  lr=2.97e-05
[03:50:56 INFO] Epoch 26/50  iter 250/743  loss=0.1633  lr=2.96e-05
[03:51:09 INFO] Epoch 26/50  iter 300/743  loss=0.1536  lr=2.95e-05
[03:51:22 INFO] Epoch 26/50  iter 350/743  loss=0.1064  lr=2.94e-05
[03:51:36 INFO] Epoch 26/50  iter 400/743  loss=0.1959  lr=2.94e-05
[03:51:49 INFO] Epoch 26/50  iter 450/743  loss=0.1455  lr=2.93e-05
[03:52:02 INFO] Epoch 26/50  iter 500/743  loss=0.0727  lr=2.92e-05
[03:52:16 INFO] Epoch 26/50  iter 550/743  loss=0.1692  lr=2.91e-05
[03:52:29 INFO] Epoch 26/50  iter 600/743  loss=0.1806  lr=2.90e-05
[03:52:43 INFO] Epoch 26/50  iter 650/743  loss=0.0920  lr=2.89e-05
[03:52:56 INFO] Epoch 26/50  iter 700/743  loss=0.1382  lr=2.89e-05
[03:53:08 INFO] Epoch 26 complete — avg_loss=0.1578  time=199s
[03:53:22 INFO] Epoch 27/50  iter 50/743  loss=0.1059  lr=2.87e-05
[03:53:36 INFO] Epoch 27/50  iter 100/743  loss=0.1232  lr=2.86e-05
[03:53:49 INFO] Epoch 27/50  iter 150/743  loss=0.2870  lr=2.86e-05
[03:54:02 INFO] Epoch 27/50  iter 200/743  loss=0.1174  lr=2.85e-05
[03:54:16 INFO] Epoch 27/50  iter 250/743  loss=0.4033  lr=2.84e-05
[03:54:29 INFO] Epoch 27/50  iter 300/743  loss=0.1118  lr=2.83e-05
[03:54:42 INFO] Epoch 27/50  iter 350/743  loss=0.1000  lr=2.82e-05
[03:54:56 INFO] Epoch 27/50  iter 400/743  loss=0.2361  lr=2.82e-05
[03:55:09 INFO] Epoch 27/50  iter 450/743  loss=0.0894  lr=2.81e-05
[03:55:23 INFO] Epoch 27/50  iter 500/743  loss=0.1749  lr=2.80e-05
[03:55:36 INFO] Epoch 27/50  iter 550/743  loss=0.1756  lr=2.79e-05
[03:55:49 INFO] Epoch 27/50  iter 600/743  loss=0.1300  lr=2.78e-05
[03:56:03 INFO] Epoch 27/50  iter 650/743  loss=0.0970  lr=2.77e-05
[03:56:16 INFO] Epoch 27/50  iter 700/743  loss=0.1241  lr=2.77e-05
[03:56:28 INFO] Epoch 27 complete — avg_loss=0.1561  time=200s
[03:56:42 INFO] Epoch 28/50  iter 50/743  loss=0.1273  lr=2.75e-05
[03:56:56 INFO] Epoch 28/50  iter 100/743  loss=0.2057  lr=2.74e-05
[03:57:09 INFO] Epoch 28/50  iter 150/743  loss=0.0636  lr=2.74e-05
[03:57:23 INFO] Epoch 28/50  iter 200/743  loss=0.0851  lr=2.73e-05
[03:57:36 INFO] Epoch 28/50  iter 250/743  loss=0.1719  lr=2.72e-05
[03:57:49 INFO] Epoch 28/50  iter 300/743  loss=0.0665  lr=2.71e-05
[03:58:03 INFO] Epoch 28/50  iter 350/743  loss=0.0627  lr=2.70e-05
[03:58:16 INFO] Epoch 28/50  iter 400/743  loss=0.1330  lr=2.70e-05
[03:58:29 INFO] Epoch 28/50  iter 450/743  loss=0.1643  lr=2.69e-05
[03:58:43 INFO] Epoch 28/50  iter 500/743  loss=0.2062  lr=2.68e-05
[03:58:56 INFO] Epoch 28/50  iter 550/743  loss=0.2026  lr=2.67e-05
[03:59:09 INFO] Epoch 28/50  iter 600/743  loss=0.1143  lr=2.66e-05
[03:59:23 INFO] Epoch 28/50  iter 650/743  loss=0.0870  lr=2.65e-05
[03:59:36 INFO] Epoch 28/50  iter 700/743  loss=0.1301  lr=2.65e-05
[03:59:48 INFO] Epoch 28 complete — avg_loss=0.1500  time=199s
[04:00:02 INFO] Epoch 29/50  iter 50/743  loss=0.1251  lr=2.63e-05
[04:00:16 INFO] Epoch 29/50  iter 100/743  loss=0.1451  lr=2.62e-05
[04:00:29 INFO] Epoch 29/50  iter 150/743  loss=0.0425  lr=2.62e-05
[04:00:42 INFO] Epoch 29/50  iter 200/743  loss=0.1534  lr=2.61e-05
[04:00:56 INFO] Epoch 29/50  iter 250/743  loss=0.1161  lr=2.60e-05
[04:01:09 INFO] Epoch 29/50  iter 300/743  loss=0.1229  lr=2.59e-05
[04:01:23 INFO] Epoch 29/50  iter 350/743  loss=0.1174  lr=2.58e-05
[04:01:36 INFO] Epoch 29/50  iter 400/743  loss=0.0779  lr=2.58e-05
[04:01:49 INFO] Epoch 29/50  iter 450/743  loss=0.2046  lr=2.57e-05
[04:02:03 INFO] Epoch 29/50  iter 500/743  loss=0.1599  lr=2.56e-05
[04:02:16 INFO] Epoch 29/50  iter 550/743  loss=0.0670  lr=2.55e-05
[04:02:30 INFO] Epoch 29/50  iter 600/743  loss=0.1242  lr=2.54e-05
[04:02:43 INFO] Epoch 29/50  iter 650/743  loss=0.0696  lr=2.53e-05
[04:02:56 INFO] Epoch 29/50  iter 700/743  loss=0.1560  lr=2.53e-05
[04:03:08 INFO] Epoch 29 complete — avg_loss=0.1492  time=199s
[04:03:22 INFO] Epoch 30/50  iter 50/743  loss=0.1403  lr=2.51e-05
[04:03:36 INFO] Epoch 30/50  iter 100/743  loss=0.0856  lr=2.50e-05
[04:03:49 INFO] Epoch 30/50  iter 150/743  loss=0.2174  lr=2.50e-05
[04:04:02 INFO] Epoch 30/50  iter 200/743  loss=0.0402  lr=2.49e-05
[04:04:16 INFO] Epoch 30/50  iter 250/743  loss=0.1098  lr=2.48e-05
[04:04:29 INFO] Epoch 30/50  iter 300/743  loss=0.0657  lr=2.47e-05
[04:04:43 INFO] Epoch 30/50  iter 350/743  loss=0.0897  lr=2.46e-05
[04:04:56 INFO] Epoch 30/50  iter 400/743  loss=0.2079  lr=2.46e-05
[04:05:09 INFO] Epoch 30/50  iter 450/743  loss=0.0835  lr=2.45e-05
[04:05:23 INFO] Epoch 30/50  iter 500/743  loss=0.1894  lr=2.44e-05
[04:05:36 INFO] Epoch 30/50  iter 550/743  loss=0.1388  lr=2.43e-05
[04:05:49 INFO] Epoch 30/50  iter 600/743  loss=0.2062  lr=2.42e-05
[04:06:03 INFO] Epoch 30/50  iter 650/743  loss=0.1843  lr=2.41e-05
[04:06:16 INFO] Epoch 30/50  iter 700/743  loss=0.1349  lr=2.41e-05
[04:06:28 INFO] Epoch 30 complete — avg_loss=0.1520  time=199s
[04:08:26 INFO]   val mIoU = 0.7545
[04:08:27 INFO]   ★ New best val mIoU: 0.7545
[04:08:41 INFO] Epoch 31/50  iter 50/743  loss=0.1857  lr=2.39e-05
[04:08:55 INFO] Epoch 31/50  iter 100/743  loss=0.0291  lr=2.38e-05
[04:09:08 INFO] Epoch 31/50  iter 150/743  loss=0.0670  lr=2.38e-05
[04:09:21 INFO] Epoch 31/50  iter 200/743  loss=0.1619  lr=2.37e-05
[04:09:35 INFO] Epoch 31/50  iter 250/743  loss=0.1010  lr=2.36e-05
[04:09:48 INFO] Epoch 31/50  iter 300/743  loss=0.2573  lr=2.35e-05
[04:10:01 INFO] Epoch 31/50  iter 350/743  loss=0.2321  lr=2.34e-05
[04:10:15 INFO] Epoch 31/50  iter 400/743  loss=0.1616  lr=2.34e-05
[04:10:28 INFO] Epoch 31/50  iter 450/743  loss=0.0875  lr=2.33e-05
[04:10:41 INFO] Epoch 31/50  iter 500/743  loss=0.1379  lr=2.32e-05
[04:10:55 INFO] Epoch 31/50  iter 550/743  loss=0.2322  lr=2.31e-05
[04:11:08 INFO] Epoch 31/50  iter 600/743  loss=0.0645  lr=2.30e-05
[04:11:22 INFO] Epoch 31/50  iter 650/743  loss=0.1616  lr=2.29e-05
[04:11:35 INFO] Epoch 31/50  iter 700/743  loss=0.2563  lr=2.29e-05
[04:11:46 INFO] Epoch 31 complete — avg_loss=0.1479  time=199s
[04:12:01 INFO] Epoch 32/50  iter 50/743  loss=0.1428  lr=2.27e-05
[04:12:14 INFO] Epoch 32/50  iter 100/743  loss=0.1516  lr=2.26e-05
[04:12:28 INFO] Epoch 32/50  iter 150/743  loss=0.1392  lr=2.26e-05
[04:12:41 INFO] Epoch 32/50  iter 200/743  loss=0.0516  lr=2.25e-05
[04:12:55 INFO] Epoch 32/50  iter 250/743  loss=0.0892  lr=2.24e-05
[04:13:08 INFO] Epoch 32/50  iter 300/743  loss=0.1220  lr=2.23e-05
[04:13:21 INFO] Epoch 32/50  iter 350/743  loss=0.2904  lr=2.22e-05
[04:13:35 INFO] Epoch 32/50  iter 400/743  loss=0.1657  lr=2.22e-05
[04:13:48 INFO] Epoch 32/50  iter 450/743  loss=0.0985  lr=2.21e-05
[04:14:01 INFO] Epoch 32/50  iter 500/743  loss=0.0837  lr=2.20e-05
[04:14:15 INFO] Epoch 32/50  iter 550/743  loss=0.0688  lr=2.19e-05
[04:14:28 INFO] Epoch 32/50  iter 600/743  loss=0.0649  lr=2.18e-05
[04:14:42 INFO] Epoch 32/50  iter 650/743  loss=0.1170  lr=2.17e-05
[04:14:55 INFO] Epoch 32/50  iter 700/743  loss=0.2329  lr=2.17e-05
[04:15:06 INFO] Epoch 32 complete — avg_loss=0.1466  time=199s
[04:15:21 INFO] Epoch 33/50  iter 50/743  loss=0.1131  lr=2.15e-05
[04:15:34 INFO] Epoch 33/50  iter 100/743  loss=0.1233  lr=2.14e-05
[04:15:48 INFO] Epoch 33/50  iter 150/743  loss=0.1518  lr=2.14e-05
[04:16:01 INFO] Epoch 33/50  iter 200/743  loss=0.0972  lr=2.13e-05
[04:16:14 INFO] Epoch 33/50  iter 250/743  loss=0.1172  lr=2.12e-05
[04:16:28 INFO] Epoch 33/50  iter 300/743  loss=0.1125  lr=2.11e-05
[04:16:41 INFO] Epoch 33/50  iter 350/743  loss=0.1159  lr=2.10e-05
[04:16:55 INFO] Epoch 33/50  iter 400/743  loss=0.1103  lr=2.10e-05
[04:17:08 INFO] Epoch 33/50  iter 450/743  loss=0.2921  lr=2.09e-05
[04:17:21 INFO] Epoch 33/50  iter 500/743  loss=0.0846  lr=2.08e-05
[04:17:35 INFO] Epoch 33/50  iter 550/743  loss=0.1285  lr=2.07e-05
[04:17:48 INFO] Epoch 33/50  iter 600/743  loss=0.1004  lr=2.06e-05
[04:18:01 INFO] Epoch 33/50  iter 650/743  loss=0.2365  lr=2.05e-05
[04:18:15 INFO] Epoch 33/50  iter 700/743  loss=0.2059  lr=2.05e-05
[04:18:26 INFO] Epoch 33 complete — avg_loss=0.1417  time=199s
[04:18:41 INFO] Epoch 34/50  iter 50/743  loss=0.0930  lr=2.03e-05
[04:18:54 INFO] Epoch 34/50  iter 100/743  loss=0.1332  lr=2.02e-05
[04:19:08 INFO] Epoch 34/50  iter 150/743  loss=0.1082  lr=2.02e-05
[04:19:21 INFO] Epoch 34/50  iter 200/743  loss=0.1424  lr=2.01e-05
[04:19:34 INFO] Epoch 34/50  iter 250/743  loss=0.1201  lr=2.00e-05
[04:19:48 INFO] Epoch 34/50  iter 300/743  loss=0.0490  lr=1.99e-05
[04:20:01 INFO] Epoch 34/50  iter 350/743  loss=0.2265  lr=1.98e-05
[04:20:14 INFO] Epoch 34/50  iter 400/743  loss=0.1605  lr=1.98e-05
[04:20:28 INFO] Epoch 34/50  iter 450/743  loss=0.2071  lr=1.97e-05
[04:20:41 INFO] Epoch 34/50  iter 500/743  loss=0.1258  lr=1.96e-05
[04:20:55 INFO] Epoch 34/50  iter 550/743  loss=0.1148  lr=1.95e-05
[04:21:08 INFO] Epoch 34/50  iter 600/743  loss=0.1480  lr=1.94e-05
[04:21:21 INFO] Epoch 34/50  iter 650/743  loss=0.1575  lr=1.93e-05
[04:21:35 INFO] Epoch 34/50  iter 700/743  loss=0.2439  lr=1.93e-05
[04:21:46 INFO] Epoch 34 complete — avg_loss=0.1436  time=199s
[04:22:01 INFO] Epoch 35/50  iter 50/743  loss=0.1664  lr=1.91e-05
[04:22:14 INFO] Epoch 35/50  iter 100/743  loss=0.0811  lr=1.90e-05
[04:22:27 INFO] Epoch 35/50  iter 150/743  loss=0.0860  lr=1.90e-05
[04:22:41 INFO] Epoch 35/50  iter 200/743  loss=0.1705  lr=1.89e-05
[04:22:54 INFO] Epoch 35/50  iter 250/743  loss=0.0883  lr=1.88e-05
[04:23:08 INFO] Epoch 35/50  iter 300/743  loss=0.1745  lr=1.87e-05
[04:23:21 INFO] Epoch 35/50  iter 350/743  loss=0.1443  lr=1.86e-05
[04:23:34 INFO] Epoch 35/50  iter 400/743  loss=0.0909  lr=1.86e-05
[04:23:48 INFO] Epoch 35/50  iter 450/743  loss=0.1105  lr=1.85e-05
[04:24:01 INFO] Epoch 35/50  iter 500/743  loss=0.1877  lr=1.84e-05
[04:24:14 INFO] Epoch 35/50  iter 550/743  loss=0.2759  lr=1.83e-05
[04:24:28 INFO] Epoch 35/50  iter 600/743  loss=0.1325  lr=1.82e-05
[04:24:41 INFO] Epoch 35/50  iter 650/743  loss=0.2144  lr=1.81e-05
[04:24:54 INFO] Epoch 35/50  iter 700/743  loss=0.2081  lr=1.81e-05
[04:25:06 INFO] Epoch 35 complete — avg_loss=0.1482  time=199s
[04:27:06 INFO]   val mIoU = 0.7606
[04:27:07 INFO]   ★ New best val mIoU: 0.7606
[04:27:22 INFO] Epoch 36/50  iter 50/743  loss=0.1952  lr=1.79e-05
[04:27:35 INFO] Epoch 36/50  iter 100/743  loss=0.1784  lr=1.78e-05
[04:27:48 INFO] Epoch 36/50  iter 150/743  loss=0.1658  lr=1.78e-05
[04:28:02 INFO] Epoch 36/50  iter 200/743  loss=0.1217  lr=1.77e-05
[04:28:15 INFO] Epoch 36/50  iter 250/743  loss=0.1479  lr=1.76e-05
[04:28:29 INFO] Epoch 36/50  iter 300/743  loss=0.1087  lr=1.75e-05
[04:28:42 INFO] Epoch 36/50  iter 350/743  loss=0.0634  lr=1.74e-05
[04:28:55 INFO] Epoch 36/50  iter 400/743  loss=0.1171  lr=1.74e-05
[04:29:09 INFO] Epoch 36/50  iter 450/743  loss=0.1483  lr=1.73e-05
[04:29:22 INFO] Epoch 36/50  iter 500/743  loss=0.0727  lr=1.72e-05
[04:29:35 INFO] Epoch 36/50  iter 550/743  loss=0.1044  lr=1.71e-05
[04:29:49 INFO] Epoch 36/50  iter 600/743  loss=0.0516  lr=1.70e-05
[04:30:02 INFO] Epoch 36/50  iter 650/743  loss=0.1167  lr=1.69e-05
[04:30:16 INFO] Epoch 36/50  iter 700/743  loss=0.0988  lr=1.69e-05
[04:30:27 INFO] Epoch 36 complete — avg_loss=0.1373  time=199s
[04:30:42 INFO] Epoch 37/50  iter 50/743  loss=0.0733  lr=1.67e-05
[04:30:55 INFO] Epoch 37/50  iter 100/743  loss=0.2490  lr=1.66e-05
[04:31:08 INFO] Epoch 37/50  iter 150/743  loss=0.1154  lr=1.66e-05
[04:31:22 INFO] Epoch 37/50  iter 200/743  loss=0.1068  lr=1.65e-05
[04:31:35 INFO] Epoch 37/50  iter 250/743  loss=0.0729  lr=1.64e-05
[04:31:48 INFO] Epoch 37/50  iter 300/743  loss=0.1208  lr=1.63e-05
[04:32:02 INFO] Epoch 37/50  iter 350/743  loss=0.1363  lr=1.62e-05
[04:32:15 INFO] Epoch 37/50  iter 400/743  loss=0.2164  lr=1.62e-05
[04:32:29 INFO] Epoch 37/50  iter 450/743  loss=0.1424  lr=1.61e-05
[04:32:42 INFO] Epoch 37/50  iter 500/743  loss=0.1189  lr=1.60e-05
[04:32:55 INFO] Epoch 37/50  iter 550/743  loss=0.2578  lr=1.59e-05
[04:33:09 INFO] Epoch 37/50  iter 600/743  loss=0.1602  lr=1.58e-05
[04:33:22 INFO] Epoch 37/50  iter 650/743  loss=0.0509  lr=1.57e-05
[04:33:35 INFO] Epoch 37/50  iter 700/743  loss=0.1115  lr=1.57e-05
[04:33:47 INFO] Epoch 37 complete — avg_loss=0.1392  time=199s
[04:34:02 INFO] Epoch 38/50  iter 50/743  loss=0.1206  lr=1.55e-05
[04:34:15 INFO] Epoch 38/50  iter 100/743  loss=0.1194  lr=1.54e-05
[04:34:28 INFO] Epoch 38/50  iter 150/743  loss=0.1412  lr=1.54e-05
[04:34:42 INFO] Epoch 38/50  iter 200/743  loss=0.1370  lr=1.53e-05
[04:34:55 INFO] Epoch 38/50  iter 250/743  loss=0.0899  lr=1.52e-05
[04:35:08 INFO] Epoch 38/50  iter 300/743  loss=0.1346  lr=1.51e-05
[04:35:22 INFO] Epoch 38/50  iter 350/743  loss=0.1787  lr=1.50e-05
[04:35:35 INFO] Epoch 38/50  iter 400/743  loss=0.1223  lr=1.50e-05
[04:35:49 INFO] Epoch 38/50  iter 450/743  loss=0.1576  lr=1.49e-05
[04:36:02 INFO] Epoch 38/50  iter 500/743  loss=0.2736  lr=1.48e-05
[04:36:15 INFO] Epoch 38/50  iter 550/743  loss=0.1147  lr=1.47e-05
[04:36:29 INFO] Epoch 38/50  iter 600/743  loss=0.2054  lr=1.46e-05
[04:36:42 INFO] Epoch 38/50  iter 650/743  loss=0.5468  lr=1.45e-05
[04:36:55 INFO] Epoch 38/50  iter 700/743  loss=0.1919  lr=1.45e-05
[04:37:07 INFO] Epoch 38 complete — avg_loss=0.1397  time=199s
[04:37:21 INFO] Epoch 39/50  iter 50/743  loss=0.0881  lr=1.43e-05
[04:37:35 INFO] Epoch 39/50  iter 100/743  loss=0.1497  lr=1.42e-05
[04:37:48 INFO] Epoch 39/50  iter 150/743  loss=0.1124  lr=1.42e-05
[04:38:01 INFO] Epoch 39/50  iter 200/743  loss=0.2280  lr=1.41e-05
[04:38:15 INFO] Epoch 39/50  iter 250/743  loss=0.2004  lr=1.40e-05
[04:38:28 INFO] Epoch 39/50  iter 300/743  loss=0.1827  lr=1.39e-05
[04:38:42 INFO] Epoch 39/50  iter 350/743  loss=0.1421  lr=1.38e-05
[04:38:55 INFO] Epoch 39/50  iter 400/743  loss=0.1384  lr=1.38e-05
[04:39:08 INFO] Epoch 39/50  iter 450/743  loss=0.1599  lr=1.37e-05
[04:39:22 INFO] Epoch 39/50  iter 500/743  loss=0.1427  lr=1.36e-05
[04:39:35 INFO] Epoch 39/50  iter 550/743  loss=0.1668  lr=1.35e-05
[04:39:48 INFO] Epoch 39/50  iter 600/743  loss=0.1023  lr=1.34e-05
[04:40:02 INFO] Epoch 39/50  iter 650/743  loss=0.2171  lr=1.33e-05
[04:40:15 INFO] Epoch 39/50  iter 700/743  loss=0.1822  lr=1.33e-05
[04:40:27 INFO] Epoch 39 complete — avg_loss=0.1387  time=199s
[04:40:41 INFO] Epoch 40/50  iter 50/743  loss=0.1323  lr=1.31e-05
[04:40:55 INFO] Epoch 40/50  iter 100/743  loss=0.1357  lr=1.30e-05
[04:41:08 INFO] Epoch 40/50  iter 150/743  loss=0.1623  lr=1.30e-05
[04:41:21 INFO] Epoch 40/50  iter 200/743  loss=0.1099  lr=1.29e-05
[04:41:35 INFO] Epoch 40/50  iter 250/743  loss=0.1239  lr=1.28e-05
[04:41:48 INFO] Epoch 40/50  iter 300/743  loss=0.0873  lr=1.27e-05
[04:42:01 INFO] Epoch 40/50  iter 350/743  loss=0.1926  lr=1.26e-05
[04:42:15 INFO] Epoch 40/50  iter 400/743  loss=0.1510  lr=1.26e-05
[04:42:28 INFO] Epoch 40/50  iter 450/743  loss=0.2127  lr=1.25e-05
[04:42:42 INFO] Epoch 40/50  iter 500/743  loss=0.1301  lr=1.24e-05
[04:42:55 INFO] Epoch 40/50  iter 550/743  loss=0.3935  lr=1.23e-05
[04:43:08 INFO] Epoch 40/50  iter 600/743  loss=0.2449  lr=1.22e-05
[04:43:22 INFO] Epoch 40/50  iter 650/743  loss=0.1765  lr=1.21e-05
[04:43:35 INFO] Epoch 40/50  iter 700/743  loss=0.0648  lr=1.21e-05
[04:43:47 INFO] Epoch 40 complete — avg_loss=0.1357  time=199s
[04:45:45 INFO]   val mIoU = 0.7663
[04:45:45 INFO]   ★ New best val mIoU: 0.7663
[04:46:00 INFO] Epoch 41/50  iter 50/743  loss=0.0275  lr=1.19e-05
[04:46:13 INFO] Epoch 41/50  iter 100/743  loss=0.1309  lr=1.18e-05
[04:46:27 INFO] Epoch 41/50  iter 150/743  loss=0.1744  lr=1.18e-05
[04:46:40 INFO] Epoch 41/50  iter 200/743  loss=0.1536  lr=1.17e-05
[04:46:53 INFO] Epoch 41/50  iter 250/743  loss=0.1438  lr=1.16e-05
[04:47:07 INFO] Epoch 41/50  iter 300/743  loss=0.2393  lr=1.15e-05
[04:47:20 INFO] Epoch 41/50  iter 350/743  loss=0.0837  lr=1.14e-05
[04:47:34 INFO] Epoch 41/50  iter 400/743  loss=0.2319  lr=1.14e-05
[04:47:47 INFO] Epoch 41/50  iter 450/743  loss=0.1037  lr=1.13e-05
[04:48:00 INFO] Epoch 41/50  iter 500/743  loss=0.1258  lr=1.12e-05
[04:48:14 INFO] Epoch 41/50  iter 550/743  loss=0.2193  lr=1.11e-05
[04:48:27 INFO] Epoch 41/50  iter 600/743  loss=0.0629  lr=1.10e-05
[04:48:40 INFO] Epoch 41/50  iter 650/743  loss=0.1468  lr=1.09e-05
[04:48:54 INFO] Epoch 41/50  iter 700/743  loss=0.2165  lr=1.09e-05
[04:49:05 INFO] Epoch 41 complete — avg_loss=0.1350  time=199s
[04:49:20 INFO] Epoch 42/50  iter 50/743  loss=0.1888  lr=1.07e-05
[04:49:33 INFO] Epoch 42/50  iter 100/743  loss=0.0333  lr=1.06e-05
[04:49:46 INFO] Epoch 42/50  iter 150/743  loss=0.0783  lr=1.06e-05
[04:50:00 INFO] Epoch 42/50  iter 200/743  loss=0.0815  lr=1.05e-05
[04:50:13 INFO] Epoch 42/50  iter 250/743  loss=0.0802  lr=1.04e-05
[04:50:27 INFO] Epoch 42/50  iter 300/743  loss=0.0716  lr=1.03e-05
[04:50:40 INFO] Epoch 42/50  iter 350/743  loss=0.0489  lr=1.02e-05
[04:50:53 INFO] Epoch 42/50  iter 400/743  loss=0.0956  lr=1.02e-05
[04:51:07 INFO] Epoch 42/50  iter 450/743  loss=0.1296  lr=1.01e-05
[04:51:20 INFO] Epoch 42/50  iter 500/743  loss=0.0842  lr=9.99e-06
[04:51:33 INFO] Epoch 42/50  iter 550/743  loss=0.2857  lr=9.91e-06
[04:51:47 INFO] Epoch 42/50  iter 600/743  loss=0.0951  lr=9.83e-06
[04:52:00 INFO] Epoch 42/50  iter 650/743  loss=0.1032  lr=9.75e-06
[04:52:14 INFO] Epoch 42/50  iter 700/743  loss=0.1804  lr=9.67e-06
[04:52:25 INFO] Epoch 42 complete — avg_loss=0.1316  time=199s
[04:52:40 INFO] Epoch 43/50  iter 50/743  loss=0.1430  lr=9.52e-06
[04:52:53 INFO] Epoch 43/50  iter 100/743  loss=0.1097  lr=9.44e-06
[04:53:06 INFO] Epoch 43/50  iter 150/743  loss=0.1638  lr=9.36e-06
[04:53:20 INFO] Epoch 43/50  iter 200/743  loss=0.0774  lr=9.28e-06
[04:53:33 INFO] Epoch 43/50  iter 250/743  loss=0.1526  lr=9.19e-06
[04:53:46 INFO] Epoch 43/50  iter 300/743  loss=0.0848  lr=9.11e-06
[04:54:00 INFO] Epoch 43/50  iter 350/743  loss=0.0926  lr=9.03e-06
[04:54:13 INFO] Epoch 43/50  iter 400/743  loss=0.1822  lr=8.95e-06
[04:54:27 INFO] Epoch 43/50  iter 450/743  loss=0.0840  lr=8.87e-06
[04:54:40 INFO] Epoch 43/50  iter 500/743  loss=0.1677  lr=8.79e-06
[04:54:53 INFO] Epoch 43/50  iter 550/743  loss=0.1800  lr=8.71e-06
[04:55:07 INFO] Epoch 43/50  iter 600/743  loss=0.1408  lr=8.63e-06
[04:55:20 INFO] Epoch 43/50  iter 650/743  loss=0.2296  lr=8.55e-06
[04:55:33 INFO] Epoch 43/50  iter 700/743  loss=0.1368  lr=8.47e-06
[04:55:45 INFO] Epoch 43 complete — avg_loss=0.1324  time=199s
[04:55:59 INFO] Epoch 44/50  iter 50/743  loss=0.0843  lr=8.32e-06
[04:56:13 INFO] Epoch 44/50  iter 100/743  loss=0.3099  lr=8.24e-06
[04:56:26 INFO] Epoch 44/50  iter 150/743  loss=0.0983  lr=8.16e-06
[04:56:39 INFO] Epoch 44/50  iter 200/743  loss=0.0603  lr=8.08e-06
[04:56:53 INFO] Epoch 44/50  iter 250/743  loss=0.1219  lr=7.99e-06
[04:57:06 INFO] Epoch 44/50  iter 300/743  loss=0.1483  lr=7.91e-06
[04:57:20 INFO] Epoch 44/50  iter 350/743  loss=0.0524  lr=7.83e-06
[04:57:33 INFO] Epoch 44/50  iter 400/743  loss=0.1355  lr=7.75e-06
[04:57:46 INFO] Epoch 44/50  iter 450/743  loss=0.2693  lr=7.67e-06
[04:58:00 INFO] Epoch 44/50  iter 500/743  loss=0.1670  lr=7.59e-06
[04:58:13 INFO] Epoch 44/50  iter 550/743  loss=0.1136  lr=7.51e-06
[04:58:26 INFO] Epoch 44/50  iter 600/743  loss=0.1125  lr=7.43e-06
[04:58:40 INFO] Epoch 44/50  iter 650/743  loss=0.1463  lr=7.35e-06
[04:58:53 INFO] Epoch 44/50  iter 700/743  loss=0.1335  lr=7.27e-06
[04:59:05 INFO] Epoch 44 complete — avg_loss=0.1247  time=199s
[04:59:19 INFO] Epoch 45/50  iter 50/743  loss=0.0616  lr=7.12e-06
[04:59:32 INFO] Epoch 45/50  iter 100/743  loss=0.0808  lr=7.04e-06
[04:59:46 INFO] Epoch 45/50  iter 150/743  loss=0.1234  lr=6.96e-06
[04:59:59 INFO] Epoch 45/50  iter 200/743  loss=0.0874  lr=6.88e-06
[05:00:13 INFO] Epoch 45/50  iter 250/743  loss=0.0824  lr=6.79e-06
[05:00:26 INFO] Epoch 45/50  iter 300/743  loss=0.1485  lr=6.71e-06
[05:00:39 INFO] Epoch 45/50  iter 350/743  loss=0.1621  lr=6.63e-06
[05:00:53 INFO] Epoch 45/50  iter 400/743  loss=0.0953  lr=6.55e-06
[05:01:06 INFO] Epoch 45/50  iter 450/743  loss=0.1254  lr=6.47e-06
[05:01:19 INFO] Epoch 45/50  iter 500/743  loss=0.1006  lr=6.39e-06
[05:01:33 INFO] Epoch 45/50  iter 550/743  loss=0.0884  lr=6.31e-06
[05:01:46 INFO] Epoch 45/50  iter 600/743  loss=0.1187  lr=6.23e-06
[05:02:00 INFO] Epoch 45/50  iter 650/743  loss=0.1541  lr=6.15e-06
[05:02:13 INFO] Epoch 45/50  iter 700/743  loss=0.0626  lr=6.07e-06
[05:02:24 INFO] Epoch 45 complete — avg_loss=0.1278  time=199s
[05:04:25 INFO]   val mIoU = 0.7680
[05:04:26 INFO]   ★ New best val mIoU: 0.7680
[05:04:41 INFO] Epoch 46/50  iter 50/743  loss=0.0833  lr=5.92e-06
[05:04:54 INFO] Epoch 46/50  iter 100/743  loss=0.1058  lr=5.84e-06
[05:05:08 INFO] Epoch 46/50  iter 150/743  loss=0.1046  lr=5.76e-06
[05:05:21 INFO] Epoch 46/50  iter 200/743  loss=0.0946  lr=5.68e-06
[05:05:35 INFO] Epoch 46/50  iter 250/743  loss=0.1276  lr=5.59e-06
[05:05:48 INFO] Epoch 46/50  iter 300/743  loss=0.1093  lr=5.51e-06
[05:06:01 INFO] Epoch 46/50  iter 350/743  loss=0.1058  lr=5.43e-06
[05:06:15 INFO] Epoch 46/50  iter 400/743  loss=0.2029  lr=5.35e-06
[05:06:28 INFO] Epoch 46/50  iter 450/743  loss=0.1413  lr=5.27e-06
[05:06:41 INFO] Epoch 46/50  iter 500/743  loss=0.0727  lr=5.19e-06
[05:06:55 INFO] Epoch 46/50  iter 550/743  loss=0.1728  lr=5.11e-06
[05:07:08 INFO] Epoch 46/50  iter 600/743  loss=0.1383  lr=5.03e-06
[05:07:22 INFO] Epoch 46/50  iter 650/743  loss=0.1668  lr=4.95e-06
[05:07:35 INFO] Epoch 46/50  iter 700/743  loss=0.1892  lr=4.87e-06
[05:07:47 INFO] Epoch 46 complete — avg_loss=0.1287  time=200s
[05:08:01 INFO] Epoch 47/50  iter 50/743  loss=0.1015  lr=4.72e-06
[05:08:15 INFO] Epoch 47/50  iter 100/743  loss=0.1429  lr=4.64e-06
[05:08:28 INFO] Epoch 47/50  iter 150/743  loss=0.1908  lr=4.56e-06
[05:08:41 INFO] Epoch 47/50  iter 200/743  loss=0.0637  lr=4.48e-06
[05:08:55 INFO] Epoch 47/50  iter 250/743  loss=0.1137  lr=4.39e-06
[05:09:08 INFO] Epoch 47/50  iter 300/743  loss=0.0290  lr=4.31e-06
[05:09:21 INFO] Epoch 47/50  iter 350/743  loss=0.1187  lr=4.23e-06
[05:09:35 INFO] Epoch 47/50  iter 400/743  loss=0.1325  lr=4.15e-06
[05:09:48 INFO] Epoch 47/50  iter 450/743  loss=0.1312  lr=4.07e-06
[05:10:01 INFO] Epoch 47/50  iter 500/743  loss=0.1045  lr=3.99e-06
[05:10:15 INFO] Epoch 47/50  iter 550/743  loss=0.2557  lr=3.91e-06
[05:10:28 INFO] Epoch 47/50  iter 600/743  loss=0.1208  lr=3.83e-06
[05:10:42 INFO] Epoch 47/50  iter 650/743  loss=0.1139  lr=3.75e-06
[05:10:55 INFO] Epoch 47/50  iter 700/743  loss=0.1297  lr=3.67e-06
[05:11:07 INFO] Epoch 47 complete — avg_loss=0.1309  time=199s
[05:11:21 INFO] Epoch 48/50  iter 50/743  loss=0.1016  lr=3.52e-06
[05:11:35 INFO] Epoch 48/50  iter 100/743  loss=0.2677  lr=3.44e-06
[05:11:48 INFO] Epoch 48/50  iter 150/743  loss=0.0673  lr=3.36e-06
[05:12:01 INFO] Epoch 48/50  iter 200/743  loss=0.3749  lr=3.28e-06
[05:12:15 INFO] Epoch 48/50  iter 250/743  loss=0.2234  lr=3.19e-06
[05:12:28 INFO] Epoch 48/50  iter 300/743  loss=0.1121  lr=3.11e-06
[05:12:41 INFO] Epoch 48/50  iter 350/743  loss=0.0945  lr=3.03e-06
[05:12:55 INFO] Epoch 48/50  iter 400/743  loss=0.2302  lr=2.95e-06
[05:13:08 INFO] Epoch 48/50  iter 450/743  loss=0.1721  lr=2.87e-06
[05:13:22 INFO] Epoch 48/50  iter 500/743  loss=0.0849  lr=2.79e-06
[05:13:35 INFO] Epoch 48/50  iter 550/743  loss=0.1498  lr=2.71e-06
[05:13:48 INFO] Epoch 48/50  iter 600/743  loss=0.1665  lr=2.63e-06
[05:14:02 INFO] Epoch 48/50  iter 650/743  loss=0.1962  lr=2.55e-06
[05:14:15 INFO] Epoch 48/50  iter 700/743  loss=0.1299  lr=2.47e-06
[05:14:27 INFO] Epoch 48 complete — avg_loss=0.1305  time=199s
[05:14:41 INFO] Epoch 49/50  iter 50/743  loss=0.0986  lr=2.32e-06
[05:14:55 INFO] Epoch 49/50  iter 100/743  loss=0.1814  lr=2.24e-06
[05:15:08 INFO] Epoch 49/50  iter 150/743  loss=0.0288  lr=2.16e-06
[05:15:21 INFO] Epoch 49/50  iter 200/743  loss=0.0685  lr=2.08e-06
[05:15:35 INFO] Epoch 49/50  iter 250/743  loss=0.1106  lr=1.99e-06
[05:15:48 INFO] Epoch 49/50  iter 300/743  loss=0.0716  lr=1.91e-06
[05:16:01 INFO] Epoch 49/50  iter 350/743  loss=0.1585  lr=1.83e-06
[05:16:15 INFO] Epoch 49/50  iter 400/743  loss=0.0487  lr=1.75e-06
[05:16:28 INFO] Epoch 49/50  iter 450/743  loss=0.1023  lr=1.67e-06
[05:16:41 INFO] Epoch 49/50  iter 500/743  loss=0.1563  lr=1.59e-06
[05:16:55 INFO] Epoch 49/50  iter 550/743  loss=0.1198  lr=1.51e-06
[05:17:08 INFO] Epoch 49/50  iter 600/743  loss=0.2033  lr=1.43e-06
[05:17:22 INFO] Epoch 49/50  iter 650/743  loss=0.1224  lr=1.35e-06
[05:17:35 INFO] Epoch 49/50  iter 700/743  loss=0.1075  lr=1.27e-06
[05:17:46 INFO] Epoch 49 complete — avg_loss=0.1271  time=199s
[05:18:01 INFO] Epoch 50/50  iter 50/743  loss=0.0663  lr=1.12e-06
[05:18:14 INFO] Epoch 50/50  iter 100/743  loss=0.0880  lr=1.04e-06
[05:18:28 INFO] Epoch 50/50  iter 150/743  loss=0.1678  lr=9.56e-07
[05:18:41 INFO] Epoch 50/50  iter 200/743  loss=0.1590  lr=8.75e-07
[05:18:54 INFO] Epoch 50/50  iter 250/743  loss=0.1108  lr=7.95e-07
[05:19:08 INFO] Epoch 50/50  iter 300/743  loss=0.0940  lr=7.14e-07
[05:19:21 INFO] Epoch 50/50  iter 350/743  loss=0.1400  lr=6.33e-07
[05:19:35 INFO] Epoch 50/50  iter 400/743  loss=0.0615  lr=5.52e-07
[05:19:48 INFO] Epoch 50/50  iter 450/743  loss=0.0906  lr=4.72e-07
[05:20:01 INFO] Epoch 50/50  iter 500/743  loss=0.1168  lr=3.91e-07
[05:20:15 INFO] Epoch 50/50  iter 550/743  loss=0.3050  lr=3.10e-07
[05:20:28 INFO] Epoch 50/50  iter 600/743  loss=0.0674  lr=2.29e-07
[05:20:41 INFO] Epoch 50/50  iter 650/743  loss=0.1481  lr=1.49e-07
[05:20:55 INFO] Epoch 50/50  iter 700/743  loss=0.1369  lr=6.78e-08
[05:21:06 INFO] Epoch 50 complete — avg_loss=0.1257  time=199s
[05:23:05 INFO]   val mIoU = 0.7715
[05:23:06 INFO]   ★ New best val mIoU: 0.7715
[05:23:07 INFO] Training complete. Best val mIoU = 0.7715
