[21:28:28 INFO] Device: cuda
[21:28:30 INFO] Using fog cache: data/fog_cache/depthaware_b001
[21:28:30 INFO] fog_prob: 0.3
[21:28:32 INFO] Train: 2975 samples  |  Val: 500 samples
[21:28:46 INFO] Epoch 1/50  iter 50/743  loss=1.6873  lr=5.99e-05
[21:29:00 INFO] Epoch 1/50  iter 100/743  loss=0.9293  lr=5.98e-05
[21:29:13 INFO] Epoch 1/50  iter 150/743  loss=0.6640  lr=5.98e-05
[21:29:26 INFO] Epoch 1/50  iter 200/743  loss=0.5934  lr=5.97e-05
[21:29:40 INFO] Epoch 1/50  iter 250/743  loss=0.5091  lr=5.96e-05
[21:29:53 INFO] Epoch 1/50  iter 300/743  loss=0.3172  lr=5.95e-05
[21:30:06 INFO] Epoch 1/50  iter 350/743  loss=0.9303  lr=5.94e-05
[21:30:20 INFO] Epoch 1/50  iter 400/743  loss=0.4241  lr=5.94e-05
[21:30:33 INFO] Epoch 1/50  iter 450/743  loss=0.3955  lr=5.93e-05
[21:30:47 INFO] Epoch 1/50  iter 500/743  loss=0.2581  lr=5.92e-05
[21:31:00 INFO] Epoch 1/50  iter 550/743  loss=1.0669  lr=5.91e-05
[21:31:14 INFO] Epoch 1/50  iter 600/743  loss=0.2531  lr=5.90e-05
[21:31:27 INFO] Epoch 1/50  iter 650/743  loss=0.3471  lr=5.89e-05
[21:31:40 INFO] Epoch 1/50  iter 700/743  loss=0.4084  lr=5.89e-05
[21:31:52 INFO] Epoch 1 complete — avg_loss=0.6552  time=200s
[21:32:07 INFO] Epoch 2/50  iter 50/743  loss=0.1951  lr=5.87e-05
[21:32:20 INFO] Epoch 2/50  iter 100/743  loss=0.3659  lr=5.86e-05
[21:32:33 INFO] Epoch 2/50  iter 150/743  loss=0.2037  lr=5.86e-05
[21:32:47 INFO] Epoch 2/50  iter 200/743  loss=0.3752  lr=5.85e-05
[21:33:00 INFO] Epoch 2/50  iter 250/743  loss=0.2482  lr=5.84e-05
[21:33:13 INFO] Epoch 2/50  iter 300/743  loss=0.1976  lr=5.83e-05
[21:33:27 INFO] Epoch 2/50  iter 350/743  loss=0.2020  lr=5.82e-05
[21:33:40 INFO] Epoch 2/50  iter 400/743  loss=0.2012  lr=5.82e-05
[21:33:54 INFO] Epoch 2/50  iter 450/743  loss=0.4820  lr=5.81e-05
[21:34:07 INFO] Epoch 2/50  iter 500/743  loss=0.2942  lr=5.80e-05
[21:34:20 INFO] Epoch 2/50  iter 550/743  loss=0.3236  lr=5.79e-05
[21:34:34 INFO] Epoch 2/50  iter 600/743  loss=0.4515  lr=5.78e-05
[21:34:47 INFO] Epoch 2/50  iter 650/743  loss=0.1937  lr=5.77e-05
[21:35:00 INFO] Epoch 2/50  iter 700/743  loss=0.4589  lr=5.77e-05
[21:35:12 INFO] Epoch 2 complete — avg_loss=0.3436  time=199s
[21:35:26 INFO] Epoch 3/50  iter 50/743  loss=0.2924  lr=5.75e-05
[21:35:40 INFO] Epoch 3/50  iter 100/743  loss=0.2490  lr=5.74e-05
[21:35:53 INFO] Epoch 3/50  iter 150/743  loss=0.1988  lr=5.74e-05
[21:36:06 INFO] Epoch 3/50  iter 200/743  loss=0.2164  lr=5.73e-05
[21:36:20 INFO] Epoch 3/50  iter 250/743  loss=0.3858  lr=5.72e-05
[21:36:33 INFO] Epoch 3/50  iter 300/743  loss=1.0089  lr=5.71e-05
[21:36:46 INFO] Epoch 3/50  iter 350/743  loss=0.1287  lr=5.70e-05
[21:37:00 INFO] Epoch 3/50  iter 400/743  loss=0.5157  lr=5.70e-05
[21:37:13 INFO] Epoch 3/50  iter 450/743  loss=0.3860  lr=5.69e-05
[21:37:26 INFO] Epoch 3/50  iter 500/743  loss=0.1766  lr=5.68e-05
[21:37:40 INFO] Epoch 3/50  iter 550/743  loss=0.2429  lr=5.67e-05
[21:37:53 INFO] Epoch 3/50  iter 600/743  loss=0.2434  lr=5.66e-05
[21:38:06 INFO] Epoch 3/50  iter 650/743  loss=0.1873  lr=5.65e-05
[21:38:20 INFO] Epoch 3/50  iter 700/743  loss=0.1296  lr=5.65e-05
[21:38:31 INFO] Epoch 3 complete — avg_loss=0.2795  time=199s
[21:38:45 INFO] Epoch 4/50  iter 50/743  loss=0.1661  lr=5.63e-05
[21:38:59 INFO] Epoch 4/50  iter 100/743  loss=0.1865  lr=5.62e-05
[21:39:12 INFO] Epoch 4/50  iter 150/743  loss=0.6696  lr=5.62e-05
[21:39:25 INFO] Epoch 4/50  iter 200/743  loss=0.2250  lr=5.61e-05
[21:39:39 INFO] Epoch 4/50  iter 250/743  loss=0.2569  lr=5.60e-05
[21:39:52 INFO] Epoch 4/50  iter 300/743  loss=0.2044  lr=5.59e-05
[21:40:05 INFO] Epoch 4/50  iter 350/743  loss=0.0377  lr=5.58e-05
[21:40:19 INFO] Epoch 4/50  iter 400/743  loss=0.1055  lr=5.58e-05
[21:40:32 INFO] Epoch 4/50  iter 450/743  loss=0.0682  lr=5.57e-05
[21:40:45 INFO] Epoch 4/50  iter 500/743  loss=0.1737  lr=5.56e-05
[21:40:59 INFO] Epoch 4/50  iter 550/743  loss=0.2925  lr=5.55e-05
[21:41:12 INFO] Epoch 4/50  iter 600/743  loss=0.3226  lr=5.54e-05
[21:41:25 INFO] Epoch 4/50  iter 650/743  loss=0.2358  lr=5.53e-05
[21:41:39 INFO] Epoch 4/50  iter 700/743  loss=0.1510  lr=5.53e-05
[21:41:50 INFO] Epoch 4 complete — avg_loss=0.2648  time=199s
[21:42:05 INFO] Epoch 5/50  iter 50/743  loss=0.1212  lr=5.51e-05
[21:42:18 INFO] Epoch 5/50  iter 100/743  loss=0.1650  lr=5.50e-05
[21:42:31 INFO] Epoch 5/50  iter 150/743  loss=0.1791  lr=5.50e-05
[21:42:45 INFO] Epoch 5/50  iter 200/743  loss=0.1754  lr=5.49e-05
[21:42:58 INFO] Epoch 5/50  iter 250/743  loss=0.1858  lr=5.48e-05
[21:43:11 INFO] Epoch 5/50  iter 300/743  loss=1.1077  lr=5.47e-05
[21:43:25 INFO] Epoch 5/50  iter 350/743  loss=0.0565  lr=5.46e-05
[21:43:38 INFO] Epoch 5/50  iter 400/743  loss=0.2403  lr=5.46e-05
[21:43:51 INFO] Epoch 5/50  iter 450/743  loss=0.1676  lr=5.45e-05
[21:44:05 INFO] Epoch 5/50  iter 500/743  loss=0.3346  lr=5.44e-05
[21:44:18 INFO] Epoch 5/50  iter 550/743  loss=0.0784  lr=5.43e-05
[21:44:31 INFO] Epoch 5/50  iter 600/743  loss=0.0215  lr=5.42e-05
[21:44:45 INFO] Epoch 5/50  iter 650/743  loss=0.3584  lr=5.41e-05
[21:44:58 INFO] Epoch 5/50  iter 700/743  loss=0.1491  lr=5.41e-05
[21:45:09 INFO] Epoch 5 complete — avg_loss=0.2492  time=199s
[21:47:02 INFO]   val mIoU = 0.6357
[21:47:02 INFO]   ★ New best val mIoU: 0.6357
[21:47:17 INFO] Epoch 6/50  iter 50/743  loss=0.2657  lr=5.39e-05
[21:47:30 INFO] Epoch 6/50  iter 100/743  loss=0.0456  lr=5.38e-05
[21:47:43 INFO] Epoch 6/50  iter 150/743  loss=0.3009  lr=5.38e-05
[21:47:57 INFO] Epoch 6/50  iter 200/743  loss=0.1199  lr=5.37e-05
[21:48:10 INFO] Epoch 6/50  iter 250/743  loss=0.2838  lr=5.36e-05
[21:48:23 INFO] Epoch 6/50  iter 300/743  loss=0.2292  lr=5.35e-05
[21:48:37 INFO] Epoch 6/50  iter 350/743  loss=0.1069  lr=5.34e-05
[21:48:50 INFO] Epoch 6/50  iter 400/743  loss=0.1102  lr=5.34e-05
[21:49:03 INFO] Epoch 6/50  iter 450/743  loss=0.2044  lr=5.33e-05
[21:49:17 INFO] Epoch 6/50  iter 500/743  loss=0.1993  lr=5.32e-05
[21:49:30 INFO] Epoch 6/50  iter 550/743  loss=0.2542  lr=5.31e-05
[21:49:43 INFO] Epoch 6/50  iter 600/743  loss=0.1637  lr=5.30e-05
[21:49:57 INFO] Epoch 6/50  iter 650/743  loss=0.6170  lr=5.29e-05
[21:50:10 INFO] Epoch 6/50  iter 700/743  loss=0.2757  lr=5.29e-05
[21:50:22 INFO] Epoch 6 complete — avg_loss=0.2294  time=199s
[21:50:36 INFO] Epoch 7/50  iter 50/743  loss=0.1857  lr=5.27e-05
[21:50:49 INFO] Epoch 7/50  iter 100/743  loss=0.1181  lr=5.26e-05
[21:51:03 INFO] Epoch 7/50  iter 150/743  loss=0.2531  lr=5.26e-05
[21:51:16 INFO] Epoch 7/50  iter 200/743  loss=0.5993  lr=5.25e-05
[21:51:29 INFO] Epoch 7/50  iter 250/743  loss=0.2474  lr=5.24e-05
[21:51:43 INFO] Epoch 7/50  iter 300/743  loss=0.1408  lr=5.23e-05
[21:51:56 INFO] Epoch 7/50  iter 350/743  loss=0.2042  lr=5.22e-05
[21:52:10 INFO] Epoch 7/50  iter 400/743  loss=0.1189  lr=5.22e-05
[21:52:23 INFO] Epoch 7/50  iter 450/743  loss=0.8315  lr=5.21e-05
[21:52:36 INFO] Epoch 7/50  iter 500/743  loss=0.3408  lr=5.20e-05
[21:52:50 INFO] Epoch 7/50  iter 550/743  loss=0.2072  lr=5.19e-05
[21:53:03 INFO] Epoch 7/50  iter 600/743  loss=0.4485  lr=5.18e-05
[21:53:16 INFO] Epoch 7/50  iter 650/743  loss=0.0259  lr=5.17e-05
[21:53:30 INFO] Epoch 7/50  iter 700/743  loss=0.2126  lr=5.17e-05
[21:53:41 INFO] Epoch 7 complete — avg_loss=0.2206  time=199s
[21:53:56 INFO] Epoch 8/50  iter 50/743  loss=0.1651  lr=5.15e-05
[21:54:09 INFO] Epoch 8/50  iter 100/743  loss=0.2689  lr=5.14e-05
[21:54:22 INFO] Epoch 8/50  iter 150/743  loss=0.0952  lr=5.14e-05
[21:54:36 INFO] Epoch 8/50  iter 200/743  loss=0.1532  lr=5.13e-05
[21:54:49 INFO] Epoch 8/50  iter 250/743  loss=0.2220  lr=5.12e-05
[21:55:03 INFO] Epoch 8/50  iter 300/743  loss=0.2449  lr=5.11e-05
[21:55:16 INFO] Epoch 8/50  iter 350/743  loss=0.1979  lr=5.10e-05
[21:55:30 INFO] Epoch 8/50  iter 400/743  loss=0.3050  lr=5.10e-05
[21:55:43 INFO] Epoch 8/50  iter 450/743  loss=0.1381  lr=5.09e-05
[21:55:56 INFO] Epoch 8/50  iter 500/743  loss=0.1413  lr=5.08e-05
[21:56:10 INFO] Epoch 8/50  iter 550/743  loss=0.2097  lr=5.07e-05
[21:56:23 INFO] Epoch 8/50  iter 600/743  loss=0.0553  lr=5.06e-05
[21:56:37 INFO] Epoch 8/50  iter 650/743  loss=0.1863  lr=5.05e-05
[21:56:50 INFO] Epoch 8/50  iter 700/743  loss=0.0556  lr=5.05e-05
[21:57:02 INFO] Epoch 8 complete — avg_loss=0.2163  time=200s
[21:57:16 INFO] Epoch 9/50  iter 50/743  loss=0.2176  lr=5.03e-05
[21:57:30 INFO] Epoch 9/50  iter 100/743  loss=0.1103  lr=5.02e-05
[21:57:43 INFO] Epoch 9/50  iter 150/743  loss=0.1482  lr=5.02e-05
[21:57:56 INFO] Epoch 9/50  iter 200/743  loss=0.3036  lr=5.01e-05
[21:58:10 INFO] Epoch 9/50  iter 250/743  loss=0.2475  lr=5.00e-05
[21:58:23 INFO] Epoch 9/50  iter 300/743  loss=0.0878  lr=4.99e-05
[21:58:36 INFO] Epoch 9/50  iter 350/743  loss=0.1688  lr=4.98e-05
[21:58:50 INFO] Epoch 9/50  iter 400/743  loss=0.0950  lr=4.98e-05
[21:59:03 INFO] Epoch 9/50  iter 450/743  loss=0.1640  lr=4.97e-05
[21:59:17 INFO] Epoch 9/50  iter 500/743  loss=0.1967  lr=4.96e-05
[21:59:30 INFO] Epoch 9/50  iter 550/743  loss=0.1738  lr=4.95e-05
[21:59:43 INFO] Epoch 9/50  iter 600/743  loss=0.3090  lr=4.94e-05
[21:59:57 INFO] Epoch 9/50  iter 650/743  loss=0.1871  lr=4.93e-05
[22:00:10 INFO] Epoch 9/50  iter 700/743  loss=0.2347  lr=4.93e-05
[22:00:22 INFO] Epoch 9 complete — avg_loss=0.2060  time=200s
[22:00:36 INFO] Epoch 10/50  iter 50/743  loss=0.2147  lr=4.91e-05
[22:00:50 INFO] Epoch 10/50  iter 100/743  loss=0.1912  lr=4.90e-05
[22:01:03 INFO] Epoch 10/50  iter 150/743  loss=0.1387  lr=4.90e-05
[22:01:17 INFO] Epoch 10/50  iter 200/743  loss=0.0982  lr=4.89e-05
[22:01:30 INFO] Epoch 10/50  iter 250/743  loss=0.1240  lr=4.88e-05
[22:01:43 INFO] Epoch 10/50  iter 300/743  loss=0.0732  lr=4.87e-05
[22:01:57 INFO] Epoch 10/50  iter 350/743  loss=0.1849  lr=4.86e-05
[22:02:10 INFO] Epoch 10/50  iter 400/743  loss=0.2502  lr=4.86e-05
[22:02:24 INFO] Epoch 10/50  iter 450/743  loss=0.2120  lr=4.85e-05
[22:02:37 INFO] Epoch 10/50  iter 500/743  loss=0.1608  lr=4.84e-05
[22:02:50 INFO] Epoch 10/50  iter 550/743  loss=0.2920  lr=4.83e-05
[22:03:04 INFO] Epoch 10/50  iter 600/743  loss=0.2638  lr=4.82e-05
[22:03:17 INFO] Epoch 10/50  iter 650/743  loss=0.2514  lr=4.81e-05
[22:03:31 INFO] Epoch 10/50  iter 700/743  loss=0.1161  lr=4.81e-05
[22:03:42 INFO] Epoch 10 complete — avg_loss=0.2037  time=200s
[22:05:43 INFO]   val mIoU = 0.6908
[22:05:44 INFO]   ★ New best val mIoU: 0.6908
[22:05:58 INFO] Epoch 11/50  iter 50/743  loss=0.1366  lr=4.79e-05
[22:06:12 INFO] Epoch 11/50  iter 100/743  loss=0.6881  lr=4.78e-05
[22:06:25 INFO] Epoch 11/50  iter 150/743  loss=0.2379  lr=4.78e-05
[22:06:38 INFO] Epoch 11/50  iter 200/743  loss=0.2385  lr=4.77e-05
[22:06:52 INFO] Epoch 11/50  iter 250/743  loss=0.1624  lr=4.76e-05
[22:07:05 INFO] Epoch 11/50  iter 300/743  loss=0.1883  lr=4.75e-05
[22:07:19 INFO] Epoch 11/50  iter 350/743  loss=0.1606  lr=4.74e-05
[22:07:32 INFO] Epoch 11/50  iter 400/743  loss=0.1440  lr=4.74e-05
[22:07:46 INFO] Epoch 11/50  iter 450/743  loss=0.1946  lr=4.73e-05
[22:07:59 INFO] Epoch 11/50  iter 500/743  loss=0.0859  lr=4.72e-05
[22:08:13 INFO] Epoch 11/50  iter 550/743  loss=0.1272  lr=4.71e-05
[22:08:26 INFO] Epoch 11/50  iter 600/743  loss=0.0872  lr=4.70e-05
[22:08:39 INFO] Epoch 11/50  iter 650/743  loss=0.1528  lr=4.69e-05
[22:08:53 INFO] Epoch 11/50  iter 700/743  loss=0.2374  lr=4.69e-05
[22:09:04 INFO] Epoch 11 complete — avg_loss=0.1890  time=200s
[22:09:19 INFO] Epoch 12/50  iter 50/743  loss=0.1003  lr=4.67e-05
[22:09:32 INFO] Epoch 12/50  iter 100/743  loss=0.2594  lr=4.66e-05
[22:09:46 INFO] Epoch 12/50  iter 150/743  loss=0.1263  lr=4.66e-05
[22:09:59 INFO] Epoch 12/50  iter 200/743  loss=0.1114  lr=4.65e-05
[22:10:13 INFO] Epoch 12/50  iter 250/743  loss=0.1802  lr=4.64e-05
[22:10:26 INFO] Epoch 12/50  iter 300/743  loss=0.0858  lr=4.63e-05
[22:10:40 INFO] Epoch 12/50  iter 350/743  loss=0.2577  lr=4.62e-05
[22:10:53 INFO] Epoch 12/50  iter 400/743  loss=0.0955  lr=4.62e-05
[22:11:07 INFO] Epoch 12/50  iter 450/743  loss=0.1206  lr=4.61e-05
[22:11:20 INFO] Epoch 12/50  iter 500/743  loss=0.0689  lr=4.60e-05
[22:11:33 INFO] Epoch 12/50  iter 550/743  loss=0.1861  lr=4.59e-05
[22:11:47 INFO] Epoch 12/50  iter 600/743  loss=0.1210  lr=4.58e-05
[22:12:00 INFO] Epoch 12/50  iter 650/743  loss=0.2432  lr=4.57e-05
[22:12:14 INFO] Epoch 12/50  iter 700/743  loss=0.1585  lr=4.57e-05
[22:12:25 INFO] Epoch 12 complete — avg_loss=0.1836  time=200s
[22:12:40 INFO] Epoch 13/50  iter 50/743  loss=0.0677  lr=4.55e-05
[22:12:53 INFO] Epoch 13/50  iter 100/743  loss=0.1592  lr=4.54e-05
[22:13:07 INFO] Epoch 13/50  iter 150/743  loss=0.0811  lr=4.54e-05
[22:13:20 INFO] Epoch 13/50  iter 200/743  loss=0.3267  lr=4.53e-05
[22:13:34 INFO] Epoch 13/50  iter 250/743  loss=0.2343  lr=4.52e-05
[22:13:47 INFO] Epoch 13/50  iter 300/743  loss=0.2100  lr=4.51e-05
[22:14:00 INFO] Epoch 13/50  iter 350/743  loss=0.1108  lr=4.50e-05
[22:14:14 INFO] Epoch 13/50  iter 400/743  loss=0.2739  lr=4.50e-05
[22:14:27 INFO] Epoch 13/50  iter 450/743  loss=0.0487  lr=4.49e-05
[22:14:41 INFO] Epoch 13/50  iter 500/743  loss=0.3138  lr=4.48e-05
[22:14:54 INFO] Epoch 13/50  iter 550/743  loss=0.1212  lr=4.47e-05
[22:15:08 INFO] Epoch 13/50  iter 600/743  loss=0.1925  lr=4.46e-05
[22:15:21 INFO] Epoch 13/50  iter 650/743  loss=0.1207  lr=4.45e-05
[22:15:35 INFO] Epoch 13/50  iter 700/743  loss=0.1562  lr=4.45e-05
[22:15:46 INFO] Epoch 13 complete — avg_loss=0.1800  time=200s
[22:16:01 INFO] Epoch 14/50  iter 50/743  loss=0.1755  lr=4.43e-05
[22:16:14 INFO] Epoch 14/50  iter 100/743  loss=0.1451  lr=4.42e-05
[22:16:28 INFO] Epoch 14/50  iter 150/743  loss=0.1756  lr=4.42e-05
[22:16:41 INFO] Epoch 14/50  iter 200/743  loss=0.0946  lr=4.41e-05
[22:16:55 INFO] Epoch 14/50  iter 250/743  loss=0.1649  lr=4.40e-05
[22:17:08 INFO] Epoch 14/50  iter 300/743  loss=0.2137  lr=4.39e-05
[22:17:21 INFO] Epoch 14/50  iter 350/743  loss=0.1454  lr=4.38e-05
[22:17:35 INFO] Epoch 14/50  iter 400/743  loss=0.0733  lr=4.38e-05
[22:17:48 INFO] Epoch 14/50  iter 450/743  loss=0.1746  lr=4.37e-05
[22:18:02 INFO] Epoch 14/50  iter 500/743  loss=0.1202  lr=4.36e-05
[22:18:15 INFO] Epoch 14/50  iter 550/743  loss=0.0345  lr=4.35e-05
[22:18:29 INFO] Epoch 14/50  iter 600/743  loss=0.1229  lr=4.34e-05
[22:18:42 INFO] Epoch 14/50  iter 650/743  loss=0.1464  lr=4.33e-05
[22:18:55 INFO] Epoch 14/50  iter 700/743  loss=0.1778  lr=4.33e-05
[22:19:07 INFO] Epoch 14 complete — avg_loss=0.1810  time=200s
[22:19:22 INFO] Epoch 15/50  iter 50/743  loss=0.1482  lr=4.31e-05
[22:19:35 INFO] Epoch 15/50  iter 100/743  loss=0.1208  lr=4.30e-05
[22:19:49 INFO] Epoch 15/50  iter 150/743  loss=0.1680  lr=4.30e-05
[22:20:02 INFO] Epoch 15/50  iter 200/743  loss=0.1596  lr=4.29e-05
[22:20:15 INFO] Epoch 15/50  iter 250/743  loss=0.1142  lr=4.28e-05
[22:20:29 INFO] Epoch 15/50  iter 300/743  loss=0.2092  lr=4.27e-05
[22:20:42 INFO] Epoch 15/50  iter 350/743  loss=0.2152  lr=4.26e-05
[22:20:56 INFO] Epoch 15/50  iter 400/743  loss=0.2092  lr=4.26e-05
[22:21:09 INFO] Epoch 15/50  iter 450/743  loss=0.1494  lr=4.25e-05
[22:21:23 INFO] Epoch 15/50  iter 500/743  loss=0.1678  lr=4.24e-05
[22:21:36 INFO] Epoch 15/50  iter 550/743  loss=0.0841  lr=4.23e-05
[22:21:49 INFO] Epoch 15/50  iter 600/743  loss=0.1776  lr=4.22e-05
[22:22:03 INFO] Epoch 15/50  iter 650/743  loss=0.1819  lr=4.21e-05
[22:22:16 INFO] Epoch 15/50  iter 700/743  loss=0.1428  lr=4.21e-05
[22:22:28 INFO] Epoch 15 complete — avg_loss=0.1734  time=200s
[22:24:26 INFO]   val mIoU = 0.7300
[22:24:27 INFO]   ★ New best val mIoU: 0.7300
[22:24:41 INFO] Epoch 16/50  iter 50/743  loss=0.1991  lr=4.19e-05
[22:24:55 INFO] Epoch 16/50  iter 100/743  loss=0.1430  lr=4.18e-05
[22:25:08 INFO] Epoch 16/50  iter 150/743  loss=0.1234  lr=4.18e-05
[22:25:21 INFO] Epoch 16/50  iter 200/743  loss=0.0943  lr=4.17e-05
[22:25:35 INFO] Epoch 16/50  iter 250/743  loss=0.2410  lr=4.16e-05
[22:25:48 INFO] Epoch 16/50  iter 300/743  loss=0.1605  lr=4.15e-05
[22:26:02 INFO] Epoch 16/50  iter 350/743  loss=0.1311  lr=4.14e-05
[22:26:15 INFO] Epoch 16/50  iter 400/743  loss=0.0992  lr=4.14e-05
[22:26:29 INFO] Epoch 16/50  iter 450/743  loss=0.2339  lr=4.13e-05
[22:26:42 INFO] Epoch 16/50  iter 500/743  loss=0.1363  lr=4.12e-05
[22:26:55 INFO] Epoch 16/50  iter 550/743  loss=0.1212  lr=4.11e-05
[22:27:11 INFO] Epoch 16/50  iter 600/743  loss=0.1637  lr=4.10e-05
[22:27:26 INFO] Epoch 16/50  iter 650/743  loss=0.1615  lr=4.09e-05
[22:27:41 INFO] Epoch 16/50  iter 700/743  loss=0.0541  lr=4.09e-05
[22:27:54 INFO] Epoch 16 complete — avg_loss=0.1701  time=207s
[22:28:11 INFO] Epoch 17/50  iter 50/743  loss=0.0645  lr=4.07e-05
[22:28:26 INFO] Epoch 17/50  iter 100/743  loss=0.1572  lr=4.06e-05
[22:28:41 INFO] Epoch 17/50  iter 150/743  loss=0.2046  lr=4.06e-05
[22:28:56 INFO] Epoch 17/50  iter 200/743  loss=0.0891  lr=4.05e-05
[22:29:11 INFO] Epoch 17/50  iter 250/743  loss=0.1844  lr=4.04e-05
[22:29:27 INFO] Epoch 17/50  iter 300/743  loss=0.1515  lr=4.03e-05
[22:29:42 INFO] Epoch 17/50  iter 350/743  loss=0.1021  lr=4.02e-05
[22:29:57 INFO] Epoch 17/50  iter 400/743  loss=0.0832  lr=4.02e-05
[22:30:12 INFO] Epoch 17/50  iter 450/743  loss=0.2051  lr=4.01e-05
[22:30:28 INFO] Epoch 17/50  iter 500/743  loss=0.1396  lr=4.00e-05
[22:30:43 INFO] Epoch 17/50  iter 550/743  loss=0.2303  lr=3.99e-05
[22:30:58 INFO] Epoch 17/50  iter 600/743  loss=0.0877  lr=3.98e-05
[22:31:13 INFO] Epoch 17/50  iter 650/743  loss=0.1558  lr=3.97e-05
[22:31:28 INFO] Epoch 17/50  iter 700/743  loss=0.1047  lr=3.97e-05
[22:31:42 INFO] Epoch 17 complete — avg_loss=0.1683  time=227s
[22:31:57 INFO] Epoch 18/50  iter 50/743  loss=0.1616  lr=3.95e-05
[22:32:11 INFO] Epoch 18/50  iter 100/743  loss=0.1756  lr=3.94e-05
[22:32:24 INFO] Epoch 18/50  iter 150/743  loss=0.1360  lr=3.94e-05
[22:32:37 INFO] Epoch 18/50  iter 200/743  loss=0.1135  lr=3.93e-05
[22:32:51 INFO] Epoch 18/50  iter 250/743  loss=0.1064  lr=3.92e-05
[22:33:04 INFO] Epoch 18/50  iter 300/743  loss=0.2375  lr=3.91e-05
[22:33:18 INFO] Epoch 18/50  iter 350/743  loss=0.7077  lr=3.90e-05
[22:33:31 INFO] Epoch 18/50  iter 400/743  loss=0.1450  lr=3.90e-05
[22:33:45 INFO] Epoch 18/50  iter 450/743  loss=0.3228  lr=3.89e-05
[22:33:58 INFO] Epoch 18/50  iter 500/743  loss=0.1031  lr=3.88e-05
[22:34:11 INFO] Epoch 18/50  iter 550/743  loss=0.1234  lr=3.87e-05
[22:34:25 INFO] Epoch 18/50  iter 600/743  loss=1.1865  lr=3.86e-05
[22:34:38 INFO] Epoch 18/50  iter 650/743  loss=0.1780  lr=3.85e-05
[22:34:52 INFO] Epoch 18/50  iter 700/743  loss=0.1053  lr=3.85e-05
[22:35:03 INFO] Epoch 18 complete — avg_loss=0.1653  time=201s
[22:35:18 INFO] Epoch 19/50  iter 50/743  loss=0.1135  lr=3.83e-05
[22:35:31 INFO] Epoch 19/50  iter 100/743  loss=0.1796  lr=3.82e-05
[22:35:45 INFO] Epoch 19/50  iter 150/743  loss=0.2339  lr=3.82e-05
[22:35:58 INFO] Epoch 19/50  iter 200/743  loss=0.1842  lr=3.81e-05
[22:36:12 INFO] Epoch 19/50  iter 250/743  loss=0.0901  lr=3.80e-05
[22:36:25 INFO] Epoch 19/50  iter 300/743  loss=0.1483  lr=3.79e-05
[22:36:38 INFO] Epoch 19/50  iter 350/743  loss=0.2249  lr=3.78e-05
[22:36:52 INFO] Epoch 19/50  iter 400/743  loss=0.2645  lr=3.78e-05
[22:37:05 INFO] Epoch 19/50  iter 450/743  loss=0.1395  lr=3.77e-05
[22:37:19 INFO] Epoch 19/50  iter 500/743  loss=0.0821  lr=3.76e-05
[22:37:32 INFO] Epoch 19/50  iter 550/743  loss=0.1108  lr=3.75e-05
[22:37:45 INFO] Epoch 19/50  iter 600/743  loss=0.1325  lr=3.74e-05
[22:37:59 INFO] Epoch 19/50  iter 650/743  loss=0.1733  lr=3.73e-05
[22:38:12 INFO] Epoch 19/50  iter 700/743  loss=0.1399  lr=3.73e-05
[22:38:24 INFO] Epoch 19 complete — avg_loss=0.1626  time=200s
[22:38:38 INFO] Epoch 20/50  iter 50/743  loss=0.1374  lr=3.71e-05
[22:38:52 INFO] Epoch 20/50  iter 100/743  loss=0.0772  lr=3.70e-05
[22:39:05 INFO] Epoch 20/50  iter 150/743  loss=0.0704  lr=3.70e-05
[22:39:19 INFO] Epoch 20/50  iter 200/743  loss=0.1307  lr=3.69e-05
[22:39:32 INFO] Epoch 20/50  iter 250/743  loss=0.1298  lr=3.68e-05
[22:39:45 INFO] Epoch 20/50  iter 300/743  loss=0.0691  lr=3.67e-05
[22:39:59 INFO] Epoch 20/50  iter 350/743  loss=0.1721  lr=3.66e-05
[22:40:12 INFO] Epoch 20/50  iter 400/743  loss=0.1043  lr=3.66e-05
[22:40:26 INFO] Epoch 20/50  iter 450/743  loss=0.1613  lr=3.65e-05
[22:40:39 INFO] Epoch 20/50  iter 500/743  loss=0.1366  lr=3.64e-05
[22:40:53 INFO] Epoch 20/50  iter 550/743  loss=0.1592  lr=3.63e-05
[22:41:06 INFO] Epoch 20/50  iter 600/743  loss=0.0919  lr=3.62e-05
[22:41:19 INFO] Epoch 20/50  iter 650/743  loss=0.1243  lr=3.61e-05
[22:41:33 INFO] Epoch 20/50  iter 700/743  loss=0.1755  lr=3.61e-05
[22:41:44 INFO] Epoch 20 complete — avg_loss=0.1554  time=200s
[22:43:42 INFO]   val mIoU = 0.7341
[22:43:43 INFO]   ★ New best val mIoU: 0.7341
[22:43:57 INFO] Epoch 21/50  iter 50/743  loss=0.0991  lr=3.59e-05
[22:44:11 INFO] Epoch 21/50  iter 100/743  loss=0.0850  lr=3.58e-05
[22:44:24 INFO] Epoch 21/50  iter 150/743  loss=0.4388  lr=3.58e-05
[22:44:37 INFO] Epoch 21/50  iter 200/743  loss=0.1439  lr=3.57e-05
[22:44:51 INFO] Epoch 21/50  iter 250/743  loss=0.1594  lr=3.56e-05
[22:45:04 INFO] Epoch 21/50  iter 300/743  loss=0.1162  lr=3.55e-05
[22:45:18 INFO] Epoch 21/50  iter 350/743  loss=0.0737  lr=3.54e-05
[22:45:31 INFO] Epoch 21/50  iter 400/743  loss=0.1066  lr=3.54e-05
[22:45:44 INFO] Epoch 21/50  iter 450/743  loss=0.2241  lr=3.53e-05
[22:45:58 INFO] Epoch 21/50  iter 500/743  loss=0.2840  lr=3.52e-05
[22:46:11 INFO] Epoch 21/50  iter 550/743  loss=0.0852  lr=3.51e-05
[22:46:25 INFO] Epoch 21/50  iter 600/743  loss=0.1220  lr=3.50e-05
[22:46:38 INFO] Epoch 21/50  iter 650/743  loss=0.2773  lr=3.49e-05
[22:46:51 INFO] Epoch 21/50  iter 700/743  loss=0.0899  lr=3.49e-05
[22:47:03 INFO] Epoch 21 complete — avg_loss=0.1549  time=200s
[22:47:27 INFO] Epoch 22/50  iter 50/743  loss=0.1631  lr=3.47e-05
[22:47:50 INFO] Epoch 22/50  iter 100/743  loss=0.0532  lr=3.46e-05
[22:48:12 INFO] Epoch 22/50  iter 150/743  loss=0.2120  lr=3.46e-05
[22:48:31 INFO] Epoch 22/50  iter 200/743  loss=0.0697  lr=3.45e-05
[22:48:44 INFO] Epoch 22/50  iter 250/743  loss=0.1227  lr=3.44e-05
[22:48:58 INFO] Epoch 22/50  iter 300/743  loss=0.1213  lr=3.43e-05
[22:49:11 INFO] Epoch 22/50  iter 350/743  loss=0.0476  lr=3.42e-05
[22:49:25 INFO] Epoch 22/50  iter 400/743  loss=0.2266  lr=3.42e-05
[22:49:38 INFO] Epoch 22/50  iter 450/743  loss=0.2856  lr=3.41e-05
[22:49:52 INFO] Epoch 22/50  iter 500/743  loss=0.1694  lr=3.40e-05
[22:50:05 INFO] Epoch 22/50  iter 550/743  loss=0.1726  lr=3.39e-05
[22:50:18 INFO] Epoch 22/50  iter 600/743  loss=0.1139  lr=3.38e-05
[22:50:32 INFO] Epoch 22/50  iter 650/743  loss=0.1907  lr=3.37e-05
[22:50:45 INFO] Epoch 22/50  iter 700/743  loss=0.1664  lr=3.37e-05
[22:50:57 INFO] Epoch 22 complete — avg_loss=0.1480  time=233s
[22:51:11 INFO] Epoch 23/50  iter 50/743  loss=0.0953  lr=3.35e-05
[22:51:25 INFO] Epoch 23/50  iter 100/743  loss=0.9542  lr=3.34e-05
[22:51:38 INFO] Epoch 23/50  iter 150/743  loss=0.2517  lr=3.34e-05
[22:51:52 INFO] Epoch 23/50  iter 200/743  loss=0.1011  lr=3.33e-05
[22:52:05 INFO] Epoch 23/50  iter 250/743  loss=0.1360  lr=3.32e-05
[22:52:19 INFO] Epoch 23/50  iter 300/743  loss=0.4071  lr=3.31e-05
[22:52:32 INFO] Epoch 23/50  iter 350/743  loss=0.1539  lr=3.30e-05
[22:52:45 INFO] Epoch 23/50  iter 400/743  loss=0.1378  lr=3.30e-05
[22:52:59 INFO] Epoch 23/50  iter 450/743  loss=0.1413  lr=3.29e-05
[22:53:12 INFO] Epoch 23/50  iter 500/743  loss=0.1482  lr=3.28e-05
[22:53:26 INFO] Epoch 23/50  iter 550/743  loss=0.0827  lr=3.27e-05
[22:53:39 INFO] Epoch 23/50  iter 600/743  loss=0.1732  lr=3.26e-05
[22:53:52 INFO] Epoch 23/50  iter 650/743  loss=0.1294  lr=3.25e-05
[22:54:06 INFO] Epoch 23/50  iter 700/743  loss=0.1269  lr=3.25e-05
[22:54:17 INFO] Epoch 23 complete — avg_loss=0.1533  time=200s
[22:54:32 INFO] Epoch 24/50  iter 50/743  loss=0.1056  lr=3.23e-05
[22:54:45 INFO] Epoch 24/50  iter 100/743  loss=0.0952  lr=3.22e-05
[22:54:59 INFO] Epoch 24/50  iter 150/743  loss=0.2034  lr=3.22e-05
[22:55:14 INFO] Epoch 24/50  iter 200/743  loss=0.1031  lr=3.21e-05
[22:55:29 INFO] Epoch 24/50  iter 250/743  loss=0.1053  lr=3.20e-05
[22:55:44 INFO] Epoch 24/50  iter 300/743  loss=0.1218  lr=3.19e-05
[22:55:59 INFO] Epoch 24/50  iter 350/743  loss=0.0799  lr=3.18e-05
[22:56:15 INFO] Epoch 24/50  iter 400/743  loss=0.1161  lr=3.18e-05
[22:56:29 INFO] Epoch 24/50  iter 450/743  loss=0.0692  lr=3.17e-05
[22:56:45 INFO] Epoch 24/50  iter 500/743  loss=0.2427  lr=3.16e-05
[22:57:00 INFO] Epoch 24/50  iter 550/743  loss=0.6427  lr=3.15e-05
[22:57:15 INFO] Epoch 24/50  iter 600/743  loss=0.2964  lr=3.14e-05
[22:57:30 INFO] Epoch 24/50  iter 650/743  loss=0.0742  lr=3.13e-05
[22:57:45 INFO] Epoch 24/50  iter 700/743  loss=0.1560  lr=3.13e-05
[22:57:58 INFO] Epoch 24 complete — avg_loss=0.1508  time=220s
[22:58:14 INFO] Epoch 25/50  iter 50/743  loss=0.1552  lr=3.11e-05
[22:58:29 INFO] Epoch 25/50  iter 100/743  loss=0.0480  lr=3.10e-05
[22:58:44 INFO] Epoch 25/50  iter 150/743  loss=0.1567  lr=3.10e-05
[22:58:59 INFO] Epoch 25/50  iter 200/743  loss=0.1523  lr=3.09e-05
[22:59:14 INFO] Epoch 25/50  iter 250/743  loss=0.1045  lr=3.08e-05
[22:59:29 INFO] Epoch 25/50  iter 300/743  loss=0.1411  lr=3.07e-05
[22:59:44 INFO] Epoch 25/50  iter 350/743  loss=0.4139  lr=3.06e-05
[22:59:59 INFO] Epoch 25/50  iter 400/743  loss=0.0974  lr=3.06e-05
[23:00:15 INFO] Epoch 25/50  iter 450/743  loss=0.1136  lr=3.05e-05
[23:00:30 INFO] Epoch 25/50  iter 500/743  loss=0.0324  lr=3.04e-05
[23:00:45 INFO] Epoch 25/50  iter 550/743  loss=0.1364  lr=3.03e-05
[23:01:00 INFO] Epoch 25/50  iter 600/743  loss=0.1516  lr=3.02e-05
[23:01:15 INFO] Epoch 25/50  iter 650/743  loss=0.3675  lr=3.01e-05
[23:01:30 INFO] Epoch 25/50  iter 700/743  loss=0.1113  lr=3.01e-05
[23:01:43 INFO] Epoch 25 complete — avg_loss=0.1484  time=224s
[23:03:52 INFO]   val mIoU = 0.7483
[23:03:53 INFO]   ★ New best val mIoU: 0.7483
[23:04:09 INFO] Epoch 26/50  iter 50/743  loss=0.1294  lr=2.99e-05
[23:04:24 INFO] Epoch 26/50  iter 100/743  loss=0.0837  lr=2.98e-05
[23:04:39 INFO] Epoch 26/50  iter 150/743  loss=0.1366  lr=2.98e-05
[23:04:54 INFO] Epoch 26/50  iter 200/743  loss=0.1829  lr=2.97e-05
[23:05:09 INFO] Epoch 26/50  iter 250/743  loss=0.2194  lr=2.96e-05
[23:05:24 INFO] Epoch 26/50  iter 300/743  loss=0.1523  lr=2.95e-05
[23:05:39 INFO] Epoch 26/50  iter 350/743  loss=0.1840  lr=2.94e-05
[23:05:54 INFO] Epoch 26/50  iter 400/743  loss=0.1473  lr=2.94e-05
[23:06:09 INFO] Epoch 26/50  iter 450/743  loss=0.1786  lr=2.93e-05
[23:06:24 INFO] Epoch 26/50  iter 500/743  loss=0.2290  lr=2.92e-05
[23:06:39 INFO] Epoch 26/50  iter 550/743  loss=0.1484  lr=2.91e-05
[23:06:54 INFO] Epoch 26/50  iter 600/743  loss=0.1413  lr=2.90e-05
[23:07:09 INFO] Epoch 26/50  iter 650/743  loss=0.1314  lr=2.89e-05
[23:07:23 INFO] Epoch 26/50  iter 700/743  loss=0.1903  lr=2.89e-05
[23:07:35 INFO] Epoch 26 complete — avg_loss=0.1569  time=221s
[23:07:49 INFO] Epoch 27/50  iter 50/743  loss=0.1208  lr=2.87e-05
[23:08:03 INFO] Epoch 27/50  iter 100/743  loss=0.1479  lr=2.86e-05
[23:08:16 INFO] Epoch 27/50  iter 150/743  loss=0.1455  lr=2.86e-05
[23:08:30 INFO] Epoch 27/50  iter 200/743  loss=0.0896  lr=2.85e-05
[23:08:43 INFO] Epoch 27/50  iter 250/743  loss=0.1206  lr=2.84e-05
[23:08:56 INFO] Epoch 27/50  iter 300/743  loss=0.2716  lr=2.83e-05
[23:09:10 INFO] Epoch 27/50  iter 350/743  loss=0.1648  lr=2.82e-05
[23:09:23 INFO] Epoch 27/50  iter 400/743  loss=0.2143  lr=2.82e-05
[23:09:36 INFO] Epoch 27/50  iter 450/743  loss=0.0646  lr=2.81e-05
[23:09:50 INFO] Epoch 27/50  iter 500/743  loss=0.2224  lr=2.80e-05
[23:10:03 INFO] Epoch 27/50  iter 550/743  loss=0.1730  lr=2.79e-05
[23:10:17 INFO] Epoch 27/50  iter 600/743  loss=0.1073  lr=2.78e-05
[23:10:30 INFO] Epoch 27/50  iter 650/743  loss=0.4688  lr=2.77e-05
[23:10:44 INFO] Epoch 27/50  iter 700/743  loss=0.1144  lr=2.77e-05
[23:10:55 INFO] Epoch 27 complete — avg_loss=0.1436  time=200s
[23:11:10 INFO] Epoch 28/50  iter 50/743  loss=0.1256  lr=2.75e-05
[23:11:23 INFO] Epoch 28/50  iter 100/743  loss=0.1323  lr=2.74e-05
[23:11:36 INFO] Epoch 28/50  iter 150/743  loss=0.1167  lr=2.74e-05
[23:11:50 INFO] Epoch 28/50  iter 200/743  loss=0.1360  lr=2.73e-05
[23:12:03 INFO] Epoch 28/50  iter 250/743  loss=0.1222  lr=2.72e-05
[23:12:17 INFO] Epoch 28/50  iter 300/743  loss=0.2140  lr=2.71e-05
[23:12:30 INFO] Epoch 28/50  iter 350/743  loss=0.1463  lr=2.70e-05
[23:12:43 INFO] Epoch 28/50  iter 400/743  loss=0.1025  lr=2.70e-05
[23:12:57 INFO] Epoch 28/50  iter 450/743  loss=0.1036  lr=2.69e-05
[23:13:10 INFO] Epoch 28/50  iter 500/743  loss=0.1623  lr=2.68e-05
[23:13:24 INFO] Epoch 28/50  iter 550/743  loss=0.1865  lr=2.67e-05
[23:13:37 INFO] Epoch 28/50  iter 600/743  loss=0.4145  lr=2.66e-05
[23:13:50 INFO] Epoch 28/50  iter 650/743  loss=0.0708  lr=2.65e-05
[23:14:04 INFO] Epoch 28/50  iter 700/743  loss=0.1140  lr=2.65e-05
[23:14:15 INFO] Epoch 28 complete — avg_loss=0.1385  time=200s
[23:14:30 INFO] Epoch 29/50  iter 50/743  loss=0.1951  lr=2.63e-05
[23:14:43 INFO] Epoch 29/50  iter 100/743  loss=0.1626  lr=2.62e-05
[23:14:57 INFO] Epoch 29/50  iter 150/743  loss=0.1237  lr=2.62e-05
[23:15:10 INFO] Epoch 29/50  iter 200/743  loss=0.1240  lr=2.61e-05
[23:15:23 INFO] Epoch 29/50  iter 250/743  loss=0.0785  lr=2.60e-05
[23:15:37 INFO] Epoch 29/50  iter 300/743  loss=0.1433  lr=2.59e-05
[23:15:50 INFO] Epoch 29/50  iter 350/743  loss=0.1603  lr=2.58e-05
[23:16:04 INFO] Epoch 29/50  iter 400/743  loss=0.1254  lr=2.58e-05
[23:16:17 INFO] Epoch 29/50  iter 450/743  loss=0.1520  lr=2.57e-05
[23:16:30 INFO] Epoch 29/50  iter 500/743  loss=0.0675  lr=2.56e-05
[23:16:44 INFO] Epoch 29/50  iter 550/743  loss=0.1479  lr=2.55e-05
[23:16:57 INFO] Epoch 29/50  iter 600/743  loss=0.0599  lr=2.54e-05
[23:17:11 INFO] Epoch 29/50  iter 650/743  loss=0.0874  lr=2.53e-05
[23:17:24 INFO] Epoch 29/50  iter 700/743  loss=0.0899  lr=2.53e-05
[23:17:36 INFO] Epoch 29 complete — avg_loss=0.1424  time=200s
[23:17:50 INFO] Epoch 30/50  iter 50/743  loss=0.2086  lr=2.51e-05
[23:18:04 INFO] Epoch 30/50  iter 100/743  loss=0.0717  lr=2.50e-05
[23:18:17 INFO] Epoch 30/50  iter 150/743  loss=0.0326  lr=2.50e-05
[23:18:30 INFO] Epoch 30/50  iter 200/743  loss=0.0526  lr=2.49e-05
[23:18:44 INFO] Epoch 30/50  iter 250/743  loss=0.0695  lr=2.48e-05
[23:18:57 INFO] Epoch 30/50  iter 300/743  loss=0.1311  lr=2.47e-05
[23:19:11 INFO] Epoch 30/50  iter 350/743  loss=0.0680  lr=2.46e-05
[23:19:24 INFO] Epoch 30/50  iter 400/743  loss=0.1041  lr=2.46e-05
[23:19:37 INFO] Epoch 30/50  iter 450/743  loss=0.0755  lr=2.45e-05
[23:19:51 INFO] Epoch 30/50  iter 500/743  loss=0.0913  lr=2.44e-05
[23:20:04 INFO] Epoch 30/50  iter 550/743  loss=0.2288  lr=2.43e-05
[23:20:17 INFO] Epoch 30/50  iter 600/743  loss=0.0906  lr=2.42e-05
[23:20:31 INFO] Epoch 30/50  iter 650/743  loss=0.1550  lr=2.41e-05
[23:20:44 INFO] Epoch 30/50  iter 700/743  loss=0.1295  lr=2.41e-05
[23:20:56 INFO] Epoch 30 complete — avg_loss=0.1407  time=200s
[23:22:53 INFO]   val mIoU = 0.7613
[23:22:53 INFO]   ★ New best val mIoU: 0.7613
[23:23:08 INFO] Epoch 31/50  iter 50/743  loss=0.1104  lr=2.39e-05
[23:23:21 INFO] Epoch 31/50  iter 100/743  loss=0.1230  lr=2.38e-05
[23:23:35 INFO] Epoch 31/50  iter 150/743  loss=0.1547  lr=2.38e-05
[23:23:48 INFO] Epoch 31/50  iter 200/743  loss=0.7004  lr=2.37e-05
[23:24:01 INFO] Epoch 31/50  iter 250/743  loss=0.0899  lr=2.36e-05
[23:24:15 INFO] Epoch 31/50  iter 300/743  loss=0.4914  lr=2.35e-05
[23:24:28 INFO] Epoch 31/50  iter 350/743  loss=0.2709  lr=2.34e-05
[23:24:42 INFO] Epoch 31/50  iter 400/743  loss=0.0639  lr=2.34e-05
[23:24:55 INFO] Epoch 31/50  iter 450/743  loss=0.1556  lr=2.33e-05
[23:25:08 INFO] Epoch 31/50  iter 500/743  loss=0.1110  lr=2.32e-05
[23:25:22 INFO] Epoch 31/50  iter 550/743  loss=0.4841  lr=2.31e-05
[23:25:35 INFO] Epoch 31/50  iter 600/743  loss=0.0867  lr=2.30e-05
[23:25:49 INFO] Epoch 31/50  iter 650/743  loss=0.1485  lr=2.29e-05
[23:26:02 INFO] Epoch 31/50  iter 700/743  loss=0.0893  lr=2.29e-05
[23:26:14 INFO] Epoch 31 complete — avg_loss=0.1402  time=200s
[23:26:28 INFO] Epoch 32/50  iter 50/743  loss=0.1399  lr=2.27e-05
[23:26:41 INFO] Epoch 32/50  iter 100/743  loss=0.1905  lr=2.26e-05
[23:26:55 INFO] Epoch 32/50  iter 150/743  loss=0.0753  lr=2.26e-05
[23:27:08 INFO] Epoch 32/50  iter 200/743  loss=0.1208  lr=2.25e-05
[23:27:22 INFO] Epoch 32/50  iter 250/743  loss=0.1389  lr=2.24e-05
[23:27:35 INFO] Epoch 32/50  iter 300/743  loss=0.0335  lr=2.23e-05
[23:27:48 INFO] Epoch 32/50  iter 350/743  loss=0.1960  lr=2.22e-05
[23:28:02 INFO] Epoch 32/50  iter 400/743  loss=0.1038  lr=2.22e-05
[23:28:15 INFO] Epoch 32/50  iter 450/743  loss=0.0685  lr=2.21e-05
[23:28:28 INFO] Epoch 32/50  iter 500/743  loss=0.1546  lr=2.20e-05
[23:28:42 INFO] Epoch 32/50  iter 550/743  loss=0.0705  lr=2.19e-05
[23:28:55 INFO] Epoch 32/50  iter 600/743  loss=0.0984  lr=2.18e-05
[23:29:08 INFO] Epoch 32/50  iter 650/743  loss=0.1296  lr=2.17e-05
[23:29:22 INFO] Epoch 32/50  iter 700/743  loss=0.1738  lr=2.17e-05
[23:29:33 INFO] Epoch 32 complete — avg_loss=0.1353  time=199s
[23:29:48 INFO] Epoch 33/50  iter 50/743  loss=0.2007  lr=2.15e-05
[23:30:03 INFO] Epoch 33/50  iter 100/743  loss=0.0923  lr=2.14e-05
[23:30:19 INFO] Epoch 33/50  iter 150/743  loss=0.0974  lr=2.14e-05
[23:30:35 INFO] Epoch 33/50  iter 200/743  loss=0.0592  lr=2.13e-05
[23:30:52 INFO] Epoch 33/50  iter 250/743  loss=0.0562  lr=2.12e-05
[23:31:08 INFO] Epoch 33/50  iter 300/743  loss=0.1067  lr=2.11e-05
[23:31:24 INFO] Epoch 33/50  iter 350/743  loss=0.2180  lr=2.10e-05
[23:31:41 INFO] Epoch 33/50  iter 400/743  loss=0.1464  lr=2.10e-05
[23:31:57 INFO] Epoch 33/50  iter 450/743  loss=0.1547  lr=2.09e-05
[23:32:13 INFO] Epoch 33/50  iter 500/743  loss=0.0891  lr=2.08e-05
[23:32:29 INFO] Epoch 33/50  iter 550/743  loss=0.1094  lr=2.07e-05
[23:32:46 INFO] Epoch 33/50  iter 600/743  loss=0.0599  lr=2.06e-05
[23:33:02 INFO] Epoch 33/50  iter 650/743  loss=0.0931  lr=2.05e-05
[23:33:18 INFO] Epoch 33/50  iter 700/743  loss=0.0482  lr=2.05e-05
[23:33:32 INFO] Epoch 33 complete — avg_loss=0.1358  time=238s
[23:33:50 INFO] Epoch 34/50  iter 50/743  loss=0.0500  lr=2.03e-05
[23:34:06 INFO] Epoch 34/50  iter 100/743  loss=0.1766  lr=2.02e-05
[23:34:22 INFO] Epoch 34/50  iter 150/743  loss=0.1329  lr=2.02e-05
[23:34:39 INFO] Epoch 34/50  iter 200/743  loss=0.1426  lr=2.01e-05
[23:34:55 INFO] Epoch 34/50  iter 250/743  loss=0.1602  lr=2.00e-05
[23:35:11 INFO] Epoch 34/50  iter 300/743  loss=0.1707  lr=1.99e-05
[23:35:27 INFO] Epoch 34/50  iter 350/743  loss=0.1988  lr=1.98e-05
[23:35:44 INFO] Epoch 34/50  iter 400/743  loss=0.1172  lr=1.98e-05
[23:36:00 INFO] Epoch 34/50  iter 450/743  loss=0.1075  lr=1.97e-05
[23:36:16 INFO] Epoch 34/50  iter 500/743  loss=0.1319  lr=1.96e-05
[23:36:33 INFO] Epoch 34/50  iter 550/743  loss=0.1336  lr=1.95e-05
[23:36:49 INFO] Epoch 34/50  iter 600/743  loss=0.3253  lr=1.94e-05
[23:37:06 INFO] Epoch 34/50  iter 650/743  loss=0.1084  lr=1.93e-05
[23:37:21 INFO] Epoch 34/50  iter 700/743  loss=0.0730  lr=1.93e-05
[23:37:33 INFO] Epoch 34 complete — avg_loss=0.1401  time=240s
[23:37:48 INFO] Epoch 35/50  iter 50/743  loss=0.0759  lr=1.91e-05
[23:38:01 INFO] Epoch 35/50  iter 100/743  loss=0.1624  lr=1.90e-05
[23:38:14 INFO] Epoch 35/50  iter 150/743  loss=0.1375  lr=1.90e-05
[23:38:28 INFO] Epoch 35/50  iter 200/743  loss=0.1289  lr=1.89e-05
[23:38:41 INFO] Epoch 35/50  iter 250/743  loss=0.0900  lr=1.88e-05
[23:38:54 INFO] Epoch 35/50  iter 300/743  loss=0.1520  lr=1.87e-05
[23:39:08 INFO] Epoch 35/50  iter 350/743  loss=0.1051  lr=1.86e-05
[23:39:21 INFO] Epoch 35/50  iter 400/743  loss=0.0879  lr=1.86e-05
[23:39:35 INFO] Epoch 35/50  iter 450/743  loss=0.2075  lr=1.85e-05
[23:39:48 INFO] Epoch 35/50  iter 500/743  loss=0.1880  lr=1.84e-05
[23:40:01 INFO] Epoch 35/50  iter 550/743  loss=0.8190  lr=1.83e-05
[23:40:15 INFO] Epoch 35/50  iter 600/743  loss=0.1216  lr=1.82e-05
[23:40:28 INFO] Epoch 35/50  iter 650/743  loss=0.0959  lr=1.81e-05
[23:40:42 INFO] Epoch 35/50  iter 700/743  loss=0.0862  lr=1.81e-05
[23:40:53 INFO] Epoch 35 complete — avg_loss=0.1336  time=200s
[23:42:51 INFO]   val mIoU = 0.7617
[23:42:52 INFO]   ★ New best val mIoU: 0.7617
[23:43:06 INFO] Epoch 36/50  iter 50/743  loss=0.1276  lr=1.79e-05
[23:43:20 INFO] Epoch 36/50  iter 100/743  loss=0.1865  lr=1.78e-05
[23:43:33 INFO] Epoch 36/50  iter 150/743  loss=0.1221  lr=1.78e-05
[23:43:46 INFO] Epoch 36/50  iter 200/743  loss=0.0869  lr=1.77e-05
[23:44:00 INFO] Epoch 36/50  iter 250/743  loss=0.0679  lr=1.76e-05
[23:44:13 INFO] Epoch 36/50  iter 300/743  loss=0.1138  lr=1.75e-05
[23:44:27 INFO] Epoch 36/50  iter 350/743  loss=0.0748  lr=1.74e-05
[23:44:40 INFO] Epoch 36/50  iter 400/743  loss=0.0706  lr=1.74e-05
[23:44:53 INFO] Epoch 36/50  iter 450/743  loss=0.0914  lr=1.73e-05
[23:45:07 INFO] Epoch 36/50  iter 500/743  loss=0.1104  lr=1.72e-05
[23:45:20 INFO] Epoch 36/50  iter 550/743  loss=0.1248  lr=1.71e-05
[23:45:33 INFO] Epoch 36/50  iter 600/743  loss=0.0635  lr=1.70e-05
[23:45:47 INFO] Epoch 36/50  iter 650/743  loss=0.0477  lr=1.69e-05
[23:46:00 INFO] Epoch 36/50  iter 700/743  loss=0.1951  lr=1.69e-05
[23:46:12 INFO] Epoch 36 complete — avg_loss=0.1278  time=199s
[23:46:27 INFO] Epoch 37/50  iter 50/743  loss=0.0999  lr=1.67e-05
[23:46:43 INFO] Epoch 37/50  iter 100/743  loss=0.1407  lr=1.66e-05
[23:47:00 INFO] Epoch 37/50  iter 150/743  loss=0.0894  lr=1.66e-05
[23:47:16 INFO] Epoch 37/50  iter 200/743  loss=0.1842  lr=1.65e-05
[23:47:32 INFO] Epoch 37/50  iter 250/743  loss=0.0573  lr=1.64e-05
[23:47:48 INFO] Epoch 37/50  iter 300/743  loss=0.1226  lr=1.63e-05
[23:48:05 INFO] Epoch 37/50  iter 350/743  loss=0.1262  lr=1.62e-05
[23:48:21 INFO] Epoch 37/50  iter 400/743  loss=0.2559  lr=1.62e-05
[23:48:37 INFO] Epoch 37/50  iter 450/743  loss=0.0964  lr=1.61e-05
[23:48:53 INFO] Epoch 37/50  iter 500/743  loss=0.1468  lr=1.60e-05
[23:49:10 INFO] Epoch 37/50  iter 550/743  loss=0.1650  lr=1.59e-05
[23:49:26 INFO] Epoch 37/50  iter 600/743  loss=0.1232  lr=1.58e-05
[23:49:42 INFO] Epoch 37/50  iter 650/743  loss=0.1404  lr=1.57e-05
[23:49:58 INFO] Epoch 37/50  iter 700/743  loss=0.1270  lr=1.57e-05
[23:50:12 INFO] Epoch 37 complete — avg_loss=0.1333  time=240s
[23:50:30 INFO] Epoch 38/50  iter 50/743  loss=0.1869  lr=1.55e-05
[23:50:46 INFO] Epoch 38/50  iter 100/743  loss=0.0550  lr=1.54e-05
[23:51:03 INFO] Epoch 38/50  iter 150/743  loss=0.1069  lr=1.54e-05
[23:51:19 INFO] Epoch 38/50  iter 200/743  loss=0.0643  lr=1.53e-05
[23:51:35 INFO] Epoch 38/50  iter 250/743  loss=0.1131  lr=1.52e-05
[23:51:52 INFO] Epoch 38/50  iter 300/743  loss=0.1254  lr=1.51e-05
[23:52:08 INFO] Epoch 38/50  iter 350/743  loss=0.1747  lr=1.50e-05
[23:52:24 INFO] Epoch 38/50  iter 400/743  loss=0.0505  lr=1.50e-05
[23:52:40 INFO] Epoch 38/50  iter 450/743  loss=0.1490  lr=1.49e-05
[23:52:57 INFO] Epoch 38/50  iter 500/743  loss=0.1939  lr=1.48e-05
[23:53:13 INFO] Epoch 38/50  iter 550/743  loss=0.1755  lr=1.47e-05
[23:53:29 INFO] Epoch 38/50  iter 600/743  loss=0.1598  lr=1.46e-05
[23:53:46 INFO] Epoch 38/50  iter 650/743  loss=0.1007  lr=1.45e-05
[23:54:01 INFO] Epoch 38/50  iter 700/743  loss=0.0877  lr=1.45e-05
[23:54:13 INFO] Epoch 38 complete — avg_loss=0.1299  time=239s
[23:54:27 INFO] Epoch 39/50  iter 50/743  loss=0.0597  lr=1.43e-05
[23:54:41 INFO] Epoch 39/50  iter 100/743  loss=0.0509  lr=1.42e-05
[23:54:54 INFO] Epoch 39/50  iter 150/743  loss=0.0815  lr=1.42e-05
[23:55:07 INFO] Epoch 39/50  iter 200/743  loss=0.5770  lr=1.41e-05
[23:55:21 INFO] Epoch 39/50  iter 250/743  loss=0.1209  lr=1.40e-05
[23:55:34 INFO] Epoch 39/50  iter 300/743  loss=0.1026  lr=1.39e-05
[23:55:48 INFO] Epoch 39/50  iter 350/743  loss=0.2239  lr=1.38e-05
[23:56:01 INFO] Epoch 39/50  iter 400/743  loss=0.1265  lr=1.38e-05
[23:56:14 INFO] Epoch 39/50  iter 450/743  loss=0.2140  lr=1.37e-05
[23:56:28 INFO] Epoch 39/50  iter 500/743  loss=0.0980  lr=1.36e-05
[23:56:41 INFO] Epoch 39/50  iter 550/743  loss=0.1391  lr=1.35e-05
[23:56:55 INFO] Epoch 39/50  iter 600/743  loss=0.2895  lr=1.34e-05
[23:57:08 INFO] Epoch 39/50  iter 650/743  loss=0.1261  lr=1.33e-05
[23:57:22 INFO] Epoch 39/50  iter 700/743  loss=0.0802  lr=1.33e-05
[23:57:33 INFO] Epoch 39 complete — avg_loss=0.1344  time=200s
[23:57:48 INFO] Epoch 40/50  iter 50/743  loss=0.1122  lr=1.31e-05
[23:58:01 INFO] Epoch 40/50  iter 100/743  loss=0.1145  lr=1.30e-05
[23:58:15 INFO] Epoch 40/50  iter 150/743  loss=0.0472  lr=1.30e-05
[23:58:28 INFO] Epoch 40/50  iter 200/743  loss=0.1099  lr=1.29e-05
[23:58:41 INFO] Epoch 40/50  iter 250/743  loss=0.1576  lr=1.28e-05
[23:58:55 INFO] Epoch 40/50  iter 300/743  loss=0.1291  lr=1.27e-05
[23:59:08 INFO] Epoch 40/50  iter 350/743  loss=0.3225  lr=1.26e-05
[23:59:22 INFO] Epoch 40/50  iter 400/743  loss=0.1134  lr=1.26e-05
[23:59:35 INFO] Epoch 40/50  iter 450/743  loss=0.1134  lr=1.25e-05
[23:59:48 INFO] Epoch 40/50  iter 500/743  loss=0.2040  lr=1.24e-05
[00:00:02 INFO] Epoch 40/50  iter 550/743  loss=0.1913  lr=1.23e-05
[00:00:15 INFO] Epoch 40/50  iter 600/743  loss=0.2000  lr=1.22e-05
[00:00:29 INFO] Epoch 40/50  iter 650/743  loss=0.1536  lr=1.21e-05
[00:00:42 INFO] Epoch 40/50  iter 700/743  loss=0.0723  lr=1.21e-05
[00:00:54 INFO] Epoch 40 complete — avg_loss=0.1260  time=200s
[00:02:52 INFO]   val mIoU = 0.7723
[00:02:53 INFO]   ★ New best val mIoU: 0.7723
[00:03:07 INFO] Epoch 41/50  iter 50/743  loss=0.1023  lr=1.19e-05
[00:03:21 INFO] Epoch 41/50  iter 100/743  loss=0.0971  lr=1.18e-05
[00:03:34 INFO] Epoch 41/50  iter 150/743  loss=0.0669  lr=1.18e-05
[00:03:47 INFO] Epoch 41/50  iter 200/743  loss=0.0574  lr=1.17e-05
[00:04:01 INFO] Epoch 41/50  iter 250/743  loss=0.1328  lr=1.16e-05
[00:04:14 INFO] Epoch 41/50  iter 300/743  loss=0.0802  lr=1.15e-05
[00:04:28 INFO] Epoch 41/50  iter 350/743  loss=0.0856  lr=1.14e-05
[00:04:41 INFO] Epoch 41/50  iter 400/743  loss=0.1220  lr=1.14e-05
[00:04:54 INFO] Epoch 41/50  iter 450/743  loss=0.1482  lr=1.13e-05
[00:05:08 INFO] Epoch 41/50  iter 500/743  loss=0.0760  lr=1.12e-05
[00:05:21 INFO] Epoch 41/50  iter 550/743  loss=0.0652  lr=1.11e-05
[00:05:34 INFO] Epoch 41/50  iter 600/743  loss=0.0907  lr=1.10e-05
[00:05:48 INFO] Epoch 41/50  iter 650/743  loss=0.1678  lr=1.09e-05
[00:06:01 INFO] Epoch 41/50  iter 700/743  loss=0.0805  lr=1.09e-05
[00:06:13 INFO] Epoch 41 complete — avg_loss=0.1231  time=199s
[00:06:27 INFO] Epoch 42/50  iter 50/743  loss=0.0785  lr=1.07e-05
[00:06:41 INFO] Epoch 42/50  iter 100/743  loss=0.1194  lr=1.06e-05
[00:06:54 INFO] Epoch 42/50  iter 150/743  loss=0.1701  lr=1.06e-05
[00:07:07 INFO] Epoch 42/50  iter 200/743  loss=0.1469  lr=1.05e-05
[00:07:21 INFO] Epoch 42/50  iter 250/743  loss=0.0615  lr=1.04e-05
[00:07:34 INFO] Epoch 42/50  iter 300/743  loss=0.1720  lr=1.03e-05
[00:07:47 INFO] Epoch 42/50  iter 350/743  loss=0.1146  lr=1.02e-05
[00:08:01 INFO] Epoch 42/50  iter 400/743  loss=0.0954  lr=1.02e-05
[00:08:14 INFO] Epoch 42/50  iter 450/743  loss=0.0760  lr=1.01e-05
[00:08:28 INFO] Epoch 42/50  iter 500/743  loss=0.0862  lr=9.99e-06
[00:08:41 INFO] Epoch 42/50  iter 550/743  loss=0.0963  lr=9.91e-06
[00:08:54 INFO] Epoch 42/50  iter 600/743  loss=0.1056  lr=9.83e-06
[00:09:08 INFO] Epoch 42/50  iter 650/743  loss=0.0714  lr=9.75e-06
[00:09:21 INFO] Epoch 42/50  iter 700/743  loss=0.1224  lr=9.67e-06
[00:09:33 INFO] Epoch 42 complete — avg_loss=0.1226  time=199s
[00:09:47 INFO] Epoch 43/50  iter 50/743  loss=0.0515  lr=9.52e-06
[00:10:00 INFO] Epoch 43/50  iter 100/743  loss=0.1802  lr=9.44e-06
[00:10:14 INFO] Epoch 43/50  iter 150/743  loss=0.1375  lr=9.36e-06
[00:10:27 INFO] Epoch 43/50  iter 200/743  loss=0.0728  lr=9.28e-06
[00:10:41 INFO] Epoch 43/50  iter 250/743  loss=0.0832  lr=9.19e-06
[00:10:54 INFO] Epoch 43/50  iter 300/743  loss=0.1091  lr=9.11e-06
[00:11:07 INFO] Epoch 43/50  iter 350/743  loss=0.1005  lr=9.03e-06
[00:11:21 INFO] Epoch 43/50  iter 400/743  loss=0.0871  lr=8.95e-06
[00:11:34 INFO] Epoch 43/50  iter 450/743  loss=0.0874  lr=8.87e-06
[00:11:47 INFO] Epoch 43/50  iter 500/743  loss=0.0806  lr=8.79e-06
[00:12:01 INFO] Epoch 43/50  iter 550/743  loss=0.0952  lr=8.71e-06
[00:12:14 INFO] Epoch 43/50  iter 600/743  loss=0.0665  lr=8.63e-06
[00:12:28 INFO] Epoch 43/50  iter 650/743  loss=0.1845  lr=8.55e-06
[00:12:41 INFO] Epoch 43/50  iter 700/743  loss=0.0764  lr=8.47e-06
[00:12:52 INFO] Epoch 43 complete — avg_loss=0.1277  time=199s
[00:13:07 INFO] Epoch 44/50  iter 50/743  loss=0.0859  lr=8.32e-06
[00:13:20 INFO] Epoch 44/50  iter 100/743  loss=0.1260  lr=8.24e-06
[00:13:34 INFO] Epoch 44/50  iter 150/743  loss=0.1203  lr=8.16e-06
[00:13:47 INFO] Epoch 44/50  iter 200/743  loss=0.1175  lr=8.08e-06
[00:14:00 INFO] Epoch 44/50  iter 250/743  loss=0.0823  lr=7.99e-06
[00:14:14 INFO] Epoch 44/50  iter 300/743  loss=0.1018  lr=7.91e-06
[00:14:27 INFO] Epoch 44/50  iter 350/743  loss=0.0825  lr=7.83e-06
[00:14:41 INFO] Epoch 44/50  iter 400/743  loss=0.1763  lr=7.75e-06
[00:14:54 INFO] Epoch 44/50  iter 450/743  loss=0.0840  lr=7.67e-06
[00:15:07 INFO] Epoch 44/50  iter 500/743  loss=0.1215  lr=7.59e-06
[00:15:21 INFO] Epoch 44/50  iter 550/743  loss=0.1758  lr=7.51e-06
[00:15:34 INFO] Epoch 44/50  iter 600/743  loss=0.1315  lr=7.43e-06
[00:15:47 INFO] Epoch 44/50  iter 650/743  loss=0.1105  lr=7.35e-06
[00:16:01 INFO] Epoch 44/50  iter 700/743  loss=0.0768  lr=7.27e-06
[00:16:12 INFO] Epoch 44 complete — avg_loss=0.1211  time=199s
[00:16:27 INFO] Epoch 45/50  iter 50/743  loss=0.0384  lr=7.12e-06
[00:16:40 INFO] Epoch 45/50  iter 100/743  loss=0.1273  lr=7.04e-06
[00:16:54 INFO] Epoch 45/50  iter 150/743  loss=0.1101  lr=6.96e-06
[00:17:07 INFO] Epoch 45/50  iter 200/743  loss=0.1326  lr=6.88e-06
[00:17:20 INFO] Epoch 45/50  iter 250/743  loss=0.1133  lr=6.79e-06
[00:17:34 INFO] Epoch 45/50  iter 300/743  loss=0.1424  lr=6.71e-06
[00:17:47 INFO] Epoch 45/50  iter 350/743  loss=0.0928  lr=6.63e-06
[00:18:00 INFO] Epoch 45/50  iter 400/743  loss=0.1591  lr=6.55e-06
[00:18:14 INFO] Epoch 45/50  iter 450/743  loss=0.0717  lr=6.47e-06
[00:18:27 INFO] Epoch 45/50  iter 500/743  loss=0.1377  lr=6.39e-06
[00:18:40 INFO] Epoch 45/50  iter 550/743  loss=0.3202  lr=6.31e-06
[00:18:54 INFO] Epoch 45/50  iter 600/743  loss=0.1469  lr=6.23e-06
[00:19:07 INFO] Epoch 45/50  iter 650/743  loss=0.0771  lr=6.15e-06
[00:19:20 INFO] Epoch 45/50  iter 700/743  loss=0.0868  lr=6.07e-06
[00:19:32 INFO] Epoch 45 complete — avg_loss=0.1202  time=199s
[00:21:29 INFO]   val mIoU = 0.7722
[00:21:43 INFO] Epoch 46/50  iter 50/743  loss=0.1011  lr=5.92e-06
[00:21:56 INFO] Epoch 46/50  iter 100/743  loss=0.0845  lr=5.84e-06
[00:22:10 INFO] Epoch 46/50  iter 150/743  loss=0.1549  lr=5.76e-06
[00:22:23 INFO] Epoch 46/50  iter 200/743  loss=0.1025  lr=5.68e-06
[00:22:36 INFO] Epoch 46/50  iter 250/743  loss=0.1529  lr=5.59e-06
[00:22:50 INFO] Epoch 46/50  iter 300/743  loss=0.1207  lr=5.51e-06
[00:23:03 INFO] Epoch 46/50  iter 350/743  loss=0.1454  lr=5.43e-06
[00:23:16 INFO] Epoch 46/50  iter 400/743  loss=0.1380  lr=5.35e-06
[00:23:30 INFO] Epoch 46/50  iter 450/743  loss=0.0767  lr=5.27e-06
[00:23:43 INFO] Epoch 46/50  iter 500/743  loss=0.0599  lr=5.19e-06
[00:23:57 INFO] Epoch 46/50  iter 550/743  loss=0.7326  lr=5.11e-06
[00:24:10 INFO] Epoch 46/50  iter 600/743  loss=0.1501  lr=5.03e-06
[00:24:23 INFO] Epoch 46/50  iter 650/743  loss=0.1998  lr=4.95e-06
[00:24:37 INFO] Epoch 46/50  iter 700/743  loss=0.0665  lr=4.87e-06
[00:24:48 INFO] Epoch 46 complete — avg_loss=0.1235  time=199s
[00:25:03 INFO] Epoch 47/50  iter 50/743  loss=0.1402  lr=4.72e-06
[00:25:16 INFO] Epoch 47/50  iter 100/743  loss=0.0633  lr=4.64e-06
[00:25:30 INFO] Epoch 47/50  iter 150/743  loss=0.0816  lr=4.56e-06
[00:25:43 INFO] Epoch 47/50  iter 200/743  loss=0.1202  lr=4.48e-06
[00:25:56 INFO] Epoch 47/50  iter 250/743  loss=0.0908  lr=4.39e-06
[00:26:10 INFO] Epoch 47/50  iter 300/743  loss=0.1147  lr=4.31e-06
[00:26:23 INFO] Epoch 47/50  iter 350/743  loss=0.1258  lr=4.23e-06
[00:26:36 INFO] Epoch 47/50  iter 400/743  loss=0.1070  lr=4.15e-06
[00:26:50 INFO] Epoch 47/50  iter 450/743  loss=0.1643  lr=4.07e-06
[00:27:03 INFO] Epoch 47/50  iter 500/743  loss=0.1092  lr=3.99e-06
[00:27:16 INFO] Epoch 47/50  iter 550/743  loss=0.1219  lr=3.91e-06
[00:27:30 INFO] Epoch 47/50  iter 600/743  loss=0.2884  lr=3.83e-06
[00:27:43 INFO] Epoch 47/50  iter 650/743  loss=0.0835  lr=3.75e-06
[00:27:57 INFO] Epoch 47/50  iter 700/743  loss=0.1288  lr=3.67e-06
[00:28:08 INFO] Epoch 47 complete — avg_loss=0.1212  time=199s
[00:28:23 INFO] Epoch 48/50  iter 50/743  loss=0.0843  lr=3.52e-06
[00:28:36 INFO] Epoch 48/50  iter 100/743  loss=0.0602  lr=3.44e-06
[00:28:49 INFO] Epoch 48/50  iter 150/743  loss=0.1135  lr=3.36e-06
[00:29:03 INFO] Epoch 48/50  iter 200/743  loss=0.2597  lr=3.28e-06
[00:29:16 INFO] Epoch 48/50  iter 250/743  loss=0.0722  lr=3.19e-06
[00:29:29 INFO] Epoch 48/50  iter 300/743  loss=0.0737  lr=3.11e-06
[00:29:43 INFO] Epoch 48/50  iter 350/743  loss=0.1469  lr=3.03e-06
[00:29:56 INFO] Epoch 48/50  iter 400/743  loss=0.2485  lr=2.95e-06
[00:30:10 INFO] Epoch 48/50  iter 450/743  loss=0.0946  lr=2.87e-06
[00:30:23 INFO] Epoch 48/50  iter 500/743  loss=0.0517  lr=2.79e-06
[00:30:36 INFO] Epoch 48/50  iter 550/743  loss=0.1067  lr=2.71e-06
[00:30:50 INFO] Epoch 48/50  iter 600/743  loss=0.1316  lr=2.63e-06
[00:31:03 INFO] Epoch 48/50  iter 650/743  loss=0.0981  lr=2.55e-06
[00:31:16 INFO] Epoch 48/50  iter 700/743  loss=0.1635  lr=2.47e-06
[00:31:28 INFO] Epoch 48 complete — avg_loss=0.1205  time=199s
[00:31:42 INFO] Epoch 49/50  iter 50/743  loss=0.0990  lr=2.32e-06
[00:31:56 INFO] Epoch 49/50  iter 100/743  loss=0.1375  lr=2.24e-06
[00:32:09 INFO] Epoch 49/50  iter 150/743  loss=0.1180  lr=2.16e-06
[00:32:23 INFO] Epoch 49/50  iter 200/743  loss=0.1202  lr=2.08e-06
[00:32:36 INFO] Epoch 49/50  iter 250/743  loss=0.2204  lr=1.99e-06
[00:32:49 INFO] Epoch 49/50  iter 300/743  loss=0.1002  lr=1.91e-06
[00:33:03 INFO] Epoch 49/50  iter 350/743  loss=0.1506  lr=1.83e-06
[00:33:16 INFO] Epoch 49/50  iter 400/743  loss=0.1175  lr=1.75e-06
[00:33:29 INFO] Epoch 49/50  iter 450/743  loss=0.0708  lr=1.67e-06
[00:33:43 INFO] Epoch 49/50  iter 500/743  loss=0.0744  lr=1.59e-06
[00:33:56 INFO] Epoch 49/50  iter 550/743  loss=0.1449  lr=1.51e-06
[00:34:09 INFO] Epoch 49/50  iter 600/743  loss=0.0653  lr=1.43e-06
[00:34:23 INFO] Epoch 49/50  iter 650/743  loss=0.1048  lr=1.35e-06
[00:34:36 INFO] Epoch 49/50  iter 700/743  loss=0.0953  lr=1.27e-06
[00:34:48 INFO] Epoch 49 complete — avg_loss=0.1176  time=199s
[00:35:02 INFO] Epoch 50/50  iter 50/743  loss=0.0994  lr=1.12e-06
[00:35:16 INFO] Epoch 50/50  iter 100/743  loss=0.1565  lr=1.04e-06
[00:35:29 INFO] Epoch 50/50  iter 150/743  loss=0.0474  lr=9.56e-07
[00:35:42 INFO] Epoch 50/50  iter 200/743  loss=0.1338  lr=8.75e-07
[00:35:56 INFO] Epoch 50/50  iter 250/743  loss=0.0823  lr=7.95e-07
[00:36:09 INFO] Epoch 50/50  iter 300/743  loss=0.0864  lr=7.14e-07
[00:36:22 INFO] Epoch 50/50  iter 350/743  loss=0.1507  lr=6.33e-07
[00:36:36 INFO] Epoch 50/50  iter 400/743  loss=0.1055  lr=5.52e-07
[00:36:49 INFO] Epoch 50/50  iter 450/743  loss=0.0781  lr=4.72e-07
[00:37:02 INFO] Epoch 50/50  iter 500/743  loss=0.1139  lr=3.91e-07
[00:37:16 INFO] Epoch 50/50  iter 550/743  loss=0.1149  lr=3.10e-07
[00:37:29 INFO] Epoch 50/50  iter 600/743  loss=0.0722  lr=2.29e-07
[00:37:43 INFO] Epoch 50/50  iter 650/743  loss=0.1094  lr=1.49e-07
[00:37:56 INFO] Epoch 50/50  iter 700/743  loss=0.1433  lr=6.78e-08
[00:38:07 INFO] Epoch 50 complete — avg_loss=0.1248  time=199s
[00:40:06 INFO]   val mIoU = 0.7758
[00:40:07 INFO]   ★ New best val mIoU: 0.7758
[00:40:08 INFO] Training complete. Best val mIoU = 0.7758
