[10:07:21 INFO] Device: cuda
[10:07:24 INFO] Using fog cache: data/fog_cache/nn_depth_base_b0005
[10:07:24 INFO] fog_prob: 0.3
[10:07:25 INFO] Train: 2975 samples  |  Val: 500 samples
[10:07:39 INFO] Epoch 1/50  iter 50/743  loss=1.6025  lr=5.99e-05
[10:07:52 INFO] Epoch 1/50  iter 100/743  loss=0.8904  lr=5.98e-05
[10:08:06 INFO] Epoch 1/50  iter 150/743  loss=0.5196  lr=5.98e-05
[10:08:19 INFO] Epoch 1/50  iter 200/743  loss=0.8867  lr=5.97e-05
[10:08:32 INFO] Epoch 1/50  iter 250/743  loss=0.4509  lr=5.96e-05
[10:08:46 INFO] Epoch 1/50  iter 300/743  loss=0.2841  lr=5.95e-05
[10:08:59 INFO] Epoch 1/50  iter 350/743  loss=0.8990  lr=5.94e-05
[10:09:13 INFO] Epoch 1/50  iter 400/743  loss=0.4020  lr=5.94e-05
[10:09:26 INFO] Epoch 1/50  iter 450/743  loss=0.4111  lr=5.93e-05
[10:09:40 INFO] Epoch 1/50  iter 500/743  loss=0.2358  lr=5.92e-05
[10:09:54 INFO] Epoch 1/50  iter 550/743  loss=1.0262  lr=5.91e-05
[10:10:11 INFO] Epoch 1/50  iter 600/743  loss=0.2278  lr=5.90e-05
[10:10:29 INFO] Epoch 1/50  iter 650/743  loss=0.3517  lr=5.89e-05
[10:10:42 INFO] Epoch 1/50  iter 700/743  loss=0.4181  lr=5.89e-05
[10:10:54 INFO] Epoch 1 complete — avg_loss=0.6372  time=209s
[10:11:08 INFO] Epoch 2/50  iter 50/743  loss=0.1987  lr=5.87e-05
[10:11:22 INFO] Epoch 2/50  iter 100/743  loss=0.2605  lr=5.86e-05
[10:11:35 INFO] Epoch 2/50  iter 150/743  loss=0.2014  lr=5.86e-05
[10:11:49 INFO] Epoch 2/50  iter 200/743  loss=0.3793  lr=5.85e-05
[10:12:02 INFO] Epoch 2/50  iter 250/743  loss=0.2554  lr=5.84e-05
[10:12:16 INFO] Epoch 2/50  iter 300/743  loss=0.2022  lr=5.83e-05
[10:12:29 INFO] Epoch 2/50  iter 350/743  loss=0.1927  lr=5.82e-05
[10:12:43 INFO] Epoch 2/50  iter 400/743  loss=0.1991  lr=5.82e-05
[10:12:56 INFO] Epoch 2/50  iter 450/743  loss=0.5204  lr=5.81e-05
[10:13:10 INFO] Epoch 2/50  iter 500/743  loss=0.2918  lr=5.80e-05
[10:13:23 INFO] Epoch 2/50  iter 550/743  loss=0.3045  lr=5.79e-05
[10:13:37 INFO] Epoch 2/50  iter 600/743  loss=0.4271  lr=5.78e-05
[10:13:50 INFO] Epoch 2/50  iter 650/743  loss=0.1845  lr=5.77e-05
[10:14:04 INFO] Epoch 2/50  iter 700/743  loss=0.5047  lr=5.77e-05
[10:14:16 INFO] Epoch 2 complete — avg_loss=0.3310  time=201s
[10:14:30 INFO] Epoch 3/50  iter 50/743  loss=0.2963  lr=5.75e-05
[10:14:44 INFO] Epoch 3/50  iter 100/743  loss=0.2428  lr=5.74e-05
[10:14:57 INFO] Epoch 3/50  iter 150/743  loss=0.2030  lr=5.74e-05
[10:15:11 INFO] Epoch 3/50  iter 200/743  loss=0.1980  lr=5.73e-05
[10:15:24 INFO] Epoch 3/50  iter 250/743  loss=0.3806  lr=5.72e-05
[10:15:38 INFO] Epoch 3/50  iter 300/743  loss=1.0467  lr=5.71e-05
[10:15:51 INFO] Epoch 3/50  iter 350/743  loss=0.1045  lr=5.70e-05
[10:16:04 INFO] Epoch 3/50  iter 400/743  loss=0.4623  lr=5.70e-05
[10:16:18 INFO] Epoch 3/50  iter 450/743  loss=0.3702  lr=5.69e-05
[10:16:31 INFO] Epoch 3/50  iter 500/743  loss=0.1854  lr=5.68e-05
[10:16:45 INFO] Epoch 3/50  iter 550/743  loss=0.2295  lr=5.67e-05
[10:16:58 INFO] Epoch 3/50  iter 600/743  loss=0.2845  lr=5.66e-05
[10:17:12 INFO] Epoch 3/50  iter 650/743  loss=0.1933  lr=5.65e-05
[10:17:25 INFO] Epoch 3/50  iter 700/743  loss=0.1322  lr=5.65e-05
[10:17:37 INFO] Epoch 3 complete — avg_loss=0.2747  time=201s
[10:17:52 INFO] Epoch 4/50  iter 50/743  loss=0.1615  lr=5.63e-05
[10:18:05 INFO] Epoch 4/50  iter 100/743  loss=0.1788  lr=5.62e-05
[10:18:19 INFO] Epoch 4/50  iter 150/743  loss=0.5683  lr=5.62e-05
[10:18:32 INFO] Epoch 4/50  iter 200/743  loss=0.2040  lr=5.61e-05
[10:18:46 INFO] Epoch 4/50  iter 250/743  loss=0.2521  lr=5.60e-05
[10:18:59 INFO] Epoch 4/50  iter 300/743  loss=0.1983  lr=5.59e-05
[10:19:12 INFO] Epoch 4/50  iter 350/743  loss=0.0376  lr=5.58e-05
[10:19:26 INFO] Epoch 4/50  iter 400/743  loss=0.1116  lr=5.58e-05
[10:19:39 INFO] Epoch 4/50  iter 450/743  loss=0.0673  lr=5.57e-05
[10:19:53 INFO] Epoch 4/50  iter 500/743  loss=0.1816  lr=5.56e-05
[10:20:06 INFO] Epoch 4/50  iter 550/743  loss=0.2603  lr=5.55e-05
[10:20:20 INFO] Epoch 4/50  iter 600/743  loss=0.3224  lr=5.54e-05
[10:20:33 INFO] Epoch 4/50  iter 650/743  loss=0.2287  lr=5.53e-05
[10:20:47 INFO] Epoch 4/50  iter 700/743  loss=0.1464  lr=5.53e-05
[10:20:59 INFO] Epoch 4 complete — avg_loss=0.2597  time=201s
[10:21:13 INFO] Epoch 5/50  iter 50/743  loss=0.1149  lr=5.51e-05
[10:21:27 INFO] Epoch 5/50  iter 100/743  loss=0.1527  lr=5.50e-05
[10:21:40 INFO] Epoch 5/50  iter 150/743  loss=0.1762  lr=5.50e-05
[10:21:54 INFO] Epoch 5/50  iter 200/743  loss=0.1517  lr=5.49e-05
[10:22:07 INFO] Epoch 5/50  iter 250/743  loss=0.1879  lr=5.48e-05
[10:22:21 INFO] Epoch 5/50  iter 300/743  loss=1.1778  lr=5.47e-05
[10:22:34 INFO] Epoch 5/50  iter 350/743  loss=0.0499  lr=5.46e-05
[10:22:48 INFO] Epoch 5/50  iter 400/743  loss=0.2373  lr=5.46e-05
[10:23:01 INFO] Epoch 5/50  iter 450/743  loss=0.1648  lr=5.45e-05
[10:23:15 INFO] Epoch 5/50  iter 500/743  loss=0.2870  lr=5.44e-05
[10:23:28 INFO] Epoch 5/50  iter 550/743  loss=0.0754  lr=5.43e-05
[10:23:42 INFO] Epoch 5/50  iter 600/743  loss=0.0235  lr=5.42e-05
[10:23:55 INFO] Epoch 5/50  iter 650/743  loss=0.3796  lr=5.41e-05
[10:24:09 INFO] Epoch 5/50  iter 700/743  loss=0.1210  lr=5.41e-05
[10:24:20 INFO] Epoch 5 complete — avg_loss=0.2408  time=201s
[10:26:14 INFO]   val mIoU = 0.6393
[10:26:14 INFO]   ★ New best val mIoU: 0.6393
[10:26:29 INFO] Epoch 6/50  iter 50/743  loss=0.2526  lr=5.39e-05
[10:26:42 INFO] Epoch 6/50  iter 100/743  loss=0.0587  lr=5.38e-05
[10:26:56 INFO] Epoch 6/50  iter 150/743  loss=0.3635  lr=5.38e-05
[10:27:09 INFO] Epoch 6/50  iter 200/743  loss=0.1191  lr=5.37e-05
[10:27:23 INFO] Epoch 6/50  iter 250/743  loss=0.2613  lr=5.36e-05
[10:27:36 INFO] Epoch 6/50  iter 300/743  loss=0.1927  lr=5.35e-05
[10:27:49 INFO] Epoch 6/50  iter 350/743  loss=0.1047  lr=5.34e-05
[10:28:03 INFO] Epoch 6/50  iter 400/743  loss=0.1159  lr=5.34e-05
[10:28:16 INFO] Epoch 6/50  iter 450/743  loss=0.1904  lr=5.33e-05
[10:28:30 INFO] Epoch 6/50  iter 500/743  loss=0.2146  lr=5.32e-05
[10:28:43 INFO] Epoch 6/50  iter 550/743  loss=0.2545  lr=5.31e-05
[10:28:57 INFO] Epoch 6/50  iter 600/743  loss=0.1719  lr=5.30e-05
[10:29:10 INFO] Epoch 6/50  iter 650/743  loss=0.5042  lr=5.29e-05
[10:29:23 INFO] Epoch 6/50  iter 700/743  loss=0.2743  lr=5.29e-05
[10:29:35 INFO] Epoch 6 complete — avg_loss=0.2208  time=200s
[10:29:50 INFO] Epoch 7/50  iter 50/743  loss=0.1894  lr=5.27e-05
[10:30:03 INFO] Epoch 7/50  iter 100/743  loss=0.1106  lr=5.26e-05
[10:30:17 INFO] Epoch 7/50  iter 150/743  loss=0.2303  lr=5.26e-05
[10:30:30 INFO] Epoch 7/50  iter 200/743  loss=0.5313  lr=5.25e-05
[10:30:44 INFO] Epoch 7/50  iter 250/743  loss=0.2338  lr=5.24e-05
[10:30:57 INFO] Epoch 7/50  iter 300/743  loss=0.1361  lr=5.23e-05
[10:31:11 INFO] Epoch 7/50  iter 350/743  loss=0.1922  lr=5.22e-05
[10:31:24 INFO] Epoch 7/50  iter 400/743  loss=0.1039  lr=5.22e-05
[10:31:38 INFO] Epoch 7/50  iter 450/743  loss=0.6976  lr=5.21e-05
[10:31:51 INFO] Epoch 7/50  iter 500/743  loss=0.2984  lr=5.20e-05
[10:32:05 INFO] Epoch 7/50  iter 550/743  loss=0.2053  lr=5.19e-05
[10:32:18 INFO] Epoch 7/50  iter 600/743  loss=0.4706  lr=5.18e-05
[10:32:32 INFO] Epoch 7/50  iter 650/743  loss=0.0238  lr=5.17e-05
[10:32:45 INFO] Epoch 7/50  iter 700/743  loss=0.2323  lr=5.17e-05
[10:32:57 INFO] Epoch 7 complete — avg_loss=0.2109  time=201s
[10:33:11 INFO] Epoch 8/50  iter 50/743  loss=0.1881  lr=5.15e-05
[10:33:25 INFO] Epoch 8/50  iter 100/743  loss=0.2418  lr=5.14e-05
[10:33:38 INFO] Epoch 8/50  iter 150/743  loss=0.0984  lr=5.14e-05
[10:33:52 INFO] Epoch 8/50  iter 200/743  loss=0.1577  lr=5.13e-05
[10:34:05 INFO] Epoch 8/50  iter 250/743  loss=0.1925  lr=5.12e-05
[10:34:19 INFO] Epoch 8/50  iter 300/743  loss=0.2030  lr=5.11e-05
[10:34:32 INFO] Epoch 8/50  iter 350/743  loss=0.1945  lr=5.10e-05
[10:34:46 INFO] Epoch 8/50  iter 400/743  loss=0.2781  lr=5.10e-05
[10:34:59 INFO] Epoch 8/50  iter 450/743  loss=0.1316  lr=5.09e-05
[10:35:13 INFO] Epoch 8/50  iter 500/743  loss=0.1465  lr=5.08e-05
[10:35:26 INFO] Epoch 8/50  iter 550/743  loss=0.1795  lr=5.07e-05
[10:35:40 INFO] Epoch 8/50  iter 600/743  loss=0.0545  lr=5.06e-05
[10:35:53 INFO] Epoch 8/50  iter 650/743  loss=0.2201  lr=5.05e-05
[10:36:07 INFO] Epoch 8/50  iter 700/743  loss=0.0579  lr=5.05e-05
[10:36:18 INFO] Epoch 8 complete — avg_loss=0.2105  time=201s
[10:36:33 INFO] Epoch 9/50  iter 50/743  loss=0.1887  lr=5.03e-05
[10:36:46 INFO] Epoch 9/50  iter 100/743  loss=0.1118  lr=5.02e-05
[10:37:00 INFO] Epoch 9/50  iter 150/743  loss=0.1837  lr=5.02e-05
[10:37:13 INFO] Epoch 9/50  iter 200/743  loss=0.3068  lr=5.01e-05
[10:37:27 INFO] Epoch 9/50  iter 250/743  loss=0.2173  lr=5.00e-05
[10:37:40 INFO] Epoch 9/50  iter 300/743  loss=0.0845  lr=4.99e-05
[10:37:54 INFO] Epoch 9/50  iter 350/743  loss=0.1582  lr=4.98e-05
[10:38:07 INFO] Epoch 9/50  iter 400/743  loss=0.0920  lr=4.98e-05
[10:38:21 INFO] Epoch 9/50  iter 450/743  loss=0.1435  lr=4.97e-05
[10:38:34 INFO] Epoch 9/50  iter 500/743  loss=0.1686  lr=4.96e-05
[10:38:48 INFO] Epoch 9/50  iter 550/743  loss=0.1689  lr=4.95e-05
[10:39:01 INFO] Epoch 9/50  iter 600/743  loss=0.3364  lr=4.94e-05
[10:39:15 INFO] Epoch 9/50  iter 650/743  loss=0.1487  lr=4.93e-05
[10:39:28 INFO] Epoch 9/50  iter 700/743  loss=0.2197  lr=4.93e-05
[10:39:40 INFO] Epoch 9 complete — avg_loss=0.1992  time=201s
[10:39:55 INFO] Epoch 10/50  iter 50/743  loss=0.1986  lr=4.91e-05
[10:40:08 INFO] Epoch 10/50  iter 100/743  loss=0.1806  lr=4.90e-05
[10:40:22 INFO] Epoch 10/50  iter 150/743  loss=0.1369  lr=4.90e-05
[10:40:35 INFO] Epoch 10/50  iter 200/743  loss=0.0809  lr=4.89e-05
[10:40:49 INFO] Epoch 10/50  iter 250/743  loss=0.1158  lr=4.88e-05
[10:41:02 INFO] Epoch 10/50  iter 300/743  loss=0.0807  lr=4.87e-05
[10:41:16 INFO] Epoch 10/50  iter 350/743  loss=0.1821  lr=4.86e-05
[10:41:29 INFO] Epoch 10/50  iter 400/743  loss=0.2829  lr=4.86e-05
[10:41:43 INFO] Epoch 10/50  iter 450/743  loss=0.1975  lr=4.85e-05
[10:41:56 INFO] Epoch 10/50  iter 500/743  loss=0.1495  lr=4.84e-05
[10:42:10 INFO] Epoch 10/50  iter 550/743  loss=0.1838  lr=4.83e-05
[10:42:23 INFO] Epoch 10/50  iter 600/743  loss=0.2429  lr=4.82e-05
[10:42:37 INFO] Epoch 10/50  iter 650/743  loss=0.2575  lr=4.81e-05
[10:42:50 INFO] Epoch 10/50  iter 700/743  loss=0.1227  lr=4.81e-05
[10:43:02 INFO] Epoch 10 complete — avg_loss=0.1948  time=201s
[10:45:02 INFO]   val mIoU = 0.6729
[10:45:03 INFO]   ★ New best val mIoU: 0.6729
[10:45:18 INFO] Epoch 11/50  iter 50/743  loss=0.1407  lr=4.79e-05
[10:45:31 INFO] Epoch 11/50  iter 100/743  loss=0.2971  lr=4.78e-05
[10:45:45 INFO] Epoch 11/50  iter 150/743  loss=0.2191  lr=4.78e-05
[10:45:58 INFO] Epoch 11/50  iter 200/743  loss=0.3280  lr=4.77e-05
[10:46:12 INFO] Epoch 11/50  iter 250/743  loss=0.1629  lr=4.76e-05
[10:46:25 INFO] Epoch 11/50  iter 300/743  loss=0.2346  lr=4.75e-05
[10:46:39 INFO] Epoch 11/50  iter 350/743  loss=0.1498  lr=4.74e-05
[10:46:52 INFO] Epoch 11/50  iter 400/743  loss=0.1694  lr=4.74e-05
[10:47:06 INFO] Epoch 11/50  iter 450/743  loss=0.1377  lr=4.73e-05
[10:47:19 INFO] Epoch 11/50  iter 500/743  loss=0.0860  lr=4.72e-05
[10:47:33 INFO] Epoch 11/50  iter 550/743  loss=0.1241  lr=4.71e-05
[10:47:46 INFO] Epoch 11/50  iter 600/743  loss=0.0797  lr=4.70e-05
[10:48:00 INFO] Epoch 11/50  iter 650/743  loss=0.1539  lr=4.69e-05
[10:48:13 INFO] Epoch 11/50  iter 700/743  loss=0.2502  lr=4.69e-05
[10:48:25 INFO] Epoch 11 complete — avg_loss=0.1833  time=201s
[10:48:39 INFO] Epoch 12/50  iter 50/743  loss=0.0963  lr=4.67e-05
[10:48:53 INFO] Epoch 12/50  iter 100/743  loss=0.1914  lr=4.66e-05
[10:49:06 INFO] Epoch 12/50  iter 150/743  loss=0.1347  lr=4.66e-05
[10:49:20 INFO] Epoch 12/50  iter 200/743  loss=0.1163  lr=4.65e-05
[10:49:33 INFO] Epoch 12/50  iter 250/743  loss=0.1730  lr=4.64e-05
[10:49:47 INFO] Epoch 12/50  iter 300/743  loss=0.0901  lr=4.63e-05
[10:50:00 INFO] Epoch 12/50  iter 350/743  loss=0.2416  lr=4.62e-05
[10:50:14 INFO] Epoch 12/50  iter 400/743  loss=0.1038  lr=4.62e-05
[10:50:27 INFO] Epoch 12/50  iter 450/743  loss=0.1246  lr=4.61e-05
[10:50:41 INFO] Epoch 12/50  iter 500/743  loss=0.0872  lr=4.60e-05
[10:50:54 INFO] Epoch 12/50  iter 550/743  loss=0.1410  lr=4.59e-05
[10:51:08 INFO] Epoch 12/50  iter 600/743  loss=0.1098  lr=4.58e-05
[10:51:21 INFO] Epoch 12/50  iter 650/743  loss=0.2316  lr=4.57e-05
[10:51:35 INFO] Epoch 12/50  iter 700/743  loss=0.1209  lr=4.57e-05
[10:51:47 INFO] Epoch 12 complete — avg_loss=0.1755  time=201s
[10:52:01 INFO] Epoch 13/50  iter 50/743  loss=0.0678  lr=4.55e-05
[10:52:15 INFO] Epoch 13/50  iter 100/743  loss=0.1398  lr=4.54e-05
[10:52:28 INFO] Epoch 13/50  iter 150/743  loss=0.0866  lr=4.54e-05
[10:52:42 INFO] Epoch 13/50  iter 200/743  loss=0.0286  lr=4.53e-05
[10:52:55 INFO] Epoch 13/50  iter 250/743  loss=0.2029  lr=4.52e-05
[10:53:09 INFO] Epoch 13/50  iter 300/743  loss=0.1893  lr=4.51e-05
[10:53:22 INFO] Epoch 13/50  iter 350/743  loss=0.1265  lr=4.50e-05
[10:53:36 INFO] Epoch 13/50  iter 400/743  loss=0.2250  lr=4.50e-05
[10:53:49 INFO] Epoch 13/50  iter 450/743  loss=0.0473  lr=4.49e-05
[10:54:03 INFO] Epoch 13/50  iter 500/743  loss=0.2744  lr=4.48e-05
[10:54:16 INFO] Epoch 13/50  iter 550/743  loss=0.1282  lr=4.47e-05
[10:54:30 INFO] Epoch 13/50  iter 600/743  loss=0.1494  lr=4.46e-05
[10:54:43 INFO] Epoch 13/50  iter 650/743  loss=0.1178  lr=4.45e-05
[10:54:57 INFO] Epoch 13/50  iter 700/743  loss=0.1574  lr=4.45e-05
[10:55:08 INFO] Epoch 13 complete — avg_loss=0.1708  time=201s
[10:55:23 INFO] Epoch 14/50  iter 50/743  loss=0.1724  lr=4.43e-05
[10:55:37 INFO] Epoch 14/50  iter 100/743  loss=0.1668  lr=4.42e-05
[10:55:50 INFO] Epoch 14/50  iter 150/743  loss=0.1715  lr=4.42e-05
[10:56:03 INFO] Epoch 14/50  iter 200/743  loss=0.0916  lr=4.41e-05
[10:56:17 INFO] Epoch 14/50  iter 250/743  loss=0.1691  lr=4.40e-05
[10:56:31 INFO] Epoch 14/50  iter 300/743  loss=0.1933  lr=4.39e-05
[10:56:44 INFO] Epoch 14/50  iter 350/743  loss=0.1053  lr=4.38e-05
[10:56:58 INFO] Epoch 14/50  iter 400/743  loss=0.0705  lr=4.38e-05
[10:57:11 INFO] Epoch 14/50  iter 450/743  loss=0.1616  lr=4.37e-05
[10:57:25 INFO] Epoch 14/50  iter 500/743  loss=0.0988  lr=4.36e-05
[10:57:38 INFO] Epoch 14/50  iter 550/743  loss=0.0305  lr=4.35e-05
[10:57:52 INFO] Epoch 14/50  iter 600/743  loss=0.1245  lr=4.34e-05
[10:58:05 INFO] Epoch 14/50  iter 650/743  loss=0.1448  lr=4.33e-05
[10:58:18 INFO] Epoch 14/50  iter 700/743  loss=0.1764  lr=4.33e-05
[10:58:30 INFO] Epoch 14 complete — avg_loss=0.1755  time=201s
[10:58:45 INFO] Epoch 15/50  iter 50/743  loss=0.1377  lr=4.31e-05
[10:58:58 INFO] Epoch 15/50  iter 100/743  loss=0.1236  lr=4.30e-05
[10:59:12 INFO] Epoch 15/50  iter 150/743  loss=0.1564  lr=4.30e-05
[10:59:25 INFO] Epoch 15/50  iter 200/743  loss=0.1465  lr=4.29e-05
[10:59:39 INFO] Epoch 15/50  iter 250/743  loss=0.1082  lr=4.28e-05
[10:59:52 INFO] Epoch 15/50  iter 300/743  loss=0.1767  lr=4.27e-05
[11:00:06 INFO] Epoch 15/50  iter 350/743  loss=0.1501  lr=4.26e-05
[11:00:19 INFO] Epoch 15/50  iter 400/743  loss=0.1791  lr=4.26e-05
[11:00:33 INFO] Epoch 15/50  iter 450/743  loss=0.1309  lr=4.25e-05
[11:00:46 INFO] Epoch 15/50  iter 500/743  loss=0.1455  lr=4.24e-05
[11:01:00 INFO] Epoch 15/50  iter 550/743  loss=0.0785  lr=4.23e-05
[11:01:13 INFO] Epoch 15/50  iter 600/743  loss=0.1774  lr=4.22e-05
[11:01:27 INFO] Epoch 15/50  iter 650/743  loss=0.1848  lr=4.21e-05
[11:01:40 INFO] Epoch 15/50  iter 700/743  loss=0.1419  lr=4.21e-05
[11:01:52 INFO] Epoch 15 complete — avg_loss=0.1675  time=201s
[11:03:51 INFO]   val mIoU = 0.7296
[11:03:52 INFO]   ★ New best val mIoU: 0.7296
[11:04:07 INFO] Epoch 16/50  iter 50/743  loss=0.2022  lr=4.19e-05
[11:04:20 INFO] Epoch 16/50  iter 100/743  loss=0.1291  lr=4.18e-05
[11:04:33 INFO] Epoch 16/50  iter 150/743  loss=0.1209  lr=4.18e-05
[11:04:47 INFO] Epoch 16/50  iter 200/743  loss=0.0924  lr=4.17e-05
[11:05:00 INFO] Epoch 16/50  iter 250/743  loss=0.2582  lr=4.16e-05
[11:05:13 INFO] Epoch 16/50  iter 300/743  loss=0.1493  lr=4.15e-05
[11:05:27 INFO] Epoch 16/50  iter 350/743  loss=0.1248  lr=4.14e-05
[11:05:40 INFO] Epoch 16/50  iter 400/743  loss=0.0980  lr=4.14e-05
[11:05:54 INFO] Epoch 16/50  iter 450/743  loss=0.2320  lr=4.13e-05
[11:06:07 INFO] Epoch 16/50  iter 500/743  loss=0.1424  lr=4.12e-05
[11:06:21 INFO] Epoch 16/50  iter 550/743  loss=0.1068  lr=4.11e-05
[11:06:34 INFO] Epoch 16/50  iter 600/743  loss=0.1645  lr=4.10e-05
[11:06:47 INFO] Epoch 16/50  iter 650/743  loss=0.1333  lr=4.09e-05
[11:07:01 INFO] Epoch 16/50  iter 700/743  loss=0.0533  lr=4.09e-05
[11:07:12 INFO] Epoch 16 complete — avg_loss=0.1649  time=200s
[11:07:27 INFO] Epoch 17/50  iter 50/743  loss=0.0616  lr=4.07e-05
[11:07:40 INFO] Epoch 17/50  iter 100/743  loss=0.1476  lr=4.06e-05
[11:07:54 INFO] Epoch 17/50  iter 150/743  loss=0.2262  lr=4.06e-05
[11:08:07 INFO] Epoch 17/50  iter 200/743  loss=0.0957  lr=4.05e-05
[11:08:21 INFO] Epoch 17/50  iter 250/743  loss=0.1839  lr=4.04e-05
[11:08:34 INFO] Epoch 17/50  iter 300/743  loss=0.1599  lr=4.03e-05
[11:08:48 INFO] Epoch 17/50  iter 350/743  loss=0.0880  lr=4.02e-05
[11:09:01 INFO] Epoch 17/50  iter 400/743  loss=0.1010  lr=4.02e-05
[11:09:14 INFO] Epoch 17/50  iter 450/743  loss=0.1943  lr=4.01e-05
[11:09:28 INFO] Epoch 17/50  iter 500/743  loss=0.1140  lr=4.00e-05
[11:09:41 INFO] Epoch 17/50  iter 550/743  loss=0.2016  lr=3.99e-05
[11:09:55 INFO] Epoch 17/50  iter 600/743  loss=0.0680  lr=3.98e-05
[11:10:08 INFO] Epoch 17/50  iter 650/743  loss=0.1339  lr=3.97e-05
[11:10:21 INFO] Epoch 17/50  iter 700/743  loss=0.1046  lr=3.97e-05
[11:10:33 INFO] Epoch 17 complete — avg_loss=0.1627  time=200s
[11:10:48 INFO] Epoch 18/50  iter 50/743  loss=0.1692  lr=3.95e-05
[11:11:01 INFO] Epoch 18/50  iter 100/743  loss=0.1726  lr=3.94e-05
[11:11:14 INFO] Epoch 18/50  iter 150/743  loss=0.1411  lr=3.94e-05
[11:11:28 INFO] Epoch 18/50  iter 200/743  loss=0.1039  lr=3.93e-05
[11:11:41 INFO] Epoch 18/50  iter 250/743  loss=0.1074  lr=3.92e-05
[11:11:55 INFO] Epoch 18/50  iter 300/743  loss=0.2279  lr=3.91e-05
[11:12:08 INFO] Epoch 18/50  iter 350/743  loss=0.6982  lr=3.90e-05
[11:12:21 INFO] Epoch 18/50  iter 400/743  loss=0.1239  lr=3.90e-05
[11:12:35 INFO] Epoch 18/50  iter 450/743  loss=0.3857  lr=3.89e-05
[11:12:48 INFO] Epoch 18/50  iter 500/743  loss=0.1002  lr=3.88e-05
[11:13:02 INFO] Epoch 18/50  iter 550/743  loss=0.1219  lr=3.87e-05
[11:13:15 INFO] Epoch 18/50  iter 600/743  loss=0.9810  lr=3.86e-05
[11:13:28 INFO] Epoch 18/50  iter 650/743  loss=0.1658  lr=3.85e-05
[11:13:42 INFO] Epoch 18/50  iter 700/743  loss=0.1155  lr=3.85e-05
[11:13:53 INFO] Epoch 18 complete — avg_loss=0.1578  time=200s
[11:14:08 INFO] Epoch 19/50  iter 50/743  loss=0.1115  lr=3.83e-05
[11:14:21 INFO] Epoch 19/50  iter 100/743  loss=0.1796  lr=3.82e-05
[11:14:35 INFO] Epoch 19/50  iter 150/743  loss=0.1962  lr=3.82e-05
[11:14:48 INFO] Epoch 19/50  iter 200/743  loss=0.1694  lr=3.81e-05
[11:15:02 INFO] Epoch 19/50  iter 250/743  loss=0.0887  lr=3.80e-05
[11:15:15 INFO] Epoch 19/50  iter 300/743  loss=0.1187  lr=3.79e-05
[11:15:29 INFO] Epoch 19/50  iter 350/743  loss=0.1807  lr=3.78e-05
[11:15:42 INFO] Epoch 19/50  iter 400/743  loss=0.2791  lr=3.78e-05
[11:15:56 INFO] Epoch 19/50  iter 450/743  loss=0.1341  lr=3.77e-05
[11:16:09 INFO] Epoch 19/50  iter 500/743  loss=0.0864  lr=3.76e-05
[11:16:22 INFO] Epoch 19/50  iter 550/743  loss=0.1051  lr=3.75e-05
[11:16:36 INFO] Epoch 19/50  iter 600/743  loss=0.1217  lr=3.74e-05
[11:16:49 INFO] Epoch 19/50  iter 650/743  loss=0.1766  lr=3.73e-05
[11:17:03 INFO] Epoch 19/50  iter 700/743  loss=0.1422  lr=3.73e-05
[11:17:14 INFO] Epoch 19 complete — avg_loss=0.1600  time=200s
[11:17:29 INFO] Epoch 20/50  iter 50/743  loss=0.1312  lr=3.71e-05
[11:17:42 INFO] Epoch 20/50  iter 100/743  loss=0.0711  lr=3.70e-05
[11:17:56 INFO] Epoch 20/50  iter 150/743  loss=0.0662  lr=3.70e-05
[11:18:09 INFO] Epoch 20/50  iter 200/743  loss=0.1219  lr=3.69e-05
[11:18:23 INFO] Epoch 20/50  iter 250/743  loss=0.1243  lr=3.68e-05
[11:18:36 INFO] Epoch 20/50  iter 300/743  loss=0.0690  lr=3.67e-05
[11:18:50 INFO] Epoch 20/50  iter 350/743  loss=0.1491  lr=3.66e-05
[11:19:03 INFO] Epoch 20/50  iter 400/743  loss=0.0992  lr=3.66e-05
[11:19:16 INFO] Epoch 20/50  iter 450/743  loss=0.1813  lr=3.65e-05
[11:19:30 INFO] Epoch 20/50  iter 500/743  loss=0.1607  lr=3.64e-05
[11:19:43 INFO] Epoch 20/50  iter 550/743  loss=0.1231  lr=3.63e-05
[11:19:57 INFO] Epoch 20/50  iter 600/743  loss=0.0812  lr=3.62e-05
[11:20:10 INFO] Epoch 20/50  iter 650/743  loss=0.1151  lr=3.61e-05
[11:20:23 INFO] Epoch 20/50  iter 700/743  loss=0.1780  lr=3.61e-05
[11:20:35 INFO] Epoch 20 complete — avg_loss=0.1506  time=200s
[11:22:34 INFO]   val mIoU = 0.7396
[11:22:35 INFO]   ★ New best val mIoU: 0.7396
[11:22:49 INFO] Epoch 21/50  iter 50/743  loss=0.0943  lr=3.59e-05
[11:23:03 INFO] Epoch 21/50  iter 100/743  loss=0.1062  lr=3.58e-05
[11:23:16 INFO] Epoch 21/50  iter 150/743  loss=0.4382  lr=3.58e-05
[11:23:30 INFO] Epoch 21/50  iter 200/743  loss=0.1388  lr=3.57e-05
[11:23:43 INFO] Epoch 21/50  iter 250/743  loss=0.1465  lr=3.56e-05
[11:23:56 INFO] Epoch 21/50  iter 300/743  loss=0.1129  lr=3.55e-05
[11:24:10 INFO] Epoch 21/50  iter 350/743  loss=0.0742  lr=3.54e-05
[11:24:23 INFO] Epoch 21/50  iter 400/743  loss=0.2016  lr=3.54e-05
[11:24:37 INFO] Epoch 21/50  iter 450/743  loss=0.3242  lr=3.53e-05
[11:24:50 INFO] Epoch 21/50  iter 500/743  loss=0.2142  lr=3.52e-05
[11:25:03 INFO] Epoch 21/50  iter 550/743  loss=0.1056  lr=3.51e-05
[11:25:17 INFO] Epoch 21/50  iter 600/743  loss=0.1193  lr=3.50e-05
[11:25:30 INFO] Epoch 21/50  iter 650/743  loss=0.2312  lr=3.49e-05
[11:25:44 INFO] Epoch 21/50  iter 700/743  loss=0.0863  lr=3.49e-05
[11:25:55 INFO] Epoch 21 complete — avg_loss=0.1499  time=200s
[11:26:10 INFO] Epoch 22/50  iter 50/743  loss=0.1471  lr=3.47e-05
[11:26:23 INFO] Epoch 22/50  iter 100/743  loss=0.0432  lr=3.46e-05
[11:26:37 INFO] Epoch 22/50  iter 150/743  loss=0.1338  lr=3.46e-05
[11:26:50 INFO] Epoch 22/50  iter 200/743  loss=0.0739  lr=3.45e-05
[11:27:04 INFO] Epoch 22/50  iter 250/743  loss=0.1139  lr=3.44e-05
[11:27:17 INFO] Epoch 22/50  iter 300/743  loss=0.1114  lr=3.43e-05
[11:27:31 INFO] Epoch 22/50  iter 350/743  loss=0.0548  lr=3.42e-05
[11:27:44 INFO] Epoch 22/50  iter 400/743  loss=0.2259  lr=3.42e-05
[11:27:57 INFO] Epoch 22/50  iter 450/743  loss=0.2589  lr=3.41e-05
[11:28:11 INFO] Epoch 22/50  iter 500/743  loss=0.1644  lr=3.40e-05
[11:28:24 INFO] Epoch 22/50  iter 550/743  loss=0.1757  lr=3.39e-05
[11:28:38 INFO] Epoch 22/50  iter 600/743  loss=0.1058  lr=3.38e-05
[11:28:51 INFO] Epoch 22/50  iter 650/743  loss=0.1755  lr=3.37e-05
[11:29:05 INFO] Epoch 22/50  iter 700/743  loss=0.1673  lr=3.37e-05
[11:29:16 INFO] Epoch 22 complete — avg_loss=0.1423  time=200s
[11:29:31 INFO] Epoch 23/50  iter 50/743  loss=0.0915  lr=3.35e-05
[11:29:44 INFO] Epoch 23/50  iter 100/743  loss=1.3188  lr=3.34e-05
[11:29:58 INFO] Epoch 23/50  iter 150/743  loss=0.2518  lr=3.34e-05
[11:30:11 INFO] Epoch 23/50  iter 200/743  loss=0.0993  lr=3.33e-05
[11:30:25 INFO] Epoch 23/50  iter 250/743  loss=0.1373  lr=3.32e-05
[11:30:38 INFO] Epoch 23/50  iter 300/743  loss=0.4602  lr=3.31e-05
[11:30:52 INFO] Epoch 23/50  iter 350/743  loss=0.1569  lr=3.30e-05
[11:31:05 INFO] Epoch 23/50  iter 400/743  loss=0.1372  lr=3.30e-05
[11:31:18 INFO] Epoch 23/50  iter 450/743  loss=0.1404  lr=3.29e-05
[11:31:32 INFO] Epoch 23/50  iter 500/743  loss=0.1048  lr=3.28e-05
[11:31:45 INFO] Epoch 23/50  iter 550/743  loss=0.0829  lr=3.27e-05
[11:31:59 INFO] Epoch 23/50  iter 600/743  loss=0.1737  lr=3.26e-05
[11:32:12 INFO] Epoch 23/50  iter 650/743  loss=0.1270  lr=3.25e-05
[11:32:26 INFO] Epoch 23/50  iter 700/743  loss=0.1406  lr=3.25e-05
[11:32:37 INFO] Epoch 23 complete — avg_loss=0.1475  time=200s
[11:32:52 INFO] Epoch 24/50  iter 50/743  loss=0.1074  lr=3.23e-05
[11:33:05 INFO] Epoch 24/50  iter 100/743  loss=0.0951  lr=3.22e-05
[11:33:19 INFO] Epoch 24/50  iter 150/743  loss=0.1852  lr=3.22e-05
[11:33:32 INFO] Epoch 24/50  iter 200/743  loss=0.1025  lr=3.21e-05
[11:33:46 INFO] Epoch 24/50  iter 250/743  loss=0.1077  lr=3.20e-05
[11:33:59 INFO] Epoch 24/50  iter 300/743  loss=0.1162  lr=3.19e-05
[11:34:13 INFO] Epoch 24/50  iter 350/743  loss=0.0792  lr=3.18e-05
[11:34:26 INFO] Epoch 24/50  iter 400/743  loss=0.1069  lr=3.18e-05
[11:34:40 INFO] Epoch 24/50  iter 450/743  loss=0.0595  lr=3.17e-05
[11:34:53 INFO] Epoch 24/50  iter 500/743  loss=0.2323  lr=3.16e-05
[11:35:07 INFO] Epoch 24/50  iter 550/743  loss=0.3288  lr=3.15e-05
[11:35:20 INFO] Epoch 24/50  iter 600/743  loss=0.2932  lr=3.14e-05
[11:35:33 INFO] Epoch 24/50  iter 650/743  loss=0.0766  lr=3.13e-05
[11:35:47 INFO] Epoch 24/50  iter 700/743  loss=0.1668  lr=3.13e-05
[11:35:58 INFO] Epoch 24 complete — avg_loss=0.1454  time=200s
[11:36:13 INFO] Epoch 25/50  iter 50/743  loss=0.1564  lr=3.11e-05
[11:36:27 INFO] Epoch 25/50  iter 100/743  loss=0.0505  lr=3.10e-05
[11:36:40 INFO] Epoch 25/50  iter 150/743  loss=0.1657  lr=3.10e-05
[11:36:53 INFO] Epoch 25/50  iter 200/743  loss=0.1569  lr=3.09e-05
[11:37:07 INFO] Epoch 25/50  iter 250/743  loss=0.0993  lr=3.08e-05
[11:37:20 INFO] Epoch 25/50  iter 300/743  loss=0.1185  lr=3.07e-05
[11:37:34 INFO] Epoch 25/50  iter 350/743  loss=0.2833  lr=3.06e-05
[11:37:47 INFO] Epoch 25/50  iter 400/743  loss=0.0992  lr=3.06e-05
[11:38:01 INFO] Epoch 25/50  iter 450/743  loss=0.1243  lr=3.05e-05
[11:38:14 INFO] Epoch 25/50  iter 500/743  loss=0.0332  lr=3.04e-05
[11:38:28 INFO] Epoch 25/50  iter 550/743  loss=0.1398  lr=3.03e-05
[11:38:41 INFO] Epoch 25/50  iter 600/743  loss=0.1387  lr=3.02e-05
[11:38:54 INFO] Epoch 25/50  iter 650/743  loss=0.3928  lr=3.01e-05
[11:39:08 INFO] Epoch 25/50  iter 700/743  loss=0.0926  lr=3.01e-05
[11:39:19 INFO] Epoch 25 complete — avg_loss=0.1444  time=200s
[11:41:19 INFO]   val mIoU = 0.7460
[11:41:20 INFO]   ★ New best val mIoU: 0.7460
[11:41:35 INFO] Epoch 26/50  iter 50/743  loss=0.1319  lr=2.99e-05
[11:41:48 INFO] Epoch 26/50  iter 100/743  loss=0.0810  lr=2.98e-05
[11:42:01 INFO] Epoch 26/50  iter 150/743  loss=0.1273  lr=2.98e-05
[11:42:15 INFO] Epoch 26/50  iter 200/743  loss=0.1750  lr=2.97e-05
[11:42:28 INFO] Epoch 26/50  iter 250/743  loss=0.1978  lr=2.96e-05
[11:42:41 INFO] Epoch 26/50  iter 300/743  loss=0.2391  lr=2.95e-05
[11:42:55 INFO] Epoch 26/50  iter 350/743  loss=0.2862  lr=2.94e-05
[11:43:08 INFO] Epoch 26/50  iter 400/743  loss=0.1339  lr=2.94e-05
[11:43:22 INFO] Epoch 26/50  iter 450/743  loss=0.1898  lr=2.93e-05
[11:43:35 INFO] Epoch 26/50  iter 500/743  loss=0.2468  lr=2.92e-05
[11:43:48 INFO] Epoch 26/50  iter 550/743  loss=0.1466  lr=2.91e-05
[11:44:02 INFO] Epoch 26/50  iter 600/743  loss=0.1319  lr=2.90e-05
[11:44:15 INFO] Epoch 26/50  iter 650/743  loss=0.1329  lr=2.89e-05
[11:44:28 INFO] Epoch 26/50  iter 700/743  loss=0.1623  lr=2.89e-05
[11:44:40 INFO] Epoch 26 complete — avg_loss=0.1514  time=199s
[11:44:55 INFO] Epoch 27/50  iter 50/743  loss=0.1322  lr=2.87e-05
[11:45:08 INFO] Epoch 27/50  iter 100/743  loss=0.1289  lr=2.86e-05
[11:45:22 INFO] Epoch 27/50  iter 150/743  loss=0.1360  lr=2.86e-05
[11:45:35 INFO] Epoch 27/50  iter 200/743  loss=0.0845  lr=2.85e-05
[11:45:49 INFO] Epoch 27/50  iter 250/743  loss=0.1161  lr=2.84e-05
[11:46:02 INFO] Epoch 27/50  iter 300/743  loss=0.3647  lr=2.83e-05
[11:46:15 INFO] Epoch 27/50  iter 350/743  loss=0.1619  lr=2.82e-05
[11:46:29 INFO] Epoch 27/50  iter 400/743  loss=0.1794  lr=2.82e-05
[11:46:42 INFO] Epoch 27/50  iter 450/743  loss=0.0612  lr=2.81e-05
[11:46:56 INFO] Epoch 27/50  iter 500/743  loss=0.2044  lr=2.80e-05
[11:47:09 INFO] Epoch 27/50  iter 550/743  loss=0.1382  lr=2.79e-05
[11:47:23 INFO] Epoch 27/50  iter 600/743  loss=0.0885  lr=2.78e-05
[11:47:36 INFO] Epoch 27/50  iter 650/743  loss=0.1384  lr=2.77e-05
[11:47:49 INFO] Epoch 27/50  iter 700/743  loss=0.1100  lr=2.77e-05
[11:48:01 INFO] Epoch 27 complete — avg_loss=0.1383  time=200s
[11:48:16 INFO] Epoch 28/50  iter 50/743  loss=0.1241  lr=2.75e-05
[11:48:29 INFO] Epoch 28/50  iter 100/743  loss=0.1341  lr=2.74e-05
[11:48:43 INFO] Epoch 28/50  iter 150/743  loss=0.1117  lr=2.74e-05
[11:48:56 INFO] Epoch 28/50  iter 200/743  loss=0.1372  lr=2.73e-05
[11:49:09 INFO] Epoch 28/50  iter 250/743  loss=0.1205  lr=2.72e-05
[11:49:23 INFO] Epoch 28/50  iter 300/743  loss=0.2266  lr=2.71e-05
[11:49:36 INFO] Epoch 28/50  iter 350/743  loss=0.1424  lr=2.70e-05
[11:49:50 INFO] Epoch 28/50  iter 400/743  loss=0.1050  lr=2.70e-05
[11:50:03 INFO] Epoch 28/50  iter 450/743  loss=0.1073  lr=2.69e-05
[11:50:17 INFO] Epoch 28/50  iter 500/743  loss=0.1426  lr=2.68e-05
[11:50:30 INFO] Epoch 28/50  iter 550/743  loss=0.1789  lr=2.67e-05
[11:50:43 INFO] Epoch 28/50  iter 600/743  loss=0.3532  lr=2.66e-05
[11:50:57 INFO] Epoch 28/50  iter 650/743  loss=0.0696  lr=2.65e-05
[11:51:10 INFO] Epoch 28/50  iter 700/743  loss=0.1125  lr=2.65e-05
[11:51:22 INFO] Epoch 28 complete — avg_loss=0.1354  time=200s
[11:51:37 INFO] Epoch 29/50  iter 50/743  loss=0.1684  lr=2.63e-05
[11:51:50 INFO] Epoch 29/50  iter 100/743  loss=0.1492  lr=2.62e-05
[11:52:03 INFO] Epoch 29/50  iter 150/743  loss=0.1188  lr=2.62e-05
[11:52:17 INFO] Epoch 29/50  iter 200/743  loss=0.1218  lr=2.61e-05
[11:52:30 INFO] Epoch 29/50  iter 250/743  loss=0.0769  lr=2.60e-05
[11:52:44 INFO] Epoch 29/50  iter 300/743  loss=0.1402  lr=2.59e-05
[11:52:57 INFO] Epoch 29/50  iter 350/743  loss=0.1587  lr=2.58e-05
[11:53:11 INFO] Epoch 29/50  iter 400/743  loss=0.1218  lr=2.58e-05
[11:53:24 INFO] Epoch 29/50  iter 450/743  loss=0.1417  lr=2.57e-05
[11:53:38 INFO] Epoch 29/50  iter 500/743  loss=0.0607  lr=2.56e-05
[11:53:51 INFO] Epoch 29/50  iter 550/743  loss=0.1944  lr=2.55e-05
[11:54:04 INFO] Epoch 29/50  iter 600/743  loss=0.0605  lr=2.54e-05
[11:54:18 INFO] Epoch 29/50  iter 650/743  loss=0.0965  lr=2.53e-05
[11:54:31 INFO] Epoch 29/50  iter 700/743  loss=0.0897  lr=2.53e-05
[11:54:43 INFO] Epoch 29 complete — avg_loss=0.1409  time=200s
[11:54:58 INFO] Epoch 30/50  iter 50/743  loss=0.1963  lr=2.51e-05
[11:55:11 INFO] Epoch 30/50  iter 100/743  loss=0.0767  lr=2.50e-05
[11:55:24 INFO] Epoch 30/50  iter 150/743  loss=0.0357  lr=2.50e-05
[11:55:38 INFO] Epoch 30/50  iter 200/743  loss=0.0596  lr=2.49e-05
[11:55:51 INFO] Epoch 30/50  iter 250/743  loss=0.0669  lr=2.48e-05
[11:56:05 INFO] Epoch 30/50  iter 300/743  loss=0.1317  lr=2.47e-05
[11:56:18 INFO] Epoch 30/50  iter 350/743  loss=0.0686  lr=2.46e-05
[11:56:32 INFO] Epoch 30/50  iter 400/743  loss=0.1318  lr=2.46e-05
[11:56:45 INFO] Epoch 30/50  iter 450/743  loss=0.0620  lr=2.45e-05
[11:56:59 INFO] Epoch 30/50  iter 500/743  loss=0.0859  lr=2.44e-05
[11:57:12 INFO] Epoch 30/50  iter 550/743  loss=0.2101  lr=2.43e-05
[11:57:25 INFO] Epoch 30/50  iter 600/743  loss=0.0889  lr=2.42e-05
[11:57:39 INFO] Epoch 30/50  iter 650/743  loss=0.1517  lr=2.41e-05
[11:57:52 INFO] Epoch 30/50  iter 700/743  loss=0.1218  lr=2.41e-05
[11:58:04 INFO] Epoch 30 complete — avg_loss=0.1384  time=200s
[12:00:05 INFO]   val mIoU = 0.7579
[12:00:05 INFO]   ★ New best val mIoU: 0.7579
[12:00:20 INFO] Epoch 31/50  iter 50/743  loss=0.1158  lr=2.39e-05
[12:00:33 INFO] Epoch 31/50  iter 100/743  loss=0.1382  lr=2.38e-05
[12:00:47 INFO] Epoch 31/50  iter 150/743  loss=0.1545  lr=2.38e-05
[12:01:00 INFO] Epoch 31/50  iter 200/743  loss=0.4926  lr=2.37e-05
[12:01:14 INFO] Epoch 31/50  iter 250/743  loss=0.0967  lr=2.36e-05
[12:01:27 INFO] Epoch 31/50  iter 300/743  loss=0.4028  lr=2.35e-05
[12:01:40 INFO] Epoch 31/50  iter 350/743  loss=0.2606  lr=2.34e-05
[12:01:54 INFO] Epoch 31/50  iter 400/743  loss=0.0637  lr=2.34e-05
[12:02:07 INFO] Epoch 31/50  iter 450/743  loss=0.1542  lr=2.33e-05
[12:02:20 INFO] Epoch 31/50  iter 500/743  loss=0.1042  lr=2.32e-05
[12:02:34 INFO] Epoch 31/50  iter 550/743  loss=0.4126  lr=2.31e-05
[12:02:47 INFO] Epoch 31/50  iter 600/743  loss=0.0862  lr=2.30e-05
[12:03:01 INFO] Epoch 31/50  iter 650/743  loss=0.1379  lr=2.29e-05
[12:03:14 INFO] Epoch 31/50  iter 700/743  loss=0.0879  lr=2.29e-05
[12:03:26 INFO] Epoch 31 complete — avg_loss=0.1339  time=199s
[12:03:40 INFO] Epoch 32/50  iter 50/743  loss=0.1440  lr=2.27e-05
[12:03:54 INFO] Epoch 32/50  iter 100/743  loss=0.1774  lr=2.26e-05
[12:04:07 INFO] Epoch 32/50  iter 150/743  loss=0.0829  lr=2.26e-05
[12:04:21 INFO] Epoch 32/50  iter 200/743  loss=0.1043  lr=2.25e-05
[12:04:34 INFO] Epoch 32/50  iter 250/743  loss=0.1302  lr=2.24e-05
[12:04:47 INFO] Epoch 32/50  iter 300/743  loss=0.0362  lr=2.23e-05
[12:05:01 INFO] Epoch 32/50  iter 350/743  loss=0.2057  lr=2.22e-05
[12:05:14 INFO] Epoch 32/50  iter 400/743  loss=0.1011  lr=2.22e-05
[12:05:28 INFO] Epoch 32/50  iter 450/743  loss=0.0738  lr=2.21e-05
[12:05:41 INFO] Epoch 32/50  iter 500/743  loss=0.1513  lr=2.20e-05
[12:05:54 INFO] Epoch 32/50  iter 550/743  loss=0.0701  lr=2.19e-05
[12:06:08 INFO] Epoch 32/50  iter 600/743  loss=0.1144  lr=2.18e-05
[12:06:21 INFO] Epoch 32/50  iter 650/743  loss=0.1300  lr=2.17e-05
[12:06:35 INFO] Epoch 32/50  iter 700/743  loss=0.1662  lr=2.17e-05
[12:06:46 INFO] Epoch 32 complete — avg_loss=0.1300  time=200s
[12:07:01 INFO] Epoch 33/50  iter 50/743  loss=0.1350  lr=2.15e-05
[12:07:14 INFO] Epoch 33/50  iter 100/743  loss=0.0846  lr=2.14e-05
[12:07:28 INFO] Epoch 33/50  iter 150/743  loss=0.0944  lr=2.14e-05
[12:07:41 INFO] Epoch 33/50  iter 200/743  loss=0.0553  lr=2.13e-05
[12:07:55 INFO] Epoch 33/50  iter 250/743  loss=0.0567  lr=2.12e-05
[12:08:08 INFO] Epoch 33/50  iter 300/743  loss=0.1098  lr=2.11e-05
[12:08:22 INFO] Epoch 33/50  iter 350/743  loss=0.1922  lr=2.10e-05
[12:08:35 INFO] Epoch 33/50  iter 400/743  loss=0.1574  lr=2.10e-05
[12:08:48 INFO] Epoch 33/50  iter 450/743  loss=0.1566  lr=2.09e-05
[12:09:02 INFO] Epoch 33/50  iter 500/743  loss=0.0866  lr=2.08e-05
[12:09:15 INFO] Epoch 33/50  iter 550/743  loss=0.1006  lr=2.07e-05
[12:09:29 INFO] Epoch 33/50  iter 600/743  loss=0.0519  lr=2.06e-05
[12:09:42 INFO] Epoch 33/50  iter 650/743  loss=0.0912  lr=2.05e-05
[12:09:56 INFO] Epoch 33/50  iter 700/743  loss=0.0481  lr=2.05e-05
[12:10:07 INFO] Epoch 33 complete — avg_loss=0.1329  time=200s
[12:10:22 INFO] Epoch 34/50  iter 50/743  loss=0.0408  lr=2.03e-05
[12:10:35 INFO] Epoch 34/50  iter 100/743  loss=0.1239  lr=2.02e-05
[12:10:49 INFO] Epoch 34/50  iter 150/743  loss=0.1269  lr=2.02e-05
[12:11:02 INFO] Epoch 34/50  iter 200/743  loss=0.1395  lr=2.01e-05
[12:11:16 INFO] Epoch 34/50  iter 250/743  loss=0.1668  lr=2.00e-05
[12:11:29 INFO] Epoch 34/50  iter 300/743  loss=0.1769  lr=1.99e-05
[12:11:43 INFO] Epoch 34/50  iter 350/743  loss=0.2060  lr=1.98e-05
[12:11:56 INFO] Epoch 34/50  iter 400/743  loss=0.1176  lr=1.98e-05
[12:12:09 INFO] Epoch 34/50  iter 450/743  loss=0.1036  lr=1.97e-05
[12:12:23 INFO] Epoch 34/50  iter 500/743  loss=0.1314  lr=1.96e-05
[12:12:36 INFO] Epoch 34/50  iter 550/743  loss=0.1296  lr=1.95e-05
[12:12:50 INFO] Epoch 34/50  iter 600/743  loss=0.3349  lr=1.94e-05
[12:13:03 INFO] Epoch 34/50  iter 650/743  loss=0.1120  lr=1.93e-05
[12:13:17 INFO] Epoch 34/50  iter 700/743  loss=0.0697  lr=1.93e-05
[12:13:28 INFO] Epoch 34 complete — avg_loss=0.1329  time=200s
[12:13:43 INFO] Epoch 35/50  iter 50/743  loss=0.0743  lr=1.91e-05
[12:13:56 INFO] Epoch 35/50  iter 100/743  loss=0.1653  lr=1.90e-05
[12:14:10 INFO] Epoch 35/50  iter 150/743  loss=0.1356  lr=1.90e-05
[12:14:23 INFO] Epoch 35/50  iter 200/743  loss=0.1350  lr=1.89e-05
[12:14:37 INFO] Epoch 35/50  iter 250/743  loss=0.0877  lr=1.88e-05
[12:14:50 INFO] Epoch 35/50  iter 300/743  loss=0.1552  lr=1.87e-05
[12:15:03 INFO] Epoch 35/50  iter 350/743  loss=0.0964  lr=1.86e-05
[12:15:17 INFO] Epoch 35/50  iter 400/743  loss=0.0868  lr=1.86e-05
[12:15:30 INFO] Epoch 35/50  iter 450/743  loss=0.4919  lr=1.85e-05
[12:15:44 INFO] Epoch 35/50  iter 500/743  loss=0.1834  lr=1.84e-05
[12:15:57 INFO] Epoch 35/50  iter 550/743  loss=0.9109  lr=1.83e-05
[12:16:11 INFO] Epoch 35/50  iter 600/743  loss=0.1120  lr=1.82e-05
[12:16:24 INFO] Epoch 35/50  iter 650/743  loss=0.1126  lr=1.81e-05
[12:16:37 INFO] Epoch 35/50  iter 700/743  loss=0.0927  lr=1.81e-05
[12:16:49 INFO] Epoch 35 complete — avg_loss=0.1305  time=200s
[12:18:51 INFO]   val mIoU = 0.7616
[12:18:52 INFO]   ★ New best val mIoU: 0.7616
[12:19:07 INFO] Epoch 36/50  iter 50/743  loss=0.1274  lr=1.79e-05
[12:19:20 INFO] Epoch 36/50  iter 100/743  loss=0.1843  lr=1.78e-05
[12:19:33 INFO] Epoch 36/50  iter 150/743  loss=0.1140  lr=1.78e-05
[12:19:47 INFO] Epoch 36/50  iter 200/743  loss=0.0880  lr=1.77e-05
[12:20:00 INFO] Epoch 36/50  iter 250/743  loss=0.0702  lr=1.76e-05
[12:20:13 INFO] Epoch 36/50  iter 300/743  loss=0.1148  lr=1.75e-05
[12:20:27 INFO] Epoch 36/50  iter 350/743  loss=0.0704  lr=1.74e-05
[12:20:40 INFO] Epoch 36/50  iter 400/743  loss=0.0697  lr=1.74e-05
[12:20:54 INFO] Epoch 36/50  iter 450/743  loss=0.0908  lr=1.73e-05
[12:21:07 INFO] Epoch 36/50  iter 500/743  loss=0.1015  lr=1.72e-05
[12:21:20 INFO] Epoch 36/50  iter 550/743  loss=0.1026  lr=1.71e-05
[12:21:34 INFO] Epoch 36/50  iter 600/743  loss=0.0819  lr=1.70e-05
[12:21:47 INFO] Epoch 36/50  iter 650/743  loss=0.0458  lr=1.69e-05
[12:22:01 INFO] Epoch 36/50  iter 700/743  loss=0.1841  lr=1.69e-05
[12:22:12 INFO] Epoch 36 complete — avg_loss=0.1235  time=199s
[12:22:27 INFO] Epoch 37/50  iter 50/743  loss=0.0943  lr=1.67e-05
[12:22:40 INFO] Epoch 37/50  iter 100/743  loss=0.1400  lr=1.66e-05
[12:22:54 INFO] Epoch 37/50  iter 150/743  loss=0.0675  lr=1.66e-05
[12:23:07 INFO] Epoch 37/50  iter 200/743  loss=0.1788  lr=1.65e-05
[12:23:20 INFO] Epoch 37/50  iter 250/743  loss=0.0546  lr=1.64e-05
[12:23:34 INFO] Epoch 37/50  iter 300/743  loss=0.1166  lr=1.63e-05
[12:23:47 INFO] Epoch 37/50  iter 350/743  loss=0.1256  lr=1.62e-05
[12:24:01 INFO] Epoch 37/50  iter 400/743  loss=0.2558  lr=1.62e-05
[12:24:14 INFO] Epoch 37/50  iter 450/743  loss=0.0856  lr=1.61e-05
[12:24:28 INFO] Epoch 37/50  iter 500/743  loss=0.1442  lr=1.60e-05
[12:24:41 INFO] Epoch 37/50  iter 550/743  loss=0.1551  lr=1.59e-05
[12:24:55 INFO] Epoch 37/50  iter 600/743  loss=0.1205  lr=1.58e-05
[12:25:08 INFO] Epoch 37/50  iter 650/743  loss=0.1389  lr=1.57e-05
[12:25:21 INFO] Epoch 37/50  iter 700/743  loss=0.1280  lr=1.57e-05
[12:25:33 INFO] Epoch 37 complete — avg_loss=0.1305  time=200s
[12:25:48 INFO] Epoch 38/50  iter 50/743  loss=0.2223  lr=1.55e-05
[12:26:01 INFO] Epoch 38/50  iter 100/743  loss=0.0507  lr=1.54e-05
[12:26:14 INFO] Epoch 38/50  iter 150/743  loss=0.1063  lr=1.54e-05
[12:26:28 INFO] Epoch 38/50  iter 200/743  loss=0.0627  lr=1.53e-05
[12:26:41 INFO] Epoch 38/50  iter 250/743  loss=0.1144  lr=1.52e-05
[12:26:55 INFO] Epoch 38/50  iter 300/743  loss=0.0952  lr=1.51e-05
[12:27:08 INFO] Epoch 38/50  iter 350/743  loss=0.1818  lr=1.50e-05
[12:27:22 INFO] Epoch 38/50  iter 400/743  loss=0.0467  lr=1.50e-05
[12:27:35 INFO] Epoch 38/50  iter 450/743  loss=0.1465  lr=1.49e-05
[12:27:48 INFO] Epoch 38/50  iter 500/743  loss=0.2017  lr=1.48e-05
[12:28:02 INFO] Epoch 38/50  iter 550/743  loss=0.1495  lr=1.47e-05
[12:28:15 INFO] Epoch 38/50  iter 600/743  loss=0.1595  lr=1.46e-05
[12:28:29 INFO] Epoch 38/50  iter 650/743  loss=0.0923  lr=1.45e-05
[12:28:42 INFO] Epoch 38/50  iter 700/743  loss=0.0835  lr=1.45e-05
[12:28:54 INFO] Epoch 38 complete — avg_loss=0.1262  time=200s
[12:29:08 INFO] Epoch 39/50  iter 50/743  loss=0.0592  lr=1.43e-05
[12:29:22 INFO] Epoch 39/50  iter 100/743  loss=0.0617  lr=1.42e-05
[12:29:35 INFO] Epoch 39/50  iter 150/743  loss=0.0754  lr=1.42e-05
[12:29:49 INFO] Epoch 39/50  iter 200/743  loss=0.6418  lr=1.41e-05
[12:30:02 INFO] Epoch 39/50  iter 250/743  loss=0.1216  lr=1.40e-05
[12:30:15 INFO] Epoch 39/50  iter 300/743  loss=0.1026  lr=1.39e-05
[12:30:29 INFO] Epoch 39/50  iter 350/743  loss=0.1890  lr=1.38e-05
[12:30:42 INFO] Epoch 39/50  iter 400/743  loss=0.1286  lr=1.38e-05
[12:30:56 INFO] Epoch 39/50  iter 450/743  loss=0.1897  lr=1.37e-05
[12:31:09 INFO] Epoch 39/50  iter 500/743  loss=0.0945  lr=1.36e-05
[12:31:23 INFO] Epoch 39/50  iter 550/743  loss=0.1143  lr=1.35e-05
[12:31:36 INFO] Epoch 39/50  iter 600/743  loss=0.3304  lr=1.34e-05
[12:31:49 INFO] Epoch 39/50  iter 650/743  loss=0.1242  lr=1.33e-05
[12:32:03 INFO] Epoch 39/50  iter 700/743  loss=0.0806  lr=1.33e-05
[12:32:14 INFO] Epoch 39 complete — avg_loss=0.1287  time=200s
[12:32:29 INFO] Epoch 40/50  iter 50/743  loss=0.4459  lr=1.31e-05
[12:32:43 INFO] Epoch 40/50  iter 100/743  loss=0.1103  lr=1.30e-05
[12:32:56 INFO] Epoch 40/50  iter 150/743  loss=0.0472  lr=1.30e-05
[12:33:09 INFO] Epoch 40/50  iter 200/743  loss=0.1116  lr=1.29e-05
[12:33:23 INFO] Epoch 40/50  iter 250/743  loss=0.1505  lr=1.28e-05
[12:33:36 INFO] Epoch 40/50  iter 300/743  loss=0.1250  lr=1.27e-05
[12:33:50 INFO] Epoch 40/50  iter 350/743  loss=0.2984  lr=1.26e-05
[12:34:03 INFO] Epoch 40/50  iter 400/743  loss=0.1092  lr=1.26e-05
[12:34:17 INFO] Epoch 40/50  iter 450/743  loss=0.1158  lr=1.25e-05
[12:34:30 INFO] Epoch 40/50  iter 500/743  loss=0.1930  lr=1.24e-05
[12:34:44 INFO] Epoch 40/50  iter 550/743  loss=0.1841  lr=1.23e-05
[12:34:57 INFO] Epoch 40/50  iter 600/743  loss=0.2116  lr=1.22e-05
[12:35:10 INFO] Epoch 40/50  iter 650/743  loss=0.1707  lr=1.21e-05
[12:35:24 INFO] Epoch 40/50  iter 700/743  loss=0.0731  lr=1.21e-05
[12:35:35 INFO] Epoch 40 complete — avg_loss=0.1238  time=200s
[12:37:35 INFO]   val mIoU = 0.7683
[12:37:36 INFO]   ★ New best val mIoU: 0.7683
[12:37:51 INFO] Epoch 41/50  iter 50/743  loss=0.0971  lr=1.19e-05
[12:38:04 INFO] Epoch 41/50  iter 100/743  loss=0.0948  lr=1.18e-05
[12:38:17 INFO] Epoch 41/50  iter 150/743  loss=0.0698  lr=1.18e-05
[12:38:31 INFO] Epoch 41/50  iter 200/743  loss=0.0602  lr=1.17e-05
[12:38:44 INFO] Epoch 41/50  iter 250/743  loss=0.1189  lr=1.16e-05
[12:38:57 INFO] Epoch 41/50  iter 300/743  loss=0.0740  lr=1.15e-05
[12:39:11 INFO] Epoch 41/50  iter 350/743  loss=0.0827  lr=1.14e-05
[12:39:24 INFO] Epoch 41/50  iter 400/743  loss=0.1257  lr=1.14e-05
[12:39:38 INFO] Epoch 41/50  iter 450/743  loss=0.1435  lr=1.13e-05
[12:39:51 INFO] Epoch 41/50  iter 500/743  loss=0.0738  lr=1.12e-05
[12:40:04 INFO] Epoch 41/50  iter 550/743  loss=0.0608  lr=1.11e-05
[12:40:18 INFO] Epoch 41/50  iter 600/743  loss=0.0856  lr=1.10e-05
[12:40:31 INFO] Epoch 41/50  iter 650/743  loss=0.1688  lr=1.09e-05
[12:40:45 INFO] Epoch 41/50  iter 700/743  loss=0.0805  lr=1.09e-05
[12:40:56 INFO] Epoch 41 complete — avg_loss=0.1204  time=199s
[12:41:11 INFO] Epoch 42/50  iter 50/743  loss=0.0878  lr=1.07e-05
[12:41:24 INFO] Epoch 42/50  iter 100/743  loss=0.1189  lr=1.06e-05
[12:41:38 INFO] Epoch 42/50  iter 150/743  loss=0.1723  lr=1.06e-05
[12:41:51 INFO] Epoch 42/50  iter 200/743  loss=0.1319  lr=1.05e-05
[12:42:05 INFO] Epoch 42/50  iter 250/743  loss=0.0643  lr=1.04e-05
[12:42:18 INFO] Epoch 42/50  iter 300/743  loss=0.1465  lr=1.03e-05
[12:42:32 INFO] Epoch 42/50  iter 350/743  loss=0.1127  lr=1.02e-05
[12:42:45 INFO] Epoch 42/50  iter 400/743  loss=0.0836  lr=1.02e-05
[12:42:58 INFO] Epoch 42/50  iter 450/743  loss=0.0752  lr=1.01e-05
[12:43:12 INFO] Epoch 42/50  iter 500/743  loss=0.0814  lr=9.99e-06
[12:43:25 INFO] Epoch 42/50  iter 550/743  loss=0.0909  lr=9.91e-06
[12:43:39 INFO] Epoch 42/50  iter 600/743  loss=0.1082  lr=9.83e-06
[12:43:52 INFO] Epoch 42/50  iter 650/743  loss=0.0634  lr=9.75e-06
[12:44:05 INFO] Epoch 42/50  iter 700/743  loss=0.1205  lr=9.67e-06
[12:44:17 INFO] Epoch 42 complete — avg_loss=0.1198  time=200s
[12:44:32 INFO] Epoch 43/50  iter 50/743  loss=0.0503  lr=9.52e-06
[12:44:45 INFO] Epoch 43/50  iter 100/743  loss=0.1760  lr=9.44e-06
[12:44:58 INFO] Epoch 43/50  iter 150/743  loss=0.1327  lr=9.36e-06
[12:45:12 INFO] Epoch 43/50  iter 200/743  loss=0.0672  lr=9.28e-06
[12:45:25 INFO] Epoch 43/50  iter 250/743  loss=0.0871  lr=9.19e-06
[12:45:39 INFO] Epoch 43/50  iter 300/743  loss=0.1018  lr=9.11e-06
[12:45:52 INFO] Epoch 43/50  iter 350/743  loss=0.1042  lr=9.03e-06
[12:46:05 INFO] Epoch 43/50  iter 400/743  loss=0.0871  lr=8.95e-06
[12:46:19 INFO] Epoch 43/50  iter 450/743  loss=0.0841  lr=8.87e-06
[12:46:32 INFO] Epoch 43/50  iter 500/743  loss=0.0913  lr=8.79e-06
[12:46:46 INFO] Epoch 43/50  iter 550/743  loss=0.0941  lr=8.71e-06
[12:46:59 INFO] Epoch 43/50  iter 600/743  loss=0.0605  lr=8.63e-06
[12:47:13 INFO] Epoch 43/50  iter 650/743  loss=0.1916  lr=8.55e-06
[12:47:26 INFO] Epoch 43/50  iter 700/743  loss=0.0817  lr=8.47e-06
[12:47:38 INFO] Epoch 43 complete — avg_loss=0.1227  time=200s
[12:47:52 INFO] Epoch 44/50  iter 50/743  loss=0.0857  lr=8.32e-06
[12:48:06 INFO] Epoch 44/50  iter 100/743  loss=0.1247  lr=8.24e-06
[12:48:19 INFO] Epoch 44/50  iter 150/743  loss=0.1121  lr=8.16e-06
[12:48:33 INFO] Epoch 44/50  iter 200/743  loss=0.1027  lr=8.08e-06
[12:48:46 INFO] Epoch 44/50  iter 250/743  loss=0.0839  lr=7.99e-06
[12:48:59 INFO] Epoch 44/50  iter 300/743  loss=0.1006  lr=7.91e-06
[12:49:13 INFO] Epoch 44/50  iter 350/743  loss=0.0812  lr=7.83e-06
[12:49:26 INFO] Epoch 44/50  iter 400/743  loss=0.1835  lr=7.75e-06
[12:49:40 INFO] Epoch 44/50  iter 450/743  loss=0.1018  lr=7.67e-06
[12:49:53 INFO] Epoch 44/50  iter 500/743  loss=0.1115  lr=7.59e-06
[12:50:07 INFO] Epoch 44/50  iter 550/743  loss=0.1720  lr=7.51e-06
[12:50:20 INFO] Epoch 44/50  iter 600/743  loss=0.1247  lr=7.43e-06
[12:50:34 INFO] Epoch 44/50  iter 650/743  loss=0.1063  lr=7.35e-06
[12:50:47 INFO] Epoch 44/50  iter 700/743  loss=0.0740  lr=7.27e-06
[12:50:59 INFO] Epoch 44 complete — avg_loss=0.1186  time=201s
[12:51:13 INFO] Epoch 45/50  iter 50/743  loss=0.0404  lr=7.12e-06
[12:51:27 INFO] Epoch 45/50  iter 100/743  loss=0.1189  lr=7.04e-06
[12:51:40 INFO] Epoch 45/50  iter 150/743  loss=0.1119  lr=6.96e-06
[12:51:54 INFO] Epoch 45/50  iter 200/743  loss=0.1561  lr=6.88e-06
[12:52:07 INFO] Epoch 45/50  iter 250/743  loss=0.1151  lr=6.79e-06
[12:52:20 INFO] Epoch 45/50  iter 300/743  loss=0.1340  lr=6.71e-06
[12:52:34 INFO] Epoch 45/50  iter 350/743  loss=0.0889  lr=6.63e-06
[12:52:47 INFO] Epoch 45/50  iter 400/743  loss=0.1579  lr=6.55e-06
[12:53:01 INFO] Epoch 45/50  iter 450/743  loss=0.0802  lr=6.47e-06
[12:53:14 INFO] Epoch 45/50  iter 500/743  loss=0.1396  lr=6.39e-06
[12:53:27 INFO] Epoch 45/50  iter 550/743  loss=0.2763  lr=6.31e-06
[12:53:41 INFO] Epoch 45/50  iter 600/743  loss=0.1273  lr=6.23e-06
[12:53:54 INFO] Epoch 45/50  iter 650/743  loss=0.0818  lr=6.15e-06
[12:54:08 INFO] Epoch 45/50  iter 700/743  loss=0.0855  lr=6.07e-06
[12:54:19 INFO] Epoch 45 complete — avg_loss=0.1178  time=200s
[12:56:25 INFO]   val mIoU = 0.7695
[12:56:25 INFO]   ★ New best val mIoU: 0.7695
[12:56:40 INFO] Epoch 46/50  iter 50/743  loss=0.1024  lr=5.92e-06
[12:56:53 INFO] Epoch 46/50  iter 100/743  loss=0.0838  lr=5.84e-06
[12:57:07 INFO] Epoch 46/50  iter 150/743  loss=0.1491  lr=5.76e-06
[12:57:20 INFO] Epoch 46/50  iter 200/743  loss=0.1003  lr=5.68e-06
[12:57:33 INFO] Epoch 46/50  iter 250/743  loss=0.1524  lr=5.59e-06
[12:57:47 INFO] Epoch 46/50  iter 300/743  loss=0.1212  lr=5.51e-06
[12:58:00 INFO] Epoch 46/50  iter 350/743  loss=0.1403  lr=5.43e-06
[12:58:13 INFO] Epoch 46/50  iter 400/743  loss=0.1325  lr=5.35e-06
[12:58:27 INFO] Epoch 46/50  iter 450/743  loss=0.0788  lr=5.27e-06
[12:58:40 INFO] Epoch 46/50  iter 500/743  loss=0.0616  lr=5.19e-06
[12:58:54 INFO] Epoch 46/50  iter 550/743  loss=0.6754  lr=5.11e-06
[12:59:07 INFO] Epoch 46/50  iter 600/743  loss=0.1413  lr=5.03e-06
[12:59:20 INFO] Epoch 46/50  iter 650/743  loss=0.2068  lr=4.95e-06
[12:59:34 INFO] Epoch 46/50  iter 700/743  loss=0.0650  lr=4.87e-06
[12:59:45 INFO] Epoch 46 complete — avg_loss=0.1207  time=199s
[13:00:00 INFO] Epoch 47/50  iter 50/743  loss=0.1412  lr=4.72e-06
[13:00:13 INFO] Epoch 47/50  iter 100/743  loss=0.0629  lr=4.64e-06
[13:00:27 INFO] Epoch 47/50  iter 150/743  loss=0.0840  lr=4.56e-06
[13:00:40 INFO] Epoch 47/50  iter 200/743  loss=0.1104  lr=4.48e-06
[13:00:54 INFO] Epoch 47/50  iter 250/743  loss=0.0974  lr=4.39e-06
[13:01:07 INFO] Epoch 47/50  iter 300/743  loss=0.1117  lr=4.31e-06
[13:01:20 INFO] Epoch 47/50  iter 350/743  loss=0.1216  lr=4.23e-06
[13:01:34 INFO] Epoch 47/50  iter 400/743  loss=0.1085  lr=4.15e-06
[13:01:47 INFO] Epoch 47/50  iter 450/743  loss=0.1560  lr=4.07e-06
[13:02:01 INFO] Epoch 47/50  iter 500/743  loss=0.1074  lr=3.99e-06
[13:02:14 INFO] Epoch 47/50  iter 550/743  loss=0.1229  lr=3.91e-06
[13:02:27 INFO] Epoch 47/50  iter 600/743  loss=0.2952  lr=3.83e-06
[13:02:41 INFO] Epoch 47/50  iter 650/743  loss=0.0776  lr=3.75e-06
[13:02:54 INFO] Epoch 47/50  iter 700/743  loss=0.1176  lr=3.67e-06
[13:03:06 INFO] Epoch 47 complete — avg_loss=0.1176  time=200s
[13:03:20 INFO] Epoch 48/50  iter 50/743  loss=0.0928  lr=3.52e-06
[13:03:34 INFO] Epoch 48/50  iter 100/743  loss=0.0544  lr=3.44e-06
[13:03:47 INFO] Epoch 48/50  iter 150/743  loss=0.1106  lr=3.36e-06
[13:04:01 INFO] Epoch 48/50  iter 200/743  loss=0.2282  lr=3.28e-06
[13:04:14 INFO] Epoch 48/50  iter 250/743  loss=0.0793  lr=3.19e-06
[13:04:28 INFO] Epoch 48/50  iter 300/743  loss=0.0701  lr=3.11e-06
[13:04:41 INFO] Epoch 48/50  iter 350/743  loss=0.1419  lr=3.03e-06
[13:04:55 INFO] Epoch 48/50  iter 400/743  loss=0.2080  lr=2.95e-06
[13:05:08 INFO] Epoch 48/50  iter 450/743  loss=0.0914  lr=2.87e-06
[13:05:21 INFO] Epoch 48/50  iter 500/743  loss=0.0547  lr=2.79e-06
[13:05:35 INFO] Epoch 48/50  iter 550/743  loss=0.1004  lr=2.71e-06
[13:05:48 INFO] Epoch 48/50  iter 600/743  loss=0.1368  lr=2.63e-06
[13:06:02 INFO] Epoch 48/50  iter 650/743  loss=0.0967  lr=2.55e-06
[13:06:15 INFO] Epoch 48/50  iter 700/743  loss=0.1629  lr=2.47e-06
[13:06:27 INFO] Epoch 48 complete — avg_loss=0.1164  time=200s
[13:06:42 INFO] Epoch 49/50  iter 50/743  loss=0.1106  lr=2.32e-06
[13:06:55 INFO] Epoch 49/50  iter 100/743  loss=0.1325  lr=2.24e-06
[13:07:08 INFO] Epoch 49/50  iter 150/743  loss=0.1322  lr=2.16e-06
[13:07:22 INFO] Epoch 49/50  iter 200/743  loss=0.1141  lr=2.08e-06
[13:07:35 INFO] Epoch 49/50  iter 250/743  loss=0.2456  lr=1.99e-06
[13:07:49 INFO] Epoch 49/50  iter 300/743  loss=0.1136  lr=1.91e-06
[13:08:02 INFO] Epoch 49/50  iter 350/743  loss=0.1506  lr=1.83e-06
[13:08:16 INFO] Epoch 49/50  iter 400/743  loss=0.0692  lr=1.75e-06
[13:08:29 INFO] Epoch 49/50  iter 450/743  loss=0.0762  lr=1.67e-06
[13:08:43 INFO] Epoch 49/50  iter 500/743  loss=0.0715  lr=1.59e-06
[13:08:56 INFO] Epoch 49/50  iter 550/743  loss=0.1784  lr=1.51e-06
[13:09:09 INFO] Epoch 49/50  iter 600/743  loss=0.0652  lr=1.43e-06
[13:09:23 INFO] Epoch 49/50  iter 650/743  loss=0.1104  lr=1.35e-06
[13:09:36 INFO] Epoch 49/50  iter 700/743  loss=0.0876  lr=1.27e-06
[13:09:48 INFO] Epoch 49 complete — avg_loss=0.1149  time=200s
[13:10:03 INFO] Epoch 50/50  iter 50/743  loss=0.1022  lr=1.12e-06
[13:10:16 INFO] Epoch 50/50  iter 100/743  loss=0.1568  lr=1.04e-06
[13:10:29 INFO] Epoch 50/50  iter 150/743  loss=0.0469  lr=9.56e-07
[13:10:43 INFO] Epoch 50/50  iter 200/743  loss=0.1268  lr=8.75e-07
[13:10:56 INFO] Epoch 50/50  iter 250/743  loss=0.0830  lr=7.95e-07
[13:11:10 INFO] Epoch 50/50  iter 300/743  loss=0.0892  lr=7.14e-07
[13:11:23 INFO] Epoch 50/50  iter 350/743  loss=0.1406  lr=6.33e-07
[13:11:36 INFO] Epoch 50/50  iter 400/743  loss=0.0986  lr=5.52e-07
[13:11:50 INFO] Epoch 50/50  iter 450/743  loss=0.0742  lr=4.72e-07
[13:12:03 INFO] Epoch 50/50  iter 500/743  loss=0.1115  lr=3.91e-07
[13:12:17 INFO] Epoch 50/50  iter 550/743  loss=0.1021  lr=3.10e-07
[13:12:30 INFO] Epoch 50/50  iter 600/743  loss=0.0718  lr=2.29e-07
[13:12:43 INFO] Epoch 50/50  iter 650/743  loss=0.1151  lr=1.49e-07
[13:12:57 INFO] Epoch 50/50  iter 700/743  loss=0.1449  lr=6.78e-08
[13:13:08 INFO] Epoch 50 complete — avg_loss=0.1217  time=200s
[13:15:10 INFO]   val mIoU = 0.7768
[13:15:10 INFO]   ★ New best val mIoU: 0.7768
[13:15:11 INFO] Training complete. Best val mIoU = 0.7768
