[16:38:14 INFO] Device: cuda
[16:38:16 INFO] fog_prob: 0.5
[16:38:18 INFO] Train: 2975 samples  |  Val: 500 samples
[16:38:46 INFO] Epoch 1/50  iter 50/743  loss=1.3252  lr=5.99e-05
[16:39:05 INFO] Epoch 1/50  iter 100/743  loss=0.4961  lr=5.98e-05
[16:39:31 INFO] Epoch 1/50  iter 150/743  loss=0.7798  lr=5.98e-05
[16:39:56 INFO] Epoch 1/50  iter 200/743  loss=0.3684  lr=5.97e-05
[16:40:18 INFO] Epoch 1/50  iter 250/743  loss=0.7843  lr=5.96e-05
[16:40:43 INFO] Epoch 1/50  iter 300/743  loss=0.2696  lr=5.95e-05
[16:41:07 INFO] Epoch 1/50  iter 350/743  loss=1.2443  lr=5.94e-05
[16:41:30 INFO] Epoch 1/50  iter 400/743  loss=0.3238  lr=5.94e-05
[16:41:53 INFO] Epoch 1/50  iter 450/743  loss=0.2742  lr=5.93e-05
[16:42:23 INFO] Epoch 1/50  iter 500/743  loss=0.5318  lr=5.92e-05
[16:42:48 INFO] Epoch 1/50  iter 550/743  loss=1.3559  lr=5.91e-05
[16:43:10 INFO] Epoch 1/50  iter 600/743  loss=0.1953  lr=5.90e-05
[16:43:33 INFO] Epoch 1/50  iter 650/743  loss=0.3589  lr=5.89e-05
[16:43:57 INFO] Epoch 1/50  iter 700/743  loss=0.3250  lr=5.89e-05
[16:44:16 INFO] Epoch 1 complete — avg_loss=0.7109  time=358s
[16:44:41 INFO] Epoch 2/50  iter 50/743  loss=0.8328  lr=5.87e-05
[16:45:02 INFO] Epoch 2/50  iter 100/743  loss=0.3282  lr=5.86e-05
[16:45:28 INFO] Epoch 2/50  iter 150/743  loss=0.4019  lr=5.86e-05
[16:45:53 INFO] Epoch 2/50  iter 200/743  loss=0.1702  lr=5.85e-05
[16:46:16 INFO] Epoch 2/50  iter 250/743  loss=0.3629  lr=5.84e-05
[16:46:39 INFO] Epoch 2/50  iter 300/743  loss=0.3175  lr=5.83e-05
[16:47:01 INFO] Epoch 2/50  iter 350/743  loss=0.1833  lr=5.82e-05
[16:47:23 INFO] Epoch 2/50  iter 400/743  loss=0.3442  lr=5.82e-05
[16:47:47 INFO] Epoch 2/50  iter 450/743  loss=0.4446  lr=5.81e-05
[16:48:13 INFO] Epoch 2/50  iter 500/743  loss=0.1313  lr=5.80e-05
[16:48:34 INFO] Epoch 2/50  iter 550/743  loss=0.3181  lr=5.79e-05
[16:48:55 INFO] Epoch 2/50  iter 600/743  loss=1.6200  lr=5.78e-05
[16:49:21 INFO] Epoch 2/50  iter 650/743  loss=0.1869  lr=5.77e-05
[16:49:46 INFO] Epoch 2/50  iter 700/743  loss=0.1871  lr=5.77e-05
[16:50:03 INFO] Epoch 2 complete — avg_loss=0.3956  time=347s
[16:50:30 INFO] Epoch 3/50  iter 50/743  loss=0.2379  lr=5.75e-05
[16:50:53 INFO] Epoch 3/50  iter 100/743  loss=0.2589  lr=5.74e-05
[16:51:13 INFO] Epoch 3/50  iter 150/743  loss=0.5655  lr=5.74e-05
[16:51:36 INFO] Epoch 3/50  iter 200/743  loss=0.2710  lr=5.73e-05
[16:52:02 INFO] Epoch 3/50  iter 250/743  loss=0.1808  lr=5.72e-05
[16:52:26 INFO] Epoch 3/50  iter 300/743  loss=0.2662  lr=5.71e-05
[16:52:48 INFO] Epoch 3/50  iter 350/743  loss=0.1639  lr=5.70e-05
[16:53:08 INFO] Epoch 3/50  iter 400/743  loss=0.2746  lr=5.70e-05
[16:53:32 INFO] Epoch 3/50  iter 450/743  loss=0.3710  lr=5.69e-05
[16:53:54 INFO] Epoch 3/50  iter 500/743  loss=0.2295  lr=5.68e-05
[16:54:17 INFO] Epoch 3/50  iter 550/743  loss=0.3662  lr=5.67e-05
[16:54:39 INFO] Epoch 3/50  iter 600/743  loss=0.2208  lr=5.66e-05
[16:55:02 INFO] Epoch 3/50  iter 650/743  loss=0.5271  lr=5.65e-05
[16:55:26 INFO] Epoch 3/50  iter 700/743  loss=0.3309  lr=5.65e-05
[16:55:44 INFO] Epoch 3 complete — avg_loss=0.3396  time=340s
[16:56:12 INFO] Epoch 4/50  iter 50/743  loss=0.1949  lr=5.63e-05
[16:56:38 INFO] Epoch 4/50  iter 100/743  loss=0.3961  lr=5.62e-05
[16:56:58 INFO] Epoch 4/50  iter 150/743  loss=0.3736  lr=5.62e-05
[16:57:22 INFO] Epoch 4/50  iter 200/743  loss=0.1619  lr=5.61e-05
[16:57:45 INFO] Epoch 4/50  iter 250/743  loss=0.4296  lr=5.60e-05
[16:58:08 INFO] Epoch 4/50  iter 300/743  loss=0.2342  lr=5.59e-05
[16:58:33 INFO] Epoch 4/50  iter 350/743  loss=0.1386  lr=5.58e-05
[16:58:53 INFO] Epoch 4/50  iter 400/743  loss=0.0967  lr=5.58e-05
[16:59:17 INFO] Epoch 4/50  iter 450/743  loss=0.6479  lr=5.57e-05
[16:59:39 INFO] Epoch 4/50  iter 500/743  loss=0.2064  lr=5.56e-05
[17:00:01 INFO] Epoch 4/50  iter 550/743  loss=0.2143  lr=5.55e-05
[17:00:24 INFO] Epoch 4/50  iter 600/743  loss=0.4846  lr=5.54e-05
[17:00:46 INFO] Epoch 4/50  iter 650/743  loss=0.2206  lr=5.53e-05
[17:01:09 INFO] Epoch 4/50  iter 700/743  loss=0.2454  lr=5.53e-05
[17:01:27 INFO] Epoch 4 complete — avg_loss=0.2959  time=343s
[17:01:56 INFO] Epoch 5/50  iter 50/743  loss=0.3979  lr=5.51e-05
[17:02:18 INFO] Epoch 5/50  iter 100/743  loss=0.3321  lr=5.50e-05
[17:02:41 INFO] Epoch 5/50  iter 150/743  loss=0.2572  lr=5.50e-05
[17:03:07 INFO] Epoch 5/50  iter 200/743  loss=0.2087  lr=5.49e-05
[17:03:29 INFO] Epoch 5/50  iter 250/743  loss=0.2799  lr=5.48e-05
[17:03:52 INFO] Epoch 5/50  iter 300/743  loss=0.1819  lr=5.47e-05
[17:04:17 INFO] Epoch 5/50  iter 350/743  loss=0.1151  lr=5.46e-05
[17:04:41 INFO] Epoch 5/50  iter 400/743  loss=0.5079  lr=5.46e-05
[17:05:03 INFO] Epoch 5/50  iter 450/743  loss=0.1857  lr=5.45e-05
[17:05:24 INFO] Epoch 5/50  iter 500/743  loss=0.1784  lr=5.44e-05
[17:05:49 INFO] Epoch 5/50  iter 550/743  loss=0.1250  lr=5.43e-05
[17:06:11 INFO] Epoch 5/50  iter 600/743  loss=0.5003  lr=5.42e-05
[17:06:36 INFO] Epoch 5/50  iter 650/743  loss=0.1817  lr=5.41e-05
[17:07:04 INFO] Epoch 5/50  iter 700/743  loss=0.1799  lr=5.41e-05
[17:07:24 INFO] Epoch 5 complete — avg_loss=0.2723  time=357s
[17:09:27 INFO]   val mIoU = 0.6164
[17:09:28 INFO]   ★ New best val mIoU: 0.6164
[17:09:54 INFO] Epoch 6/50  iter 50/743  loss=0.5673  lr=5.39e-05
[17:10:14 INFO] Epoch 6/50  iter 100/743  loss=0.1962  lr=5.38e-05
[17:10:41 INFO] Epoch 6/50  iter 150/743  loss=0.2384  lr=5.38e-05
[17:11:06 INFO] Epoch 6/50  iter 200/743  loss=0.0858  lr=5.37e-05
[17:11:30 INFO] Epoch 6/50  iter 250/743  loss=0.4069  lr=5.36e-05
[17:11:53 INFO] Epoch 6/50  iter 300/743  loss=0.2012  lr=5.35e-05
[17:12:18 INFO] Epoch 6/50  iter 350/743  loss=0.1641  lr=5.34e-05
[17:12:44 INFO] Epoch 6/50  iter 400/743  loss=0.1427  lr=5.34e-05
[17:13:09 INFO] Epoch 6/50  iter 450/743  loss=0.1701  lr=5.33e-05
[17:13:33 INFO] Epoch 6/50  iter 500/743  loss=0.2155  lr=5.32e-05
[17:13:56 INFO] Epoch 6/50  iter 550/743  loss=0.1506  lr=5.31e-05
[17:14:21 INFO] Epoch 6/50  iter 600/743  loss=0.2303  lr=5.30e-05
[17:14:45 INFO] Epoch 6/50  iter 650/743  loss=0.2844  lr=5.29e-05
[17:15:09 INFO] Epoch 6/50  iter 700/743  loss=0.0690  lr=5.29e-05
[17:15:28 INFO] Epoch 6 complete — avg_loss=0.2535  time=360s
[17:15:52 INFO] Epoch 7/50  iter 50/743  loss=0.2426  lr=5.27e-05
[17:16:18 INFO] Epoch 7/50  iter 100/743  loss=0.0439  lr=5.26e-05
[17:16:40 INFO] Epoch 7/50  iter 150/743  loss=0.2525  lr=5.26e-05
[17:17:04 INFO] Epoch 7/50  iter 200/743  loss=0.1911  lr=5.25e-05
[17:17:29 INFO] Epoch 7/50  iter 250/743  loss=0.1729  lr=5.24e-05
[17:17:54 INFO] Epoch 7/50  iter 300/743  loss=0.1585  lr=5.23e-05
[17:18:16 INFO] Epoch 7/50  iter 350/743  loss=0.1964  lr=5.22e-05
[17:18:40 INFO] Epoch 7/50  iter 400/743  loss=0.1769  lr=5.22e-05
[17:19:04 INFO] Epoch 7/50  iter 450/743  loss=0.3441  lr=5.21e-05
[17:19:25 INFO] Epoch 7/50  iter 500/743  loss=0.1795  lr=5.20e-05
[17:19:52 INFO] Epoch 7/50  iter 550/743  loss=0.1921  lr=5.19e-05
[17:20:14 INFO] Epoch 7/50  iter 600/743  loss=0.2099  lr=5.18e-05
[17:20:38 INFO] Epoch 7/50  iter 650/743  loss=0.1235  lr=5.17e-05
[17:21:03 INFO] Epoch 7/50  iter 700/743  loss=0.1985  lr=5.17e-05
[17:21:22 INFO] Epoch 7 complete — avg_loss=0.2442  time=353s
[17:21:49 INFO] Epoch 8/50  iter 50/743  loss=0.1065  lr=5.15e-05
[17:22:13 INFO] Epoch 8/50  iter 100/743  loss=0.2979  lr=5.14e-05
[17:22:33 INFO] Epoch 8/50  iter 150/743  loss=0.2081  lr=5.14e-05
[17:22:53 INFO] Epoch 8/50  iter 200/743  loss=0.2289  lr=5.13e-05
[17:23:15 INFO] Epoch 8/50  iter 250/743  loss=0.2182  lr=5.12e-05
[17:23:41 INFO] Epoch 8/50  iter 300/743  loss=0.2051  lr=5.11e-05
[17:24:05 INFO] Epoch 8/50  iter 350/743  loss=0.1502  lr=5.10e-05
[17:24:30 INFO] Epoch 8/50  iter 400/743  loss=0.5184  lr=5.10e-05
[17:24:55 INFO] Epoch 8/50  iter 450/743  loss=0.2451  lr=5.09e-05
[17:25:17 INFO] Epoch 8/50  iter 500/743  loss=0.2269  lr=5.08e-05
[17:25:44 INFO] Epoch 8/50  iter 550/743  loss=0.2882  lr=5.07e-05
[17:26:09 INFO] Epoch 8/50  iter 600/743  loss=0.1700  lr=5.06e-05
[17:26:30 INFO] Epoch 8/50  iter 650/743  loss=0.5357  lr=5.05e-05
[17:26:56 INFO] Epoch 8/50  iter 700/743  loss=0.0892  lr=5.05e-05
[17:27:21 INFO] Epoch 8 complete — avg_loss=0.2445  time=358s
[17:27:46 INFO] Epoch 9/50  iter 50/743  loss=0.1135  lr=5.03e-05
[17:28:09 INFO] Epoch 9/50  iter 100/743  loss=0.4428  lr=5.02e-05
[17:28:32 INFO] Epoch 9/50  iter 150/743  loss=0.1456  lr=5.02e-05
[17:28:55 INFO] Epoch 9/50  iter 200/743  loss=0.2642  lr=5.01e-05
[17:29:14 INFO] Epoch 9/50  iter 250/743  loss=0.2103  lr=5.00e-05
[17:29:40 INFO] Epoch 9/50  iter 300/743  loss=0.1778  lr=4.99e-05
[17:30:03 INFO] Epoch 9/50  iter 350/743  loss=0.2081  lr=4.98e-05
[17:30:24 INFO] Epoch 9/50  iter 400/743  loss=0.1364  lr=4.98e-05
[17:30:47 INFO] Epoch 9/50  iter 450/743  loss=0.6812  lr=4.97e-05
[17:31:12 INFO] Epoch 9/50  iter 500/743  loss=0.1709  lr=4.96e-05
[17:31:36 INFO] Epoch 9/50  iter 550/743  loss=0.5433  lr=4.95e-05
[17:31:59 INFO] Epoch 9/50  iter 600/743  loss=0.2462  lr=4.94e-05
[17:32:25 INFO] Epoch 9/50  iter 650/743  loss=0.0895  lr=4.93e-05
[17:32:47 INFO] Epoch 9/50  iter 700/743  loss=0.1885  lr=4.93e-05
[17:33:06 INFO] Epoch 9 complete — avg_loss=0.2295  time=344s
[17:33:28 INFO] Epoch 10/50  iter 50/743  loss=0.3990  lr=4.91e-05
[17:33:49 INFO] Epoch 10/50  iter 100/743  loss=0.2274  lr=4.90e-05
[17:34:14 INFO] Epoch 10/50  iter 150/743  loss=0.1252  lr=4.90e-05
[17:34:38 INFO] Epoch 10/50  iter 200/743  loss=0.1957  lr=4.89e-05
[17:35:01 INFO] Epoch 10/50  iter 250/743  loss=0.0786  lr=4.88e-05
[17:35:27 INFO] Epoch 10/50  iter 300/743  loss=0.1274  lr=4.87e-05
[17:35:49 INFO] Epoch 10/50  iter 350/743  loss=0.1338  lr=4.86e-05
[17:36:13 INFO] Epoch 10/50  iter 400/743  loss=0.7379  lr=4.86e-05
[17:36:36 INFO] Epoch 10/50  iter 450/743  loss=0.1961  lr=4.85e-05
[17:36:58 INFO] Epoch 10/50  iter 500/743  loss=0.3674  lr=4.84e-05
[17:37:23 INFO] Epoch 10/50  iter 550/743  loss=0.5205  lr=4.83e-05
[17:37:47 INFO] Epoch 10/50  iter 600/743  loss=0.1843  lr=4.82e-05
[17:38:12 INFO] Epoch 10/50  iter 650/743  loss=0.2511  lr=4.81e-05
[17:38:34 INFO] Epoch 10/50  iter 700/743  loss=0.1402  lr=4.81e-05
[17:38:53 INFO] Epoch 10 complete — avg_loss=0.2276  time=347s
[17:40:55 INFO]   val mIoU = 0.6921
[17:40:56 INFO]   ★ New best val mIoU: 0.6921
[17:41:22 INFO] Epoch 11/50  iter 50/743  loss=0.2534  lr=4.79e-05
[17:41:46 INFO] Epoch 11/50  iter 100/743  loss=0.1604  lr=4.78e-05
[17:42:13 INFO] Epoch 11/50  iter 150/743  loss=0.1022  lr=4.78e-05
[17:42:36 INFO] Epoch 11/50  iter 200/743  loss=0.2474  lr=4.77e-05
[17:42:59 INFO] Epoch 11/50  iter 250/743  loss=0.1159  lr=4.76e-05
[17:43:21 INFO] Epoch 11/50  iter 300/743  loss=0.1409  lr=4.75e-05
[17:43:42 INFO] Epoch 11/50  iter 350/743  loss=0.0987  lr=4.74e-05
[17:44:06 INFO] Epoch 11/50  iter 400/743  loss=0.0791  lr=4.74e-05
[17:44:32 INFO] Epoch 11/50  iter 450/743  loss=0.1988  lr=4.73e-05
[17:44:54 INFO] Epoch 11/50  iter 500/743  loss=0.1696  lr=4.72e-05
[17:45:15 INFO] Epoch 11/50  iter 550/743  loss=0.0925  lr=4.71e-05
[17:45:39 INFO] Epoch 11/50  iter 600/743  loss=0.1121  lr=4.70e-05
[17:46:03 INFO] Epoch 11/50  iter 650/743  loss=0.3142  lr=4.69e-05
[17:46:30 INFO] Epoch 11/50  iter 700/743  loss=0.2096  lr=4.69e-05
[17:46:48 INFO] Epoch 11 complete — avg_loss=0.2173  time=351s
[17:47:11 INFO] Epoch 12/50  iter 50/743  loss=0.1249  lr=4.67e-05
[17:47:35 INFO] Epoch 12/50  iter 100/743  loss=0.2433  lr=4.66e-05
[17:47:59 INFO] Epoch 12/50  iter 150/743  loss=0.1957  lr=4.66e-05
[17:48:23 INFO] Epoch 12/50  iter 200/743  loss=0.1196  lr=4.65e-05
[17:48:46 INFO] Epoch 12/50  iter 250/743  loss=0.2463  lr=4.64e-05
[17:49:09 INFO] Epoch 12/50  iter 300/743  loss=0.1337  lr=4.63e-05
[17:49:31 INFO] Epoch 12/50  iter 350/743  loss=0.1653  lr=4.62e-05
[17:49:52 INFO] Epoch 12/50  iter 400/743  loss=0.1254  lr=4.62e-05
[17:50:13 INFO] Epoch 12/50  iter 450/743  loss=0.1284  lr=4.61e-05
[17:50:37 INFO] Epoch 12/50  iter 500/743  loss=0.1912  lr=4.60e-05
[17:50:57 INFO] Epoch 12/50  iter 550/743  loss=0.0672  lr=4.59e-05
[17:51:20 INFO] Epoch 12/50  iter 600/743  loss=0.1512  lr=4.58e-05
[17:51:43 INFO] Epoch 12/50  iter 650/743  loss=0.3532  lr=4.57e-05
[17:52:08 INFO] Epoch 12/50  iter 700/743  loss=0.1417  lr=4.57e-05
[17:52:28 INFO] Epoch 12 complete — avg_loss=0.2059  time=340s
[17:52:55 INFO] Epoch 13/50  iter 50/743  loss=0.1060  lr=4.55e-05
[17:53:15 INFO] Epoch 13/50  iter 100/743  loss=0.1078  lr=4.54e-05
[17:53:39 INFO] Epoch 13/50  iter 150/743  loss=0.1820  lr=4.54e-05
[17:54:02 INFO] Epoch 13/50  iter 200/743  loss=0.1487  lr=4.53e-05
[17:54:25 INFO] Epoch 13/50  iter 250/743  loss=0.2390  lr=4.52e-05
[17:54:50 INFO] Epoch 13/50  iter 300/743  loss=0.1802  lr=4.51e-05
[17:55:16 INFO] Epoch 13/50  iter 350/743  loss=0.0606  lr=4.50e-05
[17:55:37 INFO] Epoch 13/50  iter 400/743  loss=0.2515  lr=4.50e-05
[17:56:05 INFO] Epoch 13/50  iter 450/743  loss=0.1731  lr=4.49e-05
[17:56:27 INFO] Epoch 13/50  iter 500/743  loss=0.1906  lr=4.48e-05
[17:56:49 INFO] Epoch 13/50  iter 550/743  loss=0.2023  lr=4.47e-05
[17:57:12 INFO] Epoch 13/50  iter 600/743  loss=0.1037  lr=4.46e-05
[17:57:37 INFO] Epoch 13/50  iter 650/743  loss=0.3723  lr=4.45e-05
[17:57:58 INFO] Epoch 13/50  iter 700/743  loss=0.1617  lr=4.45e-05
[17:58:17 INFO] Epoch 13 complete — avg_loss=0.2066  time=348s
[17:58:41 INFO] Epoch 14/50  iter 50/743  loss=0.1041  lr=4.43e-05
[17:59:03 INFO] Epoch 14/50  iter 100/743  loss=0.1813  lr=4.42e-05
[17:59:26 INFO] Epoch 14/50  iter 150/743  loss=0.1045  lr=4.42e-05
[17:59:51 INFO] Epoch 14/50  iter 200/743  loss=0.2605  lr=4.41e-05
[18:00:15 INFO] Epoch 14/50  iter 250/743  loss=0.1539  lr=4.40e-05
[18:00:41 INFO] Epoch 14/50  iter 300/743  loss=0.2499  lr=4.39e-05
[18:01:05 INFO] Epoch 14/50  iter 350/743  loss=0.1344  lr=4.38e-05
[18:01:26 INFO] Epoch 14/50  iter 400/743  loss=0.1722  lr=4.38e-05
[18:01:51 INFO] Epoch 14/50  iter 450/743  loss=0.5755  lr=4.37e-05
[18:02:16 INFO] Epoch 14/50  iter 500/743  loss=0.1434  lr=4.36e-05
[18:02:38 INFO] Epoch 14/50  iter 550/743  loss=0.1123  lr=4.35e-05
[18:02:58 INFO] Epoch 14/50  iter 600/743  loss=0.2229  lr=4.34e-05
[18:03:20 INFO] Epoch 14/50  iter 650/743  loss=0.1722  lr=4.33e-05
[18:03:46 INFO] Epoch 14/50  iter 700/743  loss=0.1303  lr=4.33e-05
[18:04:02 INFO] Epoch 14 complete — avg_loss=0.2064  time=344s
[18:04:25 INFO] Epoch 15/50  iter 50/743  loss=0.2238  lr=4.31e-05
[18:04:47 INFO] Epoch 15/50  iter 100/743  loss=0.1726  lr=4.30e-05
[18:05:08 INFO] Epoch 15/50  iter 150/743  loss=0.0887  lr=4.30e-05
[18:05:32 INFO] Epoch 15/50  iter 200/743  loss=0.1137  lr=4.29e-05
[18:05:57 INFO] Epoch 15/50  iter 250/743  loss=0.1061  lr=4.28e-05
[18:06:20 INFO] Epoch 15/50  iter 300/743  loss=0.1568  lr=4.27e-05
[18:06:46 INFO] Epoch 15/50  iter 350/743  loss=0.0824  lr=4.26e-05
[18:07:08 INFO] Epoch 15/50  iter 400/743  loss=0.2065  lr=4.26e-05
[18:07:30 INFO] Epoch 15/50  iter 450/743  loss=0.1624  lr=4.25e-05
[18:07:55 INFO] Epoch 15/50  iter 500/743  loss=0.1473  lr=4.24e-05
[18:08:19 INFO] Epoch 15/50  iter 550/743  loss=0.2077  lr=4.23e-05
[18:08:39 INFO] Epoch 15/50  iter 600/743  loss=0.2936  lr=4.22e-05
[18:09:00 INFO] Epoch 15/50  iter 650/743  loss=0.1984  lr=4.21e-05
[18:09:23 INFO] Epoch 15/50  iter 700/743  loss=0.1315  lr=4.21e-05
[18:09:42 INFO] Epoch 15 complete — avg_loss=0.1882  time=339s
[18:11:45 INFO]   val mIoU = 0.7105
[18:11:46 INFO]   ★ New best val mIoU: 0.7105
[18:12:15 INFO] Epoch 16/50  iter 50/743  loss=0.2503  lr=4.19e-05
[18:12:40 INFO] Epoch 16/50  iter 100/743  loss=0.1790  lr=4.18e-05
[18:13:03 INFO] Epoch 16/50  iter 150/743  loss=0.0380  lr=4.18e-05
[18:13:24 INFO] Epoch 16/50  iter 200/743  loss=0.1349  lr=4.17e-05
[18:13:49 INFO] Epoch 16/50  iter 250/743  loss=0.2941  lr=4.16e-05
[18:14:12 INFO] Epoch 16/50  iter 300/743  loss=0.2008  lr=4.15e-05
[18:14:36 INFO] Epoch 16/50  iter 350/743  loss=0.2110  lr=4.14e-05
[18:15:01 INFO] Epoch 16/50  iter 400/743  loss=1.0011  lr=4.14e-05
[18:15:25 INFO] Epoch 16/50  iter 450/743  loss=0.1866  lr=4.13e-05
[18:15:48 INFO] Epoch 16/50  iter 500/743  loss=0.2232  lr=4.12e-05
[18:16:11 INFO] Epoch 16/50  iter 550/743  loss=0.2648  lr=4.11e-05
[18:16:34 INFO] Epoch 16/50  iter 600/743  loss=0.1282  lr=4.10e-05
[18:16:56 INFO] Epoch 16/50  iter 650/743  loss=0.2086  lr=4.09e-05
[18:17:20 INFO] Epoch 16/50  iter 700/743  loss=0.1610  lr=4.09e-05
[18:17:43 INFO] Epoch 16 complete — avg_loss=0.1979  time=357s
[18:18:08 INFO] Epoch 17/50  iter 50/743  loss=0.0807  lr=4.07e-05
[18:18:31 INFO] Epoch 17/50  iter 100/743  loss=0.1503  lr=4.06e-05
[18:18:56 INFO] Epoch 17/50  iter 150/743  loss=0.2390  lr=4.06e-05
[18:19:17 INFO] Epoch 17/50  iter 200/743  loss=0.3577  lr=4.05e-05
[18:19:40 INFO] Epoch 17/50  iter 250/743  loss=0.2009  lr=4.04e-05
[18:20:00 INFO] Epoch 17/50  iter 300/743  loss=0.0923  lr=4.03e-05
[18:20:22 INFO] Epoch 17/50  iter 350/743  loss=0.1045  lr=4.02e-05
[18:20:45 INFO] Epoch 17/50  iter 400/743  loss=0.1066  lr=4.02e-05
[18:21:09 INFO] Epoch 17/50  iter 450/743  loss=0.1906  lr=4.01e-05
[18:21:32 INFO] Epoch 17/50  iter 500/743  loss=0.3666  lr=4.00e-05
[18:21:52 INFO] Epoch 17/50  iter 550/743  loss=0.2593  lr=3.99e-05
[18:22:14 INFO] Epoch 17/50  iter 600/743  loss=0.2411  lr=3.98e-05
[18:22:41 INFO] Epoch 17/50  iter 650/743  loss=0.1648  lr=3.97e-05
[18:23:04 INFO] Epoch 17/50  iter 700/743  loss=0.1587  lr=3.97e-05
[18:23:25 INFO] Epoch 17 complete — avg_loss=0.1892  time=341s
[18:23:52 INFO] Epoch 18/50  iter 50/743  loss=0.0876  lr=3.95e-05
[18:24:14 INFO] Epoch 18/50  iter 100/743  loss=0.2928  lr=3.94e-05
[18:24:42 INFO] Epoch 18/50  iter 150/743  loss=0.1177  lr=3.94e-05
[18:25:05 INFO] Epoch 18/50  iter 200/743  loss=0.1905  lr=3.93e-05
[18:25:27 INFO] Epoch 18/50  iter 250/743  loss=0.2039  lr=3.92e-05
[18:25:52 INFO] Epoch 18/50  iter 300/743  loss=1.0929  lr=3.91e-05
[18:26:15 INFO] Epoch 18/50  iter 350/743  loss=0.2564  lr=3.90e-05
[18:26:38 INFO] Epoch 18/50  iter 400/743  loss=0.0703  lr=3.90e-05
[18:27:05 INFO] Epoch 18/50  iter 450/743  loss=0.1198  lr=3.89e-05
[18:27:29 INFO] Epoch 18/50  iter 500/743  loss=0.0647  lr=3.88e-05
[18:27:52 INFO] Epoch 18/50  iter 550/743  loss=0.1680  lr=3.87e-05
[18:28:16 INFO] Epoch 18/50  iter 600/743  loss=0.1855  lr=3.86e-05
[18:28:42 INFO] Epoch 18/50  iter 650/743  loss=0.2768  lr=3.85e-05
[18:29:06 INFO] Epoch 18/50  iter 700/743  loss=0.1712  lr=3.85e-05
[18:29:24 INFO] Epoch 18 complete — avg_loss=0.1960  time=359s
[18:29:47 INFO] Epoch 19/50  iter 50/743  loss=0.1428  lr=3.83e-05
[18:30:09 INFO] Epoch 19/50  iter 100/743  loss=0.1835  lr=3.82e-05
[18:30:31 INFO] Epoch 19/50  iter 150/743  loss=0.1666  lr=3.82e-05
[18:30:56 INFO] Epoch 19/50  iter 200/743  loss=0.1804  lr=3.81e-05
[18:31:16 INFO] Epoch 19/50  iter 250/743  loss=0.2676  lr=3.80e-05
[18:31:42 INFO] Epoch 19/50  iter 300/743  loss=0.1945  lr=3.79e-05
[18:32:09 INFO] Epoch 19/50  iter 350/743  loss=0.2082  lr=3.78e-05
[18:32:33 INFO] Epoch 19/50  iter 400/743  loss=0.1319  lr=3.78e-05
[18:32:55 INFO] Epoch 19/50  iter 450/743  loss=0.1309  lr=3.77e-05
[18:33:18 INFO] Epoch 19/50  iter 500/743  loss=0.2265  lr=3.76e-05
[18:33:39 INFO] Epoch 19/50  iter 550/743  loss=0.0783  lr=3.75e-05
[18:34:01 INFO] Epoch 19/50  iter 600/743  loss=0.1261  lr=3.74e-05
[18:34:24 INFO] Epoch 19/50  iter 650/743  loss=0.2740  lr=3.73e-05
[18:34:46 INFO] Epoch 19/50  iter 700/743  loss=0.2024  lr=3.73e-05
[18:35:07 INFO] Epoch 19 complete — avg_loss=0.1830  time=342s
[18:35:36 INFO] Epoch 20/50  iter 50/743  loss=0.2079  lr=3.71e-05
[18:36:00 INFO] Epoch 20/50  iter 100/743  loss=0.0989  lr=3.70e-05
[18:36:23 INFO] Epoch 20/50  iter 150/743  loss=0.1095  lr=3.70e-05
[18:36:49 INFO] Epoch 20/50  iter 200/743  loss=0.1452  lr=3.69e-05
[18:37:10 INFO] Epoch 20/50  iter 250/743  loss=0.1944  lr=3.68e-05
[18:37:36 INFO] Epoch 20/50  iter 300/743  loss=0.2089  lr=3.67e-05
[18:38:00 INFO] Epoch 20/50  iter 350/743  loss=0.2735  lr=3.66e-05
[18:38:25 INFO] Epoch 20/50  iter 400/743  loss=0.1558  lr=3.66e-05
[18:38:50 INFO] Epoch 20/50  iter 450/743  loss=0.1588  lr=3.65e-05
[18:39:14 INFO] Epoch 20/50  iter 500/743  loss=0.1893  lr=3.64e-05
[18:39:37 INFO] Epoch 20/50  iter 550/743  loss=0.2446  lr=3.63e-05
[18:39:56 INFO] Epoch 20/50  iter 600/743  loss=0.1670  lr=3.62e-05
[18:40:18 INFO] Epoch 20/50  iter 650/743  loss=0.1566  lr=3.61e-05
[18:40:45 INFO] Epoch 20/50  iter 700/743  loss=0.1411  lr=3.61e-05
[18:41:06 INFO] Epoch 20 complete — avg_loss=0.1767  time=358s
[18:43:09 INFO]   val mIoU = 0.6945
[18:43:34 INFO] Epoch 21/50  iter 50/743  loss=0.2479  lr=3.59e-05
[18:43:58 INFO] Epoch 21/50  iter 100/743  loss=0.1251  lr=3.58e-05
[18:44:21 INFO] Epoch 21/50  iter 150/743  loss=0.1329  lr=3.58e-05
[18:44:46 INFO] Epoch 21/50  iter 200/743  loss=0.1636  lr=3.57e-05
[18:45:12 INFO] Epoch 21/50  iter 250/743  loss=0.1659  lr=3.56e-05
[18:45:36 INFO] Epoch 21/50  iter 300/743  loss=0.2050  lr=3.55e-05
[18:46:01 INFO] Epoch 21/50  iter 350/743  loss=0.1063  lr=3.54e-05
[18:46:27 INFO] Epoch 21/50  iter 400/743  loss=0.1695  lr=3.54e-05
[18:46:48 INFO] Epoch 21/50  iter 450/743  loss=0.2734  lr=3.53e-05
[18:47:12 INFO] Epoch 21/50  iter 500/743  loss=0.1339  lr=3.52e-05
[18:47:36 INFO] Epoch 21/50  iter 550/743  loss=0.1427  lr=3.51e-05
[18:48:00 INFO] Epoch 21/50  iter 600/743  loss=0.1492  lr=3.50e-05
[18:48:23 INFO] Epoch 21/50  iter 650/743  loss=0.2084  lr=3.49e-05
[18:48:47 INFO] Epoch 21/50  iter 700/743  loss=0.1226  lr=3.49e-05
[18:49:08 INFO] Epoch 21 complete — avg_loss=0.1799  time=359s
[18:49:36 INFO] Epoch 22/50  iter 50/743  loss=0.1514  lr=3.47e-05
[18:49:59 INFO] Epoch 22/50  iter 100/743  loss=0.1665  lr=3.46e-05
[18:50:22 INFO] Epoch 22/50  iter 150/743  loss=0.2093  lr=3.46e-05
[18:50:43 INFO] Epoch 22/50  iter 200/743  loss=0.1594  lr=3.45e-05
[18:51:07 INFO] Epoch 22/50  iter 250/743  loss=0.0876  lr=3.44e-05
[18:51:30 INFO] Epoch 22/50  iter 300/743  loss=0.3645  lr=3.43e-05
[18:51:56 INFO] Epoch 22/50  iter 350/743  loss=2.2349  lr=3.42e-05
[18:52:19 INFO] Epoch 22/50  iter 400/743  loss=0.1442  lr=3.42e-05
[18:52:42 INFO] Epoch 22/50  iter 450/743  loss=0.1923  lr=3.41e-05
[18:53:08 INFO] Epoch 22/50  iter 500/743  loss=0.1687  lr=3.40e-05
[18:53:31 INFO] Epoch 22/50  iter 550/743  loss=0.1443  lr=3.39e-05
[18:53:56 INFO] Epoch 22/50  iter 600/743  loss=0.2360  lr=3.38e-05
[18:54:20 INFO] Epoch 22/50  iter 650/743  loss=0.2337  lr=3.37e-05
[18:54:44 INFO] Epoch 22/50  iter 700/743  loss=0.1699  lr=3.37e-05
[18:55:03 INFO] Epoch 22 complete — avg_loss=0.1816  time=354s
[18:55:30 INFO] Epoch 23/50  iter 50/743  loss=0.0699  lr=3.35e-05
[18:55:52 INFO] Epoch 23/50  iter 100/743  loss=0.4144  lr=3.34e-05
[18:56:13 INFO] Epoch 23/50  iter 150/743  loss=0.0750  lr=3.34e-05
[18:56:34 INFO] Epoch 23/50  iter 200/743  loss=0.1215  lr=3.33e-05
[18:56:57 INFO] Epoch 23/50  iter 250/743  loss=0.1855  lr=3.32e-05
[18:57:19 INFO] Epoch 23/50  iter 300/743  loss=0.0652  lr=3.31e-05
[18:57:42 INFO] Epoch 23/50  iter 350/743  loss=0.6090  lr=3.30e-05
[18:58:04 INFO] Epoch 23/50  iter 400/743  loss=0.1169  lr=3.30e-05
[18:58:30 INFO] Epoch 23/50  iter 450/743  loss=0.2713  lr=3.29e-05
[18:58:51 INFO] Epoch 23/50  iter 500/743  loss=0.1927  lr=3.28e-05
[18:59:14 INFO] Epoch 23/50  iter 550/743  loss=0.5477  lr=3.27e-05
[18:59:38 INFO] Epoch 23/50  iter 600/743  loss=0.1240  lr=3.26e-05
[19:00:01 INFO] Epoch 23/50  iter 650/743  loss=0.1875  lr=3.25e-05
[19:00:25 INFO] Epoch 23/50  iter 700/743  loss=0.1122  lr=3.25e-05
[19:00:41 INFO] Epoch 23 complete — avg_loss=0.1758  time=338s
[19:01:05 INFO] Epoch 24/50  iter 50/743  loss=0.0911  lr=3.23e-05
[19:01:29 INFO] Epoch 24/50  iter 100/743  loss=0.1652  lr=3.22e-05
[19:01:52 INFO] Epoch 24/50  iter 150/743  loss=0.1503  lr=3.22e-05
[19:02:13 INFO] Epoch 24/50  iter 200/743  loss=0.2147  lr=3.21e-05
[19:02:37 INFO] Epoch 24/50  iter 250/743  loss=0.1020  lr=3.20e-05
[19:03:01 INFO] Epoch 24/50  iter 300/743  loss=0.2852  lr=3.19e-05
[19:03:25 INFO] Epoch 24/50  iter 350/743  loss=0.1478  lr=3.18e-05
[19:03:50 INFO] Epoch 24/50  iter 400/743  loss=0.2257  lr=3.18e-05
[19:04:14 INFO] Epoch 24/50  iter 450/743  loss=0.2996  lr=3.17e-05
[19:04:37 INFO] Epoch 24/50  iter 500/743  loss=0.0909  lr=3.16e-05
[19:05:02 INFO] Epoch 24/50  iter 550/743  loss=0.1306  lr=3.15e-05
[19:05:26 INFO] Epoch 24/50  iter 600/743  loss=0.1344  lr=3.14e-05
[19:05:50 INFO] Epoch 24/50  iter 650/743  loss=0.1108  lr=3.13e-05
[19:06:13 INFO] Epoch 24/50  iter 700/743  loss=0.1053  lr=3.13e-05
[19:06:32 INFO] Epoch 24 complete — avg_loss=0.1682  time=350s
[19:06:57 INFO] Epoch 25/50  iter 50/743  loss=0.2136  lr=3.11e-05
[19:07:20 INFO] Epoch 25/50  iter 100/743  loss=0.0804  lr=3.10e-05
[19:07:42 INFO] Epoch 25/50  iter 150/743  loss=0.2241  lr=3.10e-05
[19:08:06 INFO] Epoch 25/50  iter 200/743  loss=0.1767  lr=3.09e-05
[19:08:28 INFO] Epoch 25/50  iter 250/743  loss=0.0835  lr=3.08e-05
[19:08:50 INFO] Epoch 25/50  iter 300/743  loss=0.2326  lr=3.07e-05
[19:09:14 INFO] Epoch 25/50  iter 350/743  loss=0.1642  lr=3.06e-05
[19:09:40 INFO] Epoch 25/50  iter 400/743  loss=0.0978  lr=3.06e-05
[19:10:02 INFO] Epoch 25/50  iter 450/743  loss=0.1339  lr=3.05e-05
[19:10:27 INFO] Epoch 25/50  iter 500/743  loss=0.1115  lr=3.04e-05
[19:10:46 INFO] Epoch 25/50  iter 550/743  loss=0.0897  lr=3.03e-05
[19:11:09 INFO] Epoch 25/50  iter 600/743  loss=0.0755  lr=3.02e-05
[19:11:32 INFO] Epoch 25/50  iter 650/743  loss=0.1327  lr=3.01e-05
[19:11:58 INFO] Epoch 25/50  iter 700/743  loss=0.1402  lr=3.01e-05
[19:12:15 INFO] Epoch 25 complete — avg_loss=0.1675  time=342s
[19:14:18 INFO]   val mIoU = 0.7265
[19:14:19 INFO]   ★ New best val mIoU: 0.7265
[19:14:43 INFO] Epoch 26/50  iter 50/743  loss=0.1300  lr=2.99e-05
[19:15:03 INFO] Epoch 26/50  iter 100/743  loss=0.0750  lr=2.98e-05
[19:15:24 INFO] Epoch 26/50  iter 150/743  loss=0.1477  lr=2.98e-05
[19:15:45 INFO] Epoch 26/50  iter 200/743  loss=0.1081  lr=2.97e-05
[19:16:06 INFO] Epoch 26/50  iter 250/743  loss=0.2728  lr=2.96e-05
[19:16:28 INFO] Epoch 26/50  iter 300/743  loss=0.1616  lr=2.95e-05
[19:16:53 INFO] Epoch 26/50  iter 350/743  loss=0.1460  lr=2.94e-05
[19:17:14 INFO] Epoch 26/50  iter 400/743  loss=0.0963  lr=2.94e-05
[19:17:38 INFO] Epoch 26/50  iter 450/743  loss=0.1591  lr=2.93e-05
[19:18:03 INFO] Epoch 26/50  iter 500/743  loss=0.2824  lr=2.92e-05
[19:18:23 INFO] Epoch 26/50  iter 550/743  loss=0.1311  lr=2.91e-05
[19:18:46 INFO] Epoch 26/50  iter 600/743  loss=0.1640  lr=2.90e-05
[19:19:09 INFO] Epoch 26/50  iter 650/743  loss=0.1092  lr=2.89e-05
[19:19:30 INFO] Epoch 26/50  iter 700/743  loss=0.1505  lr=2.89e-05
[19:19:48 INFO] Epoch 26 complete — avg_loss=0.1638  time=329s
[19:20:17 INFO] Epoch 27/50  iter 50/743  loss=0.1470  lr=2.87e-05
[19:20:43 INFO] Epoch 27/50  iter 100/743  loss=0.1773  lr=2.86e-05
[19:21:05 INFO] Epoch 27/50  iter 150/743  loss=0.1576  lr=2.86e-05
[19:21:27 INFO] Epoch 27/50  iter 200/743  loss=0.0908  lr=2.85e-05
[19:21:49 INFO] Epoch 27/50  iter 250/743  loss=0.0748  lr=2.84e-05
[19:22:09 INFO] Epoch 27/50  iter 300/743  loss=0.0487  lr=2.83e-05
[19:22:34 INFO] Epoch 27/50  iter 350/743  loss=0.1206  lr=2.82e-05
[19:22:59 INFO] Epoch 27/50  iter 400/743  loss=0.1938  lr=2.82e-05
[19:23:22 INFO] Epoch 27/50  iter 450/743  loss=0.1312  lr=2.81e-05
[19:23:44 INFO] Epoch 27/50  iter 500/743  loss=0.1307  lr=2.80e-05
[19:24:07 INFO] Epoch 27/50  iter 550/743  loss=0.0772  lr=2.79e-05
[19:24:30 INFO] Epoch 27/50  iter 600/743  loss=0.1367  lr=2.78e-05
[19:24:55 INFO] Epoch 27/50  iter 650/743  loss=0.6775  lr=2.77e-05
[19:25:20 INFO] Epoch 27/50  iter 700/743  loss=0.1819  lr=2.77e-05
[19:25:36 INFO] Epoch 27 complete — avg_loss=0.1594  time=347s
[19:26:00 INFO] Epoch 28/50  iter 50/743  loss=0.0608  lr=2.75e-05
[19:26:18 INFO] Epoch 28/50  iter 100/743  loss=0.1637  lr=2.74e-05
[19:26:39 INFO] Epoch 28/50  iter 150/743  loss=0.2781  lr=2.74e-05
[19:27:01 INFO] Epoch 28/50  iter 200/743  loss=0.0268  lr=2.73e-05
[19:27:25 INFO] Epoch 28/50  iter 250/743  loss=0.1297  lr=2.72e-05
[19:27:52 INFO] Epoch 28/50  iter 300/743  loss=0.1101  lr=2.71e-05
[19:28:18 INFO] Epoch 28/50  iter 350/743  loss=0.0744  lr=2.70e-05
[19:28:45 INFO] Epoch 28/50  iter 400/743  loss=0.1345  lr=2.70e-05
[19:29:08 INFO] Epoch 28/50  iter 450/743  loss=0.2480  lr=2.69e-05
[19:29:32 INFO] Epoch 28/50  iter 500/743  loss=0.4278  lr=2.68e-05
[19:29:53 INFO] Epoch 28/50  iter 550/743  loss=0.1953  lr=2.67e-05
[19:30:16 INFO] Epoch 28/50  iter 600/743  loss=0.0544  lr=2.66e-05
[19:30:39 INFO] Epoch 28/50  iter 650/743  loss=0.0864  lr=2.65e-05
[19:31:01 INFO] Epoch 28/50  iter 700/743  loss=0.2106  lr=2.65e-05
[19:31:22 INFO] Epoch 28 complete — avg_loss=0.1708  time=345s
[19:31:48 INFO] Epoch 29/50  iter 50/743  loss=0.0763  lr=2.63e-05
[19:32:11 INFO] Epoch 29/50  iter 100/743  loss=0.1743  lr=2.62e-05
[19:32:31 INFO] Epoch 29/50  iter 150/743  loss=0.1636  lr=2.62e-05
[19:32:51 INFO] Epoch 29/50  iter 200/743  loss=0.1270  lr=2.61e-05
[19:33:16 INFO] Epoch 29/50  iter 250/743  loss=0.0766  lr=2.60e-05
[19:33:39 INFO] Epoch 29/50  iter 300/743  loss=0.0820  lr=2.59e-05
[19:34:01 INFO] Epoch 29/50  iter 350/743  loss=0.3993  lr=2.58e-05
[19:34:21 INFO] Epoch 29/50  iter 400/743  loss=0.2420  lr=2.58e-05
[19:34:45 INFO] Epoch 29/50  iter 450/743  loss=0.1872  lr=2.57e-05
[19:35:05 INFO] Epoch 29/50  iter 500/743  loss=0.1332  lr=2.56e-05
[19:35:30 INFO] Epoch 29/50  iter 550/743  loss=0.0800  lr=2.55e-05
[19:35:52 INFO] Epoch 29/50  iter 600/743  loss=0.1350  lr=2.54e-05
[19:36:13 INFO] Epoch 29/50  iter 650/743  loss=0.0529  lr=2.53e-05
[19:36:35 INFO] Epoch 29/50  iter 700/743  loss=0.0737  lr=2.53e-05
[19:36:54 INFO] Epoch 29 complete — avg_loss=0.1616  time=332s
[19:37:20 INFO] Epoch 30/50  iter 50/743  loss=0.0884  lr=2.51e-05
[19:37:42 INFO] Epoch 30/50  iter 100/743  loss=0.0859  lr=2.50e-05
[19:38:03 INFO] Epoch 30/50  iter 150/743  loss=0.1151  lr=2.50e-05
[19:38:25 INFO] Epoch 30/50  iter 200/743  loss=0.2153  lr=2.49e-05
[19:38:45 INFO] Epoch 30/50  iter 250/743  loss=0.0628  lr=2.48e-05
[19:39:05 INFO] Epoch 30/50  iter 300/743  loss=0.1598  lr=2.47e-05
[19:39:26 INFO] Epoch 30/50  iter 350/743  loss=0.1344  lr=2.46e-05
[19:39:48 INFO] Epoch 30/50  iter 400/743  loss=0.1104  lr=2.46e-05
[19:40:07 INFO] Epoch 30/50  iter 450/743  loss=0.0725  lr=2.45e-05
[19:40:28 INFO] Epoch 30/50  iter 500/743  loss=0.1788  lr=2.44e-05
[19:40:46 INFO] Epoch 30/50  iter 550/743  loss=0.1056  lr=2.43e-05
[19:41:06 INFO] Epoch 30/50  iter 600/743  loss=0.0775  lr=2.42e-05
[19:41:27 INFO] Epoch 30/50  iter 650/743  loss=0.0852  lr=2.41e-05
[19:41:48 INFO] Epoch 30/50  iter 700/743  loss=0.1764  lr=2.41e-05
[19:42:05 INFO] Epoch 30 complete — avg_loss=0.1583  time=311s
[19:44:09 INFO]   val mIoU = 0.7462
[19:44:09 INFO]   ★ New best val mIoU: 0.7462
[19:44:36 INFO] Epoch 31/50  iter 50/743  loss=0.1912  lr=2.39e-05
[19:44:58 INFO] Epoch 31/50  iter 100/743  loss=0.0825  lr=2.38e-05
[19:45:19 INFO] Epoch 31/50  iter 150/743  loss=0.4164  lr=2.38e-05
[19:45:40 INFO] Epoch 31/50  iter 200/743  loss=0.2967  lr=2.37e-05
[19:46:00 INFO] Epoch 31/50  iter 250/743  loss=0.0700  lr=2.36e-05
[19:46:19 INFO] Epoch 31/50  iter 300/743  loss=0.3010  lr=2.35e-05
[19:46:39 INFO] Epoch 31/50  iter 350/743  loss=0.2175  lr=2.34e-05
[19:47:02 INFO] Epoch 31/50  iter 400/743  loss=0.1250  lr=2.34e-05
[19:47:27 INFO] Epoch 31/50  iter 450/743  loss=0.2186  lr=2.33e-05
[19:47:46 INFO] Epoch 31/50  iter 500/743  loss=0.2261  lr=2.32e-05
[19:48:08 INFO] Epoch 31/50  iter 550/743  loss=0.0946  lr=2.31e-05
[19:48:31 INFO] Epoch 31/50  iter 600/743  loss=0.1548  lr=2.30e-05
[19:48:51 INFO] Epoch 31/50  iter 650/743  loss=0.1559  lr=2.29e-05
[19:49:09 INFO] Epoch 31/50  iter 700/743  loss=0.1660  lr=2.29e-05
[19:49:25 INFO] Epoch 31 complete — avg_loss=0.1529  time=315s
[19:49:48 INFO] Epoch 32/50  iter 50/743  loss=0.1219  lr=2.27e-05
[19:50:10 INFO] Epoch 32/50  iter 100/743  loss=0.1733  lr=2.26e-05
[19:50:32 INFO] Epoch 32/50  iter 150/743  loss=0.1221  lr=2.26e-05
[19:50:53 INFO] Epoch 32/50  iter 200/743  loss=0.0701  lr=2.25e-05
[19:51:15 INFO] Epoch 32/50  iter 250/743  loss=0.1384  lr=2.24e-05
[19:51:37 INFO] Epoch 32/50  iter 300/743  loss=0.0990  lr=2.23e-05
[19:51:58 INFO] Epoch 32/50  iter 350/743  loss=0.2168  lr=2.22e-05
[19:52:18 INFO] Epoch 32/50  iter 400/743  loss=0.2512  lr=2.22e-05
[19:52:39 INFO] Epoch 32/50  iter 450/743  loss=0.0350  lr=2.21e-05
[19:53:01 INFO] Epoch 32/50  iter 500/743  loss=0.1108  lr=2.20e-05
[19:53:22 INFO] Epoch 32/50  iter 550/743  loss=0.1391  lr=2.19e-05
[19:53:45 INFO] Epoch 32/50  iter 600/743  loss=0.0836  lr=2.18e-05
[19:54:07 INFO] Epoch 32/50  iter 650/743  loss=0.1455  lr=2.17e-05
[19:54:31 INFO] Epoch 32/50  iter 700/743  loss=0.0257  lr=2.17e-05
[19:54:50 INFO] Epoch 32 complete — avg_loss=0.1524  time=324s
[19:55:12 INFO] Epoch 33/50  iter 50/743  loss=0.1823  lr=2.15e-05
[19:55:36 INFO] Epoch 33/50  iter 100/743  loss=0.2633  lr=2.14e-05
[19:55:57 INFO] Epoch 33/50  iter 150/743  loss=0.1072  lr=2.14e-05
[19:56:16 INFO] Epoch 33/50  iter 200/743  loss=0.1060  lr=2.13e-05
[19:56:35 INFO] Epoch 33/50  iter 250/743  loss=0.1387  lr=2.12e-05
[19:56:57 INFO] Epoch 33/50  iter 300/743  loss=0.0986  lr=2.11e-05
[19:57:17 INFO] Epoch 33/50  iter 350/743  loss=0.2339  lr=2.10e-05
[19:57:38 INFO] Epoch 33/50  iter 400/743  loss=0.1747  lr=2.10e-05
[19:57:59 INFO] Epoch 33/50  iter 450/743  loss=0.1170  lr=2.09e-05
[19:58:18 INFO] Epoch 33/50  iter 500/743  loss=0.1369  lr=2.08e-05
[19:58:39 INFO] Epoch 33/50  iter 550/743  loss=0.1251  lr=2.07e-05
[19:59:02 INFO] Epoch 33/50  iter 600/743  loss=0.1480  lr=2.06e-05
[19:59:21 INFO] Epoch 33/50  iter 650/743  loss=0.0882  lr=2.05e-05
[19:59:43 INFO] Epoch 33/50  iter 700/743  loss=0.1244  lr=2.05e-05
[20:00:04 INFO] Epoch 33 complete — avg_loss=0.1537  time=314s
[20:00:28 INFO] Epoch 34/50  iter 50/743  loss=0.0891  lr=2.03e-05
[20:00:49 INFO] Epoch 34/50  iter 100/743  loss=0.0983  lr=2.02e-05
[20:01:10 INFO] Epoch 34/50  iter 150/743  loss=0.1079  lr=2.02e-05
[20:01:30 INFO] Epoch 34/50  iter 200/743  loss=0.1162  lr=2.01e-05
[20:01:51 INFO] Epoch 34/50  iter 250/743  loss=0.2050  lr=2.00e-05
[20:02:13 INFO] Epoch 34/50  iter 300/743  loss=0.1857  lr=1.99e-05
[20:02:34 INFO] Epoch 34/50  iter 350/743  loss=0.0883  lr=1.98e-05
[20:02:53 INFO] Epoch 34/50  iter 400/743  loss=0.1561  lr=1.98e-05
[20:03:11 INFO] Epoch 34/50  iter 450/743  loss=0.1062  lr=1.97e-05
[20:03:33 INFO] Epoch 34/50  iter 500/743  loss=0.1483  lr=1.96e-05
[20:03:55 INFO] Epoch 34/50  iter 550/743  loss=0.1671  lr=1.95e-05
[20:04:14 INFO] Epoch 34/50  iter 600/743  loss=0.1008  lr=1.94e-05
[20:04:33 INFO] Epoch 34/50  iter 650/743  loss=0.0753  lr=1.93e-05
[20:04:55 INFO] Epoch 34/50  iter 700/743  loss=0.0492  lr=1.93e-05
[20:05:11 INFO] Epoch 34 complete — avg_loss=0.1502  time=306s
[20:05:33 INFO] Epoch 35/50  iter 50/743  loss=0.0785  lr=1.91e-05
[20:05:55 INFO] Epoch 35/50  iter 100/743  loss=0.1279  lr=1.90e-05
[20:06:16 INFO] Epoch 35/50  iter 150/743  loss=0.1553  lr=1.90e-05
[20:06:35 INFO] Epoch 35/50  iter 200/743  loss=0.2912  lr=1.89e-05
[20:06:55 INFO] Epoch 35/50  iter 250/743  loss=0.0379  lr=1.88e-05
[20:07:16 INFO] Epoch 35/50  iter 300/743  loss=0.1224  lr=1.87e-05
[20:07:37 INFO] Epoch 35/50  iter 350/743  loss=0.0942  lr=1.86e-05
[20:07:59 INFO] Epoch 35/50  iter 400/743  loss=0.0834  lr=1.86e-05
[20:08:23 INFO] Epoch 35/50  iter 450/743  loss=0.1124  lr=1.85e-05
[20:08:41 INFO] Epoch 35/50  iter 500/743  loss=0.1488  lr=1.84e-05
[20:09:04 INFO] Epoch 35/50  iter 550/743  loss=0.3750  lr=1.83e-05
[20:09:24 INFO] Epoch 35/50  iter 600/743  loss=0.9086  lr=1.82e-05
[20:09:47 INFO] Epoch 35/50  iter 650/743  loss=0.2163  lr=1.81e-05
[20:10:08 INFO] Epoch 35/50  iter 700/743  loss=0.1173  lr=1.81e-05
[20:10:26 INFO] Epoch 35 complete — avg_loss=0.1533  time=315s
[20:12:27 INFO]   val mIoU = 0.7509
[20:12:28 INFO]   ★ New best val mIoU: 0.7509
[20:12:53 INFO] Epoch 36/50  iter 50/743  loss=0.1229  lr=1.79e-05
[20:13:15 INFO] Epoch 36/50  iter 100/743  loss=0.1148  lr=1.78e-05
[20:13:33 INFO] Epoch 36/50  iter 150/743  loss=0.0884  lr=1.78e-05
[20:13:54 INFO] Epoch 36/50  iter 200/743  loss=0.1331  lr=1.77e-05
[20:14:15 INFO] Epoch 36/50  iter 250/743  loss=0.1213  lr=1.76e-05
[20:14:37 INFO] Epoch 36/50  iter 300/743  loss=0.1723  lr=1.75e-05
[20:14:57 INFO] Epoch 36/50  iter 350/743  loss=0.1790  lr=1.74e-05
[20:15:20 INFO] Epoch 36/50  iter 400/743  loss=0.1622  lr=1.74e-05
[20:15:41 INFO] Epoch 36/50  iter 450/743  loss=0.0952  lr=1.73e-05
[20:16:02 INFO] Epoch 36/50  iter 500/743  loss=0.0572  lr=1.72e-05
[20:16:22 INFO] Epoch 36/50  iter 550/743  loss=0.1024  lr=1.71e-05
[20:16:46 INFO] Epoch 36/50  iter 600/743  loss=0.1045  lr=1.70e-05
[20:17:08 INFO] Epoch 36/50  iter 650/743  loss=0.2161  lr=1.69e-05
[20:17:28 INFO] Epoch 36/50  iter 700/743  loss=0.2011  lr=1.69e-05
[20:17:47 INFO] Epoch 36 complete — avg_loss=0.1528  time=318s
[20:18:06 INFO] Epoch 37/50  iter 50/743  loss=0.1598  lr=1.67e-05
[20:18:27 INFO] Epoch 37/50  iter 100/743  loss=0.1397  lr=1.66e-05
[20:18:50 INFO] Epoch 37/50  iter 150/743  loss=0.1162  lr=1.66e-05
[20:19:10 INFO] Epoch 37/50  iter 200/743  loss=0.1719  lr=1.65e-05
[20:19:28 INFO] Epoch 37/50  iter 250/743  loss=0.0330  lr=1.64e-05
[20:19:50 INFO] Epoch 37/50  iter 300/743  loss=0.0984  lr=1.63e-05
[20:20:13 INFO] Epoch 37/50  iter 350/743  loss=0.1099  lr=1.62e-05
[20:20:36 INFO] Epoch 37/50  iter 400/743  loss=0.1687  lr=1.62e-05
[20:20:58 INFO] Epoch 37/50  iter 450/743  loss=0.1326  lr=1.61e-05
[20:21:18 INFO] Epoch 37/50  iter 500/743  loss=0.2827  lr=1.60e-05
[20:21:37 INFO] Epoch 37/50  iter 550/743  loss=0.1857  lr=1.59e-05
[20:21:59 INFO] Epoch 37/50  iter 600/743  loss=1.2239  lr=1.58e-05
[20:22:18 INFO] Epoch 37/50  iter 650/743  loss=0.1228  lr=1.57e-05
[20:22:39 INFO] Epoch 37/50  iter 700/743  loss=0.1228  lr=1.57e-05
[20:22:56 INFO] Epoch 37 complete — avg_loss=0.1493  time=309s
[20:23:19 INFO] Epoch 38/50  iter 50/743  loss=0.1096  lr=1.55e-05
[20:23:38 INFO] Epoch 38/50  iter 100/743  loss=0.1302  lr=1.54e-05
[20:23:57 INFO] Epoch 38/50  iter 150/743  loss=0.1460  lr=1.54e-05
[20:24:21 INFO] Epoch 38/50  iter 200/743  loss=0.0231  lr=1.53e-05
[20:24:41 INFO] Epoch 38/50  iter 250/743  loss=0.1238  lr=1.52e-05
[20:25:01 INFO] Epoch 38/50  iter 300/743  loss=0.0528  lr=1.51e-05
[20:25:23 INFO] Epoch 38/50  iter 350/743  loss=0.1545  lr=1.50e-05
[20:25:43 INFO] Epoch 38/50  iter 400/743  loss=0.0702  lr=1.50e-05
[20:26:02 INFO] Epoch 38/50  iter 450/743  loss=0.2705  lr=1.49e-05
[20:26:19 INFO] Epoch 38/50  iter 500/743  loss=0.1609  lr=1.48e-05
[20:26:39 INFO] Epoch 38/50  iter 550/743  loss=0.1925  lr=1.47e-05
[20:26:58 INFO] Epoch 38/50  iter 600/743  loss=0.2110  lr=1.46e-05
[20:27:18 INFO] Epoch 38/50  iter 650/743  loss=0.0783  lr=1.45e-05
[20:27:38 INFO] Epoch 38/50  iter 700/743  loss=0.1399  lr=1.45e-05
[20:27:56 INFO] Epoch 38 complete — avg_loss=0.1434  time=299s
[20:28:18 INFO] Epoch 39/50  iter 50/743  loss=0.0282  lr=1.43e-05
[20:28:39 INFO] Epoch 39/50  iter 100/743  loss=0.1489  lr=1.42e-05
[20:29:00 INFO] Epoch 39/50  iter 150/743  loss=0.1129  lr=1.42e-05
[20:29:21 INFO] Epoch 39/50  iter 200/743  loss=0.1753  lr=1.41e-05
[20:29:41 INFO] Epoch 39/50  iter 250/743  loss=0.1601  lr=1.40e-05
[20:30:01 INFO] Epoch 39/50  iter 300/743  loss=0.0667  lr=1.39e-05
[20:30:19 INFO] Epoch 39/50  iter 350/743  loss=0.4053  lr=1.38e-05
[20:30:40 INFO] Epoch 39/50  iter 400/743  loss=0.2469  lr=1.38e-05
[20:30:57 INFO] Epoch 39/50  iter 450/743  loss=0.1673  lr=1.37e-05
[20:31:17 INFO] Epoch 39/50  iter 500/743  loss=0.2039  lr=1.36e-05
[20:31:36 INFO] Epoch 39/50  iter 550/743  loss=1.0570  lr=1.35e-05
[20:31:56 INFO] Epoch 39/50  iter 600/743  loss=0.1398  lr=1.34e-05
[20:32:19 INFO] Epoch 39/50  iter 650/743  loss=0.1288  lr=1.33e-05
[20:32:41 INFO] Epoch 39/50  iter 700/743  loss=0.1267  lr=1.33e-05
[20:32:59 INFO] Epoch 39 complete — avg_loss=0.1448  time=302s
[20:33:23 INFO] Epoch 40/50  iter 50/743  loss=0.1550  lr=1.31e-05
[20:33:46 INFO] Epoch 40/50  iter 100/743  loss=0.1119  lr=1.30e-05
[20:34:06 INFO] Epoch 40/50  iter 150/743  loss=0.1424  lr=1.30e-05
[20:34:28 INFO] Epoch 40/50  iter 200/743  loss=0.1627  lr=1.29e-05
[20:34:47 INFO] Epoch 40/50  iter 250/743  loss=0.0790  lr=1.28e-05
[20:35:08 INFO] Epoch 40/50  iter 300/743  loss=0.1081  lr=1.27e-05
[20:35:29 INFO] Epoch 40/50  iter 350/743  loss=0.2544  lr=1.26e-05
[20:35:48 INFO] Epoch 40/50  iter 400/743  loss=0.1134  lr=1.26e-05
[20:36:10 INFO] Epoch 40/50  iter 450/743  loss=0.1006  lr=1.25e-05
[20:36:33 INFO] Epoch 40/50  iter 500/743  loss=0.2635  lr=1.24e-05
[20:36:54 INFO] Epoch 40/50  iter 550/743  loss=0.1488  lr=1.23e-05
[20:37:16 INFO] Epoch 40/50  iter 600/743  loss=0.2611  lr=1.22e-05
[20:37:40 INFO] Epoch 40/50  iter 650/743  loss=0.1336  lr=1.21e-05
[20:38:00 INFO] Epoch 40/50  iter 700/743  loss=0.0781  lr=1.21e-05
[20:38:20 INFO] Epoch 40 complete — avg_loss=0.1410  time=321s
[20:40:24 INFO]   val mIoU = 0.7556
[20:40:24 INFO]   ★ New best val mIoU: 0.7556
[20:40:47 INFO] Epoch 41/50  iter 50/743  loss=0.1543  lr=1.19e-05
[20:41:06 INFO] Epoch 41/50  iter 100/743  loss=0.0984  lr=1.18e-05
[20:41:27 INFO] Epoch 41/50  iter 150/743  loss=0.0854  lr=1.18e-05
[20:41:48 INFO] Epoch 41/50  iter 200/743  loss=0.0984  lr=1.17e-05
[20:42:09 INFO] Epoch 41/50  iter 250/743  loss=0.0810  lr=1.16e-05
[20:42:28 INFO] Epoch 41/50  iter 300/743  loss=0.1341  lr=1.15e-05
[20:42:48 INFO] Epoch 41/50  iter 350/743  loss=0.0857  lr=1.14e-05
[20:43:05 INFO] Epoch 41/50  iter 400/743  loss=0.0801  lr=1.14e-05
[20:43:28 INFO] Epoch 41/50  iter 450/743  loss=0.2310  lr=1.13e-05
[20:43:48 INFO] Epoch 41/50  iter 500/743  loss=0.1735  lr=1.12e-05
[20:44:08 INFO] Epoch 41/50  iter 550/743  loss=0.1154  lr=1.11e-05
[20:44:28 INFO] Epoch 41/50  iter 600/743  loss=0.6528  lr=1.10e-05
[20:44:48 INFO] Epoch 41/50  iter 650/743  loss=0.2019  lr=1.09e-05
[20:45:12 INFO] Epoch 41/50  iter 700/743  loss=0.2416  lr=1.09e-05
[20:45:30 INFO] Epoch 41 complete — avg_loss=0.1412  time=305s
[20:45:56 INFO] Epoch 42/50  iter 50/743  loss=0.1640  lr=1.07e-05
[20:46:18 INFO] Epoch 42/50  iter 100/743  loss=0.1865  lr=1.06e-05
[20:46:42 INFO] Epoch 42/50  iter 150/743  loss=0.2448  lr=1.06e-05
[20:47:03 INFO] Epoch 42/50  iter 200/743  loss=0.0583  lr=1.05e-05
[20:47:21 INFO] Epoch 42/50  iter 250/743  loss=0.0856  lr=1.04e-05
[20:47:41 INFO] Epoch 42/50  iter 300/743  loss=0.2923  lr=1.03e-05
[20:48:03 INFO] Epoch 42/50  iter 350/743  loss=0.1436  lr=1.02e-05
[20:48:23 INFO] Epoch 42/50  iter 400/743  loss=0.0815  lr=1.02e-05
[20:48:46 INFO] Epoch 42/50  iter 450/743  loss=0.1115  lr=1.01e-05
[20:49:11 INFO] Epoch 42/50  iter 500/743  loss=0.1034  lr=9.99e-06
[20:49:32 INFO] Epoch 42/50  iter 550/743  loss=0.1497  lr=9.91e-06
[20:49:55 INFO] Epoch 42/50  iter 600/743  loss=0.0962  lr=9.83e-06
[20:50:19 INFO] Epoch 42/50  iter 650/743  loss=0.2049  lr=9.75e-06
[20:50:43 INFO] Epoch 42/50  iter 700/743  loss=0.9661  lr=9.67e-06
[20:51:02 INFO] Epoch 42 complete — avg_loss=0.1416  time=331s
[20:51:22 INFO] Epoch 43/50  iter 50/743  loss=0.0992  lr=9.52e-06
[20:51:46 INFO] Epoch 43/50  iter 100/743  loss=0.1268  lr=9.44e-06
[20:52:08 INFO] Epoch 43/50  iter 150/743  loss=0.1071  lr=9.36e-06
[20:52:28 INFO] Epoch 43/50  iter 200/743  loss=0.1089  lr=9.28e-06
[20:52:47 INFO] Epoch 43/50  iter 250/743  loss=0.2677  lr=9.19e-06
[20:53:08 INFO] Epoch 43/50  iter 300/743  loss=0.1181  lr=9.11e-06
[20:53:31 INFO] Epoch 43/50  iter 350/743  loss=0.0663  lr=9.03e-06
[20:53:52 INFO] Epoch 43/50  iter 400/743  loss=0.1426  lr=8.95e-06
[20:54:15 INFO] Epoch 43/50  iter 450/743  loss=0.1048  lr=8.87e-06
[20:54:35 INFO] Epoch 43/50  iter 500/743  loss=0.0536  lr=8.79e-06
[20:54:54 INFO] Epoch 43/50  iter 550/743  loss=0.1648  lr=8.71e-06
[20:55:16 INFO] Epoch 43/50  iter 600/743  loss=0.1942  lr=8.63e-06
[20:55:35 INFO] Epoch 43/50  iter 650/743  loss=0.3788  lr=8.55e-06
[20:55:56 INFO] Epoch 43/50  iter 700/743  loss=0.1057  lr=8.47e-06
[20:56:12 INFO] Epoch 43 complete — avg_loss=0.1439  time=310s
[20:56:35 INFO] Epoch 44/50  iter 50/743  loss=0.0404  lr=8.32e-06
[20:56:54 INFO] Epoch 44/50  iter 100/743  loss=0.0961  lr=8.24e-06
[20:57:19 INFO] Epoch 44/50  iter 150/743  loss=0.1386  lr=8.16e-06
[20:57:38 INFO] Epoch 44/50  iter 200/743  loss=0.0927  lr=8.08e-06
[20:58:00 INFO] Epoch 44/50  iter 250/743  loss=0.1101  lr=7.99e-06
[20:58:21 INFO] Epoch 44/50  iter 300/743  loss=0.1601  lr=7.91e-06
[20:58:41 INFO] Epoch 44/50  iter 350/743  loss=0.1476  lr=7.83e-06
[20:59:01 INFO] Epoch 44/50  iter 400/743  loss=0.2229  lr=7.75e-06
[20:59:22 INFO] Epoch 44/50  iter 450/743  loss=0.2856  lr=7.67e-06
[20:59:41 INFO] Epoch 44/50  iter 500/743  loss=0.1469  lr=7.59e-06
[20:59:59 INFO] Epoch 44/50  iter 550/743  loss=0.2812  lr=7.51e-06
[21:00:18 INFO] Epoch 44/50  iter 600/743  loss=0.1159  lr=7.43e-06
[21:00:37 INFO] Epoch 44/50  iter 650/743  loss=0.1303  lr=7.35e-06
[21:01:00 INFO] Epoch 44/50  iter 700/743  loss=0.0930  lr=7.27e-06
[21:01:18 INFO] Epoch 44 complete — avg_loss=0.1365  time=305s
[21:01:40 INFO] Epoch 45/50  iter 50/743  loss=0.1316  lr=7.12e-06
[21:02:04 INFO] Epoch 45/50  iter 100/743  loss=0.0953  lr=7.04e-06
[21:02:25 INFO] Epoch 45/50  iter 150/743  loss=0.0997  lr=6.96e-06
[21:02:48 INFO] Epoch 45/50  iter 200/743  loss=0.1953  lr=6.88e-06
[21:03:07 INFO] Epoch 45/50  iter 250/743  loss=0.1770  lr=6.79e-06
[21:03:28 INFO] Epoch 45/50  iter 300/743  loss=0.2188  lr=6.71e-06
[21:03:55 INFO] Epoch 45/50  iter 350/743  loss=0.1002  lr=6.63e-06
[21:04:15 INFO] Epoch 45/50  iter 400/743  loss=0.1399  lr=6.55e-06
[21:04:37 INFO] Epoch 45/50  iter 450/743  loss=0.1451  lr=6.47e-06
[21:04:57 INFO] Epoch 45/50  iter 500/743  loss=0.0972  lr=6.39e-06
[21:05:16 INFO] Epoch 45/50  iter 550/743  loss=0.1035  lr=6.31e-06
[21:05:37 INFO] Epoch 45/50  iter 600/743  loss=0.1286  lr=6.23e-06
[21:05:57 INFO] Epoch 45/50  iter 650/743  loss=0.1177  lr=6.15e-06
[21:06:16 INFO] Epoch 45/50  iter 700/743  loss=0.1097  lr=6.07e-06
[21:06:34 INFO] Epoch 45 complete — avg_loss=0.1391  time=315s
[21:08:36 INFO]   val mIoU = 0.7602
[21:08:37 INFO]   ★ New best val mIoU: 0.7602
[21:08:59 INFO] Epoch 46/50  iter 50/743  loss=0.0863  lr=5.92e-06
[21:09:23 INFO] Epoch 46/50  iter 100/743  loss=0.0802  lr=5.84e-06
[21:09:44 INFO] Epoch 46/50  iter 150/743  loss=0.1166  lr=5.76e-06
[21:10:05 INFO] Epoch 46/50  iter 200/743  loss=0.0864  lr=5.68e-06
[21:10:25 INFO] Epoch 46/50  iter 250/743  loss=0.1099  lr=5.59e-06
[21:10:47 INFO] Epoch 46/50  iter 300/743  loss=0.1415  lr=5.51e-06
[21:11:10 INFO] Epoch 46/50  iter 350/743  loss=0.1379  lr=5.43e-06
[21:11:32 INFO] Epoch 46/50  iter 400/743  loss=0.1484  lr=5.35e-06
[21:11:51 INFO] Epoch 46/50  iter 450/743  loss=0.1434  lr=5.27e-06
[21:12:13 INFO] Epoch 46/50  iter 500/743  loss=0.0546  lr=5.19e-06
[21:12:36 INFO] Epoch 46/50  iter 550/743  loss=0.2180  lr=5.11e-06
[21:13:00 INFO] Epoch 46/50  iter 600/743  loss=0.1021  lr=5.03e-06
[21:13:18 INFO] Epoch 46/50  iter 650/743  loss=0.1406  lr=4.95e-06
[21:13:41 INFO] Epoch 46/50  iter 700/743  loss=0.0873  lr=4.87e-06
[21:13:59 INFO] Epoch 46 complete — avg_loss=0.1332  time=321s
[21:14:21 INFO] Epoch 47/50  iter 50/743  loss=0.1514  lr=4.72e-06
[21:14:41 INFO] Epoch 47/50  iter 100/743  loss=0.0856  lr=4.64e-06
[21:15:02 INFO] Epoch 47/50  iter 150/743  loss=0.1436  lr=4.56e-06
[21:15:24 INFO] Epoch 47/50  iter 200/743  loss=0.0864  lr=4.48e-06
[21:15:46 INFO] Epoch 47/50  iter 250/743  loss=0.1173  lr=4.39e-06
[21:16:08 INFO] Epoch 47/50  iter 300/743  loss=0.1106  lr=4.31e-06
[21:16:28 INFO] Epoch 47/50  iter 350/743  loss=0.1373  lr=4.23e-06
[21:16:48 INFO] Epoch 47/50  iter 400/743  loss=0.1147  lr=4.15e-06
[21:17:11 INFO] Epoch 47/50  iter 450/743  loss=0.0985  lr=4.07e-06
[21:17:34 INFO] Epoch 47/50  iter 500/743  loss=0.1819  lr=3.99e-06
[21:17:56 INFO] Epoch 47/50  iter 550/743  loss=0.1145  lr=3.91e-06
[21:18:19 INFO] Epoch 47/50  iter 600/743  loss=0.1016  lr=3.83e-06
[21:18:44 INFO] Epoch 47/50  iter 650/743  loss=0.0929  lr=3.75e-06
[21:19:09 INFO] Epoch 47/50  iter 700/743  loss=0.1820  lr=3.67e-06
[21:19:27 INFO] Epoch 47 complete — avg_loss=0.1380  time=327s
[21:19:51 INFO] Epoch 48/50  iter 50/743  loss=0.1587  lr=3.52e-06
[21:20:14 INFO] Epoch 48/50  iter 100/743  loss=0.1157  lr=3.44e-06
[21:20:35 INFO] Epoch 48/50  iter 150/743  loss=0.0710  lr=3.36e-06
[21:20:57 INFO] Epoch 48/50  iter 200/743  loss=0.1762  lr=3.28e-06
[21:21:19 INFO] Epoch 48/50  iter 250/743  loss=0.1539  lr=3.19e-06
[21:21:40 INFO] Epoch 48/50  iter 300/743  loss=0.0911  lr=3.11e-06
[21:21:59 INFO] Epoch 48/50  iter 350/743  loss=0.1501  lr=3.03e-06
[21:22:21 INFO] Epoch 48/50  iter 400/743  loss=0.1471  lr=2.95e-06
[21:22:40 INFO] Epoch 48/50  iter 450/743  loss=0.1728  lr=2.87e-06
[21:23:02 INFO] Epoch 48/50  iter 500/743  loss=0.1118  lr=2.79e-06
[21:23:25 INFO] Epoch 48/50  iter 550/743  loss=0.1730  lr=2.71e-06
[21:23:42 INFO] Epoch 48/50  iter 600/743  loss=0.1005  lr=2.63e-06
[21:24:02 INFO] Epoch 48/50  iter 650/743  loss=0.1179  lr=2.55e-06
[21:24:22 INFO] Epoch 48/50  iter 700/743  loss=1.8523  lr=2.47e-06
[21:24:39 INFO] Epoch 48 complete — avg_loss=0.1363  time=312s
[21:25:05 INFO] Epoch 49/50  iter 50/743  loss=0.2408  lr=2.32e-06
[21:25:25 INFO] Epoch 49/50  iter 100/743  loss=0.1296  lr=2.24e-06
[21:25:45 INFO] Epoch 49/50  iter 150/743  loss=0.1120  lr=2.16e-06
[21:26:06 INFO] Epoch 49/50  iter 200/743  loss=0.1791  lr=2.08e-06
[21:26:23 INFO] Epoch 49/50  iter 250/743  loss=0.1066  lr=1.99e-06
[21:26:44 INFO] Epoch 49/50  iter 300/743  loss=0.1273  lr=1.91e-06
[21:27:05 INFO] Epoch 49/50  iter 350/743  loss=0.2074  lr=1.83e-06
[21:27:24 INFO] Epoch 49/50  iter 400/743  loss=0.1334  lr=1.75e-06
[21:27:43 INFO] Epoch 49/50  iter 450/743  loss=0.1610  lr=1.67e-06
[21:28:01 INFO] Epoch 49/50  iter 500/743  loss=0.1714  lr=1.59e-06
[21:28:24 INFO] Epoch 49/50  iter 550/743  loss=0.1229  lr=1.51e-06
[21:28:43 INFO] Epoch 49/50  iter 600/743  loss=0.1784  lr=1.43e-06
[21:29:03 INFO] Epoch 49/50  iter 650/743  loss=0.0368  lr=1.35e-06
[21:29:23 INFO] Epoch 49/50  iter 700/743  loss=0.1375  lr=1.27e-06
[21:29:40 INFO] Epoch 49 complete — avg_loss=0.1338  time=301s
[21:30:04 INFO] Epoch 50/50  iter 50/743  loss=0.0475  lr=1.12e-06
[21:30:25 INFO] Epoch 50/50  iter 100/743  loss=0.0767  lr=1.04e-06
[21:30:45 INFO] Epoch 50/50  iter 150/743  loss=0.1081  lr=9.56e-07
[21:31:05 INFO] Epoch 50/50  iter 200/743  loss=0.1246  lr=8.75e-07
[21:31:24 INFO] Epoch 50/50  iter 250/743  loss=0.1444  lr=7.95e-07
[21:31:44 INFO] Epoch 50/50  iter 300/743  loss=0.1636  lr=7.14e-07
[21:32:05 INFO] Epoch 50/50  iter 350/743  loss=0.0727  lr=6.33e-07
[21:32:26 INFO] Epoch 50/50  iter 400/743  loss=0.0633  lr=5.52e-07
[21:32:45 INFO] Epoch 50/50  iter 450/743  loss=0.0963  lr=4.72e-07
[21:33:09 INFO] Epoch 50/50  iter 500/743  loss=0.2899  lr=3.91e-07
[21:33:31 INFO] Epoch 50/50  iter 550/743  loss=0.1801  lr=3.10e-07
[21:33:49 INFO] Epoch 50/50  iter 600/743  loss=0.2478  lr=2.29e-07
[21:34:08 INFO] Epoch 50/50  iter 650/743  loss=0.2036  lr=1.49e-07
[21:34:27 INFO] Epoch 50/50  iter 700/743  loss=0.1631  lr=6.78e-08
[21:34:45 INFO] Epoch 50 complete — avg_loss=0.1326  time=304s
[21:36:49 INFO]   val mIoU = 0.7606
[21:36:49 INFO]   ★ New best val mIoU: 0.7606
[21:36:50 INFO] Training complete. Best val mIoU = 0.7606
