[19:54:52 INFO] Device: cuda
[19:54:55 INFO] Using fog cache: data/fog_cache/nn_depth_base_b001
[19:54:55 INFO] fog_prob: 0.3
[19:54:57 INFO] Train: 2975 samples  |  Val: 500 samples
[19:55:11 INFO] Epoch 1/50  iter 50/743  loss=1.6676  lr=5.99e-05
[19:55:25 INFO] Epoch 1/50  iter 100/743  loss=0.9302  lr=5.98e-05
[19:55:38 INFO] Epoch 1/50  iter 150/743  loss=0.5270  lr=5.98e-05
[19:55:52 INFO] Epoch 1/50  iter 200/743  loss=0.8166  lr=5.97e-05
[19:56:05 INFO] Epoch 1/50  iter 250/743  loss=0.5393  lr=5.96e-05
[19:56:19 INFO] Epoch 1/50  iter 300/743  loss=0.3122  lr=5.95e-05
[19:56:32 INFO] Epoch 1/50  iter 350/743  loss=0.8761  lr=5.94e-05
[19:56:46 INFO] Epoch 1/50  iter 400/743  loss=0.4624  lr=5.94e-05
[19:57:00 INFO] Epoch 1/50  iter 450/743  loss=0.4052  lr=5.93e-05
[19:57:13 INFO] Epoch 1/50  iter 500/743  loss=0.2374  lr=5.92e-05
[19:57:26 INFO] Epoch 1/50  iter 550/743  loss=1.0644  lr=5.91e-05
[19:57:40 INFO] Epoch 1/50  iter 600/743  loss=0.2431  lr=5.90e-05
[19:57:54 INFO] Epoch 1/50  iter 650/743  loss=0.3571  lr=5.89e-05
[19:58:07 INFO] Epoch 1/50  iter 700/743  loss=0.4943  lr=5.89e-05
[19:58:19 INFO] Epoch 1 complete — avg_loss=0.6682  time=203s
[19:58:34 INFO] Epoch 2/50  iter 50/743  loss=0.2036  lr=5.87e-05
[19:58:48 INFO] Epoch 2/50  iter 100/743  loss=0.2998  lr=5.86e-05
[19:59:02 INFO] Epoch 2/50  iter 150/743  loss=0.3349  lr=5.86e-05
[19:59:16 INFO] Epoch 2/50  iter 200/743  loss=0.3860  lr=5.85e-05
[19:59:30 INFO] Epoch 2/50  iter 250/743  loss=0.2557  lr=5.84e-05
[19:59:44 INFO] Epoch 2/50  iter 300/743  loss=0.2179  lr=5.83e-05
[19:59:57 INFO] Epoch 2/50  iter 350/743  loss=0.2021  lr=5.82e-05
[20:00:11 INFO] Epoch 2/50  iter 400/743  loss=0.1977  lr=5.82e-05
[20:00:24 INFO] Epoch 2/50  iter 450/743  loss=0.6293  lr=5.81e-05
[20:00:38 INFO] Epoch 2/50  iter 500/743  loss=0.3156  lr=5.80e-05
[20:00:51 INFO] Epoch 2/50  iter 550/743  loss=0.2850  lr=5.79e-05
[20:01:05 INFO] Epoch 2/50  iter 600/743  loss=0.4957  lr=5.78e-05
[20:01:19 INFO] Epoch 2/50  iter 650/743  loss=0.2011  lr=5.77e-05
[20:01:32 INFO] Epoch 2/50  iter 700/743  loss=0.4964  lr=5.77e-05
[20:01:44 INFO] Epoch 2 complete — avg_loss=0.3486  time=204s
[20:01:59 INFO] Epoch 3/50  iter 50/743  loss=0.3348  lr=5.75e-05
[20:02:12 INFO] Epoch 3/50  iter 100/743  loss=0.2522  lr=5.74e-05
[20:02:26 INFO] Epoch 3/50  iter 150/743  loss=0.1881  lr=5.74e-05
[20:02:40 INFO] Epoch 3/50  iter 200/743  loss=0.2313  lr=5.73e-05
[20:02:53 INFO] Epoch 3/50  iter 250/743  loss=0.4209  lr=5.72e-05
[20:03:07 INFO] Epoch 3/50  iter 300/743  loss=1.1105  lr=5.71e-05
[20:03:20 INFO] Epoch 3/50  iter 350/743  loss=0.1147  lr=5.70e-05
[20:03:34 INFO] Epoch 3/50  iter 400/743  loss=0.4541  lr=5.70e-05
[20:03:47 INFO] Epoch 3/50  iter 450/743  loss=0.3255  lr=5.69e-05
[20:04:01 INFO] Epoch 3/50  iter 500/743  loss=0.1847  lr=5.68e-05
[20:04:14 INFO] Epoch 3/50  iter 550/743  loss=0.2634  lr=5.67e-05
[20:04:28 INFO] Epoch 3/50  iter 600/743  loss=0.2721  lr=5.66e-05
[20:04:41 INFO] Epoch 3/50  iter 650/743  loss=0.1900  lr=5.65e-05
[20:04:55 INFO] Epoch 3/50  iter 700/743  loss=0.1224  lr=5.65e-05
[20:05:07 INFO] Epoch 3 complete — avg_loss=0.2847  time=202s
[20:05:22 INFO] Epoch 4/50  iter 50/743  loss=0.1657  lr=5.63e-05
[20:05:35 INFO] Epoch 4/50  iter 100/743  loss=0.1972  lr=5.62e-05
[20:05:49 INFO] Epoch 4/50  iter 150/743  loss=0.6494  lr=5.62e-05
[20:06:03 INFO] Epoch 4/50  iter 200/743  loss=0.2126  lr=5.61e-05
[20:06:17 INFO] Epoch 4/50  iter 250/743  loss=0.2760  lr=5.60e-05
[20:06:30 INFO] Epoch 4/50  iter 300/743  loss=0.2056  lr=5.59e-05
[20:06:44 INFO] Epoch 4/50  iter 350/743  loss=0.0356  lr=5.58e-05
[20:06:58 INFO] Epoch 4/50  iter 400/743  loss=0.1211  lr=5.58e-05
[20:07:12 INFO] Epoch 4/50  iter 450/743  loss=0.0659  lr=5.57e-05
[20:07:25 INFO] Epoch 4/50  iter 500/743  loss=0.2053  lr=5.56e-05
[20:07:39 INFO] Epoch 4/50  iter 550/743  loss=0.2829  lr=5.55e-05
[20:07:52 INFO] Epoch 4/50  iter 600/743  loss=0.3033  lr=5.54e-05
[20:08:06 INFO] Epoch 4/50  iter 650/743  loss=0.2759  lr=5.53e-05
[20:08:20 INFO] Epoch 4/50  iter 700/743  loss=0.1479  lr=5.53e-05
[20:08:32 INFO] Epoch 4 complete — avg_loss=0.2720  time=204s
[20:08:46 INFO] Epoch 5/50  iter 50/743  loss=0.1366  lr=5.51e-05
[20:09:00 INFO] Epoch 5/50  iter 100/743  loss=0.1601  lr=5.50e-05
[20:09:14 INFO] Epoch 5/50  iter 150/743  loss=0.1738  lr=5.50e-05
[20:09:27 INFO] Epoch 5/50  iter 200/743  loss=0.1861  lr=5.49e-05
[20:09:41 INFO] Epoch 5/50  iter 250/743  loss=0.1951  lr=5.48e-05
[20:09:55 INFO] Epoch 5/50  iter 300/743  loss=1.0463  lr=5.47e-05
[20:10:08 INFO] Epoch 5/50  iter 350/743  loss=0.1211  lr=5.46e-05
[20:10:22 INFO] Epoch 5/50  iter 400/743  loss=0.2475  lr=5.46e-05
[20:10:35 INFO] Epoch 5/50  iter 450/743  loss=0.1670  lr=5.45e-05
[20:10:49 INFO] Epoch 5/50  iter 500/743  loss=0.2597  lr=5.44e-05
[20:11:03 INFO] Epoch 5/50  iter 550/743  loss=0.0666  lr=5.43e-05
[20:11:16 INFO] Epoch 5/50  iter 600/743  loss=0.0211  lr=5.42e-05
[20:11:30 INFO] Epoch 5/50  iter 650/743  loss=0.4705  lr=5.41e-05
[20:11:43 INFO] Epoch 5/50  iter 700/743  loss=0.1191  lr=5.41e-05
[20:11:55 INFO] Epoch 5 complete — avg_loss=0.2541  time=203s
[20:14:02 INFO]   val mIoU = 0.6513
[20:14:02 INFO]   ★ New best val mIoU: 0.6513
[20:14:17 INFO] Epoch 6/50  iter 50/743  loss=0.2953  lr=5.39e-05
[20:14:31 INFO] Epoch 6/50  iter 100/743  loss=0.0586  lr=5.38e-05
[20:14:44 INFO] Epoch 6/50  iter 150/743  loss=0.3204  lr=5.38e-05
[20:14:58 INFO] Epoch 6/50  iter 200/743  loss=0.1278  lr=5.37e-05
[20:15:11 INFO] Epoch 6/50  iter 250/743  loss=0.2459  lr=5.36e-05
[20:15:25 INFO] Epoch 6/50  iter 300/743  loss=0.2500  lr=5.35e-05
[20:15:38 INFO] Epoch 6/50  iter 350/743  loss=0.1099  lr=5.34e-05
[20:15:52 INFO] Epoch 6/50  iter 400/743  loss=0.1092  lr=5.34e-05
[20:16:06 INFO] Epoch 6/50  iter 450/743  loss=0.2060  lr=5.33e-05
[20:16:19 INFO] Epoch 6/50  iter 500/743  loss=0.2189  lr=5.32e-05
[20:16:33 INFO] Epoch 6/50  iter 550/743  loss=0.2589  lr=5.31e-05
[20:16:47 INFO] Epoch 6/50  iter 600/743  loss=0.1624  lr=5.30e-05
[20:17:01 INFO] Epoch 6/50  iter 650/743  loss=0.4005  lr=5.29e-05
[20:17:15 INFO] Epoch 6/50  iter 700/743  loss=0.2825  lr=5.29e-05
[20:17:26 INFO] Epoch 6 complete — avg_loss=0.2310  time=203s
[20:17:41 INFO] Epoch 7/50  iter 50/743  loss=0.1969  lr=5.27e-05
[20:17:55 INFO] Epoch 7/50  iter 100/743  loss=0.1114  lr=5.26e-05
[20:18:09 INFO] Epoch 7/50  iter 150/743  loss=0.2619  lr=5.26e-05
[20:18:23 INFO] Epoch 7/50  iter 200/743  loss=0.5978  lr=5.25e-05
[20:18:37 INFO] Epoch 7/50  iter 250/743  loss=0.2564  lr=5.24e-05
[20:18:50 INFO] Epoch 7/50  iter 300/743  loss=0.1359  lr=5.23e-05
[20:19:04 INFO] Epoch 7/50  iter 350/743  loss=0.2162  lr=5.22e-05
[20:19:18 INFO] Epoch 7/50  iter 400/743  loss=0.1161  lr=5.22e-05
[20:19:32 INFO] Epoch 7/50  iter 450/743  loss=0.4605  lr=5.21e-05
[20:19:46 INFO] Epoch 7/50  iter 500/743  loss=0.3033  lr=5.20e-05
[20:20:00 INFO] Epoch 7/50  iter 550/743  loss=0.2111  lr=5.19e-05
[20:20:14 INFO] Epoch 7/50  iter 600/743  loss=0.4061  lr=5.18e-05
[20:20:28 INFO] Epoch 7/50  iter 650/743  loss=0.0333  lr=5.17e-05
[20:20:41 INFO] Epoch 7/50  iter 700/743  loss=0.2682  lr=5.17e-05
[20:20:53 INFO] Epoch 7 complete — avg_loss=0.2186  time=206s
[20:21:09 INFO] Epoch 8/50  iter 50/743  loss=0.1929  lr=5.15e-05
[20:21:22 INFO] Epoch 8/50  iter 100/743  loss=0.2589  lr=5.14e-05
[20:21:36 INFO] Epoch 8/50  iter 150/743  loss=0.0963  lr=5.14e-05
[20:21:49 INFO] Epoch 8/50  iter 200/743  loss=0.1659  lr=5.13e-05
[20:22:03 INFO] Epoch 8/50  iter 250/743  loss=0.2526  lr=5.12e-05
[20:22:16 INFO] Epoch 8/50  iter 300/743  loss=0.2301  lr=5.11e-05
[20:22:30 INFO] Epoch 8/50  iter 350/743  loss=0.1891  lr=5.10e-05
[20:22:44 INFO] Epoch 8/50  iter 400/743  loss=0.2713  lr=5.10e-05
[20:22:57 INFO] Epoch 8/50  iter 450/743  loss=0.1188  lr=5.09e-05
[20:23:11 INFO] Epoch 8/50  iter 500/743  loss=0.1361  lr=5.08e-05
[20:23:24 INFO] Epoch 8/50  iter 550/743  loss=0.1857  lr=5.07e-05
[20:23:38 INFO] Epoch 8/50  iter 600/743  loss=0.0637  lr=5.06e-05
[20:23:52 INFO] Epoch 8/50  iter 650/743  loss=0.1932  lr=5.05e-05
[20:24:05 INFO] Epoch 8/50  iter 700/743  loss=0.0568  lr=5.05e-05
[20:24:17 INFO] Epoch 8 complete — avg_loss=0.2193  time=203s
[20:24:32 INFO] Epoch 9/50  iter 50/743  loss=0.2531  lr=5.03e-05
[20:24:46 INFO] Epoch 9/50  iter 100/743  loss=0.1291  lr=5.02e-05
[20:24:59 INFO] Epoch 9/50  iter 150/743  loss=0.1923  lr=5.02e-05
[20:25:13 INFO] Epoch 9/50  iter 200/743  loss=0.3185  lr=5.01e-05
[20:25:26 INFO] Epoch 9/50  iter 250/743  loss=0.2399  lr=5.00e-05
[20:25:40 INFO] Epoch 9/50  iter 300/743  loss=0.0898  lr=4.99e-05
[20:25:54 INFO] Epoch 9/50  iter 350/743  loss=0.1799  lr=4.98e-05
[20:26:07 INFO] Epoch 9/50  iter 400/743  loss=0.0963  lr=4.98e-05
[20:26:21 INFO] Epoch 9/50  iter 450/743  loss=0.1780  lr=4.97e-05
[20:26:34 INFO] Epoch 9/50  iter 500/743  loss=0.1690  lr=4.96e-05
[20:26:48 INFO] Epoch 9/50  iter 550/743  loss=0.1774  lr=4.95e-05
[20:27:01 INFO] Epoch 9/50  iter 600/743  loss=0.3217  lr=4.94e-05
[20:27:15 INFO] Epoch 9/50  iter 650/743  loss=0.1520  lr=4.93e-05
[20:27:29 INFO] Epoch 9/50  iter 700/743  loss=0.2218  lr=4.93e-05
[20:27:41 INFO] Epoch 9 complete — avg_loss=0.2105  time=203s
[20:27:55 INFO] Epoch 10/50  iter 50/743  loss=0.2083  lr=4.91e-05
[20:28:09 INFO] Epoch 10/50  iter 100/743  loss=0.1975  lr=4.90e-05
[20:28:22 INFO] Epoch 10/50  iter 150/743  loss=0.1490  lr=4.90e-05
[20:28:36 INFO] Epoch 10/50  iter 200/743  loss=0.0871  lr=4.89e-05
[20:28:49 INFO] Epoch 10/50  iter 250/743  loss=0.1129  lr=4.88e-05
[20:29:03 INFO] Epoch 10/50  iter 300/743  loss=0.0787  lr=4.87e-05
[20:29:17 INFO] Epoch 10/50  iter 350/743  loss=0.1938  lr=4.86e-05
[20:29:31 INFO] Epoch 10/50  iter 400/743  loss=0.2505  lr=4.86e-05
[20:29:45 INFO] Epoch 10/50  iter 450/743  loss=0.2240  lr=4.85e-05
[20:29:58 INFO] Epoch 10/50  iter 500/743  loss=0.1800  lr=4.84e-05
[20:30:12 INFO] Epoch 10/50  iter 550/743  loss=0.1881  lr=4.83e-05
[20:30:25 INFO] Epoch 10/50  iter 600/743  loss=0.2627  lr=4.82e-05
[20:30:39 INFO] Epoch 10/50  iter 650/743  loss=0.2203  lr=4.81e-05
[20:30:53 INFO] Epoch 10/50  iter 700/743  loss=0.1293  lr=4.81e-05
[20:31:04 INFO] Epoch 10 complete — avg_loss=0.2055  time=203s
[20:33:12 INFO]   val mIoU = 0.6712
[20:33:13 INFO]   ★ New best val mIoU: 0.6712
[20:33:28 INFO] Epoch 11/50  iter 50/743  loss=0.1428  lr=4.79e-05
[20:33:42 INFO] Epoch 11/50  iter 100/743  loss=0.3322  lr=4.78e-05
[20:33:55 INFO] Epoch 11/50  iter 150/743  loss=0.2603  lr=4.78e-05
[20:34:09 INFO] Epoch 11/50  iter 200/743  loss=0.2482  lr=4.77e-05
[20:34:23 INFO] Epoch 11/50  iter 250/743  loss=0.1582  lr=4.76e-05
[20:34:37 INFO] Epoch 11/50  iter 300/743  loss=0.2237  lr=4.75e-05
[20:34:50 INFO] Epoch 11/50  iter 350/743  loss=0.1640  lr=4.74e-05
[20:35:04 INFO] Epoch 11/50  iter 400/743  loss=0.1764  lr=4.74e-05
[20:35:18 INFO] Epoch 11/50  iter 450/743  loss=0.1900  lr=4.73e-05
[20:35:31 INFO] Epoch 11/50  iter 500/743  loss=0.0913  lr=4.72e-05
[20:35:45 INFO] Epoch 11/50  iter 550/743  loss=0.1392  lr=4.71e-05
[20:35:59 INFO] Epoch 11/50  iter 600/743  loss=0.0911  lr=4.70e-05
[20:36:12 INFO] Epoch 11/50  iter 650/743  loss=0.1592  lr=4.69e-05
[20:36:26 INFO] Epoch 11/50  iter 700/743  loss=0.2428  lr=4.69e-05
[20:36:38 INFO] Epoch 11 complete — avg_loss=0.1909  time=204s
[20:36:52 INFO] Epoch 12/50  iter 50/743  loss=0.1092  lr=4.67e-05
[20:37:07 INFO] Epoch 12/50  iter 100/743  loss=0.2138  lr=4.66e-05
[20:37:20 INFO] Epoch 12/50  iter 150/743  loss=0.1323  lr=4.66e-05
[20:37:34 INFO] Epoch 12/50  iter 200/743  loss=0.1264  lr=4.65e-05
[20:37:48 INFO] Epoch 12/50  iter 250/743  loss=0.1816  lr=4.64e-05
[20:38:01 INFO] Epoch 12/50  iter 300/743  loss=0.0892  lr=4.63e-05
[20:38:15 INFO] Epoch 12/50  iter 350/743  loss=0.2409  lr=4.62e-05
[20:38:29 INFO] Epoch 12/50  iter 400/743  loss=0.0954  lr=4.62e-05
[20:38:43 INFO] Epoch 12/50  iter 450/743  loss=0.1526  lr=4.61e-05
[20:38:56 INFO] Epoch 12/50  iter 500/743  loss=0.1157  lr=4.60e-05
[20:39:10 INFO] Epoch 12/50  iter 550/743  loss=0.1416  lr=4.59e-05
[20:39:24 INFO] Epoch 12/50  iter 600/743  loss=0.1192  lr=4.58e-05
[20:39:38 INFO] Epoch 12/50  iter 650/743  loss=0.2129  lr=4.57e-05
[20:39:51 INFO] Epoch 12/50  iter 700/743  loss=0.1571  lr=4.57e-05
[20:40:03 INFO] Epoch 12 complete — avg_loss=0.1886  time=205s
[20:40:18 INFO] Epoch 13/50  iter 50/743  loss=0.0657  lr=4.55e-05
[20:40:32 INFO] Epoch 13/50  iter 100/743  loss=0.1459  lr=4.54e-05
[20:40:46 INFO] Epoch 13/50  iter 150/743  loss=0.0840  lr=4.54e-05
[20:40:59 INFO] Epoch 13/50  iter 200/743  loss=0.0399  lr=4.53e-05
[20:41:13 INFO] Epoch 13/50  iter 250/743  loss=0.2390  lr=4.52e-05
[20:41:27 INFO] Epoch 13/50  iter 300/743  loss=0.2230  lr=4.51e-05
[20:41:40 INFO] Epoch 13/50  iter 350/743  loss=0.1134  lr=4.50e-05
[20:41:54 INFO] Epoch 13/50  iter 400/743  loss=0.2677  lr=4.50e-05
[20:42:08 INFO] Epoch 13/50  iter 450/743  loss=0.0505  lr=4.49e-05
[20:42:21 INFO] Epoch 13/50  iter 500/743  loss=0.2871  lr=4.48e-05
[20:42:35 INFO] Epoch 13/50  iter 550/743  loss=0.1339  lr=4.47e-05
[20:42:49 INFO] Epoch 13/50  iter 600/743  loss=0.1569  lr=4.46e-05
[20:43:02 INFO] Epoch 13/50  iter 650/743  loss=0.1339  lr=4.45e-05
[20:43:16 INFO] Epoch 13/50  iter 700/743  loss=0.1508  lr=4.45e-05
[20:43:28 INFO] Epoch 13 complete — avg_loss=0.1796  time=204s
[20:43:43 INFO] Epoch 14/50  iter 50/743  loss=0.1903  lr=4.43e-05
[20:43:57 INFO] Epoch 14/50  iter 100/743  loss=0.1722  lr=4.42e-05
[20:44:10 INFO] Epoch 14/50  iter 150/743  loss=0.1721  lr=4.42e-05
[20:44:24 INFO] Epoch 14/50  iter 200/743  loss=0.0967  lr=4.41e-05
[20:44:38 INFO] Epoch 14/50  iter 250/743  loss=0.1721  lr=4.40e-05
[20:44:52 INFO] Epoch 14/50  iter 300/743  loss=0.2227  lr=4.39e-05
[20:45:05 INFO] Epoch 14/50  iter 350/743  loss=0.1222  lr=4.38e-05
[20:45:19 INFO] Epoch 14/50  iter 400/743  loss=0.0888  lr=4.38e-05
[20:45:33 INFO] Epoch 14/50  iter 450/743  loss=0.1719  lr=4.37e-05
[20:45:46 INFO] Epoch 14/50  iter 500/743  loss=0.1272  lr=4.36e-05
[20:46:00 INFO] Epoch 14/50  iter 550/743  loss=0.0412  lr=4.35e-05
[20:46:14 INFO] Epoch 14/50  iter 600/743  loss=0.1259  lr=4.34e-05
[20:46:28 INFO] Epoch 14/50  iter 650/743  loss=0.1497  lr=4.33e-05
[20:46:41 INFO] Epoch 14/50  iter 700/743  loss=0.1713  lr=4.33e-05
[20:46:53 INFO] Epoch 14 complete — avg_loss=0.1849  time=204s
[20:47:08 INFO] Epoch 15/50  iter 50/743  loss=0.1718  lr=4.31e-05
[20:47:22 INFO] Epoch 15/50  iter 100/743  loss=0.1292  lr=4.30e-05
[20:47:35 INFO] Epoch 15/50  iter 150/743  loss=0.1685  lr=4.30e-05
[20:47:49 INFO] Epoch 15/50  iter 200/743  loss=0.1552  lr=4.29e-05
[20:48:02 INFO] Epoch 15/50  iter 250/743  loss=0.1060  lr=4.28e-05
[20:48:16 INFO] Epoch 15/50  iter 300/743  loss=0.1686  lr=4.27e-05
[20:48:29 INFO] Epoch 15/50  iter 350/743  loss=0.1896  lr=4.26e-05
[20:48:43 INFO] Epoch 15/50  iter 400/743  loss=0.1988  lr=4.26e-05
[20:48:57 INFO] Epoch 15/50  iter 450/743  loss=0.1385  lr=4.25e-05
[20:49:10 INFO] Epoch 15/50  iter 500/743  loss=0.1643  lr=4.24e-05
[20:49:24 INFO] Epoch 15/50  iter 550/743  loss=0.0815  lr=4.23e-05
[20:49:37 INFO] Epoch 15/50  iter 600/743  loss=0.1846  lr=4.22e-05
[20:49:51 INFO] Epoch 15/50  iter 650/743  loss=0.1823  lr=4.21e-05
[20:50:05 INFO] Epoch 15/50  iter 700/743  loss=0.1426  lr=4.21e-05
[20:50:16 INFO] Epoch 15 complete — avg_loss=0.1761  time=202s
[20:52:22 INFO]   val mIoU = 0.7260
[20:52:23 INFO]   ★ New best val mIoU: 0.7260
[20:52:38 INFO] Epoch 16/50  iter 50/743  loss=0.2137  lr=4.19e-05
[20:52:52 INFO] Epoch 16/50  iter 100/743  loss=0.1323  lr=4.18e-05
[20:53:05 INFO] Epoch 16/50  iter 150/743  loss=0.1290  lr=4.18e-05
[20:53:19 INFO] Epoch 16/50  iter 200/743  loss=0.0950  lr=4.17e-05
[20:53:32 INFO] Epoch 16/50  iter 250/743  loss=0.2774  lr=4.16e-05
[20:53:46 INFO] Epoch 16/50  iter 300/743  loss=0.1540  lr=4.15e-05
[20:53:59 INFO] Epoch 16/50  iter 350/743  loss=0.1380  lr=4.14e-05
[20:54:14 INFO] Epoch 16/50  iter 400/743  loss=0.1132  lr=4.14e-05
[20:54:27 INFO] Epoch 16/50  iter 450/743  loss=0.2348  lr=4.13e-05
[20:54:41 INFO] Epoch 16/50  iter 500/743  loss=0.1453  lr=4.12e-05
[20:54:55 INFO] Epoch 16/50  iter 550/743  loss=0.1169  lr=4.11e-05
[20:55:08 INFO] Epoch 16/50  iter 600/743  loss=0.1690  lr=4.10e-05
[20:55:22 INFO] Epoch 16/50  iter 650/743  loss=0.1455  lr=4.09e-05
[20:55:36 INFO] Epoch 16/50  iter 700/743  loss=0.0517  lr=4.09e-05
[20:55:48 INFO] Epoch 16 complete — avg_loss=0.1731  time=204s
[20:56:03 INFO] Epoch 17/50  iter 50/743  loss=0.0633  lr=4.07e-05
[20:56:17 INFO] Epoch 17/50  iter 100/743  loss=0.1605  lr=4.06e-05
[20:56:31 INFO] Epoch 17/50  iter 150/743  loss=0.2483  lr=4.06e-05
[20:56:44 INFO] Epoch 17/50  iter 200/743  loss=0.0932  lr=4.05e-05
[20:56:58 INFO] Epoch 17/50  iter 250/743  loss=0.1933  lr=4.04e-05
[20:57:12 INFO] Epoch 17/50  iter 300/743  loss=0.1696  lr=4.03e-05
[20:57:25 INFO] Epoch 17/50  iter 350/743  loss=0.0916  lr=4.02e-05
[20:57:39 INFO] Epoch 17/50  iter 400/743  loss=0.0826  lr=4.02e-05
[20:57:53 INFO] Epoch 17/50  iter 450/743  loss=0.2116  lr=4.01e-05
[20:58:06 INFO] Epoch 17/50  iter 500/743  loss=0.1420  lr=4.00e-05
[20:58:20 INFO] Epoch 17/50  iter 550/743  loss=0.2122  lr=3.99e-05
[20:58:34 INFO] Epoch 17/50  iter 600/743  loss=0.0774  lr=3.98e-05
[20:58:47 INFO] Epoch 17/50  iter 650/743  loss=0.1473  lr=3.97e-05
[20:59:01 INFO] Epoch 17/50  iter 700/743  loss=0.1053  lr=3.97e-05
[20:59:13 INFO] Epoch 17 complete — avg_loss=0.1681  time=205s
[20:59:28 INFO] Epoch 18/50  iter 50/743  loss=0.1647  lr=3.95e-05
[20:59:41 INFO] Epoch 18/50  iter 100/743  loss=0.2063  lr=3.94e-05
[20:59:55 INFO] Epoch 18/50  iter 150/743  loss=0.1399  lr=3.94e-05
[21:00:09 INFO] Epoch 18/50  iter 200/743  loss=0.1136  lr=3.93e-05
[21:00:23 INFO] Epoch 18/50  iter 250/743  loss=0.1075  lr=3.92e-05
[21:00:37 INFO] Epoch 18/50  iter 300/743  loss=0.2328  lr=3.91e-05
[21:00:50 INFO] Epoch 18/50  iter 350/743  loss=0.6521  lr=3.90e-05
[21:01:04 INFO] Epoch 18/50  iter 400/743  loss=0.1594  lr=3.90e-05
[21:01:18 INFO] Epoch 18/50  iter 450/743  loss=0.1956  lr=3.89e-05
[21:01:31 INFO] Epoch 18/50  iter 500/743  loss=0.1119  lr=3.88e-05
[21:01:45 INFO] Epoch 18/50  iter 550/743  loss=0.1235  lr=3.87e-05
[21:01:59 INFO] Epoch 18/50  iter 600/743  loss=0.9908  lr=3.86e-05
[21:02:12 INFO] Epoch 18/50  iter 650/743  loss=0.1780  lr=3.85e-05
[21:02:26 INFO] Epoch 18/50  iter 700/743  loss=0.1104  lr=3.85e-05
[21:02:38 INFO] Epoch 18 complete — avg_loss=0.1659  time=205s
[21:02:53 INFO] Epoch 19/50  iter 50/743  loss=0.1223  lr=3.83e-05
[21:03:07 INFO] Epoch 19/50  iter 100/743  loss=0.1873  lr=3.82e-05
[21:03:20 INFO] Epoch 19/50  iter 150/743  loss=0.1996  lr=3.82e-05
[21:03:34 INFO] Epoch 19/50  iter 200/743  loss=0.1834  lr=3.81e-05
[21:03:47 INFO] Epoch 19/50  iter 250/743  loss=0.0920  lr=3.80e-05
[21:04:01 INFO] Epoch 19/50  iter 300/743  loss=0.1225  lr=3.79e-05
[21:04:15 INFO] Epoch 19/50  iter 350/743  loss=0.2316  lr=3.78e-05
[21:04:28 INFO] Epoch 19/50  iter 400/743  loss=0.2872  lr=3.78e-05
[21:04:42 INFO] Epoch 19/50  iter 450/743  loss=0.1384  lr=3.77e-05
[21:04:56 INFO] Epoch 19/50  iter 500/743  loss=0.0866  lr=3.76e-05
[21:05:10 INFO] Epoch 19/50  iter 550/743  loss=0.1060  lr=3.75e-05
[21:05:24 INFO] Epoch 19/50  iter 600/743  loss=0.1193  lr=3.74e-05
[21:05:37 INFO] Epoch 19/50  iter 650/743  loss=0.1675  lr=3.73e-05
[21:05:51 INFO] Epoch 19/50  iter 700/743  loss=0.1468  lr=3.73e-05
[21:06:03 INFO] Epoch 19 complete — avg_loss=0.1657  time=204s
[21:06:18 INFO] Epoch 20/50  iter 50/743  loss=0.1417  lr=3.71e-05
[21:06:31 INFO] Epoch 20/50  iter 100/743  loss=0.0823  lr=3.70e-05
[21:06:45 INFO] Epoch 20/50  iter 150/743  loss=0.0669  lr=3.70e-05
[21:06:59 INFO] Epoch 20/50  iter 200/743  loss=0.1453  lr=3.69e-05
[21:07:13 INFO] Epoch 20/50  iter 250/743  loss=0.1362  lr=3.68e-05
[21:07:27 INFO] Epoch 20/50  iter 300/743  loss=0.0663  lr=3.67e-05
[21:07:40 INFO] Epoch 20/50  iter 350/743  loss=0.1558  lr=3.66e-05
[21:07:54 INFO] Epoch 20/50  iter 400/743  loss=0.1045  lr=3.66e-05
[21:08:07 INFO] Epoch 20/50  iter 450/743  loss=0.1976  lr=3.65e-05
[21:08:21 INFO] Epoch 20/50  iter 500/743  loss=0.1631  lr=3.64e-05
[21:08:35 INFO] Epoch 20/50  iter 550/743  loss=0.1608  lr=3.63e-05
[21:08:48 INFO] Epoch 20/50  iter 600/743  loss=0.0914  lr=3.62e-05
[21:09:02 INFO] Epoch 20/50  iter 650/743  loss=0.1178  lr=3.61e-05
[21:09:16 INFO] Epoch 20/50  iter 700/743  loss=0.1939  lr=3.61e-05
[21:09:28 INFO] Epoch 20 complete — avg_loss=0.1574  time=205s
[21:11:37 INFO]   val mIoU = 0.7369
[21:11:38 INFO]   ★ New best val mIoU: 0.7369
[21:11:52 INFO] Epoch 21/50  iter 50/743  loss=0.0983  lr=3.59e-05
[21:12:06 INFO] Epoch 21/50  iter 100/743  loss=0.0981  lr=3.58e-05
[21:12:20 INFO] Epoch 21/50  iter 150/743  loss=0.4167  lr=3.58e-05
[21:12:33 INFO] Epoch 21/50  iter 200/743  loss=0.1410  lr=3.57e-05
[21:12:47 INFO] Epoch 21/50  iter 250/743  loss=0.1544  lr=3.56e-05
[21:13:01 INFO] Epoch 21/50  iter 300/743  loss=0.1130  lr=3.55e-05
[21:13:14 INFO] Epoch 21/50  iter 350/743  loss=0.0756  lr=3.54e-05
[21:13:28 INFO] Epoch 21/50  iter 400/743  loss=0.1209  lr=3.54e-05
[21:13:41 INFO] Epoch 21/50  iter 450/743  loss=0.2435  lr=3.53e-05
[21:13:55 INFO] Epoch 21/50  iter 500/743  loss=0.2223  lr=3.52e-05
[21:14:09 INFO] Epoch 21/50  iter 550/743  loss=0.2016  lr=3.51e-05
[21:14:22 INFO] Epoch 21/50  iter 600/743  loss=0.1252  lr=3.50e-05
[21:14:36 INFO] Epoch 21/50  iter 650/743  loss=0.3268  lr=3.49e-05
[21:14:50 INFO] Epoch 21/50  iter 700/743  loss=0.0941  lr=3.49e-05
[21:15:02 INFO] Epoch 21 complete — avg_loss=0.1560  time=203s
[21:15:17 INFO] Epoch 22/50  iter 50/743  loss=0.1516  lr=3.47e-05
[21:15:31 INFO] Epoch 22/50  iter 100/743  loss=0.0439  lr=3.46e-05
[21:15:45 INFO] Epoch 22/50  iter 150/743  loss=0.1205  lr=3.46e-05
[21:15:59 INFO] Epoch 22/50  iter 200/743  loss=0.0724  lr=3.45e-05
[21:16:12 INFO] Epoch 22/50  iter 250/743  loss=0.1112  lr=3.44e-05
[21:16:26 INFO] Epoch 22/50  iter 300/743  loss=0.1135  lr=3.43e-05
[21:16:40 INFO] Epoch 22/50  iter 350/743  loss=0.0522  lr=3.42e-05
[21:16:54 INFO] Epoch 22/50  iter 400/743  loss=0.2529  lr=3.42e-05
[21:17:08 INFO] Epoch 22/50  iter 450/743  loss=0.2947  lr=3.41e-05
[21:17:22 INFO] Epoch 22/50  iter 500/743  loss=0.1708  lr=3.40e-05
[21:17:35 INFO] Epoch 22/50  iter 550/743  loss=0.1790  lr=3.39e-05
[21:17:49 INFO] Epoch 22/50  iter 600/743  loss=0.1256  lr=3.38e-05
[21:18:03 INFO] Epoch 22/50  iter 650/743  loss=0.1831  lr=3.37e-05
[21:18:17 INFO] Epoch 22/50  iter 700/743  loss=0.1717  lr=3.37e-05
[21:18:29 INFO] Epoch 22 complete — avg_loss=0.1508  time=207s
[21:18:44 INFO] Epoch 23/50  iter 50/743  loss=0.1006  lr=3.35e-05
[21:18:58 INFO] Epoch 23/50  iter 100/743  loss=1.5509  lr=3.34e-05
[21:19:12 INFO] Epoch 23/50  iter 150/743  loss=0.2917  lr=3.34e-05
[21:19:25 INFO] Epoch 23/50  iter 200/743  loss=0.0990  lr=3.33e-05
[21:19:39 INFO] Epoch 23/50  iter 250/743  loss=0.1391  lr=3.32e-05
[21:19:53 INFO] Epoch 23/50  iter 300/743  loss=0.5555  lr=3.31e-05
[21:20:06 INFO] Epoch 23/50  iter 350/743  loss=0.1508  lr=3.30e-05
[21:20:20 INFO] Epoch 23/50  iter 400/743  loss=0.1380  lr=3.30e-05
[21:20:34 INFO] Epoch 23/50  iter 450/743  loss=0.1435  lr=3.29e-05
[21:20:48 INFO] Epoch 23/50  iter 500/743  loss=0.1137  lr=3.28e-05
[21:21:02 INFO] Epoch 23/50  iter 550/743  loss=0.0831  lr=3.27e-05
[21:21:16 INFO] Epoch 23/50  iter 600/743  loss=0.1828  lr=3.26e-05
[21:21:29 INFO] Epoch 23/50  iter 650/743  loss=0.1359  lr=3.25e-05
[21:21:43 INFO] Epoch 23/50  iter 700/743  loss=0.1203  lr=3.25e-05
[21:21:55 INFO] Epoch 23 complete — avg_loss=0.1578  time=205s
[21:22:10 INFO] Epoch 24/50  iter 50/743  loss=0.1079  lr=3.23e-05
[21:22:24 INFO] Epoch 24/50  iter 100/743  loss=0.1053  lr=3.22e-05
[21:22:37 INFO] Epoch 24/50  iter 150/743  loss=0.1923  lr=3.22e-05
[21:22:51 INFO] Epoch 24/50  iter 200/743  loss=0.1065  lr=3.21e-05
[21:23:05 INFO] Epoch 24/50  iter 250/743  loss=0.1052  lr=3.20e-05
[21:23:19 INFO] Epoch 24/50  iter 300/743  loss=0.1333  lr=3.19e-05
[21:23:33 INFO] Epoch 24/50  iter 350/743  loss=0.0765  lr=3.18e-05
[21:23:47 INFO] Epoch 24/50  iter 400/743  loss=0.1010  lr=3.18e-05
[21:24:00 INFO] Epoch 24/50  iter 450/743  loss=0.0638  lr=3.17e-05
[21:24:14 INFO] Epoch 24/50  iter 500/743  loss=0.2124  lr=3.16e-05
[21:24:28 INFO] Epoch 24/50  iter 550/743  loss=0.3434  lr=3.15e-05
[21:24:42 INFO] Epoch 24/50  iter 600/743  loss=0.2968  lr=3.14e-05
[21:24:56 INFO] Epoch 24/50  iter 650/743  loss=0.0819  lr=3.13e-05
[21:25:09 INFO] Epoch 24/50  iter 700/743  loss=0.1951  lr=3.13e-05
[21:25:21 INFO] Epoch 24 complete — avg_loss=0.1500  time=206s
[21:25:37 INFO] Epoch 25/50  iter 50/743  loss=0.1547  lr=3.11e-05
[21:25:51 INFO] Epoch 25/50  iter 100/743  loss=0.0469  lr=3.10e-05
[21:26:04 INFO] Epoch 25/50  iter 150/743  loss=0.1509  lr=3.10e-05
[21:26:19 INFO] Epoch 25/50  iter 200/743  loss=0.1509  lr=3.09e-05
[21:26:32 INFO] Epoch 25/50  iter 250/743  loss=0.1062  lr=3.08e-05
[21:26:46 INFO] Epoch 25/50  iter 300/743  loss=0.1195  lr=3.07e-05
[21:27:00 INFO] Epoch 25/50  iter 350/743  loss=0.2092  lr=3.06e-05
[21:27:14 INFO] Epoch 25/50  iter 400/743  loss=0.0995  lr=3.06e-05
[21:27:28 INFO] Epoch 25/50  iter 450/743  loss=0.1276  lr=3.05e-05
[21:27:42 INFO] Epoch 25/50  iter 500/743  loss=0.0330  lr=3.04e-05
[21:27:56 INFO] Epoch 25/50  iter 550/743  loss=0.1271  lr=3.03e-05
[21:28:09 INFO] Epoch 25/50  iter 600/743  loss=0.1684  lr=3.02e-05
[21:28:23 INFO] Epoch 25/50  iter 650/743  loss=0.5108  lr=3.01e-05
[21:28:37 INFO] Epoch 25/50  iter 700/743  loss=0.1125  lr=3.01e-05
[21:28:49 INFO] Epoch 25 complete — avg_loss=0.1511  time=207s
[21:30:56 INFO]   val mIoU = 0.7487
[21:30:57 INFO]   ★ New best val mIoU: 0.7487
[21:31:12 INFO] Epoch 26/50  iter 50/743  loss=0.1411  lr=2.99e-05
[21:31:25 INFO] Epoch 26/50  iter 100/743  loss=0.0863  lr=2.98e-05
[21:31:39 INFO] Epoch 26/50  iter 150/743  loss=0.1997  lr=2.98e-05
[21:31:53 INFO] Epoch 26/50  iter 200/743  loss=0.1835  lr=2.97e-05
[21:32:06 INFO] Epoch 26/50  iter 250/743  loss=0.2113  lr=2.96e-05
[21:32:20 INFO] Epoch 26/50  iter 300/743  loss=0.1728  lr=2.95e-05
[21:32:34 INFO] Epoch 26/50  iter 350/743  loss=0.2356  lr=2.94e-05
[21:32:47 INFO] Epoch 26/50  iter 400/743  loss=0.1686  lr=2.94e-05
[21:33:01 INFO] Epoch 26/50  iter 450/743  loss=0.1649  lr=2.93e-05
[21:33:15 INFO] Epoch 26/50  iter 500/743  loss=0.2226  lr=2.92e-05
[21:33:28 INFO] Epoch 26/50  iter 550/743  loss=0.1263  lr=2.91e-05
[21:33:42 INFO] Epoch 26/50  iter 600/743  loss=0.1396  lr=2.90e-05
[21:33:56 INFO] Epoch 26/50  iter 650/743  loss=0.1292  lr=2.89e-05
[21:34:09 INFO] Epoch 26/50  iter 700/743  loss=0.2146  lr=2.89e-05
[21:34:21 INFO] Epoch 26 complete — avg_loss=0.1567  time=203s
[21:34:36 INFO] Epoch 27/50  iter 50/743  loss=0.1370  lr=2.87e-05
[21:34:50 INFO] Epoch 27/50  iter 100/743  loss=0.1386  lr=2.86e-05
[21:35:04 INFO] Epoch 27/50  iter 150/743  loss=0.1218  lr=2.86e-05
[21:35:18 INFO] Epoch 27/50  iter 200/743  loss=0.0929  lr=2.85e-05
[21:35:31 INFO] Epoch 27/50  iter 250/743  loss=0.1219  lr=2.84e-05
[21:35:45 INFO] Epoch 27/50  iter 300/743  loss=0.2372  lr=2.83e-05
[21:35:59 INFO] Epoch 27/50  iter 350/743  loss=0.1685  lr=2.82e-05
[21:36:13 INFO] Epoch 27/50  iter 400/743  loss=0.2035  lr=2.82e-05
[21:36:26 INFO] Epoch 27/50  iter 450/743  loss=0.0634  lr=2.81e-05
[21:36:40 INFO] Epoch 27/50  iter 500/743  loss=0.2148  lr=2.80e-05
[21:36:54 INFO] Epoch 27/50  iter 550/743  loss=0.1579  lr=2.79e-05
[21:37:08 INFO] Epoch 27/50  iter 600/743  loss=0.1317  lr=2.78e-05
[21:37:22 INFO] Epoch 27/50  iter 650/743  loss=0.7196  lr=2.77e-05
[21:37:35 INFO] Epoch 27/50  iter 700/743  loss=0.1098  lr=2.77e-05
[21:37:47 INFO] Epoch 27 complete — avg_loss=0.1442  time=206s
[21:38:03 INFO] Epoch 28/50  iter 50/743  loss=0.1252  lr=2.75e-05
[21:38:16 INFO] Epoch 28/50  iter 100/743  loss=0.1350  lr=2.74e-05
[21:38:30 INFO] Epoch 28/50  iter 150/743  loss=0.1197  lr=2.74e-05
[21:38:44 INFO] Epoch 28/50  iter 200/743  loss=0.1381  lr=2.73e-05
[21:38:57 INFO] Epoch 28/50  iter 250/743  loss=0.1197  lr=2.72e-05
[21:39:11 INFO] Epoch 28/50  iter 300/743  loss=0.2452  lr=2.71e-05
[21:39:25 INFO] Epoch 28/50  iter 350/743  loss=0.1531  lr=2.70e-05
[21:39:39 INFO] Epoch 28/50  iter 400/743  loss=0.1032  lr=2.70e-05
[21:39:52 INFO] Epoch 28/50  iter 450/743  loss=0.1114  lr=2.69e-05
[21:40:06 INFO] Epoch 28/50  iter 500/743  loss=0.1544  lr=2.68e-05
[21:40:20 INFO] Epoch 28/50  iter 550/743  loss=0.1952  lr=2.67e-05
[21:40:34 INFO] Epoch 28/50  iter 600/743  loss=0.3946  lr=2.66e-05
[21:40:47 INFO] Epoch 28/50  iter 650/743  loss=0.0697  lr=2.65e-05
[21:41:01 INFO] Epoch 28/50  iter 700/743  loss=0.1139  lr=2.65e-05
[21:41:13 INFO] Epoch 28 complete — avg_loss=0.1433  time=205s
[21:41:28 INFO] Epoch 29/50  iter 50/743  loss=0.1374  lr=2.63e-05
[21:41:41 INFO] Epoch 29/50  iter 100/743  loss=0.1663  lr=2.62e-05
[21:41:55 INFO] Epoch 29/50  iter 150/743  loss=0.1182  lr=2.62e-05
[21:42:09 INFO] Epoch 29/50  iter 200/743  loss=0.1251  lr=2.61e-05
[21:42:22 INFO] Epoch 29/50  iter 250/743  loss=0.0778  lr=2.60e-05
[21:42:36 INFO] Epoch 29/50  iter 300/743  loss=0.1513  lr=2.59e-05
[21:42:49 INFO] Epoch 29/50  iter 350/743  loss=0.1589  lr=2.58e-05
[21:43:03 INFO] Epoch 29/50  iter 400/743  loss=0.1387  lr=2.58e-05
[21:43:17 INFO] Epoch 29/50  iter 450/743  loss=0.1505  lr=2.57e-05
[21:43:31 INFO] Epoch 29/50  iter 500/743  loss=0.0614  lr=2.56e-05
[21:43:45 INFO] Epoch 29/50  iter 550/743  loss=0.2007  lr=2.55e-05
[21:43:58 INFO] Epoch 29/50  iter 600/743  loss=0.0620  lr=2.54e-05
[21:44:12 INFO] Epoch 29/50  iter 650/743  loss=0.0939  lr=2.53e-05
[21:44:26 INFO] Epoch 29/50  iter 700/743  loss=0.0914  lr=2.53e-05
[21:44:37 INFO] Epoch 29 complete — avg_loss=0.1463  time=204s
[21:44:52 INFO] Epoch 30/50  iter 50/743  loss=0.2090  lr=2.51e-05
[21:45:07 INFO] Epoch 30/50  iter 100/743  loss=0.0739  lr=2.50e-05
[21:45:20 INFO] Epoch 30/50  iter 150/743  loss=0.0365  lr=2.50e-05
[21:45:34 INFO] Epoch 30/50  iter 200/743  loss=0.0554  lr=2.49e-05
[21:45:48 INFO] Epoch 30/50  iter 250/743  loss=0.0707  lr=2.48e-05
[21:46:01 INFO] Epoch 30/50  iter 300/743  loss=0.1511  lr=2.47e-05
[21:46:15 INFO] Epoch 30/50  iter 350/743  loss=0.0696  lr=2.46e-05
[21:46:29 INFO] Epoch 30/50  iter 400/743  loss=0.0886  lr=2.46e-05
[21:46:43 INFO] Epoch 30/50  iter 450/743  loss=0.0751  lr=2.45e-05
[21:46:57 INFO] Epoch 30/50  iter 500/743  loss=0.0912  lr=2.44e-05
[21:47:11 INFO] Epoch 30/50  iter 550/743  loss=0.2259  lr=2.43e-05
[21:47:24 INFO] Epoch 30/50  iter 600/743  loss=0.0944  lr=2.42e-05
[21:47:38 INFO] Epoch 30/50  iter 650/743  loss=0.1643  lr=2.41e-05
[21:47:52 INFO] Epoch 30/50  iter 700/743  loss=0.1456  lr=2.41e-05
[21:48:04 INFO] Epoch 30 complete — avg_loss=0.1464  time=206s
[21:50:11 INFO]   val mIoU = 0.7583
[21:50:12 INFO]   ★ New best val mIoU: 0.7583
[21:50:27 INFO] Epoch 31/50  iter 50/743  loss=0.1082  lr=2.39e-05
[21:50:41 INFO] Epoch 31/50  iter 100/743  loss=0.1384  lr=2.38e-05
[21:50:54 INFO] Epoch 31/50  iter 150/743  loss=0.1578  lr=2.38e-05
[21:51:08 INFO] Epoch 31/50  iter 200/743  loss=0.4925  lr=2.37e-05
[21:51:21 INFO] Epoch 31/50  iter 250/743  loss=0.1049  lr=2.36e-05
[21:51:35 INFO] Epoch 31/50  iter 300/743  loss=0.4446  lr=2.35e-05
[21:51:48 INFO] Epoch 31/50  iter 350/743  loss=0.3008  lr=2.34e-05
[21:52:02 INFO] Epoch 31/50  iter 400/743  loss=0.0677  lr=2.34e-05
[21:52:16 INFO] Epoch 31/50  iter 450/743  loss=0.1613  lr=2.33e-05
[21:52:29 INFO] Epoch 31/50  iter 500/743  loss=0.1045  lr=2.32e-05
[21:52:43 INFO] Epoch 31/50  iter 550/743  loss=0.4550  lr=2.31e-05
[21:52:57 INFO] Epoch 31/50  iter 600/743  loss=0.0922  lr=2.30e-05
[21:53:10 INFO] Epoch 31/50  iter 650/743  loss=0.1464  lr=2.29e-05
[21:53:24 INFO] Epoch 31/50  iter 700/743  loss=0.0959  lr=2.29e-05
[21:53:36 INFO] Epoch 31 complete — avg_loss=0.1404  time=203s
[21:53:51 INFO] Epoch 32/50  iter 50/743  loss=0.1464  lr=2.27e-05
[21:54:05 INFO] Epoch 32/50  iter 100/743  loss=0.1885  lr=2.26e-05
[21:54:19 INFO] Epoch 32/50  iter 150/743  loss=0.0692  lr=2.26e-05
[21:54:32 INFO] Epoch 32/50  iter 200/743  loss=0.1153  lr=2.25e-05
[21:54:46 INFO] Epoch 32/50  iter 250/743  loss=0.1377  lr=2.24e-05
[21:55:00 INFO] Epoch 32/50  iter 300/743  loss=0.0364  lr=2.23e-05
[21:55:14 INFO] Epoch 32/50  iter 350/743  loss=0.2298  lr=2.22e-05
[21:55:28 INFO] Epoch 32/50  iter 400/743  loss=0.1055  lr=2.22e-05
[21:55:41 INFO] Epoch 32/50  iter 450/743  loss=0.0820  lr=2.21e-05
[21:55:55 INFO] Epoch 32/50  iter 500/743  loss=0.1595  lr=2.20e-05
[21:56:09 INFO] Epoch 32/50  iter 550/743  loss=0.0786  lr=2.19e-05
[21:56:23 INFO] Epoch 32/50  iter 600/743  loss=0.0930  lr=2.18e-05
[21:56:37 INFO] Epoch 32/50  iter 650/743  loss=0.1317  lr=2.17e-05
[21:56:51 INFO] Epoch 32/50  iter 700/743  loss=0.1741  lr=2.17e-05
[21:57:03 INFO] Epoch 32 complete — avg_loss=0.1361  time=206s
[21:57:18 INFO] Epoch 33/50  iter 50/743  loss=0.1425  lr=2.15e-05
[21:57:31 INFO] Epoch 33/50  iter 100/743  loss=0.0926  lr=2.14e-05
[21:57:45 INFO] Epoch 33/50  iter 150/743  loss=0.1037  lr=2.14e-05
[21:57:59 INFO] Epoch 33/50  iter 200/743  loss=0.0542  lr=2.13e-05
[21:58:13 INFO] Epoch 33/50  iter 250/743  loss=0.0562  lr=2.12e-05
[21:58:26 INFO] Epoch 33/50  iter 300/743  loss=0.1092  lr=2.11e-05
[21:58:40 INFO] Epoch 33/50  iter 350/743  loss=0.1920  lr=2.10e-05
[21:58:54 INFO] Epoch 33/50  iter 400/743  loss=0.1524  lr=2.10e-05
[21:59:08 INFO] Epoch 33/50  iter 450/743  loss=0.1627  lr=2.09e-05
[21:59:22 INFO] Epoch 33/50  iter 500/743  loss=0.0861  lr=2.08e-05
[21:59:35 INFO] Epoch 33/50  iter 550/743  loss=0.1152  lr=2.07e-05
[21:59:49 INFO] Epoch 33/50  iter 600/743  loss=0.0543  lr=2.06e-05
[22:00:03 INFO] Epoch 33/50  iter 650/743  loss=0.0944  lr=2.05e-05
[22:00:17 INFO] Epoch 33/50  iter 700/743  loss=0.0483  lr=2.05e-05
[22:00:29 INFO] Epoch 33 complete — avg_loss=0.1381  time=206s
[22:00:44 INFO] Epoch 34/50  iter 50/743  loss=0.0520  lr=2.03e-05
[22:00:58 INFO] Epoch 34/50  iter 100/743  loss=0.1436  lr=2.02e-05
[22:01:11 INFO] Epoch 34/50  iter 150/743  loss=0.1337  lr=2.02e-05
[22:01:26 INFO] Epoch 34/50  iter 200/743  loss=0.1439  lr=2.01e-05
[22:01:39 INFO] Epoch 34/50  iter 250/743  loss=0.1773  lr=2.00e-05
[22:01:54 INFO] Epoch 34/50  iter 300/743  loss=0.1874  lr=1.99e-05
[22:02:07 INFO] Epoch 34/50  iter 350/743  loss=0.2089  lr=1.98e-05
[22:02:21 INFO] Epoch 34/50  iter 400/743  loss=0.1189  lr=1.98e-05
[22:02:35 INFO] Epoch 34/50  iter 450/743  loss=0.1112  lr=1.97e-05
[22:02:49 INFO] Epoch 34/50  iter 500/743  loss=0.1270  lr=1.96e-05
[22:03:02 INFO] Epoch 34/50  iter 550/743  loss=0.1335  lr=1.95e-05
[22:03:16 INFO] Epoch 34/50  iter 600/743  loss=0.3858  lr=1.94e-05
[22:03:30 INFO] Epoch 34/50  iter 650/743  loss=0.1088  lr=1.93e-05
[22:03:44 INFO] Epoch 34/50  iter 700/743  loss=0.0685  lr=1.93e-05
[22:03:56 INFO] Epoch 34 complete — avg_loss=0.1421  time=206s
[22:04:11 INFO] Epoch 35/50  iter 50/743  loss=0.0757  lr=1.91e-05
[22:04:25 INFO] Epoch 35/50  iter 100/743  loss=0.1850  lr=1.90e-05
[22:04:39 INFO] Epoch 35/50  iter 150/743  loss=0.1425  lr=1.90e-05
[22:04:52 INFO] Epoch 35/50  iter 200/743  loss=0.1402  lr=1.89e-05
[22:05:06 INFO] Epoch 35/50  iter 250/743  loss=0.0935  lr=1.88e-05
[22:05:20 INFO] Epoch 35/50  iter 300/743  loss=0.2060  lr=1.87e-05
[22:05:34 INFO] Epoch 35/50  iter 350/743  loss=0.1085  lr=1.86e-05
[22:05:48 INFO] Epoch 35/50  iter 400/743  loss=0.0876  lr=1.86e-05
[22:06:01 INFO] Epoch 35/50  iter 450/743  loss=0.1925  lr=1.85e-05
[22:06:15 INFO] Epoch 35/50  iter 500/743  loss=0.1844  lr=1.84e-05
[22:06:29 INFO] Epoch 35/50  iter 550/743  loss=0.9957  lr=1.83e-05
[22:06:43 INFO] Epoch 35/50  iter 600/743  loss=0.1352  lr=1.82e-05
[22:06:57 INFO] Epoch 35/50  iter 650/743  loss=0.1290  lr=1.81e-05
[22:07:11 INFO] Epoch 35/50  iter 700/743  loss=0.0917  lr=1.81e-05
[22:07:23 INFO] Epoch 35 complete — avg_loss=0.1349  time=206s
[22:09:33 INFO]   val mIoU = 0.7597
[22:09:34 INFO]   ★ New best val mIoU: 0.7597
[22:09:49 INFO] Epoch 36/50  iter 50/743  loss=0.1321  lr=1.79e-05
[22:10:03 INFO] Epoch 36/50  iter 100/743  loss=0.2126  lr=1.78e-05
[22:10:17 INFO] Epoch 36/50  iter 150/743  loss=0.1279  lr=1.78e-05
[22:10:30 INFO] Epoch 36/50  iter 200/743  loss=0.0897  lr=1.77e-05
[22:10:44 INFO] Epoch 36/50  iter 250/743  loss=0.0712  lr=1.76e-05
[22:10:58 INFO] Epoch 36/50  iter 300/743  loss=0.1147  lr=1.75e-05
[22:11:12 INFO] Epoch 36/50  iter 350/743  loss=0.0782  lr=1.74e-05
[22:11:25 INFO] Epoch 36/50  iter 400/743  loss=0.0701  lr=1.74e-05
[22:11:39 INFO] Epoch 36/50  iter 450/743  loss=0.0929  lr=1.73e-05
[22:11:53 INFO] Epoch 36/50  iter 500/743  loss=0.1131  lr=1.72e-05
[22:12:06 INFO] Epoch 36/50  iter 550/743  loss=0.1115  lr=1.71e-05
[22:12:21 INFO] Epoch 36/50  iter 600/743  loss=0.0775  lr=1.70e-05
[22:12:34 INFO] Epoch 36/50  iter 650/743  loss=0.0447  lr=1.69e-05
[22:12:48 INFO] Epoch 36/50  iter 700/743  loss=0.1734  lr=1.69e-05
[22:13:00 INFO] Epoch 36 complete — avg_loss=0.1308  time=205s
[22:13:15 INFO] Epoch 37/50  iter 50/743  loss=0.0879  lr=1.67e-05
[22:13:28 INFO] Epoch 37/50  iter 100/743  loss=0.1426  lr=1.66e-05
[22:13:42 INFO] Epoch 37/50  iter 150/743  loss=0.0802  lr=1.66e-05
[22:13:56 INFO] Epoch 37/50  iter 200/743  loss=0.2164  lr=1.65e-05
[22:14:10 INFO] Epoch 37/50  iter 250/743  loss=0.0720  lr=1.64e-05
[22:14:24 INFO] Epoch 37/50  iter 300/743  loss=0.1256  lr=1.63e-05
[22:14:38 INFO] Epoch 37/50  iter 350/743  loss=0.1278  lr=1.62e-05
[22:14:51 INFO] Epoch 37/50  iter 400/743  loss=0.2577  lr=1.62e-05
[22:15:05 INFO] Epoch 37/50  iter 450/743  loss=0.0954  lr=1.61e-05
[22:15:19 INFO] Epoch 37/50  iter 500/743  loss=0.1516  lr=1.60e-05
[22:15:33 INFO] Epoch 37/50  iter 550/743  loss=0.1758  lr=1.59e-05
[22:15:46 INFO] Epoch 37/50  iter 600/743  loss=0.1246  lr=1.58e-05
[22:16:00 INFO] Epoch 37/50  iter 650/743  loss=0.1428  lr=1.57e-05
[22:16:14 INFO] Epoch 37/50  iter 700/743  loss=0.1336  lr=1.57e-05
[22:16:26 INFO] Epoch 37 complete — avg_loss=0.1383  time=206s
[22:16:41 INFO] Epoch 38/50  iter 50/743  loss=0.1884  lr=1.55e-05
[22:16:55 INFO] Epoch 38/50  iter 100/743  loss=0.0511  lr=1.54e-05
[22:17:09 INFO] Epoch 38/50  iter 150/743  loss=0.1099  lr=1.54e-05
[22:17:23 INFO] Epoch 38/50  iter 200/743  loss=0.0674  lr=1.53e-05
[22:17:37 INFO] Epoch 38/50  iter 250/743  loss=0.1222  lr=1.52e-05
[22:17:51 INFO] Epoch 38/50  iter 300/743  loss=0.1137  lr=1.51e-05
[22:18:05 INFO] Epoch 38/50  iter 350/743  loss=0.1874  lr=1.50e-05
[22:18:19 INFO] Epoch 38/50  iter 400/743  loss=0.0532  lr=1.50e-05
[22:18:32 INFO] Epoch 38/50  iter 450/743  loss=0.1576  lr=1.49e-05
[22:18:46 INFO] Epoch 38/50  iter 500/743  loss=0.2273  lr=1.48e-05
[22:19:00 INFO] Epoch 38/50  iter 550/743  loss=0.1794  lr=1.47e-05
[22:19:14 INFO] Epoch 38/50  iter 600/743  loss=0.1723  lr=1.46e-05
[22:19:28 INFO] Epoch 38/50  iter 650/743  loss=0.0964  lr=1.45e-05
[22:19:41 INFO] Epoch 38/50  iter 700/743  loss=0.0821  lr=1.45e-05
[22:19:53 INFO] Epoch 38 complete — avg_loss=0.1327  time=207s
[22:20:08 INFO] Epoch 39/50  iter 50/743  loss=0.0599  lr=1.43e-05
[22:20:23 INFO] Epoch 39/50  iter 100/743  loss=0.0500  lr=1.42e-05
[22:20:37 INFO] Epoch 39/50  iter 150/743  loss=0.0917  lr=1.42e-05
[22:20:50 INFO] Epoch 39/50  iter 200/743  loss=0.5912  lr=1.41e-05
[22:21:05 INFO] Epoch 39/50  iter 250/743  loss=0.1246  lr=1.40e-05
[22:21:19 INFO] Epoch 39/50  iter 300/743  loss=0.1029  lr=1.39e-05
[22:21:32 INFO] Epoch 39/50  iter 350/743  loss=0.1978  lr=1.38e-05
[22:21:46 INFO] Epoch 39/50  iter 400/743  loss=0.1356  lr=1.38e-05
[22:22:00 INFO] Epoch 39/50  iter 450/743  loss=0.2617  lr=1.37e-05
[22:22:14 INFO] Epoch 39/50  iter 500/743  loss=0.1015  lr=1.36e-05
[22:22:28 INFO] Epoch 39/50  iter 550/743  loss=0.1220  lr=1.35e-05
[22:22:42 INFO] Epoch 39/50  iter 600/743  loss=0.4065  lr=1.34e-05
[22:22:56 INFO] Epoch 39/50  iter 650/743  loss=0.1252  lr=1.33e-05
[22:23:10 INFO] Epoch 39/50  iter 700/743  loss=0.0876  lr=1.33e-05
[22:23:22 INFO] Epoch 39 complete — avg_loss=0.1330  time=207s
[22:23:36 INFO] Epoch 40/50  iter 50/743  loss=0.2315  lr=1.31e-05
[22:23:50 INFO] Epoch 40/50  iter 100/743  loss=0.1137  lr=1.30e-05
[22:24:04 INFO] Epoch 40/50  iter 150/743  loss=0.0479  lr=1.30e-05
[22:24:18 INFO] Epoch 40/50  iter 200/743  loss=0.1144  lr=1.29e-05
[22:24:32 INFO] Epoch 40/50  iter 250/743  loss=0.1693  lr=1.28e-05
[22:24:45 INFO] Epoch 40/50  iter 300/743  loss=0.1324  lr=1.27e-05
[22:25:00 INFO] Epoch 40/50  iter 350/743  loss=0.3223  lr=1.26e-05
[22:25:13 INFO] Epoch 40/50  iter 400/743  loss=0.1106  lr=1.26e-05
[22:25:27 INFO] Epoch 40/50  iter 450/743  loss=0.1273  lr=1.25e-05
[22:25:41 INFO] Epoch 40/50  iter 500/743  loss=0.2101  lr=1.24e-05
[22:25:55 INFO] Epoch 40/50  iter 550/743  loss=0.1860  lr=1.23e-05
[22:26:08 INFO] Epoch 40/50  iter 600/743  loss=0.1963  lr=1.22e-05
[22:26:22 INFO] Epoch 40/50  iter 650/743  loss=0.1335  lr=1.21e-05
[22:26:36 INFO] Epoch 40/50  iter 700/743  loss=0.0725  lr=1.21e-05
[22:26:48 INFO] Epoch 40 complete — avg_loss=0.1298  time=206s
[22:28:57 INFO]   val mIoU = 0.7674
[22:28:58 INFO]   ★ New best val mIoU: 0.7674
[22:29:13 INFO] Epoch 41/50  iter 50/743  loss=0.1034  lr=1.19e-05
[22:29:27 INFO] Epoch 41/50  iter 100/743  loss=0.0977  lr=1.18e-05
[22:29:41 INFO] Epoch 41/50  iter 150/743  loss=0.0692  lr=1.18e-05
[22:29:54 INFO] Epoch 41/50  iter 200/743  loss=0.0565  lr=1.17e-05
[22:30:08 INFO] Epoch 41/50  iter 250/743  loss=0.1235  lr=1.16e-05
[22:30:22 INFO] Epoch 41/50  iter 300/743  loss=0.0774  lr=1.15e-05
[22:30:35 INFO] Epoch 41/50  iter 350/743  loss=0.0848  lr=1.14e-05
[22:30:49 INFO] Epoch 41/50  iter 400/743  loss=0.1219  lr=1.14e-05
[22:31:02 INFO] Epoch 41/50  iter 450/743  loss=0.1536  lr=1.13e-05
[22:31:16 INFO] Epoch 41/50  iter 500/743  loss=0.0764  lr=1.12e-05
[22:31:30 INFO] Epoch 41/50  iter 550/743  loss=0.0636  lr=1.11e-05
[22:31:44 INFO] Epoch 41/50  iter 600/743  loss=0.0966  lr=1.10e-05
[22:31:57 INFO] Epoch 41/50  iter 650/743  loss=0.1956  lr=1.09e-05
[22:32:11 INFO] Epoch 41/50  iter 700/743  loss=0.0849  lr=1.09e-05
[22:32:23 INFO] Epoch 41 complete — avg_loss=0.1269  time=204s
[22:32:38 INFO] Epoch 42/50  iter 50/743  loss=0.0910  lr=1.07e-05
[22:32:52 INFO] Epoch 42/50  iter 100/743  loss=0.1273  lr=1.06e-05
[22:33:05 INFO] Epoch 42/50  iter 150/743  loss=0.1852  lr=1.06e-05
[22:33:19 INFO] Epoch 42/50  iter 200/743  loss=0.1351  lr=1.05e-05
[22:33:33 INFO] Epoch 42/50  iter 250/743  loss=0.0629  lr=1.04e-05
[22:33:47 INFO] Epoch 42/50  iter 300/743  loss=0.1662  lr=1.03e-05
[22:34:01 INFO] Epoch 42/50  iter 350/743  loss=0.1117  lr=1.02e-05
[22:34:15 INFO] Epoch 42/50  iter 400/743  loss=0.1008  lr=1.02e-05
[22:34:28 INFO] Epoch 42/50  iter 450/743  loss=0.0755  lr=1.01e-05
[22:34:43 INFO] Epoch 42/50  iter 500/743  loss=0.0823  lr=9.99e-06
[22:34:56 INFO] Epoch 42/50  iter 550/743  loss=0.0932  lr=9.91e-06
[22:35:10 INFO] Epoch 42/50  iter 600/743  loss=0.1057  lr=9.83e-06
[22:35:24 INFO] Epoch 42/50  iter 650/743  loss=0.0688  lr=9.75e-06
[22:35:38 INFO] Epoch 42/50  iter 700/743  loss=0.1224  lr=9.67e-06
[22:35:49 INFO] Epoch 42 complete — avg_loss=0.1243  time=206s
[22:36:05 INFO] Epoch 43/50  iter 50/743  loss=0.0535  lr=9.52e-06
[22:36:18 INFO] Epoch 43/50  iter 100/743  loss=0.1835  lr=9.44e-06
[22:36:32 INFO] Epoch 43/50  iter 150/743  loss=0.1373  lr=9.36e-06
[22:36:46 INFO] Epoch 43/50  iter 200/743  loss=0.0697  lr=9.28e-06
[22:36:59 INFO] Epoch 43/50  iter 250/743  loss=0.0991  lr=9.19e-06
[22:37:13 INFO] Epoch 43/50  iter 300/743  loss=0.1118  lr=9.11e-06
[22:37:27 INFO] Epoch 43/50  iter 350/743  loss=0.1117  lr=9.03e-06
[22:37:41 INFO] Epoch 43/50  iter 400/743  loss=0.0880  lr=8.95e-06
[22:37:55 INFO] Epoch 43/50  iter 450/743  loss=0.0879  lr=8.87e-06
[22:38:08 INFO] Epoch 43/50  iter 500/743  loss=0.0881  lr=8.79e-06
[22:38:22 INFO] Epoch 43/50  iter 550/743  loss=0.0973  lr=8.71e-06
[22:38:36 INFO] Epoch 43/50  iter 600/743  loss=0.0631  lr=8.63e-06
[22:38:50 INFO] Epoch 43/50  iter 650/743  loss=0.2035  lr=8.55e-06
[22:39:03 INFO] Epoch 43/50  iter 700/743  loss=0.0722  lr=8.47e-06
[22:39:15 INFO] Epoch 43 complete — avg_loss=0.1312  time=205s
[22:39:30 INFO] Epoch 44/50  iter 50/743  loss=0.0820  lr=8.32e-06
[22:39:44 INFO] Epoch 44/50  iter 100/743  loss=0.1289  lr=8.24e-06
[22:39:58 INFO] Epoch 44/50  iter 150/743  loss=0.1214  lr=8.16e-06
[22:40:12 INFO] Epoch 44/50  iter 200/743  loss=0.1111  lr=8.08e-06
[22:40:25 INFO] Epoch 44/50  iter 250/743  loss=0.0979  lr=7.99e-06
[22:40:39 INFO] Epoch 44/50  iter 300/743  loss=0.1034  lr=7.91e-06
[22:40:53 INFO] Epoch 44/50  iter 350/743  loss=0.0822  lr=7.83e-06
[22:41:07 INFO] Epoch 44/50  iter 400/743  loss=0.2007  lr=7.75e-06
[22:41:21 INFO] Epoch 44/50  iter 450/743  loss=0.1029  lr=7.67e-06
[22:41:35 INFO] Epoch 44/50  iter 500/743  loss=0.1156  lr=7.59e-06
[22:41:49 INFO] Epoch 44/50  iter 550/743  loss=0.1860  lr=7.51e-06
[22:42:02 INFO] Epoch 44/50  iter 600/743  loss=0.1282  lr=7.43e-06
[22:42:16 INFO] Epoch 44/50  iter 650/743  loss=0.1164  lr=7.35e-06
[22:42:30 INFO] Epoch 44/50  iter 700/743  loss=0.0789  lr=7.27e-06
[22:42:42 INFO] Epoch 44 complete — avg_loss=0.1257  time=206s
[22:42:57 INFO] Epoch 45/50  iter 50/743  loss=0.0433  lr=7.12e-06
[22:43:10 INFO] Epoch 45/50  iter 100/743  loss=0.1224  lr=7.04e-06
[22:43:24 INFO] Epoch 45/50  iter 150/743  loss=0.1113  lr=6.96e-06
[22:43:38 INFO] Epoch 45/50  iter 200/743  loss=0.1651  lr=6.88e-06
[22:43:52 INFO] Epoch 45/50  iter 250/743  loss=0.1243  lr=6.79e-06
[22:44:06 INFO] Epoch 45/50  iter 300/743  loss=0.1499  lr=6.71e-06
[22:44:19 INFO] Epoch 45/50  iter 350/743  loss=0.0910  lr=6.63e-06
[22:44:33 INFO] Epoch 45/50  iter 400/743  loss=0.1612  lr=6.55e-06
[22:44:47 INFO] Epoch 45/50  iter 450/743  loss=0.0774  lr=6.47e-06
[22:45:01 INFO] Epoch 45/50  iter 500/743  loss=0.1788  lr=6.39e-06
[22:45:14 INFO] Epoch 45/50  iter 550/743  loss=0.2096  lr=6.31e-06
[22:45:28 INFO] Epoch 45/50  iter 600/743  loss=0.1612  lr=6.23e-06
[22:45:42 INFO] Epoch 45/50  iter 650/743  loss=0.0868  lr=6.15e-06
[22:45:56 INFO] Epoch 45/50  iter 700/743  loss=0.0858  lr=6.07e-06
[22:46:08 INFO] Epoch 45 complete — avg_loss=0.1236  time=206s
[22:48:17 INFO]   val mIoU = 0.7728
[22:48:17 INFO]   ★ New best val mIoU: 0.7728
[22:48:33 INFO] Epoch 46/50  iter 50/743  loss=0.1023  lr=5.92e-06
[22:48:46 INFO] Epoch 46/50  iter 100/743  loss=0.0852  lr=5.84e-06
[22:49:00 INFO] Epoch 46/50  iter 150/743  loss=0.1568  lr=5.76e-06
[22:49:14 INFO] Epoch 46/50  iter 200/743  loss=0.1075  lr=5.68e-06
[22:49:27 INFO] Epoch 46/50  iter 250/743  loss=0.1614  lr=5.59e-06
[22:49:41 INFO] Epoch 46/50  iter 300/743  loss=0.1236  lr=5.51e-06
[22:49:55 INFO] Epoch 46/50  iter 350/743  loss=0.1349  lr=5.43e-06
[22:50:09 INFO] Epoch 46/50  iter 400/743  loss=0.1328  lr=5.35e-06
[22:50:23 INFO] Epoch 46/50  iter 450/743  loss=0.0859  lr=5.27e-06
[22:50:37 INFO] Epoch 46/50  iter 500/743  loss=0.0755  lr=5.19e-06
[22:50:50 INFO] Epoch 46/50  iter 550/743  loss=0.7603  lr=5.11e-06
[22:51:04 INFO] Epoch 46/50  iter 600/743  loss=0.1504  lr=5.03e-06
[22:51:17 INFO] Epoch 46/50  iter 650/743  loss=0.2229  lr=4.95e-06
[22:51:31 INFO] Epoch 46/50  iter 700/743  loss=0.0654  lr=4.87e-06
[22:51:43 INFO] Epoch 46 complete — avg_loss=0.1262  time=204s
[22:51:58 INFO] Epoch 47/50  iter 50/743  loss=0.1452  lr=4.72e-06
[22:52:12 INFO] Epoch 47/50  iter 100/743  loss=0.0613  lr=4.64e-06
[22:52:26 INFO] Epoch 47/50  iter 150/743  loss=0.0876  lr=4.56e-06
[22:52:39 INFO] Epoch 47/50  iter 200/743  loss=0.1194  lr=4.48e-06
[22:52:53 INFO] Epoch 47/50  iter 250/743  loss=0.0789  lr=4.39e-06
[22:53:06 INFO] Epoch 47/50  iter 300/743  loss=0.1378  lr=4.31e-06
[22:53:20 INFO] Epoch 47/50  iter 350/743  loss=0.1293  lr=4.23e-06
[22:53:34 INFO] Epoch 47/50  iter 400/743  loss=0.1114  lr=4.15e-06
[22:53:48 INFO] Epoch 47/50  iter 450/743  loss=0.1764  lr=4.07e-06
[22:54:01 INFO] Epoch 47/50  iter 500/743  loss=0.1091  lr=3.99e-06
[22:54:15 INFO] Epoch 47/50  iter 550/743  loss=0.1284  lr=3.91e-06
[22:54:28 INFO] Epoch 47/50  iter 600/743  loss=0.2835  lr=3.83e-06
[22:54:42 INFO] Epoch 47/50  iter 650/743  loss=0.0886  lr=3.75e-06
[22:54:56 INFO] Epoch 47/50  iter 700/743  loss=0.1148  lr=3.67e-06
[22:55:07 INFO] Epoch 47 complete — avg_loss=0.1235  time=203s
[22:55:22 INFO] Epoch 48/50  iter 50/743  loss=0.0915  lr=3.52e-06
[22:55:36 INFO] Epoch 48/50  iter 100/743  loss=0.0629  lr=3.44e-06
[22:55:49 INFO] Epoch 48/50  iter 150/743  loss=0.1099  lr=3.36e-06
[22:56:03 INFO] Epoch 48/50  iter 200/743  loss=0.2683  lr=3.28e-06
[22:56:17 INFO] Epoch 48/50  iter 250/743  loss=0.0815  lr=3.19e-06
[22:56:31 INFO] Epoch 48/50  iter 300/743  loss=0.0761  lr=3.11e-06
[22:56:45 INFO] Epoch 48/50  iter 350/743  loss=0.1512  lr=3.03e-06
[22:56:58 INFO] Epoch 48/50  iter 400/743  loss=0.1782  lr=2.95e-06
[22:57:12 INFO] Epoch 48/50  iter 450/743  loss=0.0879  lr=2.87e-06
[22:57:26 INFO] Epoch 48/50  iter 500/743  loss=0.0575  lr=2.79e-06
[22:57:40 INFO] Epoch 48/50  iter 550/743  loss=0.1048  lr=2.71e-06
[22:57:53 INFO] Epoch 48/50  iter 600/743  loss=0.1514  lr=2.63e-06
[22:58:07 INFO] Epoch 48/50  iter 650/743  loss=0.0948  lr=2.55e-06
[22:58:20 INFO] Epoch 48/50  iter 700/743  loss=0.1650  lr=2.47e-06
[22:58:32 INFO] Epoch 48 complete — avg_loss=0.1232  time=204s
[22:58:47 INFO] Epoch 49/50  iter 50/743  loss=0.1031  lr=2.32e-06
[22:59:01 INFO] Epoch 49/50  iter 100/743  loss=0.1390  lr=2.24e-06
[22:59:14 INFO] Epoch 49/50  iter 150/743  loss=0.1330  lr=2.16e-06
[22:59:28 INFO] Epoch 49/50  iter 200/743  loss=0.1369  lr=2.08e-06
[22:59:42 INFO] Epoch 49/50  iter 250/743  loss=0.2059  lr=1.99e-06
[22:59:55 INFO] Epoch 49/50  iter 300/743  loss=0.1245  lr=1.91e-06
[23:00:09 INFO] Epoch 49/50  iter 350/743  loss=0.1534  lr=1.83e-06
[23:00:23 INFO] Epoch 49/50  iter 400/743  loss=0.0781  lr=1.75e-06
[23:00:36 INFO] Epoch 49/50  iter 450/743  loss=0.0742  lr=1.67e-06
[23:00:50 INFO] Epoch 49/50  iter 500/743  loss=0.0757  lr=1.59e-06
[23:01:03 INFO] Epoch 49/50  iter 550/743  loss=0.1590  lr=1.51e-06
[23:01:17 INFO] Epoch 49/50  iter 600/743  loss=0.0656  lr=1.43e-06
[23:01:31 INFO] Epoch 49/50  iter 650/743  loss=0.1071  lr=1.35e-06
[23:01:45 INFO] Epoch 49/50  iter 700/743  loss=0.0944  lr=1.27e-06
[23:01:57 INFO] Epoch 49 complete — avg_loss=0.1203  time=204s
[23:02:11 INFO] Epoch 50/50  iter 50/743  loss=0.1212  lr=1.12e-06
[23:02:26 INFO] Epoch 50/50  iter 100/743  loss=0.1691  lr=1.04e-06
[23:02:39 INFO] Epoch 50/50  iter 150/743  loss=0.0476  lr=9.56e-07
[23:02:53 INFO] Epoch 50/50  iter 200/743  loss=0.1368  lr=8.75e-07
[23:03:07 INFO] Epoch 50/50  iter 250/743  loss=0.0892  lr=7.95e-07
[23:03:20 INFO] Epoch 50/50  iter 300/743  loss=0.0915  lr=7.14e-07
[23:03:34 INFO] Epoch 50/50  iter 350/743  loss=0.1521  lr=6.33e-07
[23:03:48 INFO] Epoch 50/50  iter 400/743  loss=0.1033  lr=5.52e-07
[23:04:02 INFO] Epoch 50/50  iter 450/743  loss=0.0745  lr=4.72e-07
[23:04:15 INFO] Epoch 50/50  iter 500/743  loss=0.1154  lr=3.91e-07
[23:04:29 INFO] Epoch 50/50  iter 550/743  loss=0.1054  lr=3.10e-07
[23:04:43 INFO] Epoch 50/50  iter 600/743  loss=0.0710  lr=2.29e-07
[23:04:57 INFO] Epoch 50/50  iter 650/743  loss=0.1136  lr=1.49e-07
[23:05:11 INFO] Epoch 50/50  iter 700/743  loss=0.1431  lr=6.78e-08
[23:05:22 INFO] Epoch 50 complete — avg_loss=0.1278  time=205s
[23:07:28 INFO]   val mIoU = 0.7760
[23:07:29 INFO]   ★ New best val mIoU: 0.7760
[23:07:30 INFO] Training complete. Best val mIoU = 0.7760
