[15:11:17 INFO] Device: cuda
[15:11:19 INFO] Using fog cache: data/fog_cache/depthaware_b0005
[15:11:19 INFO] fog_prob: 0.5
[15:11:21 INFO] Train: 2975 samples  |  Val: 500 samples
[15:11:36 INFO] Epoch 1/50  iter 50/743  loss=1.8462  lr=5.99e-05
[15:11:49 INFO] Epoch 1/50  iter 100/743  loss=0.9146  lr=5.98e-05
[15:12:02 INFO] Epoch 1/50  iter 150/743  loss=0.7703  lr=5.98e-05
[15:12:15 INFO] Epoch 1/50  iter 200/743  loss=0.7469  lr=5.97e-05
[15:12:29 INFO] Epoch 1/50  iter 250/743  loss=0.4064  lr=5.96e-05
[15:12:42 INFO] Epoch 1/50  iter 300/743  loss=0.2716  lr=5.95e-05
[15:12:55 INFO] Epoch 1/50  iter 350/743  loss=0.7349  lr=5.94e-05
[15:13:09 INFO] Epoch 1/50  iter 400/743  loss=0.4408  lr=5.94e-05
[15:13:22 INFO] Epoch 1/50  iter 450/743  loss=0.3823  lr=5.93e-05
[15:13:35 INFO] Epoch 1/50  iter 500/743  loss=0.2404  lr=5.92e-05
[15:13:49 INFO] Epoch 1/50  iter 550/743  loss=0.9563  lr=5.91e-05
[15:14:02 INFO] Epoch 1/50  iter 600/743  loss=0.2333  lr=5.90e-05
[15:14:15 INFO] Epoch 1/50  iter 650/743  loss=0.3056  lr=5.89e-05
[15:14:29 INFO] Epoch 1/50  iter 700/743  loss=0.4574  lr=5.89e-05
[15:14:40 INFO] Epoch 1 complete — avg_loss=0.6486  time=199s
[15:14:54 INFO] Epoch 2/50  iter 50/743  loss=0.2676  lr=5.87e-05
[15:15:08 INFO] Epoch 2/50  iter 100/743  loss=0.2933  lr=5.86e-05
[15:15:21 INFO] Epoch 2/50  iter 150/743  loss=0.1937  lr=5.86e-05
[15:15:34 INFO] Epoch 2/50  iter 200/743  loss=0.5190  lr=5.85e-05
[15:15:48 INFO] Epoch 2/50  iter 250/743  loss=0.2821  lr=5.84e-05
[15:16:01 INFO] Epoch 2/50  iter 300/743  loss=0.2044  lr=5.83e-05
[15:16:14 INFO] Epoch 2/50  iter 350/743  loss=0.2113  lr=5.82e-05
[15:16:28 INFO] Epoch 2/50  iter 400/743  loss=0.2530  lr=5.82e-05
[15:16:41 INFO] Epoch 2/50  iter 450/743  loss=0.5855  lr=5.81e-05
[15:16:54 INFO] Epoch 2/50  iter 500/743  loss=0.2951  lr=5.80e-05
[15:17:08 INFO] Epoch 2/50  iter 550/743  loss=0.3031  lr=5.79e-05
[15:17:21 INFO] Epoch 2/50  iter 600/743  loss=0.4614  lr=5.78e-05
[15:17:34 INFO] Epoch 2/50  iter 650/743  loss=0.2112  lr=5.77e-05
[15:17:48 INFO] Epoch 2/50  iter 700/743  loss=0.4487  lr=5.77e-05
[15:17:59 INFO] Epoch 2 complete — avg_loss=0.3380  time=199s
[15:18:13 INFO] Epoch 3/50  iter 50/743  loss=0.3455  lr=5.75e-05
[15:18:27 INFO] Epoch 3/50  iter 100/743  loss=0.2711  lr=5.74e-05
[15:18:40 INFO] Epoch 3/50  iter 150/743  loss=0.2375  lr=5.74e-05
[15:18:53 INFO] Epoch 3/50  iter 200/743  loss=0.2200  lr=5.73e-05
[15:19:07 INFO] Epoch 3/50  iter 250/743  loss=0.3704  lr=5.72e-05
[15:19:20 INFO] Epoch 3/50  iter 300/743  loss=1.0492  lr=5.71e-05
[15:19:33 INFO] Epoch 3/50  iter 350/743  loss=0.1110  lr=5.70e-05
[15:19:47 INFO] Epoch 3/50  iter 400/743  loss=0.4606  lr=5.70e-05
[15:20:00 INFO] Epoch 3/50  iter 450/743  loss=0.4136  lr=5.69e-05
[15:20:13 INFO] Epoch 3/50  iter 500/743  loss=0.1672  lr=5.68e-05
[15:20:27 INFO] Epoch 3/50  iter 550/743  loss=0.2452  lr=5.67e-05
[15:20:40 INFO] Epoch 3/50  iter 600/743  loss=0.2607  lr=5.66e-05
[15:20:53 INFO] Epoch 3/50  iter 650/743  loss=0.1729  lr=5.65e-05
[15:21:07 INFO] Epoch 3/50  iter 700/743  loss=0.1583  lr=5.65e-05
[15:21:18 INFO] Epoch 3 complete — avg_loss=0.2761  time=199s
[15:21:32 INFO] Epoch 4/50  iter 50/743  loss=0.1583  lr=5.63e-05
[15:21:46 INFO] Epoch 4/50  iter 100/743  loss=0.1756  lr=5.62e-05
[15:21:59 INFO] Epoch 4/50  iter 150/743  loss=0.6850  lr=5.62e-05
[15:22:12 INFO] Epoch 4/50  iter 200/743  loss=0.2294  lr=5.61e-05
[15:22:26 INFO] Epoch 4/50  iter 250/743  loss=0.2752  lr=5.60e-05
[15:22:39 INFO] Epoch 4/50  iter 300/743  loss=0.1885  lr=5.59e-05
[15:22:52 INFO] Epoch 4/50  iter 350/743  loss=0.0357  lr=5.58e-05
[15:23:06 INFO] Epoch 4/50  iter 400/743  loss=0.1115  lr=5.58e-05
[15:23:19 INFO] Epoch 4/50  iter 450/743  loss=0.0689  lr=5.57e-05
[15:23:32 INFO] Epoch 4/50  iter 500/743  loss=0.1684  lr=5.56e-05
[15:23:46 INFO] Epoch 4/50  iter 550/743  loss=0.2727  lr=5.55e-05
[15:23:59 INFO] Epoch 4/50  iter 600/743  loss=0.3155  lr=5.54e-05
[15:24:12 INFO] Epoch 4/50  iter 650/743  loss=0.2088  lr=5.53e-05
[15:24:26 INFO] Epoch 4/50  iter 700/743  loss=0.1254  lr=5.53e-05
[15:24:37 INFO] Epoch 4 complete — avg_loss=0.2618  time=199s
[15:24:51 INFO] Epoch 5/50  iter 50/743  loss=0.1196  lr=5.51e-05
[15:25:05 INFO] Epoch 5/50  iter 100/743  loss=0.1786  lr=5.50e-05
[15:25:18 INFO] Epoch 5/50  iter 150/743  loss=0.1698  lr=5.50e-05
[15:25:31 INFO] Epoch 5/50  iter 200/743  loss=0.1592  lr=5.49e-05
[15:25:45 INFO] Epoch 5/50  iter 250/743  loss=0.1888  lr=5.48e-05
[15:25:58 INFO] Epoch 5/50  iter 300/743  loss=1.0626  lr=5.47e-05
[15:26:11 INFO] Epoch 5/50  iter 350/743  loss=0.5024  lr=5.46e-05
[15:26:25 INFO] Epoch 5/50  iter 400/743  loss=0.2235  lr=5.46e-05
[15:26:38 INFO] Epoch 5/50  iter 450/743  loss=0.1647  lr=5.45e-05
[15:26:51 INFO] Epoch 5/50  iter 500/743  loss=0.2690  lr=5.44e-05
[15:27:05 INFO] Epoch 5/50  iter 550/743  loss=0.0839  lr=5.43e-05
[15:27:18 INFO] Epoch 5/50  iter 600/743  loss=0.0228  lr=5.42e-05
[15:27:32 INFO] Epoch 5/50  iter 650/743  loss=0.3324  lr=5.41e-05
[15:27:45 INFO] Epoch 5/50  iter 700/743  loss=0.1262  lr=5.41e-05
[15:27:56 INFO] Epoch 5 complete — avg_loss=0.2449  time=199s
[15:30:00 INFO]   val mIoU = 0.6406
[15:30:00 INFO]   ★ New best val mIoU: 0.6406
[15:30:14 INFO] Epoch 6/50  iter 50/743  loss=0.2844  lr=5.39e-05
[15:30:27 INFO] Epoch 6/50  iter 100/743  loss=0.0512  lr=5.38e-05
[15:30:41 INFO] Epoch 6/50  iter 150/743  loss=0.2680  lr=5.38e-05
[15:30:54 INFO] Epoch 6/50  iter 200/743  loss=0.1130  lr=5.37e-05
[15:31:07 INFO] Epoch 6/50  iter 250/743  loss=0.3185  lr=5.36e-05
[15:31:21 INFO] Epoch 6/50  iter 300/743  loss=0.1949  lr=5.35e-05
[15:31:34 INFO] Epoch 6/50  iter 350/743  loss=0.1041  lr=5.34e-05
[15:31:47 INFO] Epoch 6/50  iter 400/743  loss=0.1052  lr=5.34e-05
[15:32:01 INFO] Epoch 6/50  iter 450/743  loss=0.2111  lr=5.33e-05
[15:32:14 INFO] Epoch 6/50  iter 500/743  loss=0.1585  lr=5.32e-05
[15:32:27 INFO] Epoch 6/50  iter 550/743  loss=0.2314  lr=5.31e-05
[15:32:41 INFO] Epoch 6/50  iter 600/743  loss=0.1539  lr=5.30e-05
[15:32:54 INFO] Epoch 6/50  iter 650/743  loss=0.5398  lr=5.29e-05
[15:33:07 INFO] Epoch 6/50  iter 700/743  loss=0.2489  lr=5.29e-05
[15:33:19 INFO] Epoch 6 complete — avg_loss=0.2239  time=199s
[15:33:33 INFO] Epoch 7/50  iter 50/743  loss=0.1988  lr=5.27e-05
[15:33:47 INFO] Epoch 7/50  iter 100/743  loss=0.1134  lr=5.26e-05
[15:34:00 INFO] Epoch 7/50  iter 150/743  loss=0.2418  lr=5.26e-05
[15:34:13 INFO] Epoch 7/50  iter 200/743  loss=0.5974  lr=5.25e-05
[15:34:27 INFO] Epoch 7/50  iter 250/743  loss=0.2246  lr=5.24e-05
[15:34:40 INFO] Epoch 7/50  iter 300/743  loss=0.1464  lr=5.23e-05
[15:34:53 INFO] Epoch 7/50  iter 350/743  loss=0.1919  lr=5.22e-05
[15:35:07 INFO] Epoch 7/50  iter 400/743  loss=0.1105  lr=5.22e-05
[15:35:20 INFO] Epoch 7/50  iter 450/743  loss=0.7222  lr=5.21e-05
[15:35:33 INFO] Epoch 7/50  iter 500/743  loss=0.2926  lr=5.20e-05
[15:35:47 INFO] Epoch 7/50  iter 550/743  loss=0.2046  lr=5.19e-05
[15:36:00 INFO] Epoch 7/50  iter 600/743  loss=0.4249  lr=5.18e-05
[15:36:13 INFO] Epoch 7/50  iter 650/743  loss=0.0286  lr=5.17e-05
[15:36:27 INFO] Epoch 7/50  iter 700/743  loss=0.2418  lr=5.17e-05
[15:36:38 INFO] Epoch 7 complete — avg_loss=0.2139  time=199s
[15:36:52 INFO] Epoch 8/50  iter 50/743  loss=0.1652  lr=5.15e-05
[15:37:06 INFO] Epoch 8/50  iter 100/743  loss=0.2437  lr=5.14e-05
[15:37:19 INFO] Epoch 8/50  iter 150/743  loss=0.0876  lr=5.14e-05
[15:37:33 INFO] Epoch 8/50  iter 200/743  loss=0.1598  lr=5.13e-05
[15:37:46 INFO] Epoch 8/50  iter 250/743  loss=0.1935  lr=5.12e-05
[15:37:59 INFO] Epoch 8/50  iter 300/743  loss=0.2535  lr=5.11e-05
[15:38:13 INFO] Epoch 8/50  iter 350/743  loss=0.1799  lr=5.10e-05
[15:38:26 INFO] Epoch 8/50  iter 400/743  loss=0.3150  lr=5.10e-05
[15:38:39 INFO] Epoch 8/50  iter 450/743  loss=0.1039  lr=5.09e-05
[15:38:53 INFO] Epoch 8/50  iter 500/743  loss=0.1520  lr=5.08e-05
[15:39:06 INFO] Epoch 8/50  iter 550/743  loss=0.1896  lr=5.07e-05
[15:39:20 INFO] Epoch 8/50  iter 600/743  loss=0.0565  lr=5.06e-05
[15:39:33 INFO] Epoch 8/50  iter 650/743  loss=0.1773  lr=5.05e-05
[15:39:46 INFO] Epoch 8/50  iter 700/743  loss=0.0578  lr=5.05e-05
[15:39:58 INFO] Epoch 8 complete — avg_loss=0.2113  time=199s
[15:40:12 INFO] Epoch 9/50  iter 50/743  loss=0.1701  lr=5.03e-05
[15:40:26 INFO] Epoch 9/50  iter 100/743  loss=0.1118  lr=5.02e-05
[15:40:39 INFO] Epoch 9/50  iter 150/743  loss=0.1393  lr=5.02e-05
[15:40:52 INFO] Epoch 9/50  iter 200/743  loss=0.3212  lr=5.01e-05
[15:41:06 INFO] Epoch 9/50  iter 250/743  loss=0.2170  lr=5.00e-05
[15:41:19 INFO] Epoch 9/50  iter 300/743  loss=0.0871  lr=4.99e-05
[15:41:32 INFO] Epoch 9/50  iter 350/743  loss=0.1595  lr=4.98e-05
[15:41:46 INFO] Epoch 9/50  iter 400/743  loss=0.0991  lr=4.98e-05
[15:41:59 INFO] Epoch 9/50  iter 450/743  loss=0.1546  lr=4.97e-05
[15:42:12 INFO] Epoch 9/50  iter 500/743  loss=0.1785  lr=4.96e-05
[15:42:26 INFO] Epoch 9/50  iter 550/743  loss=0.1801  lr=4.95e-05
[15:42:39 INFO] Epoch 9/50  iter 600/743  loss=0.3268  lr=4.94e-05
[15:42:53 INFO] Epoch 9/50  iter 650/743  loss=0.1562  lr=4.93e-05
[15:43:06 INFO] Epoch 9/50  iter 700/743  loss=0.2339  lr=4.93e-05
[15:43:18 INFO] Epoch 9 complete — avg_loss=0.2027  time=199s
[15:43:32 INFO] Epoch 10/50  iter 50/743  loss=0.2021  lr=4.91e-05
[15:43:45 INFO] Epoch 10/50  iter 100/743  loss=0.1842  lr=4.90e-05
[15:43:59 INFO] Epoch 10/50  iter 150/743  loss=0.1321  lr=4.90e-05
[15:44:12 INFO] Epoch 10/50  iter 200/743  loss=0.0792  lr=4.89e-05
[15:44:25 INFO] Epoch 10/50  iter 250/743  loss=0.1169  lr=4.88e-05
[15:44:39 INFO] Epoch 10/50  iter 300/743  loss=0.0713  lr=4.87e-05
[15:44:52 INFO] Epoch 10/50  iter 350/743  loss=0.2041  lr=4.86e-05
[15:45:06 INFO] Epoch 10/50  iter 400/743  loss=0.2874  lr=4.86e-05
[15:45:19 INFO] Epoch 10/50  iter 450/743  loss=0.2012  lr=4.85e-05
[15:45:32 INFO] Epoch 10/50  iter 500/743  loss=0.1572  lr=4.84e-05
[15:45:46 INFO] Epoch 10/50  iter 550/743  loss=0.3359  lr=4.83e-05
[15:45:59 INFO] Epoch 10/50  iter 600/743  loss=0.2438  lr=4.82e-05
[15:46:12 INFO] Epoch 10/50  iter 650/743  loss=0.2712  lr=4.81e-05
[15:46:26 INFO] Epoch 10/50  iter 700/743  loss=0.1181  lr=4.81e-05
[15:46:37 INFO] Epoch 10 complete — avg_loss=0.1978  time=199s
[15:48:41 INFO]   val mIoU = 0.6645
[15:48:41 INFO]   ★ New best val mIoU: 0.6645
[15:48:56 INFO] Epoch 11/50  iter 50/743  loss=0.1387  lr=4.79e-05
[15:49:09 INFO] Epoch 11/50  iter 100/743  loss=0.4114  lr=4.78e-05
[15:49:22 INFO] Epoch 11/50  iter 150/743  loss=0.2363  lr=4.78e-05
[15:49:36 INFO] Epoch 11/50  iter 200/743  loss=0.2508  lr=4.77e-05
[15:49:49 INFO] Epoch 11/50  iter 250/743  loss=0.1571  lr=4.76e-05
[15:50:03 INFO] Epoch 11/50  iter 300/743  loss=0.1793  lr=4.75e-05
[15:50:16 INFO] Epoch 11/50  iter 350/743  loss=0.1512  lr=4.74e-05
[15:50:29 INFO] Epoch 11/50  iter 400/743  loss=0.1754  lr=4.74e-05
[15:50:43 INFO] Epoch 11/50  iter 450/743  loss=0.1617  lr=4.73e-05
[15:50:56 INFO] Epoch 11/50  iter 500/743  loss=0.0844  lr=4.72e-05
[15:51:09 INFO] Epoch 11/50  iter 550/743  loss=0.1121  lr=4.71e-05
[15:51:23 INFO] Epoch 11/50  iter 600/743  loss=0.0826  lr=4.70e-05
[15:51:36 INFO] Epoch 11/50  iter 650/743  loss=0.1708  lr=4.69e-05
[15:51:50 INFO] Epoch 11/50  iter 700/743  loss=0.2559  lr=4.69e-05
[15:52:01 INFO] Epoch 11 complete — avg_loss=0.1847  time=199s
[15:52:15 INFO] Epoch 12/50  iter 50/743  loss=0.0922  lr=4.67e-05
[15:52:29 INFO] Epoch 12/50  iter 100/743  loss=0.1952  lr=4.66e-05
[15:52:42 INFO] Epoch 12/50  iter 150/743  loss=0.1304  lr=4.66e-05
[15:52:55 INFO] Epoch 12/50  iter 200/743  loss=0.1171  lr=4.65e-05
[15:53:09 INFO] Epoch 12/50  iter 250/743  loss=0.1687  lr=4.64e-05
[15:53:22 INFO] Epoch 12/50  iter 300/743  loss=0.0958  lr=4.63e-05
[15:53:36 INFO] Epoch 12/50  iter 350/743  loss=0.2518  lr=4.62e-05
[15:53:49 INFO] Epoch 12/50  iter 400/743  loss=0.0980  lr=4.62e-05
[15:54:02 INFO] Epoch 12/50  iter 450/743  loss=0.1132  lr=4.61e-05
[15:54:16 INFO] Epoch 12/50  iter 500/743  loss=0.0662  lr=4.60e-05
[15:54:29 INFO] Epoch 12/50  iter 550/743  loss=0.1594  lr=4.59e-05
[15:54:42 INFO] Epoch 12/50  iter 600/743  loss=0.1218  lr=4.58e-05
[15:54:56 INFO] Epoch 12/50  iter 650/743  loss=0.3041  lr=4.57e-05
[15:55:09 INFO] Epoch 12/50  iter 700/743  loss=0.1219  lr=4.57e-05
[15:55:21 INFO] Epoch 12 complete — avg_loss=0.1805  time=199s
[15:55:35 INFO] Epoch 13/50  iter 50/743  loss=0.0683  lr=4.55e-05
[15:55:48 INFO] Epoch 13/50  iter 100/743  loss=0.1521  lr=4.54e-05
[15:56:02 INFO] Epoch 13/50  iter 150/743  loss=0.0780  lr=4.54e-05
[15:56:15 INFO] Epoch 13/50  iter 200/743  loss=0.0232  lr=4.53e-05
[15:56:28 INFO] Epoch 13/50  iter 250/743  loss=0.2347  lr=4.52e-05
[15:56:42 INFO] Epoch 13/50  iter 300/743  loss=0.1928  lr=4.51e-05
[15:56:55 INFO] Epoch 13/50  iter 350/743  loss=0.1228  lr=4.50e-05
[15:57:08 INFO] Epoch 13/50  iter 400/743  loss=0.2721  lr=4.50e-05
[15:57:22 INFO] Epoch 13/50  iter 450/743  loss=0.0475  lr=4.49e-05
[15:57:35 INFO] Epoch 13/50  iter 500/743  loss=0.2904  lr=4.48e-05
[15:57:48 INFO] Epoch 13/50  iter 550/743  loss=0.1159  lr=4.47e-05
[15:58:02 INFO] Epoch 13/50  iter 600/743  loss=0.1534  lr=4.46e-05
[15:58:15 INFO] Epoch 13/50  iter 650/743  loss=0.1091  lr=4.45e-05
[15:58:29 INFO] Epoch 13/50  iter 700/743  loss=0.1522  lr=4.45e-05
[15:58:40 INFO] Epoch 13 complete — avg_loss=0.1736  time=199s
[15:58:55 INFO] Epoch 14/50  iter 50/743  loss=0.1493  lr=4.43e-05
[15:59:08 INFO] Epoch 14/50  iter 100/743  loss=0.1577  lr=4.42e-05
[15:59:21 INFO] Epoch 14/50  iter 150/743  loss=0.1660  lr=4.42e-05
[15:59:35 INFO] Epoch 14/50  iter 200/743  loss=0.0936  lr=4.41e-05
[15:59:48 INFO] Epoch 14/50  iter 250/743  loss=0.2126  lr=4.40e-05
[16:00:01 INFO] Epoch 14/50  iter 300/743  loss=0.1756  lr=4.39e-05
[16:00:15 INFO] Epoch 14/50  iter 350/743  loss=0.0971  lr=4.38e-05
[16:00:28 INFO] Epoch 14/50  iter 400/743  loss=0.0733  lr=4.38e-05
[16:00:41 INFO] Epoch 14/50  iter 450/743  loss=0.1578  lr=4.37e-05
[16:00:55 INFO] Epoch 14/50  iter 500/743  loss=0.1096  lr=4.36e-05
[16:01:08 INFO] Epoch 14/50  iter 550/743  loss=0.0351  lr=4.35e-05
[16:01:22 INFO] Epoch 14/50  iter 600/743  loss=0.1231  lr=4.34e-05
[16:01:35 INFO] Epoch 14/50  iter 650/743  loss=0.1347  lr=4.33e-05
[16:01:48 INFO] Epoch 14/50  iter 700/743  loss=0.1690  lr=4.33e-05
[16:02:00 INFO] Epoch 14 complete — avg_loss=0.1790  time=199s
[16:02:14 INFO] Epoch 15/50  iter 50/743  loss=0.1497  lr=4.31e-05
[16:02:27 INFO] Epoch 15/50  iter 100/743  loss=0.1210  lr=4.30e-05
[16:02:41 INFO] Epoch 15/50  iter 150/743  loss=0.1921  lr=4.30e-05
[16:02:54 INFO] Epoch 15/50  iter 200/743  loss=0.1438  lr=4.29e-05
[16:03:07 INFO] Epoch 15/50  iter 250/743  loss=0.0870  lr=4.28e-05
[16:03:21 INFO] Epoch 15/50  iter 300/743  loss=0.1818  lr=4.27e-05
[16:03:34 INFO] Epoch 15/50  iter 350/743  loss=0.1413  lr=4.26e-05
[16:03:48 INFO] Epoch 15/50  iter 400/743  loss=0.1795  lr=4.26e-05
[16:04:01 INFO] Epoch 15/50  iter 450/743  loss=0.1303  lr=4.25e-05
[16:04:14 INFO] Epoch 15/50  iter 500/743  loss=0.1606  lr=4.24e-05
[16:04:28 INFO] Epoch 15/50  iter 550/743  loss=0.0803  lr=4.23e-05
[16:04:41 INFO] Epoch 15/50  iter 600/743  loss=0.1904  lr=4.22e-05
[16:04:54 INFO] Epoch 15/50  iter 650/743  loss=0.2510  lr=4.21e-05
[16:05:08 INFO] Epoch 15/50  iter 700/743  loss=0.1366  lr=4.21e-05
[16:05:19 INFO] Epoch 15 complete — avg_loss=0.1700  time=199s
[16:07:23 INFO]   val mIoU = 0.7307
[16:07:23 INFO]   ★ New best val mIoU: 0.7307
[16:07:38 INFO] Epoch 16/50  iter 50/743  loss=0.2044  lr=4.19e-05
[16:07:51 INFO] Epoch 16/50  iter 100/743  loss=0.1240  lr=4.18e-05
[16:08:04 INFO] Epoch 16/50  iter 150/743  loss=0.1218  lr=4.18e-05
[16:08:18 INFO] Epoch 16/50  iter 200/743  loss=0.0830  lr=4.17e-05
[16:08:31 INFO] Epoch 16/50  iter 250/743  loss=0.2287  lr=4.16e-05
[16:08:44 INFO] Epoch 16/50  iter 300/743  loss=0.1568  lr=4.15e-05
[16:08:58 INFO] Epoch 16/50  iter 350/743  loss=0.1318  lr=4.14e-05
[16:09:11 INFO] Epoch 16/50  iter 400/743  loss=0.1090  lr=4.14e-05
[16:09:24 INFO] Epoch 16/50  iter 450/743  loss=0.1864  lr=4.13e-05
[16:09:38 INFO] Epoch 16/50  iter 500/743  loss=0.1547  lr=4.12e-05
[16:09:51 INFO] Epoch 16/50  iter 550/743  loss=0.1225  lr=4.11e-05
[16:10:05 INFO] Epoch 16/50  iter 600/743  loss=0.1703  lr=4.10e-05
[16:10:18 INFO] Epoch 16/50  iter 650/743  loss=0.1558  lr=4.09e-05
[16:10:31 INFO] Epoch 16/50  iter 700/743  loss=0.0546  lr=4.09e-05
[16:10:43 INFO] Epoch 16 complete — avg_loss=0.1644  time=199s
[16:10:57 INFO] Epoch 17/50  iter 50/743  loss=0.0626  lr=4.07e-05
[16:11:10 INFO] Epoch 17/50  iter 100/743  loss=0.1503  lr=4.06e-05
[16:11:24 INFO] Epoch 17/50  iter 150/743  loss=0.2062  lr=4.06e-05
[16:11:37 INFO] Epoch 17/50  iter 200/743  loss=0.0934  lr=4.05e-05
[16:11:50 INFO] Epoch 17/50  iter 250/743  loss=0.1896  lr=4.04e-05
[16:12:04 INFO] Epoch 17/50  iter 300/743  loss=0.1499  lr=4.03e-05
[16:12:17 INFO] Epoch 17/50  iter 350/743  loss=0.1252  lr=4.02e-05
[16:12:31 INFO] Epoch 17/50  iter 400/743  loss=0.0790  lr=4.02e-05
[16:12:44 INFO] Epoch 17/50  iter 450/743  loss=0.1954  lr=4.01e-05
[16:12:57 INFO] Epoch 17/50  iter 500/743  loss=0.1373  lr=4.00e-05
[16:13:11 INFO] Epoch 17/50  iter 550/743  loss=0.2119  lr=3.99e-05
[16:13:24 INFO] Epoch 17/50  iter 600/743  loss=0.0670  lr=3.98e-05
[16:13:37 INFO] Epoch 17/50  iter 650/743  loss=0.1415  lr=3.97e-05
[16:13:51 INFO] Epoch 17/50  iter 700/743  loss=0.1019  lr=3.97e-05
[16:14:02 INFO] Epoch 17 complete — avg_loss=0.1645  time=199s
[16:14:17 INFO] Epoch 18/50  iter 50/743  loss=0.1467  lr=3.95e-05
[16:14:30 INFO] Epoch 18/50  iter 100/743  loss=0.1746  lr=3.94e-05
[16:14:43 INFO] Epoch 18/50  iter 150/743  loss=0.1434  lr=3.94e-05
[16:14:57 INFO] Epoch 18/50  iter 200/743  loss=0.1096  lr=3.93e-05
[16:15:10 INFO] Epoch 18/50  iter 250/743  loss=0.1142  lr=3.92e-05
[16:15:23 INFO] Epoch 18/50  iter 300/743  loss=0.2310  lr=3.91e-05
[16:15:37 INFO] Epoch 18/50  iter 350/743  loss=0.6114  lr=3.90e-05
[16:15:50 INFO] Epoch 18/50  iter 400/743  loss=0.1329  lr=3.90e-05
[16:16:03 INFO] Epoch 18/50  iter 450/743  loss=0.2112  lr=3.89e-05
[16:16:17 INFO] Epoch 18/50  iter 500/743  loss=0.0945  lr=3.88e-05
[16:16:30 INFO] Epoch 18/50  iter 550/743  loss=0.1186  lr=3.87e-05
[16:16:43 INFO] Epoch 18/50  iter 600/743  loss=0.9061  lr=3.86e-05
[16:16:57 INFO] Epoch 18/50  iter 650/743  loss=0.1696  lr=3.85e-05
[16:17:10 INFO] Epoch 18/50  iter 700/743  loss=0.0955  lr=3.85e-05
[16:17:22 INFO] Epoch 18 complete — avg_loss=0.1626  time=199s
[16:17:36 INFO] Epoch 19/50  iter 50/743  loss=0.1024  lr=3.83e-05
[16:17:49 INFO] Epoch 19/50  iter 100/743  loss=0.1872  lr=3.82e-05
[16:18:03 INFO] Epoch 19/50  iter 150/743  loss=0.1744  lr=3.82e-05
[16:18:16 INFO] Epoch 19/50  iter 200/743  loss=0.1745  lr=3.81e-05
[16:18:29 INFO] Epoch 19/50  iter 250/743  loss=0.0954  lr=3.80e-05
[16:18:43 INFO] Epoch 19/50  iter 300/743  loss=0.1150  lr=3.79e-05
[16:18:56 INFO] Epoch 19/50  iter 350/743  loss=0.1576  lr=3.78e-05
[16:19:09 INFO] Epoch 19/50  iter 400/743  loss=0.2744  lr=3.78e-05
[16:19:23 INFO] Epoch 19/50  iter 450/743  loss=0.1354  lr=3.77e-05
[16:19:36 INFO] Epoch 19/50  iter 500/743  loss=0.0882  lr=3.76e-05
[16:19:49 INFO] Epoch 19/50  iter 550/743  loss=0.1088  lr=3.75e-05
[16:20:03 INFO] Epoch 19/50  iter 600/743  loss=0.1227  lr=3.74e-05
[16:20:16 INFO] Epoch 19/50  iter 650/743  loss=0.1972  lr=3.73e-05
[16:20:29 INFO] Epoch 19/50  iter 700/743  loss=0.1536  lr=3.73e-05
[16:20:41 INFO] Epoch 19 complete — avg_loss=0.1604  time=199s
[16:20:55 INFO] Epoch 20/50  iter 50/743  loss=0.1484  lr=3.71e-05
[16:21:08 INFO] Epoch 20/50  iter 100/743  loss=0.0730  lr=3.70e-05
[16:21:22 INFO] Epoch 20/50  iter 150/743  loss=0.0646  lr=3.70e-05
[16:21:35 INFO] Epoch 20/50  iter 200/743  loss=0.1562  lr=3.69e-05
[16:21:49 INFO] Epoch 20/50  iter 250/743  loss=0.1301  lr=3.68e-05
[16:22:02 INFO] Epoch 20/50  iter 300/743  loss=0.0744  lr=3.67e-05
[16:22:15 INFO] Epoch 20/50  iter 350/743  loss=0.1921  lr=3.66e-05
[16:22:29 INFO] Epoch 20/50  iter 400/743  loss=0.1103  lr=3.66e-05
[16:22:42 INFO] Epoch 20/50  iter 450/743  loss=0.1698  lr=3.65e-05
[16:22:55 INFO] Epoch 20/50  iter 500/743  loss=0.1373  lr=3.64e-05
[16:23:09 INFO] Epoch 20/50  iter 550/743  loss=0.1357  lr=3.63e-05
[16:23:22 INFO] Epoch 20/50  iter 600/743  loss=0.0730  lr=3.62e-05
[16:23:35 INFO] Epoch 20/50  iter 650/743  loss=0.1230  lr=3.61e-05
[16:23:49 INFO] Epoch 20/50  iter 700/743  loss=0.1692  lr=3.61e-05
[16:24:00 INFO] Epoch 20 complete — avg_loss=0.1522  time=199s
[16:26:03 INFO]   val mIoU = 0.7338
[16:26:03 INFO]   ★ New best val mIoU: 0.7338
[16:26:18 INFO] Epoch 21/50  iter 50/743  loss=0.0985  lr=3.59e-05
[16:26:31 INFO] Epoch 21/50  iter 100/743  loss=0.1149  lr=3.58e-05
[16:26:44 INFO] Epoch 21/50  iter 150/743  loss=0.4497  lr=3.58e-05
[16:26:58 INFO] Epoch 21/50  iter 200/743  loss=0.1376  lr=3.57e-05
[16:27:11 INFO] Epoch 21/50  iter 250/743  loss=0.1424  lr=3.56e-05
[16:27:24 INFO] Epoch 21/50  iter 300/743  loss=0.1151  lr=3.55e-05
[16:27:38 INFO] Epoch 21/50  iter 350/743  loss=0.0791  lr=3.54e-05
[16:27:51 INFO] Epoch 21/50  iter 400/743  loss=0.1321  lr=3.54e-05
[16:28:05 INFO] Epoch 21/50  iter 450/743  loss=0.2832  lr=3.53e-05
[16:28:18 INFO] Epoch 21/50  iter 500/743  loss=0.2267  lr=3.52e-05
[16:28:31 INFO] Epoch 21/50  iter 550/743  loss=0.0974  lr=3.51e-05
[16:28:45 INFO] Epoch 21/50  iter 600/743  loss=0.1153  lr=3.50e-05
[16:28:58 INFO] Epoch 21/50  iter 650/743  loss=0.2485  lr=3.49e-05
[16:29:11 INFO] Epoch 21/50  iter 700/743  loss=0.0840  lr=3.49e-05
[16:29:23 INFO] Epoch 21 complete — avg_loss=0.1552  time=199s
[16:29:37 INFO] Epoch 22/50  iter 50/743  loss=0.1682  lr=3.47e-05
[16:29:51 INFO] Epoch 22/50  iter 100/743  loss=0.0490  lr=3.46e-05
[16:30:04 INFO] Epoch 22/50  iter 150/743  loss=0.1217  lr=3.46e-05
[16:30:17 INFO] Epoch 22/50  iter 200/743  loss=0.0715  lr=3.45e-05
[16:30:31 INFO] Epoch 22/50  iter 250/743  loss=0.1114  lr=3.44e-05
[16:30:44 INFO] Epoch 22/50  iter 300/743  loss=0.1156  lr=3.43e-05
[16:30:57 INFO] Epoch 22/50  iter 350/743  loss=0.0597  lr=3.42e-05
[16:31:11 INFO] Epoch 22/50  iter 400/743  loss=0.2069  lr=3.42e-05
[16:31:24 INFO] Epoch 22/50  iter 450/743  loss=0.2735  lr=3.41e-05
[16:31:38 INFO] Epoch 22/50  iter 500/743  loss=0.1851  lr=3.40e-05
[16:31:51 INFO] Epoch 22/50  iter 550/743  loss=0.1676  lr=3.39e-05
[16:32:04 INFO] Epoch 22/50  iter 600/743  loss=0.1037  lr=3.38e-05
[16:32:18 INFO] Epoch 22/50  iter 650/743  loss=0.2290  lr=3.37e-05
[16:32:31 INFO] Epoch 22/50  iter 700/743  loss=0.1718  lr=3.37e-05
[16:32:42 INFO] Epoch 22 complete — avg_loss=0.1455  time=199s
[16:32:57 INFO] Epoch 23/50  iter 50/743  loss=0.0908  lr=3.35e-05
[16:33:10 INFO] Epoch 23/50  iter 100/743  loss=1.4678  lr=3.34e-05
[16:33:24 INFO] Epoch 23/50  iter 150/743  loss=0.2678  lr=3.34e-05
[16:33:37 INFO] Epoch 23/50  iter 200/743  loss=0.1063  lr=3.33e-05
[16:33:50 INFO] Epoch 23/50  iter 250/743  loss=0.1370  lr=3.32e-05
[16:34:04 INFO] Epoch 23/50  iter 300/743  loss=0.4182  lr=3.31e-05
[16:34:17 INFO] Epoch 23/50  iter 350/743  loss=0.1548  lr=3.30e-05
[16:34:30 INFO] Epoch 23/50  iter 400/743  loss=0.1389  lr=3.30e-05
[16:34:44 INFO] Epoch 23/50  iter 450/743  loss=0.1466  lr=3.29e-05
[16:34:57 INFO] Epoch 23/50  iter 500/743  loss=0.0963  lr=3.28e-05
[16:35:10 INFO] Epoch 23/50  iter 550/743  loss=0.0964  lr=3.27e-05
[16:35:24 INFO] Epoch 23/50  iter 600/743  loss=0.1844  lr=3.26e-05
[16:35:37 INFO] Epoch 23/50  iter 650/743  loss=0.1218  lr=3.25e-05
[16:35:51 INFO] Epoch 23/50  iter 700/743  loss=0.1315  lr=3.25e-05
[16:36:02 INFO] Epoch 23 complete — avg_loss=0.1522  time=199s
[16:36:17 INFO] Epoch 24/50  iter 50/743  loss=0.1060  lr=3.23e-05
[16:36:30 INFO] Epoch 24/50  iter 100/743  loss=0.0897  lr=3.22e-05
[16:36:43 INFO] Epoch 24/50  iter 150/743  loss=0.1872  lr=3.22e-05
[16:36:57 INFO] Epoch 24/50  iter 200/743  loss=0.1071  lr=3.21e-05
[16:37:10 INFO] Epoch 24/50  iter 250/743  loss=0.1009  lr=3.20e-05
[16:37:23 INFO] Epoch 24/50  iter 300/743  loss=0.1222  lr=3.19e-05
[16:37:37 INFO] Epoch 24/50  iter 350/743  loss=0.0761  lr=3.18e-05
[16:37:50 INFO] Epoch 24/50  iter 400/743  loss=0.1177  lr=3.18e-05
[16:38:03 INFO] Epoch 24/50  iter 450/743  loss=0.0632  lr=3.17e-05
[16:38:17 INFO] Epoch 24/50  iter 500/743  loss=0.2278  lr=3.16e-05
[16:38:30 INFO] Epoch 24/50  iter 550/743  loss=0.7576  lr=3.15e-05
[16:38:43 INFO] Epoch 24/50  iter 600/743  loss=0.2525  lr=3.14e-05
[16:38:57 INFO] Epoch 24/50  iter 650/743  loss=0.0753  lr=3.13e-05
[16:39:10 INFO] Epoch 24/50  iter 700/743  loss=0.1447  lr=3.13e-05
[16:39:22 INFO] Epoch 24 complete — avg_loss=0.1465  time=199s
[16:39:36 INFO] Epoch 25/50  iter 50/743  loss=0.1571  lr=3.11e-05
[16:39:50 INFO] Epoch 25/50  iter 100/743  loss=0.0448  lr=3.10e-05
[16:40:03 INFO] Epoch 25/50  iter 150/743  loss=0.1753  lr=3.10e-05
[16:40:16 INFO] Epoch 25/50  iter 200/743  loss=0.1556  lr=3.09e-05
[16:40:30 INFO] Epoch 25/50  iter 250/743  loss=0.1095  lr=3.08e-05
[16:40:43 INFO] Epoch 25/50  iter 300/743  loss=0.1222  lr=3.07e-05
[16:40:56 INFO] Epoch 25/50  iter 350/743  loss=0.4047  lr=3.06e-05
[16:41:10 INFO] Epoch 25/50  iter 400/743  loss=0.1106  lr=3.06e-05
[16:41:23 INFO] Epoch 25/50  iter 450/743  loss=0.1172  lr=3.05e-05
[16:41:36 INFO] Epoch 25/50  iter 500/743  loss=0.0420  lr=3.04e-05
[16:41:50 INFO] Epoch 25/50  iter 550/743  loss=0.1341  lr=3.03e-05
[16:42:03 INFO] Epoch 25/50  iter 600/743  loss=0.1350  lr=3.02e-05
[16:42:16 INFO] Epoch 25/50  iter 650/743  loss=0.3586  lr=3.01e-05
[16:42:30 INFO] Epoch 25/50  iter 700/743  loss=0.1190  lr=3.01e-05
[16:42:41 INFO] Epoch 25 complete — avg_loss=0.1469  time=199s
[16:44:45 INFO]   val mIoU = 0.7505
[16:44:46 INFO]   ★ New best val mIoU: 0.7505
[16:45:00 INFO] Epoch 26/50  iter 50/743  loss=0.1679  lr=2.99e-05
[16:45:14 INFO] Epoch 26/50  iter 100/743  loss=0.0836  lr=2.98e-05
[16:45:27 INFO] Epoch 26/50  iter 150/743  loss=0.1366  lr=2.98e-05
[16:45:40 INFO] Epoch 26/50  iter 200/743  loss=0.1785  lr=2.97e-05
[16:45:54 INFO] Epoch 26/50  iter 250/743  loss=0.2020  lr=2.96e-05
[16:46:07 INFO] Epoch 26/50  iter 300/743  loss=0.1536  lr=2.95e-05
[16:46:21 INFO] Epoch 26/50  iter 350/743  loss=0.1694  lr=2.94e-05
[16:46:34 INFO] Epoch 26/50  iter 400/743  loss=0.1361  lr=2.94e-05
[16:46:47 INFO] Epoch 26/50  iter 450/743  loss=0.1713  lr=2.93e-05
[16:47:01 INFO] Epoch 26/50  iter 500/743  loss=0.2650  lr=2.92e-05
[16:47:14 INFO] Epoch 26/50  iter 550/743  loss=0.1436  lr=2.91e-05
[16:47:27 INFO] Epoch 26/50  iter 600/743  loss=0.1323  lr=2.90e-05
[16:47:41 INFO] Epoch 26/50  iter 650/743  loss=0.1310  lr=2.89e-05
[16:47:54 INFO] Epoch 26/50  iter 700/743  loss=0.1761  lr=2.89e-05
[16:48:06 INFO] Epoch 26 complete — avg_loss=0.1554  time=199s
[16:48:20 INFO] Epoch 27/50  iter 50/743  loss=0.1392  lr=2.87e-05
[16:48:34 INFO] Epoch 27/50  iter 100/743  loss=0.1418  lr=2.86e-05
[16:48:47 INFO] Epoch 27/50  iter 150/743  loss=0.1224  lr=2.86e-05
[16:49:00 INFO] Epoch 27/50  iter 200/743  loss=0.0851  lr=2.85e-05
[16:49:14 INFO] Epoch 27/50  iter 250/743  loss=0.1658  lr=2.84e-05
[16:49:27 INFO] Epoch 27/50  iter 300/743  loss=0.2359  lr=2.83e-05
[16:49:40 INFO] Epoch 27/50  iter 350/743  loss=0.1694  lr=2.82e-05
[16:49:54 INFO] Epoch 27/50  iter 400/743  loss=0.2469  lr=2.82e-05
[16:50:07 INFO] Epoch 27/50  iter 450/743  loss=0.0635  lr=2.81e-05
[16:50:21 INFO] Epoch 27/50  iter 500/743  loss=0.2219  lr=2.80e-05
[16:50:34 INFO] Epoch 27/50  iter 550/743  loss=0.1572  lr=2.79e-05
[16:50:47 INFO] Epoch 27/50  iter 600/743  loss=0.0932  lr=2.78e-05
[16:51:01 INFO] Epoch 27/50  iter 650/743  loss=0.2554  lr=2.77e-05
[16:51:14 INFO] Epoch 27/50  iter 700/743  loss=0.1213  lr=2.77e-05
[16:51:26 INFO] Epoch 27 complete — avg_loss=0.1411  time=199s
[16:51:40 INFO] Epoch 28/50  iter 50/743  loss=0.1275  lr=2.75e-05
[16:51:53 INFO] Epoch 28/50  iter 100/743  loss=0.1305  lr=2.74e-05
[16:52:07 INFO] Epoch 28/50  iter 150/743  loss=0.1141  lr=2.74e-05
[16:52:20 INFO] Epoch 28/50  iter 200/743  loss=0.1321  lr=2.73e-05
[16:52:33 INFO] Epoch 28/50  iter 250/743  loss=0.1259  lr=2.72e-05
[16:52:47 INFO] Epoch 28/50  iter 300/743  loss=0.2072  lr=2.71e-05
[16:53:00 INFO] Epoch 28/50  iter 350/743  loss=0.1619  lr=2.70e-05
[16:53:14 INFO] Epoch 28/50  iter 400/743  loss=0.1075  lr=2.70e-05
[16:53:27 INFO] Epoch 28/50  iter 450/743  loss=0.1091  lr=2.69e-05
[16:53:40 INFO] Epoch 28/50  iter 500/743  loss=0.1459  lr=2.68e-05
[16:53:54 INFO] Epoch 28/50  iter 550/743  loss=0.1914  lr=2.67e-05
[16:54:07 INFO] Epoch 28/50  iter 600/743  loss=0.2985  lr=2.66e-05
[16:54:20 INFO] Epoch 28/50  iter 650/743  loss=0.0788  lr=2.65e-05
[16:54:34 INFO] Epoch 28/50  iter 700/743  loss=0.1154  lr=2.65e-05
[16:54:45 INFO] Epoch 28 complete — avg_loss=0.1390  time=199s
[16:55:00 INFO] Epoch 29/50  iter 50/743  loss=0.1439  lr=2.63e-05
[16:55:13 INFO] Epoch 29/50  iter 100/743  loss=0.1603  lr=2.62e-05
[16:55:26 INFO] Epoch 29/50  iter 150/743  loss=0.1325  lr=2.62e-05
[16:55:40 INFO] Epoch 29/50  iter 200/743  loss=0.1167  lr=2.61e-05
[16:55:53 INFO] Epoch 29/50  iter 250/743  loss=0.0762  lr=2.60e-05
[16:56:06 INFO] Epoch 29/50  iter 300/743  loss=0.1461  lr=2.59e-05
[16:56:20 INFO] Epoch 29/50  iter 350/743  loss=0.1551  lr=2.58e-05
[16:56:33 INFO] Epoch 29/50  iter 400/743  loss=0.1215  lr=2.58e-05
[16:56:47 INFO] Epoch 29/50  iter 450/743  loss=0.1429  lr=2.57e-05
[16:57:00 INFO] Epoch 29/50  iter 500/743  loss=0.0682  lr=2.56e-05
[16:57:13 INFO] Epoch 29/50  iter 550/743  loss=0.1283  lr=2.55e-05
[16:57:27 INFO] Epoch 29/50  iter 600/743  loss=0.0615  lr=2.54e-05
[16:57:40 INFO] Epoch 29/50  iter 650/743  loss=0.0827  lr=2.53e-05
[16:57:53 INFO] Epoch 29/50  iter 700/743  loss=0.0913  lr=2.53e-05
[16:58:05 INFO] Epoch 29 complete — avg_loss=0.1406  time=199s
[16:58:19 INFO] Epoch 30/50  iter 50/743  loss=0.2162  lr=2.51e-05
[16:58:33 INFO] Epoch 30/50  iter 100/743  loss=0.0736  lr=2.50e-05
[16:58:46 INFO] Epoch 30/50  iter 150/743  loss=0.0363  lr=2.50e-05
[16:58:59 INFO] Epoch 30/50  iter 200/743  loss=0.0562  lr=2.49e-05
[16:59:13 INFO] Epoch 30/50  iter 250/743  loss=0.0679  lr=2.48e-05
[16:59:26 INFO] Epoch 30/50  iter 300/743  loss=0.1303  lr=2.47e-05
[16:59:40 INFO] Epoch 30/50  iter 350/743  loss=0.0709  lr=2.46e-05
[16:59:53 INFO] Epoch 30/50  iter 400/743  loss=0.1679  lr=2.46e-05
[17:00:06 INFO] Epoch 30/50  iter 450/743  loss=0.0604  lr=2.45e-05
[17:00:20 INFO] Epoch 30/50  iter 500/743  loss=0.0926  lr=2.44e-05
[17:00:33 INFO] Epoch 30/50  iter 550/743  loss=0.2074  lr=2.43e-05
[17:00:46 INFO] Epoch 30/50  iter 600/743  loss=0.0913  lr=2.42e-05
[17:01:00 INFO] Epoch 30/50  iter 650/743  loss=0.1435  lr=2.41e-05
[17:01:13 INFO] Epoch 30/50  iter 700/743  loss=0.1271  lr=2.41e-05
[17:01:25 INFO] Epoch 30 complete — avg_loss=0.1373  time=199s
[17:03:28 INFO]   val mIoU = 0.7576
[17:03:29 INFO]   ★ New best val mIoU: 0.7576
[17:03:43 INFO] Epoch 31/50  iter 50/743  loss=0.1111  lr=2.39e-05
[17:03:56 INFO] Epoch 31/50  iter 100/743  loss=0.2044  lr=2.38e-05
[17:04:10 INFO] Epoch 31/50  iter 150/743  loss=0.1476  lr=2.38e-05
[17:04:23 INFO] Epoch 31/50  iter 200/743  loss=0.5668  lr=2.37e-05
[17:04:36 INFO] Epoch 31/50  iter 250/743  loss=0.0815  lr=2.36e-05
[17:04:50 INFO] Epoch 31/50  iter 300/743  loss=0.3491  lr=2.35e-05
[17:05:03 INFO] Epoch 31/50  iter 350/743  loss=0.3016  lr=2.34e-05
[17:05:17 INFO] Epoch 31/50  iter 400/743  loss=0.0634  lr=2.34e-05
[17:05:30 INFO] Epoch 31/50  iter 450/743  loss=0.1617  lr=2.33e-05
[17:05:43 INFO] Epoch 31/50  iter 500/743  loss=0.1084  lr=2.32e-05
[17:05:57 INFO] Epoch 31/50  iter 550/743  loss=0.5114  lr=2.31e-05
[17:06:10 INFO] Epoch 31/50  iter 600/743  loss=0.0835  lr=2.30e-05
[17:06:23 INFO] Epoch 31/50  iter 650/743  loss=0.1415  lr=2.29e-05
[17:06:37 INFO] Epoch 31/50  iter 700/743  loss=0.0845  lr=2.29e-05
[17:06:48 INFO] Epoch 31 complete — avg_loss=0.1360  time=199s
[17:07:03 INFO] Epoch 32/50  iter 50/743  loss=0.1570  lr=2.27e-05
[17:07:16 INFO] Epoch 32/50  iter 100/743  loss=0.2064  lr=2.26e-05
[17:07:30 INFO] Epoch 32/50  iter 150/743  loss=0.0742  lr=2.26e-05
[17:07:43 INFO] Epoch 32/50  iter 200/743  loss=0.1064  lr=2.25e-05
[17:07:56 INFO] Epoch 32/50  iter 250/743  loss=0.1515  lr=2.24e-05
[17:08:10 INFO] Epoch 32/50  iter 300/743  loss=0.0371  lr=2.23e-05
[17:08:23 INFO] Epoch 32/50  iter 350/743  loss=0.1978  lr=2.22e-05
[17:08:36 INFO] Epoch 32/50  iter 400/743  loss=0.1096  lr=2.22e-05
[17:08:50 INFO] Epoch 32/50  iter 450/743  loss=0.0660  lr=2.21e-05
[17:09:03 INFO] Epoch 32/50  iter 500/743  loss=0.1472  lr=2.20e-05
[17:09:16 INFO] Epoch 32/50  iter 550/743  loss=0.0584  lr=2.19e-05
[17:09:30 INFO] Epoch 32/50  iter 600/743  loss=0.1094  lr=2.18e-05
[17:09:43 INFO] Epoch 32/50  iter 650/743  loss=0.1320  lr=2.17e-05
[17:09:57 INFO] Epoch 32/50  iter 700/743  loss=0.1817  lr=2.17e-05
[17:10:08 INFO] Epoch 32 complete — avg_loss=0.1386  time=199s
[17:10:23 INFO] Epoch 33/50  iter 50/743  loss=0.1495  lr=2.15e-05
[17:10:36 INFO] Epoch 33/50  iter 100/743  loss=0.0847  lr=2.14e-05
[17:10:49 INFO] Epoch 33/50  iter 150/743  loss=0.0915  lr=2.14e-05
[17:11:03 INFO] Epoch 33/50  iter 200/743  loss=0.0554  lr=2.13e-05
[17:11:16 INFO] Epoch 33/50  iter 250/743  loss=0.0571  lr=2.12e-05
[17:11:29 INFO] Epoch 33/50  iter 300/743  loss=0.1060  lr=2.11e-05
[17:11:43 INFO] Epoch 33/50  iter 350/743  loss=0.2335  lr=2.10e-05
[17:11:56 INFO] Epoch 33/50  iter 400/743  loss=0.1429  lr=2.10e-05
[17:12:09 INFO] Epoch 33/50  iter 450/743  loss=0.1525  lr=2.09e-05
[17:12:23 INFO] Epoch 33/50  iter 500/743  loss=0.0737  lr=2.08e-05
[17:12:36 INFO] Epoch 33/50  iter 550/743  loss=0.1036  lr=2.07e-05
[17:12:50 INFO] Epoch 33/50  iter 600/743  loss=0.0571  lr=2.06e-05
[17:13:03 INFO] Epoch 33/50  iter 650/743  loss=0.0952  lr=2.05e-05
[17:13:16 INFO] Epoch 33/50  iter 700/743  loss=0.0483  lr=2.05e-05
[17:13:28 INFO] Epoch 33 complete — avg_loss=0.1334  time=199s
[17:13:42 INFO] Epoch 34/50  iter 50/743  loss=0.0406  lr=2.03e-05
[17:13:56 INFO] Epoch 34/50  iter 100/743  loss=0.1448  lr=2.02e-05
[17:14:09 INFO] Epoch 34/50  iter 150/743  loss=0.1588  lr=2.02e-05
[17:14:22 INFO] Epoch 34/50  iter 200/743  loss=0.1415  lr=2.01e-05
[17:14:36 INFO] Epoch 34/50  iter 250/743  loss=0.1624  lr=2.00e-05
[17:14:49 INFO] Epoch 34/50  iter 300/743  loss=0.1708  lr=1.99e-05
[17:15:02 INFO] Epoch 34/50  iter 350/743  loss=0.1990  lr=1.98e-05
[17:15:16 INFO] Epoch 34/50  iter 400/743  loss=0.1177  lr=1.98e-05
[17:15:29 INFO] Epoch 34/50  iter 450/743  loss=0.1048  lr=1.97e-05
[17:15:43 INFO] Epoch 34/50  iter 500/743  loss=0.1324  lr=1.96e-05
[17:15:56 INFO] Epoch 34/50  iter 550/743  loss=0.1299  lr=1.95e-05
[17:16:09 INFO] Epoch 34/50  iter 600/743  loss=0.3571  lr=1.94e-05
[17:16:23 INFO] Epoch 34/50  iter 650/743  loss=0.1168  lr=1.93e-05
[17:16:36 INFO] Epoch 34/50  iter 700/743  loss=0.0681  lr=1.93e-05
[17:16:48 INFO] Epoch 34 complete — avg_loss=0.1370  time=199s
[17:17:02 INFO] Epoch 35/50  iter 50/743  loss=0.0782  lr=1.91e-05
[17:17:15 INFO] Epoch 35/50  iter 100/743  loss=0.1740  lr=1.90e-05
[17:17:29 INFO] Epoch 35/50  iter 150/743  loss=0.1388  lr=1.90e-05
[17:17:42 INFO] Epoch 35/50  iter 200/743  loss=0.1250  lr=1.89e-05
[17:17:55 INFO] Epoch 35/50  iter 250/743  loss=0.0882  lr=1.88e-05
[17:18:09 INFO] Epoch 35/50  iter 300/743  loss=0.1077  lr=1.87e-05
[17:18:22 INFO] Epoch 35/50  iter 350/743  loss=0.1024  lr=1.86e-05
[17:18:35 INFO] Epoch 35/50  iter 400/743  loss=0.0907  lr=1.86e-05
[17:18:49 INFO] Epoch 35/50  iter 450/743  loss=0.2165  lr=1.85e-05
[17:19:02 INFO] Epoch 35/50  iter 500/743  loss=0.1768  lr=1.84e-05
[17:19:15 INFO] Epoch 35/50  iter 550/743  loss=0.9123  lr=1.83e-05
[17:19:29 INFO] Epoch 35/50  iter 600/743  loss=0.1063  lr=1.82e-05
[17:19:42 INFO] Epoch 35/50  iter 650/743  loss=0.0966  lr=1.81e-05
[17:19:56 INFO] Epoch 35/50  iter 700/743  loss=0.0925  lr=1.81e-05
[17:20:07 INFO] Epoch 35 complete — avg_loss=0.1340  time=199s
[17:22:10 INFO]   val mIoU = 0.7610
[17:22:11 INFO]   ★ New best val mIoU: 0.7610
[17:22:25 INFO] Epoch 36/50  iter 50/743  loss=0.1262  lr=1.79e-05
[17:22:38 INFO] Epoch 36/50  iter 100/743  loss=0.1792  lr=1.78e-05
[17:22:52 INFO] Epoch 36/50  iter 150/743  loss=0.1168  lr=1.78e-05
[17:23:05 INFO] Epoch 36/50  iter 200/743  loss=0.0938  lr=1.77e-05
[17:23:18 INFO] Epoch 36/50  iter 250/743  loss=0.0746  lr=1.76e-05
[17:23:32 INFO] Epoch 36/50  iter 300/743  loss=0.1173  lr=1.75e-05
[17:23:45 INFO] Epoch 36/50  iter 350/743  loss=0.0668  lr=1.74e-05
[17:23:58 INFO] Epoch 36/50  iter 400/743  loss=0.0821  lr=1.74e-05
[17:24:12 INFO] Epoch 36/50  iter 450/743  loss=0.0910  lr=1.73e-05
[17:24:25 INFO] Epoch 36/50  iter 500/743  loss=0.1074  lr=1.72e-05
[17:24:38 INFO] Epoch 36/50  iter 550/743  loss=0.1142  lr=1.71e-05
[17:24:52 INFO] Epoch 36/50  iter 600/743  loss=0.0830  lr=1.70e-05
[17:25:05 INFO] Epoch 36/50  iter 650/743  loss=0.0470  lr=1.69e-05
[17:25:18 INFO] Epoch 36/50  iter 700/743  loss=0.2046  lr=1.69e-05
[17:25:30 INFO] Epoch 36 complete — avg_loss=0.1268  time=199s
[17:25:44 INFO] Epoch 37/50  iter 50/743  loss=0.0906  lr=1.67e-05
[17:25:58 INFO] Epoch 37/50  iter 100/743  loss=0.1407  lr=1.66e-05
[17:26:11 INFO] Epoch 37/50  iter 150/743  loss=0.0801  lr=1.66e-05
[17:26:24 INFO] Epoch 37/50  iter 200/743  loss=0.1594  lr=1.65e-05
[17:26:38 INFO] Epoch 37/50  iter 250/743  loss=0.0652  lr=1.64e-05
[17:26:51 INFO] Epoch 37/50  iter 300/743  loss=0.1201  lr=1.63e-05
[17:27:04 INFO] Epoch 37/50  iter 350/743  loss=0.1245  lr=1.62e-05
[17:27:18 INFO] Epoch 37/50  iter 400/743  loss=0.2658  lr=1.62e-05
[17:27:31 INFO] Epoch 37/50  iter 450/743  loss=0.0978  lr=1.61e-05
[17:27:44 INFO] Epoch 37/50  iter 500/743  loss=0.1412  lr=1.60e-05
[17:27:58 INFO] Epoch 37/50  iter 550/743  loss=0.1502  lr=1.59e-05
[17:28:11 INFO] Epoch 37/50  iter 600/743  loss=0.1171  lr=1.58e-05
[17:28:24 INFO] Epoch 37/50  iter 650/743  loss=0.1372  lr=1.57e-05
[17:28:38 INFO] Epoch 37/50  iter 700/743  loss=0.1305  lr=1.57e-05
[17:28:49 INFO] Epoch 37 complete — avg_loss=0.1301  time=199s
[17:29:04 INFO] Epoch 38/50  iter 50/743  loss=0.1622  lr=1.55e-05
[17:29:17 INFO] Epoch 38/50  iter 100/743  loss=0.0533  lr=1.54e-05
[17:29:30 INFO] Epoch 38/50  iter 150/743  loss=0.1112  lr=1.54e-05
[17:29:44 INFO] Epoch 38/50  iter 200/743  loss=0.0705  lr=1.53e-05
[17:29:57 INFO] Epoch 38/50  iter 250/743  loss=0.1130  lr=1.52e-05
[17:30:10 INFO] Epoch 38/50  iter 300/743  loss=0.1150  lr=1.51e-05
[17:30:24 INFO] Epoch 38/50  iter 350/743  loss=0.1912  lr=1.50e-05
[17:30:37 INFO] Epoch 38/50  iter 400/743  loss=0.0469  lr=1.50e-05
[17:30:51 INFO] Epoch 38/50  iter 450/743  loss=0.1531  lr=1.49e-05
[17:31:04 INFO] Epoch 38/50  iter 500/743  loss=0.2049  lr=1.48e-05
[17:31:17 INFO] Epoch 38/50  iter 550/743  loss=0.1650  lr=1.47e-05
[17:31:31 INFO] Epoch 38/50  iter 600/743  loss=0.1494  lr=1.46e-05
[17:31:44 INFO] Epoch 38/50  iter 650/743  loss=0.0931  lr=1.45e-05
[17:31:57 INFO] Epoch 38/50  iter 700/743  loss=0.0804  lr=1.45e-05
[17:32:09 INFO] Epoch 38 complete — avg_loss=0.1275  time=199s
[17:32:23 INFO] Epoch 39/50  iter 50/743  loss=0.0641  lr=1.43e-05
[17:32:37 INFO] Epoch 39/50  iter 100/743  loss=0.0553  lr=1.42e-05
[17:32:50 INFO] Epoch 39/50  iter 150/743  loss=0.0800  lr=1.42e-05
[17:33:03 INFO] Epoch 39/50  iter 200/743  loss=0.8407  lr=1.41e-05
[17:33:17 INFO] Epoch 39/50  iter 250/743  loss=0.1255  lr=1.40e-05
[17:33:30 INFO] Epoch 39/50  iter 300/743  loss=0.0974  lr=1.39e-05
[17:33:43 INFO] Epoch 39/50  iter 350/743  loss=0.1968  lr=1.38e-05
[17:33:57 INFO] Epoch 39/50  iter 400/743  loss=0.1250  lr=1.38e-05
[17:34:10 INFO] Epoch 39/50  iter 450/743  loss=0.1845  lr=1.37e-05
[17:34:23 INFO] Epoch 39/50  iter 500/743  loss=0.0937  lr=1.36e-05
[17:34:37 INFO] Epoch 39/50  iter 550/743  loss=0.1072  lr=1.35e-05
[17:34:50 INFO] Epoch 39/50  iter 600/743  loss=0.2919  lr=1.34e-05
[17:35:03 INFO] Epoch 39/50  iter 650/743  loss=0.1325  lr=1.33e-05
[17:35:17 INFO] Epoch 39/50  iter 700/743  loss=0.0847  lr=1.33e-05
[17:35:28 INFO] Epoch 39 complete — avg_loss=0.1307  time=199s
[17:35:43 INFO] Epoch 40/50  iter 50/743  loss=0.1203  lr=1.31e-05
[17:35:56 INFO] Epoch 40/50  iter 100/743  loss=0.1226  lr=1.30e-05
[17:36:10 INFO] Epoch 40/50  iter 150/743  loss=0.0491  lr=1.30e-05
[17:36:23 INFO] Epoch 40/50  iter 200/743  loss=0.1028  lr=1.29e-05
[17:36:36 INFO] Epoch 40/50  iter 250/743  loss=0.1545  lr=1.28e-05
[17:36:50 INFO] Epoch 40/50  iter 300/743  loss=0.1264  lr=1.27e-05
[17:37:03 INFO] Epoch 40/50  iter 350/743  loss=0.2811  lr=1.26e-05
[17:37:16 INFO] Epoch 40/50  iter 400/743  loss=0.1148  lr=1.26e-05
[17:37:30 INFO] Epoch 40/50  iter 450/743  loss=0.1182  lr=1.25e-05
[17:37:43 INFO] Epoch 40/50  iter 500/743  loss=0.1846  lr=1.24e-05
[17:37:56 INFO] Epoch 40/50  iter 550/743  loss=0.1852  lr=1.23e-05
[17:38:10 INFO] Epoch 40/50  iter 600/743  loss=0.1840  lr=1.22e-05
[17:38:23 INFO] Epoch 40/50  iter 650/743  loss=0.1577  lr=1.21e-05
[17:38:36 INFO] Epoch 40/50  iter 700/743  loss=0.0710  lr=1.21e-05
[17:38:48 INFO] Epoch 40 complete — avg_loss=0.1255  time=199s
[17:40:52 INFO]   val mIoU = 0.7622
[17:40:52 INFO]   ★ New best val mIoU: 0.7622
[17:41:07 INFO] Epoch 41/50  iter 50/743  loss=0.1036  lr=1.19e-05
[17:41:20 INFO] Epoch 41/50  iter 100/743  loss=0.0949  lr=1.18e-05
[17:41:33 INFO] Epoch 41/50  iter 150/743  loss=0.0677  lr=1.18e-05
[17:41:47 INFO] Epoch 41/50  iter 200/743  loss=0.0596  lr=1.17e-05
[17:42:00 INFO] Epoch 41/50  iter 250/743  loss=0.1253  lr=1.16e-05
[17:42:13 INFO] Epoch 41/50  iter 300/743  loss=0.0750  lr=1.15e-05
[17:42:27 INFO] Epoch 41/50  iter 350/743  loss=0.0838  lr=1.14e-05
[17:42:40 INFO] Epoch 41/50  iter 400/743  loss=0.1229  lr=1.14e-05
[17:42:53 INFO] Epoch 41/50  iter 450/743  loss=0.1408  lr=1.13e-05
[17:43:07 INFO] Epoch 41/50  iter 500/743  loss=0.0691  lr=1.12e-05
[17:43:20 INFO] Epoch 41/50  iter 550/743  loss=0.0599  lr=1.11e-05
[17:43:33 INFO] Epoch 41/50  iter 600/743  loss=0.0934  lr=1.10e-05
[17:43:47 INFO] Epoch 41/50  iter 650/743  loss=0.1769  lr=1.09e-05
[17:44:00 INFO] Epoch 41/50  iter 700/743  loss=0.0817  lr=1.09e-05
[17:44:11 INFO] Epoch 41 complete — avg_loss=0.1223  time=199s
[17:44:26 INFO] Epoch 42/50  iter 50/743  loss=0.0965  lr=1.07e-05
[17:44:39 INFO] Epoch 42/50  iter 100/743  loss=0.1142  lr=1.06e-05
[17:44:53 INFO] Epoch 42/50  iter 150/743  loss=0.1450  lr=1.06e-05
[17:45:06 INFO] Epoch 42/50  iter 200/743  loss=0.1371  lr=1.05e-05
[17:45:19 INFO] Epoch 42/50  iter 250/743  loss=0.0598  lr=1.04e-05
[17:45:33 INFO] Epoch 42/50  iter 300/743  loss=0.1719  lr=1.03e-05
[17:45:46 INFO] Epoch 42/50  iter 350/743  loss=0.1105  lr=1.02e-05
[17:45:59 INFO] Epoch 42/50  iter 400/743  loss=0.0888  lr=1.02e-05
[17:46:13 INFO] Epoch 42/50  iter 450/743  loss=0.0775  lr=1.01e-05
[17:46:26 INFO] Epoch 42/50  iter 500/743  loss=0.0840  lr=9.99e-06
[17:46:39 INFO] Epoch 42/50  iter 550/743  loss=0.0911  lr=9.91e-06
[17:46:53 INFO] Epoch 42/50  iter 600/743  loss=0.1240  lr=9.83e-06
[17:47:06 INFO] Epoch 42/50  iter 650/743  loss=0.0851  lr=9.75e-06
[17:47:19 INFO] Epoch 42/50  iter 700/743  loss=0.1253  lr=9.67e-06
[17:47:31 INFO] Epoch 42 complete — avg_loss=0.1209  time=199s
[17:47:45 INFO] Epoch 43/50  iter 50/743  loss=0.0504  lr=9.52e-06
[17:47:59 INFO] Epoch 43/50  iter 100/743  loss=0.1797  lr=9.44e-06
[17:48:12 INFO] Epoch 43/50  iter 150/743  loss=0.1509  lr=9.36e-06
[17:48:26 INFO] Epoch 43/50  iter 200/743  loss=0.0697  lr=9.28e-06
[17:48:39 INFO] Epoch 43/50  iter 250/743  loss=0.0826  lr=9.19e-06
[17:48:52 INFO] Epoch 43/50  iter 300/743  loss=0.1035  lr=9.11e-06
[17:49:06 INFO] Epoch 43/50  iter 350/743  loss=0.1023  lr=9.03e-06
[17:49:19 INFO] Epoch 43/50  iter 400/743  loss=0.0951  lr=8.95e-06
[17:49:32 INFO] Epoch 43/50  iter 450/743  loss=0.0926  lr=8.87e-06
[17:49:46 INFO] Epoch 43/50  iter 500/743  loss=0.0693  lr=8.79e-06
[17:49:59 INFO] Epoch 43/50  iter 550/743  loss=0.1072  lr=8.71e-06
[17:50:12 INFO] Epoch 43/50  iter 600/743  loss=0.0603  lr=8.63e-06
[17:50:26 INFO] Epoch 43/50  iter 650/743  loss=0.1803  lr=8.55e-06
[17:50:39 INFO] Epoch 43/50  iter 700/743  loss=0.0661  lr=8.47e-06
[17:50:51 INFO] Epoch 43 complete — avg_loss=0.1266  time=199s
[17:51:05 INFO] Epoch 44/50  iter 50/743  loss=0.0826  lr=8.32e-06
[17:51:18 INFO] Epoch 44/50  iter 100/743  loss=0.1355  lr=8.24e-06
[17:51:32 INFO] Epoch 44/50  iter 150/743  loss=0.1182  lr=8.16e-06
[17:51:45 INFO] Epoch 44/50  iter 200/743  loss=0.1118  lr=8.08e-06
[17:51:58 INFO] Epoch 44/50  iter 250/743  loss=0.0881  lr=7.99e-06
[17:52:12 INFO] Epoch 44/50  iter 300/743  loss=0.1013  lr=7.91e-06
[17:52:25 INFO] Epoch 44/50  iter 350/743  loss=0.0837  lr=7.83e-06
[17:52:38 INFO] Epoch 44/50  iter 400/743  loss=0.1799  lr=7.75e-06
[17:52:52 INFO] Epoch 44/50  iter 450/743  loss=0.0889  lr=7.67e-06
[17:53:05 INFO] Epoch 44/50  iter 500/743  loss=0.1177  lr=7.59e-06
[17:53:19 INFO] Epoch 44/50  iter 550/743  loss=0.1677  lr=7.51e-06
[17:53:32 INFO] Epoch 44/50  iter 600/743  loss=0.1234  lr=7.43e-06
[17:53:45 INFO] Epoch 44/50  iter 650/743  loss=0.1157  lr=7.35e-06
[17:53:59 INFO] Epoch 44/50  iter 700/743  loss=0.0755  lr=7.27e-06
[17:54:10 INFO] Epoch 44 complete — avg_loss=0.1210  time=199s
[17:54:25 INFO] Epoch 45/50  iter 50/743  loss=0.0371  lr=7.12e-06
[17:54:38 INFO] Epoch 45/50  iter 100/743  loss=0.1203  lr=7.04e-06
[17:54:51 INFO] Epoch 45/50  iter 150/743  loss=0.1057  lr=6.96e-06
[17:55:05 INFO] Epoch 45/50  iter 200/743  loss=0.1432  lr=6.88e-06
[17:55:18 INFO] Epoch 45/50  iter 250/743  loss=0.1166  lr=6.79e-06
[17:55:31 INFO] Epoch 45/50  iter 300/743  loss=0.1410  lr=6.71e-06
[17:55:45 INFO] Epoch 45/50  iter 350/743  loss=0.0971  lr=6.63e-06
[17:55:58 INFO] Epoch 45/50  iter 400/743  loss=0.1654  lr=6.55e-06
[17:56:11 INFO] Epoch 45/50  iter 450/743  loss=0.0731  lr=6.47e-06
[17:56:25 INFO] Epoch 45/50  iter 500/743  loss=0.1332  lr=6.39e-06
[17:56:38 INFO] Epoch 45/50  iter 550/743  loss=0.3974  lr=6.31e-06
[17:56:51 INFO] Epoch 45/50  iter 600/743  loss=0.1475  lr=6.23e-06
[17:57:05 INFO] Epoch 45/50  iter 650/743  loss=0.0857  lr=6.15e-06
[17:57:18 INFO] Epoch 45/50  iter 700/743  loss=0.0918  lr=6.07e-06
[17:57:30 INFO] Epoch 45 complete — avg_loss=0.1191  time=199s
[17:59:33 INFO]   val mIoU = 0.7681
[17:59:34 INFO]   ★ New best val mIoU: 0.7681
[17:59:48 INFO] Epoch 46/50  iter 50/743  loss=0.1083  lr=5.92e-06
[18:00:01 INFO] Epoch 46/50  iter 100/743  loss=0.0857  lr=5.84e-06
[18:00:15 INFO] Epoch 46/50  iter 150/743  loss=0.1640  lr=5.76e-06
[18:00:28 INFO] Epoch 46/50  iter 200/743  loss=0.0983  lr=5.68e-06
[18:00:41 INFO] Epoch 46/50  iter 250/743  loss=0.1526  lr=5.59e-06
[18:00:55 INFO] Epoch 46/50  iter 300/743  loss=0.1208  lr=5.51e-06
[18:01:08 INFO] Epoch 46/50  iter 350/743  loss=0.1385  lr=5.43e-06
[18:01:21 INFO] Epoch 46/50  iter 400/743  loss=0.1417  lr=5.35e-06
[18:01:35 INFO] Epoch 46/50  iter 450/743  loss=0.0762  lr=5.27e-06
[18:01:48 INFO] Epoch 46/50  iter 500/743  loss=0.0524  lr=5.19e-06
[18:02:01 INFO] Epoch 46/50  iter 550/743  loss=0.2785  lr=5.11e-06
[18:02:15 INFO] Epoch 46/50  iter 600/743  loss=0.1242  lr=5.03e-06
[18:02:28 INFO] Epoch 46/50  iter 650/743  loss=0.2055  lr=4.95e-06
[18:02:41 INFO] Epoch 46/50  iter 700/743  loss=0.0639  lr=4.87e-06
[18:02:53 INFO] Epoch 46 complete — avg_loss=0.1213  time=199s
[18:03:07 INFO] Epoch 47/50  iter 50/743  loss=0.1417  lr=4.72e-06
[18:03:21 INFO] Epoch 47/50  iter 100/743  loss=0.0663  lr=4.64e-06
[18:03:34 INFO] Epoch 47/50  iter 150/743  loss=0.0863  lr=4.56e-06
[18:03:47 INFO] Epoch 47/50  iter 200/743  loss=0.1135  lr=4.48e-06
[18:04:01 INFO] Epoch 47/50  iter 250/743  loss=0.0834  lr=4.39e-06
[18:04:14 INFO] Epoch 47/50  iter 300/743  loss=0.1076  lr=4.31e-06
[18:04:28 INFO] Epoch 47/50  iter 350/743  loss=0.1155  lr=4.23e-06
[18:04:41 INFO] Epoch 47/50  iter 400/743  loss=0.1010  lr=4.15e-06
[18:04:54 INFO] Epoch 47/50  iter 450/743  loss=0.1441  lr=4.07e-06
[18:05:08 INFO] Epoch 47/50  iter 500/743  loss=0.1144  lr=3.99e-06
[18:05:21 INFO] Epoch 47/50  iter 550/743  loss=0.1266  lr=3.91e-06
[18:05:34 INFO] Epoch 47/50  iter 600/743  loss=0.2579  lr=3.83e-06
[18:05:48 INFO] Epoch 47/50  iter 650/743  loss=0.0764  lr=3.75e-06
[18:06:01 INFO] Epoch 47/50  iter 700/743  loss=0.0940  lr=3.67e-06
[18:06:12 INFO] Epoch 47 complete — avg_loss=0.1193  time=199s
[18:06:27 INFO] Epoch 48/50  iter 50/743  loss=0.0780  lr=3.52e-06
[18:06:40 INFO] Epoch 48/50  iter 100/743  loss=0.0556  lr=3.44e-06
[18:06:54 INFO] Epoch 48/50  iter 150/743  loss=0.1158  lr=3.36e-06
[18:07:07 INFO] Epoch 48/50  iter 200/743  loss=0.2281  lr=3.28e-06
[18:07:20 INFO] Epoch 48/50  iter 250/743  loss=0.0751  lr=3.19e-06
[18:07:34 INFO] Epoch 48/50  iter 300/743  loss=0.0721  lr=3.11e-06
[18:07:47 INFO] Epoch 48/50  iter 350/743  loss=0.1492  lr=3.03e-06
[18:08:00 INFO] Epoch 48/50  iter 400/743  loss=0.1877  lr=2.95e-06
[18:08:14 INFO] Epoch 48/50  iter 450/743  loss=0.0935  lr=2.87e-06
[18:08:27 INFO] Epoch 48/50  iter 500/743  loss=0.0578  lr=2.79e-06
[18:08:41 INFO] Epoch 48/50  iter 550/743  loss=0.1056  lr=2.71e-06
[18:08:54 INFO] Epoch 48/50  iter 600/743  loss=0.1362  lr=2.63e-06
[18:09:07 INFO] Epoch 48/50  iter 650/743  loss=0.0965  lr=2.55e-06
[18:09:21 INFO] Epoch 48/50  iter 700/743  loss=0.1578  lr=2.47e-06
[18:09:32 INFO] Epoch 48 complete — avg_loss=0.1190  time=199s
[18:09:47 INFO] Epoch 49/50  iter 50/743  loss=0.1017  lr=2.32e-06
[18:10:00 INFO] Epoch 49/50  iter 100/743  loss=0.1286  lr=2.24e-06
[18:10:13 INFO] Epoch 49/50  iter 150/743  loss=0.1320  lr=2.16e-06
[18:10:27 INFO] Epoch 49/50  iter 200/743  loss=0.1231  lr=2.08e-06
[18:10:40 INFO] Epoch 49/50  iter 250/743  loss=0.1549  lr=1.99e-06
[18:10:53 INFO] Epoch 49/50  iter 300/743  loss=0.1074  lr=1.91e-06
[18:11:07 INFO] Epoch 49/50  iter 350/743  loss=0.1516  lr=1.83e-06
[18:11:20 INFO] Epoch 49/50  iter 400/743  loss=0.0735  lr=1.75e-06
[18:11:34 INFO] Epoch 49/50  iter 450/743  loss=0.0743  lr=1.67e-06
[18:11:47 INFO] Epoch 49/50  iter 500/743  loss=0.0737  lr=1.59e-06
[18:12:00 INFO] Epoch 49/50  iter 550/743  loss=0.1572  lr=1.51e-06
[18:12:14 INFO] Epoch 49/50  iter 600/743  loss=0.0660  lr=1.43e-06
[18:12:27 INFO] Epoch 49/50  iter 650/743  loss=0.1045  lr=1.35e-06
[18:12:40 INFO] Epoch 49/50  iter 700/743  loss=0.1008  lr=1.27e-06
[18:12:52 INFO] Epoch 49 complete — avg_loss=0.1179  time=199s
[18:13:06 INFO] Epoch 50/50  iter 50/743  loss=0.0964  lr=1.12e-06
[18:13:20 INFO] Epoch 50/50  iter 100/743  loss=0.1573  lr=1.04e-06
[18:13:33 INFO] Epoch 50/50  iter 150/743  loss=0.0473  lr=9.56e-07
[18:13:46 INFO] Epoch 50/50  iter 200/743  loss=0.1297  lr=8.75e-07
[18:14:00 INFO] Epoch 50/50  iter 250/743  loss=0.0766  lr=7.95e-07
[18:14:13 INFO] Epoch 50/50  iter 300/743  loss=0.0828  lr=7.14e-07
[18:14:26 INFO] Epoch 50/50  iter 350/743  loss=0.1543  lr=6.33e-07
[18:14:40 INFO] Epoch 50/50  iter 400/743  loss=0.0991  lr=5.52e-07
[18:14:53 INFO] Epoch 50/50  iter 450/743  loss=0.0792  lr=4.72e-07
[18:15:07 INFO] Epoch 50/50  iter 500/743  loss=0.1116  lr=3.91e-07
[18:15:20 INFO] Epoch 50/50  iter 550/743  loss=0.1035  lr=3.10e-07
[18:15:33 INFO] Epoch 50/50  iter 600/743  loss=0.0731  lr=2.29e-07
[18:15:47 INFO] Epoch 50/50  iter 650/743  loss=0.1135  lr=1.49e-07
[18:16:00 INFO] Epoch 50/50  iter 700/743  loss=0.1557  lr=6.78e-08
[18:16:11 INFO] Epoch 50 complete — avg_loss=0.1235  time=199s
[18:18:15 INFO]   val mIoU = 0.7727
[18:18:16 INFO]   ★ New best val mIoU: 0.7727
[18:18:17 INFO] Training complete. Best val mIoU = 0.7727
