[04:56:15 INFO] Device: cuda
[04:56:17 INFO] Using fog cache: data/fog_cache/depthaware_b0005
[04:56:17 INFO] fog_prob: 0.3
[04:56:19 INFO] Train: 2975 samples  |  Val: 500 samples
[04:56:36 INFO] Epoch 1/50  iter 50/743  loss=0.8983  lr=5.99e-05
[04:56:52 INFO] Epoch 1/50  iter 100/743  loss=1.3638  lr=5.98e-05
[04:57:08 INFO] Epoch 1/50  iter 150/743  loss=0.5070  lr=5.98e-05
[04:57:23 INFO] Epoch 1/50  iter 200/743  loss=1.0064  lr=5.97e-05
[04:57:39 INFO] Epoch 1/50  iter 250/743  loss=0.5773  lr=5.96e-05
[04:57:54 INFO] Epoch 1/50  iter 300/743  loss=0.4482  lr=5.95e-05
[04:58:09 INFO] Epoch 1/50  iter 350/743  loss=0.4388  lr=5.94e-05
[04:58:24 INFO] Epoch 1/50  iter 400/743  loss=0.5515  lr=5.94e-05
[04:58:42 INFO] Epoch 1/50  iter 450/743  loss=0.2796  lr=5.93e-05
[04:58:57 INFO] Epoch 1/50  iter 500/743  loss=0.5635  lr=5.92e-05
[04:59:12 INFO] Epoch 1/50  iter 550/743  loss=0.4058  lr=5.91e-05
[04:59:26 INFO] Epoch 1/50  iter 600/743  loss=0.4393  lr=5.90e-05
[04:59:43 INFO] Epoch 1/50  iter 650/743  loss=0.2226  lr=5.89e-05
[04:59:57 INFO] Epoch 1/50  iter 700/743  loss=0.8374  lr=5.89e-05
[05:00:11 INFO] Epoch 1 complete — avg_loss=0.6872  time=232s
[05:00:27 INFO] Epoch 2/50  iter 50/743  loss=0.3239  lr=5.87e-05
[05:00:41 INFO] Epoch 2/50  iter 100/743  loss=0.3270  lr=5.86e-05
[05:00:56 INFO] Epoch 2/50  iter 150/743  loss=0.3738  lr=5.86e-05
[05:01:13 INFO] Epoch 2/50  iter 200/743  loss=0.4158  lr=5.85e-05
[05:01:29 INFO] Epoch 2/50  iter 250/743  loss=0.5785  lr=5.84e-05
[05:01:43 INFO] Epoch 2/50  iter 300/743  loss=0.3107  lr=5.83e-05
[05:01:58 INFO] Epoch 2/50  iter 350/743  loss=0.2907  lr=5.82e-05
[05:02:16 INFO] Epoch 2/50  iter 400/743  loss=0.1159  lr=5.82e-05
[05:02:32 INFO] Epoch 2/50  iter 450/743  loss=0.2403  lr=5.81e-05
[05:02:50 INFO] Epoch 2/50  iter 500/743  loss=0.2312  lr=5.80e-05
[05:03:05 INFO] Epoch 2/50  iter 550/743  loss=0.7059  lr=5.79e-05
[05:03:19 INFO] Epoch 2/50  iter 600/743  loss=0.3576  lr=5.78e-05
[05:03:35 INFO] Epoch 2/50  iter 650/743  loss=0.3066  lr=5.77e-05
[05:03:51 INFO] Epoch 2/50  iter 700/743  loss=0.3717  lr=5.77e-05
[05:04:05 INFO] Epoch 2 complete — avg_loss=0.3891  time=234s
[05:04:21 INFO] Epoch 3/50  iter 50/743  loss=0.2630  lr=5.75e-05
[05:04:36 INFO] Epoch 3/50  iter 100/743  loss=0.4139  lr=5.74e-05
[05:04:50 INFO] Epoch 3/50  iter 150/743  loss=0.8904  lr=5.74e-05
[05:05:08 INFO] Epoch 3/50  iter 200/743  loss=0.1673  lr=5.73e-05
[05:05:22 INFO] Epoch 3/50  iter 250/743  loss=0.4465  lr=5.72e-05
[05:05:37 INFO] Epoch 3/50  iter 300/743  loss=0.3609  lr=5.71e-05
[05:05:53 INFO] Epoch 3/50  iter 350/743  loss=0.2826  lr=5.70e-05
[05:06:08 INFO] Epoch 3/50  iter 400/743  loss=0.3357  lr=5.70e-05
[05:06:23 INFO] Epoch 3/50  iter 450/743  loss=0.6176  lr=5.69e-05
[05:06:38 INFO] Epoch 3/50  iter 500/743  loss=0.2903  lr=5.68e-05
[05:06:55 INFO] Epoch 3/50  iter 550/743  loss=0.2942  lr=5.67e-05
[05:07:10 INFO] Epoch 3/50  iter 600/743  loss=0.3172  lr=5.66e-05
[05:07:26 INFO] Epoch 3/50  iter 650/743  loss=0.4519  lr=5.65e-05
[05:07:40 INFO] Epoch 3/50  iter 700/743  loss=0.4263  lr=5.65e-05
[05:07:54 INFO] Epoch 3 complete — avg_loss=0.3313  time=228s
[05:08:11 INFO] Epoch 4/50  iter 50/743  loss=0.1955  lr=5.63e-05
[05:08:25 INFO] Epoch 4/50  iter 100/743  loss=0.6552  lr=5.62e-05
[05:08:41 INFO] Epoch 4/50  iter 150/743  loss=0.5784  lr=5.62e-05
[05:08:58 INFO] Epoch 4/50  iter 200/743  loss=0.1956  lr=5.61e-05
[05:09:15 INFO] Epoch 4/50  iter 250/743  loss=0.4008  lr=5.60e-05
[05:09:30 INFO] Epoch 4/50  iter 300/743  loss=0.1593  lr=5.59e-05
[05:09:45 INFO] Epoch 4/50  iter 350/743  loss=0.2843  lr=5.58e-05
[05:10:04 INFO] Epoch 4/50  iter 400/743  loss=0.1999  lr=5.58e-05
[05:10:19 INFO] Epoch 4/50  iter 450/743  loss=0.3941  lr=5.57e-05
[05:10:34 INFO] Epoch 4/50  iter 500/743  loss=0.1595  lr=5.56e-05
[05:10:51 INFO] Epoch 4/50  iter 550/743  loss=0.2317  lr=5.55e-05
[05:11:08 INFO] Epoch 4/50  iter 600/743  loss=0.3246  lr=5.54e-05
[05:11:23 INFO] Epoch 4/50  iter 650/743  loss=0.2350  lr=5.53e-05
[05:11:41 INFO] Epoch 4/50  iter 700/743  loss=0.1897  lr=5.53e-05
[05:11:54 INFO] Epoch 4 complete — avg_loss=0.2926  time=239s
[05:12:10 INFO] Epoch 5/50  iter 50/743  loss=0.1823  lr=5.51e-05
[05:12:25 INFO] Epoch 5/50  iter 100/743  loss=0.5106  lr=5.50e-05
[05:12:39 INFO] Epoch 5/50  iter 150/743  loss=0.9062  lr=5.50e-05
[05:12:54 INFO] Epoch 5/50  iter 200/743  loss=0.1963  lr=5.49e-05
[05:13:10 INFO] Epoch 5/50  iter 250/743  loss=0.1056  lr=5.48e-05
[05:13:25 INFO] Epoch 5/50  iter 300/743  loss=0.2506  lr=5.47e-05
[05:13:43 INFO] Epoch 5/50  iter 350/743  loss=0.1729  lr=5.46e-05
[05:13:57 INFO] Epoch 5/50  iter 400/743  loss=0.3495  lr=5.46e-05
[05:14:11 INFO] Epoch 5/50  iter 450/743  loss=0.1430  lr=5.45e-05
[05:14:26 INFO] Epoch 5/50  iter 500/743  loss=0.2738  lr=5.44e-05
[05:14:43 INFO] Epoch 5/50  iter 550/743  loss=0.0897  lr=5.43e-05
[05:14:58 INFO] Epoch 5/50  iter 600/743  loss=0.2836  lr=5.42e-05
[05:15:12 INFO] Epoch 5/50  iter 650/743  loss=0.2375  lr=5.41e-05
[05:15:29 INFO] Epoch 5/50  iter 700/743  loss=0.4351  lr=5.41e-05
[05:15:41 INFO] Epoch 5 complete — avg_loss=0.2817  time=227s
[05:17:33 INFO]   val mIoU = 0.6162
[05:17:34 INFO]   ★ New best val mIoU: 0.6162
[05:17:51 INFO] Epoch 6/50  iter 50/743  loss=0.2791  lr=5.39e-05
[05:18:07 INFO] Epoch 6/50  iter 100/743  loss=0.2145  lr=5.38e-05
[05:18:21 INFO] Epoch 6/50  iter 150/743  loss=0.3715  lr=5.38e-05
[05:18:40 INFO] Epoch 6/50  iter 200/743  loss=0.1553  lr=5.37e-05
[05:18:56 INFO] Epoch 6/50  iter 250/743  loss=0.1651  lr=5.36e-05
[05:19:11 INFO] Epoch 6/50  iter 300/743  loss=0.4627  lr=5.35e-05
[05:19:29 INFO] Epoch 6/50  iter 350/743  loss=0.1382  lr=5.34e-05
[05:19:44 INFO] Epoch 6/50  iter 400/743  loss=0.3222  lr=5.34e-05
[05:19:58 INFO] Epoch 6/50  iter 450/743  loss=0.2610  lr=5.33e-05
[05:20:15 INFO] Epoch 6/50  iter 500/743  loss=1.0179  lr=5.32e-05
[05:20:31 INFO] Epoch 6/50  iter 550/743  loss=0.2040  lr=5.31e-05
[05:20:47 INFO] Epoch 6/50  iter 600/743  loss=0.3239  lr=5.30e-05
[05:21:05 INFO] Epoch 6/50  iter 650/743  loss=0.3197  lr=5.29e-05
[05:21:20 INFO] Epoch 6/50  iter 700/743  loss=0.3550  lr=5.29e-05
[05:21:33 INFO] Epoch 6 complete — avg_loss=0.2509  time=239s
[05:21:51 INFO] Epoch 7/50  iter 50/743  loss=0.2400  lr=5.27e-05
[05:22:04 INFO] Epoch 7/50  iter 100/743  loss=0.0794  lr=5.26e-05
[05:22:19 INFO] Epoch 7/50  iter 150/743  loss=0.2521  lr=5.26e-05
[05:22:33 INFO] Epoch 7/50  iter 200/743  loss=0.3625  lr=5.25e-05
[05:22:48 INFO] Epoch 7/50  iter 250/743  loss=0.2267  lr=5.24e-05
[05:23:02 INFO] Epoch 7/50  iter 300/743  loss=0.1956  lr=5.23e-05
[05:23:18 INFO] Epoch 7/50  iter 350/743  loss=0.2159  lr=5.22e-05
[05:23:35 INFO] Epoch 7/50  iter 400/743  loss=0.1093  lr=5.22e-05
[05:23:49 INFO] Epoch 7/50  iter 450/743  loss=0.4803  lr=5.21e-05
[05:24:05 INFO] Epoch 7/50  iter 500/743  loss=0.1252  lr=5.20e-05
[05:24:21 INFO] Epoch 7/50  iter 550/743  loss=0.1426  lr=5.19e-05
[05:24:38 INFO] Epoch 7/50  iter 600/743  loss=0.4792  lr=5.18e-05
[05:24:55 INFO] Epoch 7/50  iter 650/743  loss=0.1548  lr=5.17e-05
[05:25:10 INFO] Epoch 7/50  iter 700/743  loss=0.1559  lr=5.17e-05
[05:25:23 INFO] Epoch 7 complete — avg_loss=0.2340  time=230s
[05:25:41 INFO] Epoch 8/50  iter 50/743  loss=0.0905  lr=5.15e-05
[05:25:55 INFO] Epoch 8/50  iter 100/743  loss=0.1894  lr=5.14e-05
[05:26:13 INFO] Epoch 8/50  iter 150/743  loss=0.2033  lr=5.14e-05
[05:26:30 INFO] Epoch 8/50  iter 200/743  loss=0.1076  lr=5.13e-05
[05:26:44 INFO] Epoch 8/50  iter 250/743  loss=0.2463  lr=5.12e-05
[05:26:58 INFO] Epoch 8/50  iter 300/743  loss=0.2261  lr=5.11e-05
[05:27:14 INFO] Epoch 8/50  iter 350/743  loss=0.1263  lr=5.10e-05
[05:27:29 INFO] Epoch 8/50  iter 400/743  loss=0.4660  lr=5.10e-05
[05:27:43 INFO] Epoch 8/50  iter 450/743  loss=0.1565  lr=5.09e-05
[05:27:57 INFO] Epoch 8/50  iter 500/743  loss=0.1665  lr=5.08e-05
[05:28:12 INFO] Epoch 8/50  iter 550/743  loss=0.2575  lr=5.07e-05
[05:28:28 INFO] Epoch 8/50  iter 600/743  loss=0.1201  lr=5.06e-05
[05:28:42 INFO] Epoch 8/50  iter 650/743  loss=0.5372  lr=5.05e-05
[05:28:56 INFO] Epoch 8/50  iter 700/743  loss=0.2282  lr=5.05e-05
[05:29:09 INFO] Epoch 8 complete — avg_loss=0.2339  time=225s
[05:29:27 INFO] Epoch 9/50  iter 50/743  loss=0.2247  lr=5.03e-05
[05:29:42 INFO] Epoch 9/50  iter 100/743  loss=0.1327  lr=5.02e-05
[05:29:57 INFO] Epoch 9/50  iter 150/743  loss=0.2338  lr=5.02e-05
[05:30:12 INFO] Epoch 9/50  iter 200/743  loss=0.3207  lr=5.01e-05
[05:30:30 INFO] Epoch 9/50  iter 250/743  loss=0.1576  lr=5.00e-05
[05:30:45 INFO] Epoch 9/50  iter 300/743  loss=0.1154  lr=4.99e-05
[05:31:03 INFO] Epoch 9/50  iter 350/743  loss=0.2009  lr=4.98e-05
[05:31:17 INFO] Epoch 9/50  iter 400/743  loss=0.1808  lr=4.98e-05
[05:31:33 INFO] Epoch 9/50  iter 450/743  loss=0.2228  lr=4.97e-05
[05:31:47 INFO] Epoch 9/50  iter 500/743  loss=0.2492  lr=4.96e-05
[05:32:03 INFO] Epoch 9/50  iter 550/743  loss=0.1823  lr=4.95e-05
[05:32:16 INFO] Epoch 9/50  iter 600/743  loss=0.6670  lr=4.94e-05
[05:32:30 INFO] Epoch 9/50  iter 650/743  loss=0.1294  lr=4.93e-05
[05:32:48 INFO] Epoch 9/50  iter 700/743  loss=0.1477  lr=4.93e-05
[05:33:03 INFO] Epoch 9 complete — avg_loss=0.2283  time=234s
[05:33:20 INFO] Epoch 10/50  iter 50/743  loss=0.1446  lr=4.91e-05
[05:33:33 INFO] Epoch 10/50  iter 100/743  loss=0.3529  lr=4.90e-05
[05:33:48 INFO] Epoch 10/50  iter 150/743  loss=0.3287  lr=4.90e-05
[05:34:04 INFO] Epoch 10/50  iter 200/743  loss=0.0611  lr=4.89e-05
[05:34:19 INFO] Epoch 10/50  iter 250/743  loss=0.1577  lr=4.88e-05
[05:34:34 INFO] Epoch 10/50  iter 300/743  loss=0.0683  lr=4.87e-05
[05:34:48 INFO] Epoch 10/50  iter 350/743  loss=0.2004  lr=4.86e-05
[05:35:03 INFO] Epoch 10/50  iter 400/743  loss=0.4601  lr=4.86e-05
[05:35:17 INFO] Epoch 10/50  iter 450/743  loss=0.1241  lr=4.85e-05
[05:35:33 INFO] Epoch 10/50  iter 500/743  loss=0.5139  lr=4.84e-05
[05:35:46 INFO] Epoch 10/50  iter 550/743  loss=0.3137  lr=4.83e-05
[05:36:02 INFO] Epoch 10/50  iter 600/743  loss=0.2838  lr=4.82e-05
[05:36:20 INFO] Epoch 10/50  iter 650/743  loss=0.3542  lr=4.81e-05
[05:36:37 INFO] Epoch 10/50  iter 700/743  loss=0.2421  lr=4.81e-05
[05:36:50 INFO] Epoch 10 complete — avg_loss=0.2310  time=226s
[05:38:48 INFO]   val mIoU = 0.6773
[05:38:49 INFO]   ★ New best val mIoU: 0.6773
[05:39:05 INFO] Epoch 11/50  iter 50/743  loss=0.1471  lr=4.79e-05
[05:39:19 INFO] Epoch 11/50  iter 100/743  loss=0.0914  lr=4.78e-05
[05:39:35 INFO] Epoch 11/50  iter 150/743  loss=0.1157  lr=4.78e-05
[05:39:50 INFO] Epoch 11/50  iter 200/743  loss=0.1635  lr=4.77e-05
[05:40:06 INFO] Epoch 11/50  iter 250/743  loss=0.1522  lr=4.76e-05
[05:40:22 INFO] Epoch 11/50  iter 300/743  loss=0.1401  lr=4.75e-05
[05:40:37 INFO] Epoch 11/50  iter 350/743  loss=0.1602  lr=4.74e-05
[05:40:51 INFO] Epoch 11/50  iter 400/743  loss=0.0911  lr=4.74e-05
[05:41:05 INFO] Epoch 11/50  iter 450/743  loss=0.2591  lr=4.73e-05
[05:41:20 INFO] Epoch 11/50  iter 500/743  loss=0.2266  lr=4.72e-05
[05:41:36 INFO] Epoch 11/50  iter 550/743  loss=0.2156  lr=4.71e-05
[05:41:52 INFO] Epoch 11/50  iter 600/743  loss=0.1095  lr=4.70e-05
[05:42:08 INFO] Epoch 11/50  iter 650/743  loss=0.1578  lr=4.69e-05
[05:42:26 INFO] Epoch 11/50  iter 700/743  loss=0.7234  lr=4.69e-05
[05:42:39 INFO] Epoch 11 complete — avg_loss=0.2126  time=230s
[05:42:57 INFO] Epoch 12/50  iter 50/743  loss=0.1179  lr=4.67e-05
[05:43:10 INFO] Epoch 12/50  iter 100/743  loss=0.2367  lr=4.66e-05
[05:43:24 INFO] Epoch 12/50  iter 150/743  loss=0.2191  lr=4.66e-05
[05:43:39 INFO] Epoch 12/50  iter 200/743  loss=0.1025  lr=4.65e-05
[05:43:56 INFO] Epoch 12/50  iter 250/743  loss=0.2002  lr=4.64e-05
[05:44:12 INFO] Epoch 12/50  iter 300/743  loss=0.1740  lr=4.63e-05
[05:44:26 INFO] Epoch 12/50  iter 350/743  loss=0.8858  lr=4.62e-05
[05:44:41 INFO] Epoch 12/50  iter 400/743  loss=0.0724  lr=4.62e-05
[05:44:57 INFO] Epoch 12/50  iter 450/743  loss=0.1396  lr=4.61e-05
[05:45:12 INFO] Epoch 12/50  iter 500/743  loss=0.2043  lr=4.60e-05
[05:45:28 INFO] Epoch 12/50  iter 550/743  loss=0.0603  lr=4.59e-05
[05:45:47 INFO] Epoch 12/50  iter 600/743  loss=0.2731  lr=4.58e-05
[05:46:05 INFO] Epoch 12/50  iter 650/743  loss=0.1450  lr=4.57e-05
[05:46:20 INFO] Epoch 12/50  iter 700/743  loss=0.1130  lr=4.57e-05
[05:46:32 INFO] Epoch 12 complete — avg_loss=0.2096  time=233s
[05:46:49 INFO] Epoch 13/50  iter 50/743  loss=0.1925  lr=4.55e-05
[05:47:05 INFO] Epoch 13/50  iter 100/743  loss=0.5201  lr=4.54e-05
[05:47:21 INFO] Epoch 13/50  iter 150/743  loss=0.0782  lr=4.54e-05
[05:47:36 INFO] Epoch 13/50  iter 200/743  loss=0.1132  lr=4.53e-05
[05:47:54 INFO] Epoch 13/50  iter 250/743  loss=0.2055  lr=4.52e-05
[05:48:09 INFO] Epoch 13/50  iter 300/743  loss=0.1008  lr=4.51e-05
[05:48:24 INFO] Epoch 13/50  iter 350/743  loss=0.1175  lr=4.50e-05
[05:48:39 INFO] Epoch 13/50  iter 400/743  loss=0.2255  lr=4.50e-05
[05:48:54 INFO] Epoch 13/50  iter 450/743  loss=0.1956  lr=4.49e-05
[05:49:11 INFO] Epoch 13/50  iter 500/743  loss=0.1936  lr=4.48e-05
[05:49:26 INFO] Epoch 13/50  iter 550/743  loss=0.1480  lr=4.47e-05
[05:49:40 INFO] Epoch 13/50  iter 600/743  loss=0.1124  lr=4.46e-05
[05:49:54 INFO] Epoch 13/50  iter 650/743  loss=0.1516  lr=4.45e-05
[05:50:09 INFO] Epoch 13/50  iter 700/743  loss=0.5162  lr=4.45e-05
[05:50:23 INFO] Epoch 13 complete — avg_loss=0.2087  time=230s
[05:50:39 INFO] Epoch 14/50  iter 50/743  loss=0.2829  lr=4.43e-05
[05:50:56 INFO] Epoch 14/50  iter 100/743  loss=0.0984  lr=4.42e-05
[05:51:11 INFO] Epoch 14/50  iter 150/743  loss=0.2021  lr=4.42e-05
[05:51:26 INFO] Epoch 14/50  iter 200/743  loss=0.0933  lr=4.41e-05
[05:51:40 INFO] Epoch 14/50  iter 250/743  loss=0.1564  lr=4.40e-05
[05:51:54 INFO] Epoch 14/50  iter 300/743  loss=0.3221  lr=4.39e-05
[05:52:08 INFO] Epoch 14/50  iter 350/743  loss=0.1471  lr=4.38e-05
[05:52:23 INFO] Epoch 14/50  iter 400/743  loss=0.1418  lr=4.38e-05
[05:52:39 INFO] Epoch 14/50  iter 450/743  loss=0.1177  lr=4.37e-05
[05:52:53 INFO] Epoch 14/50  iter 500/743  loss=0.1712  lr=4.36e-05
[05:53:09 INFO] Epoch 14/50  iter 550/743  loss=0.2326  lr=4.35e-05
[05:53:23 INFO] Epoch 14/50  iter 600/743  loss=0.1083  lr=4.34e-05
[05:53:38 INFO] Epoch 14/50  iter 650/743  loss=0.3130  lr=4.33e-05
[05:53:54 INFO] Epoch 14/50  iter 700/743  loss=0.1361  lr=4.33e-05
[05:54:08 INFO] Epoch 14 complete — avg_loss=0.1929  time=225s
[05:54:24 INFO] Epoch 15/50  iter 50/743  loss=0.1536  lr=4.31e-05
[05:54:39 INFO] Epoch 15/50  iter 100/743  loss=0.0997  lr=4.30e-05
[05:54:54 INFO] Epoch 15/50  iter 150/743  loss=0.1301  lr=4.30e-05
[05:55:08 INFO] Epoch 15/50  iter 200/743  loss=0.2358  lr=4.29e-05
[05:55:24 INFO] Epoch 15/50  iter 250/743  loss=0.0877  lr=4.28e-05
[05:55:38 INFO] Epoch 15/50  iter 300/743  loss=0.0613  lr=4.27e-05
[05:55:52 INFO] Epoch 15/50  iter 350/743  loss=0.1497  lr=4.26e-05
[05:56:08 INFO] Epoch 15/50  iter 400/743  loss=0.1912  lr=4.26e-05
[05:56:23 INFO] Epoch 15/50  iter 450/743  loss=0.1275  lr=4.25e-05
[05:56:37 INFO] Epoch 15/50  iter 500/743  loss=0.1458  lr=4.24e-05
[05:56:53 INFO] Epoch 15/50  iter 550/743  loss=0.1270  lr=4.23e-05
[05:57:07 INFO] Epoch 15/50  iter 600/743  loss=0.1552  lr=4.22e-05
[05:57:22 INFO] Epoch 15/50  iter 650/743  loss=0.1003  lr=4.21e-05
[05:57:37 INFO] Epoch 15/50  iter 700/743  loss=0.2598  lr=4.21e-05
[05:57:49 INFO] Epoch 15 complete — avg_loss=0.1997  time=221s
[05:59:46 INFO]   val mIoU = 0.7116
[05:59:47 INFO]   ★ New best val mIoU: 0.7116
[06:00:03 INFO] Epoch 16/50  iter 50/743  loss=0.1706  lr=4.19e-05
[06:00:19 INFO] Epoch 16/50  iter 100/743  loss=0.1513  lr=4.18e-05
[06:00:34 INFO] Epoch 16/50  iter 150/743  loss=0.0746  lr=4.18e-05
[06:00:49 INFO] Epoch 16/50  iter 200/743  loss=0.2786  lr=4.17e-05
[06:01:07 INFO] Epoch 16/50  iter 250/743  loss=0.4564  lr=4.16e-05
[06:01:22 INFO] Epoch 16/50  iter 300/743  loss=0.0520  lr=4.15e-05
[06:01:38 INFO] Epoch 16/50  iter 350/743  loss=0.4375  lr=4.14e-05
[06:01:55 INFO] Epoch 16/50  iter 400/743  loss=0.0863  lr=4.14e-05
[06:02:09 INFO] Epoch 16/50  iter 450/743  loss=0.2259  lr=4.13e-05
[06:02:25 INFO] Epoch 16/50  iter 500/743  loss=0.1407  lr=4.12e-05
[06:02:40 INFO] Epoch 16/50  iter 550/743  loss=0.1979  lr=4.11e-05
[06:02:55 INFO] Epoch 16/50  iter 600/743  loss=0.0866  lr=4.10e-05
[06:03:11 INFO] Epoch 16/50  iter 650/743  loss=0.1579  lr=4.09e-05
[06:03:25 INFO] Epoch 16/50  iter 700/743  loss=0.0443  lr=4.09e-05
[06:03:40 INFO] Epoch 16 complete — avg_loss=0.1989  time=233s
[06:04:00 INFO] Epoch 17/50  iter 50/743  loss=0.0691  lr=4.07e-05
[06:04:14 INFO] Epoch 17/50  iter 100/743  loss=0.1978  lr=4.06e-05
[06:04:28 INFO] Epoch 17/50  iter 150/743  loss=0.1900  lr=4.06e-05
[06:04:43 INFO] Epoch 17/50  iter 200/743  loss=0.1868  lr=4.05e-05
[06:04:59 INFO] Epoch 17/50  iter 250/743  loss=0.1422  lr=4.04e-05
[06:05:16 INFO] Epoch 17/50  iter 300/743  loss=0.0934  lr=4.03e-05
[06:05:30 INFO] Epoch 17/50  iter 350/743  loss=0.1722  lr=4.02e-05
[06:05:47 INFO] Epoch 17/50  iter 400/743  loss=0.1110  lr=4.02e-05
[06:06:03 INFO] Epoch 17/50  iter 450/743  loss=0.1942  lr=4.01e-05
[06:06:17 INFO] Epoch 17/50  iter 500/743  loss=0.1601  lr=4.00e-05
[06:06:33 INFO] Epoch 17/50  iter 550/743  loss=0.2686  lr=3.99e-05
[06:06:52 INFO] Epoch 17/50  iter 600/743  loss=0.1531  lr=3.98e-05
[06:07:07 INFO] Epoch 17/50  iter 650/743  loss=0.1863  lr=3.97e-05
[06:07:21 INFO] Epoch 17/50  iter 700/743  loss=0.2137  lr=3.97e-05
[06:07:35 INFO] Epoch 17 complete — avg_loss=0.1911  time=235s
[06:07:51 INFO] Epoch 18/50  iter 50/743  loss=0.1343  lr=3.95e-05
[06:08:06 INFO] Epoch 18/50  iter 100/743  loss=0.1556  lr=3.94e-05
[06:08:22 INFO] Epoch 18/50  iter 150/743  loss=0.1727  lr=3.94e-05
[06:08:37 INFO] Epoch 18/50  iter 200/743  loss=0.0756  lr=3.93e-05
[06:08:52 INFO] Epoch 18/50  iter 250/743  loss=0.1939  lr=3.92e-05
[06:09:06 INFO] Epoch 18/50  iter 300/743  loss=0.1067  lr=3.91e-05
[06:09:22 INFO] Epoch 18/50  iter 350/743  loss=0.2810  lr=3.90e-05
[06:09:37 INFO] Epoch 18/50  iter 400/743  loss=0.1528  lr=3.90e-05
[06:09:51 INFO] Epoch 18/50  iter 450/743  loss=0.2457  lr=3.89e-05
[06:10:07 INFO] Epoch 18/50  iter 500/743  loss=0.1106  lr=3.88e-05
[06:10:24 INFO] Epoch 18/50  iter 550/743  loss=0.1456  lr=3.87e-05
[06:10:38 INFO] Epoch 18/50  iter 600/743  loss=0.0999  lr=3.86e-05
[06:10:53 INFO] Epoch 18/50  iter 650/743  loss=0.2530  lr=3.85e-05
[06:11:09 INFO] Epoch 18/50  iter 700/743  loss=0.0987  lr=3.85e-05
[06:11:22 INFO] Epoch 18 complete — avg_loss=0.1910  time=226s
[06:11:38 INFO] Epoch 19/50  iter 50/743  loss=0.2341  lr=3.83e-05
[06:11:52 INFO] Epoch 19/50  iter 100/743  loss=0.2604  lr=3.82e-05
[06:12:08 INFO] Epoch 19/50  iter 150/743  loss=0.1556  lr=3.82e-05
[06:12:23 INFO] Epoch 19/50  iter 200/743  loss=0.0903  lr=3.81e-05
[06:12:39 INFO] Epoch 19/50  iter 250/743  loss=0.2199  lr=3.80e-05
[06:12:54 INFO] Epoch 19/50  iter 300/743  loss=0.1506  lr=3.79e-05
[06:13:10 INFO] Epoch 19/50  iter 350/743  loss=0.1803  lr=3.78e-05
[06:13:27 INFO] Epoch 19/50  iter 400/743  loss=0.4237  lr=3.78e-05
[06:13:43 INFO] Epoch 19/50  iter 450/743  loss=0.0520  lr=3.77e-05
[06:13:58 INFO] Epoch 19/50  iter 500/743  loss=0.3326  lr=3.76e-05
[06:14:13 INFO] Epoch 19/50  iter 550/743  loss=0.1072  lr=3.75e-05
[06:14:29 INFO] Epoch 19/50  iter 600/743  loss=0.2200  lr=3.74e-05
[06:14:47 INFO] Epoch 19/50  iter 650/743  loss=0.1219  lr=3.73e-05
[06:15:04 INFO] Epoch 19/50  iter 700/743  loss=0.1832  lr=3.73e-05
[06:15:18 INFO] Epoch 19 complete — avg_loss=0.1853  time=236s
[06:15:38 INFO] Epoch 20/50  iter 50/743  loss=0.1721  lr=3.71e-05
[06:15:55 INFO] Epoch 20/50  iter 100/743  loss=0.1093  lr=3.70e-05
[06:16:10 INFO] Epoch 20/50  iter 150/743  loss=0.0397  lr=3.70e-05
[06:16:27 INFO] Epoch 20/50  iter 200/743  loss=0.0702  lr=3.69e-05
[06:16:41 INFO] Epoch 20/50  iter 250/743  loss=0.1481  lr=3.68e-05
[06:16:58 INFO] Epoch 20/50  iter 300/743  loss=0.0828  lr=3.67e-05
[06:17:13 INFO] Epoch 20/50  iter 350/743  loss=0.2434  lr=3.66e-05
[06:17:28 INFO] Epoch 20/50  iter 400/743  loss=0.0808  lr=3.66e-05
[06:17:45 INFO] Epoch 20/50  iter 450/743  loss=0.1416  lr=3.65e-05
[06:18:01 INFO] Epoch 20/50  iter 500/743  loss=0.1019  lr=3.64e-05
[06:18:17 INFO] Epoch 20/50  iter 550/743  loss=0.1883  lr=3.63e-05
[06:18:32 INFO] Epoch 20/50  iter 600/743  loss=0.0756  lr=3.62e-05
[06:18:48 INFO] Epoch 20/50  iter 650/743  loss=0.1548  lr=3.61e-05
[06:19:05 INFO] Epoch 20/50  iter 700/743  loss=0.1935  lr=3.61e-05
[06:19:17 INFO] Epoch 20 complete — avg_loss=0.1771  time=239s
[06:21:14 INFO]   val mIoU = 0.7419
[06:21:14 INFO]   ★ New best val mIoU: 0.7419
[06:21:31 INFO] Epoch 21/50  iter 50/743  loss=0.1051  lr=3.59e-05
[06:21:46 INFO] Epoch 21/50  iter 100/743  loss=0.3307  lr=3.58e-05
[06:22:00 INFO] Epoch 21/50  iter 150/743  loss=0.1690  lr=3.58e-05
[06:22:16 INFO] Epoch 21/50  iter 200/743  loss=0.0620  lr=3.57e-05
[06:22:31 INFO] Epoch 21/50  iter 250/743  loss=0.1547  lr=3.56e-05
[06:22:46 INFO] Epoch 21/50  iter 300/743  loss=0.1682  lr=3.55e-05
[06:23:02 INFO] Epoch 21/50  iter 350/743  loss=0.1854  lr=3.54e-05
[06:23:16 INFO] Epoch 21/50  iter 400/743  loss=0.1999  lr=3.54e-05
[06:23:31 INFO] Epoch 21/50  iter 450/743  loss=0.2685  lr=3.53e-05
[06:23:45 INFO] Epoch 21/50  iter 500/743  loss=0.1557  lr=3.52e-05
[06:24:01 INFO] Epoch 21/50  iter 550/743  loss=0.1321  lr=3.51e-05
[06:24:17 INFO] Epoch 21/50  iter 600/743  loss=0.1631  lr=3.50e-05
[06:24:32 INFO] Epoch 21/50  iter 650/743  loss=0.2180  lr=3.49e-05
[06:24:46 INFO] Epoch 21/50  iter 700/743  loss=0.1348  lr=3.49e-05
[06:24:59 INFO] Epoch 21 complete — avg_loss=0.1747  time=225s
[06:25:17 INFO] Epoch 22/50  iter 50/743  loss=0.1324  lr=3.47e-05
[06:25:31 INFO] Epoch 22/50  iter 100/743  loss=0.4066  lr=3.46e-05
[06:25:46 INFO] Epoch 22/50  iter 150/743  loss=0.1951  lr=3.46e-05
[06:26:01 INFO] Epoch 22/50  iter 200/743  loss=0.1387  lr=3.45e-05
[06:26:18 INFO] Epoch 22/50  iter 250/743  loss=0.0790  lr=3.44e-05
[06:26:35 INFO] Epoch 22/50  iter 300/743  loss=0.1478  lr=3.43e-05
[06:26:51 INFO] Epoch 22/50  iter 350/743  loss=0.1426  lr=3.42e-05
[06:27:05 INFO] Epoch 22/50  iter 400/743  loss=0.1906  lr=3.42e-05
[06:27:20 INFO] Epoch 22/50  iter 450/743  loss=0.1681  lr=3.41e-05
[06:27:34 INFO] Epoch 22/50  iter 500/743  loss=0.1685  lr=3.40e-05
[06:27:51 INFO] Epoch 22/50  iter 550/743  loss=0.2229  lr=3.39e-05
[06:28:07 INFO] Epoch 22/50  iter 600/743  loss=0.0836  lr=3.38e-05
[06:28:22 INFO] Epoch 22/50  iter 650/743  loss=0.2897  lr=3.37e-05
[06:28:38 INFO] Epoch 22/50  iter 700/743  loss=0.2089  lr=3.37e-05
[06:28:51 INFO] Epoch 22 complete — avg_loss=0.1772  time=231s
[06:29:07 INFO] Epoch 23/50  iter 50/743  loss=0.0652  lr=3.35e-05
[06:29:24 INFO] Epoch 23/50  iter 100/743  loss=0.5352  lr=3.34e-05
[06:29:42 INFO] Epoch 23/50  iter 150/743  loss=0.1142  lr=3.34e-05
[06:29:56 INFO] Epoch 23/50  iter 200/743  loss=0.0764  lr=3.33e-05
[06:30:11 INFO] Epoch 23/50  iter 250/743  loss=0.1534  lr=3.32e-05
[06:30:27 INFO] Epoch 23/50  iter 300/743  loss=0.2983  lr=3.31e-05
[06:30:43 INFO] Epoch 23/50  iter 350/743  loss=0.2457  lr=3.30e-05
[06:30:58 INFO] Epoch 23/50  iter 400/743  loss=0.1012  lr=3.30e-05
[06:31:13 INFO] Epoch 23/50  iter 450/743  loss=0.1091  lr=3.29e-05
[06:31:27 INFO] Epoch 23/50  iter 500/743  loss=0.2153  lr=3.28e-05
[06:31:42 INFO] Epoch 23/50  iter 550/743  loss=0.5296  lr=3.27e-05
[06:31:56 INFO] Epoch 23/50  iter 600/743  loss=0.1473  lr=3.26e-05
[06:32:10 INFO] Epoch 23/50  iter 650/743  loss=0.0953  lr=3.25e-05
[06:32:25 INFO] Epoch 23/50  iter 700/743  loss=0.1075  lr=3.25e-05
[06:32:38 INFO] Epoch 23 complete — avg_loss=0.1682  time=226s
[06:32:55 INFO] Epoch 24/50  iter 50/743  loss=0.1358  lr=3.23e-05
[06:33:10 INFO] Epoch 24/50  iter 100/743  loss=0.1822  lr=3.22e-05
[06:33:24 INFO] Epoch 24/50  iter 150/743  loss=0.1908  lr=3.22e-05
[06:33:41 INFO] Epoch 24/50  iter 200/743  loss=0.0892  lr=3.21e-05
[06:33:59 INFO] Epoch 24/50  iter 250/743  loss=0.1050  lr=3.20e-05
[06:34:15 INFO] Epoch 24/50  iter 300/743  loss=0.1618  lr=3.19e-05
[06:34:29 INFO] Epoch 24/50  iter 350/743  loss=0.1070  lr=3.18e-05
[06:34:44 INFO] Epoch 24/50  iter 400/743  loss=0.1741  lr=3.18e-05
[06:34:59 INFO] Epoch 24/50  iter 450/743  loss=0.3282  lr=3.17e-05
[06:35:13 INFO] Epoch 24/50  iter 500/743  loss=0.0844  lr=3.16e-05
[06:35:29 INFO] Epoch 24/50  iter 550/743  loss=0.2106  lr=3.15e-05
[06:35:44 INFO] Epoch 24/50  iter 600/743  loss=0.1365  lr=3.14e-05
[06:35:58 INFO] Epoch 24/50  iter 650/743  loss=0.1065  lr=3.13e-05
[06:36:13 INFO] Epoch 24/50  iter 700/743  loss=0.1226  lr=3.13e-05
[06:36:26 INFO] Epoch 24 complete — avg_loss=0.1713  time=228s
[06:36:44 INFO] Epoch 25/50  iter 50/743  loss=0.1318  lr=3.11e-05
[06:36:58 INFO] Epoch 25/50  iter 100/743  loss=0.1414  lr=3.10e-05
[06:37:12 INFO] Epoch 25/50  iter 150/743  loss=0.1924  lr=3.10e-05
[06:37:26 INFO] Epoch 25/50  iter 200/743  loss=0.1733  lr=3.09e-05
[06:37:42 INFO] Epoch 25/50  iter 250/743  loss=0.1239  lr=3.08e-05
[06:37:58 INFO] Epoch 25/50  iter 300/743  loss=0.1378  lr=3.07e-05
[06:38:12 INFO] Epoch 25/50  iter 350/743  loss=0.1339  lr=3.06e-05
[06:38:28 INFO] Epoch 25/50  iter 400/743  loss=0.0647  lr=3.06e-05
[06:38:42 INFO] Epoch 25/50  iter 450/743  loss=0.4491  lr=3.05e-05
[06:38:58 INFO] Epoch 25/50  iter 500/743  loss=0.1410  lr=3.04e-05
[06:39:13 INFO] Epoch 25/50  iter 550/743  loss=0.1060  lr=3.03e-05
[06:39:29 INFO] Epoch 25/50  iter 600/743  loss=0.1648  lr=3.02e-05
[06:39:43 INFO] Epoch 25/50  iter 650/743  loss=0.0911  lr=3.01e-05
[06:39:57 INFO] Epoch 25/50  iter 700/743  loss=0.1626  lr=3.01e-05
[06:40:11 INFO] Epoch 25 complete — avg_loss=0.1619  time=225s
[06:42:09 INFO]   val mIoU = 0.7297
[06:42:25 INFO] Epoch 26/50  iter 50/743  loss=0.2041  lr=2.99e-05
[06:42:39 INFO] Epoch 26/50  iter 100/743  loss=0.1167  lr=2.98e-05
[06:42:56 INFO] Epoch 26/50  iter 150/743  loss=0.1582  lr=2.98e-05
[06:43:10 INFO] Epoch 26/50  iter 200/743  loss=0.1603  lr=2.97e-05
[06:43:26 INFO] Epoch 26/50  iter 250/743  loss=0.2154  lr=2.96e-05
[06:43:41 INFO] Epoch 26/50  iter 300/743  loss=0.1906  lr=2.95e-05
[06:43:57 INFO] Epoch 26/50  iter 350/743  loss=0.1096  lr=2.94e-05
[06:44:13 INFO] Epoch 26/50  iter 400/743  loss=0.2395  lr=2.94e-05
[06:44:27 INFO] Epoch 26/50  iter 450/743  loss=0.0272  lr=2.93e-05
[06:44:40 INFO] Epoch 26/50  iter 500/743  loss=0.1577  lr=2.92e-05
[06:44:56 INFO] Epoch 26/50  iter 550/743  loss=0.1648  lr=2.91e-05
[06:45:11 INFO] Epoch 26/50  iter 600/743  loss=0.1962  lr=2.90e-05
[06:45:29 INFO] Epoch 26/50  iter 650/743  loss=0.1534  lr=2.89e-05
[06:45:43 INFO] Epoch 26/50  iter 700/743  loss=0.1734  lr=2.89e-05
[06:45:56 INFO] Epoch 26 complete — avg_loss=0.1692  time=227s
[06:46:13 INFO] Epoch 27/50  iter 50/743  loss=0.1155  lr=2.87e-05
[06:46:28 INFO] Epoch 27/50  iter 100/743  loss=0.1230  lr=2.86e-05
[06:46:42 INFO] Epoch 27/50  iter 150/743  loss=0.1495  lr=2.86e-05
[06:46:56 INFO] Epoch 27/50  iter 200/743  loss=0.1887  lr=2.85e-05
[06:47:11 INFO] Epoch 27/50  iter 250/743  loss=0.2306  lr=2.84e-05
[06:47:25 INFO] Epoch 27/50  iter 300/743  loss=0.1960  lr=2.83e-05
[06:47:40 INFO] Epoch 27/50  iter 350/743  loss=0.1379  lr=2.82e-05
[06:47:56 INFO] Epoch 27/50  iter 400/743  loss=0.2059  lr=2.82e-05
[06:48:12 INFO] Epoch 27/50  iter 450/743  loss=0.0848  lr=2.81e-05
[06:48:28 INFO] Epoch 27/50  iter 500/743  loss=0.1691  lr=2.80e-05
[06:48:45 INFO] Epoch 27/50  iter 550/743  loss=0.1461  lr=2.79e-05
[06:49:04 INFO] Epoch 27/50  iter 600/743  loss=0.1429  lr=2.78e-05
[06:49:19 INFO] Epoch 27/50  iter 650/743  loss=0.1583  lr=2.77e-05
[06:49:36 INFO] Epoch 27/50  iter 700/743  loss=0.1380  lr=2.77e-05
[06:49:49 INFO] Epoch 27 complete — avg_loss=0.1706  time=232s
[06:50:07 INFO] Epoch 28/50  iter 50/743  loss=0.1304  lr=2.75e-05
[06:50:21 INFO] Epoch 28/50  iter 100/743  loss=0.1472  lr=2.74e-05
[06:50:35 INFO] Epoch 28/50  iter 150/743  loss=0.0990  lr=2.74e-05
[06:50:49 INFO] Epoch 28/50  iter 200/743  loss=0.0915  lr=2.73e-05
[06:51:05 INFO] Epoch 28/50  iter 250/743  loss=0.1531  lr=2.72e-05
[06:51:19 INFO] Epoch 28/50  iter 300/743  loss=0.2091  lr=2.71e-05
[06:51:35 INFO] Epoch 28/50  iter 350/743  loss=0.1534  lr=2.70e-05
[06:51:48 INFO] Epoch 28/50  iter 400/743  loss=0.1078  lr=2.70e-05
[06:52:03 INFO] Epoch 28/50  iter 450/743  loss=0.2688  lr=2.69e-05
[06:52:18 INFO] Epoch 28/50  iter 500/743  loss=0.1035  lr=2.68e-05
[06:52:33 INFO] Epoch 28/50  iter 550/743  loss=0.3910  lr=2.67e-05
[06:52:47 INFO] Epoch 28/50  iter 600/743  loss=0.1977  lr=2.66e-05
[06:53:03 INFO] Epoch 28/50  iter 650/743  loss=0.0711  lr=2.65e-05
[06:53:21 INFO] Epoch 28/50  iter 700/743  loss=0.1884  lr=2.65e-05
[06:53:35 INFO] Epoch 28 complete — avg_loss=0.1610  time=226s
[06:53:53 INFO] Epoch 29/50  iter 50/743  loss=0.1068  lr=2.63e-05
[06:54:10 INFO] Epoch 29/50  iter 100/743  loss=0.2627  lr=2.62e-05
[06:54:27 INFO] Epoch 29/50  iter 150/743  loss=0.0978  lr=2.62e-05
[06:54:42 INFO] Epoch 29/50  iter 200/743  loss=0.2048  lr=2.61e-05
[06:54:59 INFO] Epoch 29/50  iter 250/743  loss=0.0905  lr=2.60e-05
[06:55:15 INFO] Epoch 29/50  iter 300/743  loss=0.0896  lr=2.59e-05
[06:55:29 INFO] Epoch 29/50  iter 350/743  loss=0.1375  lr=2.58e-05
[06:55:43 INFO] Epoch 29/50  iter 400/743  loss=0.1142  lr=2.58e-05
[06:56:02 INFO] Epoch 29/50  iter 450/743  loss=0.1740  lr=2.57e-05
[06:56:16 INFO] Epoch 29/50  iter 500/743  loss=0.1125  lr=2.56e-05
[06:56:30 INFO] Epoch 29/50  iter 550/743  loss=0.1250  lr=2.55e-05
[06:56:46 INFO] Epoch 29/50  iter 600/743  loss=0.0707  lr=2.54e-05
[06:57:01 INFO] Epoch 29/50  iter 650/743  loss=0.0388  lr=2.53e-05
[06:57:15 INFO] Epoch 29/50  iter 700/743  loss=0.0737  lr=2.53e-05
[06:57:28 INFO] Epoch 29 complete — avg_loss=0.1602  time=232s
[06:57:46 INFO] Epoch 30/50  iter 50/743  loss=0.0993  lr=2.51e-05
[06:58:01 INFO] Epoch 30/50  iter 100/743  loss=0.1158  lr=2.50e-05
[06:58:15 INFO] Epoch 30/50  iter 150/743  loss=0.1221  lr=2.50e-05
[06:58:32 INFO] Epoch 30/50  iter 200/743  loss=0.1995  lr=2.49e-05
[06:58:47 INFO] Epoch 30/50  iter 250/743  loss=0.1081  lr=2.48e-05
[06:59:01 INFO] Epoch 30/50  iter 300/743  loss=0.1125  lr=2.47e-05
[06:59:16 INFO] Epoch 30/50  iter 350/743  loss=0.0553  lr=2.46e-05
[06:59:33 INFO] Epoch 30/50  iter 400/743  loss=0.1771  lr=2.46e-05
[06:59:49 INFO] Epoch 30/50  iter 450/743  loss=0.1310  lr=2.45e-05
[07:00:05 INFO] Epoch 30/50  iter 500/743  loss=0.1490  lr=2.44e-05
[07:00:19 INFO] Epoch 30/50  iter 550/743  loss=0.1891  lr=2.43e-05
[07:00:36 INFO] Epoch 30/50  iter 600/743  loss=0.1898  lr=2.42e-05
[07:00:52 INFO] Epoch 30/50  iter 650/743  loss=0.2262  lr=2.41e-05
[07:01:06 INFO] Epoch 30/50  iter 700/743  loss=0.0917  lr=2.41e-05
[07:01:19 INFO] Epoch 30 complete — avg_loss=0.1575  time=231s
[07:03:17 INFO]   val mIoU = 0.7546
[07:03:18 INFO]   ★ New best val mIoU: 0.7546
[07:03:36 INFO] Epoch 31/50  iter 50/743  loss=0.2060  lr=2.39e-05
[07:03:51 INFO] Epoch 31/50  iter 100/743  loss=0.1811  lr=2.38e-05
[07:04:05 INFO] Epoch 31/50  iter 150/743  loss=0.3519  lr=2.38e-05
[07:04:20 INFO] Epoch 31/50  iter 200/743  loss=0.0513  lr=2.37e-05
[07:04:35 INFO] Epoch 31/50  iter 250/743  loss=0.0932  lr=2.36e-05
[07:04:52 INFO] Epoch 31/50  iter 300/743  loss=0.2707  lr=2.35e-05
[07:05:08 INFO] Epoch 31/50  iter 350/743  loss=0.1455  lr=2.34e-05
[07:05:24 INFO] Epoch 31/50  iter 400/743  loss=0.1298  lr=2.34e-05
[07:05:39 INFO] Epoch 31/50  iter 450/743  loss=0.0979  lr=2.33e-05
[07:05:53 INFO] Epoch 31/50  iter 500/743  loss=0.1322  lr=2.32e-05
[07:06:07 INFO] Epoch 31/50  iter 550/743  loss=0.1675  lr=2.31e-05
[07:06:22 INFO] Epoch 31/50  iter 600/743  loss=0.0951  lr=2.30e-05
[07:06:36 INFO] Epoch 31/50  iter 650/743  loss=0.1163  lr=2.29e-05
[07:06:52 INFO] Epoch 31/50  iter 700/743  loss=0.1758  lr=2.29e-05
[07:07:05 INFO] Epoch 31 complete — avg_loss=0.1502  time=227s
[07:07:23 INFO] Epoch 32/50  iter 50/743  loss=0.1200  lr=2.27e-05
[07:07:38 INFO] Epoch 32/50  iter 100/743  loss=0.2055  lr=2.26e-05
[07:07:55 INFO] Epoch 32/50  iter 150/743  loss=0.0342  lr=2.26e-05
[07:08:12 INFO] Epoch 32/50  iter 200/743  loss=0.1639  lr=2.25e-05
[07:08:27 INFO] Epoch 32/50  iter 250/743  loss=0.1810  lr=2.24e-05
[07:08:42 INFO] Epoch 32/50  iter 300/743  loss=0.1290  lr=2.23e-05
[07:08:57 INFO] Epoch 32/50  iter 350/743  loss=0.2384  lr=2.22e-05
[07:09:12 INFO] Epoch 32/50  iter 400/743  loss=0.1143  lr=2.22e-05
[07:09:27 INFO] Epoch 32/50  iter 450/743  loss=0.0822  lr=2.21e-05
[07:09:43 INFO] Epoch 32/50  iter 500/743  loss=0.1729  lr=2.20e-05
[07:09:59 INFO] Epoch 32/50  iter 550/743  loss=0.1003  lr=2.19e-05
[07:10:14 INFO] Epoch 32/50  iter 600/743  loss=0.1753  lr=2.18e-05
[07:10:28 INFO] Epoch 32/50  iter 650/743  loss=0.1049  lr=2.17e-05
[07:10:43 INFO] Epoch 32/50  iter 700/743  loss=0.1629  lr=2.17e-05
[07:10:56 INFO] Epoch 32 complete — avg_loss=0.1517  time=231s
[07:11:14 INFO] Epoch 33/50  iter 50/743  loss=0.2330  lr=2.15e-05
[07:11:32 INFO] Epoch 33/50  iter 100/743  loss=0.2230  lr=2.14e-05
[07:11:50 INFO] Epoch 33/50  iter 150/743  loss=0.1676  lr=2.14e-05
[07:12:07 INFO] Epoch 33/50  iter 200/743  loss=0.0536  lr=2.13e-05
[07:12:25 INFO] Epoch 33/50  iter 250/743  loss=0.1529  lr=2.12e-05
[07:12:40 INFO] Epoch 33/50  iter 300/743  loss=0.0900  lr=2.11e-05
[07:12:58 INFO] Epoch 33/50  iter 350/743  loss=1.3598  lr=2.10e-05
[07:13:13 INFO] Epoch 33/50  iter 400/743  loss=0.1339  lr=2.10e-05
[07:13:30 INFO] Epoch 33/50  iter 450/743  loss=0.0880  lr=2.09e-05
[07:13:45 INFO] Epoch 33/50  iter 500/743  loss=0.0294  lr=2.08e-05
[07:14:00 INFO] Epoch 33/50  iter 550/743  loss=0.1045  lr=2.07e-05
[07:14:16 INFO] Epoch 33/50  iter 600/743  loss=0.0950  lr=2.06e-05
[07:14:33 INFO] Epoch 33/50  iter 650/743  loss=0.1444  lr=2.05e-05
[07:14:49 INFO] Epoch 33/50  iter 700/743  loss=0.1163  lr=2.05e-05
[07:15:04 INFO] Epoch 33 complete — avg_loss=0.1484  time=247s
[07:15:21 INFO] Epoch 34/50  iter 50/743  loss=0.1143  lr=2.03e-05
[07:15:37 INFO] Epoch 34/50  iter 100/743  loss=0.1143  lr=2.02e-05
[07:15:51 INFO] Epoch 34/50  iter 150/743  loss=0.2068  lr=2.02e-05
[07:16:07 INFO] Epoch 34/50  iter 200/743  loss=0.1094  lr=2.01e-05
[07:16:23 INFO] Epoch 34/50  iter 250/743  loss=0.0996  lr=2.00e-05
[07:16:38 INFO] Epoch 34/50  iter 300/743  loss=0.1601  lr=1.99e-05
[07:16:54 INFO] Epoch 34/50  iter 350/743  loss=0.1856  lr=1.98e-05
[07:17:11 INFO] Epoch 34/50  iter 400/743  loss=0.1967  lr=1.98e-05
[07:17:26 INFO] Epoch 34/50  iter 450/743  loss=0.2220  lr=1.97e-05
[07:17:41 INFO] Epoch 34/50  iter 500/743  loss=0.0668  lr=1.96e-05
[07:17:57 INFO] Epoch 34/50  iter 550/743  loss=0.1148  lr=1.95e-05
[07:18:11 INFO] Epoch 34/50  iter 600/743  loss=0.6220  lr=1.94e-05
[07:18:27 INFO] Epoch 34/50  iter 650/743  loss=0.1503  lr=1.93e-05
[07:18:45 INFO] Epoch 34/50  iter 700/743  loss=0.0818  lr=1.93e-05
[07:18:57 INFO] Epoch 34 complete — avg_loss=0.1542  time=233s
[07:19:14 INFO] Epoch 35/50  iter 50/743  loss=0.1760  lr=1.91e-05
[07:19:31 INFO] Epoch 35/50  iter 100/743  loss=0.1985  lr=1.90e-05
[07:19:47 INFO] Epoch 35/50  iter 150/743  loss=0.2290  lr=1.90e-05
[07:20:00 INFO] Epoch 35/50  iter 200/743  loss=0.1921  lr=1.89e-05
[07:20:16 INFO] Epoch 35/50  iter 250/743  loss=0.2796  lr=1.88e-05
[07:20:30 INFO] Epoch 35/50  iter 300/743  loss=0.2261  lr=1.87e-05
[07:20:45 INFO] Epoch 35/50  iter 350/743  loss=0.0366  lr=1.86e-05
[07:20:59 INFO] Epoch 35/50  iter 400/743  loss=0.1300  lr=1.86e-05
[07:21:14 INFO] Epoch 35/50  iter 450/743  loss=0.1344  lr=1.85e-05
[07:21:28 INFO] Epoch 35/50  iter 500/743  loss=0.0968  lr=1.84e-05
[07:21:41 INFO] Epoch 35/50  iter 550/743  loss=0.1500  lr=1.83e-05
[07:21:56 INFO] Epoch 35/50  iter 600/743  loss=0.1179  lr=1.82e-05
[07:22:12 INFO] Epoch 35/50  iter 650/743  loss=0.0951  lr=1.81e-05
[07:22:27 INFO] Epoch 35/50  iter 700/743  loss=0.0470  lr=1.81e-05
[07:22:40 INFO] Epoch 35 complete — avg_loss=0.1473  time=222s
[07:24:37 INFO]   val mIoU = 0.7555
[07:24:38 INFO]   ★ New best val mIoU: 0.7555
[07:24:55 INFO] Epoch 36/50  iter 50/743  loss=0.0672  lr=1.79e-05
[07:25:09 INFO] Epoch 36/50  iter 100/743  loss=0.1567  lr=1.78e-05
[07:25:24 INFO] Epoch 36/50  iter 150/743  loss=0.1579  lr=1.78e-05
[07:25:39 INFO] Epoch 36/50  iter 200/743  loss=0.1079  lr=1.77e-05
[07:25:53 INFO] Epoch 36/50  iter 250/743  loss=0.0560  lr=1.76e-05
[07:26:08 INFO] Epoch 36/50  iter 300/743  loss=0.1489  lr=1.75e-05
[07:26:22 INFO] Epoch 36/50  iter 350/743  loss=0.0225  lr=1.74e-05
[07:26:38 INFO] Epoch 36/50  iter 400/743  loss=0.0863  lr=1.74e-05
[07:26:53 INFO] Epoch 36/50  iter 450/743  loss=0.1854  lr=1.73e-05
[07:27:11 INFO] Epoch 36/50  iter 500/743  loss=0.1662  lr=1.72e-05
[07:27:26 INFO] Epoch 36/50  iter 550/743  loss=0.0484  lr=1.71e-05
[07:27:40 INFO] Epoch 36/50  iter 600/743  loss=0.1021  lr=1.70e-05
[07:27:55 INFO] Epoch 36/50  iter 650/743  loss=0.0652  lr=1.69e-05
[07:28:11 INFO] Epoch 36/50  iter 700/743  loss=0.1733  lr=1.69e-05
[07:28:24 INFO] Epoch 36 complete — avg_loss=0.1483  time=226s
[07:28:41 INFO] Epoch 37/50  iter 50/743  loss=0.0794  lr=1.67e-05
[07:28:55 INFO] Epoch 37/50  iter 100/743  loss=0.1077  lr=1.66e-05
[07:29:09 INFO] Epoch 37/50  iter 150/743  loss=0.1430  lr=1.66e-05
[07:29:28 INFO] Epoch 37/50  iter 200/743  loss=0.2037  lr=1.65e-05
[07:29:44 INFO] Epoch 37/50  iter 250/743  loss=0.0750  lr=1.64e-05
[07:29:58 INFO] Epoch 37/50  iter 300/743  loss=0.0907  lr=1.63e-05
[07:30:13 INFO] Epoch 37/50  iter 350/743  loss=0.1256  lr=1.62e-05
[07:30:30 INFO] Epoch 37/50  iter 400/743  loss=0.1321  lr=1.62e-05
[07:30:46 INFO] Epoch 37/50  iter 450/743  loss=0.1246  lr=1.61e-05
[07:31:00 INFO] Epoch 37/50  iter 500/743  loss=0.1676  lr=1.60e-05
[07:31:17 INFO] Epoch 37/50  iter 550/743  loss=0.0671  lr=1.59e-05
[07:31:34 INFO] Epoch 37/50  iter 600/743  loss=0.1165  lr=1.58e-05
[07:31:51 INFO] Epoch 37/50  iter 650/743  loss=0.1364  lr=1.57e-05
[07:32:07 INFO] Epoch 37/50  iter 700/743  loss=0.1647  lr=1.57e-05
[07:32:20 INFO] Epoch 37 complete — avg_loss=0.1437  time=236s
[07:32:37 INFO] Epoch 38/50  iter 50/743  loss=0.1037  lr=1.55e-05
[07:32:51 INFO] Epoch 38/50  iter 100/743  loss=0.1072  lr=1.54e-05
[07:33:06 INFO] Epoch 38/50  iter 150/743  loss=0.1482  lr=1.54e-05
[07:33:22 INFO] Epoch 38/50  iter 200/743  loss=0.1131  lr=1.53e-05
[07:33:39 INFO] Epoch 38/50  iter 250/743  loss=0.1792  lr=1.52e-05
[07:33:56 INFO] Epoch 38/50  iter 300/743  loss=0.1779  lr=1.51e-05
[07:34:12 INFO] Epoch 38/50  iter 350/743  loss=0.1618  lr=1.50e-05
[07:34:31 INFO] Epoch 38/50  iter 400/743  loss=0.0905  lr=1.50e-05
[07:34:47 INFO] Epoch 38/50  iter 450/743  loss=0.2539  lr=1.49e-05
[07:35:04 INFO] Epoch 38/50  iter 500/743  loss=0.0730  lr=1.48e-05
[07:35:23 INFO] Epoch 38/50  iter 550/743  loss=0.1913  lr=1.47e-05
[07:35:37 INFO] Epoch 38/50  iter 600/743  loss=0.0590  lr=1.46e-05
[07:35:51 INFO] Epoch 38/50  iter 650/743  loss=0.0850  lr=1.45e-05
[07:36:06 INFO] Epoch 38/50  iter 700/743  loss=0.1432  lr=1.45e-05
[07:36:19 INFO] Epoch 38 complete — avg_loss=0.1378  time=238s
[07:36:37 INFO] Epoch 39/50  iter 50/743  loss=0.1077  lr=1.43e-05
[07:36:51 INFO] Epoch 39/50  iter 100/743  loss=0.1249  lr=1.42e-05
[07:37:05 INFO] Epoch 39/50  iter 150/743  loss=0.0987  lr=1.42e-05
[07:37:20 INFO] Epoch 39/50  iter 200/743  loss=0.3216  lr=1.41e-05
[07:37:34 INFO] Epoch 39/50  iter 250/743  loss=0.1186  lr=1.40e-05
[07:37:48 INFO] Epoch 39/50  iter 300/743  loss=0.0357  lr=1.39e-05
[07:38:03 INFO] Epoch 39/50  iter 350/743  loss=0.0821  lr=1.38e-05
[07:38:20 INFO] Epoch 39/50  iter 400/743  loss=0.3323  lr=1.38e-05
[07:38:38 INFO] Epoch 39/50  iter 450/743  loss=0.2073  lr=1.37e-05
[07:38:53 INFO] Epoch 39/50  iter 500/743  loss=0.1605  lr=1.36e-05
[07:39:11 INFO] Epoch 39/50  iter 550/743  loss=0.1442  lr=1.35e-05
[07:39:28 INFO] Epoch 39/50  iter 600/743  loss=0.1639  lr=1.34e-05
[07:39:43 INFO] Epoch 39/50  iter 650/743  loss=0.1090  lr=1.33e-05
[07:40:00 INFO] Epoch 39/50  iter 700/743  loss=0.0935  lr=1.33e-05
[07:40:12 INFO] Epoch 39 complete — avg_loss=0.1453  time=233s
[07:40:28 INFO] Epoch 40/50  iter 50/743  loss=0.1861  lr=1.31e-05
[07:40:43 INFO] Epoch 40/50  iter 100/743  loss=0.1411  lr=1.30e-05
[07:40:57 INFO] Epoch 40/50  iter 150/743  loss=0.1543  lr=1.30e-05
[07:41:11 INFO] Epoch 40/50  iter 200/743  loss=0.1041  lr=1.29e-05
[07:41:24 INFO] Epoch 40/50  iter 250/743  loss=0.1133  lr=1.28e-05
[07:41:43 INFO] Epoch 40/50  iter 300/743  loss=0.0912  lr=1.27e-05
[07:42:00 INFO] Epoch 40/50  iter 350/743  loss=0.1817  lr=1.26e-05
[07:42:18 INFO] Epoch 40/50  iter 400/743  loss=0.1809  lr=1.26e-05
[07:42:33 INFO] Epoch 40/50  iter 450/743  loss=0.0611  lr=1.25e-05
[07:42:49 INFO] Epoch 40/50  iter 500/743  loss=0.1263  lr=1.24e-05
[07:43:06 INFO] Epoch 40/50  iter 550/743  loss=0.1337  lr=1.23e-05
[07:43:21 INFO] Epoch 40/50  iter 600/743  loss=0.1647  lr=1.22e-05
[07:43:36 INFO] Epoch 40/50  iter 650/743  loss=0.1535  lr=1.21e-05
[07:43:52 INFO] Epoch 40/50  iter 700/743  loss=0.0989  lr=1.21e-05
[07:44:05 INFO] Epoch 40 complete — avg_loss=0.1505  time=232s
[07:46:02 INFO]   val mIoU = 0.7650
[07:46:02 INFO]   ★ New best val mIoU: 0.7650
[07:46:19 INFO] Epoch 41/50  iter 50/743  loss=0.2203  lr=1.19e-05
[07:46:34 INFO] Epoch 41/50  iter 100/743  loss=0.0525  lr=1.18e-05
[07:46:50 INFO] Epoch 41/50  iter 150/743  loss=0.1301  lr=1.18e-05
[07:47:05 INFO] Epoch 41/50  iter 200/743  loss=0.1398  lr=1.17e-05
[07:47:19 INFO] Epoch 41/50  iter 250/743  loss=0.1782  lr=1.16e-05
[07:47:35 INFO] Epoch 41/50  iter 300/743  loss=0.1821  lr=1.15e-05
[07:47:50 INFO] Epoch 41/50  iter 350/743  loss=0.0718  lr=1.14e-05
[07:48:06 INFO] Epoch 41/50  iter 400/743  loss=0.1297  lr=1.14e-05
[07:48:21 INFO] Epoch 41/50  iter 450/743  loss=0.0761  lr=1.13e-05
[07:48:36 INFO] Epoch 41/50  iter 500/743  loss=0.1163  lr=1.12e-05
[07:48:53 INFO] Epoch 41/50  iter 550/743  loss=0.1551  lr=1.11e-05
[07:49:08 INFO] Epoch 41/50  iter 600/743  loss=0.2073  lr=1.10e-05
[07:49:24 INFO] Epoch 41/50  iter 650/743  loss=0.1314  lr=1.09e-05
[07:49:39 INFO] Epoch 41/50  iter 700/743  loss=0.2865  lr=1.09e-05
[07:49:54 INFO] Epoch 41 complete — avg_loss=0.1461  time=231s
[07:50:10 INFO] Epoch 42/50  iter 50/743  loss=0.2141  lr=1.07e-05
[07:50:24 INFO] Epoch 42/50  iter 100/743  loss=0.0628  lr=1.06e-05
[07:50:38 INFO] Epoch 42/50  iter 150/743  loss=0.0897  lr=1.06e-05
[07:50:52 INFO] Epoch 42/50  iter 200/743  loss=0.1080  lr=1.05e-05
[07:51:07 INFO] Epoch 42/50  iter 250/743  loss=0.0891  lr=1.04e-05
[07:51:21 INFO] Epoch 42/50  iter 300/743  loss=0.2414  lr=1.03e-05
[07:51:34 INFO] Epoch 42/50  iter 350/743  loss=0.0834  lr=1.02e-05
[07:51:49 INFO] Epoch 42/50  iter 400/743  loss=0.1467  lr=1.02e-05
[07:52:03 INFO] Epoch 42/50  iter 450/743  loss=0.0994  lr=1.01e-05
[07:52:17 INFO] Epoch 42/50  iter 500/743  loss=0.0661  lr=9.99e-06
[07:52:31 INFO] Epoch 42/50  iter 550/743  loss=0.0867  lr=9.91e-06
[07:52:46 INFO] Epoch 42/50  iter 600/743  loss=0.1214  lr=9.83e-06
[07:53:01 INFO] Epoch 42/50  iter 650/743  loss=0.1519  lr=9.75e-06
[07:53:16 INFO] Epoch 42/50  iter 700/743  loss=0.1993  lr=9.67e-06
[07:53:29 INFO] Epoch 42 complete — avg_loss=0.1401  time=214s
[07:53:47 INFO] Epoch 43/50  iter 50/743  loss=0.2195  lr=9.52e-06
[07:54:02 INFO] Epoch 43/50  iter 100/743  loss=0.1753  lr=9.44e-06
[07:54:17 INFO] Epoch 43/50  iter 150/743  loss=0.1053  lr=9.36e-06
[07:54:35 INFO] Epoch 43/50  iter 200/743  loss=0.1533  lr=9.28e-06
[07:54:53 INFO] Epoch 43/50  iter 250/743  loss=0.1409  lr=9.19e-06
[07:55:11 INFO] Epoch 43/50  iter 300/743  loss=0.1009  lr=9.11e-06
[07:55:26 INFO] Epoch 43/50  iter 350/743  loss=0.0977  lr=9.03e-06
[07:55:41 INFO] Epoch 43/50  iter 400/743  loss=0.1105  lr=8.95e-06
[07:55:57 INFO] Epoch 43/50  iter 450/743  loss=0.1246  lr=8.87e-06
[07:56:12 INFO] Epoch 43/50  iter 500/743  loss=0.2451  lr=8.79e-06
[07:56:27 INFO] Epoch 43/50  iter 550/743  loss=0.0922  lr=8.71e-06
[07:56:42 INFO] Epoch 43/50  iter 600/743  loss=0.1118  lr=8.63e-06
[07:56:58 INFO] Epoch 43/50  iter 650/743  loss=0.2078  lr=8.55e-06
[07:57:12 INFO] Epoch 43/50  iter 700/743  loss=0.0748  lr=8.47e-06
[07:57:26 INFO] Epoch 43 complete — avg_loss=0.1452  time=237s
[07:57:43 INFO] Epoch 44/50  iter 50/743  loss=0.0700  lr=8.32e-06
[07:57:57 INFO] Epoch 44/50  iter 100/743  loss=0.1797  lr=8.24e-06
[07:58:12 INFO] Epoch 44/50  iter 150/743  loss=0.1227  lr=8.16e-06
[07:58:28 INFO] Epoch 44/50  iter 200/743  loss=0.1155  lr=8.08e-06
[07:58:43 INFO] Epoch 44/50  iter 250/743  loss=0.1042  lr=7.99e-06
[07:58:57 INFO] Epoch 44/50  iter 300/743  loss=0.1272  lr=7.91e-06
[07:59:13 INFO] Epoch 44/50  iter 350/743  loss=0.1269  lr=7.83e-06
[07:59:29 INFO] Epoch 44/50  iter 400/743  loss=0.0960  lr=7.75e-06
[07:59:47 INFO] Epoch 44/50  iter 450/743  loss=0.0950  lr=7.67e-06
[08:00:04 INFO] Epoch 44/50  iter 500/743  loss=0.1248  lr=7.59e-06
[08:00:19 INFO] Epoch 44/50  iter 550/743  loss=0.4716  lr=7.51e-06
[08:00:34 INFO] Epoch 44/50  iter 600/743  loss=0.1905  lr=7.43e-06
[08:00:48 INFO] Epoch 44/50  iter 650/743  loss=0.1236  lr=7.35e-06
[08:01:04 INFO] Epoch 44/50  iter 700/743  loss=0.1164  lr=7.27e-06
[08:01:17 INFO] Epoch 44 complete — avg_loss=0.1381  time=231s
[08:01:33 INFO] Epoch 45/50  iter 50/743  loss=0.0749  lr=7.12e-06
[08:01:49 INFO] Epoch 45/50  iter 100/743  loss=0.0719  lr=7.04e-06
[08:02:04 INFO] Epoch 45/50  iter 150/743  loss=0.1171  lr=6.96e-06
[08:02:17 INFO] Epoch 45/50  iter 200/743  loss=0.1901  lr=6.88e-06
[08:02:31 INFO] Epoch 45/50  iter 250/743  loss=0.1361  lr=6.79e-06
[08:02:45 INFO] Epoch 45/50  iter 300/743  loss=0.1674  lr=6.71e-06
[08:03:00 INFO] Epoch 45/50  iter 350/743  loss=0.1725  lr=6.63e-06
[08:03:17 INFO] Epoch 45/50  iter 400/743  loss=0.1215  lr=6.55e-06
[08:03:32 INFO] Epoch 45/50  iter 450/743  loss=0.0902  lr=6.47e-06
[08:03:46 INFO] Epoch 45/50  iter 500/743  loss=0.1922  lr=6.39e-06
[08:04:00 INFO] Epoch 45/50  iter 550/743  loss=0.0683  lr=6.31e-06
[08:04:16 INFO] Epoch 45/50  iter 600/743  loss=0.1324  lr=6.23e-06
[08:04:29 INFO] Epoch 45/50  iter 650/743  loss=0.0450  lr=6.15e-06
[08:04:44 INFO] Epoch 45/50  iter 700/743  loss=0.1018  lr=6.07e-06
[08:04:56 INFO] Epoch 45 complete — avg_loss=0.1350  time=218s
[08:06:53 INFO]   val mIoU = 0.7661
[08:06:54 INFO]   ★ New best val mIoU: 0.7661
[08:07:10 INFO] Epoch 46/50  iter 50/743  loss=0.1803  lr=5.92e-06
[08:07:26 INFO] Epoch 46/50  iter 100/743  loss=0.0534  lr=5.84e-06
[08:07:41 INFO] Epoch 46/50  iter 150/743  loss=0.0822  lr=5.76e-06
[08:07:54 INFO] Epoch 46/50  iter 200/743  loss=0.0753  lr=5.68e-06
[08:08:09 INFO] Epoch 46/50  iter 250/743  loss=0.1317  lr=5.59e-06
[08:08:24 INFO] Epoch 46/50  iter 300/743  loss=0.1049  lr=5.51e-06
[08:08:40 INFO] Epoch 46/50  iter 350/743  loss=0.2270  lr=5.43e-06
[08:08:56 INFO] Epoch 46/50  iter 400/743  loss=0.2338  lr=5.35e-06
[08:09:13 INFO] Epoch 46/50  iter 450/743  loss=0.1276  lr=5.27e-06
[08:09:28 INFO] Epoch 46/50  iter 500/743  loss=0.0405  lr=5.19e-06
[08:09:42 INFO] Epoch 46/50  iter 550/743  loss=0.0154  lr=5.11e-06
[08:09:56 INFO] Epoch 46/50  iter 600/743  loss=0.2005  lr=5.03e-06
[08:10:12 INFO] Epoch 46/50  iter 650/743  loss=0.1338  lr=4.95e-06
[08:10:26 INFO] Epoch 46/50  iter 700/743  loss=0.0370  lr=4.87e-06
[08:10:39 INFO] Epoch 46 complete — avg_loss=0.1386  time=225s
[08:10:56 INFO] Epoch 47/50  iter 50/743  loss=0.1051  lr=4.72e-06
[08:11:11 INFO] Epoch 47/50  iter 100/743  loss=0.0798  lr=4.64e-06
[08:11:25 INFO] Epoch 47/50  iter 150/743  loss=0.1548  lr=4.56e-06
[08:11:38 INFO] Epoch 47/50  iter 200/743  loss=0.0921  lr=4.48e-06
[08:11:53 INFO] Epoch 47/50  iter 250/743  loss=0.0632  lr=4.39e-06
[08:12:09 INFO] Epoch 47/50  iter 300/743  loss=0.1047  lr=4.31e-06
[08:12:24 INFO] Epoch 47/50  iter 350/743  loss=0.1967  lr=4.23e-06
[08:12:38 INFO] Epoch 47/50  iter 400/743  loss=0.2210  lr=4.15e-06
[08:12:54 INFO] Epoch 47/50  iter 450/743  loss=0.1381  lr=4.07e-06
[08:13:09 INFO] Epoch 47/50  iter 500/743  loss=0.2173  lr=3.99e-06
[08:13:25 INFO] Epoch 47/50  iter 550/743  loss=0.1680  lr=3.91e-06
[08:13:40 INFO] Epoch 47/50  iter 600/743  loss=0.0773  lr=3.83e-06
[08:13:55 INFO] Epoch 47/50  iter 650/743  loss=0.0930  lr=3.75e-06
[08:14:10 INFO] Epoch 47/50  iter 700/743  loss=0.1270  lr=3.67e-06
[08:14:23 INFO] Epoch 47 complete — avg_loss=0.1401  time=223s
[08:14:40 INFO] Epoch 48/50  iter 50/743  loss=0.1304  lr=3.52e-06
[08:14:56 INFO] Epoch 48/50  iter 100/743  loss=0.1330  lr=3.44e-06
[08:15:11 INFO] Epoch 48/50  iter 150/743  loss=0.2083  lr=3.36e-06
[08:15:26 INFO] Epoch 48/50  iter 200/743  loss=0.2338  lr=3.28e-06
[08:15:40 INFO] Epoch 48/50  iter 250/743  loss=0.2335  lr=3.19e-06
[08:15:56 INFO] Epoch 48/50  iter 300/743  loss=0.0523  lr=3.11e-06
[08:16:11 INFO] Epoch 48/50  iter 350/743  loss=0.1840  lr=3.03e-06
[08:16:26 INFO] Epoch 48/50  iter 400/743  loss=0.2174  lr=2.95e-06
[08:16:41 INFO] Epoch 48/50  iter 450/743  loss=0.1076  lr=2.87e-06
[08:16:58 INFO] Epoch 48/50  iter 500/743  loss=0.2670  lr=2.79e-06
[08:17:14 INFO] Epoch 48/50  iter 550/743  loss=0.0881  lr=2.71e-06
[08:17:28 INFO] Epoch 48/50  iter 600/743  loss=0.1889  lr=2.63e-06
[08:17:45 INFO] Epoch 48/50  iter 650/743  loss=0.1768  lr=2.55e-06
[08:18:00 INFO] Epoch 48/50  iter 700/743  loss=0.1568  lr=2.47e-06
[08:18:15 INFO] Epoch 48 complete — avg_loss=0.1325  time=232s
[08:18:32 INFO] Epoch 49/50  iter 50/743  loss=0.1599  lr=2.32e-06
[08:18:47 INFO] Epoch 49/50  iter 100/743  loss=0.1825  lr=2.24e-06
[08:19:02 INFO] Epoch 49/50  iter 150/743  loss=0.1110  lr=2.16e-06
[08:19:16 INFO] Epoch 49/50  iter 200/743  loss=0.2046  lr=2.08e-06
[08:19:30 INFO] Epoch 49/50  iter 250/743  loss=0.2005  lr=1.99e-06
[08:19:45 INFO] Epoch 49/50  iter 300/743  loss=0.0903  lr=1.91e-06
[08:19:59 INFO] Epoch 49/50  iter 350/743  loss=0.0978  lr=1.83e-06
[08:20:13 INFO] Epoch 49/50  iter 400/743  loss=0.0551  lr=1.75e-06
[08:20:27 INFO] Epoch 49/50  iter 450/743  loss=0.1442  lr=1.67e-06
[08:20:42 INFO] Epoch 49/50  iter 500/743  loss=0.1084  lr=1.59e-06
[08:20:58 INFO] Epoch 49/50  iter 550/743  loss=0.1145  lr=1.51e-06
[08:21:14 INFO] Epoch 49/50  iter 600/743  loss=0.1818  lr=1.43e-06
[08:21:28 INFO] Epoch 49/50  iter 650/743  loss=0.1315  lr=1.35e-06
[08:21:44 INFO] Epoch 49/50  iter 700/743  loss=0.1211  lr=1.27e-06
[08:21:57 INFO] Epoch 49 complete — avg_loss=0.1290  time=222s
[08:22:14 INFO] Epoch 50/50  iter 50/743  loss=0.1320  lr=1.12e-06
[08:22:29 INFO] Epoch 50/50  iter 100/743  loss=0.0870  lr=1.04e-06
[08:22:43 INFO] Epoch 50/50  iter 150/743  loss=0.1407  lr=9.56e-07
[08:22:57 INFO] Epoch 50/50  iter 200/743  loss=0.1385  lr=8.75e-07
[08:23:13 INFO] Epoch 50/50  iter 250/743  loss=0.1145  lr=7.95e-07
[08:23:28 INFO] Epoch 50/50  iter 300/743  loss=0.1225  lr=7.14e-07
[08:23:46 INFO] Epoch 50/50  iter 350/743  loss=0.1517  lr=6.33e-07
[08:24:03 INFO] Epoch 50/50  iter 400/743  loss=0.1044  lr=5.52e-07
[08:24:17 INFO] Epoch 50/50  iter 450/743  loss=0.1763  lr=4.72e-07
[08:24:34 INFO] Epoch 50/50  iter 500/743  loss=0.1631  lr=3.91e-07
[08:24:51 INFO] Epoch 50/50  iter 550/743  loss=0.1661  lr=3.10e-07
[08:25:07 INFO] Epoch 50/50  iter 600/743  loss=0.1332  lr=2.29e-07
[08:25:23 INFO] Epoch 50/50  iter 650/743  loss=0.1619  lr=1.49e-07
[08:25:43 INFO] Epoch 50/50  iter 700/743  loss=0.1881  lr=6.78e-08
[08:25:56 INFO] Epoch 50 complete — avg_loss=0.1289  time=238s
[08:27:53 INFO]   val mIoU = 0.7684
[08:27:53 INFO]   ★ New best val mIoU: 0.7684
[08:27:54 INFO] Training complete. Best val mIoU = 0.7684
