[22:17:25 INFO] Device: cuda
[22:17:28 INFO] fog_prob: 1.0
[22:17:30 INFO] Train: 2975 samples  |  Val: 500 samples
[22:17:46 INFO] Epoch 1/50  iter 50/743  loss=1.0476  lr=5.99e-05
[22:17:59 INFO] Epoch 1/50  iter 100/743  loss=0.5430  lr=5.98e-05
[22:18:12 INFO] Epoch 1/50  iter 150/743  loss=0.2443  lr=5.98e-05
[22:18:26 INFO] Epoch 1/50  iter 200/743  loss=0.2338  lr=5.97e-05
[22:18:39 INFO] Epoch 1/50  iter 250/743  loss=0.3902  lr=5.96e-05
[22:18:52 INFO] Epoch 1/50  iter 300/743  loss=0.5154  lr=5.95e-05
[22:19:06 INFO] Epoch 1/50  iter 350/743  loss=0.2877  lr=5.94e-05
[22:19:19 INFO] Epoch 1/50  iter 400/743  loss=0.3719  lr=5.94e-05
[22:19:32 INFO] Epoch 1/50  iter 450/743  loss=0.3239  lr=5.93e-05
[22:19:46 INFO] Epoch 1/50  iter 500/743  loss=0.1104  lr=5.92e-05
[22:19:59 INFO] Epoch 1/50  iter 550/743  loss=0.3731  lr=5.91e-05
[22:20:13 INFO] Epoch 1/50  iter 600/743  loss=0.2576  lr=5.90e-05
[22:20:26 INFO] Epoch 1/50  iter 650/743  loss=0.3737  lr=5.89e-05
[22:20:40 INFO] Epoch 1/50  iter 700/743  loss=0.2806  lr=5.89e-05
[22:20:51 INFO] Epoch 1 complete — avg_loss=0.5968  time=201s
[22:21:06 INFO] Epoch 2/50  iter 50/743  loss=0.3435  lr=5.87e-05
[22:21:19 INFO] Epoch 2/50  iter 100/743  loss=1.0081  lr=5.86e-05
[22:21:32 INFO] Epoch 2/50  iter 150/743  loss=0.3136  lr=5.86e-05
[22:21:46 INFO] Epoch 2/50  iter 200/743  loss=0.3596  lr=5.85e-05
[22:21:59 INFO] Epoch 2/50  iter 250/743  loss=0.2748  lr=5.84e-05
[22:22:12 INFO] Epoch 2/50  iter 300/743  loss=0.3557  lr=5.83e-05
[22:22:26 INFO] Epoch 2/50  iter 350/743  loss=0.3462  lr=5.82e-05
[22:22:39 INFO] Epoch 2/50  iter 400/743  loss=0.1864  lr=5.82e-05
[22:22:52 INFO] Epoch 2/50  iter 450/743  loss=0.1910  lr=5.81e-05
[22:23:06 INFO] Epoch 2/50  iter 500/743  loss=0.3130  lr=5.80e-05
[22:23:19 INFO] Epoch 2/50  iter 550/743  loss=0.3897  lr=5.79e-05
[22:23:33 INFO] Epoch 2/50  iter 600/743  loss=0.2068  lr=5.78e-05
[22:23:46 INFO] Epoch 2/50  iter 650/743  loss=0.3048  lr=5.77e-05
[22:23:59 INFO] Epoch 2/50  iter 700/743  loss=0.5871  lr=5.77e-05
[22:24:11 INFO] Epoch 2 complete — avg_loss=0.3256  time=199s
[22:24:25 INFO] Epoch 3/50  iter 50/743  loss=0.2147  lr=5.75e-05
[22:24:39 INFO] Epoch 3/50  iter 100/743  loss=0.2868  lr=5.74e-05
[22:24:52 INFO] Epoch 3/50  iter 150/743  loss=0.5531  lr=5.74e-05
[22:25:05 INFO] Epoch 3/50  iter 200/743  loss=0.2024  lr=5.73e-05
[22:25:19 INFO] Epoch 3/50  iter 250/743  loss=0.4816  lr=5.72e-05
[22:25:32 INFO] Epoch 3/50  iter 300/743  loss=0.6256  lr=5.71e-05
[22:25:45 INFO] Epoch 3/50  iter 350/743  loss=0.1598  lr=5.70e-05
[22:25:59 INFO] Epoch 3/50  iter 400/743  loss=0.2395  lr=5.70e-05
[22:26:12 INFO] Epoch 3/50  iter 450/743  loss=0.2262  lr=5.69e-05
[22:26:26 INFO] Epoch 3/50  iter 500/743  loss=0.2141  lr=5.68e-05
[22:26:39 INFO] Epoch 3/50  iter 550/743  loss=0.2033  lr=5.67e-05
[22:26:52 INFO] Epoch 3/50  iter 600/743  loss=0.1748  lr=5.66e-05
[22:27:06 INFO] Epoch 3/50  iter 650/743  loss=0.2867  lr=5.65e-05
[22:27:19 INFO] Epoch 3/50  iter 700/743  loss=0.1172  lr=5.65e-05
[22:27:31 INFO] Epoch 3 complete — avg_loss=0.2686  time=199s
[22:27:45 INFO] Epoch 4/50  iter 50/743  loss=0.2523  lr=5.63e-05
[22:27:58 INFO] Epoch 4/50  iter 100/743  loss=0.1606  lr=5.62e-05
[22:28:12 INFO] Epoch 4/50  iter 150/743  loss=0.4951  lr=5.62e-05
[22:28:25 INFO] Epoch 4/50  iter 200/743  loss=0.2292  lr=5.61e-05
[22:28:38 INFO] Epoch 4/50  iter 250/743  loss=0.3385  lr=5.60e-05
[22:28:52 INFO] Epoch 4/50  iter 300/743  loss=0.1451  lr=5.59e-05
[22:29:05 INFO] Epoch 4/50  iter 350/743  loss=0.1441  lr=5.58e-05
[22:29:18 INFO] Epoch 4/50  iter 400/743  loss=0.2734  lr=5.58e-05
[22:29:32 INFO] Epoch 4/50  iter 450/743  loss=0.2407  lr=5.57e-05
[22:29:45 INFO] Epoch 4/50  iter 500/743  loss=0.1781  lr=5.56e-05
[22:29:59 INFO] Epoch 4/50  iter 550/743  loss=0.5968  lr=5.55e-05
[22:30:12 INFO] Epoch 4/50  iter 600/743  loss=0.5406  lr=5.54e-05
[22:30:25 INFO] Epoch 4/50  iter 650/743  loss=0.1458  lr=5.53e-05
[22:30:39 INFO] Epoch 4/50  iter 700/743  loss=0.1106  lr=5.53e-05
[22:30:50 INFO] Epoch 4 complete — avg_loss=0.2451  time=199s
[22:31:04 INFO] Epoch 5/50  iter 50/743  loss=0.1495  lr=5.51e-05
[22:31:18 INFO] Epoch 5/50  iter 100/743  loss=0.3340  lr=5.50e-05
[22:31:31 INFO] Epoch 5/50  iter 150/743  loss=0.1948  lr=5.50e-05
[22:31:45 INFO] Epoch 5/50  iter 200/743  loss=0.2816  lr=5.49e-05
[22:31:58 INFO] Epoch 5/50  iter 250/743  loss=0.1339  lr=5.48e-05
[22:32:11 INFO] Epoch 5/50  iter 300/743  loss=0.4561  lr=5.47e-05
[22:32:25 INFO] Epoch 5/50  iter 350/743  loss=0.1684  lr=5.46e-05
[22:32:38 INFO] Epoch 5/50  iter 400/743  loss=0.4137  lr=5.46e-05
[22:32:51 INFO] Epoch 5/50  iter 450/743  loss=0.1558  lr=5.45e-05
[22:33:05 INFO] Epoch 5/50  iter 500/743  loss=0.1627  lr=5.44e-05
[22:33:18 INFO] Epoch 5/50  iter 550/743  loss=0.1990  lr=5.43e-05
[22:33:32 INFO] Epoch 5/50  iter 600/743  loss=0.2236  lr=5.42e-05
[22:33:45 INFO] Epoch 5/50  iter 650/743  loss=0.2542  lr=5.41e-05
[22:33:58 INFO] Epoch 5/50  iter 700/743  loss=0.1940  lr=5.41e-05
[22:34:10 INFO] Epoch 5 complete — avg_loss=0.2333  time=199s
[22:36:02 INFO]   val mIoU = 0.6173
[22:36:02 INFO]   ★ New best val mIoU: 0.6173
[22:36:17 INFO] Epoch 6/50  iter 50/743  loss=0.4994  lr=5.39e-05
[22:36:30 INFO] Epoch 6/50  iter 100/743  loss=0.1572  lr=5.38e-05
[22:36:43 INFO] Epoch 6/50  iter 150/743  loss=0.3682  lr=5.38e-05
[22:36:57 INFO] Epoch 6/50  iter 200/743  loss=0.0791  lr=5.37e-05
[22:37:10 INFO] Epoch 6/50  iter 250/743  loss=0.1910  lr=5.36e-05
[22:37:23 INFO] Epoch 6/50  iter 300/743  loss=0.1472  lr=5.35e-05
[22:37:37 INFO] Epoch 6/50  iter 350/743  loss=0.1625  lr=5.34e-05
[22:37:50 INFO] Epoch 6/50  iter 400/743  loss=0.1354  lr=5.34e-05
[22:38:03 INFO] Epoch 6/50  iter 450/743  loss=0.1486  lr=5.33e-05
[22:38:17 INFO] Epoch 6/50  iter 500/743  loss=0.1048  lr=5.32e-05
[22:38:30 INFO] Epoch 6/50  iter 550/743  loss=0.2190  lr=5.31e-05
[22:38:44 INFO] Epoch 6/50  iter 600/743  loss=0.0980  lr=5.30e-05
[22:38:57 INFO] Epoch 6/50  iter 650/743  loss=0.2875  lr=5.29e-05
[22:39:10 INFO] Epoch 6/50  iter 700/743  loss=0.2155  lr=5.29e-05
[22:39:22 INFO] Epoch 6 complete — avg_loss=0.2082  time=199s
[22:39:36 INFO] Epoch 7/50  iter 50/743  loss=0.1872  lr=5.27e-05
[22:39:49 INFO] Epoch 7/50  iter 100/743  loss=0.1525  lr=5.26e-05
[22:40:03 INFO] Epoch 7/50  iter 150/743  loss=0.2157  lr=5.26e-05
[22:40:16 INFO] Epoch 7/50  iter 200/743  loss=0.2164  lr=5.25e-05
[22:40:30 INFO] Epoch 7/50  iter 250/743  loss=0.2358  lr=5.24e-05
[22:40:43 INFO] Epoch 7/50  iter 300/743  loss=0.1566  lr=5.23e-05
[22:40:56 INFO] Epoch 7/50  iter 350/743  loss=0.1914  lr=5.22e-05
[22:41:10 INFO] Epoch 7/50  iter 400/743  loss=0.2075  lr=5.22e-05
[22:41:23 INFO] Epoch 7/50  iter 450/743  loss=0.1782  lr=5.21e-05
[22:41:37 INFO] Epoch 7/50  iter 500/743  loss=0.2745  lr=5.20e-05
[22:41:50 INFO] Epoch 7/50  iter 550/743  loss=0.1466  lr=5.19e-05
[22:42:03 INFO] Epoch 7/50  iter 600/743  loss=0.3116  lr=5.18e-05
[22:42:17 INFO] Epoch 7/50  iter 650/743  loss=0.1334  lr=5.17e-05
[22:42:30 INFO] Epoch 7/50  iter 700/743  loss=0.1948  lr=5.17e-05
[22:42:42 INFO] Epoch 7 complete — avg_loss=0.2013  time=199s
[22:42:56 INFO] Epoch 8/50  iter 50/743  loss=0.2536  lr=5.15e-05
[22:43:09 INFO] Epoch 8/50  iter 100/743  loss=0.2177  lr=5.14e-05
[22:43:23 INFO] Epoch 8/50  iter 150/743  loss=0.0985  lr=5.14e-05
[22:43:36 INFO] Epoch 8/50  iter 200/743  loss=0.1099  lr=5.13e-05
[22:43:49 INFO] Epoch 8/50  iter 250/743  loss=0.1348  lr=5.12e-05
[22:44:03 INFO] Epoch 8/50  iter 300/743  loss=0.1228  lr=5.11e-05
[22:44:16 INFO] Epoch 8/50  iter 350/743  loss=0.1787  lr=5.10e-05
[22:44:30 INFO] Epoch 8/50  iter 400/743  loss=0.0947  lr=5.10e-05
[22:44:43 INFO] Epoch 8/50  iter 450/743  loss=0.2340  lr=5.09e-05
[22:44:56 INFO] Epoch 8/50  iter 500/743  loss=0.1430  lr=5.08e-05
[22:45:10 INFO] Epoch 8/50  iter 550/743  loss=0.2118  lr=5.07e-05
[22:45:23 INFO] Epoch 8/50  iter 600/743  loss=0.0257  lr=5.06e-05
[22:45:37 INFO] Epoch 8/50  iter 650/743  loss=0.1865  lr=5.05e-05
[22:45:50 INFO] Epoch 8/50  iter 700/743  loss=0.1492  lr=5.05e-05
[22:46:01 INFO] Epoch 8 complete — avg_loss=0.2079  time=199s
[22:46:16 INFO] Epoch 9/50  iter 50/743  loss=0.1705  lr=5.03e-05
[22:46:29 INFO] Epoch 9/50  iter 100/743  loss=0.0927  lr=5.02e-05
[22:46:43 INFO] Epoch 9/50  iter 150/743  loss=0.1873  lr=5.02e-05
[22:46:56 INFO] Epoch 9/50  iter 200/743  loss=0.4878  lr=5.01e-05
[22:47:09 INFO] Epoch 9/50  iter 250/743  loss=0.1367  lr=5.00e-05
[22:47:23 INFO] Epoch 9/50  iter 300/743  loss=0.1086  lr=4.99e-05
[22:47:36 INFO] Epoch 9/50  iter 350/743  loss=0.2791  lr=4.98e-05
[22:47:49 INFO] Epoch 9/50  iter 400/743  loss=0.1698  lr=4.98e-05
[22:48:03 INFO] Epoch 9/50  iter 450/743  loss=0.1314  lr=4.97e-05
[22:48:16 INFO] Epoch 9/50  iter 500/743  loss=0.1162  lr=4.96e-05
[22:48:29 INFO] Epoch 9/50  iter 550/743  loss=0.1069  lr=4.95e-05
[22:48:43 INFO] Epoch 9/50  iter 600/743  loss=0.1817  lr=4.94e-05
[22:48:56 INFO] Epoch 9/50  iter 650/743  loss=0.1324  lr=4.93e-05
[22:49:10 INFO] Epoch 9/50  iter 700/743  loss=0.1519  lr=4.93e-05
[22:49:21 INFO] Epoch 9 complete — avg_loss=0.1960  time=199s
[22:49:35 INFO] Epoch 10/50  iter 50/743  loss=0.3756  lr=4.91e-05
[22:49:49 INFO] Epoch 10/50  iter 100/743  loss=0.1188  lr=4.90e-05
[22:50:02 INFO] Epoch 10/50  iter 150/743  loss=0.1896  lr=4.90e-05
[22:50:16 INFO] Epoch 10/50  iter 200/743  loss=0.1791  lr=4.89e-05
[22:50:29 INFO] Epoch 10/50  iter 250/743  loss=0.1265  lr=4.88e-05
[22:50:42 INFO] Epoch 10/50  iter 300/743  loss=0.0707  lr=4.87e-05
[22:50:56 INFO] Epoch 10/50  iter 350/743  loss=0.1504  lr=4.86e-05
[22:51:09 INFO] Epoch 10/50  iter 400/743  loss=0.0637  lr=4.86e-05
[22:51:23 INFO] Epoch 10/50  iter 450/743  loss=0.1722  lr=4.85e-05
[22:51:36 INFO] Epoch 10/50  iter 500/743  loss=0.2053  lr=4.84e-05
[22:51:49 INFO] Epoch 10/50  iter 550/743  loss=0.1627  lr=4.83e-05
[22:52:03 INFO] Epoch 10/50  iter 600/743  loss=0.2275  lr=4.82e-05
[22:52:16 INFO] Epoch 10/50  iter 650/743  loss=0.3016  lr=4.81e-05
[22:52:30 INFO] Epoch 10/50  iter 700/743  loss=0.1675  lr=4.81e-05
[22:52:41 INFO] Epoch 10 complete — avg_loss=0.1832  time=200s
[22:54:34 INFO]   val mIoU = 0.6947
[22:54:35 INFO]   ★ New best val mIoU: 0.6947
[22:54:49 INFO] Epoch 11/50  iter 50/743  loss=0.1153  lr=4.79e-05
[22:55:02 INFO] Epoch 11/50  iter 100/743  loss=0.1433  lr=4.78e-05
[22:55:16 INFO] Epoch 11/50  iter 150/743  loss=0.1623  lr=4.78e-05
[22:55:29 INFO] Epoch 11/50  iter 200/743  loss=0.1932  lr=4.77e-05
[22:55:42 INFO] Epoch 11/50  iter 250/743  loss=0.0845  lr=4.76e-05
[22:55:56 INFO] Epoch 11/50  iter 300/743  loss=0.1188  lr=4.75e-05
[22:56:09 INFO] Epoch 11/50  iter 350/743  loss=0.1444  lr=4.74e-05
[22:56:23 INFO] Epoch 11/50  iter 400/743  loss=0.0619  lr=4.74e-05
[22:56:36 INFO] Epoch 11/50  iter 450/743  loss=0.0994  lr=4.73e-05
[22:56:49 INFO] Epoch 11/50  iter 500/743  loss=0.0929  lr=4.72e-05
[22:57:03 INFO] Epoch 11/50  iter 550/743  loss=0.5320  lr=4.71e-05
[22:57:16 INFO] Epoch 11/50  iter 600/743  loss=0.1528  lr=4.70e-05
[22:57:29 INFO] Epoch 11/50  iter 650/743  loss=0.1729  lr=4.69e-05
[22:57:43 INFO] Epoch 11/50  iter 700/743  loss=0.2755  lr=4.69e-05
[22:57:54 INFO] Epoch 11 complete — avg_loss=0.1735  time=199s
[22:58:09 INFO] Epoch 12/50  iter 50/743  loss=0.1312  lr=4.67e-05
[22:58:22 INFO] Epoch 12/50  iter 100/743  loss=0.1053  lr=4.66e-05
[22:58:36 INFO] Epoch 12/50  iter 150/743  loss=0.0940  lr=4.66e-05
[22:58:49 INFO] Epoch 12/50  iter 200/743  loss=0.1149  lr=4.65e-05
[22:59:03 INFO] Epoch 12/50  iter 250/743  loss=0.2508  lr=4.64e-05
[22:59:16 INFO] Epoch 12/50  iter 300/743  loss=0.1062  lr=4.63e-05
[22:59:30 INFO] Epoch 12/50  iter 350/743  loss=0.1666  lr=4.62e-05
[22:59:43 INFO] Epoch 12/50  iter 400/743  loss=0.1253  lr=4.62e-05
[22:59:57 INFO] Epoch 12/50  iter 450/743  loss=0.0811  lr=4.61e-05
[23:00:10 INFO] Epoch 12/50  iter 500/743  loss=0.1228  lr=4.60e-05
[23:00:24 INFO] Epoch 12/50  iter 550/743  loss=0.1024  lr=4.59e-05
[23:00:37 INFO] Epoch 12/50  iter 600/743  loss=0.1128  lr=4.58e-05
[23:00:51 INFO] Epoch 12/50  iter 650/743  loss=0.1763  lr=4.57e-05
[23:01:04 INFO] Epoch 12/50  iter 700/743  loss=0.1024  lr=4.57e-05
[23:01:16 INFO] Epoch 12 complete — avg_loss=0.1697  time=201s
[23:01:30 INFO] Epoch 13/50  iter 50/743  loss=0.1319  lr=4.55e-05
[23:01:43 INFO] Epoch 13/50  iter 100/743  loss=0.2135  lr=4.54e-05
[23:01:57 INFO] Epoch 13/50  iter 150/743  loss=0.0995  lr=4.54e-05
[23:02:10 INFO] Epoch 13/50  iter 200/743  loss=0.3701  lr=4.53e-05
[23:02:24 INFO] Epoch 13/50  iter 250/743  loss=0.2095  lr=4.52e-05
[23:02:37 INFO] Epoch 13/50  iter 300/743  loss=0.1766  lr=4.51e-05
[23:02:51 INFO] Epoch 13/50  iter 350/743  loss=0.0852  lr=4.50e-05
[23:03:04 INFO] Epoch 13/50  iter 400/743  loss=0.2715  lr=4.50e-05
[23:03:18 INFO] Epoch 13/50  iter 450/743  loss=0.0583  lr=4.49e-05
[23:03:31 INFO] Epoch 13/50  iter 500/743  loss=0.3058  lr=4.48e-05
[23:03:45 INFO] Epoch 13/50  iter 550/743  loss=0.1497  lr=4.47e-05
[23:03:58 INFO] Epoch 13/50  iter 600/743  loss=0.2305  lr=4.46e-05
[23:04:12 INFO] Epoch 13/50  iter 650/743  loss=0.1215  lr=4.45e-05
[23:04:25 INFO] Epoch 13/50  iter 700/743  loss=0.0851  lr=4.45e-05
[23:04:37 INFO] Epoch 13 complete — avg_loss=0.1722  time=201s
[23:04:51 INFO] Epoch 14/50  iter 50/743  loss=0.1029  lr=4.43e-05
[23:05:05 INFO] Epoch 14/50  iter 100/743  loss=0.1524  lr=4.42e-05
[23:05:18 INFO] Epoch 14/50  iter 150/743  loss=0.1052  lr=4.42e-05
[23:05:32 INFO] Epoch 14/50  iter 200/743  loss=0.0745  lr=4.41e-05
[23:05:45 INFO] Epoch 14/50  iter 250/743  loss=0.1127  lr=4.40e-05
[23:05:59 INFO] Epoch 14/50  iter 300/743  loss=0.1274  lr=4.39e-05
[23:06:12 INFO] Epoch 14/50  iter 350/743  loss=0.1031  lr=4.38e-05
[23:06:25 INFO] Epoch 14/50  iter 400/743  loss=0.0918  lr=4.38e-05
[23:06:39 INFO] Epoch 14/50  iter 450/743  loss=0.2616  lr=4.37e-05
[23:06:52 INFO] Epoch 14/50  iter 500/743  loss=0.1099  lr=4.36e-05
[23:07:06 INFO] Epoch 14/50  iter 550/743  loss=0.1235  lr=4.35e-05
[23:07:19 INFO] Epoch 14/50  iter 600/743  loss=0.0525  lr=4.34e-05
[23:07:33 INFO] Epoch 14/50  iter 650/743  loss=0.1541  lr=4.33e-05
[23:07:46 INFO] Epoch 14/50  iter 700/743  loss=0.1455  lr=4.33e-05
[23:07:58 INFO] Epoch 14 complete — avg_loss=0.1564  time=201s
[23:08:12 INFO] Epoch 15/50  iter 50/743  loss=0.1166  lr=4.31e-05
[23:08:26 INFO] Epoch 15/50  iter 100/743  loss=0.1495  lr=4.30e-05
[23:08:39 INFO] Epoch 15/50  iter 150/743  loss=0.1710  lr=4.30e-05
[23:08:53 INFO] Epoch 15/50  iter 200/743  loss=0.1694  lr=4.29e-05
[23:09:06 INFO] Epoch 15/50  iter 250/743  loss=0.0573  lr=4.28e-05
[23:09:20 INFO] Epoch 15/50  iter 300/743  loss=0.8223  lr=4.27e-05
[23:09:33 INFO] Epoch 15/50  iter 350/743  loss=0.1786  lr=4.26e-05
[23:09:47 INFO] Epoch 15/50  iter 400/743  loss=0.1829  lr=4.26e-05
[23:10:00 INFO] Epoch 15/50  iter 450/743  loss=0.1989  lr=4.25e-05
[23:10:14 INFO] Epoch 15/50  iter 500/743  loss=0.0936  lr=4.24e-05
[23:10:27 INFO] Epoch 15/50  iter 550/743  loss=0.1411  lr=4.23e-05
[23:10:40 INFO] Epoch 15/50  iter 600/743  loss=0.1563  lr=4.22e-05
[23:10:54 INFO] Epoch 15/50  iter 650/743  loss=0.1194  lr=4.21e-05
[23:11:07 INFO] Epoch 15/50  iter 700/743  loss=0.0854  lr=4.21e-05
[23:11:19 INFO] Epoch 15 complete — avg_loss=0.1582  time=201s
[23:13:12 INFO]   val mIoU = 0.7218
[23:13:13 INFO]   ★ New best val mIoU: 0.7218
[23:13:27 INFO] Epoch 16/50  iter 50/743  loss=0.0594  lr=4.19e-05
[23:13:41 INFO] Epoch 16/50  iter 100/743  loss=0.1344  lr=4.18e-05
[23:13:54 INFO] Epoch 16/50  iter 150/743  loss=0.0476  lr=4.18e-05
[23:14:07 INFO] Epoch 16/50  iter 200/743  loss=0.2853  lr=4.17e-05
[23:14:21 INFO] Epoch 16/50  iter 250/743  loss=0.2189  lr=4.16e-05
[23:14:34 INFO] Epoch 16/50  iter 300/743  loss=0.2544  lr=4.15e-05
[23:14:48 INFO] Epoch 16/50  iter 350/743  loss=0.1314  lr=4.14e-05
[23:15:01 INFO] Epoch 16/50  iter 400/743  loss=0.1547  lr=4.14e-05
[23:15:15 INFO] Epoch 16/50  iter 450/743  loss=0.1605  lr=4.13e-05
[23:15:28 INFO] Epoch 16/50  iter 500/743  loss=0.1602  lr=4.12e-05
[23:15:42 INFO] Epoch 16/50  iter 550/743  loss=0.1681  lr=4.11e-05
[23:15:55 INFO] Epoch 16/50  iter 600/743  loss=0.0953  lr=4.10e-05
[23:16:09 INFO] Epoch 16/50  iter 650/743  loss=0.2985  lr=4.09e-05
[23:16:22 INFO] Epoch 16/50  iter 700/743  loss=0.1916  lr=4.09e-05
[23:16:34 INFO] Epoch 16 complete — avg_loss=0.1642  time=201s
[23:16:48 INFO] Epoch 17/50  iter 50/743  loss=0.1495  lr=4.07e-05
[23:17:02 INFO] Epoch 17/50  iter 100/743  loss=0.1598  lr=4.06e-05
[23:17:15 INFO] Epoch 17/50  iter 150/743  loss=0.1905  lr=4.06e-05
[23:17:28 INFO] Epoch 17/50  iter 200/743  loss=0.2226  lr=4.05e-05
[23:17:42 INFO] Epoch 17/50  iter 250/743  loss=0.2132  lr=4.04e-05
[23:17:55 INFO] Epoch 17/50  iter 300/743  loss=0.1591  lr=4.03e-05
[23:18:08 INFO] Epoch 17/50  iter 350/743  loss=0.1534  lr=4.02e-05
[23:18:22 INFO] Epoch 17/50  iter 400/743  loss=0.1184  lr=4.02e-05
[23:18:35 INFO] Epoch 17/50  iter 450/743  loss=0.2190  lr=4.01e-05
[23:18:48 INFO] Epoch 17/50  iter 500/743  loss=0.1534  lr=4.00e-05
[23:19:02 INFO] Epoch 17/50  iter 550/743  loss=0.1282  lr=3.99e-05
[23:19:15 INFO] Epoch 17/50  iter 600/743  loss=0.0720  lr=3.98e-05
[23:19:29 INFO] Epoch 17/50  iter 650/743  loss=0.2985  lr=3.97e-05
[23:19:42 INFO] Epoch 17/50  iter 700/743  loss=0.1814  lr=3.97e-05
[23:19:53 INFO] Epoch 17 complete — avg_loss=0.1592  time=199s
[23:20:08 INFO] Epoch 18/50  iter 50/743  loss=0.1142  lr=3.95e-05
[23:20:21 INFO] Epoch 18/50  iter 100/743  loss=0.1209  lr=3.94e-05
[23:20:35 INFO] Epoch 18/50  iter 150/743  loss=0.0758  lr=3.94e-05
[23:20:48 INFO] Epoch 18/50  iter 200/743  loss=0.1131  lr=3.93e-05
[23:21:02 INFO] Epoch 18/50  iter 250/743  loss=0.1923  lr=3.92e-05
[23:21:15 INFO] Epoch 18/50  iter 300/743  loss=0.3142  lr=3.91e-05
[23:21:29 INFO] Epoch 18/50  iter 350/743  loss=0.0329  lr=3.90e-05
[23:21:42 INFO] Epoch 18/50  iter 400/743  loss=0.1235  lr=3.90e-05
[23:21:56 INFO] Epoch 18/50  iter 450/743  loss=0.1759  lr=3.89e-05
[23:22:09 INFO] Epoch 18/50  iter 500/743  loss=0.0638  lr=3.88e-05
[23:22:23 INFO] Epoch 18/50  iter 550/743  loss=0.1446  lr=3.87e-05
[23:22:36 INFO] Epoch 18/50  iter 600/743  loss=0.0946  lr=3.86e-05
[23:22:50 INFO] Epoch 18/50  iter 650/743  loss=0.1310  lr=3.85e-05
[23:23:03 INFO] Epoch 18/50  iter 700/743  loss=0.2062  lr=3.85e-05
[23:23:15 INFO] Epoch 18 complete — avg_loss=0.1539  time=201s
[23:23:29 INFO] Epoch 19/50  iter 50/743  loss=0.1730  lr=3.83e-05
[23:23:43 INFO] Epoch 19/50  iter 100/743  loss=0.2274  lr=3.82e-05
[23:23:56 INFO] Epoch 19/50  iter 150/743  loss=0.2508  lr=3.82e-05
[23:24:10 INFO] Epoch 19/50  iter 200/743  loss=0.0597  lr=3.81e-05
[23:24:23 INFO] Epoch 19/50  iter 250/743  loss=0.3149  lr=3.80e-05
[23:24:37 INFO] Epoch 19/50  iter 300/743  loss=0.1083  lr=3.79e-05
[23:24:50 INFO] Epoch 19/50  iter 350/743  loss=0.1170  lr=3.78e-05
[23:25:04 INFO] Epoch 19/50  iter 400/743  loss=0.1502  lr=3.78e-05
[23:25:17 INFO] Epoch 19/50  iter 450/743  loss=0.0799  lr=3.77e-05
[23:25:30 INFO] Epoch 19/50  iter 500/743  loss=0.1082  lr=3.76e-05
[23:25:44 INFO] Epoch 19/50  iter 550/743  loss=0.0829  lr=3.75e-05
[23:25:57 INFO] Epoch 19/50  iter 600/743  loss=0.1588  lr=3.74e-05
[23:26:11 INFO] Epoch 19/50  iter 650/743  loss=0.2486  lr=3.73e-05
[23:26:24 INFO] Epoch 19/50  iter 700/743  loss=0.0892  lr=3.73e-05
[23:26:36 INFO] Epoch 19 complete — avg_loss=0.1520  time=201s
[23:26:50 INFO] Epoch 20/50  iter 50/743  loss=0.2899  lr=3.71e-05
[23:27:04 INFO] Epoch 20/50  iter 100/743  loss=0.0888  lr=3.70e-05
[23:27:17 INFO] Epoch 20/50  iter 150/743  loss=0.1198  lr=3.70e-05
[23:27:31 INFO] Epoch 20/50  iter 200/743  loss=0.1420  lr=3.69e-05
[23:27:44 INFO] Epoch 20/50  iter 250/743  loss=0.1280  lr=3.68e-05
[23:27:58 INFO] Epoch 20/50  iter 300/743  loss=0.1372  lr=3.67e-05
[23:28:11 INFO] Epoch 20/50  iter 350/743  loss=0.1384  lr=3.66e-05
[23:28:25 INFO] Epoch 20/50  iter 400/743  loss=0.1662  lr=3.66e-05
[23:28:38 INFO] Epoch 20/50  iter 450/743  loss=0.7824  lr=3.65e-05
[23:28:52 INFO] Epoch 20/50  iter 500/743  loss=0.1073  lr=3.64e-05
[23:29:05 INFO] Epoch 20/50  iter 550/743  loss=0.1087  lr=3.63e-05
[23:29:19 INFO] Epoch 20/50  iter 600/743  loss=0.0724  lr=3.62e-05
[23:29:32 INFO] Epoch 20/50  iter 650/743  loss=0.1075  lr=3.61e-05
[23:29:46 INFO] Epoch 20/50  iter 700/743  loss=0.2098  lr=3.61e-05
[23:29:57 INFO] Epoch 20 complete — avg_loss=0.1469  time=201s
[23:31:51 INFO]   val mIoU = 0.7248
[23:31:51 INFO]   ★ New best val mIoU: 0.7248
[23:32:05 INFO] Epoch 21/50  iter 50/743  loss=0.0836  lr=3.59e-05
[23:32:19 INFO] Epoch 21/50  iter 100/743  loss=0.2300  lr=3.58e-05
[23:32:32 INFO] Epoch 21/50  iter 150/743  loss=0.3782  lr=3.58e-05
[23:32:46 INFO] Epoch 21/50  iter 200/743  loss=0.1798  lr=3.57e-05
[23:32:59 INFO] Epoch 21/50  iter 250/743  loss=0.2413  lr=3.56e-05
[23:33:13 INFO] Epoch 21/50  iter 300/743  loss=0.2017  lr=3.55e-05
[23:33:26 INFO] Epoch 21/50  iter 350/743  loss=0.0774  lr=3.54e-05
[23:33:40 INFO] Epoch 21/50  iter 400/743  loss=0.1491  lr=3.54e-05
[23:33:53 INFO] Epoch 21/50  iter 450/743  loss=0.1685  lr=3.53e-05
[23:34:07 INFO] Epoch 21/50  iter 500/743  loss=0.1367  lr=3.52e-05
[23:34:20 INFO] Epoch 21/50  iter 550/743  loss=0.1154  lr=3.51e-05
[23:34:34 INFO] Epoch 21/50  iter 600/743  loss=0.1000  lr=3.50e-05
[23:34:47 INFO] Epoch 21/50  iter 650/743  loss=0.1651  lr=3.49e-05
[23:35:01 INFO] Epoch 21/50  iter 700/743  loss=0.0999  lr=3.49e-05
[23:35:12 INFO] Epoch 21 complete — avg_loss=0.1403  time=201s
[23:35:27 INFO] Epoch 22/50  iter 50/743  loss=0.1267  lr=3.47e-05
[23:35:40 INFO] Epoch 22/50  iter 100/743  loss=0.1808  lr=3.46e-05
[23:35:54 INFO] Epoch 22/50  iter 150/743  loss=0.1268  lr=3.46e-05
[23:36:07 INFO] Epoch 22/50  iter 200/743  loss=0.2032  lr=3.45e-05
[23:36:21 INFO] Epoch 22/50  iter 250/743  loss=0.0782  lr=3.44e-05
[23:36:34 INFO] Epoch 22/50  iter 300/743  loss=0.0738  lr=3.43e-05
[23:36:48 INFO] Epoch 22/50  iter 350/743  loss=0.1291  lr=3.42e-05
[23:37:01 INFO] Epoch 22/50  iter 400/743  loss=0.1439  lr=3.42e-05
[23:37:14 INFO] Epoch 22/50  iter 450/743  loss=0.1496  lr=3.41e-05
[23:37:28 INFO] Epoch 22/50  iter 500/743  loss=0.1554  lr=3.40e-05
[23:37:41 INFO] Epoch 22/50  iter 550/743  loss=0.1159  lr=3.39e-05
[23:37:55 INFO] Epoch 22/50  iter 600/743  loss=0.0754  lr=3.38e-05
[23:38:08 INFO] Epoch 22/50  iter 650/743  loss=0.0979  lr=3.37e-05
[23:38:22 INFO] Epoch 22/50  iter 700/743  loss=0.1864  lr=3.37e-05
[23:38:34 INFO] Epoch 22 complete — avg_loss=0.1489  time=201s
[23:38:48 INFO] Epoch 23/50  iter 50/743  loss=0.0897  lr=3.35e-05
[23:39:02 INFO] Epoch 23/50  iter 100/743  loss=0.1519  lr=3.34e-05
[23:39:15 INFO] Epoch 23/50  iter 150/743  loss=0.1148  lr=3.34e-05
[23:39:29 INFO] Epoch 23/50  iter 200/743  loss=0.0765  lr=3.33e-05
[23:39:42 INFO] Epoch 23/50  iter 250/743  loss=0.1659  lr=3.32e-05
[23:39:56 INFO] Epoch 23/50  iter 300/743  loss=0.1351  lr=3.31e-05
[23:40:09 INFO] Epoch 23/50  iter 350/743  loss=0.1341  lr=3.30e-05
[23:40:23 INFO] Epoch 23/50  iter 400/743  loss=0.1238  lr=3.30e-05
[23:40:36 INFO] Epoch 23/50  iter 450/743  loss=0.3128  lr=3.29e-05
[23:40:50 INFO] Epoch 23/50  iter 500/743  loss=0.0431  lr=3.28e-05
[23:41:03 INFO] Epoch 23/50  iter 550/743  loss=0.4195  lr=3.27e-05
[23:41:17 INFO] Epoch 23/50  iter 600/743  loss=0.1217  lr=3.26e-05
[23:41:30 INFO] Epoch 23/50  iter 650/743  loss=0.1304  lr=3.25e-05
[23:41:43 INFO] Epoch 23/50  iter 700/743  loss=0.0731  lr=3.25e-05
[23:41:55 INFO] Epoch 23 complete — avg_loss=0.1381  time=201s
[23:42:09 INFO] Epoch 24/50  iter 50/743  loss=0.1774  lr=3.23e-05
[23:42:23 INFO] Epoch 24/50  iter 100/743  loss=0.0464  lr=3.22e-05
[23:42:36 INFO] Epoch 24/50  iter 150/743  loss=0.0964  lr=3.22e-05
[23:42:50 INFO] Epoch 24/50  iter 200/743  loss=0.1380  lr=3.21e-05
[23:43:03 INFO] Epoch 24/50  iter 250/743  loss=0.0676  lr=3.20e-05
[23:43:17 INFO] Epoch 24/50  iter 300/743  loss=0.1278  lr=3.19e-05
[23:43:30 INFO] Epoch 24/50  iter 350/743  loss=0.2097  lr=3.18e-05
[23:43:44 INFO] Epoch 24/50  iter 400/743  loss=0.2616  lr=3.18e-05
[23:43:57 INFO] Epoch 24/50  iter 450/743  loss=0.1674  lr=3.17e-05
[23:44:11 INFO] Epoch 24/50  iter 500/743  loss=0.0638  lr=3.16e-05
[23:44:24 INFO] Epoch 24/50  iter 550/743  loss=0.1904  lr=3.15e-05
[23:44:38 INFO] Epoch 24/50  iter 600/743  loss=0.1226  lr=3.14e-05
[23:44:51 INFO] Epoch 24/50  iter 650/743  loss=0.0751  lr=3.13e-05
[23:45:05 INFO] Epoch 24/50  iter 700/743  loss=0.2177  lr=3.13e-05
[23:45:16 INFO] Epoch 24 complete — avg_loss=0.1328  time=201s
[23:45:31 INFO] Epoch 25/50  iter 50/743  loss=0.0360  lr=3.11e-05
[23:45:44 INFO] Epoch 25/50  iter 100/743  loss=0.1171  lr=3.10e-05
[23:45:58 INFO] Epoch 25/50  iter 150/743  loss=0.0958  lr=3.10e-05
[23:46:11 INFO] Epoch 25/50  iter 200/743  loss=0.2047  lr=3.09e-05
[23:46:25 INFO] Epoch 25/50  iter 250/743  loss=0.1289  lr=3.08e-05
[23:46:38 INFO] Epoch 25/50  iter 300/743  loss=0.1235  lr=3.07e-05
[23:46:52 INFO] Epoch 25/50  iter 350/743  loss=0.0883  lr=3.06e-05
[23:47:05 INFO] Epoch 25/50  iter 400/743  loss=0.0693  lr=3.06e-05
[23:47:19 INFO] Epoch 25/50  iter 450/743  loss=0.1436  lr=3.05e-05
[23:47:32 INFO] Epoch 25/50  iter 500/743  loss=0.1010  lr=3.04e-05
[23:47:46 INFO] Epoch 25/50  iter 550/743  loss=0.1224  lr=3.03e-05
[23:47:59 INFO] Epoch 25/50  iter 600/743  loss=0.0865  lr=3.02e-05
[23:48:13 INFO] Epoch 25/50  iter 650/743  loss=0.1181  lr=3.01e-05
[23:48:26 INFO] Epoch 25/50  iter 700/743  loss=0.0961  lr=3.01e-05
[23:48:38 INFO] Epoch 25 complete — avg_loss=0.1357  time=201s
[23:50:31 INFO]   val mIoU = 0.7439
[23:50:31 INFO]   ★ New best val mIoU: 0.7439
[23:50:45 INFO] Epoch 26/50  iter 50/743  loss=0.1697  lr=2.99e-05
[23:50:59 INFO] Epoch 26/50  iter 100/743  loss=0.1235  lr=2.98e-05
[23:51:12 INFO] Epoch 26/50  iter 150/743  loss=0.0618  lr=2.98e-05
[23:51:26 INFO] Epoch 26/50  iter 200/743  loss=0.2086  lr=2.97e-05
[23:51:39 INFO] Epoch 26/50  iter 250/743  loss=0.0741  lr=2.96e-05
[23:51:53 INFO] Epoch 26/50  iter 300/743  loss=0.0286  lr=2.95e-05
[23:52:06 INFO] Epoch 26/50  iter 350/743  loss=0.0582  lr=2.94e-05
[23:52:20 INFO] Epoch 26/50  iter 400/743  loss=0.1371  lr=2.94e-05
[23:52:33 INFO] Epoch 26/50  iter 450/743  loss=0.1469  lr=2.93e-05
[23:52:47 INFO] Epoch 26/50  iter 500/743  loss=0.0723  lr=2.92e-05
[23:53:00 INFO] Epoch 26/50  iter 550/743  loss=0.2254  lr=2.91e-05
[23:53:14 INFO] Epoch 26/50  iter 600/743  loss=0.1491  lr=2.90e-05
[23:53:27 INFO] Epoch 26/50  iter 650/743  loss=0.0991  lr=2.89e-05
[23:53:41 INFO] Epoch 26/50  iter 700/743  loss=0.1351  lr=2.89e-05
[23:53:52 INFO] Epoch 26 complete — avg_loss=0.1346  time=201s
[23:54:07 INFO] Epoch 27/50  iter 50/743  loss=0.0426  lr=2.87e-05
[23:54:20 INFO] Epoch 27/50  iter 100/743  loss=0.1414  lr=2.86e-05
[23:54:34 INFO] Epoch 27/50  iter 150/743  loss=0.1071  lr=2.86e-05
[23:54:47 INFO] Epoch 27/50  iter 200/743  loss=0.1311  lr=2.85e-05
[23:55:01 INFO] Epoch 27/50  iter 250/743  loss=0.0790  lr=2.84e-05
[23:55:14 INFO] Epoch 27/50  iter 300/743  loss=0.1104  lr=2.83e-05
[23:55:28 INFO] Epoch 27/50  iter 350/743  loss=0.0857  lr=2.82e-05
[23:55:41 INFO] Epoch 27/50  iter 400/743  loss=0.1568  lr=2.82e-05
[23:55:55 INFO] Epoch 27/50  iter 450/743  loss=0.1064  lr=2.81e-05
[23:56:08 INFO] Epoch 27/50  iter 500/743  loss=0.1445  lr=2.80e-05
[23:56:22 INFO] Epoch 27/50  iter 550/743  loss=0.1775  lr=2.79e-05
[23:56:35 INFO] Epoch 27/50  iter 600/743  loss=0.1088  lr=2.78e-05
[23:56:48 INFO] Epoch 27/50  iter 650/743  loss=0.1270  lr=2.77e-05
[23:57:02 INFO] Epoch 27/50  iter 700/743  loss=0.1162  lr=2.77e-05
[23:57:14 INFO] Epoch 27 complete — avg_loss=0.1367  time=201s
[23:57:28 INFO] Epoch 28/50  iter 50/743  loss=0.1228  lr=2.75e-05
[23:57:41 INFO] Epoch 28/50  iter 100/743  loss=0.1760  lr=2.74e-05
[23:57:55 INFO] Epoch 28/50  iter 150/743  loss=0.0847  lr=2.74e-05
[23:58:08 INFO] Epoch 28/50  iter 200/743  loss=0.0727  lr=2.73e-05
[23:58:22 INFO] Epoch 28/50  iter 250/743  loss=0.1417  lr=2.72e-05
[23:58:35 INFO] Epoch 28/50  iter 300/743  loss=0.1129  lr=2.71e-05
[23:58:49 INFO] Epoch 28/50  iter 350/743  loss=0.1023  lr=2.70e-05
[23:59:02 INFO] Epoch 28/50  iter 400/743  loss=0.1117  lr=2.70e-05
[23:59:16 INFO] Epoch 28/50  iter 450/743  loss=0.1979  lr=2.69e-05
[23:59:29 INFO] Epoch 28/50  iter 500/743  loss=0.1748  lr=2.68e-05
[23:59:43 INFO] Epoch 28/50  iter 550/743  loss=0.0920  lr=2.67e-05
[23:59:56 INFO] Epoch 28/50  iter 600/743  loss=0.0737  lr=2.66e-05
[00:00:10 INFO] Epoch 28/50  iter 650/743  loss=0.0900  lr=2.65e-05
[00:00:23 INFO] Epoch 28/50  iter 700/743  loss=0.1180  lr=2.65e-05
[00:00:35 INFO] Epoch 28 complete — avg_loss=0.1317  time=201s
[00:00:49 INFO] Epoch 29/50  iter 50/743  loss=0.0928  lr=2.63e-05
[00:01:03 INFO] Epoch 29/50  iter 100/743  loss=0.1821  lr=2.62e-05
[00:01:16 INFO] Epoch 29/50  iter 150/743  loss=0.1022  lr=2.62e-05
[00:01:30 INFO] Epoch 29/50  iter 200/743  loss=0.0947  lr=2.61e-05
[00:01:43 INFO] Epoch 29/50  iter 250/743  loss=0.0828  lr=2.60e-05
[00:01:57 INFO] Epoch 29/50  iter 300/743  loss=0.0945  lr=2.59e-05
[00:02:10 INFO] Epoch 29/50  iter 350/743  loss=0.0912  lr=2.58e-05
[00:02:24 INFO] Epoch 29/50  iter 400/743  loss=0.1137  lr=2.58e-05
[00:02:37 INFO] Epoch 29/50  iter 450/743  loss=0.1202  lr=2.57e-05
[00:02:51 INFO] Epoch 29/50  iter 500/743  loss=0.0956  lr=2.56e-05
[00:03:04 INFO] Epoch 29/50  iter 550/743  loss=0.0676  lr=2.55e-05
[00:03:18 INFO] Epoch 29/50  iter 600/743  loss=0.1007  lr=2.54e-05
[00:03:31 INFO] Epoch 29/50  iter 650/743  loss=0.1389  lr=2.53e-05
[00:03:45 INFO] Epoch 29/50  iter 700/743  loss=0.2154  lr=2.53e-05
[00:03:56 INFO] Epoch 29 complete — avg_loss=0.1318  time=201s
[00:04:11 INFO] Epoch 30/50  iter 50/743  loss=0.1280  lr=2.51e-05
[00:04:24 INFO] Epoch 30/50  iter 100/743  loss=0.0847  lr=2.50e-05
[00:04:38 INFO] Epoch 30/50  iter 150/743  loss=0.1101  lr=2.50e-05
[00:04:51 INFO] Epoch 30/50  iter 200/743  loss=0.3607  lr=2.49e-05
[00:05:04 INFO] Epoch 30/50  iter 250/743  loss=0.0777  lr=2.48e-05
[00:05:18 INFO] Epoch 30/50  iter 300/743  loss=0.1235  lr=2.47e-05
[00:05:31 INFO] Epoch 30/50  iter 350/743  loss=0.0730  lr=2.46e-05
[00:05:45 INFO] Epoch 30/50  iter 400/743  loss=0.1281  lr=2.46e-05
[00:05:58 INFO] Epoch 30/50  iter 450/743  loss=0.0580  lr=2.45e-05
[00:06:12 INFO] Epoch 30/50  iter 500/743  loss=0.2010  lr=2.44e-05
[00:06:25 INFO] Epoch 30/50  iter 550/743  loss=0.1189  lr=2.43e-05
[00:06:39 INFO] Epoch 30/50  iter 600/743  loss=0.0926  lr=2.42e-05
[00:06:52 INFO] Epoch 30/50  iter 650/743  loss=0.0529  lr=2.41e-05
[00:07:06 INFO] Epoch 30/50  iter 700/743  loss=0.0669  lr=2.41e-05
[00:07:18 INFO] Epoch 30 complete — avg_loss=0.1305  time=201s
[00:09:11 INFO]   val mIoU = 0.7605
[00:09:11 INFO]   ★ New best val mIoU: 0.7605
[00:09:25 INFO] Epoch 31/50  iter 50/743  loss=0.0465  lr=2.39e-05
[00:09:39 INFO] Epoch 31/50  iter 100/743  loss=0.0657  lr=2.38e-05
[00:09:52 INFO] Epoch 31/50  iter 150/743  loss=0.2104  lr=2.38e-05
[00:10:06 INFO] Epoch 31/50  iter 200/743  loss=0.0731  lr=2.37e-05
[00:10:19 INFO] Epoch 31/50  iter 250/743  loss=0.0703  lr=2.36e-05
[00:10:33 INFO] Epoch 31/50  iter 300/743  loss=0.1057  lr=2.35e-05
[00:10:46 INFO] Epoch 31/50  iter 350/743  loss=0.3679  lr=2.34e-05
[00:11:00 INFO] Epoch 31/50  iter 400/743  loss=0.2643  lr=2.34e-05
[00:11:13 INFO] Epoch 31/50  iter 450/743  loss=0.1185  lr=2.33e-05
[00:11:27 INFO] Epoch 31/50  iter 500/743  loss=0.1652  lr=2.32e-05
[00:11:40 INFO] Epoch 31/50  iter 550/743  loss=0.1566  lr=2.31e-05
[00:11:54 INFO] Epoch 31/50  iter 600/743  loss=0.1412  lr=2.30e-05
[00:12:07 INFO] Epoch 31/50  iter 650/743  loss=0.1182  lr=2.29e-05
[00:12:21 INFO] Epoch 31/50  iter 700/743  loss=0.1456  lr=2.29e-05
[00:12:32 INFO] Epoch 31 complete — avg_loss=0.1254  time=201s
[00:12:47 INFO] Epoch 32/50  iter 50/743  loss=0.0453  lr=2.27e-05
[00:13:00 INFO] Epoch 32/50  iter 100/743  loss=0.1518  lr=2.26e-05
[00:13:14 INFO] Epoch 32/50  iter 150/743  loss=0.0592  lr=2.26e-05
[00:13:27 INFO] Epoch 32/50  iter 200/743  loss=0.0860  lr=2.25e-05
[00:13:41 INFO] Epoch 32/50  iter 250/743  loss=0.1641  lr=2.24e-05
[00:13:54 INFO] Epoch 32/50  iter 300/743  loss=0.1338  lr=2.23e-05
[00:14:08 INFO] Epoch 32/50  iter 350/743  loss=0.2130  lr=2.22e-05
[00:14:21 INFO] Epoch 32/50  iter 400/743  loss=0.1347  lr=2.22e-05
[00:14:35 INFO] Epoch 32/50  iter 450/743  loss=0.1107  lr=2.21e-05
[00:14:48 INFO] Epoch 32/50  iter 500/743  loss=0.1074  lr=2.20e-05
[00:15:02 INFO] Epoch 32/50  iter 550/743  loss=0.0973  lr=2.19e-05
[00:15:15 INFO] Epoch 32/50  iter 600/743  loss=0.1172  lr=2.18e-05
[00:15:29 INFO] Epoch 32/50  iter 650/743  loss=0.1390  lr=2.17e-05
[00:15:42 INFO] Epoch 32/50  iter 700/743  loss=0.1564  lr=2.17e-05
[00:15:54 INFO] Epoch 32 complete — avg_loss=0.1258  time=201s
[00:16:08 INFO] Epoch 33/50  iter 50/743  loss=0.0996  lr=2.15e-05
[00:16:21 INFO] Epoch 33/50  iter 100/743  loss=0.1200  lr=2.14e-05
[00:16:35 INFO] Epoch 33/50  iter 150/743  loss=0.1003  lr=2.14e-05
[00:16:48 INFO] Epoch 33/50  iter 200/743  loss=0.0473  lr=2.13e-05
[00:17:01 INFO] Epoch 33/50  iter 250/743  loss=0.1674  lr=2.12e-05
[00:17:15 INFO] Epoch 33/50  iter 300/743  loss=0.0492  lr=2.11e-05
[00:17:28 INFO] Epoch 33/50  iter 350/743  loss=0.0831  lr=2.10e-05
[00:17:41 INFO] Epoch 33/50  iter 400/743  loss=0.1467  lr=2.10e-05
[00:17:55 INFO] Epoch 33/50  iter 450/743  loss=0.1010  lr=2.09e-05
[00:18:08 INFO] Epoch 33/50  iter 500/743  loss=0.0895  lr=2.08e-05
[00:18:22 INFO] Epoch 33/50  iter 550/743  loss=0.1439  lr=2.07e-05
[00:18:35 INFO] Epoch 33/50  iter 600/743  loss=0.0808  lr=2.06e-05
[00:18:48 INFO] Epoch 33/50  iter 650/743  loss=0.0325  lr=2.05e-05
[00:19:02 INFO] Epoch 33/50  iter 700/743  loss=0.0526  lr=2.05e-05
[00:19:13 INFO] Epoch 33 complete — avg_loss=0.1255  time=199s
[00:19:28 INFO] Epoch 34/50  iter 50/743  loss=0.0653  lr=2.03e-05
[00:19:41 INFO] Epoch 34/50  iter 100/743  loss=0.1100  lr=2.02e-05
[00:19:55 INFO] Epoch 34/50  iter 150/743  loss=0.1569  lr=2.02e-05
[00:20:08 INFO] Epoch 34/50  iter 200/743  loss=0.0980  lr=2.01e-05
[00:20:22 INFO] Epoch 34/50  iter 250/743  loss=0.1557  lr=2.00e-05
[00:20:35 INFO] Epoch 34/50  iter 300/743  loss=0.1911  lr=1.99e-05
[00:20:49 INFO] Epoch 34/50  iter 350/743  loss=0.0882  lr=1.98e-05
[00:21:02 INFO] Epoch 34/50  iter 400/743  loss=0.1320  lr=1.98e-05
[00:21:16 INFO] Epoch 34/50  iter 450/743  loss=0.0433  lr=1.97e-05
[00:21:29 INFO] Epoch 34/50  iter 500/743  loss=0.1683  lr=1.96e-05
[00:21:43 INFO] Epoch 34/50  iter 550/743  loss=0.1079  lr=1.95e-05
[00:21:56 INFO] Epoch 34/50  iter 600/743  loss=0.0775  lr=1.94e-05
[00:22:10 INFO] Epoch 34/50  iter 650/743  loss=0.1572  lr=1.93e-05
[00:22:23 INFO] Epoch 34/50  iter 700/743  loss=0.1029  lr=1.93e-05
[00:22:35 INFO] Epoch 34 complete — avg_loss=0.1149  time=201s
[00:22:49 INFO] Epoch 35/50  iter 50/743  loss=0.1434  lr=1.91e-05
[00:23:03 INFO] Epoch 35/50  iter 100/743  loss=0.0760  lr=1.90e-05
[00:23:16 INFO] Epoch 35/50  iter 150/743  loss=0.0458  lr=1.90e-05
[00:23:30 INFO] Epoch 35/50  iter 200/743  loss=0.2093  lr=1.89e-05
[00:23:43 INFO] Epoch 35/50  iter 250/743  loss=0.1176  lr=1.88e-05
[00:23:57 INFO] Epoch 35/50  iter 300/743  loss=0.1199  lr=1.87e-05
[00:24:10 INFO] Epoch 35/50  iter 350/743  loss=0.1110  lr=1.86e-05
[00:24:24 INFO] Epoch 35/50  iter 400/743  loss=0.1100  lr=1.86e-05
[00:24:37 INFO] Epoch 35/50  iter 450/743  loss=0.5237  lr=1.85e-05
[00:24:51 INFO] Epoch 35/50  iter 500/743  loss=0.1857  lr=1.84e-05
[00:25:04 INFO] Epoch 35/50  iter 550/743  loss=0.0999  lr=1.83e-05
[00:25:18 INFO] Epoch 35/50  iter 600/743  loss=0.0973  lr=1.82e-05
[00:25:31 INFO] Epoch 35/50  iter 650/743  loss=0.2021  lr=1.81e-05
[00:25:45 INFO] Epoch 35/50  iter 700/743  loss=0.1580  lr=1.81e-05
[00:25:56 INFO] Epoch 35 complete — avg_loss=0.1264  time=201s
[00:27:50 INFO]   val mIoU = 0.7675
[00:27:50 INFO]   ★ New best val mIoU: 0.7675
[00:28:04 INFO] Epoch 36/50  iter 50/743  loss=0.0835  lr=1.79e-05
[00:28:18 INFO] Epoch 36/50  iter 100/743  loss=0.1837  lr=1.78e-05
[00:28:31 INFO] Epoch 36/50  iter 150/743  loss=0.1166  lr=1.78e-05
[00:28:45 INFO] Epoch 36/50  iter 200/743  loss=0.0858  lr=1.77e-05
[00:28:58 INFO] Epoch 36/50  iter 250/743  loss=0.0970  lr=1.76e-05
[00:29:12 INFO] Epoch 36/50  iter 300/743  loss=0.1135  lr=1.75e-05
[00:29:25 INFO] Epoch 36/50  iter 350/743  loss=0.0766  lr=1.74e-05
[00:29:39 INFO] Epoch 36/50  iter 400/743  loss=0.1558  lr=1.74e-05
[00:29:52 INFO] Epoch 36/50  iter 450/743  loss=0.1559  lr=1.73e-05
[00:30:06 INFO] Epoch 36/50  iter 500/743  loss=0.1001  lr=1.72e-05
[00:30:19 INFO] Epoch 36/50  iter 550/743  loss=0.0441  lr=1.71e-05
[00:30:33 INFO] Epoch 36/50  iter 600/743  loss=0.0520  lr=1.70e-05
[00:30:46 INFO] Epoch 36/50  iter 650/743  loss=0.1466  lr=1.69e-05
[00:31:00 INFO] Epoch 36/50  iter 700/743  loss=0.1071  lr=1.69e-05
[00:31:11 INFO] Epoch 36 complete — avg_loss=0.1153  time=201s
[00:31:26 INFO] Epoch 37/50  iter 50/743  loss=0.1022  lr=1.67e-05
[00:31:39 INFO] Epoch 37/50  iter 100/743  loss=0.0988  lr=1.66e-05
[00:31:53 INFO] Epoch 37/50  iter 150/743  loss=0.0658  lr=1.66e-05
[00:32:06 INFO] Epoch 37/50  iter 200/743  loss=0.1662  lr=1.65e-05
[00:32:19 INFO] Epoch 37/50  iter 250/743  loss=0.0475  lr=1.64e-05
[00:32:33 INFO] Epoch 37/50  iter 300/743  loss=0.1088  lr=1.63e-05
[00:32:46 INFO] Epoch 37/50  iter 350/743  loss=0.0937  lr=1.62e-05
[00:33:00 INFO] Epoch 37/50  iter 400/743  loss=0.1413  lr=1.62e-05
[00:33:13 INFO] Epoch 37/50  iter 450/743  loss=0.1257  lr=1.61e-05
[00:33:27 INFO] Epoch 37/50  iter 500/743  loss=0.1548  lr=1.60e-05
[00:33:40 INFO] Epoch 37/50  iter 550/743  loss=0.1604  lr=1.59e-05
[00:33:54 INFO] Epoch 37/50  iter 600/743  loss=0.1945  lr=1.58e-05
[00:34:07 INFO] Epoch 37/50  iter 650/743  loss=0.1303  lr=1.57e-05
[00:34:21 INFO] Epoch 37/50  iter 700/743  loss=0.1493  lr=1.57e-05
[00:34:32 INFO] Epoch 37 complete — avg_loss=0.1193  time=201s
[00:34:47 INFO] Epoch 38/50  iter 50/743  loss=0.1228  lr=1.55e-05
[00:35:00 INFO] Epoch 38/50  iter 100/743  loss=0.1027  lr=1.54e-05
[00:35:14 INFO] Epoch 38/50  iter 150/743  loss=0.0817  lr=1.54e-05
[00:35:27 INFO] Epoch 38/50  iter 200/743  loss=0.0569  lr=1.53e-05
[00:35:41 INFO] Epoch 38/50  iter 250/743  loss=0.0814  lr=1.52e-05
[00:35:54 INFO] Epoch 38/50  iter 300/743  loss=0.1028  lr=1.51e-05
[00:36:08 INFO] Epoch 38/50  iter 350/743  loss=0.2150  lr=1.50e-05
[00:36:21 INFO] Epoch 38/50  iter 400/743  loss=0.0224  lr=1.50e-05
[00:36:35 INFO] Epoch 38/50  iter 450/743  loss=0.1529  lr=1.49e-05
[00:36:48 INFO] Epoch 38/50  iter 500/743  loss=0.1179  lr=1.48e-05
[00:37:02 INFO] Epoch 38/50  iter 550/743  loss=0.1331  lr=1.47e-05
[00:37:15 INFO] Epoch 38/50  iter 600/743  loss=0.1367  lr=1.46e-05
[00:37:29 INFO] Epoch 38/50  iter 650/743  loss=0.1249  lr=1.45e-05
[00:37:42 INFO] Epoch 38/50  iter 700/743  loss=0.1004  lr=1.45e-05
[00:37:54 INFO] Epoch 38 complete — avg_loss=0.1132  time=201s
[00:38:08 INFO] Epoch 39/50  iter 50/743  loss=0.1264  lr=1.43e-05
[00:38:22 INFO] Epoch 39/50  iter 100/743  loss=0.1263  lr=1.42e-05
[00:38:35 INFO] Epoch 39/50  iter 150/743  loss=0.0682  lr=1.42e-05
[00:38:49 INFO] Epoch 39/50  iter 200/743  loss=0.1755  lr=1.41e-05
[00:39:02 INFO] Epoch 39/50  iter 250/743  loss=0.0833  lr=1.40e-05
[00:39:16 INFO] Epoch 39/50  iter 300/743  loss=0.1195  lr=1.39e-05
[00:39:29 INFO] Epoch 39/50  iter 350/743  loss=0.2317  lr=1.38e-05
[00:39:43 INFO] Epoch 39/50  iter 400/743  loss=0.1441  lr=1.38e-05
[00:39:56 INFO] Epoch 39/50  iter 450/743  loss=0.1214  lr=1.37e-05
[00:40:10 INFO] Epoch 39/50  iter 500/743  loss=0.0666  lr=1.36e-05
[00:40:23 INFO] Epoch 39/50  iter 550/743  loss=0.2209  lr=1.35e-05
[00:40:36 INFO] Epoch 39/50  iter 600/743  loss=0.0756  lr=1.34e-05
[00:40:50 INFO] Epoch 39/50  iter 650/743  loss=0.0581  lr=1.33e-05
[00:41:03 INFO] Epoch 39/50  iter 700/743  loss=0.2299  lr=1.33e-05
[00:41:15 INFO] Epoch 39 complete — avg_loss=0.1160  time=201s
[00:41:29 INFO] Epoch 40/50  iter 50/743  loss=0.1105  lr=1.31e-05
[00:41:43 INFO] Epoch 40/50  iter 100/743  loss=0.0730  lr=1.30e-05
[00:41:56 INFO] Epoch 40/50  iter 150/743  loss=0.1055  lr=1.30e-05
[00:42:10 INFO] Epoch 40/50  iter 200/743  loss=0.0910  lr=1.29e-05
[00:42:23 INFO] Epoch 40/50  iter 250/743  loss=0.1321  lr=1.28e-05
[00:42:37 INFO] Epoch 40/50  iter 300/743  loss=0.1237  lr=1.27e-05
[00:42:50 INFO] Epoch 40/50  iter 350/743  loss=0.1659  lr=1.26e-05
[00:43:04 INFO] Epoch 40/50  iter 400/743  loss=0.1242  lr=1.26e-05
[00:43:17 INFO] Epoch 40/50  iter 450/743  loss=0.1257  lr=1.25e-05
[00:43:31 INFO] Epoch 40/50  iter 500/743  loss=0.1081  lr=1.24e-05
[00:43:44 INFO] Epoch 40/50  iter 550/743  loss=0.0797  lr=1.23e-05
[00:43:58 INFO] Epoch 40/50  iter 600/743  loss=0.1520  lr=1.22e-05
[00:44:11 INFO] Epoch 40/50  iter 650/743  loss=0.1327  lr=1.21e-05
[00:44:25 INFO] Epoch 40/50  iter 700/743  loss=0.1072  lr=1.21e-05
[00:44:36 INFO] Epoch 40 complete — avg_loss=0.1134  time=201s
[00:46:30 INFO]   val mIoU = 0.7676
[00:46:31 INFO]   ★ New best val mIoU: 0.7676
[00:46:45 INFO] Epoch 41/50  iter 50/743  loss=0.1428  lr=1.19e-05
[00:46:58 INFO] Epoch 41/50  iter 100/743  loss=0.0771  lr=1.18e-05
[00:47:12 INFO] Epoch 41/50  iter 150/743  loss=0.0739  lr=1.18e-05
[00:47:25 INFO] Epoch 41/50  iter 200/743  loss=0.1381  lr=1.17e-05
[00:47:39 INFO] Epoch 41/50  iter 250/743  loss=0.1172  lr=1.16e-05
[00:47:52 INFO] Epoch 41/50  iter 300/743  loss=0.1517  lr=1.15e-05
[00:48:06 INFO] Epoch 41/50  iter 350/743  loss=0.0583  lr=1.14e-05
[00:48:19 INFO] Epoch 41/50  iter 400/743  loss=0.0914  lr=1.14e-05
[00:48:33 INFO] Epoch 41/50  iter 450/743  loss=0.0538  lr=1.13e-05
[00:48:46 INFO] Epoch 41/50  iter 500/743  loss=0.2499  lr=1.12e-05
[00:49:00 INFO] Epoch 41/50  iter 550/743  loss=0.0836  lr=1.11e-05
[00:49:13 INFO] Epoch 41/50  iter 600/743  loss=0.0609  lr=1.10e-05
[00:49:27 INFO] Epoch 41/50  iter 650/743  loss=0.1650  lr=1.09e-05
[00:49:40 INFO] Epoch 41/50  iter 700/743  loss=0.1379  lr=1.09e-05
[00:49:52 INFO] Epoch 41 complete — avg_loss=0.1163  time=201s
[00:50:06 INFO] Epoch 42/50  iter 50/743  loss=0.1492  lr=1.07e-05
[00:50:20 INFO] Epoch 42/50  iter 100/743  loss=0.1093  lr=1.06e-05
[00:50:33 INFO] Epoch 42/50  iter 150/743  loss=0.0724  lr=1.06e-05
[00:50:47 INFO] Epoch 42/50  iter 200/743  loss=0.0615  lr=1.05e-05
[00:51:00 INFO] Epoch 42/50  iter 250/743  loss=0.0408  lr=1.04e-05
[00:51:14 INFO] Epoch 42/50  iter 300/743  loss=0.1464  lr=1.03e-05
[00:51:27 INFO] Epoch 42/50  iter 350/743  loss=0.0521  lr=1.02e-05
[00:51:41 INFO] Epoch 42/50  iter 400/743  loss=0.0741  lr=1.02e-05
[00:51:54 INFO] Epoch 42/50  iter 450/743  loss=0.0881  lr=1.01e-05
[00:52:07 INFO] Epoch 42/50  iter 500/743  loss=0.0665  lr=9.99e-06
[00:52:21 INFO] Epoch 42/50  iter 550/743  loss=0.0891  lr=9.91e-06
[00:52:34 INFO] Epoch 42/50  iter 600/743  loss=0.1036  lr=9.83e-06
[00:52:48 INFO] Epoch 42/50  iter 650/743  loss=0.0861  lr=9.75e-06
[00:53:01 INFO] Epoch 42/50  iter 700/743  loss=0.0686  lr=9.67e-06
[00:53:13 INFO] Epoch 42 complete — avg_loss=0.1230  time=201s
[00:53:27 INFO] Epoch 43/50  iter 50/743  loss=0.0948  lr=9.52e-06
[00:53:41 INFO] Epoch 43/50  iter 100/743  loss=0.0800  lr=9.44e-06
[00:53:54 INFO] Epoch 43/50  iter 150/743  loss=0.0940  lr=9.36e-06
[00:54:08 INFO] Epoch 43/50  iter 200/743  loss=0.1417  lr=9.28e-06
[00:54:21 INFO] Epoch 43/50  iter 250/743  loss=0.1320  lr=9.19e-06
[00:54:35 INFO] Epoch 43/50  iter 300/743  loss=0.1117  lr=9.11e-06
[00:54:48 INFO] Epoch 43/50  iter 350/743  loss=0.1166  lr=9.03e-06
[00:55:02 INFO] Epoch 43/50  iter 400/743  loss=0.1881  lr=8.95e-06
[00:55:15 INFO] Epoch 43/50  iter 450/743  loss=0.0829  lr=8.87e-06
[00:55:29 INFO] Epoch 43/50  iter 500/743  loss=0.0964  lr=8.79e-06
[00:55:42 INFO] Epoch 43/50  iter 550/743  loss=0.1020  lr=8.71e-06
[00:55:56 INFO] Epoch 43/50  iter 600/743  loss=0.0828  lr=8.63e-06
[00:56:09 INFO] Epoch 43/50  iter 650/743  loss=0.0170  lr=8.55e-06
[00:56:22 INFO] Epoch 43/50  iter 700/743  loss=0.0989  lr=8.47e-06
[00:56:34 INFO] Epoch 43 complete — avg_loss=0.1112  time=201s
[00:56:48 INFO] Epoch 44/50  iter 50/743  loss=0.1215  lr=8.32e-06
[00:57:02 INFO] Epoch 44/50  iter 100/743  loss=0.1385  lr=8.24e-06
[00:57:15 INFO] Epoch 44/50  iter 150/743  loss=0.0528  lr=8.16e-06
[00:57:29 INFO] Epoch 44/50  iter 200/743  loss=0.0635  lr=8.08e-06
[00:57:42 INFO] Epoch 44/50  iter 250/743  loss=0.0606  lr=7.99e-06
[00:57:56 INFO] Epoch 44/50  iter 300/743  loss=0.0866  lr=7.91e-06
[00:58:09 INFO] Epoch 44/50  iter 350/743  loss=0.1390  lr=7.83e-06
[00:58:23 INFO] Epoch 44/50  iter 400/743  loss=0.1683  lr=7.75e-06
[00:58:36 INFO] Epoch 44/50  iter 450/743  loss=0.0920  lr=7.67e-06
[00:58:50 INFO] Epoch 44/50  iter 500/743  loss=0.0755  lr=7.59e-06
[00:59:03 INFO] Epoch 44/50  iter 550/743  loss=0.1184  lr=7.51e-06
[00:59:17 INFO] Epoch 44/50  iter 600/743  loss=0.1970  lr=7.43e-06
[00:59:30 INFO] Epoch 44/50  iter 650/743  loss=0.0271  lr=7.35e-06
[00:59:44 INFO] Epoch 44/50  iter 700/743  loss=0.0757  lr=7.27e-06
[00:59:55 INFO] Epoch 44 complete — avg_loss=0.1136  time=201s
[01:00:10 INFO] Epoch 45/50  iter 50/743  loss=0.0660  lr=7.12e-06
[01:00:23 INFO] Epoch 45/50  iter 100/743  loss=0.2010  lr=7.04e-06
[01:00:37 INFO] Epoch 45/50  iter 150/743  loss=0.0778  lr=6.96e-06
[01:00:50 INFO] Epoch 45/50  iter 200/743  loss=0.1095  lr=6.88e-06
[01:01:03 INFO] Epoch 45/50  iter 250/743  loss=0.0875  lr=6.79e-06
[01:01:17 INFO] Epoch 45/50  iter 300/743  loss=0.1329  lr=6.71e-06
[01:01:30 INFO] Epoch 45/50  iter 350/743  loss=0.6074  lr=6.63e-06
[01:01:44 INFO] Epoch 45/50  iter 400/743  loss=0.1244  lr=6.55e-06
[01:01:57 INFO] Epoch 45/50  iter 450/743  loss=0.0851  lr=6.47e-06
[01:02:11 INFO] Epoch 45/50  iter 500/743  loss=0.2520  lr=6.39e-06
[01:02:24 INFO] Epoch 45/50  iter 550/743  loss=0.1177  lr=6.31e-06
[01:02:38 INFO] Epoch 45/50  iter 600/743  loss=0.1179  lr=6.23e-06
[01:02:51 INFO] Epoch 45/50  iter 650/743  loss=0.0735  lr=6.15e-06
[01:03:05 INFO] Epoch 45/50  iter 700/743  loss=0.1415  lr=6.07e-06
[01:03:16 INFO] Epoch 45 complete — avg_loss=0.1145  time=201s
[01:05:09 INFO]   val mIoU = 0.7736
[01:05:10 INFO]   ★ New best val mIoU: 0.7736
[01:05:24 INFO] Epoch 46/50  iter 50/743  loss=0.1459  lr=5.92e-06
[01:05:38 INFO] Epoch 46/50  iter 100/743  loss=0.0643  lr=5.84e-06
[01:05:51 INFO] Epoch 46/50  iter 150/743  loss=0.2058  lr=5.76e-06
[01:06:05 INFO] Epoch 46/50  iter 200/743  loss=0.0840  lr=5.68e-06
[01:06:18 INFO] Epoch 46/50  iter 250/743  loss=0.1642  lr=5.59e-06
[01:06:32 INFO] Epoch 46/50  iter 300/743  loss=0.1588  lr=5.51e-06
[01:06:45 INFO] Epoch 46/50  iter 350/743  loss=0.0988  lr=5.43e-06
[01:06:59 INFO] Epoch 46/50  iter 400/743  loss=0.0981  lr=5.35e-06
[01:07:12 INFO] Epoch 46/50  iter 450/743  loss=0.0351  lr=5.27e-06
[01:07:26 INFO] Epoch 46/50  iter 500/743  loss=0.0459  lr=5.19e-06
[01:07:39 INFO] Epoch 46/50  iter 550/743  loss=0.0997  lr=5.11e-06
[01:07:53 INFO] Epoch 46/50  iter 600/743  loss=0.1296  lr=5.03e-06
[01:08:06 INFO] Epoch 46/50  iter 650/743  loss=0.1416  lr=4.95e-06
[01:08:20 INFO] Epoch 46/50  iter 700/743  loss=0.0646  lr=4.87e-06
[01:08:31 INFO] Epoch 46 complete — avg_loss=0.1121  time=201s
[01:08:46 INFO] Epoch 47/50  iter 50/743  loss=0.0786  lr=4.72e-06
[01:08:59 INFO] Epoch 47/50  iter 100/743  loss=0.0675  lr=4.64e-06
[01:09:13 INFO] Epoch 47/50  iter 150/743  loss=0.1879  lr=4.56e-06
[01:09:26 INFO] Epoch 47/50  iter 200/743  loss=0.0782  lr=4.48e-06
[01:09:39 INFO] Epoch 47/50  iter 250/743  loss=0.0583  lr=4.39e-06
[01:09:53 INFO] Epoch 47/50  iter 300/743  loss=0.1271  lr=4.31e-06
[01:10:06 INFO] Epoch 47/50  iter 350/743  loss=0.0910  lr=4.23e-06
[01:10:20 INFO] Epoch 47/50  iter 400/743  loss=0.0630  lr=4.15e-06
[01:10:33 INFO] Epoch 47/50  iter 450/743  loss=0.1255  lr=4.07e-06
[01:10:47 INFO] Epoch 47/50  iter 500/743  loss=0.1039  lr=3.99e-06
[01:11:00 INFO] Epoch 47/50  iter 550/743  loss=0.0865  lr=3.91e-06
[01:11:14 INFO] Epoch 47/50  iter 600/743  loss=0.1166  lr=3.83e-06
[01:11:27 INFO] Epoch 47/50  iter 650/743  loss=0.0711  lr=3.75e-06
[01:11:41 INFO] Epoch 47/50  iter 700/743  loss=0.1243  lr=3.67e-06
[01:11:53 INFO] Epoch 47 complete — avg_loss=0.1125  time=201s
[01:12:07 INFO] Epoch 48/50  iter 50/743  loss=0.0603  lr=3.52e-06
[01:12:20 INFO] Epoch 48/50  iter 100/743  loss=0.0905  lr=3.44e-06
[01:12:34 INFO] Epoch 48/50  iter 150/743  loss=0.0577  lr=3.36e-06
[01:12:47 INFO] Epoch 48/50  iter 200/743  loss=0.1103  lr=3.28e-06
[01:13:01 INFO] Epoch 48/50  iter 250/743  loss=0.1698  lr=3.19e-06
[01:13:14 INFO] Epoch 48/50  iter 300/743  loss=0.0686  lr=3.11e-06
[01:13:28 INFO] Epoch 48/50  iter 350/743  loss=0.1525  lr=3.03e-06
[01:13:41 INFO] Epoch 48/50  iter 400/743  loss=0.2133  lr=2.95e-06
[01:13:55 INFO] Epoch 48/50  iter 450/743  loss=0.0641  lr=2.87e-06
[01:14:08 INFO] Epoch 48/50  iter 500/743  loss=0.0892  lr=2.79e-06
[01:14:22 INFO] Epoch 48/50  iter 550/743  loss=0.0695  lr=2.71e-06
[01:14:35 INFO] Epoch 48/50  iter 600/743  loss=0.1044  lr=2.63e-06
[01:14:49 INFO] Epoch 48/50  iter 650/743  loss=0.0897  lr=2.55e-06
[01:15:02 INFO] Epoch 48/50  iter 700/743  loss=0.1047  lr=2.47e-06
[01:15:14 INFO] Epoch 48 complete — avg_loss=0.1090  time=201s
[01:15:28 INFO] Epoch 49/50  iter 50/743  loss=0.1440  lr=2.32e-06
[01:15:42 INFO] Epoch 49/50  iter 100/743  loss=0.1658  lr=2.24e-06
[01:15:55 INFO] Epoch 49/50  iter 150/743  loss=0.0583  lr=2.16e-06
[01:16:09 INFO] Epoch 49/50  iter 200/743  loss=0.1939  lr=2.08e-06
[01:16:22 INFO] Epoch 49/50  iter 250/743  loss=0.1323  lr=1.99e-06
[01:16:36 INFO] Epoch 49/50  iter 300/743  loss=0.0611  lr=1.91e-06
[01:16:49 INFO] Epoch 49/50  iter 350/743  loss=0.1145  lr=1.83e-06
[01:17:03 INFO] Epoch 49/50  iter 400/743  loss=0.1507  lr=1.75e-06
[01:17:16 INFO] Epoch 49/50  iter 450/743  loss=0.1269  lr=1.67e-06
[01:17:30 INFO] Epoch 49/50  iter 500/743  loss=0.1262  lr=1.59e-06
[01:17:43 INFO] Epoch 49/50  iter 550/743  loss=0.5351  lr=1.51e-06
[01:17:57 INFO] Epoch 49/50  iter 600/743  loss=0.1646  lr=1.43e-06
[01:18:10 INFO] Epoch 49/50  iter 650/743  loss=0.0606  lr=1.35e-06
[01:18:24 INFO] Epoch 49/50  iter 700/743  loss=0.0896  lr=1.27e-06
[01:18:35 INFO] Epoch 49 complete — avg_loss=0.1138  time=201s
[01:18:50 INFO] Epoch 50/50  iter 50/743  loss=0.1071  lr=1.12e-06
[01:19:03 INFO] Epoch 50/50  iter 100/743  loss=0.0807  lr=1.04e-06
[01:19:17 INFO] Epoch 50/50  iter 150/743  loss=0.1371  lr=9.56e-07
[01:19:30 INFO] Epoch 50/50  iter 200/743  loss=0.0913  lr=8.75e-07
[01:19:44 INFO] Epoch 50/50  iter 250/743  loss=0.1483  lr=7.95e-07
[01:19:57 INFO] Epoch 50/50  iter 300/743  loss=0.0554  lr=7.14e-07
[01:20:11 INFO] Epoch 50/50  iter 350/743  loss=0.1261  lr=6.33e-07
[01:20:24 INFO] Epoch 50/50  iter 400/743  loss=0.1029  lr=5.52e-07
[01:20:38 INFO] Epoch 50/50  iter 450/743  loss=0.1105  lr=4.72e-07
[01:20:51 INFO] Epoch 50/50  iter 500/743  loss=0.1391  lr=3.91e-07
[01:21:05 INFO] Epoch 50/50  iter 550/743  loss=0.0809  lr=3.10e-07
[01:21:18 INFO] Epoch 50/50  iter 600/743  loss=0.1065  lr=2.29e-07
[01:21:31 INFO] Epoch 50/50  iter 650/743  loss=0.0949  lr=1.49e-07
[01:21:45 INFO] Epoch 50/50  iter 700/743  loss=0.1712  lr=6.78e-08
[01:21:57 INFO] Epoch 50 complete — avg_loss=0.1128  time=201s
[01:23:50 INFO]   val mIoU = 0.7755
[01:23:51 INFO]   ★ New best val mIoU: 0.7755
[01:23:51 INFO] Training complete. Best val mIoU = 0.7755
