[06:30:53 INFO] Device: cuda
[06:30:58 INFO] Train: 2975 samples  |  Val: 500 samples
[06:31:40 INFO] Epoch 1/50  iter 50/743  loss=1.5550  lr=5.99e-05
[06:32:27 INFO] Epoch 1/50  iter 100/743  loss=1.3726  lr=5.98e-05
[06:33:02 INFO] Epoch 1/50  iter 150/743  loss=0.7121  lr=5.98e-05
[06:33:37 INFO] Epoch 1/50  iter 200/743  loss=0.9093  lr=5.97e-05
[06:34:13 INFO] Epoch 1/50  iter 250/743  loss=1.8473  lr=5.96e-05
[06:34:48 INFO] Epoch 1/50  iter 300/743  loss=1.1412  lr=5.95e-05
[06:35:25 INFO] Epoch 1/50  iter 350/743  loss=0.9640  lr=5.94e-05
[06:36:02 INFO] Epoch 1/50  iter 400/743  loss=0.5258  lr=5.94e-05
[06:36:40 INFO] Epoch 1/50  iter 450/743  loss=0.4695  lr=5.93e-05
[06:37:22 INFO] Epoch 1/50  iter 500/743  loss=0.4717  lr=5.92e-05
[06:38:03 INFO] Epoch 1/50  iter 550/743  loss=0.7135  lr=5.91e-05
[06:38:44 INFO] Epoch 1/50  iter 600/743  loss=0.5051  lr=5.90e-05
[06:39:24 INFO] Epoch 1/50  iter 650/743  loss=0.3969  lr=5.89e-05
[06:40:05 INFO] Epoch 1/50  iter 700/743  loss=1.1571  lr=5.89e-05
[06:40:39 INFO] Epoch 1 complete — avg_loss=0.8935  time=581s
[06:41:22 INFO] Epoch 2/50  iter 50/743  loss=0.8425  lr=5.87e-05
[06:42:00 INFO] Epoch 2/50  iter 100/743  loss=0.7134  lr=5.86e-05
[06:42:39 INFO] Epoch 2/50  iter 150/743  loss=0.4580  lr=5.86e-05
[06:43:17 INFO] Epoch 2/50  iter 200/743  loss=0.4476  lr=5.85e-05
[06:43:55 INFO] Epoch 2/50  iter 250/743  loss=0.4117  lr=5.84e-05
[06:44:30 INFO] Epoch 2/50  iter 300/743  loss=0.2819  lr=5.83e-05
[06:45:07 INFO] Epoch 2/50  iter 350/743  loss=0.3921  lr=5.82e-05
[06:45:44 INFO] Epoch 2/50  iter 400/743  loss=0.2556  lr=5.82e-05
[06:46:20 INFO] Epoch 2/50  iter 450/743  loss=0.3318  lr=5.81e-05
[06:46:55 INFO] Epoch 2/50  iter 500/743  loss=0.4224  lr=5.80e-05
[06:47:27 INFO] Epoch 2/50  iter 550/743  loss=0.4401  lr=5.79e-05
[06:48:00 INFO] Epoch 2/50  iter 600/743  loss=0.2725  lr=5.78e-05
[06:48:33 INFO] Epoch 2/50  iter 650/743  loss=0.4804  lr=5.77e-05
[06:49:05 INFO] Epoch 2/50  iter 700/743  loss=0.2883  lr=5.77e-05
[06:49:33 INFO] Epoch 2 complete — avg_loss=0.4990  time=533s
[06:50:18 INFO] Epoch 3/50  iter 50/743  loss=0.4089  lr=5.75e-05
[06:50:51 INFO] Epoch 3/50  iter 100/743  loss=0.4478  lr=5.74e-05
[06:51:28 INFO] Epoch 3/50  iter 150/743  loss=0.2480  lr=5.74e-05
[06:52:04 INFO] Epoch 3/50  iter 200/743  loss=0.2338  lr=5.73e-05
[06:52:39 INFO] Epoch 3/50  iter 250/743  loss=0.5030  lr=5.72e-05
[06:53:13 INFO] Epoch 3/50  iter 300/743  loss=0.8114  lr=5.71e-05
[06:53:47 INFO] Epoch 3/50  iter 350/743  loss=0.3924  lr=5.70e-05
[06:54:20 INFO] Epoch 3/50  iter 400/743  loss=0.4158  lr=5.70e-05
[06:54:53 INFO] Epoch 3/50  iter 450/743  loss=0.4602  lr=5.69e-05
[06:55:25 INFO] Epoch 3/50  iter 500/743  loss=0.2582  lr=5.68e-05
[06:55:57 INFO] Epoch 3/50  iter 550/743  loss=0.2796  lr=5.67e-05
[06:56:30 INFO] Epoch 3/50  iter 600/743  loss=0.3763  lr=5.66e-05
[06:57:03 INFO] Epoch 3/50  iter 650/743  loss=0.4581  lr=5.65e-05
[06:57:36 INFO] Epoch 3/50  iter 700/743  loss=0.3349  lr=5.65e-05
[06:58:03 INFO] Epoch 3 complete — avg_loss=0.4304  time=509s
[06:58:39 INFO] Epoch 4/50  iter 50/743  loss=0.2403  lr=5.63e-05
[06:59:11 INFO] Epoch 4/50  iter 100/743  loss=0.2773  lr=5.62e-05
[06:59:46 INFO] Epoch 4/50  iter 150/743  loss=0.2599  lr=5.62e-05
[07:00:18 INFO] Epoch 4/50  iter 200/743  loss=0.2552  lr=5.61e-05
[07:00:53 INFO] Epoch 4/50  iter 250/743  loss=0.3600  lr=5.60e-05
[07:01:26 INFO] Epoch 4/50  iter 300/743  loss=0.2381  lr=5.59e-05
[07:01:59 INFO] Epoch 4/50  iter 350/743  loss=0.1738  lr=5.58e-05
[07:02:32 INFO] Epoch 4/50  iter 400/743  loss=0.2013  lr=5.58e-05
[07:03:05 INFO] Epoch 4/50  iter 450/743  loss=0.3912  lr=5.57e-05
[07:03:36 INFO] Epoch 4/50  iter 500/743  loss=0.4630  lr=5.56e-05
[07:04:09 INFO] Epoch 4/50  iter 550/743  loss=0.3484  lr=5.55e-05
[07:04:47 INFO] Epoch 4/50  iter 600/743  loss=0.3514  lr=5.54e-05
[07:05:21 INFO] Epoch 4/50  iter 650/743  loss=0.2060  lr=5.53e-05
[07:05:56 INFO] Epoch 4/50  iter 700/743  loss=0.1817  lr=5.53e-05
[07:06:24 INFO] Epoch 4 complete — avg_loss=0.3771  time=500s
[07:07:05 INFO] Epoch 5/50  iter 50/743  loss=0.2163  lr=5.51e-05
[07:07:37 INFO] Epoch 5/50  iter 100/743  loss=0.3747  lr=5.50e-05
[07:08:12 INFO] Epoch 5/50  iter 150/743  loss=0.3755  lr=5.50e-05
[07:08:43 INFO] Epoch 5/50  iter 200/743  loss=0.1324  lr=5.49e-05
[07:09:16 INFO] Epoch 5/50  iter 250/743  loss=0.4757  lr=5.48e-05
[07:09:48 INFO] Epoch 5/50  iter 300/743  loss=0.3934  lr=5.47e-05
[07:10:21 INFO] Epoch 5/50  iter 350/743  loss=0.2399  lr=5.46e-05
[07:10:55 INFO] Epoch 5/50  iter 400/743  loss=0.2368  lr=5.46e-05
[07:11:29 INFO] Epoch 5/50  iter 450/743  loss=0.2820  lr=5.45e-05
[07:12:01 INFO] Epoch 5/50  iter 500/743  loss=0.1502  lr=5.44e-05
[07:12:35 INFO] Epoch 5/50  iter 550/743  loss=0.6357  lr=5.43e-05
[07:13:06 INFO] Epoch 5/50  iter 600/743  loss=1.3597  lr=5.42e-05
[07:13:40 INFO] Epoch 5/50  iter 650/743  loss=0.5039  lr=5.41e-05
[07:14:11 INFO] Epoch 5/50  iter 700/743  loss=0.3378  lr=5.41e-05
[07:14:40 INFO] Epoch 5 complete — avg_loss=0.3630  time=495s
[07:15:33 INFO]   val mIoU = 0.4859
[07:15:34 INFO]   ★ New best val mIoU: 0.4859
[07:16:12 INFO] Epoch 6/50  iter 50/743  loss=0.1475  lr=5.39e-05
[07:16:47 INFO] Epoch 6/50  iter 100/743  loss=1.2084  lr=5.38e-05
[07:17:20 INFO] Epoch 6/50  iter 150/743  loss=0.5914  lr=5.38e-05
[07:17:55 INFO] Epoch 6/50  iter 200/743  loss=0.5436  lr=5.37e-05
[07:18:29 INFO] Epoch 6/50  iter 250/743  loss=0.3743  lr=5.36e-05
[07:19:04 INFO] Epoch 6/50  iter 300/743  loss=0.1272  lr=5.35e-05
[07:19:39 INFO] Epoch 6/50  iter 350/743  loss=0.5428  lr=5.34e-05
[07:20:15 INFO] Epoch 6/50  iter 400/743  loss=0.2927  lr=5.34e-05
[07:20:49 INFO] Epoch 6/50  iter 450/743  loss=0.2025  lr=5.33e-05
[07:21:25 INFO] Epoch 6/50  iter 500/743  loss=0.3546  lr=5.32e-05
[07:21:59 INFO] Epoch 6/50  iter 550/743  loss=0.5706  lr=5.31e-05
[07:22:35 INFO] Epoch 6/50  iter 600/743  loss=0.3026  lr=5.30e-05
[07:23:08 INFO] Epoch 6/50  iter 650/743  loss=0.4978  lr=5.29e-05
[07:23:50 INFO] Epoch 6/50  iter 700/743  loss=0.6195  lr=5.29e-05
[07:24:22 INFO] Epoch 6 complete — avg_loss=0.3302  time=526s
[07:25:04 INFO] Epoch 7/50  iter 50/743  loss=0.4965  lr=5.27e-05
[07:25:43 INFO] Epoch 7/50  iter 100/743  loss=0.1859  lr=5.26e-05
[07:26:18 INFO] Epoch 7/50  iter 150/743  loss=0.1122  lr=5.26e-05
[07:26:54 INFO] Epoch 7/50  iter 200/743  loss=0.4203  lr=5.25e-05
[07:27:27 INFO] Epoch 7/50  iter 250/743  loss=0.3091  lr=5.24e-05
[07:28:02 INFO] Epoch 7/50  iter 300/743  loss=0.2406  lr=5.23e-05
[07:28:37 INFO] Epoch 7/50  iter 350/743  loss=0.2105  lr=5.22e-05
[07:29:16 INFO] Epoch 7/50  iter 400/743  loss=0.3313  lr=5.22e-05
[07:29:53 INFO] Epoch 7/50  iter 450/743  loss=0.3406  lr=5.21e-05
[07:30:31 INFO] Epoch 7/50  iter 500/743  loss=0.2412  lr=5.20e-05
[07:31:08 INFO] Epoch 7/50  iter 550/743  loss=0.2511  lr=5.19e-05
[07:31:46 INFO] Epoch 7/50  iter 600/743  loss=0.1685  lr=5.18e-05
[07:32:22 INFO] Epoch 7/50  iter 650/743  loss=0.1672  lr=5.17e-05
[07:33:01 INFO] Epoch 7/50  iter 700/743  loss=0.2454  lr=5.17e-05
[07:33:33 INFO] Epoch 7 complete — avg_loss=0.3083  time=550s
[07:34:13 INFO] Epoch 8/50  iter 50/743  loss=0.2532  lr=5.15e-05
[07:34:49 INFO] Epoch 8/50  iter 100/743  loss=0.2382  lr=5.14e-05
[07:35:24 INFO] Epoch 8/50  iter 150/743  loss=0.2563  lr=5.14e-05
[07:36:00 INFO] Epoch 8/50  iter 200/743  loss=0.1939  lr=5.13e-05
[07:36:34 INFO] Epoch 8/50  iter 250/743  loss=0.2634  lr=5.12e-05
[07:37:10 INFO] Epoch 8/50  iter 300/743  loss=0.4883  lr=5.11e-05
[07:37:43 INFO] Epoch 8/50  iter 350/743  loss=0.7197  lr=5.10e-05
[07:38:19 INFO] Epoch 8/50  iter 400/743  loss=0.3175  lr=5.10e-05
[07:38:51 INFO] Epoch 8/50  iter 450/743  loss=0.3003  lr=5.09e-05
[07:39:26 INFO] Epoch 8/50  iter 500/743  loss=0.1933  lr=5.08e-05
[07:39:58 INFO] Epoch 8/50  iter 550/743  loss=0.1653  lr=5.07e-05
[07:40:34 INFO] Epoch 8/50  iter 600/743  loss=0.7636  lr=5.06e-05
[07:41:07 INFO] Epoch 8/50  iter 650/743  loss=0.2405  lr=5.05e-05
[07:41:40 INFO] Epoch 8/50  iter 700/743  loss=0.1546  lr=5.05e-05
[07:42:08 INFO] Epoch 8 complete — avg_loss=0.3092  time=515s
[07:42:48 INFO] Epoch 9/50  iter 50/743  loss=0.2210  lr=5.03e-05
[07:43:24 INFO] Epoch 9/50  iter 100/743  loss=0.2259  lr=5.02e-05
[07:43:58 INFO] Epoch 9/50  iter 150/743  loss=0.3016  lr=5.02e-05
[07:44:33 INFO] Epoch 9/50  iter 200/743  loss=0.1823  lr=5.01e-05
[07:45:09 INFO] Epoch 9/50  iter 250/743  loss=0.1378  lr=5.00e-05
[07:45:42 INFO] Epoch 9/50  iter 300/743  loss=0.1160  lr=4.99e-05
[07:46:15 INFO] Epoch 9/50  iter 350/743  loss=0.2654  lr=4.98e-05
[07:46:51 INFO] Epoch 9/50  iter 400/743  loss=0.3165  lr=4.98e-05
[07:47:25 INFO] Epoch 9/50  iter 450/743  loss=0.5281  lr=4.97e-05
[07:47:59 INFO] Epoch 9/50  iter 500/743  loss=0.3834  lr=4.96e-05
[07:48:37 INFO] Epoch 9/50  iter 550/743  loss=0.1374  lr=4.95e-05
[07:49:13 INFO] Epoch 9/50  iter 600/743  loss=0.3103  lr=4.94e-05
[07:49:45 INFO] Epoch 9/50  iter 650/743  loss=0.2643  lr=4.93e-05
[07:50:22 INFO] Epoch 9/50  iter 700/743  loss=0.1525  lr=4.93e-05
[07:50:51 INFO] Epoch 9 complete — avg_loss=0.2916  time=522s
[07:51:31 INFO] Epoch 10/50  iter 50/743  loss=0.1624  lr=4.91e-05
[07:52:09 INFO] Epoch 10/50  iter 100/743  loss=0.4233  lr=4.90e-05
[07:52:49 INFO] Epoch 10/50  iter 150/743  loss=0.2211  lr=4.90e-05
[07:53:25 INFO] Epoch 10/50  iter 200/743  loss=0.1429  lr=4.89e-05
[07:54:05 INFO] Epoch 10/50  iter 250/743  loss=0.1482  lr=4.88e-05
[07:54:39 INFO] Epoch 10/50  iter 300/743  loss=0.1201  lr=4.87e-05
[07:55:15 INFO] Epoch 10/50  iter 350/743  loss=1.1497  lr=4.86e-05
[07:55:53 INFO] Epoch 10/50  iter 400/743  loss=0.2452  lr=4.86e-05
[07:56:32 INFO] Epoch 10/50  iter 450/743  loss=0.1800  lr=4.85e-05
[07:57:05 INFO] Epoch 10/50  iter 500/743  loss=0.2203  lr=4.84e-05
[07:57:40 INFO] Epoch 10/50  iter 550/743  loss=0.2757  lr=4.83e-05
[07:58:13 INFO] Epoch 10/50  iter 600/743  loss=0.3894  lr=4.82e-05
[07:58:51 INFO] Epoch 10/50  iter 650/743  loss=0.2842  lr=4.81e-05
[07:59:29 INFO] Epoch 10/50  iter 700/743  loss=0.6448  lr=4.81e-05
[08:00:02 INFO] Epoch 10 complete — avg_loss=0.2862  time=551s
[08:00:57 INFO]   val mIoU = 0.5463
[08:00:58 INFO]   ★ New best val mIoU: 0.5463
[08:01:38 INFO] Epoch 11/50  iter 50/743  loss=0.1644  lr=4.79e-05
[08:02:13 INFO] Epoch 11/50  iter 100/743  loss=0.2307  lr=4.78e-05
[08:02:49 INFO] Epoch 11/50  iter 150/743  loss=0.2568  lr=4.78e-05
[08:03:24 INFO] Epoch 11/50  iter 200/743  loss=0.2589  lr=4.77e-05
[08:04:00 INFO] Epoch 11/50  iter 250/743  loss=0.1258  lr=4.76e-05
[08:04:34 INFO] Epoch 11/50  iter 300/743  loss=0.2312  lr=4.75e-05
[08:05:11 INFO] Epoch 11/50  iter 350/743  loss=0.2940  lr=4.74e-05
[08:05:44 INFO] Epoch 11/50  iter 400/743  loss=0.2308  lr=4.74e-05
[08:06:21 INFO] Epoch 11/50  iter 450/743  loss=0.2395  lr=4.73e-05
[08:06:56 INFO] Epoch 11/50  iter 500/743  loss=0.1463  lr=4.72e-05
[08:07:33 INFO] Epoch 11/50  iter 550/743  loss=0.3935  lr=4.71e-05
[08:08:07 INFO] Epoch 11/50  iter 600/743  loss=0.2819  lr=4.70e-05
[08:08:44 INFO] Epoch 11/50  iter 650/743  loss=0.4980  lr=4.69e-05
[08:09:18 INFO] Epoch 11/50  iter 700/743  loss=0.2376  lr=4.69e-05
[08:09:47 INFO] Epoch 11 complete — avg_loss=0.2716  time=528s
[08:10:23 INFO] Epoch 12/50  iter 50/743  loss=0.2857  lr=4.67e-05
[08:10:59 INFO] Epoch 12/50  iter 100/743  loss=0.1036  lr=4.66e-05
[08:11:32 INFO] Epoch 12/50  iter 150/743  loss=0.4655  lr=4.66e-05
[08:12:07 INFO] Epoch 12/50  iter 200/743  loss=0.6817  lr=4.65e-05
[08:12:39 INFO] Epoch 12/50  iter 250/743  loss=0.3802  lr=4.64e-05
[08:13:13 INFO] Epoch 12/50  iter 300/743  loss=0.4491  lr=4.63e-05
[08:13:46 INFO] Epoch 12/50  iter 350/743  loss=0.1923  lr=4.62e-05
[08:14:20 INFO] Epoch 12/50  iter 400/743  loss=0.3937  lr=4.62e-05
[08:14:52 INFO] Epoch 12/50  iter 450/743  loss=0.2494  lr=4.61e-05
[08:15:27 INFO] Epoch 12/50  iter 500/743  loss=0.2143  lr=4.60e-05
[08:16:01 INFO] Epoch 12/50  iter 550/743  loss=0.1729  lr=4.59e-05
[08:16:35 INFO] Epoch 12/50  iter 600/743  loss=0.1700  lr=4.58e-05
[08:17:10 INFO] Epoch 12/50  iter 650/743  loss=0.3721  lr=4.57e-05
[08:17:43 INFO] Epoch 12/50  iter 700/743  loss=0.1549  lr=4.57e-05
[08:18:13 INFO] Epoch 12 complete — avg_loss=0.2660  time=505s
[08:18:54 INFO] Epoch 13/50  iter 50/743  loss=0.2871  lr=4.55e-05
[08:19:29 INFO] Epoch 13/50  iter 100/743  loss=0.1587  lr=4.54e-05
[08:20:03 INFO] Epoch 13/50  iter 150/743  loss=0.4186  lr=4.54e-05
[08:20:38 INFO] Epoch 13/50  iter 200/743  loss=0.2057  lr=4.53e-05
[08:21:13 INFO] Epoch 13/50  iter 250/743  loss=0.2005  lr=4.52e-05
[08:21:51 INFO] Epoch 13/50  iter 300/743  loss=0.2537  lr=4.51e-05
[08:22:28 INFO] Epoch 13/50  iter 350/743  loss=0.1045  lr=4.50e-05
[08:23:10 INFO] Epoch 13/50  iter 400/743  loss=0.2800  lr=4.50e-05
[08:23:46 INFO] Epoch 13/50  iter 450/743  loss=0.3194  lr=4.49e-05
[08:24:24 INFO] Epoch 13/50  iter 500/743  loss=0.1375  lr=4.48e-05
[08:25:01 INFO] Epoch 13/50  iter 550/743  loss=0.2393  lr=4.47e-05
[08:25:35 INFO] Epoch 13/50  iter 600/743  loss=0.1435  lr=4.46e-05
[08:26:08 INFO] Epoch 13/50  iter 650/743  loss=0.2281  lr=4.45e-05
[08:26:42 INFO] Epoch 13/50  iter 700/743  loss=0.1945  lr=4.45e-05
[08:27:10 INFO] Epoch 13 complete — avg_loss=0.2668  time=536s
[08:27:48 INFO] Epoch 14/50  iter 50/743  loss=0.1030  lr=4.43e-05
[08:28:23 INFO] Epoch 14/50  iter 100/743  loss=0.1036  lr=4.42e-05
[08:28:58 INFO] Epoch 14/50  iter 150/743  loss=0.2508  lr=4.42e-05
[08:29:35 INFO] Epoch 14/50  iter 200/743  loss=0.1980  lr=4.41e-05
[08:30:09 INFO] Epoch 14/50  iter 250/743  loss=0.2545  lr=4.40e-05
[08:30:44 INFO] Epoch 14/50  iter 300/743  loss=0.3897  lr=4.39e-05
[08:31:18 INFO] Epoch 14/50  iter 350/743  loss=0.6578  lr=4.38e-05
[08:31:53 INFO] Epoch 14/50  iter 400/743  loss=0.2791  lr=4.38e-05
[08:32:27 INFO] Epoch 14/50  iter 450/743  loss=0.1838  lr=4.37e-05
[08:33:02 INFO] Epoch 14/50  iter 500/743  loss=0.1214  lr=4.36e-05
[08:33:35 INFO] Epoch 14/50  iter 550/743  loss=0.3144  lr=4.35e-05
[08:34:10 INFO] Epoch 14/50  iter 600/743  loss=0.2114  lr=4.34e-05
[08:34:44 INFO] Epoch 14/50  iter 650/743  loss=0.2707  lr=4.33e-05
[08:35:19 INFO] Epoch 14/50  iter 700/743  loss=0.2157  lr=4.33e-05
[08:35:47 INFO] Epoch 14 complete — avg_loss=0.2511  time=516s
[08:36:22 INFO] Epoch 15/50  iter 50/743  loss=0.4851  lr=4.31e-05
[08:36:56 INFO] Epoch 15/50  iter 100/743  loss=0.2666  lr=4.30e-05
[08:37:30 INFO] Epoch 15/50  iter 150/743  loss=0.1578  lr=4.30e-05
[08:38:07 INFO] Epoch 15/50  iter 200/743  loss=0.2004  lr=4.29e-05
[08:38:46 INFO] Epoch 15/50  iter 250/743  loss=0.1918  lr=4.28e-05
[08:39:21 INFO] Epoch 15/50  iter 300/743  loss=0.3528  lr=4.27e-05
[08:39:55 INFO] Epoch 15/50  iter 350/743  loss=0.1477  lr=4.26e-05
[08:40:28 INFO] Epoch 15/50  iter 400/743  loss=0.1446  lr=4.26e-05
[08:41:09 INFO] Epoch 15/50  iter 450/743  loss=0.1908  lr=4.25e-05
[08:41:49 INFO] Epoch 15/50  iter 500/743  loss=0.2624  lr=4.24e-05
[08:42:30 INFO] Epoch 15/50  iter 550/743  loss=0.6271  lr=4.23e-05
[08:43:08 INFO] Epoch 15/50  iter 600/743  loss=0.1411  lr=4.22e-05
[08:43:49 INFO] Epoch 15/50  iter 650/743  loss=0.1413  lr=4.21e-05
[08:44:26 INFO] Epoch 15/50  iter 700/743  loss=0.0601  lr=4.21e-05
[08:44:54 INFO] Epoch 15 complete — avg_loss=0.2482  time=546s
[08:45:53 INFO]   val mIoU = 0.5935
[08:45:54 INFO]   ★ New best val mIoU: 0.5935
[08:46:37 INFO] Epoch 16/50  iter 50/743  loss=0.1935  lr=4.19e-05
[08:47:15 INFO] Epoch 16/50  iter 100/743  loss=0.9864  lr=4.18e-05
[08:47:48 INFO] Epoch 16/50  iter 150/743  loss=0.2134  lr=4.18e-05
[08:48:23 INFO] Epoch 16/50  iter 200/743  loss=0.1183  lr=4.17e-05
[08:48:55 INFO] Epoch 16/50  iter 250/743  loss=0.2117  lr=4.16e-05
[08:49:30 INFO] Epoch 16/50  iter 300/743  loss=0.3186  lr=4.15e-05
[08:50:04 INFO] Epoch 16/50  iter 350/743  loss=0.1807  lr=4.14e-05
[08:50:39 INFO] Epoch 16/50  iter 400/743  loss=0.2450  lr=4.14e-05
[08:51:14 INFO] Epoch 16/50  iter 450/743  loss=0.1690  lr=4.13e-05
[08:51:50 INFO] Epoch 16/50  iter 500/743  loss=0.2829  lr=4.12e-05
[08:52:23 INFO] Epoch 16/50  iter 550/743  loss=0.1430  lr=4.11e-05
[08:52:59 INFO] Epoch 16/50  iter 600/743  loss=0.2854  lr=4.10e-05
[08:53:33 INFO] Epoch 16/50  iter 650/743  loss=0.2027  lr=4.09e-05
[08:54:08 INFO] Epoch 16/50  iter 700/743  loss=0.2058  lr=4.09e-05
[08:54:37 INFO] Epoch 16 complete — avg_loss=0.2456  time=522s
[08:55:15 INFO] Epoch 17/50  iter 50/743  loss=1.2303  lr=4.07e-05
[08:55:49 INFO] Epoch 17/50  iter 100/743  loss=0.2272  lr=4.06e-05
[08:56:24 INFO] Epoch 17/50  iter 150/743  loss=0.1185  lr=4.06e-05
[08:56:59 INFO] Epoch 17/50  iter 200/743  loss=0.1727  lr=4.05e-05
[08:57:33 INFO] Epoch 17/50  iter 250/743  loss=0.1804  lr=4.04e-05
[08:58:09 INFO] Epoch 17/50  iter 300/743  loss=0.2224  lr=4.03e-05
[08:58:43 INFO] Epoch 17/50  iter 350/743  loss=0.2192  lr=4.02e-05
[08:59:19 INFO] Epoch 17/50  iter 400/743  loss=0.1474  lr=4.02e-05
[08:59:53 INFO] Epoch 17/50  iter 450/743  loss=0.1154  lr=4.01e-05
[09:00:29 INFO] Epoch 17/50  iter 500/743  loss=0.4287  lr=4.00e-05
[09:01:05 INFO] Epoch 17/50  iter 550/743  loss=0.6794  lr=3.99e-05
[09:01:43 INFO] Epoch 17/50  iter 600/743  loss=0.1698  lr=3.98e-05
[09:02:23 INFO] Epoch 17/50  iter 650/743  loss=0.1430  lr=3.97e-05
[09:03:02 INFO] Epoch 17/50  iter 700/743  loss=0.0954  lr=3.97e-05
[09:03:35 INFO] Epoch 17 complete — avg_loss=0.2412  time=537s
[09:04:12 INFO] Epoch 18/50  iter 50/743  loss=0.1624  lr=3.95e-05
[09:04:51 INFO] Epoch 18/50  iter 100/743  loss=0.2165  lr=3.94e-05
[09:05:29 INFO] Epoch 18/50  iter 150/743  loss=0.4345  lr=3.94e-05
[09:06:08 INFO] Epoch 18/50  iter 200/743  loss=0.1816  lr=3.93e-05
[09:06:46 INFO] Epoch 18/50  iter 250/743  loss=0.2533  lr=3.92e-05
[09:07:24 INFO] Epoch 18/50  iter 300/743  loss=0.1177  lr=3.91e-05
[09:08:06 INFO] Epoch 18/50  iter 350/743  loss=0.2930  lr=3.90e-05
[09:08:44 INFO] Epoch 18/50  iter 400/743  loss=0.4128  lr=3.90e-05
[09:09:23 INFO] Epoch 18/50  iter 450/743  loss=0.1355  lr=3.89e-05
[09:10:05 INFO] Epoch 18/50  iter 500/743  loss=0.2983  lr=3.88e-05
[09:10:46 INFO] Epoch 18/50  iter 550/743  loss=0.2342  lr=3.87e-05
[09:11:29 INFO] Epoch 18/50  iter 600/743  loss=0.2855  lr=3.86e-05
[09:12:08 INFO] Epoch 18/50  iter 650/743  loss=0.1203  lr=3.85e-05
[09:12:46 INFO] Epoch 18/50  iter 700/743  loss=0.1570  lr=3.85e-05
[09:13:20 INFO] Epoch 18 complete — avg_loss=0.2321  time=584s
[09:14:03 INFO] Epoch 19/50  iter 50/743  loss=0.2178  lr=3.83e-05
[09:14:38 INFO] Epoch 19/50  iter 100/743  loss=0.1391  lr=3.82e-05
[09:15:12 INFO] Epoch 19/50  iter 150/743  loss=0.1707  lr=3.82e-05
[09:15:53 INFO] Epoch 19/50  iter 200/743  loss=0.2491  lr=3.81e-05
[09:16:29 INFO] Epoch 19/50  iter 250/743  loss=0.1684  lr=3.80e-05
[09:17:10 INFO] Epoch 19/50  iter 300/743  loss=0.1879  lr=3.79e-05
[09:17:48 INFO] Epoch 19/50  iter 350/743  loss=0.2951  lr=3.78e-05
[09:18:27 INFO] Epoch 19/50  iter 400/743  loss=0.2861  lr=3.78e-05
[09:19:03 INFO] Epoch 19/50  iter 450/743  loss=0.1689  lr=3.77e-05
[09:19:37 INFO] Epoch 19/50  iter 500/743  loss=0.2246  lr=3.76e-05
[09:20:09 INFO] Epoch 19/50  iter 550/743  loss=0.1705  lr=3.75e-05
[09:20:43 INFO] Epoch 19/50  iter 600/743  loss=0.2197  lr=3.74e-05
[09:21:16 INFO] Epoch 19/50  iter 650/743  loss=0.1889  lr=3.73e-05
[09:21:51 INFO] Epoch 19/50  iter 700/743  loss=0.1645  lr=3.73e-05
[09:22:23 INFO] Epoch 19 complete — avg_loss=0.2323  time=542s
[09:23:03 INFO] Epoch 20/50  iter 50/743  loss=0.2031  lr=3.71e-05
[09:23:39 INFO] Epoch 20/50  iter 100/743  loss=0.2459  lr=3.70e-05
[09:24:14 INFO] Epoch 20/50  iter 150/743  loss=0.2385  lr=3.70e-05
[09:24:49 INFO] Epoch 20/50  iter 200/743  loss=0.1205  lr=3.69e-05
[09:25:24 INFO] Epoch 20/50  iter 250/743  loss=0.2633  lr=3.68e-05
[09:25:58 INFO] Epoch 20/50  iter 300/743  loss=0.2733  lr=3.67e-05
[09:26:31 INFO] Epoch 20/50  iter 350/743  loss=0.3169  lr=3.66e-05
[09:27:05 INFO] Epoch 20/50  iter 400/743  loss=0.1183  lr=3.66e-05
[09:27:38 INFO] Epoch 20/50  iter 450/743  loss=0.4450  lr=3.65e-05
[09:28:11 INFO] Epoch 20/50  iter 500/743  loss=0.1556  lr=3.64e-05
[09:28:45 INFO] Epoch 20/50  iter 550/743  loss=0.0925  lr=3.63e-05
[09:29:19 INFO] Epoch 20/50  iter 600/743  loss=0.1324  lr=3.62e-05
[09:29:53 INFO] Epoch 20/50  iter 650/743  loss=0.1458  lr=3.61e-05
[09:30:26 INFO] Epoch 20/50  iter 700/743  loss=0.2187  lr=3.61e-05
[09:30:57 INFO] Epoch 20 complete — avg_loss=0.2192  time=513s
[09:31:50 INFO]   val mIoU = 0.6095
[09:31:51 INFO]   ★ New best val mIoU: 0.6095
[09:32:29 INFO] Epoch 21/50  iter 50/743  loss=0.1367  lr=3.59e-05
[09:33:04 INFO] Epoch 21/50  iter 100/743  loss=0.1132  lr=3.58e-05
[09:33:38 INFO] Epoch 21/50  iter 150/743  loss=0.1479  lr=3.58e-05
[09:34:12 INFO] Epoch 21/50  iter 200/743  loss=0.2867  lr=3.57e-05
[09:34:47 INFO] Epoch 21/50  iter 250/743  loss=0.2276  lr=3.56e-05
[09:35:22 INFO] Epoch 21/50  iter 300/743  loss=0.1678  lr=3.55e-05
[09:35:54 INFO] Epoch 21/50  iter 350/743  loss=0.1922  lr=3.54e-05
[09:36:29 INFO] Epoch 21/50  iter 400/743  loss=0.1703  lr=3.54e-05
[09:37:03 INFO] Epoch 21/50  iter 450/743  loss=0.0975  lr=3.53e-05
[09:37:37 INFO] Epoch 21/50  iter 500/743  loss=0.2879  lr=3.52e-05
[09:38:10 INFO] Epoch 21/50  iter 550/743  loss=0.1042  lr=3.51e-05
[09:38:47 INFO] Epoch 21/50  iter 600/743  loss=0.2103  lr=3.50e-05
[09:39:26 INFO] Epoch 21/50  iter 650/743  loss=0.1656  lr=3.49e-05
[09:40:00 INFO] Epoch 21/50  iter 700/743  loss=0.1925  lr=3.49e-05
[09:40:31 INFO] Epoch 21 complete — avg_loss=0.2223  time=519s
[09:41:08 INFO] Epoch 22/50  iter 50/743  loss=0.1153  lr=3.47e-05
[09:41:42 INFO] Epoch 22/50  iter 100/743  loss=0.1671  lr=3.46e-05
[09:42:16 INFO] Epoch 22/50  iter 150/743  loss=0.1661  lr=3.46e-05
[09:42:52 INFO] Epoch 22/50  iter 200/743  loss=0.1682  lr=3.45e-05
[09:43:27 INFO] Epoch 22/50  iter 250/743  loss=0.3151  lr=3.44e-05
[09:44:02 INFO] Epoch 22/50  iter 300/743  loss=0.3189  lr=3.43e-05
[09:44:37 INFO] Epoch 22/50  iter 350/743  loss=0.2086  lr=3.42e-05
[09:45:13 INFO] Epoch 22/50  iter 400/743  loss=0.1985  lr=3.42e-05
[09:45:47 INFO] Epoch 22/50  iter 450/743  loss=0.2595  lr=3.41e-05
[09:46:23 INFO] Epoch 22/50  iter 500/743  loss=0.1534  lr=3.40e-05
[09:46:56 INFO] Epoch 22/50  iter 550/743  loss=0.1537  lr=3.39e-05
[09:47:33 INFO] Epoch 22/50  iter 600/743  loss=0.1066  lr=3.38e-05
[09:48:08 INFO] Epoch 22/50  iter 650/743  loss=0.2258  lr=3.37e-05
[09:48:42 INFO] Epoch 22/50  iter 700/743  loss=0.1554  lr=3.37e-05
[09:49:10 INFO] Epoch 22 complete — avg_loss=0.2188  time=518s
[09:49:47 INFO] Epoch 23/50  iter 50/743  loss=0.0969  lr=3.35e-05
[09:50:23 INFO] Epoch 23/50  iter 100/743  loss=0.1496  lr=3.34e-05
[09:50:57 INFO] Epoch 23/50  iter 150/743  loss=0.8874  lr=3.34e-05
[09:51:33 INFO] Epoch 23/50  iter 200/743  loss=0.1815  lr=3.33e-05
[09:52:07 INFO] Epoch 23/50  iter 250/743  loss=0.1885  lr=3.32e-05
[09:52:45 INFO] Epoch 23/50  iter 300/743  loss=0.2396  lr=3.31e-05
[09:53:19 INFO] Epoch 23/50  iter 350/743  loss=0.2260  lr=3.30e-05
[09:53:54 INFO] Epoch 23/50  iter 400/743  loss=0.1920  lr=3.30e-05
[09:54:29 INFO] Epoch 23/50  iter 450/743  loss=0.1285  lr=3.29e-05
[09:55:09 INFO] Epoch 23/50  iter 500/743  loss=0.0902  lr=3.28e-05
[09:55:43 INFO] Epoch 23/50  iter 550/743  loss=0.1193  lr=3.27e-05
[09:56:16 INFO] Epoch 23/50  iter 600/743  loss=0.1932  lr=3.26e-05
[09:56:55 INFO] Epoch 23/50  iter 650/743  loss=0.2921  lr=3.25e-05
[09:57:35 INFO] Epoch 23/50  iter 700/743  loss=0.2249  lr=3.25e-05
[09:58:08 INFO] Epoch 23 complete — avg_loss=0.2188  time=537s
[09:58:44 INFO] Epoch 24/50  iter 50/743  loss=0.1445  lr=3.23e-05
[09:59:17 INFO] Epoch 24/50  iter 100/743  loss=0.1976  lr=3.22e-05
[09:59:53 INFO] Epoch 24/50  iter 150/743  loss=0.2721  lr=3.22e-05
[10:00:28 INFO] Epoch 24/50  iter 200/743  loss=0.1247  lr=3.21e-05
[10:01:02 INFO] Epoch 24/50  iter 250/743  loss=0.0708  lr=3.20e-05
[10:01:38 INFO] Epoch 24/50  iter 300/743  loss=0.2527  lr=3.19e-05
[10:02:12 INFO] Epoch 24/50  iter 350/743  loss=0.3422  lr=3.18e-05
[10:02:46 INFO] Epoch 24/50  iter 400/743  loss=0.1827  lr=3.18e-05
[10:03:20 INFO] Epoch 24/50  iter 450/743  loss=0.3079  lr=3.17e-05
[10:03:56 INFO] Epoch 24/50  iter 500/743  loss=0.1908  lr=3.16e-05
[10:04:31 INFO] Epoch 24/50  iter 550/743  loss=0.1749  lr=3.15e-05
[10:05:08 INFO] Epoch 24/50  iter 600/743  loss=0.1480  lr=3.14e-05
[10:05:43 INFO] Epoch 24/50  iter 650/743  loss=0.2184  lr=3.13e-05
[10:06:19 INFO] Epoch 24/50  iter 700/743  loss=0.1615  lr=3.13e-05
[10:06:47 INFO] Epoch 24 complete — avg_loss=0.2045  time=519s
[10:07:28 INFO] Epoch 25/50  iter 50/743  loss=0.1965  lr=3.11e-05
[10:08:06 INFO] Epoch 25/50  iter 100/743  loss=0.1085  lr=3.10e-05
[10:08:46 INFO] Epoch 25/50  iter 150/743  loss=0.2172  lr=3.10e-05
[10:09:22 INFO] Epoch 25/50  iter 200/743  loss=0.1259  lr=3.09e-05
[10:09:58 INFO] Epoch 25/50  iter 250/743  loss=0.2317  lr=3.08e-05
[10:10:35 INFO] Epoch 25/50  iter 300/743  loss=0.0985  lr=3.07e-05
[10:11:11 INFO] Epoch 25/50  iter 350/743  loss=0.2635  lr=3.06e-05
[10:11:47 INFO] Epoch 25/50  iter 400/743  loss=0.0816  lr=3.06e-05
[10:12:22 INFO] Epoch 25/50  iter 450/743  loss=0.3747  lr=3.05e-05
[10:12:58 INFO] Epoch 25/50  iter 500/743  loss=0.1657  lr=3.04e-05
[10:13:34 INFO] Epoch 25/50  iter 550/743  loss=0.3354  lr=3.03e-05
[10:14:07 INFO] Epoch 25/50  iter 600/743  loss=0.1035  lr=3.02e-05
[10:14:41 INFO] Epoch 25/50  iter 650/743  loss=0.1448  lr=3.01e-05
[10:15:14 INFO] Epoch 25/50  iter 700/743  loss=0.2207  lr=3.01e-05
[10:15:44 INFO] Epoch 25 complete — avg_loss=0.1995  time=536s
[10:16:37 INFO]   val mIoU = 0.6127
[10:16:38 INFO]   ★ New best val mIoU: 0.6127
[10:17:19 INFO] Epoch 26/50  iter 50/743  loss=0.2462  lr=2.99e-05
[10:17:56 INFO] Epoch 26/50  iter 100/743  loss=0.2130  lr=2.98e-05
[10:18:30 INFO] Epoch 26/50  iter 150/743  loss=0.2075  lr=2.98e-05
[10:19:06 INFO] Epoch 26/50  iter 200/743  loss=0.1144  lr=2.97e-05
[10:19:42 INFO] Epoch 26/50  iter 250/743  loss=0.1289  lr=2.96e-05
[10:20:21 INFO] Epoch 26/50  iter 300/743  loss=0.1300  lr=2.95e-05
[10:20:58 INFO] Epoch 26/50  iter 350/743  loss=0.1018  lr=2.94e-05
[10:21:38 INFO] Epoch 26/50  iter 400/743  loss=0.1732  lr=2.94e-05
[10:22:15 INFO] Epoch 26/50  iter 450/743  loss=0.1194  lr=2.93e-05
[10:22:54 INFO] Epoch 26/50  iter 500/743  loss=0.3593  lr=2.92e-05
[10:23:27 INFO] Epoch 26/50  iter 550/743  loss=0.1619  lr=2.91e-05
[10:24:02 INFO] Epoch 26/50  iter 600/743  loss=0.1862  lr=2.90e-05
[10:24:38 INFO] Epoch 26/50  iter 650/743  loss=0.1059  lr=2.89e-05
[10:25:13 INFO] Epoch 26/50  iter 700/743  loss=0.1429  lr=2.89e-05
[10:25:41 INFO] Epoch 26 complete — avg_loss=0.2141  time=542s
[10:26:17 INFO] Epoch 27/50  iter 50/743  loss=0.2467  lr=2.87e-05
[10:26:49 INFO] Epoch 27/50  iter 100/743  loss=0.5967  lr=2.86e-05
[10:27:23 INFO] Epoch 27/50  iter 150/743  loss=0.0939  lr=2.86e-05
[10:27:56 INFO] Epoch 27/50  iter 200/743  loss=0.1292  lr=2.85e-05
[10:28:29 INFO] Epoch 27/50  iter 250/743  loss=0.2258  lr=2.84e-05
[10:29:02 INFO] Epoch 27/50  iter 300/743  loss=0.1774  lr=2.83e-05
[10:29:37 INFO] Epoch 27/50  iter 350/743  loss=0.0862  lr=2.82e-05
[10:30:09 INFO] Epoch 27/50  iter 400/743  loss=0.1852  lr=2.82e-05
[10:30:43 INFO] Epoch 27/50  iter 450/743  loss=0.1533  lr=2.81e-05
[10:31:19 INFO] Epoch 27/50  iter 500/743  loss=0.1361  lr=2.80e-05
[10:31:57 INFO] Epoch 27/50  iter 550/743  loss=0.0887  lr=2.79e-05
[10:32:30 INFO] Epoch 27/50  iter 600/743  loss=0.4913  lr=2.78e-05
[10:33:05 INFO] Epoch 27/50  iter 650/743  loss=0.1597  lr=2.77e-05
[10:33:40 INFO] Epoch 27/50  iter 700/743  loss=0.1765  lr=2.77e-05
[10:34:08 INFO] Epoch 27 complete — avg_loss=0.2066  time=506s
[10:34:50 INFO] Epoch 28/50  iter 50/743  loss=0.2100  lr=2.75e-05
[10:35:29 INFO] Epoch 28/50  iter 100/743  loss=0.0864  lr=2.74e-05
[10:36:02 INFO] Epoch 28/50  iter 150/743  loss=0.2183  lr=2.74e-05
[10:36:36 INFO] Epoch 28/50  iter 200/743  loss=0.0750  lr=2.73e-05
[10:37:08 INFO] Epoch 28/50  iter 250/743  loss=0.2590  lr=2.72e-05
[10:37:42 INFO] Epoch 28/50  iter 300/743  loss=0.1043  lr=2.71e-05
[10:38:14 INFO] Epoch 28/50  iter 350/743  loss=0.1291  lr=2.70e-05
[10:38:47 INFO] Epoch 28/50  iter 400/743  loss=0.4740  lr=2.70e-05
[10:39:20 INFO] Epoch 28/50  iter 450/743  loss=0.1790  lr=2.69e-05
[10:39:54 INFO] Epoch 28/50  iter 500/743  loss=0.2747  lr=2.68e-05
[10:40:25 INFO] Epoch 28/50  iter 550/743  loss=0.1051  lr=2.67e-05
[10:40:59 INFO] Epoch 28/50  iter 600/743  loss=0.1261  lr=2.66e-05
[10:41:33 INFO] Epoch 28/50  iter 650/743  loss=0.2944  lr=2.65e-05
[10:42:08 INFO] Epoch 28/50  iter 700/743  loss=0.1655  lr=2.65e-05
[10:42:36 INFO] Epoch 28 complete — avg_loss=0.2047  time=507s
[10:43:14 INFO] Epoch 29/50  iter 50/743  loss=0.6214  lr=2.63e-05
[10:43:50 INFO] Epoch 29/50  iter 100/743  loss=0.1210  lr=2.62e-05
[10:44:25 INFO] Epoch 29/50  iter 150/743  loss=0.2173  lr=2.62e-05
[10:45:00 INFO] Epoch 29/50  iter 200/743  loss=0.1133  lr=2.61e-05
[10:45:35 INFO] Epoch 29/50  iter 250/743  loss=0.1634  lr=2.60e-05
[10:46:11 INFO] Epoch 29/50  iter 300/743  loss=0.1700  lr=2.59e-05
[10:46:45 INFO] Epoch 29/50  iter 350/743  loss=0.1419  lr=2.58e-05
[10:47:21 INFO] Epoch 29/50  iter 400/743  loss=0.1868  lr=2.58e-05
[10:47:54 INFO] Epoch 29/50  iter 450/743  loss=0.2368  lr=2.57e-05
[10:48:30 INFO] Epoch 29/50  iter 500/743  loss=0.1008  lr=2.56e-05
[10:49:04 INFO] Epoch 29/50  iter 550/743  loss=0.1216  lr=2.55e-05
[10:49:41 INFO] Epoch 29/50  iter 600/743  loss=0.1033  lr=2.54e-05
[10:50:17 INFO] Epoch 29/50  iter 650/743  loss=0.0761  lr=2.53e-05
[10:50:55 INFO] Epoch 29/50  iter 700/743  loss=0.0658  lr=2.53e-05
[10:51:23 INFO] Epoch 29 complete — avg_loss=0.1970  time=526s
[10:52:05 INFO] Epoch 30/50  iter 50/743  loss=0.1364  lr=2.51e-05
[10:52:44 INFO] Epoch 30/50  iter 100/743  loss=0.1995  lr=2.50e-05
[10:53:19 INFO] Epoch 30/50  iter 150/743  loss=0.1388  lr=2.50e-05
[10:53:54 INFO] Epoch 30/50  iter 200/743  loss=0.1093  lr=2.49e-05
[10:54:26 INFO] Epoch 30/50  iter 250/743  loss=0.1285  lr=2.48e-05
[10:55:01 INFO] Epoch 30/50  iter 300/743  loss=0.1576  lr=2.47e-05
[10:55:35 INFO] Epoch 30/50  iter 350/743  loss=0.2589  lr=2.46e-05
[10:56:10 INFO] Epoch 30/50  iter 400/743  loss=0.1097  lr=2.46e-05
[10:56:43 INFO] Epoch 30/50  iter 450/743  loss=0.3127  lr=2.45e-05
[10:57:19 INFO] Epoch 30/50  iter 500/743  loss=0.1125  lr=2.44e-05
[10:57:53 INFO] Epoch 30/50  iter 550/743  loss=0.2670  lr=2.43e-05
[10:58:29 INFO] Epoch 30/50  iter 600/743  loss=0.1637  lr=2.42e-05
[10:59:04 INFO] Epoch 30/50  iter 650/743  loss=0.0760  lr=2.41e-05
[10:59:39 INFO] Epoch 30/50  iter 700/743  loss=0.1367  lr=2.41e-05
[11:00:08 INFO] Epoch 30 complete — avg_loss=0.2030  time=524s
[11:01:01 INFO]   val mIoU = 0.5713
[11:01:39 INFO] Epoch 31/50  iter 50/743  loss=0.0625  lr=2.39e-05
[11:02:14 INFO] Epoch 31/50  iter 100/743  loss=0.0984  lr=2.38e-05
[11:02:55 INFO] Epoch 31/50  iter 150/743  loss=0.1848  lr=2.38e-05
[11:03:32 INFO] Epoch 31/50  iter 200/743  loss=0.2012  lr=2.37e-05
[11:04:13 INFO] Epoch 31/50  iter 250/743  loss=0.1946  lr=2.36e-05
[11:04:51 INFO] Epoch 31/50  iter 300/743  loss=0.1955  lr=2.35e-05
[11:05:33 INFO] Epoch 31/50  iter 350/743  loss=0.1143  lr=2.34e-05
[11:06:13 INFO] Epoch 31/50  iter 400/743  loss=0.5003  lr=2.34e-05
[11:06:56 INFO] Epoch 31/50  iter 450/743  loss=0.1753  lr=2.33e-05
[11:07:36 INFO] Epoch 31/50  iter 500/743  loss=0.3596  lr=2.32e-05
[11:08:14 INFO] Epoch 31/50  iter 550/743  loss=0.1520  lr=2.31e-05
[11:08:49 INFO] Epoch 31/50  iter 600/743  loss=0.2284  lr=2.30e-05
[11:09:29 INFO] Epoch 31/50  iter 650/743  loss=0.1516  lr=2.29e-05
[11:10:09 INFO] Epoch 31/50  iter 700/743  loss=0.1519  lr=2.29e-05
[11:10:40 INFO] Epoch 31 complete — avg_loss=0.1899  time=578s
[11:11:17 INFO] Epoch 32/50  iter 50/743  loss=0.1133  lr=2.27e-05
[11:11:53 INFO] Epoch 32/50  iter 100/743  loss=0.2250  lr=2.26e-05
[11:12:25 INFO] Epoch 32/50  iter 150/743  loss=0.1565  lr=2.26e-05
[11:12:59 INFO] Epoch 32/50  iter 200/743  loss=0.2198  lr=2.25e-05
[11:13:32 INFO] Epoch 32/50  iter 250/743  loss=0.1611  lr=2.24e-05
[11:14:07 INFO] Epoch 32/50  iter 300/743  loss=0.1696  lr=2.23e-05
[11:14:40 INFO] Epoch 32/50  iter 350/743  loss=0.1179  lr=2.22e-05
[11:15:15 INFO] Epoch 32/50  iter 400/743  loss=0.1533  lr=2.22e-05
[11:15:48 INFO] Epoch 32/50  iter 450/743  loss=0.1574  lr=2.21e-05
[11:16:23 INFO] Epoch 32/50  iter 500/743  loss=0.1238  lr=2.20e-05
[11:16:57 INFO] Epoch 32/50  iter 550/743  loss=0.1646  lr=2.19e-05
[11:17:32 INFO] Epoch 32/50  iter 600/743  loss=0.2135  lr=2.18e-05
[11:18:08 INFO] Epoch 32/50  iter 650/743  loss=0.1501  lr=2.17e-05
[11:18:45 INFO] Epoch 32/50  iter 700/743  loss=0.1085  lr=2.17e-05
[11:19:14 INFO] Epoch 32 complete — avg_loss=0.1868  time=513s
[11:19:52 INFO] Epoch 33/50  iter 50/743  loss=0.1424  lr=2.15e-05
[11:20:25 INFO] Epoch 33/50  iter 100/743  loss=0.0955  lr=2.14e-05
[11:21:00 INFO] Epoch 33/50  iter 150/743  loss=0.2097  lr=2.14e-05
[11:21:34 INFO] Epoch 33/50  iter 200/743  loss=0.1287  lr=2.13e-05
[11:22:07 INFO] Epoch 33/50  iter 250/743  loss=0.0815  lr=2.12e-05
[11:22:42 INFO] Epoch 33/50  iter 300/743  loss=0.1779  lr=2.11e-05
[11:23:15 INFO] Epoch 33/50  iter 350/743  loss=0.1144  lr=2.10e-05
[11:23:50 INFO] Epoch 33/50  iter 400/743  loss=0.1703  lr=2.10e-05
[11:24:24 INFO] Epoch 33/50  iter 450/743  loss=0.1894  lr=2.09e-05
[11:25:00 INFO] Epoch 33/50  iter 500/743  loss=0.1573  lr=2.08e-05
[11:25:32 INFO] Epoch 33/50  iter 550/743  loss=0.2393  lr=2.07e-05
[11:26:08 INFO] Epoch 33/50  iter 600/743  loss=0.1270  lr=2.06e-05
[11:26:41 INFO] Epoch 33/50  iter 650/743  loss=0.2757  lr=2.05e-05
[11:27:17 INFO] Epoch 33/50  iter 700/743  loss=0.1119  lr=2.05e-05
[11:27:45 INFO] Epoch 33 complete — avg_loss=0.1874  time=511s
[11:28:22 INFO] Epoch 34/50  iter 50/743  loss=0.1755  lr=2.03e-05
[11:28:55 INFO] Epoch 34/50  iter 100/743  loss=0.3604  lr=2.02e-05
[11:29:30 INFO] Epoch 34/50  iter 150/743  loss=0.1724  lr=2.02e-05
[11:30:06 INFO] Epoch 34/50  iter 200/743  loss=0.1056  lr=2.01e-05
[11:30:40 INFO] Epoch 34/50  iter 250/743  loss=0.1599  lr=2.00e-05
[11:31:14 INFO] Epoch 34/50  iter 300/743  loss=0.1769  lr=1.99e-05
[11:31:47 INFO] Epoch 34/50  iter 350/743  loss=0.1634  lr=1.98e-05
[11:32:23 INFO] Epoch 34/50  iter 400/743  loss=0.1477  lr=1.98e-05
[11:32:56 INFO] Epoch 34/50  iter 450/743  loss=0.1277  lr=1.97e-05
[11:33:31 INFO] Epoch 34/50  iter 500/743  loss=0.0894  lr=1.96e-05
[11:34:04 INFO] Epoch 34/50  iter 550/743  loss=0.3000  lr=1.95e-05
[11:34:39 INFO] Epoch 34/50  iter 600/743  loss=0.1095  lr=1.94e-05
[11:35:12 INFO] Epoch 34/50  iter 650/743  loss=0.1035  lr=1.93e-05
[11:35:47 INFO] Epoch 34/50  iter 700/743  loss=0.1414  lr=1.93e-05
[11:36:15 INFO] Epoch 34 complete — avg_loss=0.1891  time=509s
[11:36:58 INFO] Epoch 35/50  iter 50/743  loss=0.1406  lr=1.91e-05
[11:37:34 INFO] Epoch 35/50  iter 100/743  loss=0.2018  lr=1.90e-05
[11:38:12 INFO] Epoch 35/50  iter 150/743  loss=0.1319  lr=1.90e-05
[11:38:51 INFO] Epoch 35/50  iter 200/743  loss=0.1899  lr=1.89e-05
[11:39:26 INFO] Epoch 35/50  iter 250/743  loss=0.1301  lr=1.88e-05
[11:40:05 INFO] Epoch 35/50  iter 300/743  loss=0.1536  lr=1.87e-05
[11:40:41 INFO] Epoch 35/50  iter 350/743  loss=0.1674  lr=1.86e-05
[11:41:16 INFO] Epoch 35/50  iter 400/743  loss=0.2202  lr=1.86e-05
[11:41:49 INFO] Epoch 35/50  iter 450/743  loss=0.1482  lr=1.85e-05
[11:42:24 INFO] Epoch 35/50  iter 500/743  loss=0.2071  lr=1.84e-05
[11:42:59 INFO] Epoch 35/50  iter 550/743  loss=0.0914  lr=1.83e-05
[11:43:34 INFO] Epoch 35/50  iter 600/743  loss=0.1475  lr=1.82e-05
[11:44:10 INFO] Epoch 35/50  iter 650/743  loss=0.2053  lr=1.81e-05
[11:44:43 INFO] Epoch 35/50  iter 700/743  loss=0.1632  lr=1.81e-05
[11:45:13 INFO] Epoch 35 complete — avg_loss=0.1839  time=536s
[11:46:06 INFO]   val mIoU = 0.6544
[11:46:07 INFO]   ★ New best val mIoU: 0.6544
[11:46:45 INFO] Epoch 36/50  iter 50/743  loss=0.0902  lr=1.79e-05
[11:47:19 INFO] Epoch 36/50  iter 100/743  loss=0.2319  lr=1.78e-05
[11:47:53 INFO] Epoch 36/50  iter 150/743  loss=0.1910  lr=1.78e-05
[11:48:28 INFO] Epoch 36/50  iter 200/743  loss=0.0929  lr=1.77e-05
[11:49:02 INFO] Epoch 36/50  iter 250/743  loss=0.0728  lr=1.76e-05
[11:49:36 INFO] Epoch 36/50  iter 300/743  loss=0.2498  lr=1.75e-05
[11:50:08 INFO] Epoch 36/50  iter 350/743  loss=0.2516  lr=1.74e-05
[11:50:42 INFO] Epoch 36/50  iter 400/743  loss=0.1890  lr=1.74e-05
[11:51:16 INFO] Epoch 36/50  iter 450/743  loss=0.1422  lr=1.73e-05
[11:51:50 INFO] Epoch 36/50  iter 500/743  loss=0.2133  lr=1.72e-05
[11:52:24 INFO] Epoch 36/50  iter 550/743  loss=0.1470  lr=1.71e-05
[11:52:57 INFO] Epoch 36/50  iter 600/743  loss=0.2025  lr=1.70e-05
[11:53:30 INFO] Epoch 36/50  iter 650/743  loss=0.1440  lr=1.69e-05
[11:54:02 INFO] Epoch 36/50  iter 700/743  loss=0.2986  lr=1.69e-05
[11:54:34 INFO] Epoch 36 complete — avg_loss=0.1782  time=507s
[11:55:18 INFO] Epoch 37/50  iter 50/743  loss=0.1347  lr=1.67e-05
[11:55:56 INFO] Epoch 37/50  iter 100/743  loss=0.1951  lr=1.66e-05
[11:56:31 INFO] Epoch 37/50  iter 150/743  loss=0.2154  lr=1.66e-05
[11:57:11 INFO] Epoch 37/50  iter 200/743  loss=0.1844  lr=1.65e-05
[11:57:47 INFO] Epoch 37/50  iter 250/743  loss=0.2035  lr=1.64e-05
[11:58:24 INFO] Epoch 37/50  iter 300/743  loss=0.1010  lr=1.63e-05
[11:58:57 INFO] Epoch 37/50  iter 350/743  loss=0.0989  lr=1.62e-05
[11:59:34 INFO] Epoch 37/50  iter 400/743  loss=0.1200  lr=1.62e-05
[12:00:06 INFO] Epoch 37/50  iter 450/743  loss=0.1231  lr=1.61e-05
[12:00:43 INFO] Epoch 37/50  iter 500/743  loss=0.2148  lr=1.60e-05
[12:01:16 INFO] Epoch 37/50  iter 550/743  loss=0.1277  lr=1.59e-05
[12:01:52 INFO] Epoch 37/50  iter 600/743  loss=0.0840  lr=1.58e-05
[12:02:25 INFO] Epoch 37/50  iter 650/743  loss=0.2830  lr=1.57e-05
[12:03:00 INFO] Epoch 37/50  iter 700/743  loss=0.2359  lr=1.57e-05
[12:03:30 INFO] Epoch 37 complete — avg_loss=0.1798  time=535s
[12:04:09 INFO] Epoch 38/50  iter 50/743  loss=0.1312  lr=1.55e-05
[12:04:44 INFO] Epoch 38/50  iter 100/743  loss=0.2029  lr=1.54e-05
[12:05:18 INFO] Epoch 38/50  iter 150/743  loss=0.1603  lr=1.54e-05
[12:05:52 INFO] Epoch 38/50  iter 200/743  loss=0.1337  lr=1.53e-05
[12:06:25 INFO] Epoch 38/50  iter 250/743  loss=0.2932  lr=1.52e-05
[12:06:59 INFO] Epoch 38/50  iter 300/743  loss=0.1073  lr=1.51e-05
[12:07:32 INFO] Epoch 38/50  iter 350/743  loss=0.2298  lr=1.50e-05
[12:08:07 INFO] Epoch 38/50  iter 400/743  loss=0.2050  lr=1.50e-05
[12:08:40 INFO] Epoch 38/50  iter 450/743  loss=0.1481  lr=1.49e-05
[12:09:15 INFO] Epoch 38/50  iter 500/743  loss=0.2133  lr=1.48e-05
[12:09:48 INFO] Epoch 38/50  iter 550/743  loss=0.0923  lr=1.47e-05
[12:10:22 INFO] Epoch 38/50  iter 600/743  loss=0.1327  lr=1.46e-05
[12:10:55 INFO] Epoch 38/50  iter 650/743  loss=0.2141  lr=1.45e-05
[12:11:31 INFO] Epoch 38/50  iter 700/743  loss=0.0733  lr=1.45e-05
[12:11:59 INFO] Epoch 38 complete — avg_loss=0.1740  time=508s
[12:12:38 INFO] Epoch 39/50  iter 50/743  loss=0.3024  lr=1.43e-05
[12:13:12 INFO] Epoch 39/50  iter 100/743  loss=0.0792  lr=1.42e-05
[12:13:47 INFO] Epoch 39/50  iter 150/743  loss=0.1661  lr=1.42e-05
[12:14:22 INFO] Epoch 39/50  iter 200/743  loss=0.2478  lr=1.41e-05
[12:14:55 INFO] Epoch 39/50  iter 250/743  loss=0.1209  lr=1.40e-05
[12:15:30 INFO] Epoch 39/50  iter 300/743  loss=0.1052  lr=1.39e-05
[12:16:04 INFO] Epoch 39/50  iter 350/743  loss=0.1329  lr=1.38e-05
[12:16:40 INFO] Epoch 39/50  iter 400/743  loss=0.0868  lr=1.38e-05
[12:17:13 INFO] Epoch 39/50  iter 450/743  loss=0.0995  lr=1.37e-05
[12:17:48 INFO] Epoch 39/50  iter 500/743  loss=0.2546  lr=1.36e-05
[12:18:22 INFO] Epoch 39/50  iter 550/743  loss=0.1310  lr=1.35e-05
[12:18:56 INFO] Epoch 39/50  iter 600/743  loss=0.1506  lr=1.34e-05
[12:19:28 INFO] Epoch 39/50  iter 650/743  loss=0.1406  lr=1.33e-05
[12:20:02 INFO] Epoch 39/50  iter 700/743  loss=0.1933  lr=1.33e-05
[12:20:30 INFO] Epoch 39 complete — avg_loss=0.1756  time=510s
[12:21:06 INFO] Epoch 40/50  iter 50/743  loss=0.1395  lr=1.31e-05
[12:21:43 INFO] Epoch 40/50  iter 100/743  loss=0.0927  lr=1.30e-05
[12:22:21 INFO] Epoch 40/50  iter 150/743  loss=0.1291  lr=1.30e-05
[12:22:55 INFO] Epoch 40/50  iter 200/743  loss=0.0617  lr=1.29e-05
[12:23:33 INFO] Epoch 40/50  iter 250/743  loss=0.2265  lr=1.28e-05
[12:24:08 INFO] Epoch 40/50  iter 300/743  loss=0.0889  lr=1.27e-05
[12:24:41 INFO] Epoch 40/50  iter 350/743  loss=0.2498  lr=1.26e-05
[12:25:19 INFO] Epoch 40/50  iter 400/743  loss=0.1471  lr=1.26e-05
[12:25:56 INFO] Epoch 40/50  iter 450/743  loss=0.0721  lr=1.25e-05
[12:26:38 INFO] Epoch 40/50  iter 500/743  loss=0.3384  lr=1.24e-05
[12:27:16 INFO] Epoch 40/50  iter 550/743  loss=0.0978  lr=1.23e-05
[12:27:56 INFO] Epoch 40/50  iter 600/743  loss=0.1181  lr=1.22e-05
[12:28:35 INFO] Epoch 40/50  iter 650/743  loss=0.1645  lr=1.21e-05
[12:29:14 INFO] Epoch 40/50  iter 700/743  loss=0.0924  lr=1.21e-05
[12:29:47 INFO] Epoch 40 complete — avg_loss=0.1716  time=556s
[12:30:40 INFO]   val mIoU = 0.6419
[12:31:22 INFO] Epoch 41/50  iter 50/743  loss=0.1761  lr=1.19e-05
[12:31:56 INFO] Epoch 41/50  iter 100/743  loss=0.3556  lr=1.18e-05
[12:32:33 INFO] Epoch 41/50  iter 150/743  loss=0.1017  lr=1.18e-05
[12:33:07 INFO] Epoch 41/50  iter 200/743  loss=0.1504  lr=1.17e-05
[12:33:45 INFO] Epoch 41/50  iter 250/743  loss=0.1683  lr=1.16e-05
[12:34:21 INFO] Epoch 41/50  iter 300/743  loss=0.0720  lr=1.15e-05
[12:34:58 INFO] Epoch 41/50  iter 350/743  loss=0.1336  lr=1.14e-05
[12:35:32 INFO] Epoch 41/50  iter 400/743  loss=0.1669  lr=1.14e-05
[12:36:09 INFO] Epoch 41/50  iter 450/743  loss=0.1021  lr=1.13e-05
[12:36:44 INFO] Epoch 41/50  iter 500/743  loss=0.1133  lr=1.12e-05
[12:37:19 INFO] Epoch 41/50  iter 550/743  loss=0.1229  lr=1.11e-05
[12:37:55 INFO] Epoch 41/50  iter 600/743  loss=0.1193  lr=1.10e-05
[12:38:32 INFO] Epoch 41/50  iter 650/743  loss=0.1773  lr=1.09e-05
[12:39:07 INFO] Epoch 41/50  iter 700/743  loss=0.1983  lr=1.09e-05
[12:39:38 INFO] Epoch 41 complete — avg_loss=0.1730  time=537s
[12:40:21 INFO] Epoch 42/50  iter 50/743  loss=0.0723  lr=1.07e-05
[12:40:57 INFO] Epoch 42/50  iter 100/743  loss=0.1634  lr=1.06e-05
[12:41:28 INFO] Epoch 42/50  iter 150/743  loss=0.1325  lr=1.06e-05
[12:42:03 INFO] Epoch 42/50  iter 200/743  loss=0.5130  lr=1.05e-05
[12:42:37 INFO] Epoch 42/50  iter 250/743  loss=0.2099  lr=1.04e-05
[12:43:12 INFO] Epoch 42/50  iter 300/743  loss=0.1554  lr=1.03e-05
[12:43:47 INFO] Epoch 42/50  iter 350/743  loss=0.2540  lr=1.02e-05
[12:44:19 INFO] Epoch 42/50  iter 400/743  loss=0.0822  lr=1.02e-05
[12:44:53 INFO] Epoch 42/50  iter 450/743  loss=0.1486  lr=1.01e-05
[12:45:28 INFO] Epoch 42/50  iter 500/743  loss=0.1389  lr=9.99e-06
[12:46:03 INFO] Epoch 42/50  iter 550/743  loss=0.1309  lr=9.91e-06
[12:46:35 INFO] Epoch 42/50  iter 600/743  loss=0.1175  lr=9.83e-06
[12:47:09 INFO] Epoch 42/50  iter 650/743  loss=0.3486  lr=9.75e-06
[12:47:41 INFO] Epoch 42/50  iter 700/743  loss=0.2157  lr=9.67e-06
[12:48:10 INFO] Epoch 42 complete — avg_loss=0.1715  time=511s
[12:48:49 INFO] Epoch 43/50  iter 50/743  loss=0.1373  lr=9.52e-06
[12:49:23 INFO] Epoch 43/50  iter 100/743  loss=0.1853  lr=9.44e-06
[12:49:58 INFO] Epoch 43/50  iter 150/743  loss=0.1406  lr=9.36e-06
[12:50:32 INFO] Epoch 43/50  iter 200/743  loss=0.2034  lr=9.28e-06
[12:51:06 INFO] Epoch 43/50  iter 250/743  loss=0.1348  lr=9.19e-06
[12:51:39 INFO] Epoch 43/50  iter 300/743  loss=0.1519  lr=9.11e-06
[12:52:13 INFO] Epoch 43/50  iter 350/743  loss=0.1767  lr=9.03e-06
[12:52:46 INFO] Epoch 43/50  iter 400/743  loss=0.1184  lr=8.95e-06
[12:53:20 INFO] Epoch 43/50  iter 450/743  loss=0.2249  lr=8.87e-06
[12:53:52 INFO] Epoch 43/50  iter 500/743  loss=0.1482  lr=8.79e-06
[12:54:27 INFO] Epoch 43/50  iter 550/743  loss=0.1081  lr=8.71e-06
[12:55:00 INFO] Epoch 43/50  iter 600/743  loss=0.1622  lr=8.63e-06
[12:55:37 INFO] Epoch 43/50  iter 650/743  loss=0.2240  lr=8.55e-06
[12:56:11 INFO] Epoch 43/50  iter 700/743  loss=0.1874  lr=8.47e-06
[12:56:40 INFO] Epoch 43 complete — avg_loss=0.1697  time=509s
[12:57:21 INFO] Epoch 44/50  iter 50/743  loss=0.1497  lr=8.32e-06
[12:57:57 INFO] Epoch 44/50  iter 100/743  loss=0.1308  lr=8.24e-06
[12:58:36 INFO] Epoch 44/50  iter 150/743  loss=0.1328  lr=8.16e-06
[12:59:15 INFO] Epoch 44/50  iter 200/743  loss=0.2570  lr=8.08e-06
[12:59:53 INFO] Epoch 44/50  iter 250/743  loss=0.2824  lr=7.99e-06
[13:00:27 INFO] Epoch 44/50  iter 300/743  loss=0.1290  lr=7.91e-06
[13:01:02 INFO] Epoch 44/50  iter 350/743  loss=0.1344  lr=7.83e-06
[13:01:39 INFO] Epoch 44/50  iter 400/743  loss=0.2294  lr=7.75e-06
[13:02:14 INFO] Epoch 44/50  iter 450/743  loss=0.0692  lr=7.67e-06
[13:02:50 INFO] Epoch 44/50  iter 500/743  loss=0.1012  lr=7.59e-06
[13:03:26 INFO] Epoch 44/50  iter 550/743  loss=0.0866  lr=7.51e-06
[13:04:01 INFO] Epoch 44/50  iter 600/743  loss=0.1595  lr=7.43e-06
[13:04:36 INFO] Epoch 44/50  iter 650/743  loss=0.2245  lr=7.35e-06
[13:05:17 INFO] Epoch 44/50  iter 700/743  loss=0.1506  lr=7.27e-06
[13:05:48 INFO] Epoch 44 complete — avg_loss=0.1632  time=548s
[13:06:25 INFO] Epoch 45/50  iter 50/743  loss=0.1087  lr=7.12e-06
[13:06:57 INFO] Epoch 45/50  iter 100/743  loss=0.1991  lr=7.04e-06
[13:07:33 INFO] Epoch 45/50  iter 150/743  loss=0.0992  lr=6.96e-06
[13:08:05 INFO] Epoch 45/50  iter 200/743  loss=0.2216  lr=6.88e-06
[13:08:39 INFO] Epoch 45/50  iter 250/743  loss=0.1366  lr=6.79e-06
[13:09:11 INFO] Epoch 45/50  iter 300/743  loss=0.2329  lr=6.71e-06
[13:09:44 INFO] Epoch 45/50  iter 350/743  loss=0.1002  lr=6.63e-06
[13:10:18 INFO] Epoch 45/50  iter 400/743  loss=0.1761  lr=6.55e-06
[13:10:50 INFO] Epoch 45/50  iter 450/743  loss=0.1215  lr=6.47e-06
[13:11:22 INFO] Epoch 45/50  iter 500/743  loss=0.1405  lr=6.39e-06
[13:11:55 INFO] Epoch 45/50  iter 550/743  loss=0.1266  lr=6.31e-06
[13:12:30 INFO] Epoch 45/50  iter 600/743  loss=0.1056  lr=6.23e-06
[13:13:04 INFO] Epoch 45/50  iter 650/743  loss=0.1193  lr=6.15e-06
[13:13:39 INFO] Epoch 45/50  iter 700/743  loss=0.1016  lr=6.07e-06
[13:14:10 INFO] Epoch 45 complete — avg_loss=0.1709  time=500s
[13:15:09 INFO]   val mIoU = 0.6741
[13:15:09 INFO]   ★ New best val mIoU: 0.6741
[13:15:51 INFO] Epoch 46/50  iter 50/743  loss=0.1305  lr=5.92e-06
[13:16:30 INFO] Epoch 46/50  iter 100/743  loss=0.0950  lr=5.84e-06
[13:17:07 INFO] Epoch 46/50  iter 150/743  loss=0.1394  lr=5.76e-06
[13:17:47 INFO] Epoch 46/50  iter 200/743  loss=0.0969  lr=5.68e-06
[13:18:23 INFO] Epoch 46/50  iter 250/743  loss=0.0385  lr=5.59e-06
[13:19:00 INFO] Epoch 46/50  iter 300/743  loss=0.2426  lr=5.51e-06
[13:19:37 INFO] Epoch 46/50  iter 350/743  loss=0.3429  lr=5.43e-06
[13:20:13 INFO] Epoch 46/50  iter 400/743  loss=0.0633  lr=5.35e-06
[13:20:49 INFO] Epoch 46/50  iter 450/743  loss=0.1333  lr=5.27e-06
[13:21:24 INFO] Epoch 46/50  iter 500/743  loss=0.1120  lr=5.19e-06
[13:21:57 INFO] Epoch 46/50  iter 550/743  loss=0.0753  lr=5.11e-06
[13:22:31 INFO] Epoch 46/50  iter 600/743  loss=0.2007  lr=5.03e-06
[13:23:06 INFO] Epoch 46/50  iter 650/743  loss=0.2205  lr=4.95e-06
[13:23:46 INFO] Epoch 46/50  iter 700/743  loss=0.1398  lr=4.87e-06
[13:24:18 INFO] Epoch 46 complete — avg_loss=0.1585  time=547s
[13:24:59 INFO] Epoch 47/50  iter 50/743  loss=0.1695  lr=4.72e-06
[13:25:41 INFO] Epoch 47/50  iter 100/743  loss=0.0942  lr=4.64e-06
[13:26:16 INFO] Epoch 47/50  iter 150/743  loss=0.0625  lr=4.56e-06
[13:26:53 INFO] Epoch 47/50  iter 200/743  loss=0.1130  lr=4.48e-06
[13:27:31 INFO] Epoch 47/50  iter 250/743  loss=0.0796  lr=4.39e-06
[13:28:06 INFO] Epoch 47/50  iter 300/743  loss=0.1531  lr=4.31e-06
[13:28:41 INFO] Epoch 47/50  iter 350/743  loss=0.1726  lr=4.23e-06
[13:29:16 INFO] Epoch 47/50  iter 400/743  loss=0.1823  lr=4.15e-06
[13:29:53 INFO] Epoch 47/50  iter 450/743  loss=0.1153  lr=4.07e-06
[13:30:28 INFO] Epoch 47/50  iter 500/743  loss=0.1494  lr=3.99e-06
[13:31:01 INFO] Epoch 47/50  iter 550/743  loss=0.1182  lr=3.91e-06
[13:31:36 INFO] Epoch 47/50  iter 600/743  loss=0.1547  lr=3.83e-06
[13:32:13 INFO] Epoch 47/50  iter 650/743  loss=0.0954  lr=3.75e-06
[13:32:51 INFO] Epoch 47/50  iter 700/743  loss=0.0509  lr=3.67e-06
[13:33:23 INFO] Epoch 47 complete — avg_loss=0.1565  time=545s
[13:34:07 INFO] Epoch 48/50  iter 50/743  loss=0.1339  lr=3.52e-06
[13:34:45 INFO] Epoch 48/50  iter 100/743  loss=0.0769  lr=3.44e-06
[13:35:22 INFO] Epoch 48/50  iter 150/743  loss=0.1444  lr=3.36e-06
[13:35:55 INFO] Epoch 48/50  iter 200/743  loss=0.1312  lr=3.28e-06
[13:36:31 INFO] Epoch 48/50  iter 250/743  loss=0.0890  lr=3.19e-06
[13:37:06 INFO] Epoch 48/50  iter 300/743  loss=0.1242  lr=3.11e-06
[13:37:40 INFO] Epoch 48/50  iter 350/743  loss=0.1633  lr=3.03e-06
[13:38:16 INFO] Epoch 48/50  iter 400/743  loss=0.1339  lr=2.95e-06
[13:38:51 INFO] Epoch 48/50  iter 450/743  loss=0.1056  lr=2.87e-06
[13:39:26 INFO] Epoch 48/50  iter 500/743  loss=0.0928  lr=2.79e-06
[13:39:59 INFO] Epoch 48/50  iter 550/743  loss=0.1179  lr=2.71e-06
[13:40:35 INFO] Epoch 48/50  iter 600/743  loss=0.0927  lr=2.63e-06
[13:41:08 INFO] Epoch 48/50  iter 650/743  loss=0.1383  lr=2.55e-06
[13:41:43 INFO] Epoch 48/50  iter 700/743  loss=0.1877  lr=2.47e-06
[13:42:14 INFO] Epoch 48 complete — avg_loss=0.1651  time=530s
[13:42:57 INFO] Epoch 49/50  iter 50/743  loss=0.1630  lr=2.32e-06
[13:43:37 INFO] Epoch 49/50  iter 100/743  loss=0.2255  lr=2.24e-06
[13:44:14 INFO] Epoch 49/50  iter 150/743  loss=0.1594  lr=2.16e-06
[13:44:53 INFO] Epoch 49/50  iter 200/743  loss=0.1469  lr=2.08e-06
[13:45:31 INFO] Epoch 49/50  iter 250/743  loss=0.1717  lr=1.99e-06
[13:46:10 INFO] Epoch 49/50  iter 300/743  loss=0.1754  lr=1.91e-06
[13:46:48 INFO] Epoch 49/50  iter 350/743  loss=0.1882  lr=1.83e-06
[13:47:24 INFO] Epoch 49/50  iter 400/743  loss=0.2664  lr=1.75e-06
[13:47:57 INFO] Epoch 49/50  iter 450/743  loss=0.1188  lr=1.67e-06
[13:48:30 INFO] Epoch 49/50  iter 500/743  loss=0.2136  lr=1.59e-06
[13:49:03 INFO] Epoch 49/50  iter 550/743  loss=0.1161  lr=1.51e-06
[13:49:36 INFO] Epoch 49/50  iter 600/743  loss=0.1546  lr=1.43e-06
[13:50:11 INFO] Epoch 49/50  iter 650/743  loss=0.1051  lr=1.35e-06
[13:50:46 INFO] Epoch 49/50  iter 700/743  loss=0.1650  lr=1.27e-06
[13:51:16 INFO] Epoch 49 complete — avg_loss=0.1562  time=541s
[13:51:54 INFO] Epoch 50/50  iter 50/743  loss=0.0909  lr=1.12e-06
[13:52:31 INFO] Epoch 50/50  iter 100/743  loss=0.1850  lr=1.04e-06
[13:53:13 INFO] Epoch 50/50  iter 150/743  loss=0.1213  lr=9.56e-07
[13:53:48 INFO] Epoch 50/50  iter 200/743  loss=0.2092  lr=8.75e-07
[13:54:22 INFO] Epoch 50/50  iter 250/743  loss=0.1089  lr=7.95e-07
[13:54:57 INFO] Epoch 50/50  iter 300/743  loss=0.3022  lr=7.14e-07
[13:55:30 INFO] Epoch 50/50  iter 350/743  loss=0.1811  lr=6.33e-07
[13:56:04 INFO] Epoch 50/50  iter 400/743  loss=0.5959  lr=5.52e-07
[13:56:37 INFO] Epoch 50/50  iter 450/743  loss=0.0952  lr=4.72e-07
[13:57:13 INFO] Epoch 50/50  iter 500/743  loss=0.1707  lr=3.91e-07
[13:57:47 INFO] Epoch 50/50  iter 550/743  loss=0.1372  lr=3.10e-07
[13:58:22 INFO] Epoch 50/50  iter 600/743  loss=0.2957  lr=2.29e-07
[13:58:55 INFO] Epoch 50/50  iter 650/743  loss=0.1154  lr=1.49e-07
[13:59:29 INFO] Epoch 50/50  iter 700/743  loss=0.1213  lr=6.78e-08
[13:59:57 INFO] Epoch 50 complete — avg_loss=0.1614  time=520s
[14:00:51 INFO]   val mIoU = 0.6660
[14:00:52 INFO] Training complete. Best val mIoU = 0.6741
