[12:57:34 INFO] Device: cuda
[12:57:37 INFO] Using fog cache: data/fog_cache/depthaware_b001
[12:57:39 INFO] Train: 2975 samples  |  Val: 500 samples
[12:58:07 INFO] Epoch 1/50  iter 50/743  loss=1.6670  lr=5.99e-05
[12:58:35 INFO] Epoch 1/50  iter 100/743  loss=1.4187  lr=5.98e-05
[12:59:04 INFO] Epoch 1/50  iter 150/743  loss=1.3438  lr=5.98e-05
[12:59:33 INFO] Epoch 1/50  iter 200/743  loss=0.8873  lr=5.97e-05
[13:00:02 INFO] Epoch 1/50  iter 250/743  loss=1.1029  lr=5.96e-05
[13:00:31 INFO] Epoch 1/50  iter 300/743  loss=0.9774  lr=5.95e-05
[13:00:57 INFO] Epoch 1/50  iter 350/743  loss=1.2136  lr=5.94e-05
[13:01:25 INFO] Epoch 1/50  iter 400/743  loss=1.1826  lr=5.94e-05
[13:01:50 INFO] Epoch 1/50  iter 450/743  loss=0.6410  lr=5.93e-05
[13:02:20 INFO] Epoch 1/50  iter 500/743  loss=1.0078  lr=5.92e-05
[13:02:47 INFO] Epoch 1/50  iter 550/743  loss=0.5905  lr=5.91e-05
[13:03:15 INFO] Epoch 1/50  iter 600/743  loss=0.9108  lr=5.90e-05
[13:03:40 INFO] Epoch 1/50  iter 650/743  loss=0.6580  lr=5.89e-05
[13:04:08 INFO] Epoch 1/50  iter 700/743  loss=0.9965  lr=5.89e-05
[13:04:30 INFO] Epoch 1 complete — avg_loss=1.0711  time=411s
[13:04:59 INFO] Epoch 2/50  iter 50/743  loss=0.5753  lr=5.87e-05
[13:05:31 INFO] Epoch 2/50  iter 100/743  loss=0.5076  lr=5.86e-05
[13:06:07 INFO] Epoch 2/50  iter 150/743  loss=0.5631  lr=5.86e-05
[13:06:30 INFO] Epoch 2/50  iter 200/743  loss=0.9935  lr=5.85e-05
[13:06:56 INFO] Epoch 2/50  iter 250/743  loss=0.5862  lr=5.84e-05
[13:07:21 INFO] Epoch 2/50  iter 300/743  loss=1.0319  lr=5.83e-05
[13:07:47 INFO] Epoch 2/50  iter 350/743  loss=0.7070  lr=5.82e-05
[13:08:10 INFO] Epoch 2/50  iter 400/743  loss=0.9993  lr=5.82e-05
[13:08:33 INFO] Epoch 2/50  iter 450/743  loss=0.5503  lr=5.81e-05
[13:08:58 INFO] Epoch 2/50  iter 500/743  loss=0.6612  lr=5.80e-05
[13:09:21 INFO] Epoch 2/50  iter 550/743  loss=1.0306  lr=5.79e-05
[13:09:45 INFO] Epoch 2/50  iter 600/743  loss=0.7188  lr=5.78e-05
[13:10:09 INFO] Epoch 2/50  iter 650/743  loss=0.7444  lr=5.77e-05
[13:10:34 INFO] Epoch 2/50  iter 700/743  loss=0.3584  lr=5.77e-05
[13:10:53 INFO] Epoch 2 complete — avg_loss=0.6905  time=382s
[13:11:18 INFO] Epoch 3/50  iter 50/743  loss=0.7754  lr=5.75e-05
[13:11:41 INFO] Epoch 3/50  iter 100/743  loss=0.6979  lr=5.74e-05
[13:12:04 INFO] Epoch 3/50  iter 150/743  loss=0.2695  lr=5.74e-05
[13:12:26 INFO] Epoch 3/50  iter 200/743  loss=0.3891  lr=5.73e-05
[13:12:49 INFO] Epoch 3/50  iter 250/743  loss=0.6194  lr=5.72e-05
[13:13:13 INFO] Epoch 3/50  iter 300/743  loss=0.3409  lr=5.71e-05
[13:13:36 INFO] Epoch 3/50  iter 350/743  loss=0.3670  lr=5.70e-05
[13:13:59 INFO] Epoch 3/50  iter 400/743  loss=0.3328  lr=5.70e-05
[13:14:24 INFO] Epoch 3/50  iter 450/743  loss=0.7202  lr=5.69e-05
[13:14:51 INFO] Epoch 3/50  iter 500/743  loss=0.4232  lr=5.68e-05
[13:15:15 INFO] Epoch 3/50  iter 550/743  loss=0.4601  lr=5.67e-05
[13:15:43 INFO] Epoch 3/50  iter 600/743  loss=0.4800  lr=5.66e-05
[13:16:08 INFO] Epoch 3/50  iter 650/743  loss=0.3878  lr=5.65e-05
[13:16:33 INFO] Epoch 3/50  iter 700/743  loss=0.5172  lr=5.65e-05
[13:16:55 INFO] Epoch 3 complete — avg_loss=0.5901  time=362s
[13:17:31 INFO] Epoch 4/50  iter 50/743  loss=0.2778  lr=5.63e-05
[13:18:03 INFO] Epoch 4/50  iter 100/743  loss=0.2921  lr=5.62e-05
[13:18:35 INFO] Epoch 4/50  iter 150/743  loss=0.5532  lr=5.62e-05
[13:19:05 INFO] Epoch 4/50  iter 200/743  loss=0.2916  lr=5.61e-05
[13:19:36 INFO] Epoch 4/50  iter 250/743  loss=0.3909  lr=5.60e-05
[13:20:06 INFO] Epoch 4/50  iter 300/743  loss=0.8108  lr=5.59e-05
[13:20:34 INFO] Epoch 4/50  iter 350/743  loss=0.3184  lr=5.58e-05
[13:21:01 INFO] Epoch 4/50  iter 400/743  loss=0.4262  lr=5.58e-05
[13:21:29 INFO] Epoch 4/50  iter 450/743  loss=0.2541  lr=5.57e-05
[13:21:56 INFO] Epoch 4/50  iter 500/743  loss=0.2886  lr=5.56e-05
[13:22:25 INFO] Epoch 4/50  iter 550/743  loss=0.7493  lr=5.55e-05
[13:22:50 INFO] Epoch 4/50  iter 600/743  loss=0.4623  lr=5.54e-05
[13:23:16 INFO] Epoch 4/50  iter 650/743  loss=0.3397  lr=5.53e-05
[13:23:45 INFO] Epoch 4/50  iter 700/743  loss=0.8445  lr=5.53e-05
[13:24:07 INFO] Epoch 4 complete — avg_loss=0.5434  time=431s
[13:24:41 INFO] Epoch 5/50  iter 50/743  loss=0.3080  lr=5.51e-05
[13:25:06 INFO] Epoch 5/50  iter 100/743  loss=0.3360  lr=5.50e-05
[13:25:33 INFO] Epoch 5/50  iter 150/743  loss=0.5059  lr=5.50e-05
[13:26:01 INFO] Epoch 5/50  iter 200/743  loss=0.3290  lr=5.49e-05
[13:26:26 INFO] Epoch 5/50  iter 250/743  loss=0.2078  lr=5.48e-05
[13:26:54 INFO] Epoch 5/50  iter 300/743  loss=0.3214  lr=5.47e-05
[13:27:20 INFO] Epoch 5/50  iter 350/743  loss=0.4769  lr=5.46e-05
[13:27:47 INFO] Epoch 5/50  iter 400/743  loss=0.3818  lr=5.46e-05
[13:28:14 INFO] Epoch 5/50  iter 450/743  loss=0.5138  lr=5.45e-05
[13:28:41 INFO] Epoch 5/50  iter 500/743  loss=0.3688  lr=5.44e-05
[13:29:08 INFO] Epoch 5/50  iter 550/743  loss=0.6461  lr=5.43e-05
[13:29:35 INFO] Epoch 5/50  iter 600/743  loss=0.5587  lr=5.42e-05
[13:29:59 INFO] Epoch 5/50  iter 650/743  loss=0.3933  lr=5.41e-05
[13:30:22 INFO] Epoch 5/50  iter 700/743  loss=0.6047  lr=5.41e-05
[13:30:43 INFO] Epoch 5 complete — avg_loss=0.5091  time=395s
[13:31:36 INFO]   val mIoU = 0.2328
[13:31:36 INFO]   ★ New best val mIoU: 0.2328
[13:32:06 INFO] Epoch 6/50  iter 50/743  loss=0.3437  lr=5.39e-05
[13:32:31 INFO] Epoch 6/50  iter 100/743  loss=0.4787  lr=5.38e-05
[13:32:56 INFO] Epoch 6/50  iter 150/743  loss=0.5439  lr=5.38e-05
[13:33:20 INFO] Epoch 6/50  iter 200/743  loss=0.5566  lr=5.37e-05
[13:33:45 INFO] Epoch 6/50  iter 250/743  loss=0.3806  lr=5.36e-05
[13:34:10 INFO] Epoch 6/50  iter 300/743  loss=0.4513  lr=5.35e-05
[13:34:35 INFO] Epoch 6/50  iter 350/743  loss=0.4447  lr=5.34e-05
[13:35:01 INFO] Epoch 6/50  iter 400/743  loss=0.7490  lr=5.34e-05
[13:35:28 INFO] Epoch 6/50  iter 450/743  loss=0.3989  lr=5.33e-05
[13:35:52 INFO] Epoch 6/50  iter 500/743  loss=0.5907  lr=5.32e-05
[13:36:15 INFO] Epoch 6/50  iter 550/743  loss=0.4662  lr=5.31e-05
[13:36:39 INFO] Epoch 6/50  iter 600/743  loss=0.4648  lr=5.30e-05
[13:37:04 INFO] Epoch 6/50  iter 650/743  loss=1.2338  lr=5.29e-05
[13:37:30 INFO] Epoch 6/50  iter 700/743  loss=0.3324  lr=5.29e-05
[13:37:52 INFO] Epoch 6 complete — avg_loss=0.4676  time=375s
[13:38:20 INFO] Epoch 7/50  iter 50/743  loss=0.6675  lr=5.27e-05
[13:38:45 INFO] Epoch 7/50  iter 100/743  loss=0.2701  lr=5.26e-05
[13:39:10 INFO] Epoch 7/50  iter 150/743  loss=0.5408  lr=5.26e-05
[13:39:34 INFO] Epoch 7/50  iter 200/743  loss=0.4774  lr=5.25e-05
[13:39:58 INFO] Epoch 7/50  iter 250/743  loss=0.4505  lr=5.24e-05
[13:40:22 INFO] Epoch 7/50  iter 300/743  loss=0.8977  lr=5.23e-05
[13:40:46 INFO] Epoch 7/50  iter 350/743  loss=0.5018  lr=5.22e-05
[13:41:11 INFO] Epoch 7/50  iter 400/743  loss=0.6595  lr=5.22e-05
[13:41:35 INFO] Epoch 7/50  iter 450/743  loss=0.7708  lr=5.21e-05
[13:42:00 INFO] Epoch 7/50  iter 500/743  loss=0.4830  lr=5.20e-05
[13:42:23 INFO] Epoch 7/50  iter 550/743  loss=0.3964  lr=5.19e-05
[13:42:49 INFO] Epoch 7/50  iter 600/743  loss=0.3088  lr=5.18e-05
[13:43:12 INFO] Epoch 7/50  iter 650/743  loss=1.3269  lr=5.17e-05
[13:43:36 INFO] Epoch 7/50  iter 700/743  loss=0.4895  lr=5.17e-05
[13:43:57 INFO] Epoch 7 complete — avg_loss=0.4646  time=364s
[13:44:29 INFO] Epoch 8/50  iter 50/743  loss=0.2367  lr=5.15e-05
[13:44:56 INFO] Epoch 8/50  iter 100/743  loss=0.3705  lr=5.14e-05
[13:45:28 INFO] Epoch 8/50  iter 150/743  loss=0.5161  lr=5.14e-05
[13:45:56 INFO] Epoch 8/50  iter 200/743  loss=0.4892  lr=5.13e-05
[13:46:27 INFO] Epoch 8/50  iter 250/743  loss=0.4140  lr=5.12e-05
[13:46:55 INFO] Epoch 8/50  iter 300/743  loss=0.9231  lr=5.11e-05
[13:47:22 INFO] Epoch 8/50  iter 350/743  loss=0.7014  lr=5.10e-05
[13:47:50 INFO] Epoch 8/50  iter 400/743  loss=0.8872  lr=5.10e-05
[13:48:18 INFO] Epoch 8/50  iter 450/743  loss=0.3906  lr=5.09e-05
[13:48:46 INFO] Epoch 8/50  iter 500/743  loss=0.2903  lr=5.08e-05
[13:49:17 INFO] Epoch 8/50  iter 550/743  loss=0.3978  lr=5.07e-05
[13:49:41 INFO] Epoch 8/50  iter 600/743  loss=0.7060  lr=5.06e-05
[13:50:08 INFO] Epoch 8/50  iter 650/743  loss=0.2792  lr=5.05e-05
[13:50:35 INFO] Epoch 8/50  iter 700/743  loss=0.4581  lr=5.05e-05
[13:50:58 INFO] Epoch 8 complete — avg_loss=0.4369  time=421s
[13:51:27 INFO] Epoch 9/50  iter 50/743  loss=0.9187  lr=5.03e-05
[13:51:53 INFO] Epoch 9/50  iter 100/743  loss=0.5806  lr=5.02e-05
[13:52:21 INFO] Epoch 9/50  iter 150/743  loss=0.2127  lr=5.02e-05
[13:52:48 INFO] Epoch 9/50  iter 200/743  loss=0.4113  lr=5.01e-05
[13:53:16 INFO] Epoch 9/50  iter 250/743  loss=0.2819  lr=5.00e-05
[13:53:43 INFO] Epoch 9/50  iter 300/743  loss=0.1930  lr=4.99e-05
[13:54:12 INFO] Epoch 9/50  iter 350/743  loss=0.4871  lr=4.98e-05
[13:54:38 INFO] Epoch 9/50  iter 400/743  loss=0.4397  lr=4.98e-05
[13:55:05 INFO] Epoch 9/50  iter 450/743  loss=0.8162  lr=4.97e-05
[13:55:32 INFO] Epoch 9/50  iter 500/743  loss=0.3331  lr=4.96e-05
[13:55:57 INFO] Epoch 9/50  iter 550/743  loss=0.2749  lr=4.95e-05
[13:56:22 INFO] Epoch 9/50  iter 600/743  loss=0.3460  lr=4.94e-05
[13:56:51 INFO] Epoch 9/50  iter 650/743  loss=0.2668  lr=4.93e-05
[13:57:18 INFO] Epoch 9/50  iter 700/743  loss=0.4667  lr=4.93e-05
[13:57:39 INFO] Epoch 9 complete — avg_loss=0.4221  time=400s
[13:58:09 INFO] Epoch 10/50  iter 50/743  loss=0.2683  lr=4.91e-05
[13:58:36 INFO] Epoch 10/50  iter 100/743  loss=0.2726  lr=4.90e-05
[13:59:01 INFO] Epoch 10/50  iter 150/743  loss=0.1679  lr=4.90e-05
[13:59:25 INFO] Epoch 10/50  iter 200/743  loss=0.4479  lr=4.89e-05
[13:59:50 INFO] Epoch 10/50  iter 250/743  loss=0.3373  lr=4.88e-05
[14:00:16 INFO] Epoch 10/50  iter 300/743  loss=0.3593  lr=4.87e-05
[14:00:44 INFO] Epoch 10/50  iter 350/743  loss=0.4193  lr=4.86e-05
[14:01:13 INFO] Epoch 10/50  iter 400/743  loss=0.2767  lr=4.86e-05
[14:01:37 INFO] Epoch 10/50  iter 450/743  loss=0.2923  lr=4.85e-05
[14:02:01 INFO] Epoch 10/50  iter 500/743  loss=0.1922  lr=4.84e-05
[14:02:26 INFO] Epoch 10/50  iter 550/743  loss=0.1986  lr=4.83e-05
[14:02:50 INFO] Epoch 10/50  iter 600/743  loss=0.2689  lr=4.82e-05
[14:03:14 INFO] Epoch 10/50  iter 650/743  loss=0.3414  lr=4.81e-05
[14:03:40 INFO] Epoch 10/50  iter 700/743  loss=0.2162  lr=4.81e-05
[14:04:03 INFO] Epoch 10 complete — avg_loss=0.4200  time=383s
[14:04:58 INFO]   val mIoU = 0.2556
[14:04:58 INFO]   ★ New best val mIoU: 0.2556
[14:05:26 INFO] Epoch 11/50  iter 50/743  loss=0.3514  lr=4.79e-05
[14:05:50 INFO] Epoch 11/50  iter 100/743  loss=0.2605  lr=4.78e-05
[14:06:13 INFO] Epoch 11/50  iter 150/743  loss=0.1047  lr=4.78e-05
[14:06:39 INFO] Epoch 11/50  iter 200/743  loss=0.6300  lr=4.77e-05
[14:07:02 INFO] Epoch 11/50  iter 250/743  loss=0.1626  lr=4.76e-05
[14:07:27 INFO] Epoch 11/50  iter 300/743  loss=0.4629  lr=4.75e-05
[14:07:56 INFO] Epoch 11/50  iter 350/743  loss=0.2999  lr=4.74e-05
[14:08:28 INFO] Epoch 11/50  iter 400/743  loss=0.5660  lr=4.74e-05
[14:09:03 INFO] Epoch 11/50  iter 450/743  loss=0.4530  lr=4.73e-05
[14:09:34 INFO] Epoch 11/50  iter 500/743  loss=0.1153  lr=4.72e-05
[14:10:05 INFO] Epoch 11/50  iter 550/743  loss=0.4019  lr=4.71e-05
[14:10:31 INFO] Epoch 11/50  iter 600/743  loss=0.2814  lr=4.70e-05
[14:10:59 INFO] Epoch 11/50  iter 650/743  loss=0.2258  lr=4.69e-05
[14:11:26 INFO] Epoch 11/50  iter 700/743  loss=0.4707  lr=4.69e-05
[14:11:51 INFO] Epoch 11 complete — avg_loss=0.4099  time=412s
[14:12:21 INFO] Epoch 12/50  iter 50/743  loss=0.3156  lr=4.67e-05
[14:12:52 INFO] Epoch 12/50  iter 100/743  loss=0.2444  lr=4.66e-05
[14:13:20 INFO] Epoch 12/50  iter 150/743  loss=0.3542  lr=4.66e-05
[14:13:45 INFO] Epoch 12/50  iter 200/743  loss=0.5365  lr=4.65e-05
[14:14:13 INFO] Epoch 12/50  iter 250/743  loss=0.4252  lr=4.64e-05
[14:14:41 INFO] Epoch 12/50  iter 300/743  loss=0.3157  lr=4.63e-05
[14:15:08 INFO] Epoch 12/50  iter 350/743  loss=0.5450  lr=4.62e-05
[14:15:36 INFO] Epoch 12/50  iter 400/743  loss=2.6623  lr=4.62e-05
[14:16:03 INFO] Epoch 12/50  iter 450/743  loss=0.1342  lr=4.61e-05
[14:16:30 INFO] Epoch 12/50  iter 500/743  loss=0.2939  lr=4.60e-05
[14:16:55 INFO] Epoch 12/50  iter 550/743  loss=0.2800  lr=4.59e-05
[14:17:22 INFO] Epoch 12/50  iter 600/743  loss=0.2442  lr=4.58e-05
[14:17:48 INFO] Epoch 12/50  iter 650/743  loss=0.3187  lr=4.57e-05
[14:18:17 INFO] Epoch 12/50  iter 700/743  loss=0.2255  lr=4.57e-05
[14:18:40 INFO] Epoch 12 complete — avg_loss=0.3943  time=408s
[14:19:08 INFO] Epoch 13/50  iter 50/743  loss=0.7307  lr=4.55e-05
[14:19:32 INFO] Epoch 13/50  iter 100/743  loss=0.1257  lr=4.54e-05
[14:19:56 INFO] Epoch 13/50  iter 150/743  loss=0.3622  lr=4.54e-05
[14:20:20 INFO] Epoch 13/50  iter 200/743  loss=0.3118  lr=4.53e-05
[14:20:45 INFO] Epoch 13/50  iter 250/743  loss=0.2484  lr=4.52e-05
[14:21:10 INFO] Epoch 13/50  iter 300/743  loss=0.2150  lr=4.51e-05
[14:21:39 INFO] Epoch 13/50  iter 350/743  loss=0.2313  lr=4.50e-05
[14:22:05 INFO] Epoch 13/50  iter 400/743  loss=0.0799  lr=4.50e-05
[14:22:30 INFO] Epoch 13/50  iter 450/743  loss=0.4879  lr=4.49e-05
[14:22:57 INFO] Epoch 13/50  iter 500/743  loss=0.2048  lr=4.48e-05
[14:23:23 INFO] Epoch 13/50  iter 550/743  loss=0.3319  lr=4.47e-05
[14:23:48 INFO] Epoch 13/50  iter 600/743  loss=0.1582  lr=4.46e-05
[14:24:13 INFO] Epoch 13/50  iter 650/743  loss=0.2938  lr=4.45e-05
[14:24:37 INFO] Epoch 13/50  iter 700/743  loss=0.6045  lr=4.45e-05
[14:24:57 INFO] Epoch 13 complete — avg_loss=0.3871  time=377s
[14:25:26 INFO] Epoch 14/50  iter 50/743  loss=0.5246  lr=4.43e-05
[14:25:50 INFO] Epoch 14/50  iter 100/743  loss=0.2099  lr=4.42e-05
[14:26:14 INFO] Epoch 14/50  iter 150/743  loss=0.4125  lr=4.42e-05
[14:26:40 INFO] Epoch 14/50  iter 200/743  loss=0.4142  lr=4.41e-05
[14:27:05 INFO] Epoch 14/50  iter 250/743  loss=0.3702  lr=4.40e-05
[14:27:30 INFO] Epoch 14/50  iter 300/743  loss=0.4082  lr=4.39e-05
[14:27:53 INFO] Epoch 14/50  iter 350/743  loss=0.4534  lr=4.38e-05
[14:28:17 INFO] Epoch 14/50  iter 400/743  loss=0.6022  lr=4.38e-05
[14:28:41 INFO] Epoch 14/50  iter 450/743  loss=0.2799  lr=4.37e-05
[14:29:06 INFO] Epoch 14/50  iter 500/743  loss=0.1583  lr=4.36e-05
[14:29:30 INFO] Epoch 14/50  iter 550/743  loss=0.4850  lr=4.35e-05
[14:29:55 INFO] Epoch 14/50  iter 600/743  loss=0.1671  lr=4.34e-05
[14:30:20 INFO] Epoch 14/50  iter 650/743  loss=0.1409  lr=4.33e-05
[14:30:44 INFO] Epoch 14/50  iter 700/743  loss=0.3494  lr=4.33e-05
[14:31:04 INFO] Epoch 14 complete — avg_loss=0.3783  time=366s
[14:31:37 INFO] Epoch 15/50  iter 50/743  loss=0.2851  lr=4.31e-05
[14:32:01 INFO] Epoch 15/50  iter 100/743  loss=0.1638  lr=4.30e-05
[14:32:27 INFO] Epoch 15/50  iter 150/743  loss=0.2489  lr=4.30e-05
[14:32:52 INFO] Epoch 15/50  iter 200/743  loss=0.5162  lr=4.29e-05
[14:33:16 INFO] Epoch 15/50  iter 250/743  loss=0.4766  lr=4.28e-05
[14:33:39 INFO] Epoch 15/50  iter 300/743  loss=0.3659  lr=4.27e-05
[14:34:03 INFO] Epoch 15/50  iter 350/743  loss=0.3293  lr=4.26e-05
[14:34:27 INFO] Epoch 15/50  iter 400/743  loss=0.3003  lr=4.26e-05
[14:34:51 INFO] Epoch 15/50  iter 450/743  loss=0.4375  lr=4.25e-05
[14:35:15 INFO] Epoch 15/50  iter 500/743  loss=0.2237  lr=4.24e-05
[14:35:39 INFO] Epoch 15/50  iter 550/743  loss=0.6070  lr=4.23e-05
[14:36:05 INFO] Epoch 15/50  iter 600/743  loss=0.2739  lr=4.22e-05
[14:36:29 INFO] Epoch 15/50  iter 650/743  loss=0.2764  lr=4.21e-05
[14:36:55 INFO] Epoch 15/50  iter 700/743  loss=0.1677  lr=4.21e-05
[14:37:16 INFO] Epoch 15 complete — avg_loss=0.3669  time=371s
[14:38:09 INFO]   val mIoU = 0.1960
[14:38:39 INFO] Epoch 16/50  iter 50/743  loss=0.1568  lr=4.19e-05
[14:39:04 INFO] Epoch 16/50  iter 100/743  loss=0.8666  lr=4.18e-05
[14:39:31 INFO] Epoch 16/50  iter 150/743  loss=0.2584  lr=4.18e-05
[14:39:55 INFO] Epoch 16/50  iter 200/743  loss=0.3811  lr=4.17e-05
[14:40:20 INFO] Epoch 16/50  iter 250/743  loss=0.1567  lr=4.16e-05
[14:40:42 INFO] Epoch 16/50  iter 300/743  loss=0.4378  lr=4.15e-05
[14:41:06 INFO] Epoch 16/50  iter 350/743  loss=0.2590  lr=4.14e-05
[14:41:31 INFO] Epoch 16/50  iter 400/743  loss=0.1549  lr=4.14e-05
[14:41:55 INFO] Epoch 16/50  iter 450/743  loss=0.1787  lr=4.13e-05
[14:42:19 INFO] Epoch 16/50  iter 500/743  loss=0.2812  lr=4.12e-05
[14:42:43 INFO] Epoch 16/50  iter 550/743  loss=0.2338  lr=4.11e-05
[14:43:11 INFO] Epoch 16/50  iter 600/743  loss=1.0241  lr=4.10e-05
[14:43:38 INFO] Epoch 16/50  iter 650/743  loss=0.2234  lr=4.09e-05
[14:44:06 INFO] Epoch 16/50  iter 700/743  loss=0.3644  lr=4.09e-05
[14:44:26 INFO] Epoch 16 complete — avg_loss=0.3598  time=376s
[14:44:52 INFO] Epoch 17/50  iter 50/743  loss=0.2031  lr=4.07e-05
[14:45:16 INFO] Epoch 17/50  iter 100/743  loss=0.4452  lr=4.06e-05
[14:45:41 INFO] Epoch 17/50  iter 150/743  loss=0.1877  lr=4.06e-05
[14:46:07 INFO] Epoch 17/50  iter 200/743  loss=0.3629  lr=4.05e-05
[14:46:32 INFO] Epoch 17/50  iter 250/743  loss=0.3171  lr=4.04e-05
[14:46:55 INFO] Epoch 17/50  iter 300/743  loss=0.2103  lr=4.03e-05
[14:47:19 INFO] Epoch 17/50  iter 350/743  loss=0.2050  lr=4.02e-05
[14:47:44 INFO] Epoch 17/50  iter 400/743  loss=0.1063  lr=4.02e-05
[14:48:08 INFO] Epoch 17/50  iter 450/743  loss=0.2228  lr=4.01e-05
[14:48:32 INFO] Epoch 17/50  iter 500/743  loss=0.1272  lr=4.00e-05
[14:48:56 INFO] Epoch 17/50  iter 550/743  loss=0.2756  lr=3.99e-05
[14:49:22 INFO] Epoch 17/50  iter 600/743  loss=0.2849  lr=3.98e-05
[14:49:50 INFO] Epoch 17/50  iter 650/743  loss=0.3332  lr=3.97e-05
[14:50:17 INFO] Epoch 17/50  iter 700/743  loss=0.1906  lr=3.97e-05
[14:50:40 INFO] Epoch 17 complete — avg_loss=0.3646  time=374s
[14:51:08 INFO] Epoch 18/50  iter 50/743  loss=0.3003  lr=3.95e-05
[14:51:32 INFO] Epoch 18/50  iter 100/743  loss=0.2253  lr=3.94e-05
[14:51:57 INFO] Epoch 18/50  iter 150/743  loss=0.4181  lr=3.94e-05
[14:52:21 INFO] Epoch 18/50  iter 200/743  loss=0.3793  lr=3.93e-05
[14:52:46 INFO] Epoch 18/50  iter 250/743  loss=0.3046  lr=3.92e-05
[14:53:12 INFO] Epoch 18/50  iter 300/743  loss=0.1763  lr=3.91e-05
[14:53:37 INFO] Epoch 18/50  iter 350/743  loss=0.4908  lr=3.90e-05
[14:54:03 INFO] Epoch 18/50  iter 400/743  loss=0.9316  lr=3.90e-05
[14:54:27 INFO] Epoch 18/50  iter 450/743  loss=0.2744  lr=3.89e-05
[14:54:53 INFO] Epoch 18/50  iter 500/743  loss=0.3026  lr=3.88e-05
[14:55:18 INFO] Epoch 18/50  iter 550/743  loss=0.2814  lr=3.87e-05
[14:55:43 INFO] Epoch 18/50  iter 600/743  loss=0.3280  lr=3.86e-05
[14:56:06 INFO] Epoch 18/50  iter 650/743  loss=0.1435  lr=3.85e-05
[14:56:31 INFO] Epoch 18/50  iter 700/743  loss=0.4296  lr=3.85e-05
[14:56:52 INFO] Epoch 18 complete — avg_loss=0.3480  time=371s
[14:57:18 INFO] Epoch 19/50  iter 50/743  loss=0.4776  lr=3.83e-05
[14:57:40 INFO] Epoch 19/50  iter 100/743  loss=0.2706  lr=3.82e-05
[14:58:03 INFO] Epoch 19/50  iter 150/743  loss=0.1823  lr=3.82e-05
[14:58:26 INFO] Epoch 19/50  iter 200/743  loss=0.2454  lr=3.81e-05
[14:58:50 INFO] Epoch 19/50  iter 250/743  loss=0.5353  lr=3.80e-05
[14:59:13 INFO] Epoch 19/50  iter 300/743  loss=0.1570  lr=3.79e-05
[14:59:36 INFO] Epoch 19/50  iter 350/743  loss=0.5021  lr=3.78e-05
[15:00:01 INFO] Epoch 19/50  iter 400/743  loss=0.6015  lr=3.78e-05
[15:00:24 INFO] Epoch 19/50  iter 450/743  loss=0.2353  lr=3.77e-05
[15:00:48 INFO] Epoch 19/50  iter 500/743  loss=0.1590  lr=3.76e-05
[15:01:12 INFO] Epoch 19/50  iter 550/743  loss=0.6187  lr=3.75e-05
[15:01:38 INFO] Epoch 19/50  iter 600/743  loss=0.1785  lr=3.74e-05
[15:02:02 INFO] Epoch 19/50  iter 650/743  loss=0.3820  lr=3.73e-05
[15:02:27 INFO] Epoch 19/50  iter 700/743  loss=0.3485  lr=3.73e-05
[15:02:48 INFO] Epoch 19 complete — avg_loss=0.3428  time=356s
[15:03:16 INFO] Epoch 20/50  iter 50/743  loss=0.3936  lr=3.71e-05
[15:03:40 INFO] Epoch 20/50  iter 100/743  loss=0.2699  lr=3.70e-05
[15:04:05 INFO] Epoch 20/50  iter 150/743  loss=0.2104  lr=3.70e-05
[15:04:29 INFO] Epoch 20/50  iter 200/743  loss=0.2659  lr=3.69e-05
[15:04:54 INFO] Epoch 20/50  iter 250/743  loss=0.3739  lr=3.68e-05
[15:05:17 INFO] Epoch 20/50  iter 300/743  loss=0.1589  lr=3.67e-05
[15:05:41 INFO] Epoch 20/50  iter 350/743  loss=0.3380  lr=3.66e-05
[15:06:04 INFO] Epoch 20/50  iter 400/743  loss=0.1351  lr=3.66e-05
[15:06:28 INFO] Epoch 20/50  iter 450/743  loss=0.4755  lr=3.65e-05
[15:06:51 INFO] Epoch 20/50  iter 500/743  loss=0.1394  lr=3.64e-05
[15:07:16 INFO] Epoch 20/50  iter 550/743  loss=0.1155  lr=3.63e-05
[15:07:39 INFO] Epoch 20/50  iter 600/743  loss=0.1224  lr=3.62e-05
[15:08:03 INFO] Epoch 20/50  iter 650/743  loss=0.4776  lr=3.61e-05
[15:08:26 INFO] Epoch 20/50  iter 700/743  loss=0.4417  lr=3.61e-05
[15:08:47 INFO] Epoch 20 complete — avg_loss=0.3521  time=358s
[15:09:42 INFO]   val mIoU = 0.1105
[15:10:09 INFO] Epoch 21/50  iter 50/743  loss=0.0640  lr=3.59e-05
[15:10:34 INFO] Epoch 21/50  iter 100/743  loss=0.2357  lr=3.58e-05
[15:10:59 INFO] Epoch 21/50  iter 150/743  loss=0.7660  lr=3.58e-05
[15:11:28 INFO] Epoch 21/50  iter 200/743  loss=1.5804  lr=3.57e-05
[15:11:59 INFO] Epoch 21/50  iter 250/743  loss=0.3710  lr=3.56e-05
[15:12:27 INFO] Epoch 21/50  iter 300/743  loss=0.3605  lr=3.55e-05
[15:12:54 INFO] Epoch 21/50  iter 350/743  loss=0.3419  lr=3.54e-05
[15:13:21 INFO] Epoch 21/50  iter 400/743  loss=0.4579  lr=3.54e-05
[15:13:49 INFO] Epoch 21/50  iter 450/743  loss=0.5840  lr=3.53e-05
[15:14:18 INFO] Epoch 21/50  iter 500/743  loss=0.1969  lr=3.52e-05
[15:14:45 INFO] Epoch 21/50  iter 550/743  loss=0.2826  lr=3.51e-05
[15:15:14 INFO] Epoch 21/50  iter 600/743  loss=0.3339  lr=3.50e-05
[15:15:41 INFO] Epoch 21/50  iter 650/743  loss=0.2982  lr=3.49e-05
[15:16:09 INFO] Epoch 21/50  iter 700/743  loss=0.3274  lr=3.49e-05
[15:16:31 INFO] Epoch 21 complete — avg_loss=0.3270  time=408s
[15:16:57 INFO] Epoch 22/50  iter 50/743  loss=0.2782  lr=3.47e-05
[15:17:21 INFO] Epoch 22/50  iter 100/743  loss=0.3107  lr=3.46e-05
[15:17:44 INFO] Epoch 22/50  iter 150/743  loss=0.3369  lr=3.46e-05
[15:18:08 INFO] Epoch 22/50  iter 200/743  loss=0.7574  lr=3.45e-05
[15:18:31 INFO] Epoch 22/50  iter 250/743  loss=0.8609  lr=3.44e-05
[15:18:55 INFO] Epoch 22/50  iter 300/743  loss=1.0743  lr=3.43e-05
[15:19:20 INFO] Epoch 22/50  iter 350/743  loss=0.3116  lr=3.42e-05
[15:19:43 INFO] Epoch 22/50  iter 400/743  loss=0.2561  lr=3.42e-05
[15:20:08 INFO] Epoch 22/50  iter 450/743  loss=0.2975  lr=3.41e-05
[15:20:34 INFO] Epoch 22/50  iter 500/743  loss=0.1559  lr=3.40e-05
[15:21:00 INFO] Epoch 22/50  iter 550/743  loss=0.2125  lr=3.39e-05
[15:21:26 INFO] Epoch 22/50  iter 600/743  loss=0.3110  lr=3.38e-05
[15:21:52 INFO] Epoch 22/50  iter 650/743  loss=0.2576  lr=3.37e-05
[15:22:18 INFO] Epoch 22/50  iter 700/743  loss=0.2155  lr=3.37e-05
[15:22:38 INFO] Epoch 22 complete — avg_loss=0.3506  time=367s
[15:23:10 INFO] Epoch 23/50  iter 50/743  loss=0.0888  lr=3.35e-05
[15:23:35 INFO] Epoch 23/50  iter 100/743  loss=0.4918  lr=3.34e-05
[15:23:58 INFO] Epoch 23/50  iter 150/743  loss=0.5224  lr=3.34e-05
[15:24:21 INFO] Epoch 23/50  iter 200/743  loss=0.4657  lr=3.33e-05
[15:24:45 INFO] Epoch 23/50  iter 250/743  loss=0.2121  lr=3.32e-05
[15:25:09 INFO] Epoch 23/50  iter 300/743  loss=0.1776  lr=3.31e-05
[15:25:37 INFO] Epoch 23/50  iter 350/743  loss=0.3708  lr=3.30e-05
[15:26:02 INFO] Epoch 23/50  iter 400/743  loss=0.1960  lr=3.30e-05
[15:26:27 INFO] Epoch 23/50  iter 450/743  loss=0.1669  lr=3.29e-05
[15:26:52 INFO] Epoch 23/50  iter 500/743  loss=0.6692  lr=3.28e-05
[15:27:18 INFO] Epoch 23/50  iter 550/743  loss=0.2809  lr=3.27e-05
[15:27:46 INFO] Epoch 23/50  iter 600/743  loss=0.2210  lr=3.26e-05
[15:28:14 INFO] Epoch 23/50  iter 650/743  loss=0.3368  lr=3.25e-05
[15:28:38 INFO] Epoch 23/50  iter 700/743  loss=0.4063  lr=3.25e-05
[15:28:59 INFO] Epoch 23 complete — avg_loss=0.3276  time=380s
[15:29:25 INFO] Epoch 24/50  iter 50/743  loss=0.2032  lr=3.23e-05
[15:29:50 INFO] Epoch 24/50  iter 100/743  loss=0.3716  lr=3.22e-05
[15:30:15 INFO] Epoch 24/50  iter 150/743  loss=0.3045  lr=3.22e-05
[15:30:44 INFO] Epoch 24/50  iter 200/743  loss=0.1673  lr=3.21e-05
[15:31:11 INFO] Epoch 24/50  iter 250/743  loss=0.1377  lr=3.20e-05
[15:31:38 INFO] Epoch 24/50  iter 300/743  loss=0.1431  lr=3.19e-05
[15:32:06 INFO] Epoch 24/50  iter 350/743  loss=0.1447  lr=3.18e-05
[15:32:32 INFO] Epoch 24/50  iter 400/743  loss=0.6015  lr=3.18e-05
[15:33:01 INFO] Epoch 24/50  iter 450/743  loss=0.2632  lr=3.17e-05
[15:33:24 INFO] Epoch 24/50  iter 500/743  loss=0.4425  lr=3.16e-05
[15:33:48 INFO] Epoch 24/50  iter 550/743  loss=0.2265  lr=3.15e-05
[15:34:11 INFO] Epoch 24/50  iter 600/743  loss=0.5064  lr=3.14e-05
[15:34:35 INFO] Epoch 24/50  iter 650/743  loss=0.3942  lr=3.13e-05
[15:34:59 INFO] Epoch 24/50  iter 700/743  loss=0.1282  lr=3.13e-05
[15:35:20 INFO] Epoch 24 complete — avg_loss=0.3232  time=381s
[15:35:49 INFO] Epoch 25/50  iter 50/743  loss=0.2060  lr=3.11e-05
[15:36:14 INFO] Epoch 25/50  iter 100/743  loss=0.3160  lr=3.10e-05
[15:36:40 INFO] Epoch 25/50  iter 150/743  loss=0.3387  lr=3.10e-05
[15:37:05 INFO] Epoch 25/50  iter 200/743  loss=0.2009  lr=3.09e-05
[15:37:28 INFO] Epoch 25/50  iter 250/743  loss=0.2941  lr=3.08e-05
[15:37:53 INFO] Epoch 25/50  iter 300/743  loss=0.1066  lr=3.07e-05
[15:38:23 INFO] Epoch 25/50  iter 350/743  loss=1.3159  lr=3.06e-05
[15:38:48 INFO] Epoch 25/50  iter 400/743  loss=0.1597  lr=3.06e-05
[15:39:13 INFO] Epoch 25/50  iter 450/743  loss=0.5073  lr=3.05e-05
[15:39:40 INFO] Epoch 25/50  iter 500/743  loss=0.1906  lr=3.04e-05
[15:40:07 INFO] Epoch 25/50  iter 550/743  loss=0.2503  lr=3.03e-05
[15:40:34 INFO] Epoch 25/50  iter 600/743  loss=0.2292  lr=3.02e-05
[15:41:02 INFO] Epoch 25/50  iter 650/743  loss=0.1834  lr=3.01e-05
[15:41:30 INFO] Epoch 25/50  iter 700/743  loss=0.2736  lr=3.01e-05
[15:41:51 INFO] Epoch 25 complete — avg_loss=0.3150  time=390s
[15:42:45 INFO]   val mIoU = 0.1642
[15:43:11 INFO] Epoch 26/50  iter 50/743  loss=0.3291  lr=2.99e-05
[15:43:37 INFO] Epoch 26/50  iter 100/743  loss=0.2160  lr=2.98e-05
[15:44:04 INFO] Epoch 26/50  iter 150/743  loss=0.2276  lr=2.98e-05
[15:44:32 INFO] Epoch 26/50  iter 200/743  loss=0.2462  lr=2.97e-05
[15:44:56 INFO] Epoch 26/50  iter 250/743  loss=0.1117  lr=2.96e-05
[15:45:20 INFO] Epoch 26/50  iter 300/743  loss=0.2797  lr=2.95e-05
[15:45:45 INFO] Epoch 26/50  iter 350/743  loss=0.2471  lr=2.94e-05
[15:46:14 INFO] Epoch 26/50  iter 400/743  loss=0.3117  lr=2.94e-05
[15:46:40 INFO] Epoch 26/50  iter 450/743  loss=0.1487  lr=2.93e-05
[15:47:04 INFO] Epoch 26/50  iter 500/743  loss=0.3231  lr=2.92e-05
[15:47:27 INFO] Epoch 26/50  iter 550/743  loss=0.5423  lr=2.91e-05
[15:47:53 INFO] Epoch 26/50  iter 600/743  loss=0.1953  lr=2.90e-05
[15:48:17 INFO] Epoch 26/50  iter 650/743  loss=0.4146  lr=2.89e-05
[15:48:42 INFO] Epoch 26/50  iter 700/743  loss=0.3328  lr=2.89e-05
[15:49:03 INFO] Epoch 26 complete — avg_loss=0.3057  time=378s
[15:49:34 INFO] Epoch 27/50  iter 50/743  loss=0.3317  lr=2.87e-05
[15:50:00 INFO] Epoch 27/50  iter 100/743  loss=0.2630  lr=2.86e-05
[15:50:24 INFO] Epoch 27/50  iter 150/743  loss=0.2715  lr=2.86e-05
[15:50:48 INFO] Epoch 27/50  iter 200/743  loss=0.4134  lr=2.85e-05
[15:51:12 INFO] Epoch 27/50  iter 250/743  loss=0.1988  lr=2.84e-05
[15:51:36 INFO] Epoch 27/50  iter 300/743  loss=0.1291  lr=2.83e-05
[15:52:01 INFO] Epoch 27/50  iter 350/743  loss=0.1580  lr=2.82e-05
[15:52:24 INFO] Epoch 27/50  iter 400/743  loss=0.1855  lr=2.82e-05
[15:52:49 INFO] Epoch 27/50  iter 450/743  loss=0.2450  lr=2.81e-05
[15:53:11 INFO] Epoch 27/50  iter 500/743  loss=0.3091  lr=2.80e-05
[15:53:36 INFO] Epoch 27/50  iter 550/743  loss=0.2416  lr=2.79e-05
[15:53:59 INFO] Epoch 27/50  iter 600/743  loss=0.3286  lr=2.78e-05
[15:54:23 INFO] Epoch 27/50  iter 650/743  loss=0.6185  lr=2.77e-05
[15:54:47 INFO] Epoch 27/50  iter 700/743  loss=0.2185  lr=2.77e-05
[15:55:08 INFO] Epoch 27 complete — avg_loss=0.3084  time=364s
[15:55:34 INFO] Epoch 28/50  iter 50/743  loss=0.2845  lr=2.75e-05
[15:56:00 INFO] Epoch 28/50  iter 100/743  loss=0.6258  lr=2.74e-05
[15:56:26 INFO] Epoch 28/50  iter 150/743  loss=0.1044  lr=2.74e-05
[15:56:51 INFO] Epoch 28/50  iter 200/743  loss=0.2469  lr=2.73e-05
[15:57:16 INFO] Epoch 28/50  iter 250/743  loss=0.5880  lr=2.72e-05
[15:57:41 INFO] Epoch 28/50  iter 300/743  loss=0.1087  lr=2.71e-05
[15:58:07 INFO] Epoch 28/50  iter 350/743  loss=0.4062  lr=2.70e-05
[15:58:30 INFO] Epoch 28/50  iter 400/743  loss=0.4531  lr=2.70e-05
[15:58:57 INFO] Epoch 28/50  iter 450/743  loss=0.3005  lr=2.69e-05
[15:59:24 INFO] Epoch 28/50  iter 500/743  loss=0.5807  lr=2.68e-05
[15:59:50 INFO] Epoch 28/50  iter 550/743  loss=0.1385  lr=2.67e-05
[16:00:17 INFO] Epoch 28/50  iter 600/743  loss=0.3095  lr=2.66e-05
[16:00:43 INFO] Epoch 28/50  iter 650/743  loss=0.7209  lr=2.65e-05
[16:01:10 INFO] Epoch 28/50  iter 700/743  loss=0.3148  lr=2.65e-05
[16:01:31 INFO] Epoch 28 complete — avg_loss=0.3016  time=382s
[16:02:01 INFO] Epoch 29/50  iter 50/743  loss=0.1865  lr=2.63e-05
[16:02:26 INFO] Epoch 29/50  iter 100/743  loss=0.4096  lr=2.62e-05
[16:02:52 INFO] Epoch 29/50  iter 150/743  loss=0.1629  lr=2.62e-05
[16:03:16 INFO] Epoch 29/50  iter 200/743  loss=0.1660  lr=2.61e-05
[16:03:42 INFO] Epoch 29/50  iter 250/743  loss=0.3197  lr=2.60e-05
[16:04:06 INFO] Epoch 29/50  iter 300/743  loss=0.4634  lr=2.59e-05
[16:04:31 INFO] Epoch 29/50  iter 350/743  loss=0.5266  lr=2.58e-05
[16:04:56 INFO] Epoch 29/50  iter 400/743  loss=0.2949  lr=2.58e-05
[16:05:21 INFO] Epoch 29/50  iter 450/743  loss=0.4208  lr=2.57e-05
[16:05:46 INFO] Epoch 29/50  iter 500/743  loss=0.1116  lr=2.56e-05
[16:06:14 INFO] Epoch 29/50  iter 550/743  loss=0.2021  lr=2.55e-05
[16:06:41 INFO] Epoch 29/50  iter 600/743  loss=0.4499  lr=2.54e-05
[16:07:06 INFO] Epoch 29/50  iter 650/743  loss=0.1768  lr=2.53e-05
[16:07:30 INFO] Epoch 29/50  iter 700/743  loss=0.3457  lr=2.53e-05
[16:07:51 INFO] Epoch 29 complete — avg_loss=0.2935  time=379s
[16:08:23 INFO] Epoch 30/50  iter 50/743  loss=0.2122  lr=2.51e-05
[16:08:48 INFO] Epoch 30/50  iter 100/743  loss=0.2122  lr=2.50e-05
[16:09:12 INFO] Epoch 30/50  iter 150/743  loss=0.2315  lr=2.50e-05
[16:09:36 INFO] Epoch 30/50  iter 200/743  loss=0.1640  lr=2.49e-05
[16:10:03 INFO] Epoch 30/50  iter 250/743  loss=0.1242  lr=2.48e-05
[16:10:29 INFO] Epoch 30/50  iter 300/743  loss=0.2214  lr=2.47e-05
[16:10:53 INFO] Epoch 30/50  iter 350/743  loss=0.4892  lr=2.46e-05
[16:11:17 INFO] Epoch 30/50  iter 400/743  loss=0.1697  lr=2.46e-05
[16:11:43 INFO] Epoch 30/50  iter 450/743  loss=0.3800  lr=2.45e-05
[16:12:07 INFO] Epoch 30/50  iter 500/743  loss=0.3174  lr=2.44e-05
[16:12:34 INFO] Epoch 30/50  iter 550/743  loss=0.2400  lr=2.43e-05
[16:13:01 INFO] Epoch 30/50  iter 600/743  loss=0.2150  lr=2.42e-05
[16:13:30 INFO] Epoch 30/50  iter 650/743  loss=0.3007  lr=2.41e-05
[16:13:55 INFO] Epoch 30/50  iter 700/743  loss=0.2637  lr=2.41e-05
[16:14:15 INFO] Epoch 30 complete — avg_loss=0.2993  time=384s
[16:15:08 INFO]   val mIoU = 0.0297
[16:15:39 INFO] Epoch 31/50  iter 50/743  loss=0.4828  lr=2.39e-05
[16:16:07 INFO] Epoch 31/50  iter 100/743  loss=0.3549  lr=2.38e-05
[16:16:35 INFO] Epoch 31/50  iter 150/743  loss=0.3684  lr=2.38e-05
[16:17:02 INFO] Epoch 31/50  iter 200/743  loss=0.3167  lr=2.37e-05
[16:17:28 INFO] Epoch 31/50  iter 250/743  loss=0.3945  lr=2.36e-05
[16:17:53 INFO] Epoch 31/50  iter 300/743  loss=0.3885  lr=2.35e-05
[16:18:16 INFO] Epoch 31/50  iter 350/743  loss=0.0287  lr=2.34e-05
[16:18:41 INFO] Epoch 31/50  iter 400/743  loss=0.2002  lr=2.34e-05
[16:19:08 INFO] Epoch 31/50  iter 450/743  loss=0.2874  lr=2.33e-05
[16:19:34 INFO] Epoch 31/50  iter 500/743  loss=0.4266  lr=2.32e-05
[16:20:01 INFO] Epoch 31/50  iter 550/743  loss=0.2209  lr=2.31e-05
[16:20:24 INFO] Epoch 31/50  iter 600/743  loss=0.2303  lr=2.30e-05
[16:20:49 INFO] Epoch 31/50  iter 650/743  loss=0.1315  lr=2.29e-05
[16:21:13 INFO] Epoch 31/50  iter 700/743  loss=0.2645  lr=2.29e-05
[16:21:33 INFO] Epoch 31 complete — avg_loss=0.2937  time=384s
[16:21:59 INFO] Epoch 32/50  iter 50/743  loss=0.2175  lr=2.27e-05
[16:22:23 INFO] Epoch 32/50  iter 100/743  loss=0.2688  lr=2.26e-05
[16:22:49 INFO] Epoch 32/50  iter 150/743  loss=0.1732  lr=2.26e-05
[16:23:14 INFO] Epoch 32/50  iter 200/743  loss=0.2769  lr=2.25e-05
[16:23:40 INFO] Epoch 32/50  iter 250/743  loss=0.3631  lr=2.24e-05
[16:24:04 INFO] Epoch 32/50  iter 300/743  loss=0.1250  lr=2.23e-05
[16:24:29 INFO] Epoch 32/50  iter 350/743  loss=0.2994  lr=2.22e-05
[16:24:54 INFO] Epoch 32/50  iter 400/743  loss=0.2109  lr=2.22e-05
[16:25:17 INFO] Epoch 32/50  iter 450/743  loss=0.4966  lr=2.21e-05
[16:25:41 INFO] Epoch 32/50  iter 500/743  loss=0.2235  lr=2.20e-05
[16:26:06 INFO] Epoch 32/50  iter 550/743  loss=0.3397  lr=2.19e-05
[16:26:29 INFO] Epoch 32/50  iter 600/743  loss=0.6893  lr=2.18e-05
[16:26:54 INFO] Epoch 32/50  iter 650/743  loss=0.3291  lr=2.17e-05
[16:27:19 INFO] Epoch 32/50  iter 700/743  loss=0.4134  lr=2.17e-05
[16:27:41 INFO] Epoch 32 complete — avg_loss=0.2996  time=368s
[16:28:14 INFO] Epoch 33/50  iter 50/743  loss=0.2207  lr=2.15e-05
[16:28:46 INFO] Epoch 33/50  iter 100/743  loss=0.3539  lr=2.14e-05
[16:29:15 INFO] Epoch 33/50  iter 150/743  loss=0.1918  lr=2.14e-05
[16:29:45 INFO] Epoch 33/50  iter 200/743  loss=0.2243  lr=2.13e-05
[16:30:14 INFO] Epoch 33/50  iter 250/743  loss=0.2142  lr=2.12e-05
[16:30:39 INFO] Epoch 33/50  iter 300/743  loss=0.3836  lr=2.11e-05
[16:31:07 INFO] Epoch 33/50  iter 350/743  loss=0.3901  lr=2.10e-05
[16:31:34 INFO] Epoch 33/50  iter 400/743  loss=0.4153  lr=2.10e-05
[16:32:03 INFO] Epoch 33/50  iter 450/743  loss=0.0698  lr=2.09e-05
[16:32:30 INFO] Epoch 33/50  iter 500/743  loss=0.2765  lr=2.08e-05
[16:32:59 INFO] Epoch 33/50  iter 550/743  loss=0.3651  lr=2.07e-05
[16:33:25 INFO] Epoch 33/50  iter 600/743  loss=0.1530  lr=2.06e-05
[16:33:50 INFO] Epoch 33/50  iter 650/743  loss=0.4127  lr=2.05e-05
[16:34:14 INFO] Epoch 33/50  iter 700/743  loss=0.3882  lr=2.05e-05
[16:34:35 INFO] Epoch 33 complete — avg_loss=0.2797  time=413s
[16:35:04 INFO] Epoch 34/50  iter 50/743  loss=0.3786  lr=2.03e-05
[16:35:30 INFO] Epoch 34/50  iter 100/743  loss=0.3788  lr=2.02e-05
[16:35:55 INFO] Epoch 34/50  iter 150/743  loss=0.1676  lr=2.02e-05
[16:36:19 INFO] Epoch 34/50  iter 200/743  loss=0.2341  lr=2.01e-05
[16:36:43 INFO] Epoch 34/50  iter 250/743  loss=0.2435  lr=2.00e-05
[16:37:09 INFO] Epoch 34/50  iter 300/743  loss=0.1656  lr=1.99e-05
[16:37:34 INFO] Epoch 34/50  iter 350/743  loss=0.1653  lr=1.98e-05
[16:38:00 INFO] Epoch 34/50  iter 400/743  loss=0.1883  lr=1.98e-05
[16:38:22 INFO] Epoch 34/50  iter 450/743  loss=0.1583  lr=1.97e-05
[16:38:46 INFO] Epoch 34/50  iter 500/743  loss=0.2363  lr=1.96e-05
[16:39:10 INFO] Epoch 34/50  iter 550/743  loss=0.3571  lr=1.95e-05
[16:39:33 INFO] Epoch 34/50  iter 600/743  loss=0.3521  lr=1.94e-05
[16:40:00 INFO] Epoch 34/50  iter 650/743  loss=0.1607  lr=1.93e-05
[16:40:25 INFO] Epoch 34/50  iter 700/743  loss=0.4812  lr=1.93e-05
[16:40:47 INFO] Epoch 34 complete — avg_loss=0.2806  time=372s
[16:41:19 INFO] Epoch 35/50  iter 50/743  loss=0.1114  lr=1.91e-05
[16:41:46 INFO] Epoch 35/50  iter 100/743  loss=0.1760  lr=1.90e-05
[16:42:14 INFO] Epoch 35/50  iter 150/743  loss=0.1834  lr=1.90e-05
[16:42:40 INFO] Epoch 35/50  iter 200/743  loss=0.3137  lr=1.89e-05
[16:43:08 INFO] Epoch 35/50  iter 250/743  loss=0.1785  lr=1.88e-05
[16:43:34 INFO] Epoch 35/50  iter 300/743  loss=0.1909  lr=1.87e-05
[16:44:02 INFO] Epoch 35/50  iter 350/743  loss=0.2032  lr=1.86e-05
[16:44:29 INFO] Epoch 35/50  iter 400/743  loss=0.3293  lr=1.86e-05
[16:44:56 INFO] Epoch 35/50  iter 450/743  loss=0.1831  lr=1.85e-05
[16:45:25 INFO] Epoch 35/50  iter 500/743  loss=0.2022  lr=1.84e-05
[16:45:54 INFO] Epoch 35/50  iter 550/743  loss=0.3775  lr=1.83e-05
[16:46:22 INFO] Epoch 35/50  iter 600/743  loss=0.2624  lr=1.82e-05
[16:46:53 INFO] Epoch 35/50  iter 650/743  loss=0.2564  lr=1.81e-05
[16:47:21 INFO] Epoch 35/50  iter 700/743  loss=0.2858  lr=1.81e-05
[16:47:45 INFO] Epoch 35 complete — avg_loss=0.2794  time=417s
[16:48:38 INFO]   val mIoU = 0.2695
[16:48:39 INFO]   ★ New best val mIoU: 0.2695
[16:49:07 INFO] Epoch 36/50  iter 50/743  loss=0.2412  lr=1.79e-05
[16:49:31 INFO] Epoch 36/50  iter 100/743  loss=0.0641  lr=1.78e-05
[16:49:57 INFO] Epoch 36/50  iter 150/743  loss=0.3140  lr=1.78e-05
[16:50:22 INFO] Epoch 36/50  iter 200/743  loss=0.0707  lr=1.77e-05
[16:50:46 INFO] Epoch 36/50  iter 250/743  loss=0.2367  lr=1.76e-05
[16:51:11 INFO] Epoch 36/50  iter 300/743  loss=0.3611  lr=1.75e-05
[16:51:34 INFO] Epoch 36/50  iter 350/743  loss=0.1547  lr=1.74e-05
[16:52:02 INFO] Epoch 36/50  iter 400/743  loss=0.1401  lr=1.74e-05
[16:52:27 INFO] Epoch 36/50  iter 450/743  loss=0.3560  lr=1.73e-05
[16:52:55 INFO] Epoch 36/50  iter 500/743  loss=0.1768  lr=1.72e-05
[16:53:23 INFO] Epoch 36/50  iter 550/743  loss=0.1582  lr=1.71e-05
[16:53:50 INFO] Epoch 36/50  iter 600/743  loss=0.3441  lr=1.70e-05
[16:54:16 INFO] Epoch 36/50  iter 650/743  loss=0.2768  lr=1.69e-05
[16:54:44 INFO] Epoch 36/50  iter 700/743  loss=0.2760  lr=1.69e-05
[16:55:06 INFO] Epoch 36 complete — avg_loss=0.2757  time=386s
[16:55:34 INFO] Epoch 37/50  iter 50/743  loss=0.4307  lr=1.67e-05
[16:56:01 INFO] Epoch 37/50  iter 100/743  loss=0.3592  lr=1.66e-05
[16:56:30 INFO] Epoch 37/50  iter 150/743  loss=0.3598  lr=1.66e-05
[16:56:59 INFO] Epoch 37/50  iter 200/743  loss=0.2464  lr=1.65e-05
[16:57:26 INFO] Epoch 37/50  iter 250/743  loss=0.2101  lr=1.64e-05
[16:57:51 INFO] Epoch 37/50  iter 300/743  loss=0.2553  lr=1.63e-05
[16:58:16 INFO] Epoch 37/50  iter 350/743  loss=0.3701  lr=1.62e-05
[16:58:41 INFO] Epoch 37/50  iter 400/743  loss=0.1442  lr=1.62e-05
[16:59:06 INFO] Epoch 37/50  iter 450/743  loss=0.2705  lr=1.61e-05
[16:59:33 INFO] Epoch 37/50  iter 500/743  loss=0.2980  lr=1.60e-05
[17:00:01 INFO] Epoch 37/50  iter 550/743  loss=0.2389  lr=1.59e-05
[17:00:29 INFO] Epoch 37/50  iter 600/743  loss=0.1277  lr=1.58e-05
[17:00:55 INFO] Epoch 37/50  iter 650/743  loss=1.2362  lr=1.57e-05
[17:01:20 INFO] Epoch 37/50  iter 700/743  loss=0.2008  lr=1.57e-05
[17:01:42 INFO] Epoch 37 complete — avg_loss=0.2767  time=396s
[17:02:13 INFO] Epoch 38/50  iter 50/743  loss=0.3405  lr=1.55e-05
[17:02:38 INFO] Epoch 38/50  iter 100/743  loss=0.2559  lr=1.54e-05
[17:03:04 INFO] Epoch 38/50  iter 150/743  loss=0.1247  lr=1.54e-05
[17:03:28 INFO] Epoch 38/50  iter 200/743  loss=0.1754  lr=1.53e-05
[17:03:53 INFO] Epoch 38/50  iter 250/743  loss=0.2003  lr=1.52e-05
[17:04:18 INFO] Epoch 38/50  iter 300/743  loss=0.2058  lr=1.51e-05
[17:04:44 INFO] Epoch 38/50  iter 350/743  loss=0.1943  lr=1.50e-05
[17:05:07 INFO] Epoch 38/50  iter 400/743  loss=0.2690  lr=1.50e-05
[17:05:32 INFO] Epoch 38/50  iter 450/743  loss=0.1750  lr=1.49e-05
[17:05:55 INFO] Epoch 38/50  iter 500/743  loss=0.1084  lr=1.48e-05
[17:06:21 INFO] Epoch 38/50  iter 550/743  loss=0.2715  lr=1.47e-05
[17:06:45 INFO] Epoch 38/50  iter 600/743  loss=0.4718  lr=1.46e-05
[17:07:09 INFO] Epoch 38/50  iter 650/743  loss=0.2613  lr=1.45e-05
[17:07:32 INFO] Epoch 38/50  iter 700/743  loss=0.2560  lr=1.45e-05
[17:07:52 INFO] Epoch 38 complete — avg_loss=0.2691  time=369s
[17:08:20 INFO] Epoch 39/50  iter 50/743  loss=0.1595  lr=1.43e-05
[17:08:44 INFO] Epoch 39/50  iter 100/743  loss=0.2154  lr=1.42e-05
[17:09:10 INFO] Epoch 39/50  iter 150/743  loss=0.0933  lr=1.42e-05
[17:09:36 INFO] Epoch 39/50  iter 200/743  loss=0.2018  lr=1.41e-05
[17:10:00 INFO] Epoch 39/50  iter 250/743  loss=0.3877  lr=1.40e-05
[17:10:25 INFO] Epoch 39/50  iter 300/743  loss=0.4804  lr=1.39e-05
[17:10:50 INFO] Epoch 39/50  iter 350/743  loss=0.1533  lr=1.38e-05
[17:11:14 INFO] Epoch 39/50  iter 400/743  loss=0.2818  lr=1.38e-05
[17:11:43 INFO] Epoch 39/50  iter 450/743  loss=0.1631  lr=1.37e-05
[17:12:07 INFO] Epoch 39/50  iter 500/743  loss=0.1556  lr=1.36e-05
[17:12:32 INFO] Epoch 39/50  iter 550/743  loss=0.1539  lr=1.35e-05
[17:12:56 INFO] Epoch 39/50  iter 600/743  loss=0.5664  lr=1.34e-05
[17:13:20 INFO] Epoch 39/50  iter 650/743  loss=0.1478  lr=1.33e-05
[17:13:46 INFO] Epoch 39/50  iter 700/743  loss=0.3518  lr=1.33e-05
[17:14:07 INFO] Epoch 39 complete — avg_loss=0.2711  time=375s
[17:14:37 INFO] Epoch 40/50  iter 50/743  loss=0.1156  lr=1.31e-05
[17:15:01 INFO] Epoch 40/50  iter 100/743  loss=0.0773  lr=1.30e-05
[17:15:26 INFO] Epoch 40/50  iter 150/743  loss=0.2393  lr=1.30e-05
[17:15:49 INFO] Epoch 40/50  iter 200/743  loss=0.1445  lr=1.29e-05
[17:16:14 INFO] Epoch 40/50  iter 250/743  loss=0.2448  lr=1.28e-05
[17:16:37 INFO] Epoch 40/50  iter 300/743  loss=0.1121  lr=1.27e-05
[17:17:02 INFO] Epoch 40/50  iter 350/743  loss=0.2703  lr=1.26e-05
[17:17:27 INFO] Epoch 40/50  iter 400/743  loss=0.2056  lr=1.26e-05
[17:17:51 INFO] Epoch 40/50  iter 450/743  loss=0.1981  lr=1.25e-05
[17:18:17 INFO] Epoch 40/50  iter 500/743  loss=0.2340  lr=1.24e-05
[17:18:44 INFO] Epoch 40/50  iter 550/743  loss=0.1312  lr=1.23e-05
[17:19:11 INFO] Epoch 40/50  iter 600/743  loss=0.1950  lr=1.22e-05
[17:19:38 INFO] Epoch 40/50  iter 650/743  loss=0.2296  lr=1.21e-05
[17:20:02 INFO] Epoch 40/50  iter 700/743  loss=0.2740  lr=1.21e-05
[17:20:23 INFO] Epoch 40 complete — avg_loss=0.2744  time=375s
[17:21:17 INFO]   val mIoU = 0.1308
[17:21:47 INFO] Epoch 41/50  iter 50/743  loss=0.2070  lr=1.19e-05
[17:22:15 INFO] Epoch 41/50  iter 100/743  loss=0.2792  lr=1.18e-05
[17:22:43 INFO] Epoch 41/50  iter 150/743  loss=0.1959  lr=1.18e-05
[17:23:10 INFO] Epoch 41/50  iter 200/743  loss=0.2024  lr=1.17e-05
[17:23:36 INFO] Epoch 41/50  iter 250/743  loss=0.2961  lr=1.16e-05
[17:24:03 INFO] Epoch 41/50  iter 300/743  loss=0.2751  lr=1.15e-05
[17:24:29 INFO] Epoch 41/50  iter 350/743  loss=0.1253  lr=1.14e-05
[17:24:56 INFO] Epoch 41/50  iter 400/743  loss=0.3000  lr=1.14e-05
[17:25:22 INFO] Epoch 41/50  iter 450/743  loss=0.1282  lr=1.13e-05
[17:25:48 INFO] Epoch 41/50  iter 500/743  loss=0.4522  lr=1.12e-05
[17:26:13 INFO] Epoch 41/50  iter 550/743  loss=0.2430  lr=1.11e-05
[17:26:39 INFO] Epoch 41/50  iter 600/743  loss=0.2092  lr=1.10e-05
[17:27:05 INFO] Epoch 41/50  iter 650/743  loss=0.2682  lr=1.09e-05
[17:27:32 INFO] Epoch 41/50  iter 700/743  loss=0.2151  lr=1.09e-05
[17:27:54 INFO] Epoch 41 complete — avg_loss=0.2624  time=395s
[17:28:21 INFO] Epoch 42/50  iter 50/743  loss=0.1172  lr=1.07e-05
[17:28:46 INFO] Epoch 42/50  iter 100/743  loss=0.3795  lr=1.06e-05
[17:29:12 INFO] Epoch 42/50  iter 150/743  loss=0.0876  lr=1.06e-05
[17:29:36 INFO] Epoch 42/50  iter 200/743  loss=0.1913  lr=1.05e-05
[17:30:00 INFO] Epoch 42/50  iter 250/743  loss=0.4252  lr=1.04e-05
[17:30:25 INFO] Epoch 42/50  iter 300/743  loss=0.0854  lr=1.03e-05
[17:30:50 INFO] Epoch 42/50  iter 350/743  loss=0.3671  lr=1.02e-05
[17:31:15 INFO] Epoch 42/50  iter 400/743  loss=0.3675  lr=1.02e-05
[17:31:41 INFO] Epoch 42/50  iter 450/743  loss=0.1682  lr=1.01e-05
[17:32:04 INFO] Epoch 42/50  iter 500/743  loss=0.1812  lr=9.99e-06
[17:32:28 INFO] Epoch 42/50  iter 550/743  loss=0.2548  lr=9.91e-06
[17:32:50 INFO] Epoch 42/50  iter 600/743  loss=0.0918  lr=9.83e-06
[17:33:15 INFO] Epoch 42/50  iter 650/743  loss=0.2773  lr=9.75e-06
[17:33:41 INFO] Epoch 42/50  iter 700/743  loss=0.4327  lr=9.67e-06
[17:34:02 INFO] Epoch 42 complete — avg_loss=0.2560  time=368s
[17:34:30 INFO] Epoch 43/50  iter 50/743  loss=0.3077  lr=9.52e-06
[17:34:58 INFO] Epoch 43/50  iter 100/743  loss=0.2269  lr=9.44e-06
[17:35:25 INFO] Epoch 43/50  iter 150/743  loss=0.3690  lr=9.36e-06
[17:35:53 INFO] Epoch 43/50  iter 200/743  loss=0.1493  lr=9.28e-06
[17:36:20 INFO] Epoch 43/50  iter 250/743  loss=0.2918  lr=9.19e-06
[17:36:47 INFO] Epoch 43/50  iter 300/743  loss=0.1582  lr=9.11e-06
[17:37:12 INFO] Epoch 43/50  iter 350/743  loss=0.1205  lr=9.03e-06
[17:37:36 INFO] Epoch 43/50  iter 400/743  loss=0.1700  lr=8.95e-06
[17:38:01 INFO] Epoch 43/50  iter 450/743  loss=0.6033  lr=8.87e-06
[17:38:26 INFO] Epoch 43/50  iter 500/743  loss=0.4414  lr=8.79e-06
[17:38:50 INFO] Epoch 43/50  iter 550/743  loss=0.2453  lr=8.71e-06
[17:39:15 INFO] Epoch 43/50  iter 600/743  loss=0.1926  lr=8.63e-06
[17:39:39 INFO] Epoch 43/50  iter 650/743  loss=0.1805  lr=8.55e-06
[17:40:04 INFO] Epoch 43/50  iter 700/743  loss=0.1644  lr=8.47e-06
[17:40:24 INFO] Epoch 43 complete — avg_loss=0.2649  time=381s
[17:40:52 INFO] Epoch 44/50  iter 50/743  loss=0.1933  lr=8.32e-06
[17:41:18 INFO] Epoch 44/50  iter 100/743  loss=0.2313  lr=8.24e-06
[17:41:43 INFO] Epoch 44/50  iter 150/743  loss=0.4845  lr=8.16e-06
[17:42:06 INFO] Epoch 44/50  iter 200/743  loss=0.0900  lr=8.08e-06
[17:42:31 INFO] Epoch 44/50  iter 250/743  loss=0.4346  lr=7.99e-06
[17:42:55 INFO] Epoch 44/50  iter 300/743  loss=0.0967  lr=7.91e-06
[17:43:20 INFO] Epoch 44/50  iter 350/743  loss=0.1424  lr=7.83e-06
[17:43:44 INFO] Epoch 44/50  iter 400/743  loss=0.7887  lr=7.75e-06
[17:44:10 INFO] Epoch 44/50  iter 450/743  loss=0.1788  lr=7.67e-06
[17:44:34 INFO] Epoch 44/50  iter 500/743  loss=0.2317  lr=7.59e-06
[17:44:59 INFO] Epoch 44/50  iter 550/743  loss=0.2498  lr=7.51e-06
[17:45:24 INFO] Epoch 44/50  iter 600/743  loss=0.1559  lr=7.43e-06
[17:45:49 INFO] Epoch 44/50  iter 650/743  loss=0.2558  lr=7.35e-06
[17:46:13 INFO] Epoch 44/50  iter 700/743  loss=0.2774  lr=7.27e-06
[17:46:35 INFO] Epoch 44 complete — avg_loss=0.2540  time=371s
[17:47:04 INFO] Epoch 45/50  iter 50/743  loss=0.2709  lr=7.12e-06
[17:47:32 INFO] Epoch 45/50  iter 100/743  loss=0.2610  lr=7.04e-06
[17:47:57 INFO] Epoch 45/50  iter 150/743  loss=0.1872  lr=6.96e-06
[17:48:22 INFO] Epoch 45/50  iter 200/743  loss=0.3832  lr=6.88e-06
[17:48:45 INFO] Epoch 45/50  iter 250/743  loss=0.2792  lr=6.79e-06
[17:49:10 INFO] Epoch 45/50  iter 300/743  loss=0.1190  lr=6.71e-06
[17:49:33 INFO] Epoch 45/50  iter 350/743  loss=0.1297  lr=6.63e-06
[17:49:59 INFO] Epoch 45/50  iter 400/743  loss=0.1786  lr=6.55e-06
[17:50:22 INFO] Epoch 45/50  iter 450/743  loss=0.1800  lr=6.47e-06
[17:50:47 INFO] Epoch 45/50  iter 500/743  loss=0.2616  lr=6.39e-06
[17:51:13 INFO] Epoch 45/50  iter 550/743  loss=0.2331  lr=6.31e-06
[17:51:41 INFO] Epoch 45/50  iter 600/743  loss=0.4465  lr=6.23e-06
[17:52:08 INFO] Epoch 45/50  iter 650/743  loss=0.2695  lr=6.15e-06
[17:52:36 INFO] Epoch 45/50  iter 700/743  loss=0.2925  lr=6.07e-06
[17:53:00 INFO] Epoch 45 complete — avg_loss=0.2590  time=384s
[17:53:54 INFO]   val mIoU = 0.1121
[17:54:21 INFO] Epoch 46/50  iter 50/743  loss=0.1630  lr=5.92e-06
[17:54:45 INFO] Epoch 46/50  iter 100/743  loss=0.2906  lr=5.84e-06
[17:55:10 INFO] Epoch 46/50  iter 150/743  loss=0.1488  lr=5.76e-06
[17:55:35 INFO] Epoch 46/50  iter 200/743  loss=0.1837  lr=5.68e-06
[17:56:00 INFO] Epoch 46/50  iter 250/743  loss=0.1984  lr=5.59e-06
[17:56:25 INFO] Epoch 46/50  iter 300/743  loss=0.1375  lr=5.51e-06
[17:56:49 INFO] Epoch 46/50  iter 350/743  loss=0.3396  lr=5.43e-06
[17:57:15 INFO] Epoch 46/50  iter 400/743  loss=0.1785  lr=5.35e-06
[17:57:42 INFO] Epoch 46/50  iter 450/743  loss=0.1376  lr=5.27e-06
[17:58:12 INFO] Epoch 46/50  iter 500/743  loss=0.2787  lr=5.19e-06
[17:58:38 INFO] Epoch 46/50  iter 550/743  loss=0.1633  lr=5.11e-06
[17:59:08 INFO] Epoch 46/50  iter 600/743  loss=0.2060  lr=5.03e-06
[17:59:35 INFO] Epoch 46/50  iter 650/743  loss=0.2029  lr=4.95e-06
[18:00:03 INFO] Epoch 46/50  iter 700/743  loss=0.3145  lr=4.87e-06
[18:00:26 INFO] Epoch 46 complete — avg_loss=0.2488  time=391s
[18:00:50 INFO] Epoch 47/50  iter 50/743  loss=0.2898  lr=4.72e-06
[18:01:14 INFO] Epoch 47/50  iter 100/743  loss=0.2140  lr=4.64e-06
[18:01:38 INFO] Epoch 47/50  iter 150/743  loss=0.2416  lr=4.56e-06
[18:02:04 INFO] Epoch 47/50  iter 200/743  loss=0.2507  lr=4.48e-06
[18:02:30 INFO] Epoch 47/50  iter 250/743  loss=0.1691  lr=4.39e-06
[18:02:56 INFO] Epoch 47/50  iter 300/743  loss=0.3833  lr=4.31e-06
[18:03:20 INFO] Epoch 47/50  iter 350/743  loss=0.1738  lr=4.23e-06
[18:03:45 INFO] Epoch 47/50  iter 400/743  loss=0.2148  lr=4.15e-06
[18:04:10 INFO] Epoch 47/50  iter 450/743  loss=0.5024  lr=4.07e-06
[18:04:34 INFO] Epoch 47/50  iter 500/743  loss=0.1783  lr=3.99e-06
[18:04:58 INFO] Epoch 47/50  iter 550/743  loss=0.1264  lr=3.91e-06
[18:05:23 INFO] Epoch 47/50  iter 600/743  loss=0.3902  lr=3.83e-06
[18:05:47 INFO] Epoch 47/50  iter 650/743  loss=0.2927  lr=3.75e-06
[18:06:12 INFO] Epoch 47/50  iter 700/743  loss=0.1121  lr=3.67e-06
[18:06:32 INFO] Epoch 47 complete — avg_loss=0.2484  time=365s
[18:06:58 INFO] Epoch 48/50  iter 50/743  loss=0.3498  lr=3.52e-06
[18:07:20 INFO] Epoch 48/50  iter 100/743  loss=0.1809  lr=3.44e-06
[18:07:44 INFO] Epoch 48/50  iter 150/743  loss=0.3067  lr=3.36e-06
[18:08:09 INFO] Epoch 48/50  iter 200/743  loss=0.2572  lr=3.28e-06
[18:08:36 INFO] Epoch 48/50  iter 250/743  loss=0.2238  lr=3.19e-06
[18:09:02 INFO] Epoch 48/50  iter 300/743  loss=0.2512  lr=3.11e-06
[18:09:26 INFO] Epoch 48/50  iter 350/743  loss=0.1521  lr=3.03e-06
[18:09:48 INFO] Epoch 48/50  iter 400/743  loss=0.3443  lr=2.95e-06
[18:10:11 INFO] Epoch 48/50  iter 450/743  loss=0.3225  lr=2.87e-06
[18:10:34 INFO] Epoch 48/50  iter 500/743  loss=0.2393  lr=2.79e-06
[18:10:56 INFO] Epoch 48/50  iter 550/743  loss=0.1641  lr=2.71e-06
[18:11:19 INFO] Epoch 48/50  iter 600/743  loss=0.0924  lr=2.63e-06
[18:11:41 INFO] Epoch 48/50  iter 650/743  loss=0.1510  lr=2.55e-06
[18:12:05 INFO] Epoch 48/50  iter 700/743  loss=0.0948  lr=2.47e-06
[18:12:25 INFO] Epoch 48 complete — avg_loss=0.2521  time=352s
[18:12:53 INFO] Epoch 49/50  iter 50/743  loss=0.2240  lr=2.32e-06
[18:13:21 INFO] Epoch 49/50  iter 100/743  loss=0.0859  lr=2.24e-06
[18:13:46 INFO] Epoch 49/50  iter 150/743  loss=0.2263  lr=2.16e-06
[18:14:14 INFO] Epoch 49/50  iter 200/743  loss=0.1816  lr=2.08e-06
[18:14:41 INFO] Epoch 49/50  iter 250/743  loss=0.1665  lr=1.99e-06
[18:15:07 INFO] Epoch 49/50  iter 300/743  loss=0.1417  lr=1.91e-06
[18:15:31 INFO] Epoch 49/50  iter 350/743  loss=0.2923  lr=1.83e-06
[18:15:56 INFO] Epoch 49/50  iter 400/743  loss=0.2476  lr=1.75e-06
[18:16:20 INFO] Epoch 49/50  iter 450/743  loss=0.2066  lr=1.67e-06
[18:16:45 INFO] Epoch 49/50  iter 500/743  loss=0.3330  lr=1.59e-06
[18:17:11 INFO] Epoch 49/50  iter 550/743  loss=0.1318  lr=1.51e-06
[18:17:36 INFO] Epoch 49/50  iter 600/743  loss=0.2785  lr=1.43e-06
[18:18:00 INFO] Epoch 49/50  iter 650/743  loss=0.1762  lr=1.35e-06
[18:18:26 INFO] Epoch 49/50  iter 700/743  loss=0.2268  lr=1.27e-06
[18:18:46 INFO] Epoch 49 complete — avg_loss=0.2435  time=381s
[18:19:12 INFO] Epoch 50/50  iter 50/743  loss=0.1740  lr=1.12e-06
[18:19:34 INFO] Epoch 50/50  iter 100/743  loss=0.3434  lr=1.04e-06
[18:20:00 INFO] Epoch 50/50  iter 150/743  loss=0.2164  lr=9.56e-07
[18:20:26 INFO] Epoch 50/50  iter 200/743  loss=0.2462  lr=8.75e-07
[18:20:51 INFO] Epoch 50/50  iter 250/743  loss=0.3330  lr=7.95e-07
[18:21:16 INFO] Epoch 50/50  iter 300/743  loss=0.2525  lr=7.14e-07
[18:21:40 INFO] Epoch 50/50  iter 350/743  loss=0.1599  lr=6.33e-07
[18:22:07 INFO] Epoch 50/50  iter 400/743  loss=0.3358  lr=5.52e-07
[18:22:32 INFO] Epoch 50/50  iter 450/743  loss=0.2077  lr=4.72e-07
[18:22:59 INFO] Epoch 50/50  iter 500/743  loss=0.2331  lr=3.91e-07
[18:23:25 INFO] Epoch 50/50  iter 550/743  loss=0.3940  lr=3.10e-07
[18:23:51 INFO] Epoch 50/50  iter 600/743  loss=0.2696  lr=2.29e-07
[18:24:18 INFO] Epoch 50/50  iter 650/743  loss=0.1995  lr=1.49e-07
[18:24:41 INFO] Epoch 50/50  iter 700/743  loss=0.1560  lr=6.78e-08
[18:25:00 INFO] Epoch 50 complete — avg_loss=0.2429  time=373s
[18:25:55 INFO]   val mIoU = 0.1407
[18:25:55 INFO] Training complete. Best val mIoU = 0.2695
